06-05 18:27:23.726 18541 29532 W MessageQueue: 	at X.6U2.LIZ(SourceFile:84543345)
06-05 18:27:23.726 18541 29532 W MessageQueue: 	at X.6U2.LIZ(Unknown Source:0)
06-05 18:27:23.726 18541 29532 W MessageQueue: 	at X.6U2.LIZ(SourceFile:1438)
06-05 18:27:23.726 18541 29532 W MessageQueue: 	at X.6Nc.LIZ(SourceFile:1033)
06-05 18:27:23.726 18541 29532 W MessageQueue: 	at X.6Nc.LIZ(SourceFile:84411129)
06-05 18:27:23.726 18541 29532 W MessageQueue: 	at X.6Nc.LIZ(SourceFile:254)
06-05 18:27:23.726 18541 29532 W MessageQueue: 	at X.6Nc.LIZ(SourceFile:12250)
06-05 18:27:23.726 18541 29532 W MessageQueue: 	at X.6NK.handleMessage(SourceFile:17301743)
06-05 18:27:23.726 18541 29532 W MessageQueue: 	at android.os.Handler.dispatchMessage(Handler.java:106)
06-05 18:27:23.726 18541 29532 W MessageQueue: 	at android.os.Looper.loopOnce(Looper.java:210)
06-05 18:27:23.726 18541 29532 W MessageQueue: 	at android.os.Looper.loop(Looper.java:299)
06-05 18:27:23.726 18541 29532 W MessageQueue: 	at android.os.HandlerThread.run(HandlerThread.java:67)
06-05 18:27:23.726 18541 19358 I ttmn    : <0x0,av_base_thread.cpp,run,306>AGraph-V79:thread to stop.mState:1431655768
06-05 18:27:23.727 18541 19362 D AudioTrack:  pause(sessionID=5897)
06-05 18:27:23.727 18541 19362 D AudioTrack: pause(416): prior state:STATE_ACTIVE
06-05 18:27:23.727  1103  9745 D AF::Track: setFadeType1 type = 2 mFadeType = 0 isFadeNeeded = 0
06-05 18:27:23.727  1103  9745 E audioserver: open /proc/18541/cmdline error
06-05 18:27:23.727  1103  9745 I audioserver: setAppName(), name=[], active=[0]
06-05 18:27:23.727   975 28792 V EffectMiSound: MiSound_command() start, cmdCode=24
06-05 18:27:23.727   975 28792 V EffectMiSound: MiSound_Command EFFECT_CMD_SET_APP_NAME: stream=3, name=-
06-05 18:27:23.729  1582 11154 I OMX-VDEC-1080P: set_frame_rate: the current time is 182723
06-05 18:27:23.729  1582 11154 I OMX-VDEC-1080P: set_frame_rate: the current time is 182723
06-05 18:27:23.729  1582 11154 I OMX-VDEC-1080P: set_frame_rate: the current time is 182723
06-05 18:27:23.729  1582 11154 I OMX-VDEC-1080P: set_frame_rate: the current time is 182723
06-05 18:27:23.729 18541 29532 W MessageQueue: Handler (android.os.Handler) {f78845b} sending message to a Handler on a dead thread
06-05 18:27:23.729 18541 29532 W MessageQueue: java.lang.IllegalStateException: Handler (android.os.Handler) {f78845b} sending message to a Handler on a dead thread
06-05 18:27:23.729 18541 29532 W MessageQueue: 	at android.os.MessageQueue.enqueueMessage(MessageQueue.java:569)
06-05 18:27:23.729 18541 29532 W MessageQueue: 	at android.os.Handler.enqueueMessage(Handler.java:778)
06-05 18:27:23.729 18541 29532 W MessageQueue: 	at android.os.Handler.sendMessageAtTime(Handler.java:727)
06-05 18:27:23.729 18541 29532 W MessageQueue: 	at android.os.Handler.sendMessageDelayed(Handler.java:697)
06-05 18:27:23.729 18541 29532 W MessageQueue: 	at android.os.Handler.post(Handler.java:427)
06-05 18:27:23.729 18541 29532 W MessageQueue: 	at X.HKP.LIZ(SourceFile:33751054)
06-05 18:27:23.729 18541 29532 W MessageQueue: 	at X.HKP.LIZ(SourceFile:16908295)
06-05 18:27:23.729 18541 29532 W MessageQueue: 	at X.RPA.LJFF(SourceFile:327795)
06-05 18:27:23.729 18541 29532 W MessageQueue: 	at X.IuS.LJIIJ(SourceFile:17236170)
06-05 18:27:23.729 18541 29532 W MessageQueue: 	at X.IuS.LJJJJL(SourceFile:262195)
06-05 18:27:23.729 18541 29532 W MessageQueue: 	at X.IuS.LJIIJJI(SourceFile:262186)
06-05 18:27:23.729 18541 29532 W MessageQueue: 	at X.6Z1.LJIIJJI(SourceFile:65538)
06-05 18:27:23.729 18541 29532 W MessageQueue: 	at X.6U2.LIZ(SourceFile:84545035)
06-05 18:27:23.729 18541 29532 W MessageQueue: 	at X.6U2.LIZ(Unknown Source:0)
06-05 18:27:23.729 18541 29532 W MessageQueue: 	at X.6U2.LIZ(SourceFile:1438)
06-05 18:27:23.729 18541 29532 W MessageQueue: 	at X.6Nc.LIZ(SourceFile:1033)
06-05 18:27:23.729 18541 29532 W MessageQueue: 	at X.6Nc.LIZ(SourceFile:84411129)
06-05 18:27:23.729 18541 29532 W MessageQueue: 	at X.6Nc.LIZ(SourceFile:254)
06-05 18:27:23.729 18541 29532 W MessageQueue: 	at X.6Nc.LIZ(SourceFile:12250)
06-05 18:27:23.729 18541 29532 W MessageQueue: 	at X.6NK.handleMessage(SourceFile:17301743)
06-05 18:27:23.729 18541 29532 W MessageQueue: 	at android.os.Handler.dispatchMessage(Handler.java:106)
06-05 18:27:23.729 18541 29532 W MessageQueue: 	at android.os.Looper.loopOnce(Looper.java:210)
06-05 18:27:23.729 18541 29532 W MessageQueue: 	at android.os.Looper.loop(Looper.java:299)
06-05 18:27:23.729 18541 29532 W MessageQueue: 	at android.os.HandlerThread.run(HandlerThread.java:67)
06-05 18:27:23.730 18541 29532 W ttmp    : set_logger_level:0
06-05 18:27:23.730  1582 11154 I OMX-VDEC-1080P: set_frame_rate: the current time is 182723
06-05 18:27:23.730 18541 29511 I ttmn    : <0x0,av_sort_queue.h,enableFixSort,17>AVSortQueue::enableFixSort:0
06-05 18:27:23.731 18541 29511 I MediaCodec: video box enabled in settings
06-05 18:27:23.731 18541 29511 I VideoBoxStub: VideoBoxStub::initVideobox
06-05 18:27:23.733 18541 29511 I VideoBox: VideoBox::VideoBox
06-05 18:27:23.733 18541 29511 I VideoBox: initVideobox
06-05 18:27:23.733 18541 29511 I VideoBox: initVideobox going OMX.qcom.video.decoder.hevc
06-05 18:27:23.733 18541 29511 I VideoBox: initVideobox return false for platform is not support vpp
06-05 18:27:23.733 18541 29511 I VideoBoxStub: VideoBoxStub::releaseVideoBox
06-05 18:27:23.733 18541 29511 I VideoBox: VideoBox::~VideoBox
06-05 18:27:23.734 18541 29511 I MediaCodec: init video box disabled for init not supported
06-05 18:27:23.734  1582 11154 I OMX-VDEC-1080P: set_frame_rate: the current time is 182723
06-05 18:27:23.734  1582 11154 I OMX-VDEC-1080P: set_frame_rate: the current time is 182723
06-05 18:27:23.735  1582 11154 I OMX-VDEC-1080P: set_frame_rate: the current time is 182723
06-05 18:27:23.735 18541 19474 I ttmn    : <0x0,av_base_thread.cpp,run,306>AOutlet-V79:thread to stop.mState:1431655768
06-05 18:27:23.735 18541 10896 D AudioTrack: stop(sessionID=5897)
06-05 18:27:23.735 18541 10896 D AudioTrack: stop(416): prior state:STATE_PAUSED
06-05 18:27:23.735 18541 10896 D AudioTrack: stop(416): called with 123488 frames delivered
06-05 18:27:23.735  1103  9745 D AF::Track: setFadeType1 type = 2 mFadeType = 0 isFadeNeeded = 0
06-05 18:27:23.735  1103  9745 E audioserver: open /proc/18541/cmdline error
06-05 18:27:23.735  1103  9745 I audioserver: setAppName(), name=[], active=[0]
06-05 18:27:23.735   975 28792 V EffectMiSound: MiSound_command() start, cmdCode=24
06-05 18:27:23.735   975 28792 V EffectMiSound: MiSound_Command EFFECT_CMD_SET_APP_NAME: stream=3, name=-
06-05 18:27:23.736 18541 10896 D AudioTrack: ~AudioTrack(sessionID=5897)
06-05 18:27:23.736  1582 11154 I OMX-VDEC-1080P: set_frame_rate: the current time is 182723
06-05 18:27:23.736 18541 10896 D AudioTrack: stop(sessionID=5897)
06-05 18:27:23.736 18541 10896 D AudioTrack: stop(416): prior state:STATE_STOPPED
06-05 18:27:23.737 18541 19350 I ttmn    : <0x0,av_base_thread.cpp,run,306>subtitle:thread to stop.mState:1431655768
06-05 18:27:23.738  1582 11154 I OMX-VDEC-1080P: set_frame_rate: the current time is 182723
06-05 18:27:23.740  1582 11154 I OMX-VDEC-1080P: set_frame_rate: the current time is 182723
06-05 18:27:23.740 18541 11171 I OMXClient: IOmx service obtained
06-05 18:27:23.741  1582 27136 I OMXMaster: makeComponentInstance(OMX.qcom.video.decoder.hevc) in android.hardwar process
06-05 18:27:23.742  1582 11154 I OMX-VDEC-1080P: set_frame_rate: the current time is 182723
06-05 18:27:23.742  1582 27136 I OMX_VPP : Constructed VppOmxComponent
06-05 18:27:23.743  1582 27136 D PlatformConfig: getInstance: Enter
06-05 18:27:23.743  1582 27136 D PlatformConfig: getInt32 Config name: vidc_dec_log_in value: 0
06-05 18:27:23.743  1582 27136 D PlatformConfig: getInstance: Enter
06-05 18:27:23.743  1582 27136 D PlatformConfig: getInt32 Config name: vidc_dec_log_out value: 0
06-05 18:27:23.743  1582 27136 D PlatformConfig: getInstance: Enter
06-05 18:27:23.743  1582 27136 D PlatformConfig: getInt32 Config name: vidc_dec_sec_prefetch_size_internal value: 209715200
06-05 18:27:23.743  1582 27136 D PlatformConfig: getInstance: Enter
06-05 18:27:23.743  1582 27136 D PlatformConfig: getInt32 Config name: vidc_dec_sec_prefetch_size_output value: 13434880
06-05 18:27:23.743  1582 27136 D PlatformConfig: getInstance: Enter
06-05 18:27:23.743  1582 27136 D PlatformConfig: getInt32 Config name: vidc_perf_control_enable value: 0
06-05 18:27:23.743  1582 27136 D PlatformConfig: getInstance: Enter
06-05 18:27:23.743  1582 27136 D PlatformConfig: getInt32 Config name: vidc_dec_thumbnail_yuv_output value: 0
06-05 18:27:23.743  1582 27136 D PlatformConfig: getInstance: Enter
06-05 18:27:23.743  1582 27136 D PlatformConfig: getInt32: Returning default
06-05 18:27:23.743  1582 27136 D PlatformConfig: getInstance: Enter
06-05 18:27:23.743  1582 27136 D PlatformConfig: getInt32 Config name: vidc_dec_output_rate value: 120
06-05 18:27:23.743  1582 27136 I OMX-VDEC-1080P: component_init: OMX.qcom.video.decoder.hevc : fd=8
06-05 18:27:23.743  1582 27136 E OMX-VDEC-1080P: Unsupported output color format for c2d (2141391876)
06-05 18:27:23.743  1582 27136 E OMX-VDEC-1080P: Setting color format failed
06-05 18:27:23.744 18541 28778 W MessageQueue: Handler (android.os.Handler) {f78845b} sending message to a Handler on a dead thread
06-05 18:27:23.744 18541 28778 W MessageQueue: java.lang.IllegalStateException: Handler (android.os.Handler) {f78845b} sending message to a Handler on a dead thread
06-05 18:27:23.744 18541 28778 W MessageQueue: 	at android.os.MessageQueue.enqueueMessage(MessageQueue.java:569)
06-05 18:27:23.744 18541 28778 W MessageQueue: 	at android.os.Handler.enqueueMessage(Handler.java:778)
06-05 18:27:23.744 18541 28778 W MessageQueue: 	at android.os.Handler.sendMessageAtTime(Handler.java:727)
06-05 18:27:23.744 18541 28778 W MessageQueue: 	at android.os.Handler.sendMessageDelayed(Handler.java:697)
06-05 18:27:23.744 18541 28778 W MessageQueue: 	at android.os.Handler.post(Handler.java:427)
06-05 18:27:23.744 18541 28778 W MessageQueue: 	at X.HKP.LIZ(SourceFile:33751054)
06-05 18:27:23.744 18541 28778 W MessageQueue: 	at X.HKP.LIZIZ(SourceFile:16908295)
06-05 18:27:23.744 18541 28778 W MessageQueue: 	at X.RPA.LIZ(SourceFile:17170456)
06-05 18:27:23.744 18541 28778 W MessageQueue: 	at X.IuS.LIZLLL(SourceFile:34078895)
06-05 18:27:23.744 18541 28778 W MessageQueue: 	at X.IuS.LJJJJZI(SourceFile:327682)
06-05 18:27:23.744 18541 28778 W MessageQueue: 	at X.IuS.LJIILIIL(SourceFile:262196)
06-05 18:27:23.744 18541 28778 W MessageQueue: 	at X.6Z1.LJIILIIL(SourceFile:65538)
06-05 18:27:23.744 18541 28778 W MessageQueue: 	at X.6U2.LIZLLL(SourceFile:327752)
06-05 18:27:23.744 18541 28778 W MessageQueue: 	at X.6Nc.LJ(SourceFile:327746)
06-05 18:27:23.744 18541 28778 W MessageQueue: 	at X.6NK.handleMessage(SourceFile:17301998)
06-05 18:27:23.744 18541 28778 W MessageQueue: 	at android.os.Handler.dispatchMessage(Handler.java:106)
06-05 18:27:23.744 18541 28778 W MessageQueue: 	at android.os.Looper.loopOnce(Looper.java:210)
06-05 18:27:23.744 18541 28778 W MessageQueue: 	at android.os.Looper.loop(Looper.java:299)
06-05 18:27:23.744 18541 28778 W MessageQueue: 	at android.os.HandlerThread.run(HandlerThread.java:67)
06-05 18:27:23.744  1582 27136 D PlatformConfig: getInstance: Enter
06-05 18:27:23.744  1582 27136 D PlatformConfig: getInt32: Returning default
06-05 18:27:23.744  1582 27136 D PlatformConfig: getInstance: Enter
06-05 18:27:23.744  1582 27136 D PlatformConfig: getInt32: Returning default
06-05 18:27:23.744  1582 27136 I OMX-VDEC-1080P: omx_vdec::component_init() success : fd=8
06-05 18:27:23.744  1582 27136 I OMX_VPP : FRC is used
06-05 18:27:23.744  1582 27136 I OMX_VPP : AIE is used
06-05 18:27:23.745  1103  1103 I audioserver: setGameParameters keyvalue: xlog.volume.music.speaker=34
06-05 18:27:23.745 18541 28778 W MessageQueue: Handler (android.os.Handler) {f78845b} sending message to a Handler on a dead thread
06-05 18:27:23.745 18541 28778 W MessageQueue: java.lang.IllegalStateException: Handler (android.os.Handler) {f78845b} sending message to a Handler on a dead thread
06-05 18:27:23.745 18541 28778 W MessageQueue: 	at android.os.MessageQueue.enqueueMessage(MessageQueue.java:569)
06-05 18:27:23.745 18541 28778 W MessageQueue: 	at android.os.Handler.enqueueMessage(Handler.java:778)
06-05 18:27:23.745 18541 28778 W MessageQueue: 	at android.os.Handler.sendMessageAtTime(Handler.java:727)
06-05 18:27:23.745 18541 28778 W MessageQueue: 	at android.os.Handler.sendMessageDelayed(Handler.java:697)
06-05 18:27:23.745 18541 28778 W MessageQueue: 	at android.os.Handler.post(Handler.java:427)
06-05 18:27:23.745 18541 28778 W MessageQueue: 	at X.HKP.LIZ(SourceFile:33751054)
06-05 18:27:23.745 18541 28778 W MessageQueue: 	at X.HKP.LIZIZ(SourceFile:16908295)
06-05 18:27:23.745 18541 28778 W MessageQueue: 	at X.RPA.LIZ(SourceFile:17170456)
06-05 18:27:23.745 18541 28778 W MessageQueue: 	at X.IuS.LIZLLL(SourceFile:34078895)
06-05 18:27:23.745 18541 28778 W MessageQueue: 	at X.IuS.LJJJLIIL(SourceFile:262158)
06-05 18:27:23.745 18541 28778 W MessageQueue: 	at X.IuS.LJIILJJIL(SourceFile:262178)
06-05 18:27:23.745 18541 28778 W MessageQueue: 	at X.6Z1.LJIILJJIL(SourceFile:196616)
06-05 18:27:23.745 18541 28778 W MessageQueue: 	at X.6U2.LJ(SourceFile:262181)
06-05 18:27:23.745 18541 28778 W MessageQueue: 	at X.6Nc.LJI(SourceFile:327738)
06-05 18:27:23.745 18541 28778 W MessageQueue: 	at X.6NK.handleMessage(SourceFile:17301716)
06-05 18:27:23.745 18541 28778 W MessageQueue: 	at android.os.Handler.dispatchMessage(Handler.java:106)
06-05 18:27:23.745 18541 28778 W MessageQueue: 	at android.os.Looper.loopOnce(Looper.java:210)
06-05 18:27:23.745 18541 28778 W MessageQueue: 	at android.os.Looper.loop(Looper.java:299)
06-05 18:27:23.745 18541 28778 W MessageQueue: 	at android.os.HandlerThread.run(HandlerThread.java:67)
06-05 18:27:23.745   975 28792 D audio_hw_primary: adev_set_parameters: enter: xlog.volume.music.speaker=34
06-05 18:27:23.745   975 28792 V msm8974_platform: platform_set_parameters: enter: xlog.volume.music.speaker=34
06-05 18:27:23.745   975 28792 D audio_hw_hfp: hfp_set_parameters: enter
06-05 18:27:23.745   975 28792 D audio_hw_hfp: hfp_set_parameters: enter
06-05 18:27:23.745   975 28792 V a2dp_offload: end of a2dp setparam
06-05 18:27:23.745   975 28792 D audio_hw_cspl_cal: cirrus_cal_setparameters: enter 0xf3003600
06-05 18:27:23.745   975 28792 D audio_hw_extn: audio_extn_fm_set_parameters: Enter
06-05 18:27:23.745   975 28792 D audio_hw_hfp: hfp_set_parameters: enter
06-05 18:27:23.745   975 28792 V a2dp_offload: end of a2dp setparam
06-05 18:27:23.745   975 28792 D audio_hw_primary: adev_set_parameters: exit with code(0)
06-05 18:27:23.745  1582 27136 E OMX_VPP : unable to find area=vpp/config=frc.bypass.all, returning default=0
06-05 18:27:23.745  1582 27136 I OMX_VPP : component_init: fully completed with decoder(OMX.qcom.video.decoder.hevc)
06-05 18:27:23.746 18541 19459 I ttmn    : <0x0,av_base_thread.cpp,run,306>VOutlet-V79:thread to stop.mState:1431655768
06-05 18:27:23.747 18541 11170 D MediaCodecOpt: TryCall hook func called
06-05 18:27:23.747 18541 11170 D MediaCodecOpt: before call orig, retCode = 0
06-05 18:27:23.747 18541 11170 D MediaCodecOpt: after call orig, retCode = 0
06-05 18:27:23.748 18541 29511 I MediaCodec: configure : init video box disabled
06-05 18:27:23.749 18541 11170 D SurfaceUtils: connecting to surface 0x7aea9c0010, reason connectToSurface
06-05 18:27:23.749 18541 11170 I MediaCodec: [OMX.qcom.video.decoder.hevc] setting surface generation to 18986067
06-05 18:27:23.749 18541 11170 D SurfaceUtils: disconnecting from surface 0x7aea9c0010, reason connectToSurface(reconnect)
06-05 18:27:23.749 18541 11170 D SurfaceUtils: connecting to surface 0x7aea9c0010, reason connectToSurface(reconnect)
06-05 18:27:23.749  1582 27136 E OMX-VDEC-1080P: Extension: OMX.google.android.index.storeANWBufferInMetadata not implemented
06-05 18:27:23.749  1582 27136 E OMX-VDEC-1080P: Extension: OMX.google.android.index.configureVideoTunnelMode not implemented
06-05 18:27:23.749  1582 27136 E OMX-VDEC-1080P: Extension: OMX.google.android.index.useAndroidNativeBuffer is supported
06-05 18:27:23.749  1582 27136 E OMX-VDEC-1080P: set_parameter: Error: 0x80001019, setting param 0x7f00005d
06-05 18:27:23.749  1582 27136 E OMXNodeInstance: setParameter(0xf107aa04:qcom.decoder.hevc, OMX.google.android.index.allocateNativeHandle(0x7f00005d): Output:1 en=0) ERROR: UnsupportedSetting(0x80001019)
06-05 18:27:23.749  1582 27136 E OMX-VDEC-1080P: Extension: OMX.google.android.index.storeANWBufferInMetadata not implemented
06-05 18:27:23.749  1582 27136 I OMX_VPP : set meta buffer mode: True
06-05 18:27:23.749  1582 27136 E OMX-VDEC-1080P: get_parameter: unknown param 6f600011
06-05 18:27:23.749  1582 27136 E OMXNodeInstance: getParameter(0xf107aa04:qcom.decoder.hevc, ??(0x6f600011)) ERROR: UnsupportedIndex(0x8000101a)
06-05 18:27:23.749 18541 11171 I ExtendedACodec: setupVideoDecoder()
06-05 18:27:23.750  1582 27136 I OMX_VPP : FRAME WIDTH 1280 FRAME HEIGHT 720
06-05 18:27:23.750  1582 27136 I OMX_VPP : get_parameter counts 28 28
06-05 18:27:23.750  1582 27136 I OMX_VPP : frc valid: true
06-05 18:27:23.750  1582 27136 I OMX_VPP : aie valid: true
06-05 18:27:23.750  1582 27136 I OMX_VPP : vpp setParameter err: out: 0, in: 0
06-05 18:27:23.750  1582 27136 I OMX_VPP : vpp setParameter completed
06-05 18:27:23.751 18541 11171 I ExtendedACodec: Decoder will be in frame by frame mode
06-05 18:27:23.751  1582 27136 E OMX-VDEC-1080P: Setparameter: unknown param 2130706434
06-05 18:27:23.751  1582 27136 E OMX-VDEC-1080P: set_parameter: Error: 0x8000101a, setting param 0x7f000002
06-05 18:27:23.751  1582 27136 E OMXNodeInstance: setParameter(0xf107aa04:qcom.decoder.hevc, ??(0x7f000002)) ERROR: UnsupportedIndex(0x8000101a)
06-05 18:27:23.751 18541 11171 W ExtendedACodec: Failed to set frame packing format on component
06-05 18:27:23.753  1582 28786 I OMX_VPP : FRAME WIDTH 1280 FRAME HEIGHT 720
06-05 18:27:23.753  1582 28786 I OMX_VPP : get_parameter counts 28 28
06-05 18:27:23.753  1582 27136 I OMX_VPP : FRAME WIDTH 1280 FRAME HEIGHT 720
06-05 18:27:23.753  1582 27136 I OMX_VPP : get_parameter counts 28 28
06-05 18:27:23.753  1582 28786 E OMXNodeInstance: getConfig(0xf107aa04:qcom.decoder.hevc, ??(0x7f000062)) ERROR: UnsupportedSetting(0x80001019)
06-05 18:27:23.755  1582 28786 I OMX_VPP : send_command In 0 param1 2
06-05 18:27:23.767 18541 19475 I ttmn    : <0x0,av_base_thread.cpp,run,306>fake_jmc_as:thread to stop.mState:1431655768
06-05 18:27:23.768  1582 28786 I OMX_VPP : send_command In 0 param1 2
06-05 18:27:23.769  1582 11154 I OMX_VPP : Flush during executing to idle!
06-05 18:27:23.769  1582 11154 I OMX_VPP : OMX_CommandStateSet FakeFlush
06-05 18:27:23.769  1582 11154 I OMX_VPP : VppOmxComponent::clearVppFakeBufs size 15
06-05 18:27:23.769  1582 11154 I OMX_VPP : VppEvent 1
06-05 18:27:23.769  1582 11154 I OMX_VPP : FakeFlush e.flush_done.port:0
06-05 18:27:23.769  1582 11154 I OMX_VPP : VppOmxComponent::clearVppFakeBufs size 0
06-05 18:27:23.769  1582 11154 I OMX_VPP : VppEvent 1
06-05 18:27:23.769  1582 11154 I OMX_VPP : FakeFlush e.flush_done.port:1
06-05 18:27:23.769  1582 28786 I OMX_VPP : send_command In 0 param1 1
06-05 18:27:23.770  1582  5405 I OMX_VPP : FRAME WIDTH 1280 FRAME HEIGHT 720
06-05 18:27:23.770  1582  5405 I OMX_VPP : get_parameter counts 28 28
06-05 18:27:23.770  1582  5405 I OMX_VPP : FRAME WIDTH 1280 FRAME HEIGHT 720
06-05 18:27:23.770  1582  5405 I OMX_VPP : get_parameter counts 28 28
06-05 18:27:23.770  1582  5405 E OMX-VDEC-1080P: Extension: OMX.google.android.index.AndroidNativeBufferConsumerUsage not implemented
06-05 18:27:23.770 18541 11171 D SurfaceUtils: set up nativeWindow 0x7aea9c0010 for 720x1280, color 0x7fa30c06, rotation 0, usage 0x20402900
06-05 18:27:23.770  1582  5405 I OMX_VPP : frc valid: true
06-05 18:27:23.770  1582  5405 I OMX_VPP : aie valid: true
06-05 18:27:23.771  1582 19467 I OMX_VPP : RegisterClientBuffer: omxBuf=0xf1141a20, id=0, obdIdx=0, invalid=0, omxHdr=0xf093e800, vppBuf=0xf1141a30, handle=0xf173dd28, pool=0
06-05 18:27:23.771  1582 19467 I OMX_VPP : RegisterClientBuffer: omxBuf=0xf113dc70, id=1, obdIdx=0, invalid=0, omxHdr=0xf093e850, vppBuf=0xf113dc80, handle=0xf13a2500, pool=0
06-05 18:27:23.771  1582 19467 I OMX_VPP : RegisterClientBuffer: omxBuf=0xf113d500, id=2, obdIdx=0, invalid=0, omxHdr=0xf093e8a0, vppBuf=0xf113d510, handle=0xf13a24b0, pool=0
06-05 18:27:23.771  1582 19467 I OMX_VPP : RegisterClientBuffer: omxBuf=0xf113df80, id=3, obdIdx=0, invalid=0, omxHdr=0xf093e8f0, vppBuf=0xf113df90, handle=0xf13a23e0, pool=0
06-05 18:27:23.772  1582 19467 I OMX_VPP : RegisterClientBuffer: omxBuf=0xf1140ec0, id=4, obdIdx=0, invalid=0, omxHdr=0xf093e940, vppBuf=0xf1140ed0, handle=0xf13a2230, pool=0
06-05 18:27:23.772  1582 19467 I OMX_VPP : RegisterClientBuffer: omxBuf=0xf12f69d0, id=5, obdIdx=0, invalid=0, omxHdr=0xf093e990, vppBuf=0xf12f69e0, handle=0xf173dbb0, pool=0
06-05 18:27:23.772  1582 19467 I OMX_VPP : RegisterClientBuffer: omxBuf=0xf12f6b20, id=6, obdIdx=0, invalid=0, omxHdr=0xf093e9e0, vppBuf=0xf12f6b30, handle=0xf173dbb8, pool=0
06-05 18:27:23.772  1582 19467 I OMX_VPP : RegisterClientBuffer: omxBuf=0xf12f6c00, id=7, obdIdx=0, invalid=0, omxHdr=0xf093ea30, vppBuf=0xf12f6c10, handle=0xf173dc70, pool=0
06-05 18:27:23.772  1582 19467 I OMX_VPP : RegisterClientBuffer: omxBuf=0xf12f6d50, id=8, obdIdx=0, invalid=0, omxHdr=0xf093ea80, vppBuf=0xf12f6d60, handle=0xf173dca0, pool=0
06-05 18:27:23.772  1582 19467 I OMX_VPP : RegisterClientBuffer: omxBuf=0xf12f6dc0, id=9, obdIdx=0, invalid=0, omxHdr=0xf093ead0, vppBuf=0xf12f6dd0, handle=0xf173dca8, pool=0
06-05 18:27:23.772  1582 19467 I OMX_VPP : RegisterClientBuffer: omxBuf=0xf12f6f10, id=10, obdIdx=0, invalid=0, omxHdr=0xf093eb20, vppBuf=0xf12f6f20, handle=0xf173dcb0, pool=0
06-05 18:27:23.772  1582 19467 I OMX_VPP : RegisterClientBuffer: omxBuf=0xf12f7140, id=11, obdIdx=0, invalid=0, omxHdr=0xf093eb70, vppBuf=0xf12f7150, handle=0xf173dcb8, pool=0
06-05 18:27:23.772  1582 19467 I OMX_VPP : RegisterClientBuffer: omxBuf=0xf12f71b0, id=12, obdIdx=0, invalid=0, omxHdr=0xf093ebc0, vppBuf=0xf12f71c0, handle=0xf173dcc0, pool=0
06-05 18:27:23.772  1582 19467 I OMX_VPP : RegisterClientBuffer: omxBuf=0xf12f7220, id=13, obdIdx=0, invalid=0, omxHdr=0xf093ec10, vppBuf=0xf12f7230, handle=0xf173dcd0, pool=0
06-05 18:27:23.773  1582 19467 I OMX_VPP : RegisterClientBuffer: omxBuf=0xf12f7290, id=14, obdIdx=0, invalid=0, omxHdr=0xf093ec60, vppBuf=0xf12f72a0, handle=0xf173dce8, pool=0
06-05 18:27:23.773  1582 19467 I OMX_VPP : RegisterClientBuffer: omxBuf=0xf12f7680, id=15, obdIdx=0, invalid=0, omxHdr=0xf093ecb0, vppBuf=0xf12f7690, handle=0xf173dcf0, pool=0
06-05 18:27:23.773  1582 19467 I OMX_VPP : RegisterClientBuffer: omxBuf=0xf12f76f0, id=16, obdIdx=0, invalid=0, omxHdr=0xf093ed00, vppBuf=0xf12f7700, handle=0xf173dd00, pool=0
06-05 18:27:23.773  1582 19467 I OMX_VPP : RegisterClientBuffer: omxBuf=0xf12f8170, id=17, obdIdx=0, invalid=0, omxHdr=0xf093ed50, vppBuf=0xf12f8180, handle=0xf173dd08, pool=0
06-05 18:27:23.773  1582 19467 I OMX_VPP : RegisterClientBuffer: omxBuf=0xf12f8640, id=18, obdIdx=0, invalid=0, omxHdr=0xf093eda0, vppBuf=0xf12f8650, handle=0xf173dd10, pool=0
06-05 18:27:23.773  1582 19467 I OMX_VPP : RegisterClientBuffer: omxBuf=0xf12f8790, id=19, obdIdx=0, invalid=0, omxHdr=0xf093edf0, vppBuf=0xf12f87a0, handle=0xf173dd18, pool=0
06-05 18:27:23.773  1582 19467 I OMX_VPP : RegisterClientBuffer: omxBuf=0xf12f8870, id=20, obdIdx=0, invalid=0, omxHdr=0xf093ee40, vppBuf=0xf12f8880, handle=0xf173dd40, pool=0
06-05 18:27:23.773  1582 19467 I OMX_VPP : RegisterClientBuffer: omxBuf=0xf12f8a30, id=21, obdIdx=0, invalid=0, omxHdr=0xf093ee90, vppBuf=0xf12f8a40, handle=0xf173dd60, pool=0
06-05 18:27:23.773  1582 19467 I OMX_VPP : RegisterClientBuffer: omxBuf=0xf12f8b10, id=22, obdIdx=0, invalid=0, omxHdr=0xf093eee0, vppBuf=0xf12f8b20, handle=0xf173ded8, pool=0
06-05 18:27:23.774  1582 19467 I OMX_VPP : RegisterClientBuffer: omxBuf=0xf12f8b80, id=23, obdIdx=0, invalid=0, omxHdr=0xf093ef30, vppBuf=0xf12f8b90, handle=0xf173dee8, pool=0
06-05 18:27:23.774  1582 19467 I OMX_VPP : RegisterClientBuffer: omxBuf=0xf12f75a0, id=24, obdIdx=0, invalid=0, omxHdr=0xf093ef80, vppBuf=0xf12f75b0, handle=0xf173df48, pool=0
06-05 18:27:23.774  1582 19467 I OMX_VPP : RegisterClientBuffer: omxBuf=0xf12f8bf0, id=25, obdIdx=0, invalid=0, omxHdr=0xf093efd0, vppBuf=0xf12f8c00, handle=0xf173df78, pool=0
06-05 18:27:23.774  1582 19467 I OMX_VPP : RegisterClientBuffer: omxBuf=0xf12f8c60, id=26, obdIdx=0, invalid=0, omxHdr=0xf093f020, vppBuf=0xf12f8c70, handle=0xf173df80, pool=0
06-05 18:27:23.774  1582 19467 I OMX_VPP : RegisterClientBuffer: omxBuf=0xf12f8cd0, id=27, obdIdx=0, invalid=0, omxHdr=0xf093f070, vppBuf=0xf12f8ce0, handle=0xf173df88, pool=0
06-05 18:27:23.774  1582 19467 I OMX_VPP : RegisterClientBuffer: omxBuf=0xf12f8e20, id=28, obdIdx=0, invalid=0, omxHdr=0xf093f0c0, vppBuf=0xf12f8e30, handle=0xf173df98, pool=0
06-05 18:27:23.774  1582 19467 I OMX_VPP : RegisterClientBuffer: omxBuf=0xf12f8e90, id=29, obdIdx=0, invalid=0, omxHdr=0xf093f110, vppBuf=0xf12f8ea0, handle=0xf173dfa0, pool=0
06-05 18:27:23.774  1582 19467 I OMX_VPP : RegisterClientBuffer: omxBuf=0xf12f8f00, id=30, obdIdx=0, invalid=0, omxHdr=0xf093f160, vppBuf=0xf12f8f10, handle=0xf173dfb0, pool=0
06-05 18:27:23.774  1582 19467 I OMX_VPP : RegisterClientBuffer: omxBuf=0xf12f8f70, id=31, obdIdx=0, invalid=0, omxHdr=0xf093f1b0, vppBuf=0xf12f8f80, handle=0xf173dfd8, pool=0
06-05 18:27:23.775  1582 19467 I OMX_VPP : RegisterClientBuffer: omxBuf=0xf12f8fe0, id=32, obdIdx=0, invalid=0, omxHdr=0xf093f200, vppBuf=0xf12f8ff0, handle=0xf173dfe0, pool=0
06-05 18:27:23.775  1757  9603 W ResourceManagerService: Ignoring request to add new resource entry with value <= 0
06-05 18:27:23.775  1582 28786 I OMX_VPP : send_command In 0 param1 3
06-05 18:27:23.777 18541 19461 I ttmn    : <0x0,ff_acodecer.cpp,open,84>support xheaac: 0, decodec all AAC through FDKAAC: 0
06-05 18:27:23.778 18541 19461 I ffmpeg  : [aac @ 0x7aeb699100] <utils.c avcodec_decode_audio4 2454> Could not update timestamps for skipped samples.
06-05 18:27:23.778 18541 19461 I ffmpeg  :
06-05 18:27:23.780 18541 29532 W MessageQueue: Handler (android.os.Handler) {f78845b} sending message to a Handler on a dead thread
06-05 18:27:23.780 18541 29532 W MessageQueue: java.lang.IllegalStateException: Handler (android.os.Handler) {f78845b} sending message to a Handler on a dead thread
06-05 18:27:23.780 18541 29532 W MessageQueue: 	at android.os.MessageQueue.enqueueMessage(MessageQueue.java:569)
06-05 18:27:23.780 18541 29532 W MessageQueue: 	at android.os.Handler.enqueueMessage(Handler.java:778)
06-05 18:27:23.780 18541 29532 W MessageQueue: 	at android.os.Handler.sendMessageAtTime(Handler.java:727)
06-05 18:27:23.780 18541 29532 W MessageQueue: 	at android.os.Handler.sendMessageDelayed(Handler.java:697)
06-05 18:27:23.780 18541 29532 W MessageQueue: 	at android.os.Handler.post(Handler.java:427)
06-05 18:27:23.780 18541 29532 W MessageQueue: 	at X.HKP.LIZ(SourceFile:33751054)
06-05 18:27:23.780 18541 29532 W MessageQueue: 	at X.HKP.LIZ(SourceFile:16908295)
06-05 18:27:23.780 18541 29532 W MessageQueue: 	at X.RPA.LJFF(SourceFile:327795)
06-05 18:27:23.780 18541 29532 W MessageQueue: 	at X.IuS.LJIIJ(SourceFile:17236170)
06-05 18:27:23.780 18541 29532 W MessageQueue: 	at X.IuS.LJJJJL(SourceFile:262195)
06-05 18:27:23.780 18541 29532 W MessageQueue: 	at X.IuS.LJIIJJI(SourceFile:262186)
06-05 18:27:23.780 18541 29532 W MessageQueue: 	at X.6Z1.LJIIJJI(SourceFile:65538)
06-05 18:27:23.780 18541 29532 W MessageQueue: 	at X.6U2.LIZIZ(SourceFile:327762)
06-05 18:27:23.780 18541 29532 W MessageQueue: 	at X.6Nc.LIZLLL(SourceFile:393362)
06-05 18:27:23.780 18541 29532 W MessageQueue: 	at X.6Jv.LIZ(SourceFile:393391)
06-05 18:27:23.780 18541 29532 W MessageQueue: 	at X.6U3.LIZIZ(SourceFile:17104938)
06-05 18:27:23.780 18541 29532 W MessageQueue: 	at X.IuZ.LIZ(SourceFile:17301642)
06-05 18:27:23.780 18541 29532 W MessageQueue: 	at com.ss.ttm.player.TTPlayerClient.LIZ(SourceFile:1076)
06-05 18:27:23.780 18541 29532 W MessageQueue: 	at com.ss.ttm.player.TTPlayerClient.handleMessage(SourceFile:16973840)
06-05 18:27:23.780 18541 29532 W MessageQueue: 	at android.os.Handler.dispatchMessage(Handler.java:102)
06-05 18:27:23.780 18541 29532 W MessageQueue: 	at android.os.Looper.loopOnce(Looper.java:210)
06-05 18:27:23.780 18541 29532 W MessageQueue: 	at android.os.Looper.loop(Looper.java:299)
06-05 18:27:23.780 18541 29532 W MessageQueue: 	at android.os.HandlerThread.run(HandlerThread.java:67)
06-05 18:27:23.782  1582  5405 I OMX_VPP : VppOmxComponent::registerVppFakeBuf buffer with size 1 id 0 ts=0 flags:0
06-05 18:27:23.784 18541 11151 D SurfaceUtils: disconnecting from surface 0x7aead5c010, reason disconnectFromSurface
06-05 18:27:23.785  1582 28786 I OMX-VDEC-1080P: omx_vdec::component_deinit() complete
06-05 18:27:23.786 18541 19362 I ttmn    : <0x0,av_base_thread.cpp,run,306>Looper-V79:thread to stop.mState:1431655768
06-05 18:27:23.786 18541 28778 W MessageQueue: Handler (android.os.Handler) {f78845b} sending message to a Handler on a dead thread
06-05 18:27:23.786 18541 28778 W MessageQueue: java.lang.IllegalStateException: Handler (android.os.Handler) {f78845b} sending message to a Handler on a dead thread
06-05 18:27:23.786 18541 28778 W MessageQueue: 	at android.os.MessageQueue.enqueueMessage(MessageQueue.java:569)
06-05 18:27:23.786 18541 28778 W MessageQueue: 	at android.os.Handler.enqueueMessage(Handler.java:778)
06-05 18:27:23.786 18541 28778 W MessageQueue: 	at android.os.Handler.sendMessageAtTime(Handler.java:727)
06-05 18:27:23.786 18541 28778 W MessageQueue: 	at android.os.Handler.sendMessageDelayed(Handler.java:697)
06-05 18:27:23.786 18541 28778 W MessageQueue: 	at android.os.Handler.post(Handler.java:427)
06-05 18:27:23.786 18541 28778 W MessageQueue: 	at X.HKP.LIZ(SourceFile:33751054)
06-05 18:27:23.786 18541 28778 W MessageQueue: 	at X.HKP.LIZIZ(SourceFile:16908295)
06-05 18:27:23.786 18541 28778 W MessageQueue: 	at X.Iuq.LJFF(SourceFile:65540)
06-05 18:27:23.786 18541 28778 W MessageQueue: 	at X.IuS.LJLJLLL(SourceFile:262156)
06-05 18:27:23.786 18541 28778 W MessageQueue: 	at X.IuS.LJJJLIIL(SourceFile:262191)
06-05 18:27:23.786 18541 28778 W MessageQueue: 	at X.IuS.LJIILJJIL(SourceFile:262178)
06-05 18:27:23.786 18541 28778 W MessageQueue: 	at X.6Z1.LJIILJJIL(SourceFile:196616)
06-05 18:27:23.786 18541 28778 W MessageQueue: 	at X.6U2.LJ(SourceFile:262181)
06-05 18:27:23.786 18541 28778 W MessageQueue: 	at X.6Nc.LJI(SourceFile:327738)
06-05 18:27:23.786 18541 28778 W MessageQueue: 	at X.6NK.handleMessage(SourceFile:17301716)
06-05 18:27:23.786 18541 28778 W MessageQueue: 	at android.os.Handler.dispatchMessage(Handler.java:106)
06-05 18:27:23.786 18541 28778 W MessageQueue: 	at android.os.Looper.loopOnce(Looper.java:210)
06-05 18:27:23.786 18541 28778 W MessageQueue: 	at android.os.Looper.loop(Looper.java:299)
06-05 18:27:23.786 18541 28778 W MessageQueue: 	at android.os.HandlerThread.run(HandlerThread.java:67)
06-05 18:27:23.794  1582 11174 I OMX_VPP : frc valid: true
06-05 18:27:23.794  1582 11174 I OMX_VPP : aie valid: true
06-05 18:27:23.794  1582 11174 I OMX_VPP : updateParameterFromOutPort needReconfigure true
06-05 18:27:23.794  1582 11174 I OMX_VPP : sending reconfigure to VPP library
06-05 18:27:23.794  1582 11174 I OMX_VPP : needReconfigure FakeReconfigure
06-05 18:27:23.794  1582 11174 I OMX_VPP : FakeReconfigure
06-05 18:27:23.794  1582 11174 I OMX_VPP : VppEvent 2
06-05 18:27:23.794  1582 11174 I OMX_VPP : needReconfigureu 32Ret 0
06-05 18:27:23.795  1582 28786 I OMX-VDEC-1080P: Exit OMX vdec Destructor: fd=14
06-05 18:27:23.795  1582 28786 I OMX_VPP : VppTerm
06-05 18:27:23.796  1582 28786 I OMX_VPP : video clip interpolated = 0%,0--124
06-05 18:27:23.796  1582 28786 I OMX_VPP : VppOmxComponent::clearVppFakeBufs size 0
06-05 18:27:23.796  1582 28786 I OMX_VPP : VppOmxComponent::~VppOmxComponent
06-05 18:27:23.796  1582 28786 I OMX_VPP : Destructed VppBufferManager
06-05 18:27:23.796  1582  5405 I OMX_VPP : FRAME WIDTH 1024 FRAME HEIGHT 576
06-05 18:27:23.796  1582  5405 I OMX_VPP : get_parameter counts 33 28
06-05 18:27:23.797  1582  5405 I OMX_VPP : FRAME WIDTH 1024 FRAME HEIGHT 576
06-05 18:27:23.797  1582  5405 I OMX_VPP : get_parameter counts 33 28
06-05 18:27:23.797  1582 27136 E OMXNodeInstance: getConfig(0xf107aa04:qcom.decoder.hevc, ??(0x7f000062)) ERROR: UnsupportedSetting(0x80001019)
06-05 18:27:23.799  1582 28786 I OMX_VPP : send_command In 2 param1 1
06-05 18:27:23.799  1582 28786 I OMX_VPP : send_command FakeFlush VPP_PORT_INPUT
06-05 18:27:23.799  1582 28786 I OMX_VPP : VppOmxComponent::clearVppFakeBufs size 1
06-05 18:27:23.799  1582 28786 I OMX_VPP : VppEvent 1
06-05 18:27:23.799  1582 28786 I OMX_VPP : FakeFlush e.flush_done.port:0
06-05 18:27:23.799  1582 28786 I OMX_VPP : send_command FakeFlush VPP_PORT_OUTPUT
06-05 18:27:23.799  1582 28786 I OMX_VPP : VppOmxComponent::clearVppFakeBufs size 0
06-05 18:27:23.799  1582 28786 I OMX_VPP : VppEvent 1
06-05 18:27:23.799  1582 28786 I OMX_VPP : FakeFlush e.flush_done.port:1
06-05 18:27:23.803  1582 11174 I OMX_VPP : Port Disable send flush to VPP library
06-05 18:27:23.804  1582  1739 I OMX_VPP : send_command In 3 param1 1
06-05 18:27:23.804  1582  1739 I OMX_VPP : ClearBuffers VPP_PORT_OUTPUT
06-05 18:27:23.804  1582 19467 I OMX_VPP : FRAME WIDTH 1024 FRAME HEIGHT 576
06-05 18:27:23.804  1582 19467 I OMX_VPP : get_parameter counts 27 27
06-05 18:27:23.804  1582  5405 I OMX_VPP : FRAME WIDTH 1024 FRAME HEIGHT 576
06-05 18:27:23.804  1582  5405 I OMX_VPP : get_parameter counts 27 27
06-05 18:27:23.805  1582 27727 E OMX-VDEC-1080P: Extension: OMX.google.android.index.AndroidNativeBufferConsumerUsage not implemented
06-05 18:27:23.805 18541 11171 D SurfaceUtils: set up nativeWindow 0x7aea9c0010 for 576x1024, color 0x7fa30c06, rotation 0, usage 0x20402900
06-05 18:27:23.805  1582  5405 I OMX_VPP : RegisterClientBuffer: omxBuf=0xf113ce00, id=0, obdIdx=0, invalid=0, omxHdr=0xf102c600, vppBuf=0xf113ce10, handle=0xf173dfe0, pool=0
06-05 18:27:23.805  1582 27727 I OMX_VPP : RegisterClientBuffer: omxBuf=0xf113d9d0, id=1, obdIdx=0, invalid=0, omxHdr=0xf102c650, vppBuf=0xf113d9e0, handle=0xf173dfb0, pool=0
06-05 18:27:23.805  1582  1582 I OMX_VPP : RegisterClientBuffer: omxBuf=0xf113c000, id=2, obdIdx=0, invalid=0, omxHdr=0xf102c6a0, vppBuf=0xf113c010, handle=0xf173dfa0, pool=0
06-05 18:27:23.806  1582  1582 I OMX_VPP : RegisterClientBuffer: omxBuf=0xf12f8e90, id=3, obdIdx=0, invalid=0, omxHdr=0xf102c6f0, vppBuf=0xf12f8ea0, handle=0xf13a2500, pool=0
06-05 18:27:23.806  1582  1739 I OMX_VPP : RegisterClientBuffer: omxBuf=0xf113c310, id=4, obdIdx=0, invalid=0, omxHdr=0xf102c740, vppBuf=0xf113c320, handle=0xf173df80, pool=0
06-05 18:27:23.806  1582  1582 I OMX_VPP : RegisterClientBuffer: omxBuf=0xf113c460, id=5, obdIdx=0, invalid=0, omxHdr=0xf102c790, vppBuf=0xf113c470, handle=0xf173df78, pool=0
06-05 18:27:23.806  1582  5405 I OMX_VPP : RegisterClientBuffer: omxBuf=0xf12f8fe0, id=6, obdIdx=0, invalid=0, omxHdr=0xf102c7e0, vppBuf=0xf12f8ff0, handle=0xf173dcc0, pool=0
06-05 18:27:23.806  1582  1582 I OMX_VPP : RegisterClientBuffer: omxBuf=0xf12f8bf0, id=7, obdIdx=0, invalid=0, omxHdr=0xf102c830, vppBuf=0xf12f8c00, handle=0xf173dcb8, pool=0
06-05 18:27:23.806  1582  5405 I OMX_VPP : RegisterClientBuffer: omxBuf=0xf12f71b0, id=8, obdIdx=0, invalid=0, omxHdr=0xf102c880, vppBuf=0xf12f71c0, handle=0xf173dd08, pool=0
06-05 18:27:23.806  1582  5405 I OMX_VPP : RegisterClientBuffer: omxBuf=0xf12f8170, id=9, obdIdx=0, invalid=0, omxHdr=0xf102c8d0, vppBuf=0xf12f8180, handle=0xf173dd18, pool=0
06-05 18:27:23.806  1582  5405 I OMX_VPP : RegisterClientBuffer: omxBuf=0xf12f8790, id=10, obdIdx=0, invalid=0, omxHdr=0xf102c920, vppBuf=0xf12f87a0, handle=0xf13a25a0, pool=0
06-05 18:27:23.806  1582  1582 I OMX_VPP : RegisterClientBuffer: omxBuf=0xf113d500, id=11, obdIdx=0, invalid=0, omxHdr=0xf102c970, vppBuf=0xf113d510, handle=0xf173dcd0, pool=0
06-05 18:27:23.807  1582  1739 I OMX_VPP : RegisterClientBuffer: omxBuf=0xf12f8c60, id=12, obdIdx=0, invalid=0, omxHdr=0xf102c9c0, vppBuf=0xf12f8c70, handle=0xf13a2558, pool=0
06-05 18:27:23.807  1582  5405 I OMX_VPP : RegisterClientBuffer: omxBuf=0xf113d810, id=13, obdIdx=0, invalid=0, omxHdr=0xf102ca10, vppBuf=0xf113d820, handle=0xf13a2000, pool=0
06-05 18:27:23.807  1582  1582 I OMX_VPP : RegisterClientBuffer: omxBuf=0xf113dc70, id=14, obdIdx=0, invalid=0, omxHdr=0xf102ca60, vppBuf=0xf113dc80, handle=0xf173dcf0, pool=0
06-05 18:27:23.807  1582 19467 I OMX_VPP : RegisterClientBuffer: omxBuf=0xf113c770, id=15, obdIdx=0, invalid=0, omxHdr=0xf102cab0, vppBuf=0xf113c780, handle=0xf173ded8, pool=0
06-05 18:27:23.807  1582 27727 I OMX_VPP : RegisterClientBuffer: omxBuf=0xf12f8f00, id=16, obdIdx=0, invalid=0, omxHdr=0xf102cb00, vppBuf=0xf12f8f10, handle=0xf173dfd8, pool=0
06-05 18:27:23.807  1582 27136 I OMX_VPP : RegisterClientBuffer: omxBuf=0xf113cee0, id=17, obdIdx=0, invalid=0, omxHdr=0xf102cb50, vppBuf=0xf113cef0, handle=0xf173df98, pool=0
06-05 18:27:23.807  1582 27136 I OMX_VPP : RegisterClientBuffer: omxBuf=0xf12f8e20, id=18, obdIdx=0, invalid=0, omxHdr=0xf102cba0, vppBuf=0xf12f8e30, handle=0xf173dca8, pool=0
06-05 18:27:23.807  1582 27136 I OMX_VPP : RegisterClientBuffer: omxBuf=0xf12f6dc0, id=19, obdIdx=0, invalid=0, omxHdr=0xf102cbf0, vppBuf=0xf12f6dd0, handle=0xf13a2218, pool=0
06-05 18:27:23.807  1582 27136 I OMX_VPP : RegisterClientBuffer: omxBuf=0xf113ff70, id=20, obdIdx=0, invalid=0, omxHdr=0xf102cc40, vppBuf=0xf113ff80, handle=0xf13a2570, pool=0
06-05 18:27:23.807  1582 27727 I OMX_VPP : RegisterClientBuffer: omxBuf=0xf113e300, id=21, obdIdx=0, invalid=0, omxHdr=0xf102cc90, vppBuf=0xf113e310, handle=0xf173dee8, pool=0
06-05 18:27:23.808  1582 27136 I OMX_VPP : RegisterClientBuffer: omxBuf=0xf113cc40, id=22, obdIdx=0, invalid=0, omxHdr=0xf102cce0, vppBuf=0xf113cc50, handle=0xf13a2108, pool=0
06-05 18:27:23.808  1582 19467 I OMX_VPP : RegisterClientBuffer: omxBuf=0xf12f8b10, id=23, obdIdx=0, invalid=0, omxHdr=0xf102cd30, vppBuf=0xf12f8b20, handle=0xf173dce8, pool=0
06-05 18:27:23.808  1582 27136 I OMX_VPP : RegisterClientBuffer: omxBuf=0xf113f330, id=24, obdIdx=0, invalid=0, omxHdr=0xf102cd80, vppBuf=0xf113f340, handle=0xf173dc68, pool=0
06-05 18:27:23.808  1582 19467 I OMX_VPP : RegisterClientBuffer: omxBuf=0xf12f65e0, id=25, obdIdx=0, invalid=0, omxHdr=0xf102cdd0, vppBuf=0xf12f65f0, handle=0xf173dd10, pool=0
06-05 18:27:23.808  1582 27136 I OMX_VPP : RegisterClientBuffer: omxBuf=0xf113c690, id=26, obdIdx=0, invalid=0, omxHdr=0xf102ce20, vppBuf=0xf113c6a0, handle=0xf13a2048, pool=0
06-05 18:27:23.808  1582 27727 I OMX_VPP : RegisterClientBuffer: omxBuf=0xf12f8f70, id=27, obdIdx=0, invalid=0, omxHdr=0xf102ce70, vppBuf=0xf12f8f80, handle=0xf173df48, pool=0
06-05 18:27:23.808  1582 19467 I OMX_VPP : RegisterClientBuffer: omxBuf=0xf12f7290, id=28, obdIdx=0, invalid=0, omxHdr=0xf102cec0, vppBuf=0xf12f72a0, handle=0xf173dd60, pool=0
06-05 18:27:23.808  1582 27727 I OMX_VPP : RegisterClientBuffer: omxBuf=0xf113c700, id=29, obdIdx=0, invalid=0, omxHdr=0xf102cf10, vppBuf=0xf113c710, handle=0xf173dd28, pool=0
06-05 18:27:23.808  1582 19467 I OMX_VPP : RegisterClientBuffer: omxBuf=0xf12f8640, id=30, obdIdx=0, invalid=0, omxHdr=0xf102cf60, vppBuf=0xf12f8650, handle=0xf13a21f8, pool=0
06-05 18:27:23.809  1582 27727 I OMX_VPP : RegisterClientBuffer: omxBuf=0xf12f8b80, id=31, obdIdx=0, invalid=0, omxHdr=0xf102cfb0, vppBuf=0xf12f8b90, handle=0xf13a20a8, pool=0
06-05 18:27:23.809  1582 11174 I OMX_VPP : Got PortEnable done for vdec out
06-05 18:27:23.810  1582 27727 I OMX_VPP : VppOmxComponent::registerVppFakeBuf buffer with size 1 id 0 ts=0 flags:0
06-05 18:27:23.812  1582 11174 I OMX-VDEC-1080P: set_frame_rate: the current time is 182723
06-05 18:27:23.813  1582 11174 I OMX-VDEC-1080P: set_frame_rate: the current time is 182723
06-05 18:27:23.813  1582 11174 I OMX-VDEC-1080P: set_frame_rate: the current time is 182723
06-05 18:27:23.814  1582 11174 I OMX-VDEC-1080P: set_frame_rate: the current time is 182723
06-05 18:27:23.814  1582 19467 I OMX_VPP : VppOmxComponent::registerVppFakeBuf buffer with size 2 id 1 ts=0 flags:0
06-05 18:27:23.814  1582 11174 I OMX-VDEC-1080P: set_frame_rate: the current time is 182723
06-05 18:27:23.814  1582 19467 I OMX_VPP : VppOmxComponent::registerVppFakeBuf buffer with size 3 id 2 ts=0 flags:0
06-05 18:27:23.814  1582 27727 I OMX_VPP : FRAME WIDTH 1024 FRAME HEIGHT 576
06-05 18:27:23.814  1582 27727 I OMX_VPP : get_parameter counts 32 27
06-05 18:27:23.814  1582 27727 I OMX_VPP : FRAME WIDTH 1024 FRAME HEIGHT 576
06-05 18:27:23.814  1582 27727 I OMX_VPP : get_parameter counts 32 27
06-05 18:27:23.814  1582 11174 I OMX-VDEC-1080P: set_frame_rate: the current time is 182723
06-05 18:27:23.815  1582 27727 E OMXNodeInstance: getConfig(0xf107aa04:qcom.decoder.hevc, ??(0x7f000062)) ERROR: UnsupportedSetting(0x80001019)
06-05 18:27:23.816  1582 19624 I OMX_VPP : VppOmxComponent::registerVppFakeBuf buffer with size 4 id 3 ts=0 flags:0
06-05 18:27:23.817  1582 18921 I OMX_VPP : VppOmxComponent::registerVppFakeBuf buffer with size 5 id 4 ts=0 flags:0
06-05 18:27:23.817  1582 19624 I OMX_VPP : VppOmxComponent::registerVppFakeBuf buffer with size 6 id 5 ts=0 flags:0
06-05 18:27:23.818  1582 19624 I OMX_VPP : VppOmxComponent::registerVppFakeBuf buffer with size 7 id 6 ts=0 flags:0
06-05 18:27:23.818  1103  1103 D APM_AudioPolicyManager: selectOutput flags 8
06-05 18:27:23.818  1582 19624 I OMX_VPP : VppOmxComponent::registerVppFakeBuf buffer with size 8 id 7 ts=0 flags:0
06-05 18:27:23.818  1103  1103 D APM_AudioPolicyManager: selectOutput flags 8
06-05 18:27:23.819  1582 19624 I OMX_VPP : VppOmxComponent::registerVppFakeBuf buffer with size 9 id 8 ts=0 flags:0
06-05 18:27:23.819  1103  1103 D APM_AudioPolicyManager: selectOutput flags 8
06-05 18:27:23.819 18541 19474 D AudioTrack: set(sessionId=0)
06-05 18:27:23.819 18541 19474 D AudioTrack: set(): streamType -1, sampleRate 44100, format 0x1, channelMask 0x3, frameCount 3536, flags #0, notificationFrames 0, sessionId 0, transferType 3, uid -1, pid -1
06-05 18:27:23.819   975 28792 D audio_hw_primary: adev_get_parameters:audio_game_sound_volume_gap_switch
06-05 18:27:23.819   975 28792 D soundtrigger: audio_extn_sound_trigger_get_parameters input string<audio_game_sound_volume_gap_switch=>
06-05 18:27:23.819   975 28792 D soundtrigger: extract_sm_handle input string <audio_game_sound_volume_gap_switch=> param string <audio_game_sound_volume_gap_switch=>
06-05 18:27:23.819   975 28792 D audio_hw_extn: audio_extn_fm_get_parameters: Enter
06-05 18:27:23.819   975 28792 D audio_hw_extn: audio_extn_get_parameters: returns
06-05 18:27:23.819   975 28792 V msm8974_platform: platform_get_parameters: exit: returns - audio_game_sound_volume_gap_switch=off
06-05 18:27:23.819   975 28792 D audio_hw_primary: adev_get_parameters: exit: returns - audio_game_sound_volume_gap_switch=off
06-05 18:27:23.819  1103  1103 I hash_map_utils: system/bt/osi/src/hash_map_utils.cc:81 hash_map_utils_dump_string_keys_string_values: key: 'audio_game_sound_volume_gap_switch' value: ''
06-05 18:27:23.819  1582 19467 I OMX_VPP : VppOmxComponent::registerVppFakeBuf buffer with size 10 id 9 ts=0 flags:0
06-05 18:27:23.820  1582 19624 I OMX_VPP : VppOmxComponent::registerVppFakeBuf buffer with size 11 id 10 ts=0 flags:0
06-05 18:27:23.821  1582 18921 E OMX-VDEC-1080P: Extension: OMX.QTI.index.config.video.getdsmode not implemented
06-05 18:27:23.824  1582 11174 I OMX-VDEC-1080P: set_frame_rate: the current time is 182723
06-05 18:27:23.824  1582 11174 I OMX-VDEC-1080P: set_frame_rate: the current time is 182723
06-05 18:27:23.824  1103  1103 D MediaImpl: setPlaybackCaptureAllowed: playbackCaptureAllowed 1
06-05 18:27:23.825  1103  1103 D APM_AudioPolicyManager: getOutputForAttrInt()+ attributes={ Content type: AUDIO_CONTENT_TYPE_MUSIC Usage: AUDIO_USAGE_MEDIA Source: AUDIO_SOURCE_DEFAULT Flags: 0x800 Tags:  } stream=AUDIO_STREAM_MUSIC session 5905 output 0 selectedDeviceId 0 device AUDIO_DEVICE_NONE sampling rate 44100 format 0x1channel mask 0x3 flags 0 stream AUDIO_STREAM_MUSIC uid 10383
06-05 18:27:23.825  1103  1103 D APM_AudioPolicyManager: getOutputForAttrInt() device {type:0x2,@:}, sampling rate 44100, format 0x1, channel mask 0x3, flags 0 stream AUDIO_STREAM_MUSIC
06-05 18:27:23.825   975 28792 D audio_hw_primary: adev_get_parameters:vr_audio_mode_on
06-05 18:27:23.825   975 28792 I audio_hw_primary: getting vr mode to 0
06-05 18:27:23.825   975 28792 D audio_hw_primary: adev_get_parameters: exit: returns - vr_audio_mode_on=false
06-05 18:27:23.825  1103  1103 I hash_map_utils: system/bt/osi/src/hash_map_utils.cc:81 hash_map_utils_dump_string_keys_string_values: key: 'vr_audio_mode_on' value: ''
06-05 18:27:23.826  1582 11174 I OMX-VDEC-1080P: set_frame_rate: the current time is 182723
06-05 18:27:23.826  1103  1103 I AudioPolicyManagerCustom: VR mode is 0, switch to primary output if request is for fast|raw
06-05 18:27:23.826   975 28792 D audio_hw_primary: adev_get_parameters:audio_karaoke_running
06-05 18:27:23.826   975 28792 D audio_hw_primary: get para : audio_karaoke_running = false
06-05 18:27:23.826   975 28792 D soundtrigger: audio_extn_sound_trigger_get_parameters input string<audio_karaoke_running=>
06-05 18:27:23.826   975 28792 D soundtrigger: extract_sm_handle input string <audio_karaoke_running=> param string <audio_karaoke_running=>
06-05 18:27:23.826   975 28792 D audio_hw_extn: audio_extn_fm_get_parameters: Enter
06-05 18:27:23.826   975 28792 D audio_hw_extn: audio_extn_get_parameters: returns audio_karaoke_running=false
06-05 18:27:23.826   975 28792 V msm8974_platform: platform_get_parameters: exit: returns - audio_karaoke_running=false
06-05 18:27:23.826   975 28792 D audio_hw_primary: adev_get_parameters: exit: returns - audio_karaoke_running=false
06-05 18:27:23.826  1103  1103 I hash_map_utils: system/bt/osi/src/hash_map_utils.cc:81 hash_map_utils_dump_string_keys_string_values: key: 'audio_karaoke_running' value: ''
06-05 18:27:23.826  1582 11174 I OMX-VDEC-1080P: set_frame_rate: the current time is 182723
06-05 18:27:23.826  1582 19624 I OMX_VPP : VppOmxComponent::registerVppFakeBuf buffer with size 12 id 11 ts=0 flags:0
06-05 18:27:23.827  1103  1103 I AudioPolicyManagerCustom: setting force DEEP buffer now
06-05 18:27:23.827  1103  1103 D APM_AudioPolicyManager: selectOutput flags 8
06-05 18:27:23.827  1103  1103 D APM_AudioPolicyManager: getOutputForAttrInt()- attributes={ Content type: AUDIO_CONTENT_TYPE_MUSIC Usage: AUDIO_USAGE_MEDIA Source: AUDIO_SOURCE_DEFAULT Flags: 0x800 Tags:  } stream=AUDIO_STREAM_MUSIC session 5905 output 29 selectedDeviceId 0 device {type:0x2,@:} sampling rate 44100 format 0x1channel mask 0x3 flags 0x8 stream AUDIO_STREAM_MUSIC uid 10383
06-05 18:27:23.827  1103  1103 D APM_AudioPolicyManager: getOutputForAttr() returns output 29 requestedPortId 0 selectedDeviceId 3 for port ID 417
06-05 18:27:23.827  1582 19624 I OMX_VPP : VppOmxComponent::registerVppFakeBuf buffer with size 13 id 12 ts=0 flags:0
06-05 18:27:23.827  1103  1103 I AudioFlinger: create audiotrack for com.ss.android.ugc.trill  uid 10383
06-05 18:27:23.827  1103  1103 D AudioFlinger: Client defaulted notificationFrames to 1768 for frameCount 3536
06-05 18:27:23.828  1103  1103 D AF::TrackHandle: OpPlayAudio: track:427 usage:1 not muted
06-05 18:27:23.829  1103  1103 I AudioFlinger: create audiotrack for com.ss.android.ugc.trill  uid 10383
06-05 18:27:23.829  1103  1103 I AudioFlinger: create audiotrack for com.ss.android.ugc.trill  uid 10383
06-05 18:27:23.829  1103  1103 D AF::Track: Track(427): usage = 1 mbIsAttrNeedFade = 1
06-05 18:27:23.830 18541 19474 D AudioTrack: isWhiteListPackage() Uid 10383, package name com.ss.android.ugc.trill
06-05 18:27:23.831 18541 19474 W AudioTrack: Use of stream types is deprecated for operations other than volume control
06-05 18:27:23.831 18541 19474 W AudioTrack: See the documentation of AudioTrack() for what to use instead with android.media.AudioAttributes to qualify your playback use case
06-05 18:27:23.831 18541 19474 I AudioTrack: AudioTrack::setVolume L:1.000000 R:1.000000 and the pakage is com.ss.android.ugc.trill
06-05 18:27:23.832  1103  1103 I audioserver: setGameParameters keyvalue: xlog.volume.music.speaker=34
06-05 18:27:23.832  1103  4045 D AF::Track: setFadeType1 type = 1 mFadeType = 0 isFadeNeeded = 0
06-05 18:27:23.832   975  2315 D audio_hw_primary: adev_set_parameters: enter: xlog.volume.music.speaker=34
06-05 18:27:23.832   975  2315 V msm8974_platform: platform_set_parameters: enter: xlog.volume.music.speaker=34
06-05 18:27:23.832   975  2315 D audio_hw_hfp: hfp_set_parameters: enter
06-05 18:27:23.833   975  2315 D audio_hw_hfp: hfp_set_parameters: enter
06-05 18:27:23.833   975  2315 V a2dp_offload: end of a2dp setparam
06-05 18:27:23.833   975  2315 D audio_hw_cspl_cal: cirrus_cal_setparameters: enter 0xf3003600
06-05 18:27:23.833   975  2315 D audio_hw_extn: audio_extn_fm_set_parameters: Enter
06-05 18:27:23.833   975  2315 D audio_hw_hfp: hfp_set_parameters: enter
06-05 18:27:23.833   975  2315 V a2dp_offload: end of a2dp setparam
06-05 18:27:23.833   975  2315 D audio_hw_primary: adev_set_parameters: exit with code(0)
06-05 18:27:23.834   975  2315 I EffectsFactory: EffectCreate() create_effect
06-05 18:27:23.835  1103  1596 V APM::EffectDescriptor: registerEffect() effect Volume listener for Music, io 29, session 5905 id 755
06-05 18:27:23.835  1103  1596 V APM::EffectDescriptor: registerEffect() memory 1, total memory 3
06-05 18:27:23.835  1103  1596 V APM::EffectDescriptor: setEffectEnabled(true) total CPU 0
