06-05 18:30:06.577  1582 28787 E OMX-VDEC-1080P: set_parameter: Error: 0x8000101a, setting param 0x7f000002
06-05 18:30:06.577  1582 28787 E OMXNodeInstance: setParameter(0xf0983804:qcom.decoder.hevc, ??(0x7f000002)) ERROR: UnsupportedIndex(0x8000101a)
06-05 18:30:06.577 18541 11760 W ExtendedACodec: Failed to set frame packing format on component
06-05 18:30:06.579  1582  1739 I OMX_VPP : FRAME WIDTH 1280 FRAME HEIGHT 720
06-05 18:30:06.579  1582  1739 I OMX_VPP : get_parameter counts 28 28
06-05 18:30:06.579  1582  1739 I OMX_VPP : FRAME WIDTH 1280 FRAME HEIGHT 720
06-05 18:30:06.579  1582  1739 I OMX_VPP : get_parameter counts 28 28
06-05 18:30:06.580  1582  1739 E OMXNodeInstance: getConfig(0xf0983804:qcom.decoder.hevc, ??(0x7f000062)) ERROR: UnsupportedSetting(0x80001019)
06-05 18:30:06.582  1582  1739 I OMX_VPP : send_command In 0 param1 2
06-05 18:30:06.583  1850  2553 D MIUIInput: [MotionEvent] publisher action=0x1, 5594631, channel 'f66205e com.ss.android.ugc.trill/com.ss.android.ugc.aweme.splash.SplashActivity (server)'
06-05 18:30:06.583  1034  1034 W perf@2.2-servic: type=1400 audit(0.0:6090): avc: denied { search } for name="1575" dev="proc" ino=735398 scontext=u:r:vendor_hal_perf_default:s0 tcontext=u:r:vendor_perfservice:s0 tclass=dir permissive=0
06-05 18:30:06.583  1034  1034 W perf@2.2-servic: type=1400 audit(0.0:6091): avc: denied { search } for name="1575" dev="proc" ino=735398 scontext=u:r:vendor_hal_perf_default:s0 tcontext=u:r:vendor_perfservice:s0 tclass=dir permissive=0
06-05 18:30:06.584  1850  1941 D PerfImpl: perfGetWorkLoadType
06-05 18:30:06.584  1034  1034 E vendor.qti.hardware.perf@2.2-service: Unknown params
06-05 18:30:06.584  1034  1034 I ANDR-PERF-LM: LMPerfGlue: perfmodule_submit_request() 132: perfmodule_submit_request()
06-05 18:30:06.584  1034  1034 I ANDR-PERF-LM: Core: getInstance() 84: LM getInstance
06-05 18:30:06.584  1034  1034 D ANDR-PERF-LM: Feature: lookup() 101: Feature Name = AppClassifier, total featuers = 3, featureFound = 1
06-05 18:30:06.584  1034  1034 D ANDR-PERF-LM: Feature: getData() 112: data.data = 1
06-05 18:30:06.584  1034  1034 I ANDR-PERF-LM: FeedbackAPI: getFeedback() 60: app:com.ss.android.ugc.trill feature:AppClassifier feedback = 1
06-05 18:30:06.584  1850  1941 D PerfImpl: perfScrollBoost: com.ss.android.ugc.trill, 1814, 1
06-05 18:30:06.586  1034  1034 E vendor.qti.hardware.perf@2.2-service: Unknown params
06-05 18:30:06.586  1034  1034 I ANDR-PERF-LM: LMPerfGlue: perfmodule_submit_request() 132: perfmodule_submit_request()
06-05 18:30:06.586  1034  1034 I ANDR-PERF-LM: Core: getInstance() 84: LM getInstance
06-05 18:30:06.586  1034  1034 I ANDR-PERF-LM: WQ: push() 59: LMTriggerQ push() size=0
06-05 18:30:06.586  1034  1034 I ANDR-PERF-LM: WQ: push() 61: LMTriggerQ push() done size=1
06-05 18:30:06.586  1034  1092 I ANDR-PERF-LM: WQ: pop() 42: LMTriggerQ pop() done size=0
06-05 18:30:06.586  1034  1092 I ANDR-PERF-LM: Core: lmMain() 373: Waiting on trigger Queue
06-05 18:30:06.586  1034  1092 I ANDR-PERF-LM: WQ: pop() 31: LMTriggerQ pop() size=0
06-05 18:30:06.586 18541 10727 W System.err: java.io.FileNotFoundException: /proc/stat: open failed: EACCES (Permission denied)
06-05 18:30:06.586 18541 10727 W System.err: 	at libcore.io.IoBridge.open(IoBridge.java:575)
06-05 18:30:06.586 18541 10727 W System.err: 	at java.io.RandomAccessFile.<init>(RandomAccessFile.java:289)
06-05 18:30:06.586 18541 10727 W System.err: 	at java.io.RandomAccessFile.<init>(RandomAccessFile.java:152)
06-05 18:30:06.587 18541 10727 W System.err: 	at X.6gK.LIZ(SourceFile:393238)
06-05 18:30:06.587 18541 10727 W System.err: 	at X.6gM.call(SourceFile:65536)
06-05 18:30:06.587 18541 10727 W System.err: 	at X.0BO.run(SourceFile:262166)
06-05 18:30:06.587 18541 10727 W System.err: 	at X.0fb.run(SourceFile:459005)
06-05 18:30:06.587 18541 10727 W System.err: 	at java.util.concurrent.ThreadPoolExecutor.runWorker(ThreadPoolExecutor.java:1167)
06-05 18:30:06.587 18541 10727 W System.err: 	at java.util.concurrent.ThreadPoolExecutor$Worker.run(ThreadPoolExecutor.java:641)
06-05 18:30:06.587 18541 10727 W System.err: 	at X.0ff.run(SourceFile:131081)
06-05 18:30:06.587 18541 10727 W System.err: 	at java.lang.Thread.run(Thread.java:920)
06-05 18:30:06.587 18541 10727 W System.err: Caused by: android.system.ErrnoException: open failed: EACCES (Permission denied)
06-05 18:30:06.587 18541 10727 W System.err: 	at libcore.io.Linux.open(Native Method)
06-05 18:30:06.587 18541 10727 W System.err: 	at libcore.io.ForwardingOs.open(ForwardingOs.java:567)
06-05 18:30:06.587 18541 10727 W System.err: 	at libcore.io.BlockGuardOs.open(BlockGuardOs.java:273)
06-05 18:30:06.587 18541 10727 W System.err: 	at libcore.io.ForwardingOs.open(ForwardingOs.java:567)
06-05 18:30:06.587 18541 10727 W System.err: 	at android.app.ActivityThread$AndroidOs.open(ActivityThread.java:7980)
06-05 18:30:06.587 18541 10727 W System.err: 	at libcore.io.IoBridge.open(IoBridge.java:561)
06-05 18:30:06.587 18541 10727 W System.err: 	... 10 more
06-05 18:30:06.587 18541 19359 I ttmn    : <0x0,normal_clock.cpp,resume,114>aclock test: resume, update time: 4189
06-05 18:30:06.587 18541 19359 I ttmn    : <0x0,av_base_thread.cpp,run,306>Player-V94:thread to stop.mState:1431655765
06-05 18:30:06.587 18541 19461 I ttmn    : <0x0,av_base_thread.cpp,run,306>Reader-V94:thread to stop.mState:1431655768
06-05 18:30:06.587 18541 19351 I ttmn    : <0x0,av_base_thread.cpp,run,306>ADecode-V94:thread to stop.mState:1431655765
06-05 18:30:06.591  1850  1941 D PerfImpl: perfGetWorkLoadType
06-05 18:30:06.591  1034  1034 E vendor.qti.hardware.perf@2.2-service: Unknown params
06-05 18:30:06.591  1034  1034 I ANDR-PERF-LM: LMPerfGlue: perfmodule_submit_request() 132: perfmodule_submit_request()
06-05 18:30:06.591  1034  1034 I ANDR-PERF-LM: Core: getInstance() 84: LM getInstance
06-05 18:30:06.591  1034  1034 D ANDR-PERF-LM: Feature: lookup() 101: Feature Name = AppClassifier, total featuers = 3, featureFound = 1
06-05 18:30:06.592  1034  1034 D ANDR-PERF-LM: Feature: getData() 112: data.data = 1
06-05 18:30:06.592  1034  1034 I ANDR-PERF-LM: FeedbackAPI: getFeedback() 60: app:com.ss.android.ugc.trill feature:AppClassifier feedback = 1
06-05 18:30:06.592  1850  1941 D PerfImpl: perfScrollBoost: com.ss.android.ugc.trill, -1, 4
06-05 18:30:06.592  1034  1034 E vendor.qti.hardware.perf@2.2-service: Unknown params
06-05 18:30:06.592  1034  1034 I ANDR-PERF-LM: LMPerfGlue: perfmodule_submit_request() 132: perfmodule_submit_request()
06-05 18:30:06.592 18541 19474 I ttmn    : <0x0,av_base_thread.cpp,run,306>VDecode-V94:thread to stop.mState:1431655768
06-05 18:30:06.592  1034  1034 I ANDR-PERF-LM: Core: getInstance() 84: LM getInstance
06-05 18:30:06.592  1034  1034 I ANDR-PERF-LM: WQ: push() 59: LMTriggerQ push() size=0
06-05 18:30:06.592  1034  1034 I ANDR-PERF-LM: WQ: push() 61: LMTriggerQ push() done size=1
06-05 18:30:06.592  1034  1092 I ANDR-PERF-LM: WQ: pop() 42: LMTriggerQ pop() done size=0
06-05 18:30:06.592  1034  1092 I ANDR-PERF-LM: Core: lmMain() 373: Waiting on trigger Queue
06-05 18:30:06.592  1034  1092 I ANDR-PERF-LM: WQ: pop() 31: LMTriggerQ pop() size=0
06-05 18:30:06.592  1850  1941 D PerfImpl: perfGetWorkLoadType
06-05 18:30:06.593  1034  1034 E vendor.qti.hardware.perf@2.2-service: Unknown params
06-05 18:30:06.593  1034  1034 I ANDR-PERF-LM: LMPerfGlue: perfmodule_submit_request() 132: perfmodule_submit_request()
06-05 18:30:06.593  1034  1034 I ANDR-PERF-LM: Core: getInstance() 84: LM getInstance
06-05 18:30:06.593  1034  1034 D ANDR-PERF-LM: Feature: lookup() 101: Feature Name = AppClassifier, total featuers = 3, featureFound = 1
06-05 18:30:06.593  1034  1034 D ANDR-PERF-LM: Feature: getData() 112: data.data = 1
06-05 18:30:06.593  1034  1034 I ANDR-PERF-LM: FeedbackAPI: getFeedback() 60: app:com.ss.android.ugc.trill feature:AppClassifier feedback = 1
06-05 18:30:06.593  1850  1941 D PerfImpl: perfLockRelease
06-05 18:30:06.594  1582 11723 I OMX-VDEC-1080P: set_frame_rate: the current time is 183006
06-05 18:30:06.594  1582 11723 I OMX-VDEC-1080P: set_frame_rate: the current time is 183006
06-05 18:30:06.594  1582 11723 I OMX-VDEC-1080P: set_frame_rate: the current time is 183006
06-05 18:30:06.594  1582 11723 I OMX-VDEC-1080P: set_frame_rate: the current time is 183006
06-05 18:30:06.595  1582 11723 I OMX-VDEC-1080P: set_frame_rate: the current time is 183006
06-05 18:30:06.595 18541 19460 I ttmn    : <0x0,av_base_thread.cpp,run,306>AGraph-V94:thread to stop.mState:1431655768
06-05 18:30:06.596 18541 19350 D AudioTrack:  pause(sessionID=6017)
06-05 18:30:06.596 18541 19350 D AudioTrack: pause(434): prior state:STATE_ACTIVE
06-05 18:30:06.596  1103  6927 D AF::Track: setFadeType1 type = 2 mFadeType = 0 isFadeNeeded = 0
06-05 18:30:06.596  1103  6927 E audioserver: open /proc/18541/cmdline error
06-05 18:30:06.596  1103  6927 I audioserver: setAppName(), name=[], active=[0]
06-05 18:30:06.596   975  1043 V EffectMiSound: MiSound_command() start, cmdCode=24
06-05 18:30:06.596   975  1043 V EffectMiSound: MiSound_Command EFFECT_CMD_SET_APP_NAME: stream=3, name=-
06-05 18:30:06.597  1582 11723 I OMX-VDEC-1080P: set_frame_rate: the current time is 183006
06-05 18:30:06.597 18541 19352 I ttmn    : <0x0,av_base_thread.cpp,run,306>AOutlet-V94:thread to stop.mState:1431655768
06-05 18:30:06.597 18541 10896 D AudioTrack: stop(sessionID=6017)
06-05 18:30:06.597 18541 10896 D AudioTrack: stop(434): prior state:STATE_PAUSED
06-05 18:30:06.597 18541 10896 D AudioTrack: stop(434): called with 628793 frames delivered
06-05 18:30:06.597  1103  6927 D AF::Track: setFadeType1 type = 2 mFadeType = 0 isFadeNeeded = 0
06-05 18:30:06.597  1103  6927 E audioserver: open /proc/18541/cmdline error
06-05 18:30:06.597  1103  6927 I audioserver: setAppName(), name=[], active=[0]
06-05 18:30:06.597   975  1043 V EffectMiSound: MiSound_command() start, cmdCode=24
06-05 18:30:06.597   975  1043 V EffectMiSound: MiSound_Command EFFECT_CMD_SET_APP_NAME: stream=3, name=-
06-05 18:30:06.598 18541 10896 D AudioTrack: ~AudioTrack(sessionID=6017)
06-05 18:30:06.598 18541 10896 D AudioTrack: stop(sessionID=6017)
06-05 18:30:06.598 18541 10896 D AudioTrack: stop(434): prior state:STATE_STOPPED
06-05 18:30:06.599 18541 29532 W MessageQueue: Handler (android.os.Handler) {f78845b} sending message to a Handler on a dead thread
06-05 18:30:06.599 18541 29532 W MessageQueue: java.lang.IllegalStateException: Handler (android.os.Handler) {f78845b} sending message to a Handler on a dead thread
06-05 18:30:06.599 18541 29532 W MessageQueue: 	at android.os.MessageQueue.enqueueMessage(MessageQueue.java:569)
06-05 18:30:06.599 18541 29532 W MessageQueue: 	at android.os.Handler.enqueueMessage(Handler.java:778)
06-05 18:30:06.599 18541 29532 W MessageQueue: 	at android.os.Handler.sendMessageAtTime(Handler.java:727)
06-05 18:30:06.599 18541 29532 W MessageQueue: 	at android.os.Handler.sendMessageDelayed(Handler.java:697)
06-05 18:30:06.599 18541 29532 W MessageQueue: 	at android.os.Handler.post(Handler.java:427)
06-05 18:30:06.599 18541 29532 W MessageQueue: 	at X.HKP.LIZ(SourceFile:33751054)
06-05 18:30:06.599 18541 29532 W MessageQueue: 	at X.HKP.LIZIZ(SourceFile:16908295)
06-05 18:30:06.599 18541 29532 W MessageQueue: 	at X.RPA.LIZ(SourceFile:17170456)
06-05 18:30:06.599 18541 29532 W MessageQueue: 	at X.IuS.LIZLLL(SourceFile:34078895)
06-05 18:30:06.599 18541 29532 W MessageQueue: 	at X.IuS.LJJJJZI(SourceFile:327682)
06-05 18:30:06.599 18541 29532 W MessageQueue: 	at X.IuS.LJIILIIL(SourceFile:262196)
06-05 18:30:06.599 18541 29532 W MessageQueue: 	at X.6Z1.LJIILIIL(SourceFile:65538)
06-05 18:30:06.599 18541 29532 W MessageQueue: 	at X.6U2.LIZLLL(SourceFile:327752)
06-05 18:30:06.599 18541 29532 W MessageQueue: 	at X.6Nc.LJ(SourceFile:327746)
06-05 18:30:06.599 18541 29532 W MessageQueue: 	at X.6NK.handleMessage(SourceFile:17301998)
06-05 18:30:06.599 18541 29532 W MessageQueue: 	at android.os.Handler.dispatchMessage(Handler.java:106)
06-05 18:30:06.599 18541 29532 W MessageQueue: 	at android.os.Looper.loopOnce(Looper.java:210)
06-05 18:30:06.599 18541 29532 W MessageQueue: 	at android.os.Looper.loop(Looper.java:299)
06-05 18:30:06.599 18541 29532 W MessageQueue: 	at android.os.HandlerThread.run(HandlerThread.java:67)
06-05 18:30:06.600  1103  6927 I audioserver: setGameParameters keyvalue: xlog.volume.music.speaker=44
06-05 18:30:06.600   975  1043 D audio_hw_primary: adev_set_parameters: enter: xlog.volume.music.speaker=44
06-05 18:30:06.600   975  1043 V msm8974_platform: platform_set_parameters: enter: xlog.volume.music.speaker=44
06-05 18:30:06.600   975  1043 D audio_hw_hfp: hfp_set_parameters: enter
06-05 18:30:06.600   975  1043 D audio_hw_hfp: hfp_set_parameters: enter
06-05 18:30:06.600   975  1043 V a2dp_offload: end of a2dp setparam
06-05 18:30:06.600   975  1043 D audio_hw_cspl_cal: cirrus_cal_setparameters: enter 0xf3003600
06-05 18:30:06.600   975  1043 D audio_hw_extn: audio_extn_fm_set_parameters: Enter
06-05 18:30:06.600   975  1043 D audio_hw_hfp: hfp_set_parameters: enter
06-05 18:30:06.600   975  1043 V a2dp_offload: end of a2dp setparam
06-05 18:30:06.600   975  1043 D audio_hw_primary: adev_set_parameters: exit with code(0)
06-05 18:30:06.600 18541 29532 W MessageQueue: Handler (android.os.Handler) {f78845b} sending message to a Handler on a dead thread
06-05 18:30:06.600 18541 29532 W MessageQueue: java.lang.IllegalStateException: Handler (android.os.Handler) {f78845b} sending message to a Handler on a dead thread
06-05 18:30:06.600 18541 29532 W MessageQueue: 	at android.os.MessageQueue.enqueueMessage(MessageQueue.java:569)
06-05 18:30:06.600 18541 29532 W MessageQueue: 	at android.os.Handler.enqueueMessage(Handler.java:778)
06-05 18:30:06.600 18541 29532 W MessageQueue: 	at android.os.Handler.sendMessageAtTime(Handler.java:727)
06-05 18:30:06.600 18541 29532 W MessageQueue: 	at android.os.Handler.sendMessageDelayed(Handler.java:697)
06-05 18:30:06.600 18541 29532 W MessageQueue: 	at android.os.Handler.post(Handler.java:427)
06-05 18:30:06.600 18541 29532 W MessageQueue: 	at X.HKP.LIZ(SourceFile:33751054)
06-05 18:30:06.600 18541 29532 W MessageQueue: 	at X.HKP.LIZIZ(SourceFile:16908295)
06-05 18:30:06.600 18541 29532 W MessageQueue: 	at X.RPA.LIZ(SourceFile:17170456)
06-05 18:30:06.600 18541 29532 W MessageQueue: 	at X.IuS.LIZLLL(SourceFile:34078895)
06-05 18:30:06.600 18541 29532 W MessageQueue: 	at X.IuS.LJJJLIIL(SourceFile:262158)
06-05 18:30:06.600 18541 29532 W MessageQueue: 	at X.IuS.LJIILJJIL(SourceFile:262178)
06-05 18:30:06.600 18541 29532 W MessageQueue: 	at X.6Z1.LJIILJJIL(SourceFile:196616)
06-05 18:30:06.600 18541 29532 W MessageQueue: 	at X.6U2.LJ(SourceFile:262181)
06-05 18:30:06.600 18541 29532 W MessageQueue: 	at X.6Nc.LJI(SourceFile:327738)
06-05 18:30:06.600 18541 29532 W MessageQueue: 	at X.6NK.handleMessage(SourceFile:17301716)
06-05 18:30:06.600 18541 29532 W MessageQueue: 	at android.os.Handler.dispatchMessage(Handler.java:106)
06-05 18:30:06.600 18541 29532 W MessageQueue: 	at android.os.Looper.loopOnce(Looper.java:210)
06-05 18:30:06.600 18541 29532 W MessageQueue: 	at android.os.Looper.loop(Looper.java:299)
06-05 18:30:06.600 18541 29532 W MessageQueue: 	at android.os.HandlerThread.run(HandlerThread.java:67)
06-05 18:30:06.601  1582 11723 I OMX-VDEC-1080P: set_frame_rate: the current time is 183006
06-05 18:30:06.602  1582 11723 I OMX-VDEC-1080P: set_frame_rate: the current time is 183006
06-05 18:30:06.602  1582 11723 I OMX-VDEC-1080P: set_frame_rate: the current time is 183006
06-05 18:30:06.602  1582 11723 I OMX-VDEC-1080P: set_frame_rate: the current time is 183006
06-05 18:30:06.603  1582 11723 I OMX-VDEC-1080P: set_frame_rate: the current time is 183006
06-05 18:30:06.603  1582 11723 I OMX-VDEC-1080P: set_frame_rate: the current time is 183006
06-05 18:30:06.604  1582 28787 I OMX_VPP : FRAME WIDTH 1280 FRAME HEIGHT 720
06-05 18:30:06.604  1582 28787 I OMX_VPP : get_parameter counts 28 28
06-05 18:30:06.604  1582 28787 I OMX_VPP : FRAME WIDTH 1280 FRAME HEIGHT 720
06-05 18:30:06.604  1582 28787 I OMX_VPP : get_parameter counts 28 28
06-05 18:30:06.604  1582 28787 E OMX-VDEC-1080P: Extension: OMX.google.android.index.AndroidNativeBufferConsumerUsage not implemented
06-05 18:30:06.604 18541 19470 I ttmn    : <0x0,av_base_thread.cpp,run,306>VOutlet-V94:thread to stop.mState:1431655768
06-05 18:30:06.604 18541 11760 D SurfaceUtils: set up nativeWindow 0x7a3f439010 for 720x1280, color 0x7fa30c06, rotation 0, usage 0x20402900
06-05 18:30:06.605  1582 27337 I OMX_VPP : frc valid: true
06-05 18:30:06.605  1582 27337 I OMX_VPP : aie valid: true
06-05 18:30:06.605  1582 27337 I OMX_VPP : RegisterClientBuffer: omxBuf=0xf113ef40, id=0, obdIdx=0, invalid=0, omxHdr=0xf0ec0800, vppBuf=0xf113ef50, handle=0xf13a23e8, pool=0
06-05 18:30:06.605  1582 27337 I OMX_VPP : RegisterClientBuffer: omxBuf=0xf113f090, id=1, obdIdx=0, invalid=0, omxHdr=0xf0ec0850, vppBuf=0xf113f0a0, handle=0xf13a23e0, pool=0
06-05 18:30:06.605  1582 28787 I OMX_VPP : RegisterClientBuffer: omxBuf=0xf113f3a0, id=2, obdIdx=0, invalid=0, omxHdr=0xf0ec08a0, vppBuf=0xf113f3b0, handle=0xf173dcc8, pool=0
06-05 18:30:06.605  1582 27337 I OMX_VPP : RegisterClientBuffer: omxBuf=0xf113f100, id=3, obdIdx=0, invalid=0, omxHdr=0xf0ec08f0, vppBuf=0xf113f110, handle=0xf13a23f8, pool=0
06-05 18:30:06.605 18541 29511 I ttmn    : <0x0,av_base_thread.cpp,run,306>fake_jmc_as:thread to stop.mState:1431655768
06-05 18:30:06.606  1582 27337 I OMX_VPP : RegisterClientBuffer: omxBuf=0xf113fe20, id=4, obdIdx=0, invalid=0, omxHdr=0xf0ec0940, vppBuf=0xf113fe30, handle=0xf13a23f0, pool=0
06-05 18:30:06.606  1582 27337 I OMX_VPP : RegisterClientBuffer: omxBuf=0xf113ff70, id=5, obdIdx=0, invalid=0, omxHdr=0xf0ec0990, vppBuf=0xf113ff80, handle=0xf13a2400, pool=0
06-05 18:30:06.606  1582 28787 I OMX_VPP : send_command In 0 param1 2
06-05 18:30:06.606  1582 27337 I OMX_VPP : RegisterClientBuffer: omxBuf=0xf11400c0, id=6, obdIdx=0, invalid=0, omxHdr=0xf0ec09e0, vppBuf=0xf11400d0, handle=0xf13a2408, pool=0
06-05 18:30:06.606  1582 27337 I OMX_VPP : RegisterClientBuffer: omxBuf=0xf113c770, id=7, obdIdx=0, invalid=0, omxHdr=0xf0ec0a30, vppBuf=0xf113c780, handle=0xf13a2410, pool=0
06-05 18:30:06.606  1582 27337 I OMX_VPP : RegisterClientBuffer: omxBuf=0xf113c7e0, id=8, obdIdx=0, invalid=0, omxHdr=0xf0ec0a80, vppBuf=0xf113c7f0, handle=0xf13a2420, pool=0
06-05 18:30:06.606  1582 28787 I OMX_VPP : RegisterClientBuffer: omxBuf=0xf113c690, id=9, obdIdx=0, invalid=0, omxHdr=0xf0ec0ad0, vppBuf=0xf113c6a0, handle=0xf173dcb8, pool=0
06-05 18:30:06.606  1582 28787 I OMX_VPP : RegisterClientBuffer: omxBuf=0xf12f8fe0, id=10, obdIdx=0, invalid=0, omxHdr=0xf0ec0b20, vppBuf=0xf12f8ff0, handle=0xf173dce0, pool=0
06-05 18:30:06.606  1582 28787 I OMX_VPP : RegisterClientBuffer: omxBuf=0xf12f9980, id=11, obdIdx=0, invalid=0, omxHdr=0xf0ec0b70, vppBuf=0xf12f9990, handle=0xf173dd20, pool=0
06-05 18:30:06.606  1582 28787 I OMX_VPP : RegisterClientBuffer: omxBuf=0xf113ca80, id=12, obdIdx=0, invalid=0, omxHdr=0xf0ec0bc0, vppBuf=0xf113ca90, handle=0xf173dd60, pool=0
06-05 18:30:06.606  1582 28787 I OMX_VPP : RegisterClientBuffer: omxBuf=0xf12f8170, id=13, obdIdx=0, invalid=0, omxHdr=0xf0ec0c10, vppBuf=0xf12f8180, handle=0xf173deb8, pool=0
06-05 18:30:06.607  1582 28787 I OMX_VPP : RegisterClientBuffer: omxBuf=0xf12fa010, id=14, obdIdx=0, invalid=0, omxHdr=0xf0ec0c60, vppBuf=0xf12fa020, handle=0xf173dec0, pool=0
06-05 18:30:06.607  1582 28787 I OMX_VPP : RegisterClientBuffer: omxBuf=0xf12f7920, id=15, obdIdx=0, invalid=0, omxHdr=0xf0ec0cb0, vppBuf=0xf12f7930, handle=0xf173df00, pool=0
06-05 18:30:06.607  1582 28787 I OMX_VPP : RegisterClientBuffer: omxBuf=0xf12f8db0, id=16, obdIdx=0, invalid=0, omxHdr=0xf0ec0d00, vppBuf=0xf12f8dc0, handle=0xf173df10, pool=0
06-05 18:30:06.607  1582 28787 I OMX_VPP : RegisterClientBuffer: omxBuf=0xf12f8e20, id=17, obdIdx=0, invalid=0, omxHdr=0xf0ec0d50, vppBuf=0xf12f8e30, handle=0xf173df50, pool=0
06-05 18:30:06.607  1582 27337 I OMX_VPP : RegisterClientBuffer: omxBuf=0xf113c8c0, id=18, obdIdx=0, invalid=0, omxHdr=0xf0ec0da0, vppBuf=0xf113c8d0, handle=0xf13a2428, pool=0
06-05 18:30:06.607  1582 11723 I OMX_VPP : Flush during executing to idle!
06-05 18:30:06.607  1582 11723 I OMX_VPP : OMX_CommandStateSet FakeFlush
06-05 18:30:06.607  1582 27337 I OMX_VPP : RegisterClientBuffer: omxBuf=0xf1140130, id=19, obdIdx=0, invalid=0, omxHdr=0xf0ec0df0, vppBuf=0xf1140140, handle=0xf13a2430, pool=0
06-05 18:30:06.607  1582 11723 I OMX_VPP : VppOmxComponent::clearVppFakeBufs size 15
06-05 18:30:06.607  1582 11723 I OMX_VPP : VppEvent 1
06-05 18:30:06.607  1582 11723 I OMX_VPP : FakeFlush e.flush_done.port:0
06-05 18:30:06.607  1582 11723 I OMX_VPP : VppOmxComponent::clearVppFakeBufs size 0
06-05 18:30:06.607  1582 11723 I OMX_VPP : VppEvent 1
06-05 18:30:06.607  1582 11723 I OMX_VPP : FakeFlush e.flush_done.port:1
06-05 18:30:06.607  1582 27337 I OMX_VPP : RegisterClientBuffer: omxBuf=0xf11401a0, id=20, obdIdx=0, invalid=0, omxHdr=0xf0ec0e40, vppBuf=0xf11401b0, handle=0xf13a2438, pool=0
06-05 18:30:06.607  1582 27337 I OMX_VPP : RegisterClientBuffer: omxBuf=0xf1140210, id=21, obdIdx=0, invalid=0, omxHdr=0xf0ec0e90, vppBuf=0xf1140220, handle=0xf13a2448, pool=0
06-05 18:30:06.607  1582 27337 I OMX_VPP : RegisterClientBuffer: omxBuf=0xf1140280, id=22, obdIdx=0, invalid=0, omxHdr=0xf0ec0ee0, vppBuf=0xf1140290, handle=0xf13a2450, pool=0
06-05 18:30:06.608  1582  1739 I OMX_VPP : send_command In 0 param1 1
06-05 18:30:06.608  1582 27337 I OMX_VPP : RegisterClientBuffer: omxBuf=0xf11402f0, id=23, obdIdx=0, invalid=0, omxHdr=0xf0ec0f30, vppBuf=0xf1140300, handle=0xf13a2458, pool=0
06-05 18:30:06.608  1582 27337 I OMX_VPP : RegisterClientBuffer: omxBuf=0xf12f78b0, id=24, obdIdx=0, invalid=0, omxHdr=0xf0ec0f80, vppBuf=0xf12f78c0, handle=0xf13a2468, pool=0
06-05 18:30:06.608  1582 28787 I OMX_VPP : RegisterClientBuffer: omxBuf=0xf12f8e90, id=25, obdIdx=0, invalid=0, omxHdr=0xf0ec0fd0, vppBuf=0xf12f8ea0, handle=0xf173df78, pool=0
06-05 18:30:06.608  1582  1739 I OMX_VPP : RegisterClientBuffer: omxBuf=0xf113cbd0, id=26, obdIdx=0, invalid=0, omxHdr=0xf0ec1020, vppBuf=0xf113cbe0, handle=0xf173dfb8, pool=0
06-05 18:30:06.608  1582  1739 I OMX_VPP : RegisterClientBuffer: omxBuf=0xf12fb6d0, id=27, obdIdx=0, invalid=0, omxHdr=0xf0ec1070, vppBuf=0xf12fb6e0, handle=0xf173dc50, pool=0
06-05 18:30:06.608  1582  1739 I OMX_VPP : RegisterClientBuffer: omxBuf=0xf12f85d0, id=28, obdIdx=0, invalid=0, omxHdr=0xf0ec10c0, vppBuf=0xf12f85e0, handle=0xf0efe158, pool=0
06-05 18:30:06.608  1582  1739 I OMX_VPP : RegisterClientBuffer: omxBuf=0xf113d490, id=29, obdIdx=0, invalid=0, omxHdr=0xf0ec1110, vppBuf=0xf113d4a0, handle=0xf0efe1c0, pool=0
06-05 18:30:06.610  1582  1739 I OMX_VPP : RegisterClientBuffer: omxBuf=0xf12f89c0, id=30, obdIdx=0, invalid=0, omxHdr=0xf0ec1160, vppBuf=0xf12f89d0, handle=0xf0efe250, pool=0
06-05 18:30:06.611  1582  1739 I OMX_VPP : RegisterClientBuffer: omxBuf=0xf12fb2e0, id=31, obdIdx=0, invalid=0, omxHdr=0xf0ec11b0, vppBuf=0xf12fb2f0, handle=0xf0efe278, pool=0
06-05 18:30:06.611  1582  1739 I OMX_VPP : RegisterClientBuffer: omxBuf=0xf12f8d40, id=32, obdIdx=0, invalid=0, omxHdr=0xf0ec1200, vppBuf=0xf12f8d50, handle=0xf13a2058, pool=0
06-05 18:30:06.611  1582 27337 I OMX_VPP : send_command In 0 param1 3
06-05 18:30:06.611  1757  9603 W ResourceManagerService: Ignoring request to add new resource entry with value <= 0
06-05 18:30:06.612 18541 19474 I ttmn    : <0x0,ff_acodecer.cpp,open,84>support xheaac: 0, decodec all AAC through FDKAAC: 0
06-05 18:30:06.614 18541 19474 I ffmpeg  : [aac @ 0x7ac2c53400] <utils.c avcodec_decode_audio4 2454> Could not update timestamps for skipped samples.
06-05 18:30:06.614 18541 19474 I ffmpeg  :
06-05 18:30:06.614  1582  1739 I OMX_VPP : VppOmxComponent::registerVppFakeBuf buffer with size 1 id 0 ts=0 flags:0
06-05 18:30:06.617  1582 11762 I OMX_VPP : frc valid: true
06-05 18:30:06.617  1582 11762 I OMX_VPP : aie valid: true
06-05 18:30:06.617  1582 11762 I OMX_VPP : updateParameterFromOutPort needReconfigure true
06-05 18:30:06.617  1582 11762 I OMX_VPP : sending reconfigure to VPP library
06-05 18:30:06.617  1582 11762 I OMX_VPP : needReconfigure FakeReconfigure
06-05 18:30:06.617  1582 11762 I OMX_VPP : FakeReconfigure
06-05 18:30:06.617  1582 11762 I OMX_VPP : VppEvent 2
06-05 18:30:06.617  1582 11762 I OMX_VPP : needReconfigureu 32Ret 0
06-05 18:30:06.620  1582 19624 I OMX_VPP : FRAME WIDTH 576 FRAME HEIGHT 576
06-05 18:30:06.620  1582 19624 I OMX_VPP : get_parameter counts 33 28
06-05 18:30:06.620  1582 27338 I OMX_VPP : FRAME WIDTH 576 FRAME HEIGHT 576
06-05 18:30:06.620  1582 27338 I OMX_VPP : get_parameter counts 33 28
06-05 18:30:06.620 18541 28778 W MessageQueue: Handler (android.os.Handler) {f78845b} sending message to a Handler on a dead thread
06-05 18:30:06.620 18541 28778 W MessageQueue: java.lang.IllegalStateException: Handler (android.os.Handler) {f78845b} sending message to a Handler on a dead thread
06-05 18:30:06.620 18541 28778 W MessageQueue: 	at android.os.MessageQueue.enqueueMessage(MessageQueue.java:569)
06-05 18:30:06.620 18541 28778 W MessageQueue: 	at android.os.Handler.enqueueMessage(Handler.java:778)
06-05 18:30:06.620 18541 28778 W MessageQueue: 	at android.os.Handler.sendMessageAtTime(Handler.java:727)
06-05 18:30:06.620 18541 28778 W MessageQueue: 	at android.os.Handler.sendMessageDelayed(Handler.java:697)
06-05 18:30:06.620 18541 28778 W MessageQueue: 	at android.os.Handler.post(Handler.java:427)
06-05 18:30:06.620 18541 28778 W MessageQueue: 	at X.HKP.LIZ(SourceFile:33751054)
06-05 18:30:06.620 18541 28778 W MessageQueue: 	at X.HKP.LIZ(SourceFile:16908295)
06-05 18:30:06.620 18541 28778 W MessageQueue: 	at X.RPA.LJFF(SourceFile:327795)
06-05 18:30:06.620 18541 28778 W MessageQueue: 	at X.IuS.LJIIJ(SourceFile:17236170)
06-05 18:30:06.620 18541 28778 W MessageQueue: 	at X.IuS.LJJJJL(SourceFile:262195)
06-05 18:30:06.620 18541 28778 W MessageQueue: 	at X.IuS.LJIIJJI(SourceFile:262186)
06-05 18:30:06.620 18541 28778 W MessageQueue: 	at X.6Z1.LJIIJJI(SourceFile:65538)
06-05 18:30:06.620 18541 28778 W MessageQueue: 	at X.6U2.LIZIZ(SourceFile:327762)
06-05 18:30:06.620 18541 28778 W MessageQueue: 	at X.6Nc.LIZLLL(SourceFile:393362)
06-05 18:30:06.620 18541 28778 W MessageQueue: 	at X.6Jv.LIZ(SourceFile:393391)
06-05 18:30:06.620 18541 28778 W MessageQueue: 	at X.6U3.LIZIZ(SourceFile:17104938)
06-05 18:30:06.620 18541 28778 W MessageQueue: 	at X.IuZ.LIZ(SourceFile:17301642)
06-05 18:30:06.620 18541 28778 W MessageQueue: 	at com.ss.ttm.player.TTPlayerClient.LIZ(SourceFile:1076)
06-05 18:30:06.620 18541 28778 W MessageQueue: 	at com.ss.ttm.player.TTPlayerClient.handleMessage(SourceFile:16973840)
06-05 18:30:06.620 18541 28778 W MessageQueue: 	at android.os.Handler.dispatchMessage(Handler.java:102)
06-05 18:30:06.620 18541 28778 W MessageQueue: 	at android.os.Looper.loopOnce(Looper.java:210)
06-05 18:30:06.620 18541 28778 W MessageQueue: 	at android.os.Looper.loop(Looper.java:299)
06-05 18:30:06.620 18541 28778 W MessageQueue: 	at android.os.HandlerThread.run(HandlerThread.java:67)
06-05 18:30:06.621  1582  5407 E OMXNodeInstance: getConfig(0xf0983804:qcom.decoder.hevc, ??(0x7f000062)) ERROR: UnsupportedSetting(0x80001019)
06-05 18:30:06.623  1582 19468 I OMX_VPP : send_command In 2 param1 1
06-05 18:30:06.623  1582 19468 I OMX_VPP : send_command FakeFlush VPP_PORT_INPUT
06-05 18:30:06.623  1582 19468 I OMX_VPP : VppOmxComponent::clearVppFakeBufs size 1
06-05 18:30:06.623  1582 19468 I OMX_VPP : VppEvent 1
06-05 18:30:06.623  1582 19468 I OMX_VPP : FakeFlush e.flush_done.port:0
06-05 18:30:06.623  1582 19468 I OMX_VPP : send_command FakeFlush VPP_PORT_OUTPUT
06-05 18:30:06.623  1582 19468 I OMX_VPP : VppOmxComponent::clearVppFakeBufs size 0
06-05 18:30:06.623  1582 19468 I OMX_VPP : VppEvent 1
06-05 18:30:06.623  1582 19468 I OMX_VPP : FakeFlush e.flush_done.port:1
06-05 18:30:06.624 18541 11718 D SurfaceUtils: disconnecting from surface 0x7a3f845010, reason disconnectFromSurface
06-05 18:30:06.626 18541 19350 I ttmn    : <0x0,av_base_thread.cpp,run,306>Looper-V94:thread to stop.mState:1431655768
06-05 18:30:06.626  1582  5405 I OMX-VDEC-1080P: omx_vdec::component_deinit() complete
06-05 18:30:06.626 18541 29532 W MessageQueue: Handler (android.os.Handler) {f78845b} sending message to a Handler on a dead thread
06-05 18:30:06.626 18541 29532 W MessageQueue: java.lang.IllegalStateException: Handler (android.os.Handler) {f78845b} sending message to a Handler on a dead thread
06-05 18:30:06.626 18541 29532 W MessageQueue: 	at android.os.MessageQueue.enqueueMessage(MessageQueue.java:569)
06-05 18:30:06.626 18541 29532 W MessageQueue: 	at android.os.Handler.enqueueMessage(Handler.java:778)
06-05 18:30:06.626 18541 29532 W MessageQueue: 	at android.os.Handler.sendMessageAtTime(Handler.java:727)
06-05 18:30:06.626 18541 29532 W MessageQueue: 	at android.os.Handler.sendMessageDelayed(Handler.java:697)
06-05 18:30:06.626 18541 29532 W MessageQueue: 	at android.os.Handler.post(Handler.java:427)
06-05 18:30:06.626 18541 29532 W MessageQueue: 	at X.HKP.LIZ(SourceFile:33751054)
06-05 18:30:06.626 18541 29532 W MessageQueue: 	at X.HKP.LIZIZ(SourceFile:16908295)
06-05 18:30:06.626 18541 29532 W MessageQueue: 	at X.Iuq.LJFF(SourceFile:65540)
06-05 18:30:06.626 18541 29532 W MessageQueue: 	at X.IuS.LJLJLLL(SourceFile:262156)
06-05 18:30:06.626 18541 29532 W MessageQueue: 	at X.IuS.LJJJLIIL(SourceFile:262191)
06-05 18:30:06.626 18541 29532 W MessageQueue: 	at X.IuS.LJIILJJIL(SourceFile:262178)
06-05 18:30:06.626 18541 29532 W MessageQueue: 	at X.6Z1.LJIILJJIL(SourceFile:196616)
06-05 18:30:06.626 18541 29532 W MessageQueue: 	at X.6U2.LJ(SourceFile:262181)
06-05 18:30:06.626 18541 29532 W MessageQueue: 	at X.6Nc.LJI(SourceFile:327738)
06-05 18:30:06.626 18541 29532 W MessageQueue: 	at X.6NK.handleMessage(SourceFile:17301716)
06-05 18:30:06.626 18541 29532 W MessageQueue: 	at android.os.Handler.dispatchMessage(Handler.java:106)
06-05 18:30:06.626 18541 29532 W MessageQueue: 	at android.os.Looper.loopOnce(Looper.java:210)
06-05 18:30:06.626 18541 29532 W MessageQueue: 	at android.os.Looper.loop(Looper.java:299)
06-05 18:30:06.626 18541 29532 W MessageQueue: 	at android.os.HandlerThread.run(HandlerThread.java:67)
06-05 18:30:06.627  1582  5405 I OMX-VDEC-1080P: Exit OMX vdec Destructor: fd=109
06-05 18:30:06.628  1582  5405 I OMX_VPP : VppTerm
06-05 18:30:06.628  1582  5405 I OMX_VPP : video clip interpolated = 0%,0--461
06-05 18:30:06.628  1582  5405 I OMX_VPP : VppOmxComponent::clearVppFakeBufs size 0
06-05 18:30:06.628  1582  5405 I OMX_VPP : VppOmxComponent::~VppOmxComponent
06-05 18:30:06.628  1582  5405 I OMX_VPP : Destructed VppBufferManager
06-05 18:30:06.629  1582 11762 I OMX_VPP : Port Disable send flush to VPP library
06-05 18:30:06.629  1582  5405 I OMX_VPP : send_command In 3 param1 1
06-05 18:30:06.629  1582  5405 I OMX_VPP : ClearBuffers VPP_PORT_OUTPUT
06-05 18:30:06.629  1582  5405 I OMX_VPP : FRAME WIDTH 576 FRAME HEIGHT 576
06-05 18:30:06.629  1582  5405 I OMX_VPP : get_parameter counts 27 27
06-05 18:30:06.629  1582  5405 I OMX_VPP : FRAME WIDTH 576 FRAME HEIGHT 576
06-05 18:30:06.629  1582  5405 I OMX_VPP : get_parameter counts 27 27
06-05 18:30:06.630  1582  5405 E OMX-VDEC-1080P: Extension: OMX.google.android.index.AndroidNativeBufferConsumerUsage not implemented
06-05 18:30:06.630 18541 11760 D SurfaceUtils: set up nativeWindow 0x7a3f439010 for 576x576, color 0x7fa30c06, rotation 0, usage 0x20402900
06-05 18:30:06.630  1582  5405 I OMX_VPP : RegisterClientBuffer: omxBuf=0xf113caf0, id=0, obdIdx=0, invalid=0, omxHdr=0xf05d1000, vppBuf=0xf113cb00, handle=0xf0efe2f0, pool=0
06-05 18:30:06.630  1582  5405 I OMX_VPP : RegisterClientBuffer: omxBuf=0xf12fa390, id=1, obdIdx=0, invalid=0, omxHdr=0xf05d1050, vppBuf=0xf12fa3a0, handle=0xf13a2580, pool=0
06-05 18:30:06.630  1582  5405 I OMX_VPP : RegisterClientBuffer: omxBuf=0xf12fa0f0, id=2, obdIdx=0, invalid=0, omxHdr=0xf05d10a0, vppBuf=0xf12fa100, handle=0xf13a20b0, pool=0
06-05 18:30:06.630  1582  5405 I OMX_VPP : RegisterClientBuffer: omxBuf=0xf113f8e0, id=3, obdIdx=0, invalid=0, omxHdr=0xf05d10f0, vppBuf=0xf113f8f0, handle=0xf173df08, pool=0
06-05 18:30:06.631  1582  5405 I OMX_VPP : RegisterClientBuffer: omxBuf=0xf12fb5f0, id=4, obdIdx=0, invalid=0, omxHdr=0xf05d1140, vppBuf=0xf12fb600, handle=0xf13a2598, pool=0
06-05 18:30:06.631  1582  5405 I OMX_VPP : RegisterClientBuffer: omxBuf=0xf113d9d0, id=5, obdIdx=0, invalid=0, omxHdr=0xf05d1190, vppBuf=0xf113d9e0, handle=0xf0efe1a0, pool=0
06-05 18:30:06.631  1582  5405 I OMX_VPP : RegisterClientBuffer: omxBuf=0xf12fb510, id=6, obdIdx=0, invalid=0, omxHdr=0xf05d11e0, vppBuf=0xf12fb520, handle=0xf0efe340, pool=0
06-05 18:30:06.631  1582  5405 I OMX_VPP : RegisterClientBuffer: omxBuf=0xf113ff00, id=7, obdIdx=0, invalid=0, omxHdr=0xf05d1230, vppBuf=0xf113ff10, handle=0xf13a2000, pool=0
06-05 18:30:06.631  1582  5405 I OMX_VPP : RegisterClientBuffer: omxBuf=0xf113c1c0, id=8, obdIdx=0, invalid=0, omxHdr=0xf05d1280, vppBuf=0xf113c1d0, handle=0xf13a2018, pool=0
06-05 18:30:06.631  1582  5405 I OMX_VPP : RegisterClientBuffer: omxBuf=0xf113c460, id=9, obdIdx=0, invalid=0, omxHdr=0xf05d12d0, vppBuf=0xf113c470, handle=0xf13a2058, pool=0
06-05 18:30:06.631  1582  5405 I OMX_VPP : RegisterClientBuffer: omxBuf=0xf113c690, id=10, obdIdx=0, invalid=0, omxHdr=0xf05d1320, vppBuf=0xf113c6a0, handle=0xf13a2098, pool=0
06-05 18:30:06.631  1582  5405 I OMX_VPP : RegisterClientBuffer: omxBuf=0xf113c770, id=11, obdIdx=0, invalid=0, omxHdr=0xf05d1370, vppBuf=0xf113c780, handle=0xf13a20e0, pool=0
06-05 18:30:06.631  1582  5405 I OMX_VPP : RegisterClientBuffer: omxBuf=0xf113c7e0, id=12, obdIdx=0, invalid=0, omxHdr=0xf05d13c0, vppBuf=0xf113c7f0, handle=0xf13a2238, pool=0
06-05 18:30:06.631  1582  5405 I OMX_VPP : RegisterClientBuffer: omxBuf=0xf113c8c0, id=13, obdIdx=0, invalid=0, omxHdr=0xf05d1410, vppBuf=0xf113c8d0, handle=0xf13a2370, pool=0
06-05 18:30:06.631  1582  5405 I OMX_VPP : RegisterClientBuffer: omxBuf=0xf113ca80, id=14, obdIdx=0, invalid=0, omxHdr=0xf05d1460, vppBuf=0xf113ca90, handle=0xf13a2390, pool=0
06-05 18:30:06.631  1582  5405 I OMX_VPP : RegisterClientBuffer: omxBuf=0xf113ce00, id=15, obdIdx=0, invalid=0, omxHdr=0xf05d14b0, vppBuf=0xf113ce10, handle=0xf13a2398, pool=0
06-05 18:30:06.631  1582  5405 I OMX_VPP : RegisterClientBuffer: omxBuf=0xf113d0a0, id=16, obdIdx=0, invalid=0, omxHdr=0xf05d1500, vppBuf=0xf113d0b0, handle=0xf13a23e0, pool=0
06-05 18:30:06.632  1582  5405 I OMX_VPP : RegisterClientBuffer: omxBuf=0xf113d1f0, id=17, obdIdx=0, invalid=0, omxHdr=0xf05d1550, vppBuf=0xf113d200, handle=0xf13a23e8, pool=0
06-05 18:30:06.632  1582  5405 I OMX_VPP : RegisterClientBuffer: omxBuf=0xf113d420, id=18, obdIdx=0, invalid=0, omxHdr=0xf05d15a0, vppBuf=0xf113d430, handle=0xf13a23f0, pool=0
06-05 18:30:06.632  1582  5405 I OMX_VPP : RegisterClientBuffer: omxBuf=0xf113d490, id=19, obdIdx=0, invalid=0, omxHdr=0xf05d15f0, vppBuf=0xf113d4a0, handle=0xf13a23f8, pool=0
06-05 18:30:06.632  1582  5405 I OMX_VPP : RegisterClientBuffer: omxBuf=0xf113d500, id=20, obdIdx=0, invalid=0, omxHdr=0xf05d1640, vppBuf=0xf113d510, handle=0xf13a2400, pool=0
06-05 18:30:06.632  1582  5405 I OMX_VPP : RegisterClientBuffer: omxBuf=0xf113d5e0, id=21, obdIdx=0, invalid=0, omxHdr=0xf05d1690, vppBuf=0xf113d5f0, handle=0xf13a2408, pool=0
06-05 18:30:06.632  1582  5405 I OMX_VPP : RegisterClientBuffer: omxBuf=0xf113d880, id=22, obdIdx=0, invalid=0, omxHdr=0xf05d16e0, vppBuf=0xf113d890, handle=0xf13a2410, pool=0
06-05 18:30:06.632  1582  5405 I OMX_VPP : RegisterClientBuffer: omxBuf=0xf113dc00, id=23, obdIdx=0, invalid=0, omxHdr=0xf05d1730, vppBuf=0xf113dc10, handle=0xf13a2418, pool=0
06-05 18:30:06.632  1582  5405 I OMX_VPP : RegisterClientBuffer: omxBuf=0xf113cd90, id=24, obdIdx=0, invalid=0, omxHdr=0xf05d1780, vppBuf=0xf113cda0, handle=0xf13a2420, pool=0
06-05 18:30:06.632  1582  5405 I OMX_VPP : RegisterClientBuffer: omxBuf=0xf113ddc0, id=25, obdIdx=0, invalid=0, omxHdr=0xf05d17d0, vppBuf=0xf113ddd0, handle=0xf13a2428, pool=0
06-05 18:30:06.632  1582  5405 I OMX_VPP : RegisterClientBuffer: omxBuf=0xf113e370, id=26, obdIdx=0, invalid=0, omxHdr=0xf05d1820, vppBuf=0xf113e380, handle=0xf13a2430, pool=0
06-05 18:30:06.632  1582  5405 I OMX_VPP : RegisterClientBuffer: omxBuf=0xf113e3e0, id=27, obdIdx=0, invalid=0, omxHdr=0xf05d1870, vppBuf=0xf113e3f0, handle=0xf13a2438, pool=0
06-05 18:30:06.632  1582  5405 I OMX_VPP : RegisterClientBuffer: omxBuf=0xf113e6f0, id=28, obdIdx=0, invalid=0, omxHdr=0xf05d18c0, vppBuf=0xf113e700, handle=0xf13a2448, pool=0
06-05 18:30:06.632  1582  5405 I OMX_VPP : RegisterClientBuffer: omxBuf=0xf113e7d0, id=29, obdIdx=0, invalid=0, omxHdr=0xf05d1910, vppBuf=0xf113e7e0, handle=0xf13a2450, pool=0
06-05 18:30:06.633  1582  5405 I OMX_VPP : RegisterClientBuffer: omxBuf=0xf113e840, id=30, obdIdx=0, invalid=0, omxHdr=0xf05d1960, vppBuf=0xf113e850, handle=0xf13a2458, pool=0
06-05 18:30:06.633  1582  5405 I OMX_VPP : RegisterClientBuffer: omxBuf=0xf113e8b0, id=31, obdIdx=0, invalid=0, omxHdr=0xf05d19b0, vppBuf=0xf113e8c0, handle=0xf13a2478, pool=0
06-05 18:30:06.633  1582 11762 I OMX_VPP : Got PortEnable done for vdec out
06-05 18:30:06.634  1582  5405 I OMX_VPP : VppOmxComponent::registerVppFakeBuf buffer with size 1 id 0 ts=0 flags:0
06-05 18:30:06.638  1582 11762 I OMX-VDEC-1080P: set_frame_rate: the current time is 183006
06-05 18:30:06.638  1582 11762 I OMX-VDEC-1080P: set_frame_rate: the current time is 183006
06-05 18:30:06.638  1582 11762 I OMX-VDEC-1080P: set_frame_rate: the current time is 183006
06-05 18:30:06.638  1582 11762 I OMX-VDEC-1080P: set_frame_rate: the current time is 183006
06-05 18:30:06.638  1582  5405 I OMX_VPP : VppOmxComponent::registerVppFakeBuf buffer with size 2 id 1 ts=0 flags:0
06-05 18:30:06.639  1582  5405 I OMX_VPP : VppOmxComponent::registerVppFakeBuf buffer with size 3 id 2 ts=0 flags:0
06-05 18:30:06.639  1582  5405 I OMX_VPP : FRAME WIDTH 576 FRAME HEIGHT 576
06-05 18:30:06.639  1582  5405 I OMX_VPP : get_parameter counts 32 27
06-05 18:30:06.639  1582  5405 I OMX_VPP : FRAME WIDTH 576 FRAME HEIGHT 576
06-05 18:30:06.639  1582  5405 I OMX_VPP : get_parameter counts 32 27
06-05 18:30:06.639  1582 11762 I OMX-VDEC-1080P: set_frame_rate: the current time is 183006
06-05 18:30:06.639  1582 11762 I OMX-VDEC-1080P: set_frame_rate: the current time is 183006
06-05 18:30:06.639  1582  5405 E OMXNodeInstance: getConfig(0xf0983804:qcom.decoder.hevc, ??(0x7f000062)) ERROR: UnsupportedSetting(0x80001019)
06-05 18:30:06.642  1582  5405 I OMX_VPP : VppOmxComponent::registerVppFakeBuf buffer with size 4 id 3 ts=0 flags:0
06-05 18:30:06.642  1582  5405 I OMX_VPP : VppOmxComponent::registerVppFakeBuf buffer with size 5 id 4 ts=0 flags:0
06-05 18:30:06.642  1582  5405 I OMX_VPP : VppOmxComponent::registerVppFakeBuf buffer with size 6 id 5 ts=0 flags:0
06-05 18:30:06.643  1582  5405 I OMX_VPP : VppOmxComponent::registerVppFakeBuf buffer with size 7 id 6 ts=0 flags:0
06-05 18:30:06.644  1103  6927 D APM_AudioPolicyManager: selectOutput flags 8
06-05 18:30:06.644  1103  6927 D APM_AudioPolicyManager: selectOutput flags 8
06-05 18:30:06.644  1582  5405 I OMX_VPP : VppOmxComponent::registerVppFakeBuf buffer with size 8 id 7 ts=0 flags:0
06-05 18:30:06.644  1103  6927 D APM_AudioPolicyManager: selectOutput flags 8
06-05 18:30:06.644  1582  5405 I OMX_VPP : VppOmxComponent::registerVppFakeBuf buffer with size 9 id 8 ts=0 flags:0
06-05 18:30:06.645 18541 19470 D AudioTrack: set(sessionId=0)
06-05 18:30:06.645 18541 19470 D AudioTrack: set(): streamType -1, sampleRate 44100, format 0x1, channelMask 0x3, frameCount 3536, flags #0, notificationFrames 0, sessionId 0, transferType 3, uid -1, pid -1
06-05 18:30:06.645  1582  5405 I OMX_VPP : VppOmxComponent::registerVppFakeBuf buffer with size 10 id 9 ts=0 flags:0
06-05 18:30:06.645   975  1043 D audio_hw_primary: adev_get_parameters:audio_game_sound_volume_gap_switch
06-05 18:30:06.645   975  1043 D soundtrigger: audio_extn_sound_trigger_get_parameters input string<audio_game_sound_volume_gap_switch=>
06-05 18:30:06.645   975  1043 D soundtrigger: extract_sm_handle input string <audio_game_sound_volume_gap_switch=> param string <audio_game_sound_volume_gap_switch=>
06-05 18:30:06.645   975  1043 D audio_hw_extn: audio_extn_fm_get_parameters: Enter
06-05 18:30:06.645   975  1043 D audio_hw_extn: audio_extn_get_parameters: returns
06-05 18:30:06.645   975  1043 V msm8974_platform: platform_get_parameters: exit: returns - audio_game_sound_volume_gap_switch=off
06-05 18:30:06.645   975  1043 D audio_hw_primary: adev_get_parameters: exit: returns - audio_game_sound_volume_gap_switch=off
06-05 18:30:06.645  1103  6927 I hash_map_utils: system/bt/osi/src/hash_map_utils.cc:81 hash_map_utils_dump_string_keys_string_values: key: 'audio_game_sound_volume_gap_switch' value: ''
06-05 18:30:06.646  1582  5405 I OMX_VPP : VppOmxComponent::registerVppFakeBuf buffer with size 11 id 10 ts=0 flags:0
06-05 18:30:06.646  1103  6927 D MediaImpl: setPlaybackCaptureAllowed: playbackCaptureAllowed 1
06-05 18:30:06.647  1103  6927 D APM_AudioPolicyManager: getOutputForAttrInt()+ attributes={ Content type: AUDIO_CONTENT_TYPE_MUSIC Usage: AUDIO_USAGE_MEDIA Source: AUDIO_SOURCE_DEFAULT Flags: 0x800 Tags:  } stream=AUDIO_STREAM_MUSIC session 6025 output 0 selectedDeviceId 0 device AUDIO_DEVICE_NONE sampling rate 44100 format 0x1channel mask 0x3 flags 0 stream AUDIO_STREAM_MUSIC uid 10383
06-05 18:30:06.647  1103  6927 D APM_AudioPolicyManager: getOutputForAttrInt() device {type:0x2,@:}, sampling rate 44100, format 0x1, channel mask 0x3, flags 0 stream AUDIO_STREAM_MUSIC
06-05 18:30:06.647   975  1043 D audio_hw_primary: adev_get_parameters:vr_audio_mode_on
06-05 18:30:06.647   975  1043 I audio_hw_primary: getting vr mode to 0
06-05 18:30:06.647   975  1043 D audio_hw_primary: adev_get_parameters: exit: returns - vr_audio_mode_on=false
06-05 18:30:06.647  1103  6927 I hash_map_utils: system/bt/osi/src/hash_map_utils.cc:81 hash_map_utils_dump_string_keys_string_values: key: 'vr_audio_mode_on' value: ''
06-05 18:30:06.647  1582 11762 I OMX-VDEC-1080P: set_frame_rate: the current time is 183006
06-05 18:30:06.648  1103  6927 I AudioPolicyManagerCustom: VR mode is 0, switch to primary output if request is for fast|raw
06-05 18:30:06.648   975  1043 D audio_hw_primary: adev_get_parameters:audio_karaoke_running
06-05 18:30:06.648   975  1043 D audio_hw_primary: get para : audio_karaoke_running = false
06-05 18:30:06.648   975  1043 D soundtrigger: audio_extn_sound_trigger_get_parameters input string<audio_karaoke_running=>
06-05 18:30:06.648   975  1043 D soundtrigger: extract_sm_handle input string <audio_karaoke_running=> param string <audio_karaoke_running=>
06-05 18:30:06.648   975  1043 D audio_hw_extn: audio_extn_fm_get_parameters: Enter
06-05 18:30:06.648   975  1043 D audio_hw_extn: audio_extn_get_parameters: returns audio_karaoke_running=false
06-05 18:30:06.648   975  1043 V msm8974_platform: platform_get_parameters: exit: returns - audio_karaoke_running=false
06-05 18:30:06.648   975  1043 D audio_hw_primary: adev_get_parameters: exit: returns - audio_karaoke_running=false
06-05 18:30:06.648  1103  6927 I hash_map_utils: system/bt/osi/src/hash_map_utils.cc:81 hash_map_utils_dump_string_keys_string_values: key: 'audio_karaoke_running' value: ''
06-05 18:30:06.649  1103  6927 I AudioPolicyManagerCustom: setting force DEEP buffer now
06-05 18:30:06.649  1103  6927 D APM_AudioPolicyManager: selectOutput flags 8
06-05 18:30:06.649  1103  6927 D APM_AudioPolicyManager: getOutputForAttrInt()- attributes={ Content type: AUDIO_CONTENT_TYPE_MUSIC Usage: AUDIO_USAGE_MEDIA Source: AUDIO_SOURCE_DEFAULT Flags: 0x800 Tags:  } stream=AUDIO_STREAM_MUSIC session 6025 output 29 selectedDeviceId 0 device {type:0x2,@:} sampling rate 44100 format 0x1channel mask 0x3 flags 0x8 stream AUDIO_STREAM_MUSIC uid 10383
06-05 18:30:06.649  1103  6927 D APM_AudioPolicyManager: getOutputForAttr() returns output 29 requestedPortId 0 selectedDeviceId 3 for port ID 435
06-05 18:30:06.649  1582 11762 I OMX-VDEC-1080P: set_frame_rate: the current time is 183006
06-05 18:30:06.649  1103  6927 I AudioFlinger: create audiotrack for com.ss.android.ugc.trill  uid 10383
06-05 18:30:06.649  1103  6927 D AudioFlinger: Client defaulted notificationFrames to 1768 for frameCount 3536
06-05 18:30:06.650  1582  5405 E OMX-VDEC-1080P: Extension: OMX.QTI.index.config.video.getdsmode not implemented
06-05 18:30:06.651  1103  6927 D AF::TrackHandle: OpPlayAudio: track:443 usage:1 not muted
06-05 18:30:06.651  1582 11762 I OMX-VDEC-1080P: set_frame_rate: the current time is 183006
06-05 18:30:06.653  1582  5405 I OMX_VPP : VppOmxComponent::registerVppFakeBuf buffer with size 12 id 11 ts=0 flags:0
06-05 18:30:06.653  1582 11762 I OMX-VDEC-1080P: set_frame_rate: the current time is 183006
06-05 18:30:06.653  1582  5405 I OMX_VPP : VppOmxComponent::registerVppFakeBuf buffer with size 13 id 12 ts=0 flags:0
06-05 18:30:06.654  1103  6927 I AudioFlinger: create audiotrack for com.ss.android.ugc.trill  uid 10383
06-05 18:30:06.654  1103  6927 I AudioFlinger: create audiotrack for com.ss.android.ugc.trill  uid 10383
06-05 18:30:06.654  1103  6927 D AF::Track: Track(443): usage = 1 mbIsAttrNeedFade = 1
06-05 18:30:06.655 18541 19470 D AudioTrack: isWhiteListPackage() Uid 10383, package name com.ss.android.ugc.trill
06-05 18:30:06.657 18541 19470 W AudioTrack: Use of stream types is deprecated for operations other than volume control
06-05 18:30:06.657 18541 19470 W AudioTrack: See the documentation of AudioTrack() for what to use instead with android.media.AudioAttributes to qualify your playback use case
06-05 18:30:06.657 18541 19470 I AudioTrack: AudioTrack::setVolume L:1.000000 R:1.000000 and the pakage is com.ss.android.ugc.trill
06-05 18:30:06.658  1103  2311 D AudioFlinger: updateWakeLockUids_l AudioOut_D uids:
06-05 18:30:06.658  1103  2317 D AudioFlinger: updateWakeLockUids_l AudioOut_15 uids:
06-05 18:30:06.658  1103  2347 D AudioFlinger: updateWakeLockUids_l AudioOut_3D uids:
06-05 18:30:06.659  1103  2363 D AudioFlinger: updateWakeLockUids_l AudioOut_4D uids:
06-05 18:30:06.659  1103  6927 D AF::Track: setFadeType1 type = 1 mFadeType = 0 isFadeNeeded = 0
06-05 18:30:06.661   975  1043 I EffectsFactory: EffectCreate() create_effect
06-05 18:30:06.662  1103  9745 I audioserver: setGameParameters keyvalue: xlog.volume.music.speaker=44
06-05 18:30:06.662  1103  1596 V APM::EffectDescriptor: registerEffect() effect Volume listener for Music, io 29, session 6025 id 875
06-05 18:30:06.662  1103  1596 V APM::EffectDescriptor: registerEffect() memory 1, total memory 3
06-05 18:30:06.662   975  2315 D audio_hw_primary: adev_set_parameters: enter: xlog.volume.music.speaker=44
06-05 18:30:06.662   975  2315 V msm8974_platform: platform_set_parameters: enter: xlog.volume.music.speaker=44
06-05 18:30:06.662   975  2315 D audio_hw_hfp: hfp_set_parameters: enter
06-05 18:30:06.662   975  2315 D audio_hw_hfp: hfp_set_parameters: enter
06-05 18:30:06.662   975  2315 V a2dp_offload: end of a2dp setparam
06-05 18:30:06.662   975  2315 D audio_hw_cspl_cal: cirrus_cal_setparameters: enter 0xf3003600
06-05 18:30:06.662   975  2315 D audio_hw_extn: audio_extn_fm_set_parameters: Enter
06-05 18:30:06.662   975  2315 D audio_hw_hfp: hfp_set_parameters: enter
06-05 18:30:06.662   975  2315 V a2dp_offload: end of a2dp setparam
06-05 18:30:06.662   975  2315 D audio_hw_primary: adev_set_parameters: exit with code(0)
06-05 18:30:06.662  1103  1596 V APM::EffectDescriptor: setEffectEnabled(true) total CPU 0
06-05 18:30:06.662  1103  1596 V AudioPolicyManagerImpl: notification filter: setNotificationFilter notificationFilterFeature=1
06-05 18:30:06.662  1103  1596 D AudioPolicyManagerImpl: notification filter: setNotificationFilter muteMaskInt=0
06-05 18:30:06.671 18541 18541 W System.err: org.json.JSONException: No value for information
06-05 18:30:06.671 18541 18541 W System.err: 	at org.json.JSONObject.get(JSONObject.java:403)
06-05 18:30:06.671 18541 18541 W System.err: 	at org.json.JSONObject.getString(JSONObject.java:564)
06-05 18:30:06.671 18541 18541 W System.err: 	at X.6MB.LIZ(SourceFile:33816600)
06-05 18:30:06.672 18541 18541 W System.err: 	at X.6Lf.LIZJ(SourceFile:17039373)
06-05 18:30:06.672 18541 18541 W System.err: 	at X.8c9.LIZ(SourceFile:327690)
06-05 18:30:06.672 18541 18541 W System.err: 	at X.KAf.LIZ(SourceFile:3603)
06-05 18:30:06.672 18541 18541 W System.err: 	at X.KAf.LJIIL(SourceFile:17039402)
06-05 18:30:06.672 18541 18541 W System.err: 	at X.KAf.LJJIJIIJI(SourceFile:590862)
06-05 18:30:06.672 18541 18541 W System.err: 	at com.ss.android.ugc.aweme.feed.adapter.VideoViewCell.onRenderReady(SourceFile:17301542)
06-05 18:30:06.672 18541 18541 W System.err: 	at X.6B8.LIZ(SourceFile:1393)
06-05 18:30:06.672 18541 18541 W System.err: 	at X.6C1.run(SourceFile:65540)
06-05 18:30:06.672 18541 18541 W System.err: 	at android.os.Handler.handleCallback(Handler.java:938)
06-05 18:30:06.672 18541 18541 W System.err: 	at android.os.Handler.dispatchMessage(Handler.java:99)
06-05 18:30:06.672 18541 18541 W System.err: 	at android.os.Looper.loopOnce(Looper.java:210)
06-05 18:30:06.672 18541 18541 W System.err: 	at android.os.Looper.loop(Looper.java:299)
06-05 18:30:06.672 18541 18541 W System.err: 	at android.app.ActivityThread.main(ActivityThread.java:8105)
06-05 18:30:06.672 18541 18541 W System.err: 	at java.lang.reflect.Method.invoke(Native Method)
06-05 18:30:06.672 18541 18541 W System.err: 	at com.android.internal.os.RuntimeInit$MethodAndArgsCaller.run(RuntimeInit.java:556)
06-05 18:30:06.672 18541 18541 W System.err: 	at com.android.internal.os.ZygoteInit.main(ZygoteInit.java:1045)
06-05 18:30:06.672 18541 18541 W System.err: org.json.JSONException: No value for com.android.information
