06-05 18:23:07.712  1057  1057 D DisplayFeatureHal: setFeatureEnable: FeatureId=GAME_STATE modeId=0 cookie=0
06-05 18:23:07.712  1057  1057 D DisplayFeatureHal: current wcg state 0, setting to 0
06-05 18:23:07.713  1057  1501 D DisplayFeatureHal: HandleGameMode enter, modeId 0
06-05 18:23:07.717  1113  1113 D CompositionEngine: writeOutputDependentGeometryStateToHWC layer[BackColorSurface#0] set Z 134217728 miFodLayer 0x8000000
06-05 18:23:07.717  1113  1113 D CompositionEngine: writeOutputDependentGeometryStateToHWC layer[Wallpaper BBQ wrapper#0] set Z 134217729 miFodLayer 0x8000000
06-05 18:23:07.717  1113  1113 D CompositionEngine: writeOutputDependentGeometryStateToHWC layer[com.mi.android.globallauncher/com.miui.home.launcher.Launcher#1] set Z 134217730 miFodLayer 0x8000000
06-05 18:23:07.717  1113  1113 D CompositionEngine: writeOutputDependentGeometryStateToHWC layer[StatusBar#0] set Z 134217731 miFodLayer 0x8000000
06-05 18:23:07.717  1113  1113 D CompositionEngine: writeOutputDependentGeometryStateToHWC layer[GestureStub#0] set Z 134217732 miFodLayer 0x8000000
06-05 18:23:07.717  1113  1113 D CompositionEngine: writeOutputDependentGeometryStateToHWC layer[GestureStubLeft#0] set Z 134217733 miFodLayer 0x8000000
06-05 18:23:07.717  1113  1113 D CompositionEngine: writeOutputDependentGeometryStateToHWC layer[GestureStubRight#0] set Z 134217734 miFodLayer 0x8000000
06-05 18:23:07.717  1113  1113 D CompositionEngine: writeOutputDependentGeometryStateToHWC layer[RoundCornerTop#0] set Z 134217735 miFodLayer 0x8000000
06-05 18:23:07.717  1113  1113 D CompositionEngine: writeOutputDependentGeometryStateToHWC layer[RoundCornerBottom#0] set Z 134217736 miFodLayer 0x8000000
06-05 18:23:07.717  1113  1113 W HwcComposer: command 0x4080000 generated error 4
06-05 18:23:07.717  1113  1113 W HwcComposer: command 0x4080000 generated error 4
06-05 18:23:07.717  1113  1113 W HwcComposer: command 0x4080000 generated error 4
06-05 18:23:07.717  1113  1113 W HwcComposer: command 0x4080000 generated error 4
06-05 18:23:07.717  1113  1113 W HwcComposer: command 0x4080000 generated error 4
06-05 18:23:07.717  1113  1113 W HwcComposer: command 0x4080000 generated error 4
06-05 18:23:07.718  1057  1501 D DisplayFeatureHal: getParam Node Expert, case Enable, value 0
06-05 18:23:07.718  1057  1501 W DisplayFeatureHal: setting LTM_USERMODE_DEFAULT= 0
06-05 18:23:07.718  1057  1501 D DisplayFeatureHal: setSREStrength: close SRE
06-05 18:23:07.718  1057  1172 W DisplayFeatureHal: threadFuncIGC: mLastIGCLevel=0, mRealIGCLevel=0
06-05 18:23:07.721  2999  3808 W libc    : Access denied finding property "ro.vendor.mtk_gwsd_support"
06-05 18:23:07.724  6316  7541 I FreeformWindowService: setGameBoosterMode: false
06-05 18:23:07.724  6316  7541 I FreeformWindowHandler: setGameBoosterMode: open=false
06-05 18:23:07.724  6316  7541 I FreeformWindowHandler: quit QuickReply mode
06-05 18:23:07.726  1850  2678 E InputManager: setInputConfig  configType: 2, changes:0, parcel:not null
06-05 18:23:07.726  1850  2678 E InputManager: setInputConfig  configType: 2, changes:0, parcel:not null
06-05 18:23:07.732  1057  1501 D DisplayFeatureHal: setPCCConfigSunlightScreen set level 0, last level 0, cookie 255
06-05 18:23:07.732  1057  1501 D DisplayFeatureHal: enableSRE: enable SRE
06-05 18:23:07.732  1057  1501 D DisplayFeatureHal: isStartSensorControl ret 1
06-05 18:23:07.732  1057  1501 D DisplayFeatureHal: HandleGameMode exit
06-05 18:23:07.733  1113  1113 D CompositionEngine: writeOutputDependentGeometryStateToHWC layer[BackColorSurface#0] set Z 134217728 miFodLayer 0x8000000
06-05 18:23:07.733  1113  1113 D CompositionEngine: writeOutputDependentGeometryStateToHWC layer[Wallpaper BBQ wrapper#0] set Z 134217729 miFodLayer 0x8000000
06-05 18:23:07.733  1113  1113 D CompositionEngine: writeOutputDependentGeometryStateToHWC layer[com.mi.android.globallauncher/com.miui.home.launcher.Launcher#1] set Z 134217730 miFodLayer 0x8000000
06-05 18:23:07.733  1113  1113 D CompositionEngine: writeOutputDependentGeometryStateToHWC layer[StatusBar#0] set Z 134217731 miFodLayer 0x8000000
06-05 18:23:07.733  1113  1113 D CompositionEngine: writeOutputDependentGeometryStateToHWC layer[GestureStub#0] set Z 134217732 miFodLayer 0x8000000
06-05 18:23:07.733  1113  1113 D CompositionEngine: writeOutputDependentGeometryStateToHWC layer[GestureStubLeft#0] set Z 134217733 miFodLayer 0x8000000
06-05 18:23:07.733  1113  1113 D CompositionEngine: writeOutputDependentGeometryStateToHWC layer[GestureStubRight#0] set Z 134217734 miFodLayer 0x8000000
06-05 18:23:07.733  1113  1113 D CompositionEngine: writeOutputDependentGeometryStateToHWC layer[RoundCornerTop#0] set Z 134217735 miFodLayer 0x8000000
06-05 18:23:07.733  1113  1113 D CompositionEngine: writeOutputDependentGeometryStateToHWC layer[RoundCornerBottom#0] set Z 134217736 miFodLayer 0x8000000
06-05 18:23:07.733  1113  1113 W HwcComposer: command 0x4080000 generated error 4
06-05 18:23:07.733  1113  1113 W HwcComposer: command 0x4080000 generated error 4
06-05 18:23:07.733  1113  1113 W HwcComposer: command 0x4080000 generated error 4
06-05 18:23:07.733  1113  1113 W HwcComposer: command 0x4080000 generated error 4
06-05 18:23:07.733  1113  1113 W HwcComposer: command 0x4080000 generated error 4
06-05 18:23:07.733  1113  1113 W HwcComposer: command 0x4080000 generated error 4
06-05 18:23:07.734  5883  5883 I A       : #startAppFlow
06-05 18:23:07.749  1113  1113 D CompositionEngine: writeOutputDependentGeometryStateToHWC layer[BackColorSurface#0] set Z 134217728 miFodLayer 0x8000000
06-05 18:23:07.749  1113  1113 D CompositionEngine: writeOutputDependentGeometryStateToHWC layer[Wallpaper BBQ wrapper#0] set Z 134217729 miFodLayer 0x8000000
06-05 18:23:07.749  1113  1113 D CompositionEngine: writeOutputDependentGeometryStateToHWC layer[com.mi.android.globallauncher/com.miui.home.launcher.Launcher#1] set Z 134217730 miFodLayer 0x8000000
06-05 18:23:07.749  1113  1113 D CompositionEngine: writeOutputDependentGeometryStateToHWC layer[StatusBar#0] set Z 134217731 miFodLayer 0x8000000
06-05 18:23:07.749  1113  1113 D CompositionEngine: writeOutputDependentGeometryStateToHWC layer[GestureStub#0] set Z 134217732 miFodLayer 0x8000000
06-05 18:23:07.749  1113  1113 D CompositionEngine: writeOutputDependentGeometryStateToHWC layer[GestureStubLeft#0] set Z 134217733 miFodLayer 0x8000000
06-05 18:23:07.749  1113  1113 D CompositionEngine: writeOutputDependentGeometryStateToHWC layer[GestureStubRight#0] set Z 134217734 miFodLayer 0x8000000
06-05 18:23:07.749  1113  1113 D CompositionEngine: writeOutputDependentGeometryStateToHWC layer[RoundCornerTop#0] set Z 134217735 miFodLayer 0x8000000
06-05 18:23:07.749  1113  1113 D CompositionEngine: writeOutputDependentGeometryStateToHWC layer[RoundCornerBottom#0] set Z 134217736 miFodLayer 0x8000000
06-05 18:23:07.750  1113  1113 W HwcComposer: command 0x4080000 generated error 4
06-05 18:23:07.750  1113  1113 W HwcComposer: command 0x4080000 generated error 4
06-05 18:23:07.750  1113  1113 W HwcComposer: command 0x4080000 generated error 4
06-05 18:23:07.750  1113  1113 W HwcComposer: command 0x4080000 generated error 4
06-05 18:23:07.750  1113  1113 W HwcComposer: command 0x4080000 generated error 4
06-05 18:23:07.750  1113  1113 W HwcComposer: command 0x4080000 generated error 4
06-05 18:23:07.766  1113  1113 D CompositionEngine: writeOutputDependentGeometryStateToHWC layer[BackColorSurface#0] set Z 134217728 miFodLayer 0x8000000
06-05 18:23:07.766  1113  1113 D CompositionEngine: writeOutputDependentGeometryStateToHWC layer[Wallpaper BBQ wrapper#0] set Z 134217729 miFodLayer 0x8000000
06-05 18:23:07.766  1113  1113 D CompositionEngine: writeOutputDependentGeometryStateToHWC layer[com.mi.android.globallauncher/com.miui.home.launcher.Launcher#1] set Z 134217730 miFodLayer 0x8000000
06-05 18:23:07.766  1113  1113 D CompositionEngine: writeOutputDependentGeometryStateToHWC layer[StatusBar#0] set Z 134217731 miFodLayer 0x8000000
06-05 18:23:07.766  1113  1113 D CompositionEngine: writeOutputDependentGeometryStateToHWC layer[GestureStub#0] set Z 134217732 miFodLayer 0x8000000
06-05 18:23:07.766  1113  1113 D CompositionEngine: writeOutputDependentGeometryStateToHWC layer[GestureStubLeft#0] set Z 134217733 miFodLayer 0x8000000
06-05 18:23:07.766  1113  1113 D CompositionEngine: writeOutputDependentGeometryStateToHWC layer[GestureStubRight#0] set Z 134217734 miFodLayer 0x8000000
06-05 18:23:07.766  1113  1113 D CompositionEngine: writeOutputDependentGeometryStateToHWC layer[RoundCornerTop#0] set Z 134217735 miFodLayer 0x8000000
06-05 18:23:07.766  1113  1113 D CompositionEngine: writeOutputDependentGeometryStateToHWC layer[RoundCornerBottom#0] set Z 134217736 miFodLayer 0x8000000
06-05 18:23:07.766  1113  1113 W HwcComposer: command 0x4080000 generated error 4
06-05 18:23:07.766  1113  1113 W HwcComposer: command 0x4080000 generated error 4
06-05 18:23:07.766  1113  1113 W HwcComposer: command 0x4080000 generated error 4
06-05 18:23:07.766  1113  1113 W HwcComposer: command 0x4080000 generated error 4
06-05 18:23:07.766  1113  1113 W HwcComposer: command 0x4080000 generated error 4
06-05 18:23:07.766  1113  1113 W HwcComposer: command 0x4080000 generated error 4
06-05 18:23:07.782  1113  1113 D CompositionEngine: writeOutputDependentGeometryStateToHWC layer[BackColorSurface#0] set Z 134217728 miFodLayer 0x8000000
06-05 18:23:07.783  1113  1113 D CompositionEngine: writeOutputDependentGeometryStateToHWC layer[Wallpaper BBQ wrapper#0] set Z 134217729 miFodLayer 0x8000000
06-05 18:23:07.783  1113  1113 D CompositionEngine: writeOutputDependentGeometryStateToHWC layer[com.mi.android.globallauncher/com.miui.home.launcher.Launcher#1] set Z 134217730 miFodLayer 0x8000000
06-05 18:23:07.783  1113  1113 D CompositionEngine: writeOutputDependentGeometryStateToHWC layer[StatusBar#0] set Z 134217731 miFodLayer 0x8000000
06-05 18:23:07.783  1113  1113 D CompositionEngine: writeOutputDependentGeometryStateToHWC layer[GestureStub#0] set Z 134217732 miFodLayer 0x8000000
06-05 18:23:07.783  1113  1113 D CompositionEngine: writeOutputDependentGeometryStateToHWC layer[GestureStubLeft#0] set Z 134217733 miFodLayer 0x8000000
06-05 18:23:07.783  1113  1113 D CompositionEngine: writeOutputDependentGeometryStateToHWC layer[GestureStubRight#0] set Z 134217734 miFodLayer 0x8000000
06-05 18:23:07.783  1113  1113 D CompositionEngine: writeOutputDependentGeometryStateToHWC layer[RoundCornerTop#0] set Z 134217735 miFodLayer 0x8000000
06-05 18:23:07.783  1113  1113 D CompositionEngine: writeOutputDependentGeometryStateToHWC layer[RoundCornerBottom#0] set Z 134217736 miFodLayer 0x8000000
06-05 18:23:07.783  1113  1113 W HwcComposer: command 0x4080000 generated error 4
06-05 18:23:07.783  1113  1113 W HwcComposer: command 0x4080000 generated error 4
06-05 18:23:07.783  1113  1113 W HwcComposer: command 0x4080000 generated error 4
06-05 18:23:07.783  1113  1113 W HwcComposer: command 0x4080000 generated error 4
06-05 18:23:07.783  1113  1113 W HwcComposer: command 0x4080000 generated error 4
06-05 18:23:07.783  1113  1113 W HwcComposer: command 0x4080000 generated error 4
06-05 18:23:07.786  5883  5883 I A       : #endAppFlow
06-05 18:23:07.786  5883  5883 I PromoManagerDataService: getAccountMenuPromotion
06-05 18:23:07.791  5883  6207 I A       : #enqueuePeriodicJob: running = false
06-05 18:23:07.798  5883  5883 I A       : #accountsLoadedAppFlow
06-05 18:23:07.799  1113  1113 D CompositionEngine: writeOutputDependentGeometryStateToHWC layer[BackColorSurface#0] set Z 134217728 miFodLayer 0x8000000
06-05 18:23:07.799  1113  1113 D CompositionEngine: writeOutputDependentGeometryStateToHWC layer[Wallpaper BBQ wrapper#0] set Z 134217729 miFodLayer 0x8000000
06-05 18:23:07.799  1113  1113 D CompositionEngine: writeOutputDependentGeometryStateToHWC layer[com.mi.android.globallauncher/com.miui.home.launcher.Launcher#1] set Z 134217730 miFodLayer 0x8000000
06-05 18:23:07.799  1113  1113 D CompositionEngine: writeOutputDependentGeometryStateToHWC layer[StatusBar#0] set Z 134217731 miFodLayer 0x8000000
06-05 18:23:07.799  1113  1113 D CompositionEngine: writeOutputDependentGeometryStateToHWC layer[GestureStub#0] set Z 134217732 miFodLayer 0x8000000
06-05 18:23:07.799  1113  1113 D CompositionEngine: writeOutputDependentGeometryStateToHWC layer[GestureStubLeft#0] set Z 134217733 miFodLayer 0x8000000
06-05 18:23:07.799  1113  1113 D CompositionEngine: writeOutputDependentGeometryStateToHWC layer[GestureStubRight#0] set Z 134217734 miFodLayer 0x8000000
06-05 18:23:07.799  1113  1113 D CompositionEngine: writeOutputDependentGeometryStateToHWC layer[RoundCornerTop#0] set Z 134217735 miFodLayer 0x8000000
06-05 18:23:07.799  1113  1113 D CompositionEngine: writeOutputDependentGeometryStateToHWC layer[RoundCornerBottom#0] set Z 134217736 miFodLayer 0x8000000
06-05 18:23:07.799  5883  6281 I A       : loading data on surface MinusOne.
06-05 18:23:07.799  1113  1113 W HwcComposer: command 0x4080000 generated error 4
06-05 18:23:07.799  1113  1113 W HwcComposer: command 0x4080000 generated error 4
06-05 18:23:07.799  1113  1113 W HwcComposer: command 0x4080000 generated error 4
06-05 18:23:07.799  1113  1113 W HwcComposer: command 0x4080000 generated error 4
06-05 18:23:07.799  1113  1113 W HwcComposer: command 0x4080000 generated error 4
06-05 18:23:07.799  1113  1113 W HwcComposer: command 0x4080000 generated error 4
06-05 18:23:07.808  5137  5137 I GsaVoiceInteractionSrv: Handling ACTION_STOP_HOTWORD
06-05 18:23:07.814  5883  6145 W A       : Didn't find the session (MAIN_FEED, true)
06-05 18:23:07.816  1113  1113 D CompositionEngine: writeOutputDependentGeometryStateToHWC layer[BackColorSurface#0] set Z 134217728 miFodLayer 0x8000000
06-05 18:23:07.816  1113  1113 D CompositionEngine: writeOutputDependentGeometryStateToHWC layer[Wallpaper BBQ wrapper#0] set Z 134217729 miFodLayer 0x8000000
06-05 18:23:07.816  1113  1113 D CompositionEngine: writeOutputDependentGeometryStateToHWC layer[com.mi.android.globallauncher/com.miui.home.launcher.Launcher#1] set Z 134217730 miFodLayer 0x8000000
06-05 18:23:07.816  1113  1113 D CompositionEngine: writeOutputDependentGeometryStateToHWC layer[com.miui.securitycenter/.FloatingWindow#0] set Z 134217731 miFodLayer 0x8000000
06-05 18:23:07.816  1113  1113 D CompositionEngine: writeOutputDependentGeometryStateToHWC layer[StatusBar#0] set Z 134217732 miFodLayer 0x8000000
06-05 18:23:07.816  1113  1113 D CompositionEngine: writeOutputDependentGeometryStateToHWC layer[GestureStub#0] set Z 134217733 miFodLayer 0x8000000
06-05 18:23:07.816  1113  1113 D CompositionEngine: writeOutputDependentGeometryStateToHWC layer[GestureStubLeft#0] set Z 134217734 miFodLayer 0x8000000
06-05 18:23:07.816  1113  1113 D CompositionEngine: writeOutputDependentGeometryStateToHWC layer[GestureStubRight#0] set Z 134217735 miFodLayer 0x8000000
06-05 18:23:07.816  1113  1113 D CompositionEngine: writeOutputDependentGeometryStateToHWC layer[RoundCornerTop#0] set Z 134217736 miFodLayer 0x8000000
06-05 18:23:07.816  1113  1113 D CompositionEngine: writeOutputDependentGeometryStateToHWC layer[RoundCornerBottom#0] set Z 134217737 miFodLayer 0x8000000
06-05 18:23:07.816  1113  1113 W HwcComposer: command 0x4080000 generated error 4
06-05 18:23:07.817  1113  1113 W HwcComposer: command 0x4080000 generated error 4
06-05 18:23:07.817  1113  1113 W HwcComposer: command 0x4080000 generated error 4
06-05 18:23:07.817  1113  1113 W HwcComposer: command 0x4080000 generated error 4
06-05 18:23:07.817  1113  1113 W HwcComposer: command 0x4080000 generated error 4
06-05 18:23:07.817  1113  1113 W HwcComposer: command 0x4080000 generated error 4
06-05 18:23:07.817  1113  1113 W HwcComposer: command 0x4080000 generated error 4
06-05 18:23:07.818  1850  1944 D PerfImpl: perfLockRelease
06-05 18:23:07.834  1113  1113 D CompositionEngine: writeOutputDependentGeometryStateToHWC layer[Wallpaper BBQ wrapper#0] set Z 134217728 miFodLayer 0x8000000
06-05 18:23:07.834  1113  1113 D CompositionEngine: writeOutputDependentGeometryStateToHWC layer[com.mi.android.globallauncher/com.miui.home.launcher.Launcher#1] set Z 134217729 miFodLayer 0x8000000
06-05 18:23:07.834  1113  1113 D CompositionEngine: writeOutputDependentGeometryStateToHWC layer[com.miui.securitycenter/.FloatingWindow#0] set Z 134217730 miFodLayer 0x8000000
06-05 18:23:07.834  1113  1113 D CompositionEngine: writeOutputDependentGeometryStateToHWC layer[StatusBar#0] set Z 134217731 miFodLayer 0x8000000
06-05 18:23:07.834  1113  1113 D CompositionEngine: writeOutputDependentGeometryStateToHWC layer[RoundCornerTop#0] set Z 134217732 miFodLayer 0x8000000
06-05 18:23:07.834  1113  1113 D CompositionEngine: writeOutputDependentGeometryStateToHWC layer[RoundCornerBottom#0] set Z 134217733 miFodLayer 0x8000000
06-05 18:23:07.848  1113  1113 D CompositionEngine: writeOutputDependentGeometryStateToHWC layer[Wallpaper BBQ wrapper#0] set Z 134217728 miFodLayer 0x8000000
06-05 18:23:07.848  1113  1113 D CompositionEngine: writeOutputDependentGeometryStateToHWC layer[com.mi.android.globallauncher/com.miui.home.launcher.Launcher#1] set Z 134217729 miFodLayer 0x8000000
06-05 18:23:07.848  1113  1113 D CompositionEngine: writeOutputDependentGeometryStateToHWC layer[com.miui.securitycenter/.FloatingWindow#0] set Z 134217730 miFodLayer 0x8000000
06-05 18:23:07.848  1113  1113 D CompositionEngine: writeOutputDependentGeometryStateToHWC layer[StatusBar#0] set Z 134217731 miFodLayer 0x8000000
06-05 18:23:07.848  1113  1113 D CompositionEngine: writeOutputDependentGeometryStateToHWC layer[RoundCornerTop#0] set Z 134217732 miFodLayer 0x8000000
06-05 18:23:07.848  1113  1113 D CompositionEngine: writeOutputDependentGeometryStateToHWC layer[RoundCornerBottom#0] set Z 134217733 miFodLayer 0x8000000
06-05 18:23:07.865  1113  1113 D CompositionEngine: writeOutputDependentGeometryStateToHWC layer[Wallpaper BBQ wrapper#0] set Z 134217728 miFodLayer 0x8000000
06-05 18:23:07.865  1113  1113 D CompositionEngine: writeOutputDependentGeometryStateToHWC layer[com.mi.android.globallauncher/com.miui.home.launcher.Launcher#1] set Z 134217729 miFodLayer 0x8000000
06-05 18:23:07.865  1113  1113 D CompositionEngine: writeOutputDependentGeometryStateToHWC layer[com.miui.securitycenter/.FloatingWindow#0] set Z 134217730 miFodLayer 0x8000000
06-05 18:23:07.865  1113  1113 D CompositionEngine: writeOutputDependentGeometryStateToHWC layer[StatusBar#0] set Z 134217731 miFodLayer 0x8000000
06-05 18:23:07.865  1113  1113 D CompositionEngine: writeOutputDependentGeometryStateToHWC layer[RoundCornerTop#0] set Z 134217732 miFodLayer 0x8000000
06-05 18:23:07.865  1113  1113 D CompositionEngine: writeOutputDependentGeometryStateToHWC layer[RoundCornerBottom#0] set Z 134217733 miFodLayer 0x8000000
06-05 18:23:07.877  5137  5137 I GsaVoiceInteractionSrv: Handling ACTION_START_HOTWORD
06-05 18:23:07.883  5137  5563 I GsaVoiceInteractionSrv: disregardVoiceMatch: false
06-05 18:23:07.883  1113  1113 D CompositionEngine: writeOutputDependentGeometryStateToHWC layer[Wallpaper BBQ wrapper#0] set Z 134217728 miFodLayer 0x8000000
06-05 18:23:07.883  1113  1113 D CompositionEngine: writeOutputDependentGeometryStateToHWC layer[com.mi.android.globallauncher/com.miui.home.launcher.Launcher#1] set Z 134217729 miFodLayer 0x8000000
06-05 18:23:07.883  1113  1113 D CompositionEngine: writeOutputDependentGeometryStateToHWC layer[com.miui.securitycenter/.FloatingWindow#0] set Z 134217730 miFodLayer 0x8000000
06-05 18:23:07.883  1113  1113 D CompositionEngine: writeOutputDependentGeometryStateToHWC layer[StatusBar#0] set Z 134217731 miFodLayer 0x8000000
06-05 18:23:07.883  1113  1113 D CompositionEngine: writeOutputDependentGeometryStateToHWC layer[RoundCornerTop#0] set Z 134217732 miFodLayer 0x8000000
06-05 18:23:07.883  1113  1113 D CompositionEngine: writeOutputDependentGeometryStateToHWC layer[RoundCornerBottom#0] set Z 134217733 miFodLayer 0x8000000
06-05 18:23:07.887  1034  1034 E vendor.qti.hardware.perf@2.2-service: Unknown params
06-05 18:23:07.887  1034  1034 I ANDR-PERF-LM: LMPerfGlue: perfmodule_submit_request() 132: perfmodule_submit_request()
06-05 18:23:07.887  1034  1034 I ANDR-PERF-LM: Core: getInstance() 84: LM getInstance
06-05 18:23:07.887  1034  1034 D ANDR-PERF-LM: Feature: lookup() 101: Feature Name = AppClassifier, total featuers = 3, featureFound = 1
06-05 18:23:07.887  1034  1034 D ANDR-PERF-LM: Feature: getData() 112: data.data = 0
06-05 18:23:07.887  1034  1034 I ANDR-PERF-LM: FeedbackAPI: getFeedback() 60: app:BufferTX - com.mi.android.globallauncher feature:AppClassifier feedback = 0
06-05 18:23:07.898  1113  1113 D CompositionEngine: writeOutputDependentGeometryStateToHWC layer[Wallpaper BBQ wrapper#0] set Z 134217728 miFodLayer 0x8000000
06-05 18:23:07.898  1113  1113 D CompositionEngine: writeOutputDependentGeometryStateToHWC layer[com.mi.android.globallauncher/com.miui.home.launcher.Launcher#1] set Z 134217729 miFodLayer 0x8000000
06-05 18:23:07.898  1113  1113 D CompositionEngine: writeOutputDependentGeometryStateToHWC layer[com.miui.securitycenter/.FloatingWindow#0] set Z 134217730 miFodLayer 0x8000000
06-05 18:23:07.898  1113  1113 D CompositionEngine: writeOutputDependentGeometryStateToHWC layer[StatusBar#0] set Z 134217731 miFodLayer 0x8000000
06-05 18:23:07.898  1113  1113 D CompositionEngine: writeOutputDependentGeometryStateToHWC layer[RoundCornerTop#0] set Z 134217732 miFodLayer 0x8000000
06-05 18:23:07.898  1113  1113 D CompositionEngine: writeOutputDependentGeometryStateToHWC layer[RoundCornerBottom#0] set Z 134217733 miFodLayer 0x8000000
06-05 18:23:07.901  1034  1034 E vendor.qti.hardware.perf@2.2-service: Unknown params
06-05 18:23:07.901  1034  1034 I ANDR-PERF-LM: LMPerfGlue: perfmodule_submit_request() 132: perfmodule_submit_request()
06-05 18:23:07.901  1034  1034 I ANDR-PERF-LM: Core: getInstance() 84: LM getInstance
06-05 18:23:07.901  1034  1034 D ANDR-PERF-LM: Feature: lookup() 101: Feature Name = AppClassifier, total featuers = 3, featureFound = 1
06-05 18:23:07.901  1034  1034 D ANDR-PERF-LM: Feature: getData() 112: data.data = 0
06-05 18:23:07.901  1034  1034 I ANDR-PERF-LM: FeedbackAPI: getFeedback() 60: app:BufferTX - com.mi.android.globallauncher feature:AppClassifier feedback = 0
06-05 18:23:07.909  5883  5883 W RMRetriever: Parent was destroyed before our Fragment could be added, all requests for the destroyed parent are cancelled
06-05 18:23:07.909  5883  5883 W RMRetriever: Parent was destroyed before our Fragment could be added, all requests for the destroyed parent are cancelled
06-05 18:23:07.916  1113  1113 D CompositionEngine: writeOutputDependentGeometryStateToHWC layer[Wallpaper BBQ wrapper#0] set Z 134217728 miFodLayer 0x8000000
06-05 18:23:07.916  1113  1113 D CompositionEngine: writeOutputDependentGeometryStateToHWC layer[com.mi.android.globallauncher/com.miui.home.launcher.Launcher#1] set Z 134217729 miFodLayer 0x8000000
06-05 18:23:07.916  1113  1113 D CompositionEngine: writeOutputDependentGeometryStateToHWC layer[com.miui.securitycenter/.FloatingWindow#0] set Z 134217730 miFodLayer 0x8000000
06-05 18:23:07.916  1113  1113 D CompositionEngine: writeOutputDependentGeometryStateToHWC layer[StatusBar#0] set Z 134217731 miFodLayer 0x8000000
06-05 18:23:07.916  1113  1113 D CompositionEngine: writeOutputDependentGeometryStateToHWC layer[RoundCornerTop#0] set Z 134217732 miFodLayer 0x8000000
06-05 18:23:07.916  1113  1113 D CompositionEngine: writeOutputDependentGeometryStateToHWC layer[RoundCornerBottom#0] set Z 134217733 miFodLayer 0x8000000
06-05 18:23:07.919  1850  6677 W InputManager-JNI: Input channel object '549c447 com.mi.android.globallauncher/com.miui.home.launcher.Launcher (client)' was disposed without first being removed with the input manager!
06-05 18:23:07.931  1113  1113 D CompositionEngine: writeOutputDependentGeometryStateToHWC layer[Wallpaper BBQ wrapper#0] set Z 134217728 miFodLayer 0x8000000
06-05 18:23:07.931  1113  1113 D CompositionEngine: writeOutputDependentGeometryStateToHWC layer[com.mi.android.globallauncher/com.miui.home.launcher.Launcher#1] set Z 134217729 miFodLayer 0x8000000
06-05 18:23:07.931  1113  1113 D CompositionEngine: writeOutputDependentGeometryStateToHWC layer[com.mi.android.globallauncher/com.miui.home.launcher.Launcher#2] set Z 134217730 miFodLayer 0x8000000
06-05 18:23:07.931  1113  1113 D CompositionEngine: writeOutputDependentGeometryStateToHWC layer[com.miui.securitycenter/.FloatingWindow#0] set Z 134217731 miFodLayer 0x8000000
06-05 18:23:07.931  1113  1113 D CompositionEngine: writeOutputDependentGeometryStateToHWC layer[StatusBar#0] set Z 134217732 miFodLayer 0x8000000
06-05 18:23:07.931  1113  1113 D CompositionEngine: writeOutputDependentGeometryStateToHWC layer[RoundCornerTop#0] set Z 134217733 miFodLayer 0x8000000
06-05 18:23:07.931  1113  1113 D CompositionEngine: writeOutputDependentGeometryStateToHWC layer[RoundCornerBottom#0] set Z 134217734 miFodLayer 0x8000000
06-05 18:23:07.935  1034  1034 E vendor.qti.hardware.perf@2.2-service: Unknown params
06-05 18:23:07.935  1034  1034 I ANDR-PERF-LM: LMPerfGlue: perfmodule_submit_request() 132: perfmodule_submit_request()
06-05 18:23:07.935  1034  1034 I ANDR-PERF-LM: Core: getInstance() 84: LM getInstance
06-05 18:23:07.935  1034  1034 D ANDR-PERF-LM: Feature: lookup() 101: Feature Name = AppClassifier, total featuers = 3, featureFound = 1
06-05 18:23:07.935  1034  1034 D ANDR-PERF-LM: Feature: getData() 112: data.data = 0
06-05 18:23:07.935  1034  1034 I ANDR-PERF-LM: FeedbackAPI: getFeedback() 60: app:BufferTX - com.mi.android.globallauncher feature:AppClassifier feedback = 0
06-05 18:23:07.948  1113  1113 D CompositionEngine: writeOutputDependentGeometryStateToHWC layer[Wallpaper BBQ wrapper#0] set Z 134217728 miFodLayer 0x8000000
06-05 18:23:07.948  1113  1113 D CompositionEngine: writeOutputDependentGeometryStateToHWC layer[com.mi.android.globallauncher/com.miui.home.launcher.Launcher#1] set Z 134217729 miFodLayer 0x8000000
06-05 18:23:07.948  1113  1113 D CompositionEngine: writeOutputDependentGeometryStateToHWC layer[com.mi.android.globallauncher/com.miui.home.launcher.Launcher#2] set Z 134217730 miFodLayer 0x8000000
06-05 18:23:07.948  1113  1113 D CompositionEngine: writeOutputDependentGeometryStateToHWC layer[com.miui.securitycenter/.FloatingWindow#0] set Z 134217731 miFodLayer 0x8000000
06-05 18:23:07.948  1113  1113 D CompositionEngine: writeOutputDependentGeometryStateToHWC layer[StatusBar#0] set Z 134217732 miFodLayer 0x8000000
06-05 18:23:07.948  1113  1113 D CompositionEngine: writeOutputDependentGeometryStateToHWC layer[RoundCornerTop#0] set Z 134217733 miFodLayer 0x8000000
06-05 18:23:07.948  1113  1113 D CompositionEngine: writeOutputDependentGeometryStateToHWC layer[RoundCornerBottom#0] set Z 134217734 miFodLayer 0x8000000
06-05 18:23:07.953  5883  5883 I A       : Constructor was called
06-05 18:23:07.954  5883  5883 I A       : No savedInstanceState.
06-05 18:23:07.954  5883  5883 I A       : makeRequest: subscribing to new source
06-05 18:23:07.956  5883  5883 I A       : OnCreate Was Called
06-05 18:23:07.957  5883  5883 I PromoManagerDataService: getMinusOnePromotion
06-05 18:23:07.964  1113  1113 D CompositionEngine: writeOutputDependentGeometryStateToHWC layer[Wallpaper BBQ wrapper#0] set Z 134217728 miFodLayer 0x8000000
06-05 18:23:07.964  1113  1113 D CompositionEngine: writeOutputDependentGeometryStateToHWC layer[com.mi.android.globallauncher/com.miui.home.launcher.Launcher#1] set Z 134217729 miFodLayer 0x8000000
06-05 18:23:07.964  1113  1113 D CompositionEngine: writeOutputDependentGeometryStateToHWC layer[com.mi.android.globallauncher/com.miui.home.launcher.Launcher#2] set Z 134217730 miFodLayer 0x8000000
06-05 18:23:07.964  1113  1113 D CompositionEngine: writeOutputDependentGeometryStateToHWC layer[com.miui.securitycenter/.FloatingWindow#0] set Z 134217731 miFodLayer 0x8000000
06-05 18:23:07.964  1113  1113 D CompositionEngine: writeOutputDependentGeometryStateToHWC layer[StatusBar#0] set Z 134217732 miFodLayer 0x8000000
06-05 18:23:07.964  1113  1113 D CompositionEngine: writeOutputDependentGeometryStateToHWC layer[RoundCornerTop#0] set Z 134217733 miFodLayer 0x8000000
06-05 18:23:07.964  1113  1113 D CompositionEngine: writeOutputDependentGeometryStateToHWC layer[RoundCornerBottom#0] set Z 134217734 miFodLayer 0x8000000
06-05 18:23:07.976  5883  5883 I A       : #startAppFlow
06-05 18:23:07.981  1113  1113 D CompositionEngine: writeOutputDependentGeometryStateToHWC layer[Wallpaper BBQ wrapper#0] set Z 134217728 miFodLayer 0x8000000
06-05 18:23:07.981  1113  1113 D CompositionEngine: writeOutputDependentGeometryStateToHWC layer[com.mi.android.globallauncher/com.miui.home.launcher.Launcher#1] set Z 134217729 miFodLayer 0x8000000
06-05 18:23:07.981  1113  1113 D CompositionEngine: writeOutputDependentGeometryStateToHWC layer[com.mi.android.globallauncher/com.miui.home.launcher.Launcher#2] set Z 134217730 miFodLayer 0x8000000
06-05 18:23:07.981  1113  1113 D CompositionEngine: writeOutputDependentGeometryStateToHWC layer[com.miui.securitycenter/.FloatingWindow#0] set Z 134217731 miFodLayer 0x8000000
06-05 18:23:07.981  1113  1113 D CompositionEngine: writeOutputDependentGeometryStateToHWC layer[StatusBar#0] set Z 134217732 miFodLayer 0x8000000
06-05 18:23:07.981  1113  1113 D CompositionEngine: writeOutputDependentGeometryStateToHWC layer[RoundCornerTop#0] set Z 134217733 miFodLayer 0x8000000
06-05 18:23:07.981  1113  1113 D CompositionEngine: writeOutputDependentGeometryStateToHWC layer[RoundCornerBottom#0] set Z 134217734 miFodLayer 0x8000000
06-05 18:23:07.998  1113  1113 D CompositionEngine: writeOutputDependentGeometryStateToHWC layer[Wallpaper BBQ wrapper#0] set Z 134217728 miFodLayer 0x8000000
06-05 18:23:07.998  1113  1113 D CompositionEngine: writeOutputDependentGeometryStateToHWC layer[com.mi.android.globallauncher/com.miui.home.launcher.Launcher#1] set Z 134217729 miFodLayer 0x8000000
06-05 18:23:07.998  1113  1113 D CompositionEngine: writeOutputDependentGeometryStateToHWC layer[com.mi.android.globallauncher/com.miui.home.launcher.Launcher#2] set Z 134217730 miFodLayer 0x8000000
06-05 18:23:07.998  1113  1113 D CompositionEngine: writeOutputDependentGeometryStateToHWC layer[com.miui.securitycenter/.FloatingWindow#0] set Z 134217731 miFodLayer 0x8000000
06-05 18:23:07.998  1113  1113 D CompositionEngine: writeOutputDependentGeometryStateToHWC layer[StatusBar#0] set Z 134217732 miFodLayer 0x8000000
06-05 18:23:07.998  1113  1113 D CompositionEngine: writeOutputDependentGeometryStateToHWC layer[RoundCornerTop#0] set Z 134217733 miFodLayer 0x8000000
06-05 18:23:07.998  1113  1113 D CompositionEngine: writeOutputDependentGeometryStateToHWC layer[RoundCornerBottom#0] set Z 134217734 miFodLayer 0x8000000
06-05 18:23:08.001  5883  5883 I A       : #endAppFlow
06-05 18:23:08.001  5883  5883 I PromoManagerDataService: getAccountMenuPromotion
06-05 18:23:08.006  5883  6281 I A       : #enqueuePeriodicJob: running = false
06-05 18:23:08.008  5883  5883 I A       : #accountsLoadedAppFlow
06-05 18:23:08.009  5883  6283 I A       : loading data on surface MinusOne.
06-05 18:23:08.014  1113  1113 D CompositionEngine: writeOutputDependentGeometryStateToHWC layer[Wallpaper BBQ wrapper#0] set Z 134217728 miFodLayer 0x8000000
06-05 18:23:08.014  1113  1113 D CompositionEngine: writeOutputDependentGeometryStateToHWC layer[com.mi.android.globallauncher/com.miui.home.launcher.Launcher#1] set Z 134217729 miFodLayer 0x8000000
06-05 18:23:08.014  1113  1113 D CompositionEngine: writeOutputDependentGeometryStateToHWC layer[com.mi.android.globallauncher/com.miui.home.launcher.Launcher#2] set Z 134217730 miFodLayer 0x8000000
06-05 18:23:08.014  1113  1113 D CompositionEngine: writeOutputDependentGeometryStateToHWC layer[com.miui.securitycenter/.FloatingWindow#0] set Z 134217731 miFodLayer 0x8000000
06-05 18:23:08.014  1113  1113 D CompositionEngine: writeOutputDependentGeometryStateToHWC layer[StatusBar#0] set Z 134217732 miFodLayer 0x8000000
06-05 18:23:08.014  1113  1113 D CompositionEngine: writeOutputDependentGeometryStateToHWC layer[RoundCornerTop#0] set Z 134217733 miFodLayer 0x8000000
06-05 18:23:08.014  1113  1113 D CompositionEngine: writeOutputDependentGeometryStateToHWC layer[RoundCornerBottom#0] set Z 134217734 miFodLayer 0x8000000
06-05 18:23:08.020  5883  5883 I A       : onApplyWindowInsets: systemWindowInsets=Insets{left=0, top=80, right=0, bottom=0}
06-05 18:23:08.020  5883  5883 I A       : onApplyWindowInsets: systemWindowInsets=Insets{left=0, top=80, right=0, bottom=0}
06-05 18:23:08.030  1113  1113 D CompositionEngine: writeOutputDependentGeometryStateToHWC layer[Wallpaper BBQ wrapper#0] set Z 134217728 miFodLayer 0x8000000
06-05 18:23:08.030  1113  1113 D CompositionEngine: writeOutputDependentGeometryStateToHWC layer[com.mi.android.globallauncher/com.miui.home.launcher.Launcher#1] set Z 134217729 miFodLayer 0x8000000
06-05 18:23:08.030  1113  1113 D CompositionEngine: writeOutputDependentGeometryStateToHWC layer[com.miui.securitycenter/.FloatingWindow#0] set Z 134217730 miFodLayer 0x8000000
06-05 18:23:08.030  1113  1113 D CompositionEngine: writeOutputDependentGeometryStateToHWC layer[StatusBar#0] set Z 134217731 miFodLayer 0x8000000
06-05 18:23:08.030  1113  1113 D CompositionEngine: writeOutputDependentGeometryStateToHWC layer[RoundCornerTop#0] set Z 134217732 miFodLayer 0x8000000
06-05 18:23:08.030  1113  1113 D CompositionEngine: writeOutputDependentGeometryStateToHWC layer[RoundCornerBottom#0] set Z 134217733 miFodLayer 0x8000000
06-05 18:23:08.034  5883  5883 I A       : onApplyWindowInsets: systemWindowInsets=Insets{left=0, top=80, right=0, bottom=0}
06-05 18:23:08.034  5883  5883 I A       : onApplyWindowInsets: systemWindowInsets=Insets{left=0, top=80, right=0, bottom=0}
06-05 18:23:08.036  5883  6145 W A       : Didn't find the session (MAIN_FEED, true)
06-05 18:23:08.040  5883  6145 W A       : Didn't find the session (MAIN_FEED, true)
06-05 18:23:08.047  1113  1113 D CompositionEngine: writeOutputDependentGeometryStateToHWC layer[Wallpaper BBQ wrapper#0] set Z 134217728 miFodLayer 0x8000000
06-05 18:23:08.047  1113  1113 D CompositionEngine: writeOutputDependentGeometryStateToHWC layer[com.mi.android.globallauncher/com.miui.home.launcher.Launcher#1] set Z 134217729 miFodLayer 0x8000000
06-05 18:23:08.047  1113  1113 D CompositionEngine: writeOutputDependentGeometryStateToHWC layer[com.miui.securitycenter/.FloatingWindow#0] set Z 134217730 miFodLayer 0x8000000
06-05 18:23:08.047  1113  1113 D CompositionEngine: writeOutputDependentGeometryStateToHWC layer[StatusBar#0] set Z 134217731 miFodLayer 0x8000000
06-05 18:23:08.047  1113  1113 D CompositionEngine: writeOutputDependentGeometryStateToHWC layer[RoundCornerTop#0] set Z 134217732 miFodLayer 0x8000000
06-05 18:23:08.047  1113  1113 D CompositionEngine: writeOutputDependentGeometryStateToHWC layer[RoundCornerBottom#0] set Z 134217733 miFodLayer 0x8000000
06-05 18:23:08.057  5042  5042 I GoogleInputMethodService: GoogleInputMethodService.onFinishInput():3204
06-05 18:23:08.057  5042  5042 I GoogleInputMethodService: GoogleInputMethodService.updateDeviceLockedStatus():2100 checkRepeatedly = false, unlocked = true
06-05 18:23:08.058  5042  5042 I GoogleInputMethodService: GoogleInputMethodService.onStartInput():1903 onStartInput(EditorInfo{inputType=0x0(NULL) imeOptions=0x0 privateImeOptions=null actionName=UNSPECIFIED actionLabel=null actionId=0 initialSelStart=-1 initialSelEnd=-1 initialCapsMode=0x0 hintText=null label=null packageName=com.mi.android.globallauncher fieldId=2131362093 fieldName=null extras=null}, false)
06-05 18:23:08.058  5042  5042 I GoogleInputMethodService: GoogleInputMethodService.updateDeviceLockedStatus():2100 checkRepeatedly = true, unlocked = true
06-05 18:23:08.063  5883  7864 I OpenGLRenderer: Davey! duration=9223366860909ms; Flags=0, FrameTimelineVsyncId=483670, IntendedVsync=5175945328130, Vsync=5176061994792, InputEventId=0, HandleInputStart=5176064270366, AnimationStart=5176064271720, PerformTraversalsStart=5176064407918, DrawStart=5176086675835, FrameDeadline=5175978661462, FrameInterval=5176064251304, FrameStartTime=16666666, SyncQueued=5176090538700, SyncStart=5176090765523, IssueDrawCommandsStart=5176091647033, SwapBuffers=5176092972241, FrameCompleted=9223372036854775807, DequeueBufferDuration=27552, QueueBufferDuration=583125, GpuCompleted=9223372036854775807, SwapBuffersCompleted=5176093911564, DisplayPresentTime=0,
06-05 18:23:08.074  5883  6281 I A       : Created StreamSubTree successfully, items 10
06-05 18:23:08.074  5883  6281 I A       : RenderableStreamDataSource#loadData - sessionStatus(SUCCESS)
06-05 18:23:08.075  5883  6281 I A       : RenderableStreamDataSource#loadData - cacheHit
06-05 18:23:08.076  5883  6281 I A       : RenderableStreamDataSource#loadData - succeed, cache status: Cache hit
06-05 18:23:08.083  5883  5883 I A       : StreamFragmentPeer#onNewData called, renderable slices 12
06-05 18:23:08.094  1850  2634 I MiuiNetworkPolicy: updateUidState uid = 10081, uidState = 5
06-05 18:23:08.093  4385  8520 I FSA2_GmsContactsSyncAdapter: @onPerformSync
06-05 18:23:08.095  4385  8516 I RemindersSync: Found sync condition that we don't recognize, re-initializing sync adapter. [T SyncAdapterThread-10:id=579:priority=5:group=main] [CONTEXT service_id=18 ]
06-05 18:23:08.099  4385  8520 W FSA2_ContactsSyncAdapter: @onPerformSync Sync started
06-05 18:23:08.108  4385  8520 W ChimeraUtils: Module com.google.android.gms.people has empty metadata display_name_string_id
06-05 18:23:08.117  4385  8518 W SyncAdapter: Could not parse SyncRequest from Bundle, not retrying sync [CONTEXT service_id=80 ]
06-05 18:23:08.119 31931  5969 I ContactsProvider: Contacts query: CPID=4385, CallingPackage = com.google.android.gms User=0
06-05 18:23:08.122  4385  8519 I PlayGamesServices[GamesSyncAdapter]: Starting sync for 66ff57ae
06-05 18:23:08.123  4385  8524 I PlayGamesServices[GamesSyncAdapter]: Starting sync for 66ff57ae
06-05 18:23:08.129  4385  8519 I PlayGamesServices[GamesSyncAdapter]: Sync duration for 66ff57ae: 6
06-05 18:23:08.135 31931  5969 I ContactsProvider: Contacts query: CPID=4385, CallingPackage = com.google.android.gms User=0
06-05 18:23:08.140  4385  8519 W PlayGamesServices[DataBroker]: No player ID found when refreshing
06-05 18:23:08.141  4385  8519 W PlayGamesServices[DataBroker]: No player ID found when refreshing
06-05 18:23:08.141  4385  8519 W PlayGamesServices[DataBroker]: No player ID found when refreshing
06-05 18:23:08.143  4385  8520 W ChimeraUtils: Module com.google.android.gms.people has empty metadata display_name_string_id
06-05 18:23:08.149 31931  5969 I ContactsProvider: Contacts query: CPID=4385, CallingPackage = com.google.android.gms User=0
06-05 18:23:08.150  4385  5024 I PeopleChimeraService: onService. callbacks = afrl@bac497a, request = com.google.android.gms.common.internal.GetServiceRequest@51aa52b
06-05 18:23:08.155 31931  5969 I ContactsProvider: Contacts query: CPID=4385, CallingPackage = com.google.android.gms User=0
06-05 18:23:08.159 31931  6895 I ContactsProvider: Contacts query: CPID=4385, CallingPackage = com.google.android.gms User=0
06-05 18:23:08.162  4385 29870 I GetServiceValidatorImpl: onGetService() from Client SDK version [221514000], Module version [221514044], PGA version [349492040], Account [Account {name=<<default account>>, type=com.google}], Calling package [com.google.android.gms], Game package [com.google.android.gms] [CONTEXT service_id=1 ]
06-05 18:23:08.163  4385 29870 W GetGamesServiceReqFacto: Parsing request with ignored arguments. signInOptionsBundle [Bundle[{com.google.android.gms.signin.internal.serverClientId=null, com.google.android.gms.signin.internal.usePromptModeForAuthCode=true, com.google.android.gms.signin.internal.logSessionId=null, com.google.android.gms.signin.internal.hostedDomain=null, com.google.android.gms.signin.internal.offlineAccessRequested=false, com.google.android.gms.signin.internal.waitForAccessTokenRefresh=false, com.google.android.gms.signin.internal.clientRequestedAccount=Account {name=<<default account>>, type=com.google}, com.google.android.gms.signin.internal.idTokenRequested=false, com.google.android.gms.signin.internal.forceCodeForRefreshToken=false}]], isRetryingSignIn [false], skipWelcomePopup [false], requireGooglePlus [false]
06-05 18:23:08.163  4385 29870 I GetGamesServiceReqFacto: Replacing request for `games` scope with `games_lite`
06-05 18:23:08.164 31931  5969 I ContactsProvider: Contacts query: CPID=4385, CallingPackage = com.google.android.gms User=0
06-05 18:23:08.173 31931  5969 I ContactsProvider: Contacts query: CPID=4385, CallingPackage = com.google.android.gms User=0
06-05 18:23:08.174  4385  8529 I FSA2_SyncState: @readSyncState: # azbx@fd71f77b
06-05 18:23:08.179  4385  8531 I SignInPerformer-1: Handling request [GetGamesServiceRequest{gamePackageName=com.google.android.gms, gameUid=10188, gamePlayServicesClientLibraryVersion=221514000, sdkVariation=1052947, requestedScopes=[https://www.googleapis.com/auth/games_lite], callingIdentity=CallingIdentity{uid=10188, pid=4385, packageName=com.google.android.gms, playServicesClientLibraryVersion=221514000}, requestedAccount=Optional.absent(), forceResolveAccountKey=null, requestedServiceMode=2}], isFirstPartyCaller [true] [CONTEXT service_id=1 ]
06-05 18:23:08.180  4385  8531 I SignInPerformer-1: Successfully brokered first-party unauthenticated GamesService [CONTEXT service_id=1 ]
06-05 18:23:08.181  4385  8531 I GetGamesServiceV2Op: Successfully brokered GamesService for request dzx{gamePackageName=com.google.android.gms, gameUid=10188, gamePlayServicesClientLibraryVersion=221514000, sdkVariation=1052947, requestedScopes=[https://www.googleapis.com/auth/games_lite], callingIdentity=CallingIdentity{uid=10188, pid=4385, packageName=com.google.android.gms, playServicesClientLibraryVersion=221514000}, requestedAccount=Optional.absent(), forceResolveAccountKey=null, requestedServiceMode=2} [CONTEXT service_id=1 ]
06-05 18:23:08.184  4385  8529 E ddub    : *~*~*~ Channel {0} was not shutdown properly!!! ~*~*~*
06-05 18:23:08.184  4385  8529 E ddub    :     Make sure to call shutdown()/shutdownNow() and wait until awaitTermination() returns true.
06-05 18:23:08.184  4385  8529 E ddub    : java.lang.RuntimeException: ManagedChannel allocation site
06-05 18:23:08.184  4385  8529 E ddub    : 	at ddua.<init>(:com.google.android.gms@221514044@22.15.14 (190400-441847897):3)
06-05 18:23:08.184  4385  8529 E ddub    : 	at ddub.<init>(:com.google.android.gms@221514044@22.15.14 (190400-441847897):2)
06-05 18:23:08.184  4385  8529 E ddub    : 	at ddml.a(:com.google.android.gms@221514044@22.15.14 (190400-441847897):22)
06-05 18:23:08.184  4385  8529 E ddub    : 	at wfg.c(:com.google.android.gms@221514044@22.15.14 (190400-441847897):22)
06-05 18:23:08.184  4385  8529 E ddub    : 	at wfg.e(:com.google.android.gms@221514044@22.15.14 (190400-441847897):1)
06-05 18:23:08.184  4385  8529 E ddub    : 	at azio.f(:com.google.android.gms@221514044@22.15.14 (190400-441847897):27)
06-05 18:23:08.184  4385  8529 E ddub    : 	at aziq.g(:com.google.android.gms@221514044@22.15.14 (190400-441847897):16)
06-05 18:23:08.184  4385  8529 E ddub    : 	at azir.run(:com.google.android.gms@221514044@22.15.14 (190400-441847897):2)
06-05 18:23:08.184  4385  8529 E ddub    : 	at java.lang.Thread.run(Thread.java:920)
06-05 18:23:08.223  4385  8522 W Conscrypt: Could not set socket write timeout: java.net.SocketException: Socket closed
06-05 18:23:08.227  4385  8522 W Conscrypt: 	at com.google.android.gms.org.conscrypt.Platform.setSocketWriteTimeout(:com.google.android.gms@221514044@22.15.14 (190400-441847897):2)
06-05 18:23:08.227  4385  8522 W Conscrypt: 	at com.google.android.gms.org.conscrypt.ConscryptFileDescriptorSocket.setSoWriteTimeout(:com.google.android.gms@221514044@22.15.14 (190400-441847897):0)
06-05 18:23:08.243  5883  5883 W View    : requestLayout() improperly called by android.widget.FrameLayout{6ec3abd V.E...... ......ID 0,0-1080,550 #7f0b0ffb app:id/googleapp_discover_header_container} during layout: running second layout pass
06-05 18:23:08.250  4385  8536 I RemindersSync: Found sync condition that we don't recognize, re-initializing sync adapter. [T SyncAdapterThread-11:id=593:priority=5:group=main] [CONTEXT service_id=18 ]
06-05 18:23:08.294  4385  8538 W SyncAdapter: Could not parse SyncRequest from Bundle, not retrying sync [CONTEXT service_id=80 ]
06-05 18:23:08.325  4385  8541 I PlayGamesServices[GamesSyncAdapter]: Starting sync for b8130d2e
06-05 18:23:08.327  4385  8541 I PlayGamesServices[GamesSyncAdapter]: Sync duration for b8130d2e: 2
06-05 18:23:08.337  4385  8541 W PlayGamesServices[DataBroker]: No player ID found when refreshing
06-05 18:23:08.337  4385  8541 W PlayGamesServices[DataBroker]: No player ID found when refreshing
06-05 18:23:08.337  4385  8541 W PlayGamesServices[DataBroker]: No player ID found when refreshing
06-05 18:23:08.354  4385  8522 W Conscrypt: Could not set socket write timeout: java.net.SocketException: Socket closed
06-05 18:23:08.354  4385  8522 W Conscrypt: 	at com.google.android.gms.org.conscrypt.Platform.setSocketWriteTimeout(:com.google.android.gms@221514044@22.15.14 (190400-441847897):2)
06-05 18:23:08.354  4385  8522 W Conscrypt: 	at com.google.android.gms.org.conscrypt.ConscryptFileDescriptorSocket.setSoWriteTimeout(:com.google.android.gms@221514044@22.15.14 (190400-441847897):0)
06-05 18:23:08.367  1850  2634 I MiuiNetworkPolicy: updateUidState uid = 10121, uidState = 8
06-05 18:23:08.372  4385  8539 W Conscrypt: Could not set socket write timeout: java.net.SocketException: Socket closed
06-05 18:23:08.372  4385  8539 W Conscrypt: 	at com.google.android.gms.org.conscrypt.Platform.setSocketWriteTimeout(:com.google.android.gms@221514044@22.15.14 (190400-441847897):2)
06-05 18:23:08.372  4385  8539 W Conscrypt: 	at com.google.android.gms.org.conscrypt.ConscryptFileDescriptorSocket.setSoWriteTimeout(:com.google.android.gms@221514044@22.15.14 (190400-441847897):0)
06-05 18:23:08.388  1850  2634 I MiuiNetworkPolicy: updateUidState uid = 10137, uidState = 8
06-05 18:23:08.400  1850  2634 I MiuiNetworkPolicy: updateUidState uid = 10137, uidState = 10
06-05 18:23:08.401  1850  2634 I MiuiNetworkPolicy: updateUidState uid = 10137, uidState = 19
06-05 18:23:08.409  1850  2634 I MiuiNetworkPolicy: updateUidState uid = 10121, uidState = 10
06-05 18:23:08.412  1850  2634 I MiuiNetworkPolicy: updateUidState uid = 10121, uidState = 19
06-05 18:23:08.452  4385  8539 W Conscrypt: Could not set socket write timeout: java.net.SocketException: Socket closed
06-05 18:23:08.452  4385  8539 W Conscrypt: 	at com.google.android.gms.org.conscrypt.Platform.setSocketWriteTimeout(:com.google.android.gms@221514044@22.15.14 (190400-441847897):2)
06-05 18:23:08.452  4385  8539 W Conscrypt: 	at com.google.android.gms.org.conscrypt.ConscryptFileDescriptorSocket.setSoWriteTimeout(:com.google.android.gms@221514044@22.15.14 (190400-441847897):0)
06-05 18:23:08.455  4385  8546 I RemindersSync: Found sync condition that we don't recognize, re-initializing sync adapter. [T SyncAdapterThread-12:id=600:priority=5:group=main] [CONTEXT service_id=18 ]
06-05 18:23:08.459  3143  8517 I GCoreUlr: AutoEnableManager setIneligible for account#18#
06-05 18:23:08.459  1010 16487 I sensors-hal: ssc_conn_event_cb:489, event[0] sensor:device_orient  Wakeup msg_id=776, ts=179992773881
06-05 18:23:08.474  4385  8548 W SyncAdapter: Could not parse SyncRequest from Bundle, not retrying sync [CONTEXT service_id=80 ]
06-05 18:23:08.485  4385  8524 I PlayGamesServices[GamesSyncAdapter]: Sync duration for 66ff57ae: 361
06-05 18:23:08.490  4385  8524 W PlayGamesServices[DataBroker]: No player ID found when refreshing
06-05 18:23:08.490  4385  8524 W PlayGamesServices[DataBroker]: No player ID found when refreshing
06-05 18:23:08.491  4385  8524 W PlayGamesServices[DataBroker]: No player ID found when refreshing
06-05 18:23:08.501  1850  2634 I MiuiNetworkPolicy: updateUidState uid = 10383, uidState = 8
06-05 18:23:08.515  4385  8550 I PlayGamesServices[GamesSyncAdapter]: Starting sync for 1ddd037e
06-05 18:23:08.523  4385  8550 I PlayGamesServices[GamesSyncAdapter]: Sync duration for 1ddd037e: 5
06-05 18:23:08.540  4385  8550 W PlayGamesServices[DataBroker]: No player ID found when refreshing
06-05 18:23:08.540  4385  8550 W PlayGamesServices[DataBroker]: No player ID found when refreshing
06-05 18:23:08.541  4385  8550 W PlayGamesServices[DataBroker]: No player ID found when refreshing
06-05 18:23:08.556  2953  3093 D tcg.hearthston: PlayerBase::stop() from IPlayer
06-05 18:23:08.556  2953  3093 D AudioTrack: stop(sessionID=4841)
06-05 18:23:08.556  2953  3093 D AudioTrack: stop(395): prior state:STATE_ACTIVE
06-05 18:23:08.556  2953  3093 D AudioTrack: stop(395): called with 8016576 frames delivered
06-05 18:23:08.557  1103  6927 D AF::Track: setFadeType1 type = 2 mFadeType = 0 isFadeNeeded = 0
06-05 18:23:08.557  1103  6927 E audioserver: open /proc/2953/cmdline error
06-05 18:23:08.557  1103  6927 I audioserver: setAppName(), name=[], active=[0]
06-05 18:23:08.558   975  1043 V EffectMiSound: MiSound_command() start, cmdCode=24
06-05 18:23:08.558   975  1043 V EffectMiSound: MiSound_Command EFFECT_CMD_SET_APP_NAME: stream=3, name=-
