06-05 18:23:10.226  5528  8585 D CloudServiceSync.ContactsSyncAdapter: processDirtyGroups(): begin...
06-05 18:23:10.226  5528  8585 D ##XLogger##: com.miui.micloudsync.util.ExLog::begin@SourceFile:29, thread:91--CloudServiceSync.ContactsSyncAdapter, processDirtyGroups(): begin...
06-05 18:23:10.229 31931  6413 I ContactsProvider: Contacts query: CPID=5528, CallingPackage = com.miui.micloudsync User=0
06-05 18:23:10.233  5528  8585 D CloudServiceSync.ContactsSyncAdapter: processDirtyGroups(): end...
06-05 18:23:10.233  5528  8585 D ##XLogger##: com.miui.micloudsync.util.ExLog::end@SourceFile:38, thread:91--CloudServiceSync.ContactsSyncAdapter, processDirtyGroups(): end...
06-05 18:23:10.233  5528  8585 D CloudServiceSync.ContactsSyncAdapter: localSyncVersion: -1;currentVersion: -1isMergefalse
06-05 18:23:10.233  5528  8585 D ##XLogger##: com.miui.micloudsync.util.ExLog::d@SourceFile:59, thread:91--CloudServiceSync.ContactsSyncAdapter, localSyncVersion: -1;currentVersion: -1isMergefalse
06-05 18:23:10.234  5647  5705 I [com.android.contacts,5528]:ContactsSyncAdapter: localSyncVersion: -1;currentVersion: -1isMerge false
06-05 18:23:10.234  5528  8585 D CloudServiceSync.ContactsSyncAdapter: processUnSyncedDisplayPhoto(): begin...
06-05 18:23:10.234  5528  8585 D ##XLogger##: com.miui.micloudsync.util.ExLog::begin@SourceFile:29, thread:91--CloudServiceSync.ContactsSyncAdapter, processUnSyncedDisplayPhoto(): begin...
06-05 18:23:10.234  5647  5705 I [com.android.contacts,5528]:ContactsSyncAdapter: processUnSyncedDisplayPhoto begin
06-05 18:23:10.235  5528  8585 D CloudServiceSync.ContactsSyncAdapter: processUnSyncedDisplayPhoto(): end...
06-05 18:23:10.235  5528  8585 D ##XLogger##: com.miui.micloudsync.util.ExLog::end@SourceFile:38, thread:91--CloudServiceSync.ContactsSyncAdapter, processUnSyncedDisplayPhoto(): end...
06-05 18:23:10.236  5647  5705 I [com.android.contacts,5528]:ContactsSyncAdapter: processUnSyncedDisplayPhoto end
06-05 18:23:10.236  5528  8585 D CloudServiceSync.ContactsSyncAdapter: processDirtyRawContact(): begin...
06-05 18:23:10.236  5528  8585 D ##XLogger##: com.miui.micloudsync.util.ExLog::begin@SourceFile:29, thread:91--CloudServiceSync.ContactsSyncAdapter, processDirtyRawContact(): begin...
06-05 18:23:10.236  5528  8585 D CloudServiceSync.ContactsSyncAdapter: processDirtyRawContact's merge status : false
06-05 18:23:10.236  5528  8585 D ##XLogger##: com.miui.micloudsync.util.ExLog::d@SourceFile:59, thread:91--CloudServiceSync.ContactsSyncAdapter, processDirtyRawContact's merge status : false
06-05 18:23:10.238 31931  6895 I ContactsProvider: Contacts query: CPID=5528, CallingPackage = com.miui.micloudsync User=0
06-05 18:23:10.242  5528  8585 D CloudServiceSync.ContactManager: getDirtyContacts(): begin...
06-05 18:23:10.242  5528  8585 D ##XLogger##: com.miui.micloudsync.util.ExLog::begin@SourceFile:29, thread:91--CloudServiceSync.ContactManager, getDirtyContacts(): begin...
06-05 18:23:10.243  5528  8585 D CloudServiceSync.ContactManager: getDirtyContacts(): end...
06-05 18:23:10.243  5528  8585 D ##XLogger##: com.miui.micloudsync.util.ExLog::end@SourceFile:38, thread:91--CloudServiceSync.ContactManager, getDirtyContacts(): end...
06-05 18:23:10.244  5528  8585 D CloudServiceSync.ContactManager: getDirtyContacts(): dirty contacts count is 0
06-05 18:23:10.244  5528  8585 D ##XLogger##: com.miui.micloudsync.util.ExLog::d@SourceFile:68, thread:91--CloudServiceSync.ContactManager, getDirtyContacts(): dirty contacts count is 0
06-05 18:23:10.246  5647  5705 I [com.android.contacts,5528]:ContactsSyncAdapter: processDirtyRawContact size=0
06-05 18:23:10.247  5528  8585 D CloudServiceSync.ContactsSyncAdapter: processDirtyRawContact(): end...
06-05 18:23:10.247  5647  5705 I [com.android.contacts,5528]:ContactsSyncAdapter: processDirtyRawContact uploadLocalContactsNum=0;cloudReturnContactsNum=0
06-05 18:23:10.247  5528  8585 D ##XLogger##: com.miui.micloudsync.util.ExLog::end@SourceFile:38, thread:91--CloudServiceSync.ContactsSyncAdapter, processDirtyRawContact(): end...
06-05 18:23:10.247  5528  8585 D CloudServiceSync.CallLabelManager: processCallLaber(): begin...
06-05 18:23:10.247  5528  8585 D ##XLogger##: com.miui.micloudsync.util.ExLog::begin@SourceFile:29, thread:91--CloudServiceSync.CallLabelManager, processCallLaber(): begin...
06-05 18:23:10.249 31931  6895 I ContactsProvider: Contacts query: CPID=5528, CallingPackage = com.miui.micloudsync User=0
06-05 18:23:10.251  5528  5547 W System  : A resource failed to call close.
06-05 18:23:10.253  5528  8585 D CloudServiceSync.CallLabelManager: processDirtyCallLabel(): end...
06-05 18:23:10.253  5528  8585 D ##XLogger##: com.miui.micloudsync.util.ExLog::end@SourceFile:38, thread:91--CloudServiceSync.CallLabelManager, processDirtyCallLabel(): end...
06-05 18:23:10.253  5528  8585 D CloudServiceSync.ContactsSyncAdapter: processSyncContact(): begin...
06-05 18:23:10.253  5528  8585 D ##XLogger##: com.miui.micloudsync.util.ExLog::begin@SourceFile:29, thread:91--CloudServiceSync.ContactsSyncAdapter, processSyncContact(): begin...
06-05 18:23:10.254  5528  8585 D CloudServiceSync.ContactsSyncAdapter: processSyncContact(): sync...
06-05 18:23:10.254  5528  8585 D ##XLogger##: com.miui.micloudsync.util.ExLog::d@SourceFile:68, thread:91--CloudServiceSync.ContactsSyncAdapter, processSyncContact(): sync...
06-05 18:23:10.254  5647  5705 I [com.android.contacts,5528]:ContactsSyncAdapter: processSyncContact(): sync...
06-05 18:23:10.255 31931  6895 I ContactsProvider: Contacts query: CPID=5528, CallingPackage = com.miui.micloudsync User=0
06-05 18:23:10.257  5528  8585 D CloudServiceSync.ContactsSyncAdapter: parseSyncKey(): syncStateData={"syncTag":"0","syncExtraInfo":"FoLbnramYBYAFgAWABYAFgAiJsK_ibAwAsgBAA","syncVersion":"3"}, watermark=0
06-05 18:23:10.257  5528  8585 D ##XLogger##: com.miui.micloudsync.util.ExLog::d@SourceFile:68, thread:91--CloudServiceSync.ContactsSyncAdapter, parseSyncKey(): syncStateData={"syncTag":"0","syncExtraInfo":"FoLbnramYBYAFgAWABYAFgAiJsK_ibAwAsgBAA","syncVersion":"3"}, watermark=0
06-05 18:23:10.257  5528  8585 W CloudServiceSync.ContactsSyncAdapter: processSyncContact(): sync with watermark 0
06-05 18:23:10.257  5528  8585 W ##XLogger##: com.miui.micloudsync.util.ExLog::w@SourceFile:113, thread:91--CloudServiceSync.ContactsSyncAdapter, processSyncContact(): sync with watermark 0
06-05 18:23:10.258  5647  5705 I [com.android.contacts,5528]:ContactsSyncAdapter: processSyncContact(): sync with watermark  0
06-05 18:23:10.262  5528  8585 I ##XLogger##: com.xiaomi.micloudsdk.request.utils.CloudRelocationUtils::updateRequestHost@SourceFile:317, thread:91--Micloud, Original URL: http://contactapi.micloud.xiaomi.net/mic/contact/v3/user/full.
06-05 18:23:10.263  5528  8585 I ##XLogger##: com.xiaomi.micloudsdk.request.utils.CloudRelocationUtils::updateRequestHost@SourceFile:322, thread:91--Micloud, New URL: https://us.contactapi.micloud.xiaomi.net.
06-05 18:23:10.263  5528  8585 I ##XLogger##: com.xiaomi.micloudsdk.request.utils.CloudRelocationUtils::updateRequestHost@SourceFile:329, thread:91--Micloud, Final URL: https://us.contactapi.micloud.xiaomi.net/mic/contact/v3/user/full.
06-05 18:23:10.275  1850  2634 I MiuiNetworkPolicy: updateUidState uid = 10162, uidState = 8
06-05 18:23:10.294  5528  5528 I RemoteMethodInvoker: RemoteMethodInvoker connects remote service .XiaomiAccountService
06-05 18:23:10.303  5482  8586 I SyncManager: pull
06-05 18:23:10.304  1850  2634 I MiuiNetworkPolicy: updateUidState uid = 10162, uidState = 10
06-05 18:23:10.306  1850  2634 I MiuiNetworkPolicy: updateUidState uid = 10162, uidState = 19
06-05 18:23:10.308  6856  6937 D NotesProvider: query: context=com.miui.notes.NoteApp@a90a548
06-05 18:23:10.315  6856  6937 I NotesProvider: delete note, uid=10121, pid=5482, selection=(type=0 AND local_modified=0 AND sync_data2>0) AND (_id>0), selectionArgs=null, force=true,counter=0
06-05 18:23:10.317  6856  6941 I NotesProvider: delete note, uid=10121, pid=5482, selection=(type=1 AND sync_data2>0 AND notes_count=0) AND (_id>0), selectionArgs=null, force=true,counter=0
06-05 18:23:10.318  6856  6874 I NotesProvider: update URI_NOTE, uid=10121, pid=5482, localModified=1, selection=type=1 AND sync_data2>0 AND notes_count>0, selectionArgs=null
06-05 18:23:10.319  5482  8586 I SyncManager: pull end
06-05 18:23:10.323  6856  6874 D NotesProvider: query: context=com.miui.notes.NoteApp@a90a548
06-05 18:23:10.327  5983  5983 I AlarmReceiver: onReceive: action=com.miui.notes.action.REFRESH_ALARM
06-05 18:23:10.327  6856  6874 D NotesProvider: query: context=com.miui.notes.NoteApp@a90a548
06-05 18:23:10.329  5983  5983 I AlarmReceiver: setupAlarms: currentDate=1654424590329
06-05 18:23:10.330  6856  6941 I NotesProvider: update URI_NOTE, uid=10121, pid=5482, localModified=1, selection=local_modified=0 AND sync_id=0 AND version=0, selectionArgs=null
06-05 18:23:10.331  6856  6937 I NotesProvider: delete note, uid=10121, pid=5482, selection=(parent_id=? AND type=0 AND (deletion_tag= ? OR snippet='')) AND (_id>0), selectionArgs=[-3, 1], force=true,counter=0
06-05 18:23:10.331  5482  8586 I NotesSyncAdapter: Delete notes whose deletion_tag is 1 or is empty notes in trash folder:0
06-05 18:23:10.331  6856  6874 D NotesProvider: query: context=com.miui.notes.NoteApp@a90a548
06-05 18:23:10.331  5482  8586 D MiCloudSyncAdapterBase: onPerformSync: No error found. ---Success---
06-05 18:23:10.331  5482  8586 D SyncInfoProviderBase: queryCountByProjection, uri: content://notes/note?caller_is_syncadapter=true
06-05 18:23:10.332  6856  6940 D NotesProvider: query: context=com.miui.notes.NoteApp@a90a548
06-05 18:23:10.333  5482  8586 D SyncInfoProviderBase: count 0
06-05 18:23:10.334  5983  5983 I AlarmReceiver: setupTodoAlarms: currentDate=1654424590334
06-05 18:23:10.334  5482  8586 D SyncInfoProviderBase: queryCountByProjection, uri: content://notes/note?caller_is_syncadapter=true
06-05 18:23:10.334  6856  6874 D NotesProvider: query: context=com.miui.notes.NoteApp@a90a548
06-05 18:23:10.336  5482  8586 D SyncInfoProviderBase: count 0
06-05 18:23:10.336  5983  5983 I AlarmReceiver: setupRepeatTodoAlarms: currentDate=1654424590336
06-05 18:23:10.337  5647  5704 I [notes,5482]:SyncLog[notes]: After Sync: SyncDataInfo[notes]  {synced count:0, unsynced count:0, unsynced secret count:-1, unsynced wifi only count:0}
06-05 18:23:10.339  5647  5704 I [notes,5482]:SyncLog[notes]: Success:{authority:notes, start:2022-06-05 18:23:09, end:2022-06-05 18:23:10, delta:1, error:}
06-05 18:23:10.339  5482  8586 D SyncStatUtil: performSyncTimeStat:
06-05 18:23:10.344  5618  5632 D OpenApiStatProvider: insert:
06-05 18:23:10.345  5482  8586 D SyncStatUtil: performSyncResultStat:
06-05 18:23:10.346  6942  6942 I NoteWidgetProvider: ------------action-----------com.miui.notes.action.REFRESH_WIDGET
06-05 18:23:10.346  5618  5632 D OpenApiStatProvider: insert:
06-05 18:23:10.346  5482  8586 D SyncStatUtil: performSyncPhoneState:
06-05 18:23:10.346  5618  5632 D OpenApiStatProvider: insert:
06-05 18:23:10.348  5482  8586 D SyncUtils: recordSyncResultSuccess
06-05 18:23:10.348  5482  8586 D SyncContentUtils: recordSyncResult: authority: notes, code: 0
06-05 18:23:10.350  5618  5632 D MiCloudProvider: update sync result
06-05 18:23:10.351  6942  6942 I NoteWidgetProvider: ------------action-----------com.miui.notes.action.REFRESH_WIDGET
06-05 18:23:10.354  6942  6942 I NoteWidgetProvider: ------------action-----------com.miui.notes.action.REFRESH_WIDGET
06-05 18:23:10.368  5482  5504 W System  : A resource failed to call close.
06-05 18:23:10.368  1850  2634 I MiuiNetworkPolicy: updateUidState uid = 10121, uidState = 10
06-05 18:23:10.368  5482  5504 W System  : A resource failed to call close.
06-05 18:23:10.370  5482  5504 W System  : A resource failed to call close.
06-05 18:23:10.370  5482  5504 W System  : A resource failed to call close.
06-05 18:23:10.371  1850  2634 I MiuiNetworkPolicy: updateUidState uid = 10121, uidState = 19
06-05 18:23:10.710  5528  8585 D CloudServiceSync.ContactsSyncAdapter: processSyncContact(): lastPage=true, syncExtraInfo=FtjknramYBYAFgAWABYAFgAiJsK_ibAwAsgBAA
06-05 18:23:10.710  5528  8585 D ##XLogger##: com.miui.micloudsync.util.ExLog::d@SourceFile:68, thread:91--CloudServiceSync.ContactsSyncAdapter, processSyncContact(): lastPage=true, syncExtraInfo=FtjknramYBYAFgAWABYAFgAiJsK_ibAwAsgBAA
06-05 18:23:10.712  5647  5705 I [com.android.contacts,5528]:ContactsSyncAdapter: processSyncContact(): lastPage=  true;syncExtraInfo=FtjknramYBYAFgAWABYAFgAiJsK_ibAwAsgBAA
06-05 18:23:10.713  5528  8585 W CloudServiceSync.ContactsSyncAdapter: syncContact(): contactSize=0
06-05 18:23:10.713  5528  8585 W ##XLogger##: com.miui.micloudsync.util.ExLog::w@SourceFile:113, thread:91--CloudServiceSync.ContactsSyncAdapter, syncContact(): contactSize=0
06-05 18:23:10.715  5647  5705 I [com.android.contacts,5528]:ContactsSyncAdapter: syncContact(): contactSize= 0
06-05 18:23:10.715  5647  5705 I [com.android.contacts,5528]:ContactsSyncAdapter: syncContact(): insertNum=0;deleteNum=0;updateNum=0
06-05 18:23:10.716  5528  8585 D CloudServiceSync.ContactsSyncAdapter: setSyncState(): syncStateUri=content://com.android.contacts/syncstate
06-05 18:23:10.716  5528  8585 D ##XLogger##: com.miui.micloudsync.util.ExLog::d@SourceFile:68, thread:91--CloudServiceSync.ContactsSyncAdapter, setSyncState(): syncStateUri=content://com.android.contacts/syncstate
06-05 18:23:10.718  5528  8585 D CloudServiceSync.ContactsSyncAdapter: buildSyncStateData(): {"syncTag":"0","syncExtraInfo":"FtjknramYBYAFgAWABYAFgAiJsK_ibAwAsgBAA","syncVersion":"3"}
06-05 18:23:10.718  5528  8585 D ##XLogger##: com.miui.micloudsync.util.ExLog::d@SourceFile:68, thread:91--CloudServiceSync.ContactsSyncAdapter, buildSyncStateData(): {"syncTag":"0","syncExtraInfo":"FtjknramYBYAFgAWABYAFgAiJsK_ibAwAsgBAA","syncVersion":"3"}
06-05 18:23:10.719  5528  8585 D CloudServiceSync.ContactsSyncAdapter: setSyncState(): newSyncState={"syncTag":"0","syncExtraInfo":"FtjknramYBYAFgAWABYAFgAiJsK_ibAwAsgBAA","syncVersion":"3"}
06-05 18:23:10.719  5528  8585 D ##XLogger##: com.miui.micloudsync.util.ExLog::d@SourceFile:68, thread:91--CloudServiceSync.ContactsSyncAdapter, setSyncState(): newSyncState={"syncTag":"0","syncExtraInfo":"FtjknramYBYAFgAWABYAFgAiJsK_ibAwAsgBAA","syncVersion":"3"}
06-05 18:23:10.725 31931  6895 I ContactsProvider: Contacts insert: CPID=5528, CallingPackage = com.miui.micloudsync User=0
06-05 18:23:10.728  5042  5042 I ContactsDataManager: ContactsDataManager.onContentChanged():155 onContentChanged()
06-05 18:23:10.728  5042  5042 I EmailDataManager: EmailDataManager.onContentChanged():115 onContentChanged()
06-05 18:23:10.729  3143  3143 I NearbySharing: The contact book (uri: content://com.android.contacts) has been modified. [CONTEXT service_id=194 ]
06-05 18:23:10.729  3143  3143 I NearbySharing: Ignoring the contact book change, as we're already batching the request. [CONTEXT service_id=194 ]
06-05 18:23:10.733 31931  8598 I ContactsProvider: Contacts query: CPID=1850, CallingPackage = android User=0
06-05 18:23:10.733 31931 32211 I ContactsProvider: Contacts query: CPID=5528, CallingPackage = com.miui.micloudsync User=0
06-05 18:23:10.735 31931  8598 D SyncAccountUtils: getSelectionWritableAccountTypes(): readonly types: ('org.telegram.messenger','com.google.android.apps.tachyon','com.facebook.messenger')
06-05 18:23:10.737  5528  8585 D CloudServiceSync.ContactsSyncAdapter: setSyncState(): new sync state {"syncTag":"0","syncExtraInfo":"FtjknramYBYAFgAWABYAFgAiJsK_ibAwAsgBAA","syncVersion":"3"} save successful, current sync state {"syncTag":"0","syncExtraInfo":"FtjknramYBYAFgAWABYAFgAiJsK_ibAwAsgBAA","syncVersion":"3"}
06-05 18:23:10.737  5528  8585 D ##XLogger##: com.miui.micloudsync.util.ExLog::d@SourceFile:68, thread:91--CloudServiceSync.ContactsSyncAdapter, setSyncState(): new sync state {"syncTag":"0","syncExtraInfo":"FtjknramYBYAFgAWABYAFgAiJsK_ibAwAsgBAA","syncVersion":"3"} save successful, current sync state {"syncTag":"0","syncExtraInfo":"FtjknramYBYAFgAWABYAFgAiJsK_ibAwAsgBAA","syncVersion":"3"}
06-05 18:23:10.738  5647  5705 I [com.android.contacts,5528]:ContactsSyncAdapter: contactsSyncvalidCloudContactNum = 0,localUpdateContactNum = 0
06-05 18:23:10.743  5528  8585 D SyncInfoProviderBase: queryCount, uri: content://com.android.contacts/raw_contacts
06-05 18:23:10.745 31931  8598 I ContactsProvider: Contacts query: CPID=5528, CallingPackage = com.miui.micloudsync User=0
06-05 18:23:10.752  5528  8585 D SyncInfoProviderBase: queryCount, uri: content://com.android.contacts/raw_contacts
06-05 18:23:10.754 31931  8598 I ContactsProvider: Contacts query: CPID=5528, CallingPackage = com.miui.micloudsync User=0
06-05 18:23:10.759  5528  8585 D SyncInfoProviderBase: queryCount, uri: content://com.android.contacts/raw_contact_entities?caller_is_syncadapter=true
06-05 18:23:10.761 31931  6895 I ContactsProvider: Contacts query: CPID=5528, CallingPackage = com.miui.micloudsync User=0
06-05 18:23:10.765  5528  8585 D CloudServiceSync.ContactsSyncAdapter: processSyncContact(): end...
06-05 18:23:10.765  5528  8585 D ##XLogger##: com.miui.micloudsync.util.ExLog::end@SourceFile:38, thread:91--CloudServiceSync.ContactsSyncAdapter, processSyncContact(): end...
06-05 18:23:10.766  5528  8585 D CloudServiceSync.ContactsSyncAdapter: onPerformMiCloudSync(): set PREF_LOCAL_SYNC_VERSION to -1
06-05 18:23:10.766  5528  8585 D ##XLogger##: com.miui.micloudsync.util.ExLog::d@SourceFile:59, thread:91--CloudServiceSync.ContactsSyncAdapter, onPerformMiCloudSync(): set PREF_LOCAL_SYNC_VERSION to -1
06-05 18:23:10.767  5528  8585 D CloudServiceSync.ContactManager: notifyContactSyncState(): state=SYNC_CONTACTS_STATE_END, info=null
06-05 18:23:10.767  5528  8585 D ##XLogger##: com.miui.micloudsync.util.ExLog::d@SourceFile:59, thread:91--CloudServiceSync.ContactManager, notifyContactSyncState(): state=SYNC_CONTACTS_STATE_END, info=null
06-05 18:23:10.767  5647  5705 I [com.android.contacts,5528]:ContactsSyncAdapter: doResync Before SyncInfo: SyncDataInfo[com.android.contacts]  {synced count:0, unsynced count:0, unsynced secret count:-1, unsynced wifi only count:0}
06-05 18:23:10.767  5647  5705 I [com.android.contacts,5528]:ContactsSyncAdapter: processSyncContact end
06-05 18:23:10.768  5647  5705 I [com.android.contacts,5528]:ContactsSyncAdapter: onPerformMiCloudSync(): set PREF_LOCAL_SYNC_VERSION to -1
06-05 18:23:10.769  1850  2553 D MIUIInput: [MotionEvent] publisher action=0x4, 5178815, channel 'c058ab6 com.miui.securitycenter (server)'
06-05 18:23:10.769  1850  2553 D MIUIInput: [MotionEvent] publisher action=0x4, 5178815, channel 'e8a58be com.mi.android.globallauncher/com.miui.home.launcher.Launcher (server)'
06-05 18:23:10.769  1850  2553 D MIUIInput: [MotionEvent] publisher action=0x0, 5178815, channel '6f73a31 com.mi.android.globallauncher/com.miui.home.launcher.Launcher (server)'
06-05 18:23:10.769  1850  2553 D MIUIInput: [MotionEvent] publisher action=0x0, 5178815, channel 'b14dffb com.miui.miwallpaper.wallpaperservice.MiuiKeyguardPictorialWallpaper (server)'
06-05 18:23:10.769  1850  2553 D MIUIInput: [MotionEvent] publisher action=0x0, 5178815, channel 'a0fbfb com.miui.miwallpaper.wallpaperservice.ImageWallpaper (server)'
06-05 18:23:10.770  3068  3068 D StatusBarController: can't intercept touch because launcher state can't intercept touchEvent
06-05 18:23:10.771 31931  6895 I ContactsProvider: Contacts update: CPID=5528, CallingPackage = com.miui.micloudsync User=0
06-05 18:23:10.771 31931  6895 I ContactsProvider: Update() MI_CLOUD_SYNC_CONTACTS_STATE : state=SYNC_CONTACTS_STATE_END, info=null
06-05 18:23:10.778  5647  5705 I [com.android.contacts,5528]:ContactsSyncAdapter: processSyncPhoto begin
06-05 18:23:10.780 31931  6895 I ContactsProvider: Contacts query: CPID=5528, CallingPackage = com.miui.micloudsync User=0
06-05 18:23:10.784  5528  8585 I CloudServiceSync.ContactsSyncAdapter: processSyncPhoto(): no photos to sync
06-05 18:23:10.784  5528  8585 I ##XLogger##: com.miui.micloudsync.util.ExLog::i@SourceFile:77, thread:91--CloudServiceSync.ContactsSyncAdapter, processSyncPhoto(): no photos to sync
06-05 18:23:10.793  5647  5705 I [com.android.contacts,5528]:ContactsSyncAdapter: processSyncPhoto(): no photos to sync
06-05 18:23:10.794  5647  5705 I [com.android.contacts,5528]:ContactsSyncAdapter: processSyncPhoto begin
06-05 18:23:10.795  3143  8553 I NetworkScheduler.Stats: Task com.google.android.gms/com.google.android.gms.icing.proxy.IcingInternalCorporaUpdateService started execution. cause:9 exec_start_elapsed_seconds: 9372 [CONTEXT service_id=218 ]
06-05 18:23:10.798 31931  6895 I ContactsProvider: Contacts query: CPID=5528, CallingPackage = com.miui.micloudsync User=0
06-05 18:23:10.802  3143  8552 I NetworkScheduler.Stats: Task com.google.android.gms/com.google.android.gms.icing.proxy.IcingInternalCorporaUpdateService finished executing. cause:9 result: 1 elapsed_millis: 39 uptime_millis: 38 exec_start_elapsed_seconds: 9372 [CONTEXT service_id=218 ]
06-05 18:23:10.804  5528  5547 W System  : A resource failed to call close.
06-05 18:23:10.826  5528  8585 I CloudServiceSync.ContactsSyncAdapter: processSyncPhoto(): no photos to sync
06-05 18:23:10.826  5528  8585 I ##XLogger##: com.miui.micloudsync.util.ExLog::i@SourceFile:77, thread:91--CloudServiceSync.ContactsSyncAdapter, processSyncPhoto(): no photos to sync
06-05 18:23:10.827  5647  5705 I [com.android.contacts,5528]:ContactsSyncAdapter: processSyncPhoto(): no photos to sync
06-05 18:23:10.831 31931  6895 I ContactsProvider: Contacts update: CPID=5528, CallingPackage = com.miui.micloudsync User=0
06-05 18:23:10.833 31931  8598 I ContactsProvider: Contacts delete: CPID=5528, CallingPackage = com.miui.micloudsync User=0
06-05 18:23:10.836 31931  6895 I ContactsProvider: Contacts query: CPID=5528, CallingPackage = com.miui.micloudsync User=0
06-05 18:23:10.840  5528  8585 D MiProfileWorker: ensureMiProfileContacts(): numMiProfileContacts = 0
06-05 18:23:10.840  5528  8585 D MiCloudSyncAdapterBase: onPerformSync: No error found. ---Success---
06-05 18:23:10.843  5528  8585 D SyncInfoProviderBase: queryCount, uri: content://com.android.contacts/raw_contacts
06-05 18:23:10.845 31931  6895 I ContactsProvider: Contacts query: CPID=5528, CallingPackage = com.miui.micloudsync User=0
06-05 18:23:10.850  1850  1941 D PerfImpl: perfGetWorkLoadType
06-05 18:23:10.850  5528  8585 D SyncInfoProviderBase: queryCount, uri: content://com.android.contacts/raw_contacts
06-05 18:23:10.851  1034  1034 E vendor.qti.hardware.perf@2.2-service: Unknown params
06-05 18:23:10.851  1034  1034 I ANDR-PERF-LM: LMPerfGlue: perfmodule_submit_request() 132: perfmodule_submit_request()
06-05 18:23:10.851  1034  1034 I ANDR-PERF-LM: Core: getInstance() 84: LM getInstance
06-05 18:23:10.851  1034  1034 D ANDR-PERF-LM: Feature: lookup() 101: Feature Name = AppClassifier, total featuers = 3, featureFound = 1
06-05 18:23:10.851  1034  1034 D ANDR-PERF-LM: Feature: getData() 112: data.data = 1
06-05 18:23:10.851  1034  1034 I ANDR-PERF-LM: FeedbackAPI: getFeedback() 60: app:com.mi.android.globallauncher feature:AppClassifier feedback = 1
06-05 18:23:10.851  1850  1941 D PerfImpl: perfScrollBoost: com.mi.android.globallauncher, -1, 4
06-05 18:23:10.851  1034  1034 E vendor.qti.hardware.perf@2.2-service: Unknown params
06-05 18:23:10.852  1034  1034 I ANDR-PERF-LM: LMPerfGlue: perfmodule_submit_request() 132: perfmodule_submit_request()
06-05 18:23:10.852  1034  1034 I ANDR-PERF-LM: Core: getInstance() 84: LM getInstance
06-05 18:23:10.852  1034  1034 I ANDR-PERF-LM: WQ: push() 59: LMTriggerQ push() size=0
06-05 18:23:10.852  1034  1034 I ANDR-PERF-LM: WQ: push() 61: LMTriggerQ push() done size=1
06-05 18:23:10.852  1850  1941 D PerfImpl: perfGetWorkLoadType
06-05 18:23:10.852  1034  1034 E vendor.qti.hardware.perf@2.2-service: Unknown params
06-05 18:23:10.852  1034  1034 I ANDR-PERF-LM: LMPerfGlue: perfmodule_submit_request() 132: perfmodule_submit_request()
06-05 18:23:10.852  1034  1092 I ANDR-PERF-LM: WQ: pop() 42: LMTriggerQ pop() done size=0
06-05 18:23:10.852  1034  1034 I ANDR-PERF-LM: Core: getInstance() 84: LM getInstance
06-05 18:23:10.852  1034  1034 D ANDR-PERF-LM: Feature: lookup() 101: Feature Name = AppClassifier, total featuers = 3, featureFound = 1
06-05 18:23:10.852  1034  1092 I ANDR-PERF-LM: Core: lmMain() 373: Waiting on trigger Queue
06-05 18:23:10.852  1034  1092 I ANDR-PERF-LM: WQ: pop() 31: LMTriggerQ pop() size=0
06-05 18:23:10.852  1034  1034 D ANDR-PERF-LM: Feature: getData() 112: data.data = 1
06-05 18:23:10.852  1034  1034 I ANDR-PERF-LM: FeedbackAPI: getFeedback() 60: app:com.mi.android.globallauncher feature:AppClassifier feedback = 1
06-05 18:23:10.853  1850  1941 D PerfImpl: perfDragBoost: com.mi.android.globallauncher, -1, 1
06-05 18:23:10.853  1034  1034 E vendor.qti.hardware.perf@2.2-service: Unknown params
06-05 18:23:10.853 31931  6895 I ContactsProvider: Contacts query: CPID=5528, CallingPackage = com.miui.micloudsync User=0
06-05 18:23:10.857  1850  2553 D MIUIInput: [MotionEvent] publisher action=0x1, 5178905, channel '6f73a31 com.mi.android.globallauncher/com.miui.home.launcher.Launcher (server)'
06-05 18:23:10.857  1850  2553 D MIUIInput: [MotionEvent] publisher action=0x1, 5178905, channel 'b14dffb com.miui.miwallpaper.wallpaperservice.MiuiKeyguardPictorialWallpaper (server)'
06-05 18:23:10.858  1850  2553 D MIUIInput: [MotionEvent] publisher action=0x1, 5178905, channel 'a0fbfb com.miui.miwallpaper.wallpaperservice.ImageWallpaper (server)'
06-05 18:23:10.859  1850  1941 D PerfImpl: perfGetWorkLoadType
06-05 18:23:10.859  1034  1034 E vendor.qti.hardware.perf@2.2-service: Unknown params
06-05 18:23:10.859  1034  1034 I ANDR-PERF-LM: LMPerfGlue: perfmodule_submit_request() 132: perfmodule_submit_request()
06-05 18:23:10.859  1034  1034 I ANDR-PERF-LM: Core: getInstance() 84: LM getInstance
06-05 18:23:10.859  1034  1034 D ANDR-PERF-LM: Feature: lookup() 101: Feature Name = AppClassifier, total featuers = 3, featureFound = 1
06-05 18:23:10.860  5528  8585 D SyncInfoProviderBase: queryCount, uri: content://com.android.contacts/raw_contact_entities?caller_is_syncadapter=true
06-05 18:23:10.860  1034  1034 D ANDR-PERF-LM: Feature: getData() 112: data.data = 1
06-05 18:23:10.860  1034  1034 I ANDR-PERF-LM: FeedbackAPI: getFeedback() 60: app:com.mi.android.globallauncher feature:AppClassifier feedback = 1
06-05 18:23:10.860  1850  1941 D PerfImpl: perfScrollBoost: com.mi.android.globallauncher, 845, 1
06-05 18:23:10.860  1034  1034 E vendor.qti.hardware.perf@2.2-service: Unknown params
06-05 18:23:10.861  1034  1034 I ANDR-PERF-LM: LMPerfGlue: perfmodule_submit_request() 132: perfmodule_submit_request()
06-05 18:23:10.861  1034  1034 I ANDR-PERF-LM: Core: getInstance() 84: LM getInstance
06-05 18:23:10.861  1034  1034 I ANDR-PERF-LM: WQ: push() 59: LMTriggerQ push() size=0
06-05 18:23:10.861  1034  1034 I ANDR-PERF-LM: WQ: push() 61: LMTriggerQ push() done size=1
06-05 18:23:10.861  1034  1092 I ANDR-PERF-LM: WQ: pop() 42: LMTriggerQ pop() done size=0
06-05 18:23:10.861  1034  1092 I ANDR-PERF-LM: Core: lmMain() 373: Waiting on trigger Queue
06-05 18:23:10.861  1034  1092 I ANDR-PERF-LM: WQ: pop() 31: LMTriggerQ pop() size=0
06-05 18:23:10.861 31931  6895 I ContactsProvider: Contacts query: CPID=5528, CallingPackage = com.miui.micloudsync User=0
06-05 18:23:10.862  1850  1941 D PerfImpl: perfGetWorkLoadType
06-05 18:23:10.862  1034  1034 E vendor.qti.hardware.perf@2.2-service: Unknown params
06-05 18:23:10.862  1034  1034 I ANDR-PERF-LM: LMPerfGlue: perfmodule_submit_request() 132: perfmodule_submit_request()
06-05 18:23:10.862  1034  1034 I ANDR-PERF-LM: Core: getInstance() 84: LM getInstance
06-05 18:23:10.862  1034  1034 D ANDR-PERF-LM: Feature: lookup() 101: Feature Name = AppClassifier, total featuers = 3, featureFound = 1
06-05 18:23:10.862  1034  1034 D ANDR-PERF-LM: Feature: getData() 112: data.data = 1
06-05 18:23:10.862  1034  1034 I ANDR-PERF-LM: FeedbackAPI: getFeedback() 60: app:com.mi.android.globallauncher feature:AppClassifier feedback = 1
06-05 18:23:10.862  1850  1941 D PerfImpl: perfScrollBoost: com.mi.android.globallauncher, -1, 4
06-05 18:23:10.862  1034  1034 E vendor.qti.hardware.perf@2.2-service: Unknown params
06-05 18:23:10.863  1034  1034 I ANDR-PERF-LM: LMPerfGlue: perfmodule_submit_request() 132: perfmodule_submit_request()
06-05 18:23:10.863  1034  1034 I ANDR-PERF-LM: Core: getInstance() 84: LM getInstance
06-05 18:23:10.863  1034  1034 I ANDR-PERF-LM: WQ: push() 59: LMTriggerQ push() size=0
06-05 18:23:10.863  1034  1034 I ANDR-PERF-LM: WQ: push() 61: LMTriggerQ push() done size=1
06-05 18:23:10.863  1034  1092 I ANDR-PERF-LM: WQ: pop() 42: LMTriggerQ pop() done size=0
06-05 18:23:10.863  1034  1092 I ANDR-PERF-LM: Core: lmMain() 373: Waiting on trigger Queue
06-05 18:23:10.863  1034  1092 I ANDR-PERF-LM: WQ: pop() 31: LMTriggerQ pop() size=0
06-05 18:23:10.863  1850  1941 D PerfImpl: perfGetWorkLoadType
06-05 18:23:10.863  1034  1034 E vendor.qti.hardware.perf@2.2-service: Unknown params
06-05 18:23:10.863  1034  1034 I ANDR-PERF-LM: LMPerfGlue: perfmodule_submit_request() 132: perfmodule_submit_request()
06-05 18:23:10.863  1034  1034 I ANDR-PERF-LM: Core: getInstance() 84: LM getInstance
06-05 18:23:10.863  1034  1034 D ANDR-PERF-LM: Feature: lookup() 101: Feature Name = AppClassifier, total featuers = 3, featureFound = 1
06-05 18:23:10.863  1034  1034 D ANDR-PERF-LM: Feature: getData() 112: data.data = 1
06-05 18:23:10.863  1034  1034 I ANDR-PERF-LM: FeedbackAPI: getFeedback() 60: app:com.mi.android.globallauncher feature:AppClassifier feedback = 1
06-05 18:23:10.863  1850  1941 D PerfImpl: perfLockRelease
06-05 18:23:10.865  5647  5705 I [com.android.contacts,5528]:SyncLog[com.android.contacts]: After Sync: SyncDataInfo[com.android.contacts]  {synced count:0, unsynced count:0, unsynced secret count:-1, unsynced wifi only count:0}
06-05 18:23:10.866  5647  5705 I [com.android.contacts,5528]:SyncLog[com.android.contacts]: Success:{authority:com.android.contacts, start:2022-06-05 18:23:09, end:2022-06-05 18:23:10, delta:1, error:}
06-05 18:23:10.866  5528  8585 D SyncStatUtil: performSyncTimeStat:
06-05 18:23:10.868  5618  5632 D OpenApiStatProvider: insert:
06-05 18:23:10.868  5528  8585 D SyncStatUtil: performSyncResultStat:
06-05 18:23:10.869  5618  5632 D OpenApiStatProvider: insert:
06-05 18:23:10.869  5528  8585 D SyncStatUtil: performSyncPhoneState:
06-05 18:23:10.870  5618  5632 D OpenApiStatProvider: insert:
06-05 18:23:10.871  5528  8585 D SyncUtils: recordSyncResultSuccess
06-05 18:23:10.871  5528  8585 D SyncContentUtils: recordSyncResult: authority: com.android.contacts, code: 0
06-05 18:23:10.872  5618  5632 D MiCloudProvider: update sync result
06-05 18:23:10.882  1850  2634 I MiuiNetworkPolicy: updateUidState uid = 10137, uidState = 10
06-05 18:23:10.883  1850  2634 I MiuiNetworkPolicy: updateUidState uid = 10086, uidState = 10
06-05 18:23:10.886  1850  2634 I MiuiNetworkPolicy: updateUidState uid = 10137, uidState = 19
06-05 18:23:10.886  1850  2634 I MiuiNetworkPolicy: updateUidState uid = 10086, uidState = 19
06-05 18:23:11.080  4226  6018 I CarrierServices: [60] cfi.c: Connected state: [1], networkType: [WIFI]
06-05 18:23:11.147  7552  7931 D ThermalIECHandler: storeDataStyle: thermal_iec_monitor_persistence_data_style_iec_state; startIECTime: -1; IECScreenOffOverPeriodTime: -1
06-05 18:23:11.149  6316  6316 I BatteryInfoReceiver: ACTION_BATTERY_CHANGED
06-05 18:23:11.150  7552  7645 D PowerKeeper.Thermal: mBatteryTemperature: 42
06-05 18:23:11.151  7552  7857 D PowerCheckerService: onBatteryChanged, mBatteryLevel = 55, status = 2, level = 55, plug = 2, scale = 100
06-05 18:23:11.153  2999  2999 D DynamicService:  ACTION_BATTERY_CHANGED change,USB plug = 2
06-05 18:23:11.154  2992  2992 V DeviceStatisticsService: chargerType=2 batteryLevel=55 totalBatteryCapacity=4321400
06-05 18:23:11.623   975  2575 D audio_hw_primary: out_standby: enter: stream (0xf1dfd000) usecase(1: low-latency-playback)
06-05 18:23:11.712  1850  2553 D MIUIInput: [MotionEvent] publisher action=0x4, 5179758, channel 'c058ab6 com.miui.securitycenter (server)'
06-05 18:23:11.712  1850  2553 D MIUIInput: [MotionEvent] publisher action=0x4, 5179758, channel 'e8a58be com.mi.android.globallauncher/com.miui.home.launcher.Launcher (server)'
06-05 18:23:11.712  1850  2553 D MIUIInput: [MotionEvent] publisher action=0x0, 5179758, channel '6f73a31 com.mi.android.globallauncher/com.miui.home.launcher.Launcher (server)'
06-05 18:23:11.712  1850  2553 D MIUIInput: [MotionEvent] publisher action=0x0, 5179758, channel 'b14dffb com.miui.miwallpaper.wallpaperservice.MiuiKeyguardPictorialWallpaper (server)'
06-05 18:23:11.712  1850  2553 D MIUIInput: [MotionEvent] publisher action=0x0, 5179758, channel 'a0fbfb com.miui.miwallpaper.wallpaperservice.ImageWallpaper (server)'
06-05 18:23:11.713  3068  3068 D StatusBarController: can't intercept touch because launcher state can't intercept touchEvent
06-05 18:23:11.719   975  2575 D audio_hw_primary: stop_output_stream: enter: usecase(1: low-latency-playback)
06-05 18:23:11.719   975  2575 V send_data_to_xlog: send_audio_bigdata_to_xlog
06-05 18:23:11.719   975  2575 D audio_hw_primary: disable_audio_route: reset and update mixer path: low-latency-playback speaker
06-05 18:23:11.720   975  2575 D audio_hw_primary: [force reset] del low-latency-playback speaker 1
06-05 18:23:11.720   975  2575 E soundtrigger: audio_extn_sound_trigger_update_stream_status: invalid input device 0x0, for event 2
06-05 18:23:11.720   975  2575 D soundtrigger: audio_extn_sound_trigger_update_stream_status: uc_info->id 1 of type 0 for Event 2, with Raise=0
06-05 18:23:11.720   975  2575 D msm8974_platform: platform_split_snd_device: snd_device(2) num devices(0) new_snd_devices(0)
06-05 18:23:11.720   975  2575 I msm8974_platform: platform_get_custom_mtmx_params: no matching param with id 0 ip_ch 2 op_ch 2 uc_id 1 snd_dev 2
06-05 18:23:11.720   975  2575 D hardware_info: hw_info_append_hw_type : device_name = speaker
06-05 18:23:11.720   975  2575 D audio_hw_primary: disable_snd_device: device ref cnt is 1[2]
06-05 18:23:11.720   975  2575 D audio_hw_primary: disable_snd_device: snd_device(2: speaker)[SND_DEVICE_OUT_SPEAKER]
06-05 18:23:11.720   975  2575 D msm8974_platform: platform_split_snd_device: snd_device(2) num devices(0) new_snd_devices(0)
06-05 18:23:11.731   975  2575 I soundtrigger: audio_extn_sound_trigger_update_device_status: device 0x2 of type 0 for Event 0, with Raise=0
06-05 18:23:11.731   975  2575 D audio_hw_primary: stop_output_stream: exit: status(0)
06-05 18:23:11.731   975  2575 D audio_hw_primary: out_standby: exit
06-05 18:23:11.732   975  1043 V EffectMiSound: MiSound_command() start, cmdCode=23
06-05 18:23:11.732   975  1043 V EffectMiSound: MiSound_Command EFFECT_CMD_SET_AUDIO_STANDBY, current mode = 0
06-05 18:23:11.749  1850  2634 I MiuiNetworkPolicy: updateUidState uid = 10203, uidState = 8
06-05 18:23:11.762 31931  6895 I ContactsProvider: Contacts query: CPID=5766, CallingPackage = com.google.android.contacts User=0
06-05 18:23:11.783  3068  3393 D IconCustomizer: Content Ratio = -1.0
06-05 18:23:11.785  1850  2634 I MiuiNetworkPolicy: updateUidState uid = 10203, uidState = 10
06-05 18:23:11.788  1850  2634 I MiuiNetworkPolicy: updateUidState uid = 10203, uidState = 19
06-05 18:23:11.807  1850  2553 D MIUIInput: [MotionEvent] publisher action=0x1, 5179854, channel '6f73a31 com.mi.android.globallauncher/com.miui.home.launcher.Launcher (server)'
06-05 18:23:11.807  1850  2553 D MIUIInput: [MotionEvent] publisher action=0x1, 5179854, channel 'b14dffb com.miui.miwallpaper.wallpaperservice.MiuiKeyguardPictorialWallpaper (server)'
06-05 18:23:11.807  1850  2553 D MIUIInput: [MotionEvent] publisher action=0x1, 5179854, channel 'a0fbfb com.miui.miwallpaper.wallpaperservice.ImageWallpaper (server)'
06-05 18:23:11.808  3068  3393 D IconCustomizer: Content Ratio = -1.0
06-05 18:23:11.824  3068  3068 E Launcher: changeViewByFsGestureState,  view=FitSystemWindowView,  alpha=1.0,  scale=1.0
06-05 18:23:11.824  3068  3419 E ZCLZCL_PERF: RecentsAndFSGestureUtils: isUseFsGestureV2Device IS_NOT_SUPPORT_GESTURE_V3_DEVICE: false
06-05 18:23:11.824  3068  3068 E Launcher: changeViewByFsGestureState,  view=FitSystemWindowView,  alpha=1.0,  scale=1.0
06-05 18:23:11.825  3068  3068 E BlurUtils: fastBlur ratio=0.0   withAnim=false   sBlurRatioValue=0.0
06-05 18:23:11.826  3068  3068 E BlurUtils: fastBlur ratio=0.0   withAnim=false   sBlurRatioValue=0.0
06-05 18:23:11.826  3068  3068 E BlurUtils: fastBlur ratio=0.0   withAnim=false   sBlurRatioValue=0.0
06-05 18:23:11.827  3068  3068 E BlurUtils: fastBlur ratio=0.0   withAnim=false   sBlurRatioValue=0.0
06-05 18:23:11.828  3068  3068 D ForceTouchLayer: fitSystemWindows mInsets: Rect(0, 80 - 0, 0),insets: Rect(0, 80 - 0, 0)
06-05 18:23:11.828  3068  3355 I RemoteMethodInvoker: package com.miui.msa.global.guessyoulike.v1, Unknown, version 0.0interface com.miui.msa.global.guessyoulike.v1.IGlobalGuessYouLikeAd
06-05 18:23:11.829  3068  3068 D RecentsContainer: onApplyWindowInsets, insets=WindowInsets{
06-05 18:23:11.829  3068  3068 D RecentsContainer:     statusBars=Insets{left=0, top=80, right=0, bottom=0} max=Insets{left=0, top=80, right=0, bottom=0} vis=true
06-05 18:23:11.829  3068  3068 D RecentsContainer:     navigationBars=Insets{left=0, top=0, right=0, bottom=0} max=null vis=false
06-05 18:23:11.829  3068  3068 D RecentsContainer:     captionBar=Insets{left=0, top=0, right=0, bottom=0} max=null vis=false
06-05 18:23:11.829  3068  3068 D RecentsContainer:     ime=Insets{left=0, top=0, right=0, bottom=0} max=null vis=false
06-05 18:23:11.829  3068  3068 D RecentsContainer:     systemGestures=Insets{left=0, top=113, right=0, bottom=0} max=Insets{left=0, top=113, right=0, bottom=0} vis=true
06-05 18:23:11.829  3068  3068 D RecentsContainer:     mandatorySystemGestures=Insets{left=0, top=113, right=0, bottom=0} max=Insets{left=0, top=113, right=0, bottom=0} vis=true
06-05 18:23:11.829  3068  3068 D RecentsContainer:     tappableElement=Insets{left=0, top=80, right=0, bottom=0} max=Insets{left=0, top=80, right=0, bottom=0} vis=true
06-05 18:23:11.829  3068  3068 D RecentsContainer:     displayCutout=Insets{left=0, top=80, right=0, bottom=0} max=Insets{left=0, top=80, right=0, bottom=0} vis=true
06-05 18:23:11.829  3068  3068 D RecentsContainer:     windowDecor=null max=null vis=false
06-05 18:23:11.829  3068  3068 D RecentsContainer:     cutout=DisplayCutout{insets=Rect(0, 80 - 0, 0) waterfall=Insets{left=0, top=0, right=0, bottom=0} boundingRect={Bounds=[Rect(0, 0 - 0, 0), Rect(513, 0 - 567, 80), Rect(0, 0 - 0, 0), Rect(0, 0 - 0, 0)]} cutoutPathParserInfo={CutoutPathParserInfo{displayWidth=1080 displayHeight=2400 density={2.75} cutoutSpec={M 0,0 H -27 V 80 H 27 V 0 H 0 Z} rotation={0} scale={1.0}}}}
06-05 18:23:11.829  3068  3068 D RecentsContainer:     roundedCorners=RoundedCorners{[RoundedCorner{position=TopLeft, radius=106, center=Point(106, 106)}, RoundedCorner{position=TopRight, radius=106, center=Point(974, 106)}, RoundedCorner{position=BottomRight, radius=106, center=Point(974, 2294)}, RoundedCorner{position=BottomLeft, radius=106, center=Point(106, 2294)}]}
06-05 18:23:11.829  3068  3068 D RecentsContainer:     privacyIndicatorBounds=PrivacyIndicatorBounds {static bounds=Rect(34, 0 - 70, 80) rotation=0}
06-05 18:23:11.829  3068  3068 D RecentsContainer:     }, rotation=0
06-05 18:23:11.830  3068  3068 E BlurUtils: fastBlur ratio=0.0   withAnim=false   sBlurRatioValue=0.0
06-05 18:23:11.831  3068  3395 D IconCustomizer: Content Ratio = -1.0
06-05 18:23:11.831  3068  3068 E BlurUtils: fastBlur ratio=0.0   withAnim=false   sBlurRatioValue=0.0
06-05 18:23:11.832  3068  3068 E BlurUtils: fastBlur ratio=0.0   withAnim=false   sBlurRatioValue=0.0
06-05 18:23:11.833  3068  3068 E BlurUtils: fastBlur ratio=0.0   withAnim=false   sBlurRatioValue=0.0
06-05 18:23:11.834  3068  3068 E BlurUtils: fastBlur ratio=0.0   withAnim=false   sBlurRatioValue=0.0
06-05 18:23:11.834  1850  2634 I MiuiNetworkPolicy: updateUidState uid = 10120, uidState = 3
06-05 18:23:11.834  3068  3068 E BlurUtils: fastBlur ratio=0.0   withAnim=false   sBlurRatioValue=0.0
06-05 18:23:11.835  3068  3068 E BlurUtils: fastBlur ratio=0.0   withAnim=false   sBlurRatioValue=0.0
06-05 18:23:11.836  3068  3068 E BlurUtils: fastBlur ratio=0.0   withAnim=false   sBlurRatioValue=0.0
06-05 18:23:11.836  3068  3068 E BlurUtils: fastBlur ratio=0.0   withAnim=false   sBlurRatioValue=0.0
06-05 18:23:11.837  3068  3068 E BlurUtils: fastBlur ratio=0.0   withAnim=false   sBlurRatioValue=0.0
06-05 18:23:11.842  3068  3068 E Launcher: changeViewByFsGestureState,  view=FitSystemWindowView,  alpha=1.0,  scale=1.0
06-05 18:23:11.846  3068  3068 E Launcher: changeViewByFsGestureState,  view=FitSystemWindowView,  alpha=1.0,  scale=1.0
06-05 18:23:11.848  3068  3081 I OpenGLRenderer: Davey! duration=9223366856994ms; Flags=0, FrameTimelineVsyncId=483967, IntendedVsync=5179860250539, Vsync=5179860250539, InputEventId=1059409188, HandleInputStart=5179872154011, AnimationStart=5179872157031, PerformTraversalsStart=5179872350000, DrawStart=5179885962396, FrameDeadline=5179876917205, FrameInterval=5179872138854, FrameStartTime=16666666, SyncQueued=5179888208281, SyncStart=5179888601146, IssueDrawCommandsStart=5179889390469, SwapBuffers=5179889998750, FrameCompleted=9223372036854775807, DequeueBufferDuration=18281, QueueBufferDuration=673854, GpuCompleted=9223372036854775807, SwapBuffersCompleted=5179890952500, DisplayPresentTime=0,
06-05 18:23:11.857  3068  3395 D IconCustomizer: Content Ratio = -1.0
06-05 18:23:11.863  3068  3068 E Launcher: changeViewByFsGestureState,  view=FitSystemWindowView,  alpha=1.0,  scale=1.0
06-05 18:23:11.880  3068  3068 E Launcher: changeViewByFsGestureState,  view=FitSystemWindowView,  alpha=1.0,  scale=1.0
06-05 18:23:11.891  3068  8603 I RemoteMethodInvoker: com.miui.msa.global.guessyoulike.v1.IGlobalGuessYouLikeAd
06-05 18:23:11.893  3068  8603 I RemoteMethodInvoker: mService: com.miui.msa.global.guessyoulike.v1.IGlobalGuessYouLikeAd$Stub$Proxy@43d99a6, service: android.os.BinderProxy@f6f2fe7
06-05 18:23:11.896  3068  3068 E Launcher: changeViewByFsGestureState,  view=FitSystemWindowView,  alpha=1.0,  scale=1.0
06-05 18:23:11.913  3068  3068 E Launcher: changeViewByFsGestureState,  view=FitSystemWindowView,  alpha=1.0,  scale=1.0
06-05 18:23:11.929  3068  3068 E Launcher: changeViewByFsGestureState,  view=FitSystemWindowView,  alpha=1.0,  scale=1.0
06-05 18:23:11.946  3068  3068 E Launcher: changeViewByFsGestureState,  view=FitSystemWindowView,  alpha=1.0,  scale=1.0
06-05 18:23:11.953 14905 14917 W AndroidKeysetManager: keyset not found, will generate a new one
06-05 18:23:11.953 14905 14917 W AndroidKeysetManager: java.io.FileNotFoundException: can't read keyset; the pref value __androidx_security_crypto_encrypted_prefs_key_keyset__ does not exist
06-05 18:23:11.953 14905 14917 W AndroidKeysetManager: 	at com.google.crypto.tink.integration.android.SharedPrefKeysetReader.readPref(SharedPrefKeysetReader.java:4)
06-05 18:23:11.953 14905 14917 W AndroidKeysetManager: 	at com.google.crypto.tink.integration.android.SharedPrefKeysetReader.readEncrypted(SharedPrefKeysetReader.java:1)
06-05 18:23:11.953 14905 14917 W AndroidKeysetManager: 	at com.google.crypto.tink.KeysetHandle.read(KeysetHandle.java:1)
06-05 18:23:11.953 14905 14917 W AndroidKeysetManager: 	at com.google.crypto.tink.integration.android.AndroidKeysetManager$Builder.read(AndroidKeysetManager.java:2)
06-05 18:23:11.953 14905 14917 W AndroidKeysetManager: 	at com.google.crypto.tink.integration.android.AndroidKeysetManager$Builder.readOrGenerateNewKeyset(AndroidKeysetManager.java:1)
06-05 18:23:11.953 14905 14917 W AndroidKeysetManager: 	at com.google.crypto.tink.integration.android.AndroidKeysetManager$Builder.build(AndroidKeysetManager.java:3)
06-05 18:23:11.953 14905 14917 W AndroidKeysetManager: 	at androidx.security.crypto.EncryptedSharedPreferences.a(EncryptedSharedPreferences.java:7)
06-05 18:23:11.953 14905 14917 W AndroidKeysetManager: 	at com.xiaomi.ad.internal.common.e.<init>(SecuritySharedPreferencesWrapper.java:6)
06-05 18:23:11.953 14905 14917 W AndroidKeysetManager: 	at com.xiaomi.ad.internal.common.e.<init>(SecuritySharedPreferencesWrapper.java:1)
06-05 18:23:11.953 14905 14917 W AndroidKeysetManager: 	at com.xiaomi.ad.internal.server.cache.f.b.b.c(GlobalCloudControlSettings.java:2)
06-05 18:23:11.953 14905 14917 W AndroidKeysetManager: 	at com.xiaomi.ad.internal.server.cache.f.b.b.a(GlobalCloudControlSettings.java:1)
06-05 18:23:11.953 14905 14917 W AndroidKeysetManager: 	at com.xiaomi.ad.internal.server.cache.f.b.a.e(GlobalCloudControlConfigCache.java:2)
06-05 18:23:11.953 14905 14917 W AndroidKeysetManager: 	at com.miui.msa.global.guessyoulike.v1.GlobalGuessYouLikeImpl.getGlobalColudControl(GlobalGuessYouLikeImpl.java:2)
06-05 18:23:11.953 14905 14917 W AndroidKeysetManager: 	at com.miui.msa.global.guessyoulike.v1.GlobalGuessYouLikeService$a.getGlobalColudControl(GlobalGuessYouLikeService.java:1)
06-05 18:23:11.953 14905 14917 W AndroidKeysetManager: 	at com.miui.msa.global.guessyoulike.v1.IGlobalGuessYouLikeAd$Stub.onTransact(IGlobalGuessYouLikeAd.java:10)
06-05 18:23:11.953 14905 14917 W AndroidKeysetManager: 	at android.os.Binder.execTransactInternal(Binder.java:1187)
06-05 18:23:11.953 14905 14917 W AndroidKeysetManager: 	at android.os.Binder.execTransact(Binder.java:1146)
06-05 18:23:11.962  3068  3068 E Launcher: changeViewByFsGestureState,  view=FitSystemWindowView,  alpha=1.0,  scale=1.0
06-05 18:23:11.979  3068  3068 E Launcher: changeViewByFsGestureState,  view=FitSystemWindowView,  alpha=1.0,  scale=1.0
06-05 18:23:11.995  3068  3068 E Launcher: changeViewByFsGestureState,  view=FitSystemWindowView,  alpha=1.0,  scale=1.0
06-05 18:23:11.998 14905 14917 W AndroidKeysetManager: keyset not found, will generate a new one
06-05 18:23:11.998 14905 14917 W AndroidKeysetManager: java.io.FileNotFoundException: can't read keyset; the pref value __androidx_security_crypto_encrypted_prefs_value_keyset__ does not exist
06-05 18:23:11.998 14905 14917 W AndroidKeysetManager: 	at com.google.crypto.tink.integration.android.SharedPrefKeysetReader.readPref(SharedPrefKeysetReader.java:4)
06-05 18:23:11.998 14905 14917 W AndroidKeysetManager: 	at com.google.crypto.tink.integration.android.SharedPrefKeysetReader.readEncrypted(SharedPrefKeysetReader.java:1)
06-05 18:23:11.998 14905 14917 W AndroidKeysetManager: 	at com.google.crypto.tink.KeysetHandle.read(KeysetHandle.java:1)
06-05 18:23:11.998 14905 14917 W AndroidKeysetManager: 	at com.google.crypto.tink.integration.android.AndroidKeysetManager$Builder.read(AndroidKeysetManager.java:2)
06-05 18:23:11.998 14905 14917 W AndroidKeysetManager: 	at com.google.crypto.tink.integration.android.AndroidKeysetManager$Builder.readOrGenerateNewKeyset(AndroidKeysetManager.java:1)
06-05 18:23:11.998 14905 14917 W AndroidKeysetManager: 	at com.google.crypto.tink.integration.android.AndroidKeysetManager$Builder.build(AndroidKeysetManager.java:3)
06-05 18:23:11.998 14905 14917 W AndroidKeysetManager: 	at androidx.security.crypto.EncryptedSharedPreferences.a(EncryptedSharedPreferences.java:12)
06-05 18:23:11.998 14905 14917 W AndroidKeysetManager: 	at com.xiaomi.ad.internal.common.e.<init>(SecuritySharedPreferencesWrapper.java:6)
06-05 18:23:11.998 14905 14917 W AndroidKeysetManager: 	at com.xiaomi.ad.internal.common.e.<init>(SecuritySharedPreferencesWrapper.java:1)
06-05 18:23:11.998 14905 14917 W AndroidKeysetManager: 	at com.xiaomi.ad.internal.server.cache.f.b.b.c(GlobalCloudControlSettings.java:2)
06-05 18:23:11.998 14905 14917 W AndroidKeysetManager: 	at com.xiaomi.ad.internal.server.cache.f.b.b.a(GlobalCloudControlSettings.java:1)
06-05 18:23:11.998 14905 14917 W AndroidKeysetManager: 	at com.xiaomi.ad.internal.server.cache.f.b.a.e(GlobalCloudControlConfigCache.java:2)
06-05 18:23:11.998 14905 14917 W AndroidKeysetManager: 	at com.miui.msa.global.guessyoulike.v1.GlobalGuessYouLikeImpl.getGlobalColudControl(GlobalGuessYouLikeImpl.java:2)
06-05 18:23:11.998 14905 14917 W AndroidKeysetManager: 	at com.miui.msa.global.guessyoulike.v1.GlobalGuessYouLikeService$a.getGlobalColudControl(GlobalGuessYouLikeService.java:1)
06-05 18:23:11.998 14905 14917 W AndroidKeysetManager: 	at com.miui.msa.global.guessyoulike.v1.IGlobalGuessYouLikeAd$Stub.onTransact(IGlobalGuessYouLikeAd.java:10)
06-05 18:23:11.998 14905 14917 W AndroidKeysetManager: 	at android.os.Binder.execTransactInternal(Binder.java:1187)
06-05 18:23:11.998 14905 14917 W AndroidKeysetManager: 	at android.os.Binder.execTransact(Binder.java:1146)
06-05 18:23:11.999 14905 14913 W miui.msa.globa: Reducing the number of considered missed Gc histogram windows from 471 to 100
06-05 18:23:12.001 14905 14915 W System  : A resource failed to call end.
06-05 18:23:12.012  3068  3068 E Launcher: changeViewByFsGestureState,  view=FitSystemWindowView,  alpha=1.0,  scale=1.0
06-05 18:23:12.028  3068  3068 E Launcher: changeViewByFsGestureState,  view=FitSystemWindowView,  alpha=1.0,  scale=1.0
06-05 18:23:12.028  3068  3355 W System.err: java.lang.NullPointerException: Callable returned null
06-05 18:23:12.029  1850  2634 I MiuiNetworkPolicy: updateUidState uid = 10120, uidState = 8
06-05 18:23:12.036  3068  3355 W System.err: 	at io.reactivex.internal.functions.ObjectHelper.requireNonNull(ObjectHelper.java:39)
06-05 18:23:12.036  3068  3355 W System.err: 	at io.reactivex.internal.operators.observable.ObservableFromCallable.subscribeActual(ObservableFromCallable.java:42)
06-05 18:23:12.036  3068  3355 W System.err: 	at io.reactivex.Observable.subscribe(Observable.java:11442)
