06-05 18:29:37.242 18541 29532 W MessageQueue: 	at X.6Jv.LIZ(SourceFile:393391)
06-05 18:29:37.242 18541 29532 W MessageQueue: 	at X.6U3.LIZIZ(SourceFile:17104938)
06-05 18:29:37.242 18541 29532 W MessageQueue: 	at X.IuZ.LIZ(SourceFile:17301642)
06-05 18:29:37.242 18541 29532 W MessageQueue: 	at com.ss.ttm.player.TTPlayerClient.LIZ(SourceFile:1076)
06-05 18:29:37.242 18541 29532 W MessageQueue: 	at com.ss.ttm.player.TTPlayerClient.handleMessage(SourceFile:16973840)
06-05 18:29:37.242 18541 29532 W MessageQueue: 	at android.os.Handler.dispatchMessage(Handler.java:102)
06-05 18:29:37.242 18541 29532 W MessageQueue: 	at android.os.Looper.loopOnce(Looper.java:210)
06-05 18:29:37.242 18541 29532 W MessageQueue: 	at android.os.Looper.loop(Looper.java:299)
06-05 18:29:37.242 18541 29532 W MessageQueue: 	at android.os.HandlerThread.run(HandlerThread.java:67)
06-05 18:29:37.242 18541 19352 I ffmpeg  : [aac @ 0x7aa1020a00] <utils.c avcodec_decode_audio4 2454> Could not update timestamps for skipped samples.
06-05 18:29:37.242 18541 19352 I ffmpeg  :
06-05 18:29:37.247  1582  9640 I OMX_VPP : VppOmxComponent::registerVppFakeBuf buffer with size 2 id 1 ts=0 flags:0
06-05 18:29:37.248  1582 11641 I OMX_VPP : frc valid: true
06-05 18:29:37.248  1582 11641 I OMX_VPP : aie valid: true
06-05 18:29:37.248  1582 11641 I OMX_VPP : updateParameterFromOutPort needReconfigure true
06-05 18:29:37.248  1582 11641 I OMX_VPP : sending reconfigure to VPP library
06-05 18:29:37.248  1582 11641 I OMX_VPP : needReconfigure FakeReconfigure
06-05 18:29:37.248  1582 11641 I OMX_VPP : FakeReconfigure
06-05 18:29:37.248  1582 11641 I OMX_VPP : VppEvent 2
06-05 18:29:37.248  1582 11641 I OMX_VPP : needReconfigureu 32Ret 0
06-05 18:29:37.248  1582  9640 I OMX_VPP : FRAME WIDTH 1024 FRAME HEIGHT 576
06-05 18:29:37.248  1582  9640 I OMX_VPP : get_parameter counts 33 28
06-05 18:29:37.248  1582  9640 I OMX_VPP : FRAME WIDTH 1024 FRAME HEIGHT 576
06-05 18:29:37.248  1582  9640 I OMX_VPP : get_parameter counts 33 28
06-05 18:29:37.248  1582  9640 E OMXNodeInstance: getConfig(0xf147a004:qcom.decoder.hevc, ??(0x7f000062)) ERROR: UnsupportedSetting(0x80001019)
06-05 18:29:37.250  1582  9640 I OMX_VPP : send_command In 2 param1 1
06-05 18:29:37.250  1582  9640 I OMX_VPP : send_command FakeFlush VPP_PORT_INPUT
06-05 18:29:37.250  1582  9640 I OMX_VPP : VppOmxComponent::clearVppFakeBufs size 2
06-05 18:29:37.250  1582  9640 I OMX_VPP : VppEvent 1
06-05 18:29:37.250  1582  9640 I OMX_VPP : FakeFlush e.flush_done.port:0
06-05 18:29:37.250  1582  9640 I OMX_VPP : send_command FakeFlush VPP_PORT_OUTPUT
06-05 18:29:37.250  1582  9640 I OMX_VPP : VppOmxComponent::clearVppFakeBufs size 0
06-05 18:29:37.250  1582  9640 I OMX_VPP : VppEvent 1
06-05 18:29:37.250  1582  9640 I OMX_VPP : FakeFlush e.flush_done.port:1
06-05 18:29:37.254  1582 11641 I OMX_VPP : Port Disable send flush to VPP library
06-05 18:29:37.254  1582 27119 I OMX_VPP : send_command In 3 param1 1
06-05 18:29:37.254  1582 27119 I OMX_VPP : ClearBuffers VPP_PORT_OUTPUT
06-05 18:29:37.254  1582 27119 I OMX_VPP : FRAME WIDTH 1024 FRAME HEIGHT 576
06-05 18:29:37.254  1582 27119 I OMX_VPP : get_parameter counts 27 27
06-05 18:29:37.254  1582 27119 I OMX_VPP : FRAME WIDTH 1024 FRAME HEIGHT 576
06-05 18:29:37.254  1582 27119 I OMX_VPP : get_parameter counts 27 27
06-05 18:29:37.254  1582 27119 E OMX-VDEC-1080P: Extension: OMX.google.android.index.AndroidNativeBufferConsumerUsage not implemented
06-05 18:29:37.254 18541 11636 D SurfaceUtils: set up nativeWindow 0x7bf15e1010 for 576x1024, color 0x7fa30c06, rotation 0, usage 0x20402900
06-05 18:29:37.255  1582 27119 I OMX_VPP : RegisterClientBuffer: omxBuf=0xf113e760, id=0, obdIdx=0, invalid=0, omxHdr=0xf08b9600, vppBuf=0xf113e770, handle=0xf13a2278, pool=0
06-05 18:29:37.255  1582 27119 I OMX_VPP : RegisterClientBuffer: omxBuf=0xf113d960, id=1, obdIdx=0, invalid=0, omxHdr=0xf08b9650, vppBuf=0xf113d970, handle=0xf13a2280, pool=0
06-05 18:29:37.255  1582 27119 I OMX_VPP : RegisterClientBuffer: omxBuf=0xf113e6f0, id=2, obdIdx=0, invalid=0, omxHdr=0xf08b96a0, vppBuf=0xf113e700, handle=0xf13a2590, pool=0
06-05 18:29:37.255  1582 27119 I OMX_VPP : RegisterClientBuffer: omxBuf=0xf113d9d0, id=3, obdIdx=0, invalid=0, omxHdr=0xf08b96f0, vppBuf=0xf113d9e0, handle=0xf13a23f0, pool=0
06-05 18:29:37.255  1582 27119 I OMX_VPP : RegisterClientBuffer: omxBuf=0xf1141940, id=4, obdIdx=0, invalid=0, omxHdr=0xf08b9740, vppBuf=0xf1141950, handle=0xf13a24d0, pool=0
06-05 18:29:37.255  1582 27119 I OMX_VPP : RegisterClientBuffer: omxBuf=0xf113ff00, id=5, obdIdx=0, invalid=0, omxHdr=0xf08b9790, vppBuf=0xf113ff10, handle=0xf173dd00, pool=0
06-05 18:29:37.255  1582 27119 I OMX_VPP : RegisterClientBuffer: omxBuf=0xf1141400, id=6, obdIdx=0, invalid=0, omxHdr=0xf08b97e0, vppBuf=0xf1141410, handle=0xf173dd18, pool=0
06-05 18:29:37.256  1582 27119 I OMX_VPP : RegisterClientBuffer: omxBuf=0xf12fa320, id=7, obdIdx=0, invalid=0, omxHdr=0xf08b9830, vppBuf=0xf12fa330, handle=0xf173dd20, pool=0
06-05 18:29:37.256  1582 27119 I OMX_VPP : RegisterClientBuffer: omxBuf=0xf12f6f10, id=8, obdIdx=0, invalid=0, omxHdr=0xf08b9880, vppBuf=0xf12f6f20, handle=0xf173dd38, pool=0
06-05 18:29:37.256  1582 27119 I OMX_VPP : RegisterClientBuffer: omxBuf=0xf12f6f80, id=9, obdIdx=0, invalid=0, omxHdr=0xf08b98d0, vppBuf=0xf12f6f90, handle=0xf173dd40, pool=0
06-05 18:29:37.256  1582 27119 I OMX_VPP : RegisterClientBuffer: omxBuf=0xf12f6ff0, id=10, obdIdx=0, invalid=0, omxHdr=0xf08b9920, vppBuf=0xf12f7000, handle=0xf173dd48, pool=0
06-05 18:29:37.256  1582 27119 I OMX_VPP : RegisterClientBuffer: omxBuf=0xf12f70d0, id=11, obdIdx=0, invalid=0, omxHdr=0xf08b9970, vppBuf=0xf12f70e0, handle=0xf173ded8, pool=0
06-05 18:29:37.256  1582 27119 I OMX_VPP : RegisterClientBuffer: omxBuf=0xf12f7140, id=12, obdIdx=0, invalid=0, omxHdr=0xf08b99c0, vppBuf=0xf12f7150, handle=0xf173dee0, pool=0
06-05 18:29:37.256  1582 27119 I OMX_VPP : RegisterClientBuffer: omxBuf=0xf12f71b0, id=13, obdIdx=0, invalid=0, omxHdr=0xf08b9a10, vppBuf=0xf12f71c0, handle=0xf173def0, pool=0
06-05 18:29:37.256  1582 27119 I OMX_VPP : RegisterClientBuffer: omxBuf=0xf12f7290, id=14, obdIdx=0, invalid=0, omxHdr=0xf08b9a60, vppBuf=0xf12f72a0, handle=0xf173def8, pool=0
06-05 18:29:37.256  1582 27119 I OMX_VPP : RegisterClientBuffer: omxBuf=0xf12f7530, id=15, obdIdx=0, invalid=0, omxHdr=0xf08b9ab0, vppBuf=0xf12f7540, handle=0xf173df10, pool=0
06-05 18:29:37.256  1582 27119 I OMX_VPP : RegisterClientBuffer: omxBuf=0xf12f7680, id=16, obdIdx=0, invalid=0, omxHdr=0xf08b9b00, vppBuf=0xf12f7690, handle=0xf173df20, pool=0
06-05 18:29:37.257  1582 27119 I OMX_VPP : RegisterClientBuffer: omxBuf=0xf12f76f0, id=17, obdIdx=0, invalid=0, omxHdr=0xf08b9b50, vppBuf=0xf12f7700, handle=0xf173df28, pool=0
06-05 18:29:37.257  1582 27119 I OMX_VPP : RegisterClientBuffer: omxBuf=0xf12f7840, id=18, obdIdx=0, invalid=0, omxHdr=0xf08b9ba0, vppBuf=0xf12f7850, handle=0xf173df38, pool=0
06-05 18:29:37.257  1582 27119 I OMX_VPP : RegisterClientBuffer: omxBuf=0xf12f78b0, id=19, obdIdx=0, invalid=0, omxHdr=0xf08b9bf0, vppBuf=0xf12f78c0, handle=0xf173df40, pool=0
06-05 18:29:37.257  1582 27119 I OMX_VPP : RegisterClientBuffer: omxBuf=0xf12f7920, id=20, obdIdx=0, invalid=0, omxHdr=0xf08b9c40, vppBuf=0xf12f7930, handle=0xf173df48, pool=0
06-05 18:29:37.257  1582 27119 I OMX_VPP : RegisterClientBuffer: omxBuf=0xf12f86b0, id=21, obdIdx=0, invalid=0, omxHdr=0xf08b9c90, vppBuf=0xf12f86c0, handle=0xf173df50, pool=0
06-05 18:29:37.257  1582 27119 I OMX_VPP : RegisterClientBuffer: omxBuf=0xf12f8950, id=22, obdIdx=0, invalid=0, omxHdr=0xf08b9ce0, vppBuf=0xf12f8960, handle=0xf173df58, pool=0
06-05 18:29:37.257  1582 27119 I OMX_VPP : RegisterClientBuffer: omxBuf=0xf12f8a30, id=23, obdIdx=0, invalid=0, omxHdr=0xf08b9d30, vppBuf=0xf12f8a40, handle=0xf173df70, pool=0
06-05 18:29:37.257  1582 27119 I OMX_VPP : RegisterClientBuffer: omxBuf=0xf12f7450, id=24, obdIdx=0, invalid=0, omxHdr=0xf08b9d80, vppBuf=0xf12f7460, handle=0xf173dfa8, pool=0
06-05 18:29:37.257  1582 27119 I OMX_VPP : RegisterClientBuffer: omxBuf=0xf12f8db0, id=25, obdIdx=0, invalid=0, omxHdr=0xf08b9dd0, vppBuf=0xf12f8dc0, handle=0xf173dfc8, pool=0
06-05 18:29:37.257  1582 27119 I OMX_VPP : RegisterClientBuffer: omxBuf=0xf12f8e90, id=26, obdIdx=0, invalid=0, omxHdr=0xf08b9e20, vppBuf=0xf12f8ea0, handle=0xf0efe138, pool=0
06-05 18:29:37.258  1582 27119 I OMX_VPP : RegisterClientBuffer: omxBuf=0xf12f9050, id=27, obdIdx=0, invalid=0, omxHdr=0xf08b9e70, vppBuf=0xf12f9060, handle=0xf0efe140, pool=0
06-05 18:29:37.258  1582 27119 I OMX_VPP : RegisterClientBuffer: omxBuf=0xf12f9130, id=28, obdIdx=0, invalid=0, omxHdr=0xf08b9ec0, vppBuf=0xf12f9140, handle=0xf0efe148, pool=0
06-05 18:29:37.258  1582 27119 I OMX_VPP : RegisterClientBuffer: omxBuf=0xf12f9280, id=29, obdIdx=0, invalid=0, omxHdr=0xf08b9f10, vppBuf=0xf12f9290, handle=0xf0efe170, pool=0
06-05 18:29:37.258  1582 27119 I OMX_VPP : RegisterClientBuffer: omxBuf=0xf12f93d0, id=30, obdIdx=0, invalid=0, omxHdr=0xf08b9f60, vppBuf=0xf12f93e0, handle=0xf0efe1c8, pool=0
06-05 18:29:37.258  1582 27119 I OMX_VPP : RegisterClientBuffer: omxBuf=0xf12f9440, id=31, obdIdx=0, invalid=0, omxHdr=0xf08b9fb0, vppBuf=0xf12f9450, handle=0xf0efe1e8, pool=0
06-05 18:29:37.258  1582 11641 I OMX_VPP : Got PortEnable done for vdec out
06-05 18:29:37.259  1582 27119 I OMX_VPP : VppOmxComponent::registerVppFakeBuf buffer with size 1 id 0 ts=0 flags:0
06-05 18:29:37.262  1582 11641 I OMX-VDEC-1080P: set_frame_rate: the current time is 182937
06-05 18:29:37.262  1582 11641 I OMX-VDEC-1080P: set_frame_rate: the current time is 182937
06-05 18:29:37.263  1582 27119 I OMX_VPP : VppOmxComponent::registerVppFakeBuf buffer with size 2 id 1 ts=0 flags:0
06-05 18:29:37.263  1582 11641 I OMX-VDEC-1080P: set_frame_rate: the current time is 182937
06-05 18:29:37.263  1582 27119 I OMX_VPP : VppOmxComponent::registerVppFakeBuf buffer with size 3 id 2 ts=0 flags:0
06-05 18:29:37.263  1582 27119 I OMX_VPP : FRAME WIDTH 1024 FRAME HEIGHT 576
06-05 18:29:37.263  1582 27119 I OMX_VPP : get_parameter counts 32 27
06-05 18:29:37.263  1582 27119 I OMX_VPP : FRAME WIDTH 1024 FRAME HEIGHT 576
06-05 18:29:37.263  1582 27119 I OMX_VPP : get_parameter counts 32 27
06-05 18:29:37.263  1582 11641 I OMX-VDEC-1080P: set_frame_rate: the current time is 182937
06-05 18:29:37.264  1582 27119 E OMXNodeInstance: getConfig(0xf147a004:qcom.decoder.hevc, ??(0x7f000062)) ERROR: UnsupportedSetting(0x80001019)
06-05 18:29:37.264  1582 11641 I OMX-VDEC-1080P: set_frame_rate: the current time is 182937
06-05 18:29:37.264  1582 11641 I OMX-VDEC-1080P: set_frame_rate: the current time is 182937
06-05 18:29:37.266  1582 27119 I OMX_VPP : VppOmxComponent::registerVppFakeBuf buffer with size 4 id 3 ts=0 flags:0
06-05 18:29:37.266  1582 27119 I OMX_VPP : VppOmxComponent::registerVppFakeBuf buffer with size 5 id 4 ts=0 flags:0
06-05 18:29:37.267  1582 27119 I OMX_VPP : VppOmxComponent::registerVppFakeBuf buffer with size 6 id 5 ts=0 flags:0
06-05 18:29:37.267  1582 27119 I OMX_VPP : VppOmxComponent::registerVppFakeBuf buffer with size 7 id 6 ts=0 flags:0
06-05 18:29:37.267  1103  1103 D APM_AudioPolicyManager: selectOutput flags 8
06-05 18:29:37.267  1582 27119 I OMX_VPP : VppOmxComponent::registerVppFakeBuf buffer with size 8 id 7 ts=0 flags:0
06-05 18:29:37.267  1103  1103 D APM_AudioPolicyManager: selectOutput flags 8
06-05 18:29:37.268  1582 27119 I OMX_VPP : VppOmxComponent::registerVppFakeBuf buffer with size 9 id 8 ts=0 flags:0
06-05 18:29:37.268  1103  1103 D APM_AudioPolicyManager: selectOutput flags 8
06-05 18:29:37.268 18541 19350 D AudioTrack: set(sessionId=0)
06-05 18:29:37.268 18541 19350 D AudioTrack: set(): streamType -1, sampleRate 44100, format 0x1, channelMask 0x3, frameCount 3536, flags #0, notificationFrames 0, sessionId 0, transferType 3, uid -1, pid -1
06-05 18:29:37.268  1582 27119 I OMX_VPP : VppOmxComponent::registerVppFakeBuf buffer with size 10 id 9 ts=0 flags:0
06-05 18:29:37.268   975  2550 D audio_hw_primary: adev_get_parameters:audio_game_sound_volume_gap_switch
06-05 18:29:37.268   975  2550 D soundtrigger: audio_extn_sound_trigger_get_parameters input string<audio_game_sound_volume_gap_switch=>
06-05 18:29:37.268   975  2550 D soundtrigger: extract_sm_handle input string <audio_game_sound_volume_gap_switch=> param string <audio_game_sound_volume_gap_switch=>
06-05 18:29:37.268   975  2550 D audio_hw_extn: audio_extn_fm_get_parameters: Enter
06-05 18:29:37.268   975  2550 D audio_hw_extn: audio_extn_get_parameters: returns
06-05 18:29:37.268   975  2550 V msm8974_platform: platform_get_parameters: exit: returns - audio_game_sound_volume_gap_switch=off
06-05 18:29:37.268   975  2550 D audio_hw_primary: adev_get_parameters: exit: returns - audio_game_sound_volume_gap_switch=off
06-05 18:29:37.268  1103  1103 I hash_map_utils: system/bt/osi/src/hash_map_utils.cc:81 hash_map_utils_dump_string_keys_string_values: key: 'audio_game_sound_volume_gap_switch' value: ''
06-05 18:29:37.269  1582 27119 E OMX-VDEC-1080P: Extension: OMX.QTI.index.config.video.getdsmode not implemented
06-05 18:29:37.270  1103  1103 D MediaImpl: setPlaybackCaptureAllowed: playbackCaptureAllowed 1
06-05 18:29:37.270  1582 27119 I OMX_VPP : VppOmxComponent::registerVppFakeBuf buffer with size 11 id 10 ts=0 flags:0
06-05 18:29:37.270  1582 11641 I OMX-VDEC-1080P: set_frame_rate: the current time is 182937
06-05 18:29:37.270  2999  3462 D MI_RIL_OEM_HOOK: onPkHookCommonMsg, msg_id = 65
06-05 18:29:37.270  2999  3462 D MI_RIL_OEM_HOOK: onGetHookMsgBytes, HOOK_HEAD_SIZE = 16, msg_len = 4
06-05 18:29:37.270  2999  3462 D MI_RIL_OEM_HOOK: onHookSendSync, phoneId = 0
06-05 18:29:37.270  1103  1103 D APM_AudioPolicyManager: getOutputForAttrInt()+ attributes={ Content type: AUDIO_CONTENT_TYPE_MUSIC Usage: AUDIO_USAGE_MEDIA Source: AUDIO_SOURCE_DEFAULT Flags: 0x800 Tags:  } stream=AUDIO_STREAM_MUSIC session 6001 output 0 selectedDeviceId 0 device AUDIO_DEVICE_NONE sampling rate 44100 format 0x1channel mask 0x3 flags 0 stream AUDIO_STREAM_MUSIC uid 10383
06-05 18:29:37.270  1103  1103 D APM_AudioPolicyManager: getOutputForAttrInt() device {type:0x2,@:}, sampling rate 44100, format 0x1, channel mask 0x3, flags 0 stream AUDIO_STREAM_MUSIC
06-05 18:29:37.271  2930  2930 D QcrilMsgTunnelIfaceManager: handleMessage what = 1
06-05 18:29:37.271  2930  2930 I QcrilOemhookMsgTunnel: [0]invokeOemRilRequestRaw: serial=2131 length=36
06-05 18:29:37.273   975  2550 D audio_hw_primary: adev_get_parameters:vr_audio_mode_on
06-05 18:29:37.273   975  2550 I audio_hw_primary: getting vr mode to 0
06-05 18:29:37.273   975  2550 D audio_hw_primary: adev_get_parameters: exit: returns - vr_audio_mode_on=false
06-05 18:29:37.273  1103  1103 I hash_map_utils: system/bt/osi/src/hash_map_utils.cc:81 hash_map_utils_dump_string_keys_string_values: key: 'vr_audio_mode_on' value: ''
06-05 18:29:37.273  1103  1103 I AudioPolicyManagerCustom: VR mode is 0, switch to primary output if request is for fast|raw
06-05 18:29:37.274   975  2550 D audio_hw_primary: adev_get_parameters:audio_karaoke_running
06-05 18:29:37.274   975  2550 D audio_hw_primary: get para : audio_karaoke_running = false
06-05 18:29:37.274   975  2550 D soundtrigger: audio_extn_sound_trigger_get_parameters input string<audio_karaoke_running=>
06-05 18:29:37.274   975  2550 D soundtrigger: extract_sm_handle input string <audio_karaoke_running=> param string <audio_karaoke_running=>
06-05 18:29:37.274   975  2550 D audio_hw_extn: audio_extn_fm_get_parameters: Enter
06-05 18:29:37.274   975  2550 D audio_hw_extn: audio_extn_get_parameters: returns audio_karaoke_running=false
06-05 18:29:37.274   975  2550 V msm8974_platform: platform_get_parameters: exit: returns - audio_karaoke_running=false
06-05 18:29:37.274   975  2550 D audio_hw_primary: adev_get_parameters: exit: returns - audio_karaoke_running=false
06-05 18:29:37.274  1103  1103 I hash_map_utils: system/bt/osi/src/hash_map_utils.cc:81 hash_map_utils_dump_string_keys_string_values: key: 'audio_karaoke_running' value: ''
06-05 18:29:37.274  1103  1103 I AudioPolicyManagerCustom: setting force DEEP buffer now
06-05 18:29:37.274  1103  1103 D APM_AudioPolicyManager: selectOutput flags 8
06-05 18:29:37.274  1103  1103 D APM_AudioPolicyManager: getOutputForAttrInt()- attributes={ Content type: AUDIO_CONTENT_TYPE_MUSIC Usage: AUDIO_USAGE_MEDIA Source: AUDIO_SOURCE_DEFAULT Flags: 0x800 Tags:  } stream=AUDIO_STREAM_MUSIC session 6001 output 29 selectedDeviceId 0 device {type:0x2,@:} sampling rate 44100 format 0x1channel mask 0x3 flags 0x8 stream AUDIO_STREAM_MUSIC uid 10383
06-05 18:29:37.274  1103  1103 D APM_AudioPolicyManager: getOutputForAttr() returns output 29 requestedPortId 0 selectedDeviceId 3 for port ID 432
06-05 18:29:37.274  1582 11641 I OMX-VDEC-1080P: set_frame_rate: the current time is 182937
06-05 18:29:37.274  1582 11641 I OMX-VDEC-1080P: set_frame_rate: the current time is 182937
06-05 18:29:37.275  1103  1103 I AudioFlinger: create audiotrack for com.ss.android.ugc.trill  uid 10383
06-05 18:29:37.275  1103  1103 D AudioFlinger: Client defaulted notificationFrames to 1768 for frameCount 3536
06-05 18:29:37.275  1582 27119 I OMX_VPP : VppOmxComponent::registerVppFakeBuf buffer with size 12 id 11 ts=0 flags:0
06-05 18:29:37.276  1103  1103 D AF::TrackHandle: OpPlayAudio: track:440 usage:1 not muted
06-05 18:29:37.276  1582 11641 I OMX-VDEC-1080P: set_frame_rate: the current time is 182937
06-05 18:29:37.276  1582 27119 I OMX_VPP : VppOmxComponent::registerVppFakeBuf buffer with size 13 id 12 ts=0 flags:0
06-05 18:29:37.277  1103  1103 I AudioFlinger: create audiotrack for com.ss.android.ugc.trill  uid 10383
06-05 18:29:37.278  1103  1103 I AudioFlinger: create audiotrack for com.ss.android.ugc.trill  uid 10383
06-05 18:29:37.278  1103  1103 D AF::Track: Track(440): usage = 1 mbIsAttrNeedFade = 1
06-05 18:29:37.278 18541 19350 D AudioTrack: isWhiteListPackage() Uid 10383, package name com.ss.android.ugc.trill
06-05 18:29:37.280 18541 19350 W AudioTrack: Use of stream types is deprecated for operations other than volume control
06-05 18:29:37.280 18541 19350 W AudioTrack: See the documentation of AudioTrack() for what to use instead with android.media.AudioAttributes to qualify your playback use case
06-05 18:29:37.280 18541 19350 I AudioTrack: AudioTrack::setVolume L:1.000000 R:1.000000 and the pakage is com.ss.android.ugc.trill
06-05 18:29:37.280  1103  6927 D AF::Track: setFadeType1 type = 1 mFadeType = 0 isFadeNeeded = 0
06-05 18:29:37.283   975  2550 I EffectsFactory: EffectCreate() create_effect
06-05 18:29:37.283  1103  1596 V APM::EffectDescriptor: registerEffect() effect Volume listener for Music, io 29, session 6001 id 851
06-05 18:29:37.283  1103  1103 I audioserver: setGameParameters keyvalue: xlog.volume.music.speaker=34
06-05 18:29:37.283  1103  1596 V APM::EffectDescriptor: registerEffect() memory 1, total memory 3
06-05 18:29:37.283   975 28792 D audio_hw_primary: adev_set_parameters: enter: xlog.volume.music.speaker=34
06-05 18:29:37.283   975 28792 V msm8974_platform: platform_set_parameters: enter: xlog.volume.music.speaker=34
06-05 18:29:37.283   975 28792 D audio_hw_hfp: hfp_set_parameters: enter
06-05 18:29:37.283   975 28792 D audio_hw_hfp: hfp_set_parameters: enter
06-05 18:29:37.283   975 28792 V a2dp_offload: end of a2dp setparam
06-05 18:29:37.283   975 28792 D audio_hw_cspl_cal: cirrus_cal_setparameters: enter 0xf3003600
06-05 18:29:37.283   975 28792 D audio_hw_extn: audio_extn_fm_set_parameters: Enter
06-05 18:29:37.283   975 28792 D audio_hw_hfp: hfp_set_parameters: enter
06-05 18:29:37.283   975 28792 V a2dp_offload: end of a2dp setparam
06-05 18:29:37.283   975 28792 D audio_hw_primary: adev_set_parameters: exit with code(0)
06-05 18:29:37.284  1103  1596 V APM::EffectDescriptor: setEffectEnabled(true) total CPU 0
06-05 18:29:37.284  1103  1596 V AudioPolicyManagerImpl: notification filter: setNotificationFilter notificationFilterFeature=1
06-05 18:29:37.284  1103  1596 D AudioPolicyManagerImpl: notification filter: setNotificationFilter muteMaskInt=0
06-05 18:29:37.296   975 28792 D audio_hw_primary: out_set_parameters: enter: usecase(0: deep-buffer-playback) kvpairs: appname=+com.ss.android.ugc.trill
06-05 18:29:37.296   975 28792 D audio_hw_primary: [hal_apptype] out_set_parameters() +com.ss.android.ugc.trill [2 0x80 0x80 0x80]
06-05 18:29:37.296  1103  1596 D APM_AudioPolicyManager: startOutput() output 29, stream 3, session 6001 appname com.ss.android.ugc.trill uid 10383
06-05 18:29:37.297  1103  6927 E audioserver: open /proc/18541/cmdline error
06-05 18:29:37.297  1103  6927 I audioserver: setAppName(), name=[], active=[1]
06-05 18:29:37.297   975 28792 V EffectMiSound: MiSound_command() start, cmdCode=24
06-05 18:29:37.297   975 28792 V EffectMiSound: MiSound_Command EFFECT_CMD_SET_APP_NAME: stream=3, name=+
06-05 18:29:37.297  1103  2327 D AudioFlinger: updateWakeLockUids_l AudioOut_1D uids:10383
06-05 18:29:37.299  1103  6927 I audioserver: setGameParameters keyvalue: xlog.volume.music.speaker=34
06-05 18:29:37.299   975  2550 D audio_hw_primary: adev_set_parameters: enter: xlog.volume.music.speaker=34
06-05 18:29:37.299   975  2550 V msm8974_platform: platform_set_parameters: enter: xlog.volume.music.speaker=34
06-05 18:29:37.299   975  2550 D audio_hw_hfp: hfp_set_parameters: enter
06-05 18:29:37.299   975  2550 D audio_hw_hfp: hfp_set_parameters: enter
06-05 18:29:37.299   975  2550 V a2dp_offload: end of a2dp setparam
06-05 18:29:37.299   975  2550 D audio_hw_cspl_cal: cirrus_cal_setparameters: enter 0xf3003600
06-05 18:29:37.299   975  2550 D audio_hw_extn: audio_extn_fm_set_parameters: Enter
06-05 18:29:37.299   975  2550 D audio_hw_hfp: hfp_set_parameters: enter
06-05 18:29:37.299   975  2550 V a2dp_offload: end of a2dp setparam
06-05 18:29:37.299   975  2550 D audio_hw_primary: adev_set_parameters: exit with code(0)
06-05 18:29:37.306 18541 18541 W System.err: org.json.JSONException: No value for information
06-05 18:29:37.306 18541 18541 W System.err: 	at org.json.JSONObject.get(JSONObject.java:403)
06-05 18:29:37.306 18541 18541 W System.err: 	at org.json.JSONObject.getString(JSONObject.java:564)
06-05 18:29:37.306 18541 18541 W System.err: 	at X.6MB.LIZ(SourceFile:33816600)
06-05 18:29:37.306 18541 18541 W System.err: 	at X.6Lf.LIZJ(SourceFile:17039373)
06-05 18:29:37.306 18541 18541 W System.err: 	at X.8c9.LIZ(SourceFile:327690)
06-05 18:29:37.306 18541 18541 W System.err: 	at X.KAf.LIZ(SourceFile:3603)
06-05 18:29:37.306 18541 18541 W System.err: 	at X.KAf.LJIIL(SourceFile:17039402)
06-05 18:29:37.306 18541 18541 W System.err: 	at X.KAf.LJJIJIIJI(SourceFile:590862)
06-05 18:29:37.306 18541 18541 W System.err: 	at com.ss.android.ugc.aweme.feed.adapter.VideoViewCell.onRenderReady(SourceFile:17301542)
06-05 18:29:37.306 18541 18541 W System.err: 	at X.6B8.LIZ(SourceFile:1393)
06-05 18:29:37.306 18541 18541 W System.err: 	at X.6C1.run(SourceFile:65540)
06-05 18:29:37.306 18541 18541 W System.err: 	at android.os.Handler.handleCallback(Handler.java:938)
06-05 18:29:37.306 18541 18541 W System.err: 	at android.os.Handler.dispatchMessage(Handler.java:99)
06-05 18:29:37.306 18541 18541 W System.err: 	at android.os.Looper.loopOnce(Looper.java:210)
06-05 18:29:37.306 18541 18541 W System.err: 	at android.os.Looper.loop(Looper.java:299)
06-05 18:29:37.306 18541 18541 W System.err: 	at android.app.ActivityThread.main(ActivityThread.java:8105)
06-05 18:29:37.306 18541 18541 W System.err: 	at java.lang.reflect.Method.invoke(Native Method)
06-05 18:29:37.306 18541 18541 W System.err: 	at com.android.internal.os.RuntimeInit$MethodAndArgsCaller.run(RuntimeInit.java:556)
06-05 18:29:37.306 18541 18541 W System.err: 	at com.android.internal.os.ZygoteInit.main(ZygoteInit.java:1045)
06-05 18:29:37.306 18541 18541 W System.err: org.json.JSONException: No value for com.android.information
06-05 18:29:37.306 18541 18541 W System.err: 	at org.json.JSONObject.get(JSONObject.java:403)
06-05 18:29:37.306 18541 18541 W System.err: 	at org.json.JSONObject.getString(JSONObject.java:564)
06-05 18:29:37.306 18541 18541 W System.err: 	at X.6MB.LIZ(SourceFile:33816600)
06-05 18:29:37.306 18541 18541 W System.err: 	at X.6Lf.LIZJ(SourceFile:17039373)
06-05 18:29:37.306 18541 18541 W System.err: 	at X.8c9.LIZ(SourceFile:327698)
06-05 18:29:37.306 18541 18541 W System.err: 	at X.KAf.LIZ(SourceFile:3603)
06-05 18:29:37.306 18541 18541 W System.err: 	at X.KAf.LJIIL(SourceFile:17039402)
06-05 18:29:37.306 18541 18541 W System.err: 	at X.KAf.LJJIJIIJI(SourceFile:590862)
06-05 18:29:37.306 18541 18541 W System.err: 	at com.ss.android.ugc.aweme.feed.adapter.VideoViewCell.onRenderReady(SourceFile:17301542)
06-05 18:29:37.307 18541 18541 W System.err: 	at X.6B8.LIZ(SourceFile:1393)
06-05 18:29:37.307 18541 18541 W System.err: 	at X.6C1.run(SourceFile:65540)
06-05 18:29:37.307 18541 18541 W System.err: 	at android.os.Handler.handleCallback(Handler.java:938)
06-05 18:29:37.307 18541 18541 W System.err: 	at android.os.Handler.dispatchMessage(Handler.java:99)
06-05 18:29:37.307 18541 18541 W System.err: 	at android.os.Looper.loopOnce(Looper.java:210)
06-05 18:29:37.307 18541 18541 W System.err: 	at android.os.Looper.loop(Looper.java:299)
06-05 18:29:37.307 18541 18541 W System.err: 	at android.app.ActivityThread.main(ActivityThread.java:8105)
06-05 18:29:37.307 18541 18541 W System.err: 	at java.lang.reflect.Method.invoke(Native Method)
06-05 18:29:37.307 18541 18541 W System.err: 	at com.android.internal.os.RuntimeInit$MethodAndArgsCaller.run(RuntimeInit.java:556)
06-05 18:29:37.307 18541 18541 W System.err: 	at com.android.internal.os.ZygoteInit.main(ZygoteInit.java:1045)
06-05 18:29:37.307 18541 18541 W System.err: org.json.JSONException: No value for com.apple.quicktime.information
06-05 18:29:37.307 18541 18541 W System.err: 	at org.json.JSONObject.get(JSONObject.java:403)
06-05 18:29:37.307 18541 18541 W System.err: 	at org.json.JSONObject.getString(JSONObject.java:564)
06-05 18:29:37.307 18541 18541 W System.err: 	at X.6MB.LIZ(SourceFile:33816600)
06-05 18:29:37.307 18541 18541 W System.err: 	at X.6Lf.LIZJ(SourceFile:17039373)
06-05 18:29:37.307 18541 18541 W System.err: 	at X.8c9.LIZ(SourceFile:327706)
06-05 18:29:37.307 18541 18541 W System.err: 	at X.KAf.LIZ(SourceFile:3603)
06-05 18:29:37.307 18541 18541 W System.err: 	at X.KAf.LJIIL(SourceFile:17039402)
06-05 18:29:37.307 18541 18541 W System.err: 	at X.KAf.LJJIJIIJI(SourceFile:590862)
06-05 18:29:37.307 18541 18541 W System.err: 	at com.ss.android.ugc.aweme.feed.adapter.VideoViewCell.onRenderReady(SourceFile:17301542)
06-05 18:29:37.307 18541 18541 W System.err: 	at X.6B8.LIZ(SourceFile:1393)
06-05 18:29:37.307 18541 18541 W System.err: 	at X.6C1.run(SourceFile:65540)
06-05 18:29:37.307 18541 18541 W System.err: 	at android.os.Handler.handleCallback(Handler.java:938)
06-05 18:29:37.307 18541 18541 W System.err: 	at android.os.Handler.dispatchMessage(Handler.java:99)
06-05 18:29:37.307 18541 18541 W System.err: 	at android.os.Looper.loopOnce(Looper.java:210)
06-05 18:29:37.307 18541 18541 W System.err: 	at android.os.Looper.loop(Looper.java:299)
06-05 18:29:37.307 18541 18541 W System.err: 	at android.app.ActivityThread.main(ActivityThread.java:8105)
06-05 18:29:37.307 18541 18541 W System.err: 	at java.lang.reflect.Method.invoke(Native Method)
06-05 18:29:37.307 18541 18541 W System.err: 	at com.android.internal.os.RuntimeInit$MethodAndArgsCaller.run(RuntimeInit.java:556)
06-05 18:29:37.307 18541 18541 W System.err: 	at com.android.internal.os.ZygoteInit.main(ZygoteInit.java:1045)
06-05 18:29:37.307 18541 10743 W System.err: org.json.JSONException: No value for information
06-05 18:29:37.308 18541 10743 W System.err: 	at org.json.JSONObject.get(JSONObject.java:403)
06-05 18:29:37.308 18541 10743 W System.err: 	at org.json.JSONObject.getString(JSONObject.java:564)
06-05 18:29:37.308 18541 10743 W System.err: 	at X.6MB.LIZ(SourceFile:33816600)
06-05 18:29:37.308 18541 10743 W System.err: 	at X.6Lf.LIZJ(SourceFile:17039373)
06-05 18:29:37.308 18541 10743 W System.err: 	at X.8c8.LIZIZ(SourceFile:393228)
06-05 18:29:37.308 18541 10743 W System.err: 	at X.8cB.call(SourceFile:262146)
06-05 18:29:37.308 18541 10743 W System.err: 	at X.0BO.run(SourceFile:262166)
06-05 18:29:37.308 18541 10743 W System.err: 	at X.0fb.run(SourceFile:459005)
06-05 18:29:37.308 18541 10743 W System.err: 	at java.util.concurrent.ThreadPoolExecutor.runWorker(ThreadPoolExecutor.java:1167)
06-05 18:29:37.308 18541 10743 W System.err: 	at java.util.concurrent.ThreadPoolExecutor$Worker.run(ThreadPoolExecutor.java:641)
06-05 18:29:37.308 18541 10743 W System.err: 	at X.0ff.run(SourceFile:131081)
06-05 18:29:37.308 18541 10743 W System.err: 	at java.lang.Thread.run(Thread.java:920)
06-05 18:29:37.308 18541 10743 W System.err: org.json.JSONException: No value for com.android.information
06-05 18:29:37.308 18541 10743 W System.err: 	at org.json.JSONObject.get(JSONObject.java:403)
06-05 18:29:37.308 18541 10743 W System.err: 	at org.json.JSONObject.getString(JSONObject.java:564)
06-05 18:29:37.308 18541 10743 W System.err: 	at X.6MB.LIZ(SourceFile:33816600)
06-05 18:29:37.308 18541 10743 W System.err: 	at X.6Lf.LIZJ(SourceFile:17039373)
06-05 18:29:37.308 18541 10743 W System.err: 	at X.8c8.LIZIZ(SourceFile:393243)
06-05 18:29:37.308 18541 10743 W System.err: 	at X.8cB.call(SourceFile:262146)
06-05 18:29:37.308 18541 10743 W System.err: 	at X.0BO.run(SourceFile:262166)
06-05 18:29:37.308 18541 10743 W System.err: 	at X.0fb.run(SourceFile:459005)
06-05 18:29:37.308 18541 10743 W System.err: 	at java.util.concurrent.ThreadPoolExecutor.runWorker(ThreadPoolExecutor.java:1167)
06-05 18:29:37.308 18541 10743 W System.err: 	at java.util.concurrent.ThreadPoolExecutor$Worker.run(ThreadPoolExecutor.java:641)
06-05 18:29:37.308 18541 10743 W System.err: 	at X.0ff.run(SourceFile:131081)
06-05 18:29:37.308 18541 10743 W System.err: 	at java.lang.Thread.run(Thread.java:920)
06-05 18:29:37.308 18541 10743 W System.err: org.json.JSONException: No value for com.apple.quicktime.information
06-05 18:29:37.308 18541 10743 W System.err: 	at org.json.JSONObject.get(JSONObject.java:403)
06-05 18:29:37.308 18541 10743 W System.err: 	at org.json.JSONObject.getString(JSONObject.java:564)
06-05 18:29:37.308 18541 10743 W System.err: 	at X.6MB.LIZ(SourceFile:33816600)
06-05 18:29:37.308 18541 10743 W System.err: 	at X.6Lf.LIZJ(SourceFile:17039373)
06-05 18:29:37.308 18541 10743 W System.err: 	at X.8c8.LIZIZ(SourceFile:393258)
06-05 18:29:37.308 18541 10743 W System.err: 	at X.8cB.call(SourceFile:262146)
06-05 18:29:37.308 18541 10743 W System.err: 	at X.0BO.run(SourceFile:262166)
06-05 18:29:37.308 18541 10743 W System.err: 	at X.0fb.run(SourceFile:459005)
06-05 18:29:37.308 18541 10743 W System.err: 	at java.util.concurrent.ThreadPoolExecutor.runWorker(ThreadPoolExecutor.java:1167)
06-05 18:29:37.308 18541 10743 W System.err: 	at java.util.concurrent.ThreadPoolExecutor$Worker.run(ThreadPoolExecutor.java:641)
06-05 18:29:37.308 18541 10743 W System.err: 	at X.0ff.run(SourceFile:131081)
06-05 18:29:37.308 18541 10743 W System.err: 	at java.lang.Thread.run(Thread.java:920)
06-05 18:29:37.308  1793  2006 D XIAOMI_QCRIL: RIL[lib][xiaomi_extend_nvefs.c:52] xiaomi_qmi_result_map: xiaomi_qmi_result_map, old_result 0, new_result 0
06-05 18:29:37.309  2930  3267 I QcrilOemhookMsgTunnel: [0]processOemHookResponse serial no: 2131 error: 0length=16
06-05 18:29:37.309  2930  2930 D QcrilMsgTunnelIfaceManager: handleMessage what = 2
06-05 18:29:37.309  2999  3462 D QC_RIL_OEM_HOOK: sendOemRilRequestRaw returns value = 16
06-05 18:29:37.309  2999  3462 D ModemSarController_8250: type = 65, len = 4, value = 0
06-05 18:29:37.317 18541 18541 I bullet  : onLog: [res-Service] loadAsync#begin
06-05 18:29:37.317 18541 18541 I bullet  : onLog: [res-Service] loadAsync# start load taskConfig=[accessKey=f9e6186803d872f739d3d1707d9a652e, loaderConfig=X.JcP@335db26, dynamic=0,onlyLocal=false, channel=card_image_card,bundle=/image_card/template.js, group=null,cdnUrl=,enableCached:true],resInfo = [srcUri=lynxview://card_image_card/image_card/template.js?channel=card_image_card&bundle=image_card%2Ftemplate.js&initialData=%7B%22adId%22%3A%221733604964440081%22%2C%22creativeId%22%3A%221734350934980610%22%2C%22logExtra%22%3A%22%7B%5C%22req_id%5C%22%3A%5C%22202206051029130100990802372DF08D57%5C%22%2C%5C%22external_action%5C%22%3A8%2C%5C%22ad_price%5C%22%3A%5C%22YpyFewAObUhinIV7AA5tSMbF3NYSqCzl4xln8w%5C%22%2C%5C%22rit%5C%22%3A11180001%2C%5C%22ad_user_agent%5C%22%3A%5C%22Mozilla%2F5.0%20(Linux%3B%20Android%2012%3B%20M2012K11AG%20Build%2FSKQ1.211006.001%3B%20wv)%20AppleWebKit%2F537.36%20(KHTML%2C%20like%20Gecko)%20Version%2F4.0%20Chrome%2F101.0.4951.61%20Mobile%20Safari%2F537.36%5C%22%2C%5C%22cur_exch_usd%5C%22%3A1%2C%5C%22unity_price%5C%22%3A%5C%22YpyFewAObVxinIV7AA5tXIEEixZMMOibXU8eAg%5C%22%2C%5C%22style_id%5C%22%3A100207%2C%5C%22style_ids%5C%22%3A%5B100207%5D%2C%5C%22component_ids%5C%22%3A%5B201074%2C201078%2C201295%2C201404%2C202309%2C202509%2C202679%5D%2C%5C%22placement%5C%22%3A%5C%22TikTok%5C%22%2C%5C%22card_type%5C%22%3A%5C%22picture%5C%22%2C%5C%22card_show_time%5C%22%3A3%2C%5C%22button_show_time%5C%22%3A4%2C%5C%22is_pack_v2%5C%22%3Atrue%2C%5C%22button_color%5C%22%3A%5C%22%232EA8E6%5C%22%2C%5C%22pack_bingo%5C%22%3A1%2C%5C%22pack_item_id%5C%22%3A%5C%227103901972293602562%5C%22%2C%5C%22country_id%5C%22%3A%5C%22PH%5C%22%2C%5C%22province_id%5C%22%3A7521304%2C%5C%22dma_id%5C%22%3A0%2C%5C%22city_id%5C%22%3A1731758%2C%5C%22cohort_id%5C%22%3A100751%2C%5C%22material_arch_flag%5C%22%3A0%2C%5C%22live_traffic_type%5C%22%3A0%2C%5C%22idc%5C%22%3A4%2C%5C%22is_app_profile_page_ad%5C%22%3A0%7D%22%2C%22groupId%22%3Anull%2C%22pageData%22%3A%22%22%2C%22lynxSchema%22%3Anull%2C%22itemId%22%3A%227103901972293602562%22%2C%22isRTL%22%3A0%2C%22cardData%22%3A%22%7B%5C%22ad_label%5C%22%3A%5C%22Sponsored%5C%22%2C%5C%22image_url%5C%22%3A%5C%22https%3A%5C%5C%2F%5C%5C%2Fp16-sign-sg.tiktokcdn.com%5C%5C%2Fobj%5C%5C%2Fad-site-i18n-sg%5C%5C%2F854715af-fdf3-4ab0-8b24-96b0efe8a1aa.jpeg%3Fx-expires%3D1685959200%26x-signature%3DTfdrsB%252FL2nwlyljGaszgwZk6Bgo%253D%5C%22%2C%5C%22package_name%5C%22%3A%5C%22com.netmarble.enngb%5C%22%2C%5C%22web_title%5C%22%3A%5C%22Ni%20no%20Kuni%3A%20Cross%20Worlds%5C%22%2C%5C%22web_url%5C%22%3A%5C%22https%3A%5C%5C%2F%5C%5C%2Fplay.google.com%5C%5C%2Fstore%5C%5C%2Fapps%5C%5C%2Fdetails%3Fid%3Dcom.netmarble.enngb%5C%22%7D%22%2C%22topSafeAreaHeight%22%3A80%2C%22isCardState%22%3A1%2C%22isVoted%22%3A0%2C%22userHasVoted%22%3A0%2C%22enableCardCloseButton%22%3A0%7D, filePath=null, type=null,from=null, fileStream=null, model=null]
06-05 18:29:37.317 18541 18541 I bullet  : onLog: [res-Service] start to async load  channel = card_image_card,bundle = /image_card/template.js from gecko
06-05 18:29:37.317 18541 18541 I bullet  : onLog: [res-Service] accessKey=a1a15b782e3ee8a25247561a91a99835, channel=card_image_card, bundle=/image_card/template.js
06-05 18:29:37.318 18541 18541 I bullet  : onLog: [res-Service] using gecko info [accessKey=a1a15b782e3ee8a25247561a91a99835,filePath=/data/user/0/com.ss.android.ugc.trill/files/offlineX/a1a15b782e3ee8a25247561a91a99835/card_image_card/126634254/res/image_card/template.js]
06-05 18:29:37.318 18541 18541 I bullet  : onLog: [res-Service] load from gecko success
06-05 18:29:37.319 18541 11400 I System.out: lynxview:\/\/card_ match lynx_card_i18nhit cache: lynx_card_i18n
06-05 18:29:37.327 18541 18541 I bullet  : onLog: [res-Service] loadSync# url=data:image/png;base64,iVBORw0KGgoAAAANSUhEUgAAAA4AAAAOCAYAAAAfSC3RAAAACXBIWXMAAAsTAAALEwEAmpwYAAAAAXNSR0IArs4c6QAAAARnQU1BAACxjwv8YQUAAAEQSURBVHgBnZExToVAEIZ3wcaHCb4OCAX2xhPAk5uoeYcwloRACCRch5KeQ2ijnTYUQkFYZ17GzTohmjjJJJv555vd/UcICqXUPWQkNgLqmBHkHRcQwnjhMEFXpK3Lsjxose/763me3zjMIAU9r13X3YAkT6Dv+7u6rhMOc6gsywTad+aLcIKzAWsoz/MDQZJ7cIKrqjoYML9JQ5bpA+RnmqbvlmWtepqUKo7jDzhO1LNp+Y8/YdLFz6T9DWVZdlsURforTA5y9xzP8y7ato0ZHGlwmqYjLteEyAhp27bTNE1C8DqO49F8rTsMwxODvs2RQRA4qEHPI5QuTfDMdd19GIbnYmNPVMN17LFX/CP00C+YPT6DhWtyjQAAAABJRU5ErkJggg==,taskConfig=[accessKey=, loaderConfig=X.JcP@ac328fe, dynamic=null,onlyLocal=false, channel=,bundle=, group=null,cdnUrl=,enableCached:true]
06-05 18:29:37.330 18541 11400 I System.out: hit cache: lynx_card_i18n
06-05 18:29:37.330 18541 18541 I bullet  : onLog: [res-Service] reportSuccess lynxview://card_image_card/image_card/template.js,message=[{"name":"GECKO","status":"success"}]
06-05 18:29:37.330 18541 18541 I bullet  : onLog: [res-Service] load success: isMemory = false,duration:12
06-05 18:29:37.330 18541 18541 I bullet  : null
06-05 18:29:37.330 18541 18541 I bullet  : onLog: [res-Service] [{"name":"GECKO","status":"success"}]
06-05 18:29:37.330 18541 18541 I bullet  : onLog: [res-Service] Load url = lynxview://card_image_card/image_card/template.js?channel=card_image_card&bundle=image_card%2Ftemplate.js&initialData=%7B%22adId%22%3A%221733604964440081%22%2C%22creativeId%22%3A%221734350934980610%22%2C%22logExtra%22%3A%22%7B%5C%22req_id%5C%22%3A%5C%22202206051029130100990802372DF08D57%5C%22%2C%5C%22external_action%5C%22%3A8%2C%5C%22ad_price%5C%22%3A%5C%22YpyFewAObUhinIV7AA5tSMbF3NYSqCzl4xln8w%5C%22%2C%5C%22rit%5C%22%3A11180001%2C%5C%22ad_user_agent%5C%22%3A%5C%22Mozilla%2F5.0%20(Linux%3B%20Android%2012%3B%20M2012K11AG%20Build%2FSKQ1.211006.001%3B%20wv)%20AppleWebKit%2F537.36%20(KHTML%2C%20like%20Gecko)%20Version%2F4.0%20Chrome%2F101.0.4951.61%20Mobile%20Safari%2F537.36%5C%22%2C%5C%22cur_exch_usd%5C%22%3A1%2C%5C%22unity_price%5C%22%3A%5C%22YpyFewAObVxinIV7AA5tXIEEixZMMOibXU8eAg%5C%22%2C%5C%22style_id%5C%22%3A100207%2C%5C%22style_ids%5C%22%3A%5B100207%5D%2C%5C%22component_ids%5C%22%3A%5B201074%2C201078%2C201295%2C201404%2C202309%2C202509%2C202679%5D%2C%5C%22placement%5C%22%3A%5C%22TikTok%5C%22%2C%5C%22card_type%5C%22%3A%5C%22picture%5C%22%2C%5C%22card_show_time%5C%22%3A3%2C%5C%22button_show_time%5C%22%3A4%2C%5C%22is_pack_v2%5C%22%3Atrue%2C%5C%22button_color%5C%22%3A%5C%22%232EA8E6%5C%22%2C%5C%22pack_bingo%5C%22%3A1%2C%5C%22pack_item_id%5C%22%3A%5C%227103901972293602562%5C%22%2C%5C%22country_id%5C%22%3A%5C%22PH%5C%22%2C%5C%22province_id%5C%22%3A7521304%2C%5C%22dma_id%5C%22%3A0%2C%5C%22city_id%5C%22%3A1731758%2C%5C%22cohort_id%5C%22%3A100751%2C%5C%22material_arch_flag%5C%22%3A0%2C%5C%22live_traffic_type%5C%22%3A0%2C%5C%22idc%5C%22%3A4%2C%5C%22is_app_profile_page_ad%5C%22%3A0%7D%22%2C%22groupId%22%3Anull%2C%22pageData%22%3A%22%22%2C%22lynxSchema%22%3Anull%2C%22itemId%22%3A%227103901972293602562%22%2C%22isRTL%22%3A0%2C%22cardData%22%3A%22%7B%5C%22ad_label%5C%22%3A%5C%22Sponsored%5C%22%2C%5C%22image_url%5C%22%3A%5C%22https%3A%5C%5C%2F%5C%5C%2Fp16-sign-sg.tiktokcdn.com%5C%5C%2Fobj%5C%5C%2Fad-site-i18n-sg%5C%5C%2F854715af-fdf3-4ab0-8b24-96b0efe8a1aa.jpeg%3Fx-expires%3D1685959200%26x-signature%3DTfdrsB%252FL2nwlyljGaszgwZk6Bgo%253D%5C%22%2C%5C%22package_name%5C%22%3A%5C%22com.netmarble.enngb%5C%22%2C%5C%22web_title%5C%22%3A%5C%22Ni%20no%20Kuni%3A%20Cross%20Worlds%5C%22%2C%5C%22web_url%5C%22%3A%5C%22https%3A%5C%5C%2F%5C%5C%2Fplay.google.com%5C%5C%2Fstore%5C%5C%2Fapps%5C%5C%2Fdetails%3Fid%3Dcom.netmarble.enngb%5C%22%7D%22%2C%22topSafeAreaHeight%22%3A80%2C%22isCardState%22%3A1%2C%22isVoted%22%3A0%2C%22userHasVoted%22%3A0%2C%22enableCardCloseButton%22%3A0%7D, message = [{"name":"GECKO","status":"success"},{"name":"Je0","status":"success"}]
06-05 18:29:37.331  1103  6927 I audioserver: setGameParameters keyvalue: xlog.volume.music.speaker=34
06-05 18:29:37.331   975  2550 D audio_hw_primary: adev_set_parameters: enter: xlog.volume.music.speaker=34
06-05 18:29:37.331   975  2550 V msm8974_platform: platform_set_parameters: enter: xlog.volume.music.speaker=34
06-05 18:29:37.331   975  2550 D audio_hw_hfp: hfp_set_parameters: enter
06-05 18:29:37.331   975  2550 D audio_hw_hfp: hfp_set_parameters: enter
06-05 18:29:37.331   975  2550 V a2dp_offload: end of a2dp setparam
06-05 18:29:37.331   975  2550 D audio_hw_cspl_cal: cirrus_cal_setparameters: enter 0xf3003600
06-05 18:29:37.331   975  2550 D audio_hw_extn: audio_extn_fm_set_parameters: Enter
06-05 18:29:37.331   975  2550 D audio_hw_hfp: hfp_set_parameters: enter
06-05 18:29:37.331   975  2550 V a2dp_offload: end of a2dp setparam
06-05 18:29:37.331 18541 11400 I System.out: hit cache: lynx_card_i18n
06-05 18:29:37.331   975  2550 D audio_hw_primary: adev_set_parameters: exit with code(0)
06-05 18:29:37.332  1103  6927 I audioserver: setGameParameters keyvalue: xlog.volume.music.speaker=34
06-05 18:29:37.332   975  2550 D audio_hw_primary: adev_set_parameters: enter: xlog.volume.music.speaker=34
06-05 18:29:37.332   975  2550 V msm8974_platform: platform_set_parameters: enter: xlog.volume.music.speaker=34
06-05 18:29:37.332   975  2550 D audio_hw_hfp: hfp_set_parameters: enter
06-05 18:29:37.332   975  2550 D audio_hw_hfp: hfp_set_parameters: enter
06-05 18:29:37.332   975  2550 V a2dp_offload: end of a2dp setparam
06-05 18:29:37.332   975  2550 D audio_hw_cspl_cal: cirrus_cal_setparameters: enter 0xf3003600
06-05 18:29:37.332   975  2550 D audio_hw_extn: audio_extn_fm_set_parameters: Enter
06-05 18:29:37.332   975  2550 D audio_hw_hfp: hfp_set_parameters: enter
06-05 18:29:37.332   975  2550 V a2dp_offload: end of a2dp setparam
06-05 18:29:37.332   975  2550 D audio_hw_primary: adev_set_parameters: exit with code(0)
06-05 18:29:37.333  1103  6927 I audioserver: setGameParameters keyvalue: xlog.volume.music.speaker=34
06-05 18:29:37.333 18541 11400 I System.out: lynxview:\/\/card_ match lynx_card_i18nhit cache: lynx_card_i18n
06-05 18:29:37.333   975  2550 D audio_hw_primary: adev_set_parameters: enter: xlog.volume.music.speaker=34
06-05 18:29:37.333   975  2550 V msm8974_platform: platform_set_parameters: enter: xlog.volume.music.speaker=34
06-05 18:29:37.333   975  2550 D audio_hw_hfp: hfp_set_parameters: enter
06-05 18:29:37.333   975  2550 D audio_hw_hfp: hfp_set_parameters: enter
06-05 18:29:37.333   975  2550 V a2dp_offload: end of a2dp setparam
06-05 18:29:37.333   975  2550 D audio_hw_cspl_cal: cirrus_cal_setparameters: enter 0xf3003600
06-05 18:29:37.333   975  2550 D audio_hw_extn: audio_extn_fm_set_parameters: Enter
06-05 18:29:37.333   975  2550 D audio_hw_hfp: hfp_set_parameters: enter
06-05 18:29:37.333   975  2550 V a2dp_offload: end of a2dp setparam
06-05 18:29:37.333   975  2550 D audio_hw_primary: adev_set_parameters: exit with code(0)
06-05 18:29:37.334  1103  6927 I audioserver: setGameParameters keyvalue: xlog.volume.music.speaker=34
06-05 18:29:37.334   975  2550 D audio_hw_primary: adev_set_parameters: enter: xlog.volume.music.speaker=34
06-05 18:29:37.334   975  2550 V msm8974_platform: platform_set_parameters: enter: xlog.volume.music.speaker=34
06-05 18:29:37.334   975  2550 D audio_hw_hfp: hfp_set_parameters: enter
06-05 18:29:37.334   975  2550 D audio_hw_hfp: hfp_set_parameters: enter
06-05 18:29:37.334   975  2550 V a2dp_offload: end of a2dp setparam
06-05 18:29:37.334   975  2550 D audio_hw_cspl_cal: cirrus_cal_setparameters: enter 0xf3003600
06-05 18:29:37.334   975  2550 D audio_hw_extn: audio_extn_fm_set_parameters: Enter
06-05 18:29:37.334   975  2550 D audio_hw_hfp: hfp_set_parameters: enter
06-05 18:29:37.334   975  2550 V a2dp_offload: end of a2dp setparam
06-05 18:29:37.334   975  2550 D audio_hw_primary: adev_set_parameters: exit with code(0)
06-05 18:29:37.336 18541 18541 I bullet  : onLog: [res-Service] loadSync# url=https://p16-sign-sg.tiktokcdn.com/obj/ad-site-i18n-sg/854715af-fdf3-4ab0-8b24-96b0efe8a1aa.jpeg?x-expires=1685959200&x-signature=TfdrsB%2FL2nwlyljGaszgwZk6Bgo%3D,taskConfig=[accessKey=, loaderConfig=X.JcP@e13d161, dynamic=null,onlyLocal=false, channel=,bundle=, group=null,cdnUrl=,enableCached:true]
06-05 18:29:37.337  1103  1596 V APM::EffectDescriptor: setEffectEnabled(false) total CPU 0
06-05 18:29:37.337  1103  2327 D AudioFlinger: updateWakeLockUids_l AudioOut_1D uids:10383
06-05 18:29:37.337 18541 18541 I bullet  : onLog: [res-Service] loadSync# start load taskConfig=[accessKey=f9e6186803d872f739d3d1707d9a652e, loaderConfig=X.JcP@e13d161, dynamic=null,onlyLocal=false, channel=,bundle=, group=null,cdnUrl=,enableCached:true],resInfo = [srcUri=https://p16-sign-sg.tiktokcdn.com/obj/ad-site-i18n-sg/854715af-fdf3-4ab0-8b24-96b0efe8a1aa.jpeg?x-expires=1685959200&x-signature=TfdrsB%2FL2nwlyljGaszgwZk6Bgo%3D, filePath=null, type=null,from=null, fileStream=null, model=null]
06-05 18:29:37.337 18541 18541 I bullet  : onLog: [res-Service] start to loadSync load  channel = ,bundle =  from gecko
06-05 18:29:37.337 18541 18541 I bullet  : onLog: [res-Service] start to async load  channel = ,bundle =  from gecko
06-05 18:29:37.337   975  2550 D msm8974_platform: platform_split_snd_device: snd_device(2) num devices(1) new_snd_devices(0)
06-05 18:29:37.338 18541 18541 E bullet  : onReject: X.JdS return null
06-05 18:29:37.338 18541 18541 I bullet  : onLog: [res-Service] start to sync load from assets
06-05 18:29:37.338 18541 18541 I bullet  : onLog: [res-Service] start to async load from assets
06-05 18:29:37.338 18541 18541 I bullet  : onLog: [res-Service] reportFailed httpsp16-sign-sg.tiktokcdn.comp16-sign-sg.tiktokcdn.com/obj/ad-site-i18n-sg/854715af-fdf3-4ab0-8b24-96b0efe8a1aa.jpeg
06-05 18:29:37.338 18541 18541 I bullet  : onLog: [res-Service] [{"name":"GECKO","status":"failed","detail":"GFM:Channel\/Bundle invalid"},{"name":"BuildIn","status":"fail","message":"buildIn Channel\/Bundle invalid"}]
06-05 18:29:37.338 18541 18541 E bullet  : onReject: X.JdT return null
06-05 18:29:37.338 18541 18541 I bullet  : onLog: [res-Service] Load url = https://p16-sign-sg.tiktokcdn.com/obj/ad-site-i18n-sg/854715af-fdf3-4ab0-8b24-96b0efe8a1aa.jpeg?x-expires=1685959200&x-signature=TfdrsB%2FL2nwlyljGaszgwZk6Bgo%3D, message = [{"name":"GECKO","status":"failed","detail":"GFM:Channel\/Bundle invalid"},{"name":"BuildIn","status":"fail","message":"buildIn Channel\/Bundle invalid"}]
06-05 18:29:37.338  1103  1596 V APM::EffectDescriptor: unregisterEffect() effect Volume listener for Music, ID 843, memory 1 total memory 2
06-05 18:29:37.338 18541 18541 I bullet  : onLog: [res-Service] [{"name":"GECKO","status":"failed","detail":"GFM:Channel\/Bundle invalid"},{"name":"BuildIn","status":"fail","message":"buildIn Channel\/Bundle invalid"}]
06-05 18:29:37.338  1103  1596 D APM_AudioPolicyManager: stopOutput portId 431
06-05 18:29:37.338  1103  1596 D APM_AudioPolicyManager: stopOutput() output 29, stream 3, session 5993
06-05 18:29:37.341 18541 10727 W System.err: java.io.FileNotFoundException: /proc/stat: open failed: EACCES (Permission denied)
06-05 18:29:37.341 18541 10727 W System.err: 	at libcore.io.IoBridge.open(IoBridge.java:575)
06-05 18:29:37.341 18541 10727 W System.err: 	at java.io.RandomAccessFile.<init>(RandomAccessFile.java:289)
06-05 18:29:37.341 18541 10727 W System.err: 	at java.io.RandomAccessFile.<init>(RandomAccessFile.java:152)
06-05 18:29:37.341 18541 10727 W System.err: 	at X.6gK.LIZ(SourceFile:393238)
06-05 18:29:37.341 18541 10727 W System.err: 	at X.6gM.call(SourceFile:65536)
06-05 18:29:37.341 18541 10727 W System.err: 	at X.0BO.run(SourceFile:262166)
06-05 18:29:37.341 18541 10727 W System.err: 	at X.0fb.run(SourceFile:459005)
06-05 18:29:37.341 18541 10727 W System.err: 	at java.util.concurrent.ThreadPoolExecutor.runWorker(ThreadPoolExecutor.java:1167)
06-05 18:29:37.341 18541 10727 W System.err: 	at java.util.concurrent.ThreadPoolExecutor$Worker.run(ThreadPoolExecutor.java:641)
06-05 18:29:37.341 18541 10727 W System.err: 	at X.0ff.run(SourceFile:131081)
06-05 18:29:37.341 18541 10727 W System.err: 	at java.lang.Thread.run(Thread.java:920)
06-05 18:29:37.341 18541 10727 W System.err: Caused by: android.system.ErrnoException: open failed: EACCES (Permission denied)
06-05 18:29:37.341 18541 10727 W System.err: 	at libcore.io.Linux.open(Native Method)
06-05 18:29:37.341 18541 10727 W System.err: 	at libcore.io.ForwardingOs.open(ForwardingOs.java:567)
06-05 18:29:37.341 18541 10727 W System.err: 	at libcore.io.BlockGuardOs.open(BlockGuardOs.java:273)
06-05 18:29:37.341 18541 10727 W System.err: 	at libcore.io.ForwardingOs.open(ForwardingOs.java:567)
06-05 18:29:37.341 18541 10727 W System.err: 	at android.app.ActivityThread$AndroidOs.open(ActivityThread.java:7980)
06-05 18:29:37.341 18541 10727 W System.err: 	at libcore.io.IoBridge.open(IoBridge.java:561)
06-05 18:29:37.342 18541 10727 W System.err: 	... 10 more
06-05 18:29:37.344 18541 11400 I System.out: hit cache: lynx_card_i18n
06-05 18:29:37.344 18541 11400 I System.out: hit cache: lynx_card_i18n
06-05 18:29:37.346 18541 11400 I System.out: hit cache: lynx_card_i18n
06-05 18:29:37.356 18541 18928 E lens_sdk: VideoOclSrGpuBackend::video size changed,w:576,h:1024
06-05 18:29:37.356  1582 27119 I OMX_VPP : VppOmxComponent::registerVppFakeBuf buffer with size 14 id 13 ts=0 flags:0
06-05 18:29:37.376   975 28792 D audio_hw_primary: out_set_parameters: enter: usecase(0: deep-buffer-playback) kvpairs: appname=-com.ss.android.ugc.trill
06-05 18:29:37.377   975 28792 D audio_hw_primary: [hal_apptype] out_set_parameters() -com.ss.android.ugc.trill [1 0x80 0x80 0x80]
06-05 18:29:37.377  1103  1596 D APM_AudioPolicyManager: releaseOutput portId 431
06-05 18:29:37.377  1103  1596 D APM_AudioPolicyManager: releaseOutput() output 29, stream 3, session 5993 [uid=10383]
06-05 18:29:37.391  1582 11641 I OMX-VDEC-1080P: set_frame_rate: the current time is 182937
06-05 18:29:37.392  1582 11641 I OMX-VDEC-1080P: set_frame_rate: the current time is 182937
06-05 18:29:37.393  1582 11641 I OMX-VDEC-1080P: set_frame_rate: the current time is 182937
06-05 18:29:37.424  1582 27119 I OMX_VPP : VppOmxComponent::registerVppFakeBuf buffer with size 15 id 14 ts=0 flags:0
06-05 18:29:37.457  1582 11641 I OMX-VDEC-1080P: set_frame_rate: the current time is 182937
06-05 18:29:37.492  1582 11641 I OMX-VDEC-1080P: set_frame_rate: the current time is 182937
06-05 18:29:37.524  1582 11641 I OMX-VDEC-1080P: set_frame_rate: the current time is 182937
