06-05 18:30:06.672 18541 18541 W System.err: 	at org.json.JSONObject.get(JSONObject.java:403)
06-05 18:30:06.672 18541 18541 W System.err: 	at org.json.JSONObject.getString(JSONObject.java:564)
06-05 18:30:06.672 18541 18541 W System.err: 	at X.6MB.LIZ(SourceFile:33816600)
06-05 18:30:06.672 18541 18541 W System.err: 	at X.6Lf.LIZJ(SourceFile:17039373)
06-05 18:30:06.672 18541 18541 W System.err: 	at X.8c9.LIZ(SourceFile:327698)
06-05 18:30:06.672 18541 18541 W System.err: 	at X.KAf.LIZ(SourceFile:3603)
06-05 18:30:06.672 18541 18541 W System.err: 	at X.KAf.LJIIL(SourceFile:17039402)
06-05 18:30:06.672 18541 18541 W System.err: 	at X.KAf.LJJIJIIJI(SourceFile:590862)
06-05 18:30:06.672 18541 18541 W System.err: 	at com.ss.android.ugc.aweme.feed.adapter.VideoViewCell.onRenderReady(SourceFile:17301542)
06-05 18:30:06.672 18541 18541 W System.err: 	at X.6B8.LIZ(SourceFile:1393)
06-05 18:30:06.672 18541 18541 W System.err: 	at X.6C1.run(SourceFile:65540)
06-05 18:30:06.672 18541 18541 W System.err: 	at android.os.Handler.handleCallback(Handler.java:938)
06-05 18:30:06.672 18541 18541 W System.err: 	at android.os.Handler.dispatchMessage(Handler.java:99)
06-05 18:30:06.672 18541 18541 W System.err: 	at android.os.Looper.loopOnce(Looper.java:210)
06-05 18:30:06.672 18541 18541 W System.err: 	at android.os.Looper.loop(Looper.java:299)
06-05 18:30:06.672 18541 18541 W System.err: 	at android.app.ActivityThread.main(ActivityThread.java:8105)
06-05 18:30:06.672 18541 18541 W System.err: 	at java.lang.reflect.Method.invoke(Native Method)
06-05 18:30:06.672 18541 18541 W System.err: 	at com.android.internal.os.RuntimeInit$MethodAndArgsCaller.run(RuntimeInit.java:556)
06-05 18:30:06.672 18541 18541 W System.err: 	at com.android.internal.os.ZygoteInit.main(ZygoteInit.java:1045)
06-05 18:30:06.672 18541 18541 W System.err: org.json.JSONException: No value for com.apple.quicktime.information
06-05 18:30:06.673 18541 18541 W System.err: 	at org.json.JSONObject.get(JSONObject.java:403)
06-05 18:30:06.673 18541 18541 W System.err: 	at org.json.JSONObject.getString(JSONObject.java:564)
06-05 18:30:06.673 18541 18541 W System.err: 	at X.6MB.LIZ(SourceFile:33816600)
06-05 18:30:06.673 18541 18541 W System.err: 	at X.6Lf.LIZJ(SourceFile:17039373)
06-05 18:30:06.673 18541 18541 W System.err: 	at X.8c9.LIZ(SourceFile:327706)
06-05 18:30:06.673 18541 18541 W System.err: 	at X.KAf.LIZ(SourceFile:3603)
06-05 18:30:06.673 18541 18541 W System.err: 	at X.KAf.LJIIL(SourceFile:17039402)
06-05 18:30:06.673 18541 18541 W System.err: 	at X.KAf.LJJIJIIJI(SourceFile:590862)
06-05 18:30:06.673 18541 18541 W System.err: 	at com.ss.android.ugc.aweme.feed.adapter.VideoViewCell.onRenderReady(SourceFile:17301542)
06-05 18:30:06.673 18541 18541 W System.err: 	at X.6B8.LIZ(SourceFile:1393)
06-05 18:30:06.673 18541 18541 W System.err: 	at X.6C1.run(SourceFile:65540)
06-05 18:30:06.673 18541 18541 W System.err: 	at android.os.Handler.handleCallback(Handler.java:938)
06-05 18:30:06.673 18541 18541 W System.err: 	at android.os.Handler.dispatchMessage(Handler.java:99)
06-05 18:30:06.673 18541 18541 W System.err: 	at android.os.Looper.loopOnce(Looper.java:210)
06-05 18:30:06.673 18541 18541 W System.err: 	at android.os.Looper.loop(Looper.java:299)
06-05 18:30:06.673 18541 18541 W System.err: 	at android.app.ActivityThread.main(ActivityThread.java:8105)
06-05 18:30:06.673 18541 18541 W System.err: 	at java.lang.reflect.Method.invoke(Native Method)
06-05 18:30:06.673 18541 18541 W System.err: 	at com.android.internal.os.RuntimeInit$MethodAndArgsCaller.run(RuntimeInit.java:556)
06-05 18:30:06.673 18541 18541 W System.err: 	at com.android.internal.os.ZygoteInit.main(ZygoteInit.java:1045)
06-05 18:30:06.673 18541 10707 W System.err: org.json.JSONException: No value for information
06-05 18:30:06.673 18541 10707 W System.err: 	at org.json.JSONObject.get(JSONObject.java:403)
06-05 18:30:06.673 18541 10707 W System.err: 	at org.json.JSONObject.getString(JSONObject.java:564)
06-05 18:30:06.673 18541 10707 W System.err: 	at X.6MB.LIZ(SourceFile:33816600)
06-05 18:30:06.673 18541 10707 W System.err: 	at X.6Lf.LIZJ(SourceFile:17039373)
06-05 18:30:06.673 18541 10707 W System.err: 	at X.8c8.LIZIZ(SourceFile:393228)
06-05 18:30:06.673 18541 10707 W System.err: 	at X.8cB.call(SourceFile:262146)
06-05 18:30:06.673 18541 10707 W System.err: 	at X.0BO.run(SourceFile:262166)
06-05 18:30:06.673 18541 10707 W System.err: 	at X.0fb.run(SourceFile:459005)
06-05 18:30:06.673 18541 10707 W System.err: 	at java.util.concurrent.ThreadPoolExecutor.runWorker(ThreadPoolExecutor.java:1167)
06-05 18:30:06.673 18541 10707 W System.err: 	at java.util.concurrent.ThreadPoolExecutor$Worker.run(ThreadPoolExecutor.java:641)
06-05 18:30:06.673 18541 10707 W System.err: 	at X.0ff.run(SourceFile:131081)
06-05 18:30:06.673 18541 10707 W System.err: 	at java.lang.Thread.run(Thread.java:920)
06-05 18:30:06.673 18541 10707 W System.err: org.json.JSONException: No value for com.android.information
06-05 18:30:06.673 18541 10707 W System.err: 	at org.json.JSONObject.get(JSONObject.java:403)
06-05 18:30:06.673 18541 10707 W System.err: 	at org.json.JSONObject.getString(JSONObject.java:564)
06-05 18:30:06.673 18541 10707 W System.err: 	at X.6MB.LIZ(SourceFile:33816600)
06-05 18:30:06.673 18541 10707 W System.err: 	at X.6Lf.LIZJ(SourceFile:17039373)
06-05 18:30:06.673 18541 10707 W System.err: 	at X.8c8.LIZIZ(SourceFile:393243)
06-05 18:30:06.673 18541 10707 W System.err: 	at X.8cB.call(SourceFile:262146)
06-05 18:30:06.674 18541 10707 W System.err: 	at X.0BO.run(SourceFile:262166)
06-05 18:30:06.674 18541 10707 W System.err: 	at X.0fb.run(SourceFile:459005)
06-05 18:30:06.674 18541 10707 W System.err: 	at java.util.concurrent.ThreadPoolExecutor.runWorker(ThreadPoolExecutor.java:1167)
06-05 18:30:06.674 18541 10707 W System.err: 	at java.util.concurrent.ThreadPoolExecutor$Worker.run(ThreadPoolExecutor.java:641)
06-05 18:30:06.674 18541 10707 W System.err: 	at X.0ff.run(SourceFile:131081)
06-05 18:30:06.674 18541 10707 W System.err: 	at java.lang.Thread.run(Thread.java:920)
06-05 18:30:06.674 18541 10707 W System.err: org.json.JSONException: No value for com.apple.quicktime.information
06-05 18:30:06.674 18541 10707 W System.err: 	at org.json.JSONObject.get(JSONObject.java:403)
06-05 18:30:06.674 18541 10707 W System.err: 	at org.json.JSONObject.getString(JSONObject.java:564)
06-05 18:30:06.674 18541 10707 W System.err: 	at X.6MB.LIZ(SourceFile:33816600)
06-05 18:30:06.674 18541 10707 W System.err: 	at X.6Lf.LIZJ(SourceFile:17039373)
06-05 18:30:06.674 18541 10707 W System.err: 	at X.8c8.LIZIZ(SourceFile:393258)
06-05 18:30:06.674 18541 10707 W System.err: 	at X.8cB.call(SourceFile:262146)
06-05 18:30:06.674 18541 10707 W System.err: 	at X.0BO.run(SourceFile:262166)
06-05 18:30:06.674 18541 10707 W System.err: 	at X.0fb.run(SourceFile:459005)
06-05 18:30:06.674 18541 10707 W System.err: 	at java.util.concurrent.ThreadPoolExecutor.runWorker(ThreadPoolExecutor.java:1167)
06-05 18:30:06.674 18541 10707 W System.err: 	at java.util.concurrent.ThreadPoolExecutor$Worker.run(ThreadPoolExecutor.java:641)
06-05 18:30:06.674 18541 10707 W System.err: 	at X.0ff.run(SourceFile:131081)
06-05 18:30:06.674 18541 10707 W System.err: 	at java.lang.Thread.run(Thread.java:920)
06-05 18:30:06.679  1850  2634 I MiuiNetworkPolicy: updateUidState uid = 10188, uidState = 3
06-05 18:30:06.680  4385  4385 D BoundBrokerSvc: onBind: Intent { act=com.google.android.gms.measurement.START pkg=com.google.android.gms }
06-05 18:30:06.680  4385  4385 D BoundBrokerSvc: Loading bound service for intent: Intent { act=com.google.android.gms.measurement.START pkg=com.google.android.gms }
06-05 18:30:06.688 18541 10707 W System.err: java.io.FileNotFoundException: /proc/stat: open failed: EACCES (Permission denied)
06-05 18:30:06.688 18541 10707 W System.err: 	at libcore.io.IoBridge.open(IoBridge.java:575)
06-05 18:30:06.688 18541 10707 W System.err: 	at java.io.RandomAccessFile.<init>(RandomAccessFile.java:289)
06-05 18:30:06.688 18541 10707 W System.err: 	at java.io.RandomAccessFile.<init>(RandomAccessFile.java:152)
06-05 18:30:06.688 18541 10707 W System.err: 	at X.6gK.LIZ(SourceFile:393238)
06-05 18:30:06.688 18541 10707 W System.err: 	at X.6gM.call(SourceFile:65536)
06-05 18:30:06.688 18541 10707 W System.err: 	at X.0BO.run(SourceFile:262166)
06-05 18:30:06.688 18541 10707 W System.err: 	at X.0fb.run(SourceFile:459005)
06-05 18:30:06.688 18541 10707 W System.err: 	at java.util.concurrent.ThreadPoolExecutor.runWorker(ThreadPoolExecutor.java:1167)
06-05 18:30:06.688 18541 10707 W System.err: 	at java.util.concurrent.ThreadPoolExecutor$Worker.run(ThreadPoolExecutor.java:641)
06-05 18:30:06.688 18541 10707 W System.err: 	at X.0ff.run(SourceFile:131081)
06-05 18:30:06.689 18541 10707 W System.err: 	at java.lang.Thread.run(Thread.java:920)
06-05 18:30:06.689 18541 10707 W System.err: Caused by: android.system.ErrnoException: open failed: EACCES (Permission denied)
06-05 18:30:06.689 18541 10707 W System.err: 	at libcore.io.Linux.open(Native Method)
06-05 18:30:06.689 18541 10707 W System.err: 	at libcore.io.ForwardingOs.open(ForwardingOs.java:567)
06-05 18:30:06.689 18541 10707 W System.err: 	at libcore.io.BlockGuardOs.open(BlockGuardOs.java:273)
06-05 18:30:06.689 18541 10707 W System.err: 	at libcore.io.ForwardingOs.open(ForwardingOs.java:567)
06-05 18:30:06.689 18541 10707 W System.err: 	at android.app.ActivityThread$AndroidOs.open(ActivityThread.java:7980)
06-05 18:30:06.689 18541 10707 W System.err: 	at libcore.io.IoBridge.open(IoBridge.java:561)
06-05 18:30:06.689 18541 10707 W System.err: 	... 10 more
06-05 18:30:06.696   975  2315 D audio_hw_primary: out_set_parameters: enter: usecase(0: deep-buffer-playback) kvpairs: appname=+com.ss.android.ugc.trill
06-05 18:30:06.696   975  2315 D audio_hw_primary: [hal_apptype] out_set_parameters() +com.ss.android.ugc.trill [2 0x80 0x80 0x80]
06-05 18:30:06.696  1103  1596 D APM_AudioPolicyManager: startOutput() output 29, stream 3, session 6025 appname com.ss.android.ugc.trill uid 10383
06-05 18:30:06.697  1103  6927 E audioserver: open /proc/18541/cmdline error
06-05 18:30:06.697  1103  6927 I audioserver: setAppName(), name=[], active=[1]
06-05 18:30:06.697   975  2315 V EffectMiSound: MiSound_command() start, cmdCode=24
06-05 18:30:06.697   975  2315 V EffectMiSound: MiSound_Command EFFECT_CMD_SET_APP_NAME: stream=3, name=+
06-05 18:30:06.697  1103  2327 D AudioFlinger: updateWakeLockUids_l AudioOut_1D uids:10383
06-05 18:30:06.698 18541 19470 I AudioTrack: AudioTrack::setVolume L:1.000000 R:1.000000 and the pakage is com.ss.android.ugc.trill
06-05 18:30:06.699  1103  6927 I audioserver: setGameParameters keyvalue: xlog.volume.music.speaker=44
06-05 18:30:06.699   975  1043 D audio_hw_primary: adev_set_parameters: enter: xlog.volume.music.speaker=44
06-05 18:30:06.699   975  1043 V msm8974_platform: platform_set_parameters: enter: xlog.volume.music.speaker=44
06-05 18:30:06.699   975  1043 D audio_hw_hfp: hfp_set_parameters: enter
06-05 18:30:06.699   975  1043 D audio_hw_hfp: hfp_set_parameters: enter
06-05 18:30:06.699   975  1043 V a2dp_offload: end of a2dp setparam
06-05 18:30:06.699   975  1043 D audio_hw_cspl_cal: cirrus_cal_setparameters: enter 0xf3003600
06-05 18:30:06.699   975  1043 D audio_hw_extn: audio_extn_fm_set_parameters: Enter
06-05 18:30:06.699   975  1043 D audio_hw_hfp: hfp_set_parameters: enter
06-05 18:30:06.699   975  1043 V a2dp_offload: end of a2dp setparam
06-05 18:30:06.699   975  1043 D audio_hw_primary: adev_set_parameters: exit with code(0)
06-05 18:30:06.736  1103  1596 V APM::EffectDescriptor: setEffectEnabled(false) total CPU 0
06-05 18:30:06.736  1103  2327 D AudioFlinger: updateWakeLockUids_l AudioOut_1D uids:10383
06-05 18:30:06.737   975  1043 D msm8974_platform: platform_split_snd_device: snd_device(2) num devices(1) new_snd_devices(0)
06-05 18:30:06.737  1103  1596 V APM::EffectDescriptor: unregisterEffect() effect Volume listener for Music, ID 867, memory 1 total memory 2
06-05 18:30:06.737  1103  1596 D APM_AudioPolicyManager: stopOutput portId 434
06-05 18:30:06.737  1103  1596 D APM_AudioPolicyManager: stopOutput() output 29, stream 3, session 6017
06-05 18:30:06.757 18541 18928 E lens_sdk: VideoOclSrGpuBackend::video size changed,w:576,h:576
06-05 18:30:06.757  1582  5405 I OMX_VPP : VppOmxComponent::registerVppFakeBuf buffer with size 14 id 13 ts=0 flags:0
06-05 18:30:06.776   975  2315 D audio_hw_primary: out_set_parameters: enter: usecase(0: deep-buffer-playback) kvpairs: appname=-com.ss.android.ugc.trill
06-05 18:30:06.777   975  2315 D audio_hw_primary: [hal_apptype] out_set_parameters() -com.ss.android.ugc.trill [1 0x80 0x80 0x80]
06-05 18:30:06.777  1103  1596 D APM_AudioPolicyManager: releaseOutput portId 434
06-05 18:30:06.777  1103  1596 D APM_AudioPolicyManager: releaseOutput() output 29, stream 3, session 6017 [uid=10383]
06-05 18:30:06.791  1582 11762 I OMX-VDEC-1080P: set_frame_rate: the current time is 183006
06-05 18:30:06.792  1582 11762 I OMX-VDEC-1080P: set_frame_rate: the current time is 183006
06-05 18:30:06.794  1582 11762 I OMX-VDEC-1080P: set_frame_rate: the current time is 183006
06-05 18:30:06.824  1582  5405 I OMX_VPP : VppOmxComponent::registerVppFakeBuf buffer with size 15 id 14 ts=0 flags:0
06-05 18:30:06.858  1582 11762 I OMX-VDEC-1080P: set_frame_rate: the current time is 183006
06-05 18:30:06.892  1582 11762 I OMX-VDEC-1080P: set_frame_rate: the current time is 183006
06-05 18:30:06.911 18541 10727 W System.err: org.json.JSONException: No value for information
06-05 18:30:06.911 18541 10727 W System.err: 	at org.json.JSONObject.get(JSONObject.java:403)
06-05 18:30:06.911 18541 10727 W System.err: 	at org.json.JSONObject.getString(JSONObject.java:564)
06-05 18:30:06.911 18541 10727 W System.err: 	at X.6MB.LIZ(SourceFile:33816600)
06-05 18:30:06.911 18541 10727 W System.err: 	at X.6Lf.LIZJ(SourceFile:17039373)
06-05 18:30:06.911 18541 10727 W System.err: 	at X.8c8.LIZIZ(SourceFile:393228)
06-05 18:30:06.911 18541 10727 W System.err: 	at X.8cB.call(SourceFile:262146)
06-05 18:30:06.911 18541 10727 W System.err: 	at X.0BO.run(SourceFile:262166)
06-05 18:30:06.911 18541 10727 W System.err: 	at X.0fb.run(SourceFile:459005)
06-05 18:30:06.911 18541 10727 W System.err: 	at java.util.concurrent.ThreadPoolExecutor.runWorker(ThreadPoolExecutor.java:1167)
06-05 18:30:06.911 18541 10727 W System.err: 	at java.util.concurrent.ThreadPoolExecutor$Worker.run(ThreadPoolExecutor.java:641)
06-05 18:30:06.911 18541 10727 W System.err: 	at X.0ff.run(SourceFile:131081)
06-05 18:30:06.911 18541 10727 W System.err: 	at java.lang.Thread.run(Thread.java:920)
06-05 18:30:06.911 18541 10727 W System.err: org.json.JSONException: No value for com.android.information
06-05 18:30:06.911 18541 10727 W System.err: 	at org.json.JSONObject.get(JSONObject.java:403)
06-05 18:30:06.911 18541 10727 W System.err: 	at org.json.JSONObject.getString(JSONObject.java:564)
06-05 18:30:06.911 18541 10727 W System.err: 	at X.6MB.LIZ(SourceFile:33816600)
06-05 18:30:06.911 18541 10727 W System.err: 	at X.6Lf.LIZJ(SourceFile:17039373)
06-05 18:30:06.912 18541 10727 W System.err: 	at X.8c8.LIZIZ(SourceFile:393243)
06-05 18:30:06.912 18541 10727 W System.err: 	at X.8cB.call(SourceFile:262146)
06-05 18:30:06.912 18541 10727 W System.err: 	at X.0BO.run(SourceFile:262166)
06-05 18:30:06.912 18541 10727 W System.err: 	at X.0fb.run(SourceFile:459005)
06-05 18:30:06.912 18541 10727 W System.err: 	at java.util.concurrent.ThreadPoolExecutor.runWorker(ThreadPoolExecutor.java:1167)
06-05 18:30:06.912 18541 10727 W System.err: 	at java.util.concurrent.ThreadPoolExecutor$Worker.run(ThreadPoolExecutor.java:641)
06-05 18:30:06.912 18541 10727 W System.err: 	at X.0ff.run(SourceFile:131081)
06-05 18:30:06.912 18541 10727 W System.err: 	at java.lang.Thread.run(Thread.java:920)
06-05 18:30:06.912 18541 10727 W System.err: org.json.JSONException: No value for com.apple.quicktime.information
06-05 18:30:06.912 18541 10727 W System.err: 	at org.json.JSONObject.get(JSONObject.java:403)
06-05 18:30:06.912 18541 10727 W System.err: 	at org.json.JSONObject.getString(JSONObject.java:564)
06-05 18:30:06.912 18541 10727 W System.err: 	at X.6MB.LIZ(SourceFile:33816600)
06-05 18:30:06.912 18541 10727 W System.err: 	at X.6Lf.LIZJ(SourceFile:17039373)
06-05 18:30:06.912 18541 10727 W System.err: 	at X.8c8.LIZIZ(SourceFile:393258)
06-05 18:30:06.912 18541 10727 W System.err: 	at X.8cB.call(SourceFile:262146)
06-05 18:30:06.912 18541 10727 W System.err: 	at X.0BO.run(SourceFile:262166)
06-05 18:30:06.912 18541 10727 W System.err: 	at X.0fb.run(SourceFile:459005)
06-05 18:30:06.912 18541 10727 W System.err: 	at java.util.concurrent.ThreadPoolExecutor.runWorker(ThreadPoolExecutor.java:1167)
06-05 18:30:06.912 18541 10727 W System.err: 	at java.util.concurrent.ThreadPoolExecutor$Worker.run(ThreadPoolExecutor.java:641)
06-05 18:30:06.912 18541 10727 W System.err: 	at X.0ff.run(SourceFile:131081)
06-05 18:30:06.912 18541 10727 W System.err: 	at java.lang.Thread.run(Thread.java:920)
06-05 18:30:06.925  1582 11762 I OMX-VDEC-1080P: set_frame_rate: the current time is 183006
06-05 18:30:06.958  1582 11762 I OMX-VDEC-1080P: set_frame_rate: the current time is 183006
06-05 18:30:06.992  1582 11762 I OMX-VDEC-1080P: set_frame_rate: the current time is 183006
06-05 18:30:07.025  1582 11762 I OMX-VDEC-1080P: set_frame_rate: the current time is 183007
06-05 18:30:07.058  1582 11762 I OMX-VDEC-1080P: set_frame_rate: the current time is 183007
06-05 18:30:07.092  1582 11762 I OMX-VDEC-1080P: set_frame_rate: the current time is 183007
06-05 18:30:07.125  1582 11762 I OMX-VDEC-1080P: set_frame_rate: the current time is 183007
06-05 18:30:07.158  1582 11762 I OMX-VDEC-1080P: set_frame_rate: the current time is 183007
06-05 18:30:07.192  1582 11762 I OMX-VDEC-1080P: set_frame_rate: the current time is 183007
06-05 18:30:07.225  1582 11762 I OMX-VDEC-1080P: set_frame_rate: the current time is 183007
06-05 18:30:07.258  1582 11762 I OMX-VDEC-1080P: set_frame_rate: the current time is 183007
06-05 18:30:07.292  1582 11762 I OMX-VDEC-1080P: set_frame_rate: the current time is 183007
06-05 18:30:07.325  1582 11762 I OMX-VDEC-1080P: set_frame_rate: the current time is 183007
06-05 18:30:07.358  1582 11762 I OMX-VDEC-1080P: set_frame_rate: the current time is 183007
06-05 18:30:07.365 18541 10926 I ttheif_dec: heif_info : data_size:8194 is_grid:0 has_clap:0 is_seqence;0 cols:0 rows:0 width:360 height:640 angle:0.
06-05 18:30:07.392  1582 11762 I OMX-VDEC-1080P: set_frame_rate: the current time is 183007
06-05 18:30:07.425  1582 11762 I OMX-VDEC-1080P: set_frame_rate: the current time is 183007
06-05 18:30:07.458  1582 11762 I OMX-VDEC-1080P: set_frame_rate: the current time is 183007
06-05 18:30:07.492  1582 11762 I OMX-VDEC-1080P: set_frame_rate: the current time is 183007
06-05 18:30:07.524  1582 11762 I OMX-VDEC-1080P: set_frame_rate: the current time is 183007
06-05 18:30:07.528  2999  3462 D MI_RIL_OEM_HOOK: onPkHookCommonMsg, msg_id = 65
06-05 18:30:07.528  2999  3462 D MI_RIL_OEM_HOOK: onGetHookMsgBytes, HOOK_HEAD_SIZE = 16, msg_len = 4
06-05 18:30:07.528  2999  3462 D MI_RIL_OEM_HOOK: onHookSendSync, phoneId = 0
06-05 18:30:07.528  2930  2930 D QcrilMsgTunnelIfaceManager: handleMessage what = 1
06-05 18:30:07.528  2930  2930 I QcrilOemhookMsgTunnel: [0]invokeOemRilRequestRaw: serial=2137 length=36
06-05 18:30:07.558  1582 11762 I OMX-VDEC-1080P: set_frame_rate: the current time is 183007
06-05 18:30:07.565  1793  2006 D XIAOMI_QCRIL: RIL[lib][xiaomi_extend_nvefs.c:52] xiaomi_qmi_result_map: xiaomi_qmi_result_map, old_result 0, new_result 0
06-05 18:30:07.565  2930  3267 I QcrilOemhookMsgTunnel: [0]processOemHookResponse serial no: 2137 error: 0length=16
06-05 18:30:07.566  2930  2930 D QcrilMsgTunnelIfaceManager: handleMessage what = 2
06-05 18:30:07.566  2999  3462 D QC_RIL_OEM_HOOK: sendOemRilRequestRaw returns value = 16
06-05 18:30:07.566  2999  3462 D ModemSarController_8250: type = 65, len = 4, value = 0
06-05 18:30:07.593  1582 11762 I OMX-VDEC-1080P: set_frame_rate: the current time is 183007
06-05 18:30:07.625  1582 11762 I OMX-VDEC-1080P: set_frame_rate: the current time is 183007
06-05 18:30:07.632  1103  6927 I audioserver: setGameParameters keyvalue: xlog.volume.music.speaker=44
06-05 18:30:07.632   975  2315 D audio_hw_primary: adev_set_parameters: enter: xlog.volume.music.speaker=44
06-05 18:30:07.632   975  2315 V msm8974_platform: platform_set_parameters: enter: xlog.volume.music.speaker=44
06-05 18:30:07.632   975  2315 D audio_hw_hfp: hfp_set_parameters: enter
06-05 18:30:07.632   975  2315 D audio_hw_hfp: hfp_set_parameters: enter
06-05 18:30:07.632   975  2315 V a2dp_offload: end of a2dp setparam
06-05 18:30:07.632   975  2315 D audio_hw_cspl_cal: cirrus_cal_setparameters: enter 0xf3003600
06-05 18:30:07.632   975  2315 D audio_hw_extn: audio_extn_fm_set_parameters: Enter
06-05 18:30:07.632   975  2315 D audio_hw_hfp: hfp_set_parameters: enter
06-05 18:30:07.632   975  2315 V a2dp_offload: end of a2dp setparam
06-05 18:30:07.632   975  2315 D audio_hw_primary: adev_set_parameters: exit with code(0)
06-05 18:30:07.633  1103  6927 I audioserver: setGameParameters keyvalue: xlog.volume.music.speaker=44
06-05 18:30:07.633   975  2315 D audio_hw_primary: adev_set_parameters: enter: xlog.volume.music.speaker=44
06-05 18:30:07.633   975  2315 V msm8974_platform: platform_set_parameters: enter: xlog.volume.music.speaker=44
06-05 18:30:07.633   975  2315 D audio_hw_hfp: hfp_set_parameters: enter
06-05 18:30:07.633   975  2315 D audio_hw_hfp: hfp_set_parameters: enter
06-05 18:30:07.633   975  2315 V a2dp_offload: end of a2dp setparam
06-05 18:30:07.633   975  2315 D audio_hw_cspl_cal: cirrus_cal_setparameters: enter 0xf3003600
06-05 18:30:07.633   975  2315 D audio_hw_extn: audio_extn_fm_set_parameters: Enter
06-05 18:30:07.633   975  2315 D audio_hw_hfp: hfp_set_parameters: enter
06-05 18:30:07.633   975  2315 V a2dp_offload: end of a2dp setparam
06-05 18:30:07.633   975  2315 D audio_hw_primary: adev_set_parameters: exit with code(0)
06-05 18:30:07.637  1850  2634 I MiuiNetworkPolicy: updateUidState uid = 10285, uidState = 10
06-05 18:30:07.641  1850  2634 I MiuiNetworkPolicy: updateUidState uid = 10285, uidState = 15
06-05 18:30:07.658  1582 11762 I OMX-VDEC-1080P: set_frame_rate: the current time is 183007
06-05 18:30:07.692  1582 11762 I OMX-VDEC-1080P: set_frame_rate: the current time is 183007
06-05 18:30:07.726  1582 11762 I OMX-VDEC-1080P: set_frame_rate: the current time is 183007
06-05 18:30:07.758  1582 11762 I OMX-VDEC-1080P: set_frame_rate: the current time is 183007
06-05 18:30:07.793  1582 11762 I OMX-VDEC-1080P: set_frame_rate: the current time is 183007
06-05 18:30:07.825  1582 11762 I OMX-VDEC-1080P: set_frame_rate: the current time is 183007
06-05 18:30:07.858  1582 11762 I OMX-VDEC-1080P: set_frame_rate: the current time is 183007
06-05 18:30:07.892  1582 11762 I OMX-VDEC-1080P: set_frame_rate: the current time is 183007
06-05 18:30:07.925  1582 11762 I OMX-VDEC-1080P: set_frame_rate: the current time is 183007
06-05 18:30:07.958  1582 11762 I OMX-VDEC-1080P: set_frame_rate: the current time is 183007
06-05 18:30:07.993  1582 11762 I OMX-VDEC-1080P: set_frame_rate: the current time is 183007
06-05 18:30:08.007 18541 18552 E jato    : gc block end, 5595054,1001
06-05 18:30:08.025  1582 11762 I OMX-VDEC-1080P: set_frame_rate: the current time is 183008
06-05 18:30:08.059  1582 11762 I OMX-VDEC-1080P: set_frame_rate: the current time is 183008
06-05 18:30:08.093  1582 11762 I OMX-VDEC-1080P: set_frame_rate: the current time is 183008
06-05 18:30:08.126  1582 11762 I OMX-VDEC-1080P: set_frame_rate: the current time is 183008
06-05 18:30:08.161  1582 11762 I OMX-VDEC-1080P: set_frame_rate: the current time is 183008
06-05 18:30:08.194  1582 11762 I OMX-VDEC-1080P: set_frame_rate: the current time is 183008
06-05 18:30:08.227  1582 11762 I OMX-VDEC-1080P: set_frame_rate: the current time is 183008
06-05 18:30:08.260  1582 11762 I OMX-VDEC-1080P: set_frame_rate: the current time is 183008
06-05 18:30:08.293  1582 11762 I OMX-VDEC-1080P: set_frame_rate: the current time is 183008
06-05 18:30:08.327  1582 11762 I OMX-VDEC-1080P: set_frame_rate: the current time is 183008
06-05 18:30:08.361  1582 11762 I OMX-VDEC-1080P: set_frame_rate: the current time is 183008
06-05 18:30:08.394  1582 11762 I OMX-VDEC-1080P: set_frame_rate: the current time is 183008
06-05 18:30:08.427  1582 11762 I OMX-VDEC-1080P: set_frame_rate: the current time is 183008
06-05 18:30:08.461  1582 11762 I OMX-VDEC-1080P: set_frame_rate: the current time is 183008
06-05 18:30:08.494  1582 11762 I OMX-VDEC-1080P: set_frame_rate: the current time is 183008
06-05 18:30:08.527  1582 11762 I OMX-VDEC-1080P: set_frame_rate: the current time is 183008
06-05 18:30:08.560  1582 11762 I OMX-VDEC-1080P: set_frame_rate: the current time is 183008
06-05 18:30:08.593  1582 11762 I OMX-VDEC-1080P: set_frame_rate: the current time is 183008
06-05 18:30:08.627  1582 11762 I OMX-VDEC-1080P: set_frame_rate: the current time is 183008
06-05 18:30:08.661  1582 11762 I OMX-VDEC-1080P: set_frame_rate: the current time is 183008
06-05 18:30:08.694  1582 11762 I OMX-VDEC-1080P: set_frame_rate: the current time is 183008
06-05 18:30:08.727  1582 11762 I OMX-VDEC-1080P: set_frame_rate: the current time is 183008
06-05 18:30:08.760  1582 11762 I OMX-VDEC-1080P: set_frame_rate: the current time is 183008
06-05 18:30:08.794  1582 11762 I OMX-VDEC-1080P: set_frame_rate: the current time is 183008
06-05 18:30:08.827  1582 11762 I OMX-VDEC-1080P: set_frame_rate: the current time is 183008
06-05 18:30:08.860  1582 11762 I OMX-VDEC-1080P: set_frame_rate: the current time is 183008
06-05 18:30:08.894  1582 11762 I OMX-VDEC-1080P: set_frame_rate: the current time is 183008
06-05 18:30:08.927  1582 11762 I OMX-VDEC-1080P: set_frame_rate: the current time is 183008
06-05 18:30:08.960  1582 11762 I OMX-VDEC-1080P: set_frame_rate: the current time is 183008
06-05 18:30:08.994  1582 11762 I OMX-VDEC-1080P: set_frame_rate: the current time is 183008
06-05 18:30:09.027  1582 11762 I OMX-VDEC-1080P: set_frame_rate: the current time is 183009
06-05 18:30:09.060  1582 11762 I OMX-VDEC-1080P: set_frame_rate: the current time is 183009
06-05 18:30:09.095  1582 11762 I OMX-VDEC-1080P: set_frame_rate: the current time is 183009
06-05 18:30:09.126  1582 11762 I OMX-VDEC-1080P: set_frame_rate: the current time is 183009
06-05 18:30:09.160  1582 11762 I OMX-VDEC-1080P: set_frame_rate: the current time is 183009
06-05 18:30:09.194  1582 11762 I OMX-VDEC-1080P: set_frame_rate: the current time is 183009
06-05 18:30:09.227  1582 11762 I OMX-VDEC-1080P: set_frame_rate: the current time is 183009
06-05 18:30:09.260  1582 11762 I OMX-VDEC-1080P: set_frame_rate: the current time is 183009
06-05 18:30:09.294  1582 11762 I OMX-VDEC-1080P: set_frame_rate: the current time is 183009
06-05 18:30:09.327  1582 11762 I OMX-VDEC-1080P: set_frame_rate: the current time is 183009
06-05 18:30:09.359  1582 11762 I OMX-VDEC-1080P: set_frame_rate: the current time is 183009
06-05 18:30:09.393  1582 11762 I OMX-VDEC-1080P: set_frame_rate: the current time is 183009
06-05 18:30:09.427  1582 11762 I OMX-VDEC-1080P: set_frame_rate: the current time is 183009
06-05 18:30:09.460  1582 11762 I OMX-VDEC-1080P: set_frame_rate: the current time is 183009
06-05 18:30:09.493  1582 11762 I OMX-VDEC-1080P: set_frame_rate: the current time is 183009
06-05 18:30:09.527  1582 11762 I OMX-VDEC-1080P: set_frame_rate: the current time is 183009
06-05 18:30:09.560  1582 11762 I OMX-VDEC-1080P: set_frame_rate: the current time is 183009
06-05 18:30:09.593  1582 11762 I OMX-VDEC-1080P: set_frame_rate: the current time is 183009
06-05 18:30:09.629  1582 11762 I OMX-VDEC-1080P: set_frame_rate: the current time is 183009
06-05 18:30:09.660  1582 11762 I OMX-VDEC-1080P: set_frame_rate: the current time is 183009
06-05 18:30:09.695  1582 11762 I OMX-VDEC-1080P: set_frame_rate: the current time is 183009
06-05 18:30:09.728  1582 11762 I OMX-VDEC-1080P: set_frame_rate: the current time is 183009
06-05 18:30:09.761  1582 11762 I OMX-VDEC-1080P: set_frame_rate: the current time is 183009
06-05 18:30:09.795  1582 11762 I OMX-VDEC-1080P: set_frame_rate: the current time is 183009
06-05 18:30:09.829  1582 11762 I OMX-VDEC-1080P: set_frame_rate: the current time is 183009
06-05 18:30:09.861  1582 11762 I OMX-VDEC-1080P: set_frame_rate: the current time is 183009
06-05 18:30:09.893  1582 11762 I OMX-VDEC-1080P: set_frame_rate: the current time is 183009
06-05 18:30:09.926  1582 11762 I OMX-VDEC-1080P: set_frame_rate: the current time is 183009
06-05 18:30:09.960  1582 11762 I OMX-VDEC-1080P: set_frame_rate: the current time is 183009
06-05 18:30:09.994  1582 11762 I OMX-VDEC-1080P: set_frame_rate: the current time is 183009
06-05 18:30:10.027  1582 11762 I OMX-VDEC-1080P: set_frame_rate: the current time is 183010
06-05 18:30:10.060  1582 11762 I OMX-VDEC-1080P: set_frame_rate: the current time is 183010
06-05 18:30:10.095  1582 11762 I OMX-VDEC-1080P: set_frame_rate: the current time is 183010
06-05 18:30:10.128  1582 11762 I OMX-VDEC-1080P: set_frame_rate: the current time is 183010
06-05 18:30:10.160  1582 11762 I OMX-VDEC-1080P: set_frame_rate: the current time is 183010
06-05 18:30:10.193  1582 11762 I OMX-VDEC-1080P: set_frame_rate: the current time is 183010
06-05 18:30:10.227  1582 11762 I OMX-VDEC-1080P: set_frame_rate: the current time is 183010
06-05 18:30:10.260  1582 11762 I OMX-VDEC-1080P: set_frame_rate: the current time is 183010
06-05 18:30:10.294  1582 11762 I OMX-VDEC-1080P: set_frame_rate: the current time is 183010
06-05 18:30:10.326  1582 11762 I OMX-VDEC-1080P: set_frame_rate: the current time is 183010
06-05 18:30:10.359  1582 11762 I OMX-VDEC-1080P: set_frame_rate: the current time is 183010
06-05 18:30:10.382  1850  2634 I MiuiNetworkPolicy: updateUidState uid = 10375, uidState = 10
06-05 18:30:10.393  1582 11762 I OMX-VDEC-1080P: set_frame_rate: the current time is 183010
06-05 18:30:10.426  1582 11762 I OMX-VDEC-1080P: set_frame_rate: the current time is 183010
06-05 18:30:10.461  1582 11762 I OMX-VDEC-1080P: set_frame_rate: the current time is 183010
06-05 18:30:10.493  1582 11762 I OMX-VDEC-1080P: set_frame_rate: the current time is 183010
06-05 18:30:10.526  1582 11762 I OMX-VDEC-1080P: set_frame_rate: the current time is 183010
06-05 18:30:10.559  1582 11762 I OMX-VDEC-1080P: set_frame_rate: the current time is 183010
06-05 18:30:10.594  1582 11762 I OMX-VDEC-1080P: set_frame_rate: the current time is 183010
06-05 18:30:10.594  1582 11762 I OMX-VDEC-1080P: set_frame_rate: the current time is 183010
06-05 18:30:10.595  1582 11762 I OMX-VDEC-1080P: set_frame_rate: the current time is 183010
06-05 18:30:10.694  1582 11762 I OMX-VDEC-1080P: set_frame_rate: the current time is 183010
06-05 18:30:10.727  1582 11762 I OMX-VDEC-1080P: set_frame_rate: the current time is 183010
06-05 18:30:10.759  1582 11762 I OMX-VDEC-1080P: set_frame_rate: the current time is 183010
06-05 18:30:10.794  1582 11762 I OMX-VDEC-1080P: set_frame_rate: the current time is 183010
06-05 18:30:10.827  1582 11762 I OMX-VDEC-1080P: set_frame_rate: the current time is 183010
06-05 18:30:10.860  1582 11762 I OMX-VDEC-1080P: set_frame_rate: the current time is 183010
06-05 18:30:10.894  1582 11762 I OMX-VDEC-1080P: set_frame_rate: the current time is 183010
06-05 18:30:10.927  1582 11762 I OMX-VDEC-1080P: set_frame_rate: the current time is 183010
06-05 18:30:10.960  1582 11762 I OMX-VDEC-1080P: set_frame_rate: the current time is 183010
06-05 18:30:10.994  1582 11762 I OMX-VDEC-1080P: set_frame_rate: the current time is 183010
06-05 18:30:11.027  1582 11762 I OMX-VDEC-1080P: set_frame_rate: the current time is 183011
06-05 18:30:11.059  1582 11762 I OMX-VDEC-1080P: set_frame_rate: the current time is 183011
06-05 18:30:11.094  1582 11762 I OMX-VDEC-1080P: set_frame_rate: the current time is 183011
06-05 18:30:11.127  1582 11762 I OMX-VDEC-1080P: set_frame_rate: the current time is 183011
06-05 18:30:11.160  1582 11762 I OMX-VDEC-1080P: set_frame_rate: the current time is 183011
06-05 18:30:11.194  1582 11762 I OMX-VDEC-1080P: set_frame_rate: the current time is 183011
06-05 18:30:11.227  1582 11762 I OMX-VDEC-1080P: set_frame_rate: the current time is 183011
06-05 18:30:11.260  1582 11762 I OMX-VDEC-1080P: set_frame_rate: the current time is 183011
06-05 18:30:11.296  1582 11762 I OMX-VDEC-1080P: set_frame_rate: the current time is 183011
06-05 18:30:11.327  1582 11762 I OMX-VDEC-1080P: set_frame_rate: the current time is 183011
06-05 18:30:11.360  1582 11762 I OMX-VDEC-1080P: set_frame_rate: the current time is 183011
06-05 18:30:11.395  1582 11762 I OMX-VDEC-1080P: set_frame_rate: the current time is 183011
06-05 18:30:11.427  1582 11762 I OMX-VDEC-1080P: set_frame_rate: the current time is 183011
06-05 18:30:11.460  1582 11762 I OMX-VDEC-1080P: set_frame_rate: the current time is 183011
06-05 18:30:11.494  1582 11762 I OMX-VDEC-1080P: set_frame_rate: the current time is 183011
06-05 18:30:11.527  1582 11762 I OMX-VDEC-1080P: set_frame_rate: the current time is 183011
06-05 18:30:11.560  1582 11762 I OMX-VDEC-1080P: set_frame_rate: the current time is 183011
06-05 18:30:11.594  1582 11762 I OMX-VDEC-1080P: set_frame_rate: the current time is 183011
06-05 18:30:11.627  1582 11762 I OMX-VDEC-1080P: set_frame_rate: the current time is 183011
06-05 18:30:11.661  1582 11762 I OMX-VDEC-1080P: set_frame_rate: the current time is 183011
06-05 18:30:11.693  1582 11762 I OMX-VDEC-1080P: set_frame_rate: the current time is 183011
06-05 18:30:11.727  1582 11762 I OMX-VDEC-1080P: set_frame_rate: the current time is 183011
06-05 18:30:11.761  1582 11762 I OMX-VDEC-1080P: set_frame_rate: the current time is 183011
06-05 18:30:11.770  1850  2553 D MIUIInput: [MotionEvent] publisher action=0x4, 5599817, channel 'c058ab6 com.miui.securitycenter (server)'
06-05 18:30:11.770  1850  2553 D MIUIInput: [MotionEvent] publisher action=0x0, 5599817, channel 'f66205e com.ss.android.ugc.trill/com.ss.android.ugc.aweme.splash.SplashActivity (server)'
06-05 18:30:11.770  7693  7693 I GameBoxTouchListener: onTouch: 	mAdded=false	isLeftShowtrue
06-05 18:30:11.795  1582 11762 I OMX-VDEC-1080P: set_frame_rate: the current time is 183011
06-05 18:30:11.799  1850  2553 D MIUIInput: [MotionEvent] publisher action=0x1, 5599846, channel 'f66205e com.ss.android.ugc.trill/com.ss.android.ugc.aweme.splash.SplashActivity (server)'
06-05 18:30:11.824 18541 18541 W System.err: java.lang.IllegalStateException: Observer X.AyY@e61868 was not registered.
06-05 18:30:11.825 18541 18541 W System.err: 	at android.database.Observable.unregisterObserver(Observable.java:69)
06-05 18:30:11.825 18541 18541 W System.err: 	at X.0BA.unregisterAdapterDataObserver(SourceFile:16842754)
06-05 18:30:11.825 18541 18541 W System.err: 	at X.AyW.registerAdapterDataObserver(SourceFile:16973836)
06-05 18:30:11.825 18541 18541 W System.err: 	at androidx.recyclerview.widget.RecyclerView.LIZ(SourceFile:50593826)
06-05 18:30:11.825 18541 18541 W System.err: 	at androidx.recyclerview.widget.RecyclerView.setAdapter(SourceFile:16908293)
06-05 18:30:11.825 18541 18541 W System.err: 	at com.ss.android.ugc.aweme.comment.ui.CommentListFragment.LJ(SourceFile:17301685)
06-05 18:30:11.825 18541 18541 W System.err: 	at com.ss.android.ugc.aweme.comment.ui.CommentListFragment.LIZJ(SourceFile:17170506)
06-05 18:30:11.825 18541 18541 W System.err: 	at com.ss.android.ugc.aweme.comment.ui.CommentListFragment.LIZ(SourceFile:554)
06-05 18:30:11.825 18541 18541 W System.err: 	at com.ss.android.ugc.aweme.comment.ui.CommentListPageFragment.LIZIZ(SourceFile:17236275)
06-05 18:30:11.825 18541 18541 W System.err: 	at com.ss.android.ugc.aweme.comment.ui.CommentListPageFragment.LIZ(SourceFile:50725065)
06-05 18:30:11.825 18541 18541 W System.err: 	at com.ss.android.ugc.aweme.comment.CommentServiceImpl.LIZ(SourceFile:50593795)
06-05 18:30:11.825 18541 18541 W System.err: 	at X.8w9.LIZ(SourceFile:17302001)
06-05 18:30:11.825 18541 18541 W System.err: 	at com.ss.android.ugc.aweme.feed.panel.BaseListFragmentPanel.LIZ(SourceFile:5037)
06-05 18:30:11.825 18541 18541 W System.err: 	at com.ss.android.ugc.aweme.feed.panel.BaseListFragmentPanel.LIZ(SourceFile:4984)
06-05 18:30:11.825 18541 18541 W System.err: 	at com.ss.android.ugc.aweme.feed.panel.BaseListFragmentPanel.LIZIZ(SourceFile:67305493)
06-05 18:30:11.825 18541 18541 W System.err: 	at com.ss.android.ugc.aweme.feed.panel.BaseListFragmentPanel.LIZ(SourceFile:4250)
06-05 18:30:11.825 18541 18541 W System.err: 	at X.86f.LIZ(SourceFile:17367088)
06-05 18:30:11.825 18541 18541 W System.err: 	at com.ss.android.ugc.aweme.feed.panel.BaseListFragmentPanel.LIZIZ(SourceFile:17235981)
06-05 18:30:11.826 18541 18541 W System.err: 	at com.ss.android.ugc.aweme.feed.panel.BaseListFragmentPanel.LIZ(SourceFile:514)
06-05 18:30:11.826 18541 18541 W System.err: 	at com.ss.android.ugc.aweme.feed.adapter.VideoViewCell.LIZ(SourceFile:33882182)
06-05 18:30:11.826 18541 18541 W System.err: 	at com.ss.android.ugc.aweme.feed.adapter.VideoViewCell.LIZ(SourceFile:52118)
06-05 18:30:11.826 18541 18541 W System.err: 	at com.ss.android.ugc.aweme.feed.adapter.VideoViewCell.onChanged(SourceFile:16842754)
06-05 18:30:11.826 18541 18541 W System.err: 	at X.Ahn$a.onChanged(SourceFile:16973839)
06-05 18:30:11.826 18541 18541 W System.err: 	at androidx.lifecycle.LiveData.considerNotify(SourceFile:17039389)
06-05 18:30:11.826 18541 18541 W System.err: 	at androidx.lifecycle.LiveData.dispatchingValue(SourceFile:17039410)
06-05 18:30:11.826 18541 18541 W System.err: 	at androidx.lifecycle.LiveData.setValue(SourceFile:16973838)
06-05 18:30:11.826 18541 18541 W System.err: 	at X.10c.setValue(SourceFile:16777216)
06-05 18:30:11.826 18541 18541 W System.err: 	at X.Ahn.setValue(SourceFile:16908294)
06-05 18:30:11.826 18541 18541 W System.err: 	at com.ss.android.ugc.aweme.arch.widgets.base.DataCenter.LIZ(SourceFile:33947710)
06-05 18:30:11.826 18541 18541 W System.err: 	at X.9Tg.LJFF(SourceFile:17301928)
06-05 18:30:11.826 18541 18541 W System.err: 	at X.9U2.onClick(SourceFile:16908295)
06-05 18:30:11.826 18541 18541 W System.err: 	at android.view.View.performClick(View.java:7750)
06-05 18:30:11.826 18541 18541 W System.err: 	at android.view.View.performClickInternal(View.java:7727)
06-05 18:30:11.826 18541 18541 W System.err: 	at android.view.View.access$3700(View.java:861)
06-05 18:30:11.826 18541 18541 W System.err: 	at android.view.View$PerformClick.run(View.java:29133)
06-05 18:30:11.826 18541 18541 W System.err: 	at android.os.Handler.handleCallback(Handler.java:938)
06-05 18:30:11.826 18541 18541 W System.err: 	at android.os.Handler.dispatchMessage(Handler.java:99)
06-05 18:30:11.826 18541 18541 W System.err: 	at android.os.Looper.loopOnce(Looper.java:210)
06-05 18:30:11.826 18541 18541 W System.err: 	at android.os.Looper.loop(Looper.java:299)
06-05 18:30:11.826 18541 18541 W System.err: 	at android.app.ActivityThread.main(ActivityThread.java:8105)
06-05 18:30:11.826 18541 18541 W System.err: 	at java.lang.reflect.Method.invoke(Native Method)
06-05 18:30:11.826 18541 18541 W System.err: 	at com.android.internal.os.RuntimeInit$MethodAndArgsCaller.run(RuntimeInit.java:556)
06-05 18:30:11.826 18541 18541 W System.err: 	at com.android.internal.os.ZygoteInit.main(ZygoteInit.java:1045)
06-05 18:30:11.827  1582 11762 I OMX-VDEC-1080P: set_frame_rate: the current time is 183011
06-05 18:30:11.839 18541 18541 D DecorView[]: getWindowModeFromSystem  windowmode is 1
06-05 18:30:11.859  1582 11762 I OMX-VDEC-1080P: set_frame_rate: the current time is 183011
06-05 18:30:11.893  1582 11762 I OMX-VDEC-1080P: set_frame_rate: the current time is 183011
06-05 18:30:11.926  1582 11762 I OMX-VDEC-1080P: set_frame_rate: the current time is 183011
06-05 18:30:11.959  1582 11762 I OMX-VDEC-1080P: set_frame_rate: the current time is 183011
06-05 18:30:11.993  1582 11762 I OMX-VDEC-1080P: set_frame_rate: the current time is 183011
06-05 18:30:12.026  1582 11762 I OMX-VDEC-1080P: set_frame_rate: the current time is 183012
06-05 18:30:12.060  1582 11762 I OMX-VDEC-1080P: set_frame_rate: the current time is 183012
06-05 18:30:12.093  1582 11762 I OMX-VDEC-1080P: set_frame_rate: the current time is 183012
06-05 18:30:12.121  1850  2553 D MIUIInput: [MotionEvent] publisher action=0x0, 5600168, channel 'ef046aa GestureStubBottom (server)'
06-05 18:30:12.124  3068  3289 D GestureStubView: onTouch ACTION_DOWN sendMessageDelayed MSG_CHECK_GESTURE_STUB_TOUCHABLE
06-05 18:30:12.124  3068  3289 D GesturesBackController: onPointerEvent swipeStatus:16
06-05 18:30:12.124  3068  3289 D GesturesBackController: mSwipeStatus == SWIPE_STATUS_ANIMATING, processPointerEvent
06-05 18:30:12.127  1582 11762 I OMX-VDEC-1080P: set_frame_rate: the current time is 183012
06-05 18:30:12.159  1582 11762 I OMX-VDEC-1080P: set_frame_rate: the current time is 183012
06-05 18:30:12.166  1850  1941 D PerfImpl: perfGetWorkLoadType
06-05 18:30:12.166  1034  1034 E vendor.qti.hardware.perf@2.2-service: Unknown params
06-05 18:30:12.166  1034  1034 I ANDR-PERF-LM: LMPerfGlue: perfmodule_submit_request() 132: perfmodule_submit_request()
06-05 18:30:12.166  1034  1034 I ANDR-PERF-LM: Core: getInstance() 84: LM getInstance
06-05 18:30:12.166  1034  1034 D ANDR-PERF-LM: Feature: lookup() 101: Feature Name = AppClassifier, total featuers = 3, featureFound = 1
06-05 18:30:12.166  1034  1034 D ANDR-PERF-LM: Feature: getData() 112: data.data = 1
06-05 18:30:12.166  1034  1034 I ANDR-PERF-LM: FeedbackAPI: getFeedback() 60: app:com.ss.android.ugc.trill feature:AppClassifier feedback = 1
06-05 18:30:12.166  1850  1941 D PerfImpl: perfScrollBoost: com.ss.android.ugc.trill, -1, 4
06-05 18:30:12.166  1034  1034 E vendor.qti.hardware.perf@2.2-service: Unknown params
06-05 18:30:12.167  1034  1034 I ANDR-PERF-LM: LMPerfGlue: perfmodule_submit_request() 132: perfmodule_submit_request()
06-05 18:30:12.167  1034  1034 I ANDR-PERF-LM: Core: getInstance() 84: LM getInstance
06-05 18:30:12.167  1034  1034 I ANDR-PERF-LM: WQ: push() 59: LMTriggerQ push() size=0
06-05 18:30:12.167  1034  1034 I ANDR-PERF-LM: WQ: push() 61: LMTriggerQ push() done size=1
06-05 18:30:12.167  1034  1092 I ANDR-PERF-LM: WQ: pop() 42: LMTriggerQ pop() done size=0
06-05 18:30:12.167  1850  1941 D PerfImpl: perfGetWorkLoadType
06-05 18:30:12.167  1034  1092 I ANDR-PERF-LM: Core: lmMain() 373: Waiting on trigger Queue
06-05 18:30:12.167  1034  1092 I ANDR-PERF-LM: WQ: pop() 31: LMTriggerQ pop() size=0
06-05 18:30:12.167  1034  1034 E vendor.qti.hardware.perf@2.2-service: Unknown params
06-05 18:30:12.167  1034  1034 I ANDR-PERF-LM: LMPerfGlue: perfmodule_submit_request() 132: perfmodule_submit_request()
06-05 18:30:12.167  1034  1034 I ANDR-PERF-LM: Core: getInstance() 84: LM getInstance
06-05 18:30:12.167  1034  1034 D ANDR-PERF-LM: Feature: lookup() 101: Feature Name = AppClassifier, total featuers = 3, featureFound = 1
06-05 18:30:12.167  1034  1034 D ANDR-PERF-LM: Feature: getData() 112: data.data = 1
06-05 18:30:12.167  1034  1034 I ANDR-PERF-LM: FeedbackAPI: getFeedback() 60: app:com.ss.android.ugc.trill feature:AppClassifier feedback = 1
06-05 18:30:12.167  1850  1941 D PerfImpl: perfDragBoost: com.ss.android.ugc.trill, -1, 1
06-05 18:30:12.168  1034  1034 E vendor.qti.hardware.perf@2.2-service: Unknown params
06-05 18:30:12.170  3068  3289 D GesturesBackController: onPointerEvent swipeStatus:8
06-05 18:30:12.170  3068  3289 D GestureStubView: onSwipeStart: needAnimation: true
06-05 18:30:12.170  3068  3289 D GestureStubView: renderView
06-05 18:30:12.170  3068  3289 D GesturesBackController: onPointerEvent MotionEvent.ACTION_MOVE processMiuiGestures
06-05 18:30:12.170  3068  3289 D GesturesBackController: mSwipeStatus != SWIPE_STATUS_ANIMATING, processPointerEvent
06-05 18:30:12.187  3068  3289 D GesturesBackController: onPointerEvent swipeStatus:2
06-05 18:30:12.187  3068  3289 D GesturesBackController: onPointerEvent MotionEvent.ACTION_MOVE processMiuiGestures
06-05 18:30:12.187  3068  3289 D GesturesBackController: mSwipeStatus != SWIPE_STATUS_ANIMATING, processPointerEvent
06-05 18:30:12.188  1113  1113 D CompositionEngine: writeOutputDependentGeometryStateToHWC layer[com.ss.android.ugc.trill/com.ss.android.ugc.aweme.splash.SplashActivity#0] set Z 134217728 miFodLayer 0x8000000
06-05 18:30:12.188  1113  1113 D CompositionEngine: writeOutputDependentGeometryStateToHWC layer[com.miui.securitycenter/.FloatingWindow#0] set Z 134217729 miFodLayer 0x8000000
06-05 18:30:12.188  1113  1113 D CompositionEngine: writeOutputDependentGeometryStateToHWC layer[StatusBar#0] set Z 134217730 miFodLayer 0x8000000
06-05 18:30:12.188  1113  1113 D CompositionEngine: writeOutputDependentGeometryStateToHWC layer[GestureStubRight#0] set Z 134217731 miFodLayer 0x8000000
06-05 18:30:12.188  1113  1113 D CompositionEngine: writeOutputDependentGeometryStateToHWC layer[RoundCornerTop#0] set Z 134217732 miFodLayer 0x8000000
06-05 18:30:12.188  1113  1113 D CompositionEngine: writeOutputDependentGeometryStateToHWC layer[RoundCornerBottom#0] set Z 134217733 miFodLayer 0x8000000
06-05 18:30:12.194  1582 11762 I OMX-VDEC-1080P: set_frame_rate: the current time is 183012
06-05 18:30:12.203  3068  3289 D GesturesBackController: onPointerEvent swipeStatus:2
06-05 18:30:12.203  3068  3289 D GesturesBackController: onPointerEvent MotionEvent.ACTION_MOVE processMiuiGestures
06-05 18:30:12.203  3068  3289 D GesturesBackController: mSwipeStatus != SWIPE_STATUS_ANIMATING, processPointerEvent
06-05 18:30:12.220  3068  3289 D GesturesBackController: onPointerEvent swipeStatus:2
06-05 18:30:12.220  3068  3289 D GesturesBackController: onPointerEvent MotionEvent.ACTION_MOVE processMiuiGestures
06-05 18:30:12.220  3068  3289 D GesturesBackController: mSwipeStatus != SWIPE_STATUS_ANIMATING, processPointerEvent
06-05 18:30:12.226  1582 11762 I OMX-VDEC-1080P: set_frame_rate: the current time is 183012
06-05 18:30:12.236  3068  3289 D GesturesBackController: onPointerEvent swipeStatus:2
06-05 18:30:12.236  3068  3289 D GesturesBackController: onPointerEvent MotionEvent.ACTION_MOVE processMiuiGestures
06-05 18:30:12.236  3068  3289 D GesturesBackController: mSwipeStatus != SWIPE_STATUS_ANIMATING, processPointerEvent
06-05 18:30:12.252  3068  3289 D GesturesBackController: onPointerEvent swipeStatus:2
06-05 18:30:12.252  3068  3289 D GesturesBackController: onPointerEvent MotionEvent.ACTION_MOVE processMiuiGestures
06-05 18:30:12.253  3068  3289 D GesturesBackController: mSwipeStatus != SWIPE_STATUS_ANIMATING, processPointerEvent
06-05 18:30:12.260  1582 11762 I OMX-VDEC-1080P: set_frame_rate: the current time is 183012
06-05 18:30:12.272  3068  3289 D GesturesBackController: onPointerEvent swipeStatus:2
06-05 18:30:12.272  3068  3289 D GesturesBackController: onPointerEvent MotionEvent.ACTION_MOVE processMiuiGestures
06-05 18:30:12.272  3068  3289 D GesturesBackController: mSwipeStatus != SWIPE_STATUS_ANIMATING, processPointerEvent
06-05 18:30:12.285  3068  3289 D GesturesBackController: onPointerEvent swipeStatus:2
06-05 18:30:12.285  3068  3289 D GesturesBackController: onPointerEvent MotionEvent.ACTION_MOVE processMiuiGestures
06-05 18:30:12.285  3068  3289 D GesturesBackController: mSwipeStatus != SWIPE_STATUS_ANIMATING, processPointerEvent
06-05 18:30:12.295  1582 11762 I OMX-VDEC-1080P: set_frame_rate: the current time is 183012
06-05 18:30:12.302  3068  3289 D GesturesBackController: onPointerEvent swipeStatus:2
06-05 18:30:12.302  3068  3289 D GesturesBackController: onPointerEvent MotionEvent.ACTION_MOVE processMiuiGestures
06-05 18:30:12.303  3068  3289 D GesturesBackController: mSwipeStatus != SWIPE_STATUS_ANIMATING, processPointerEvent
06-05 18:30:12.319  3068  3289 D GesturesBackController: onPointerEvent swipeStatus:2
06-05 18:30:12.319  3068  3289 D GesturesBackController: onPointerEvent MotionEvent.ACTION_MOVE processMiuiGestures
06-05 18:30:12.319  3068  3289 D GesturesBackController: mSwipeStatus != SWIPE_STATUS_ANIMATING, processPointerEvent
06-05 18:30:12.326  1582 11762 I OMX-VDEC-1080P: set_frame_rate: the current time is 183012
06-05 18:30:12.326  1582 11762 I OMX-VDEC-1080P: set_frame_rate: the current time is 183012
06-05 18:30:12.326  1582 11762 I OMX-VDEC-1080P: set_frame_rate: the current time is 183012
06-05 18:30:12.326  1582 11762 I OMX_VPP : OMX_EventBufferFlag 1
06-05 18:30:12.335  3068  3289 D GesturesBackController: onPointerEvent swipeStatus:2
06-05 18:30:12.335  3068  3289 D GesturesBackController: onPointerEvent MotionEvent.ACTION_MOVE processMiuiGestures
06-05 18:30:12.335  3068  3289 D GesturesBackController: mSwipeStatus != SWIPE_STATUS_ANIMATING, processPointerEvent
06-05 18:30:12.352  3068  3289 D GesturesBackController: onPointerEvent swipeStatus:2
06-05 18:30:12.352  3068  3289 D GesturesBackController: onPointerEvent MotionEvent.ACTION_MOVE processMiuiGestures
06-05 18:30:12.353  3068  3289 D GesturesBackController: mSwipeStatus != SWIPE_STATUS_ANIMATING, processPointerEvent
06-05 18:30:12.369  3068  3289 D GesturesBackController: onPointerEvent swipeStatus:2
06-05 18:30:12.369  3068  3289 D GesturesBackController: onPointerEvent MotionEvent.ACTION_MOVE processMiuiGestures
06-05 18:30:12.369  3068  3289 D GesturesBackController: mSwipeStatus != SWIPE_STATUS_ANIMATING, processPointerEvent
06-05 18:30:12.385  3068  3289 D GesturesBackController: onPointerEvent swipeStatus:2
06-05 18:30:12.385  3068  3289 D GesturesBackController: onPointerEvent MotionEvent.ACTION_MOVE processMiuiGestures
06-05 18:30:12.385  3068  3289 D GesturesBackController: mSwipeStatus != SWIPE_STATUS_ANIMATING, processPointerEvent
06-05 18:30:12.401  3068  3289 D GesturesBackController: onPointerEvent swipeStatus:2
