06-05 18:26:47.347 18541 28778 W MessageQueue: 	at X.6U2.LIZ(Unknown Source:0)
06-05 18:26:47.347 18541 28778 W MessageQueue: 	at X.6U2.LIZ(SourceFile:1438)
06-05 18:26:47.347 18541 28778 W MessageQueue: 	at X.6Nc.LIZ(SourceFile:1033)
06-05 18:26:47.347 18541 28778 W MessageQueue: 	at X.6Nc.LIZ(SourceFile:84411129)
06-05 18:26:47.347 18541 28778 W MessageQueue: 	at X.6Nc.LIZ(SourceFile:254)
06-05 18:26:47.347 18541 28778 W MessageQueue: 	at X.6Nc.LIZ(SourceFile:12250)
06-05 18:26:47.347 18541 28778 W MessageQueue: 	at X.6NK.handleMessage(SourceFile:17301743)
06-05 18:26:47.347 18541 28778 W MessageQueue: 	at android.os.Handler.dispatchMessage(Handler.java:106)
06-05 18:26:47.347 18541 28778 W MessageQueue: 	at android.os.Looper.loopOnce(Looper.java:210)
06-05 18:26:47.347 18541 28778 W MessageQueue: 	at android.os.Looper.loop(Looper.java:299)
06-05 18:26:47.347 18541 28778 W MessageQueue: 	at android.os.HandlerThread.run(HandlerThread.java:67)
06-05 18:26:47.350 18541 28778 W MessageQueue: Handler (android.os.Handler) {f78845b} sending message to a Handler on a dead thread
06-05 18:26:47.350 18541 28778 W MessageQueue: java.lang.IllegalStateException: Handler (android.os.Handler) {f78845b} sending message to a Handler on a dead thread
06-05 18:26:47.350 18541 28778 W MessageQueue: 	at android.os.MessageQueue.enqueueMessage(MessageQueue.java:569)
06-05 18:26:47.350 18541 28778 W MessageQueue: 	at android.os.Handler.enqueueMessage(Handler.java:778)
06-05 18:26:47.350 18541 28778 W MessageQueue: 	at android.os.Handler.sendMessageAtTime(Handler.java:727)
06-05 18:26:47.350 18541 28778 W MessageQueue: 	at android.os.Handler.sendMessageDelayed(Handler.java:697)
06-05 18:26:47.350 18541 28778 W MessageQueue: 	at android.os.Handler.post(Handler.java:427)
06-05 18:26:47.350 18541 28778 W MessageQueue: 	at X.HKP.LIZ(SourceFile:33751054)
06-05 18:26:47.350 18541 28778 W MessageQueue: 	at X.HKP.LIZ(SourceFile:16908295)
06-05 18:26:47.350 18541 28778 W MessageQueue: 	at X.RPA.LJFF(SourceFile:327795)
06-05 18:26:47.350 18541 28778 W MessageQueue: 	at X.IuS.LJIIJ(SourceFile:17236170)
06-05 18:26:47.350 18541 28778 W MessageQueue: 	at X.IuS.LJJJJL(SourceFile:262195)
06-05 18:26:47.350 18541 28778 W MessageQueue: 	at X.IuS.LJIIJJI(SourceFile:262186)
06-05 18:26:47.350 18541 28778 W MessageQueue: 	at X.6Z1.LJIIJJI(SourceFile:65538)
06-05 18:26:47.350 18541 28778 W MessageQueue: 	at X.6U2.LIZ(SourceFile:84545035)
06-05 18:26:47.350 18541 28778 W MessageQueue: 	at X.6U2.LIZ(Unknown Source:0)
06-05 18:26:47.350 18541 28778 W MessageQueue: 	at X.6U2.LIZ(SourceFile:1438)
06-05 18:26:47.350 18541 28778 W MessageQueue: 	at X.6Nc.LIZ(SourceFile:1033)
06-05 18:26:47.350 18541 28778 W MessageQueue: 	at X.6Nc.LIZ(SourceFile:84411129)
06-05 18:26:47.350 18541 28778 W MessageQueue: 	at X.6Nc.LIZ(SourceFile:254)
06-05 18:26:47.350 18541 28778 W MessageQueue: 	at X.6Nc.LIZ(SourceFile:12250)
06-05 18:26:47.350 18541 28778 W MessageQueue: 	at X.6NK.handleMessage(SourceFile:17301743)
06-05 18:26:47.350 18541 28778 W MessageQueue: 	at android.os.Handler.dispatchMessage(Handler.java:106)
06-05 18:26:47.350 18541 28778 W MessageQueue: 	at android.os.Looper.loopOnce(Looper.java:210)
06-05 18:26:47.350 18541 28778 W MessageQueue: 	at android.os.Looper.loop(Looper.java:299)
06-05 18:26:47.350 18541 28778 W MessageQueue: 	at android.os.HandlerThread.run(HandlerThread.java:67)
06-05 18:26:47.351 18541 28778 W ttmp    : set_logger_level:0
06-05 18:26:47.351 18541 28778 I ttmn    : <0x0,tt_player.cpp,setSubInfoInterface,3633>set subInfo : 0x7b3d716b40
06-05 18:26:47.352 18541 29511 I ttmn    : <0x0,av_sort_queue.h,enableFixSort,17>AVSortQueue::enableFixSort:0
06-05 18:26:47.357 18541 29511 I MediaCodec: video box enabled in settings
06-05 18:26:47.357 18541 29511 I VideoBoxStub: VideoBoxStub::initVideobox
06-05 18:26:47.360 18541 29511 I VideoBox: VideoBox::VideoBox
06-05 18:26:47.360 18541 29511 I VideoBox: initVideobox
06-05 18:26:47.360 18541 29511 I VideoBox: initVideobox going OMX.qcom.video.decoder.hevc
06-05 18:26:47.360 18541 29511 I VideoBox: initVideobox return false for platform is not support vpp
06-05 18:26:47.360 18541 29511 I VideoBoxStub: VideoBoxStub::releaseVideoBox
06-05 18:26:47.360 18541 29511 I VideoBox: VideoBox::~VideoBox
06-05 18:26:47.361 18541 29511 I MediaCodec: init video box disabled for init not supported
06-05 18:26:47.363 18541 10993 I OMXClient: IOmx service obtained
06-05 18:26:47.363  1582  1739 I OMXMaster: makeComponentInstance(OMX.qcom.video.decoder.hevc) in android.hardwar process
06-05 18:26:47.367  1582  1739 I OMX_VPP : Constructed VppOmxComponent
06-05 18:26:47.368  1582  1739 D PlatformConfig: getInstance: Enter
06-05 18:26:47.368  1582  1739 D PlatformConfig: getInt32 Config name: vidc_dec_log_in value: 0
06-05 18:26:47.368  1582  1739 D PlatformConfig: getInstance: Enter
06-05 18:26:47.368  1582  1739 D PlatformConfig: getInt32 Config name: vidc_dec_log_out value: 0
06-05 18:26:47.368  1582  1739 D PlatformConfig: getInstance: Enter
06-05 18:26:47.368  1582  1739 D PlatformConfig: getInt32 Config name: vidc_dec_sec_prefetch_size_internal value: 209715200
06-05 18:26:47.368  1582  1739 D PlatformConfig: getInstance: Enter
06-05 18:26:47.368  1582  1739 D PlatformConfig: getInt32 Config name: vidc_dec_sec_prefetch_size_output value: 13434880
06-05 18:26:47.368  1582  1739 D PlatformConfig: getInstance: Enter
06-05 18:26:47.368  1582  1739 D PlatformConfig: getInt32 Config name: vidc_perf_control_enable value: 0
06-05 18:26:47.368  1582  1739 D PlatformConfig: getInstance: Enter
06-05 18:26:47.368  1582  1739 D PlatformConfig: getInt32 Config name: vidc_dec_thumbnail_yuv_output value: 0
06-05 18:26:47.368  1582  1739 D PlatformConfig: getInstance: Enter
06-05 18:26:47.368  1582  1739 D PlatformConfig: getInt32: Returning default
06-05 18:26:47.368  1582  1739 D PlatformConfig: getInstance: Enter
06-05 18:26:47.368  1582  1739 D PlatformConfig: getInt32 Config name: vidc_dec_output_rate value: 120
06-05 18:26:47.369  1582  1739 I OMX-VDEC-1080P: component_init: OMX.qcom.video.decoder.hevc : fd=111
06-05 18:26:47.369  1850  2553 D MIUIInput: [MotionEvent] publisher action=0x1, 5395416, channel 'f66205e com.ss.android.ugc.trill/com.ss.android.ugc.aweme.splash.SplashActivity (server)'
06-05 18:26:47.369  1582  1739 E OMX-VDEC-1080P: Unsupported output color format for c2d (2141391876)
06-05 18:26:47.370  1582  1739 E OMX-VDEC-1080P: Setting color format failed
06-05 18:26:47.367  1034  1034 W perf@2.2-servic: type=1400 audit(0.0:5950): avc: denied { search } for name="1575" dev="proc" ino=714515 scontext=u:r:vendor_hal_perf_default:s0 tcontext=u:r:vendor_perfservice:s0 tclass=dir permissive=0
06-05 18:26:47.367  1034  1034 W perf@2.2-servic: type=1400 audit(0.0:5951): avc: denied { search } for name="1575" dev="proc" ino=714515 scontext=u:r:vendor_hal_perf_default:s0 tcontext=u:r:vendor_perfservice:s0 tclass=dir permissive=0
06-05 18:26:47.370  1850  1941 D PerfImpl: perfGetWorkLoadType
06-05 18:26:47.370  1034  1034 E vendor.qti.hardware.perf@2.2-service: Unknown params
06-05 18:26:47.370  1034  1034 I ANDR-PERF-LM: LMPerfGlue: perfmodule_submit_request() 132: perfmodule_submit_request()
06-05 18:26:47.370  1034  1034 I ANDR-PERF-LM: Core: getInstance() 84: LM getInstance
06-05 18:26:47.370  1034  1034 D ANDR-PERF-LM: Feature: lookup() 101: Feature Name = AppClassifier, total featuers = 3, featureFound = 1
06-05 18:26:47.371  1034  1034 D ANDR-PERF-LM: Feature: getData() 112: data.data = 1
06-05 18:26:47.371  1034  1034 I ANDR-PERF-LM: FeedbackAPI: getFeedback() 60: app:com.ss.android.ugc.trill feature:AppClassifier feedback = 1
06-05 18:26:47.371  1582  1739 D PlatformConfig: getInstance: Enter
06-05 18:26:47.371  1582  1739 D PlatformConfig: getInt32: Returning default
06-05 18:26:47.371  1582  1739 D PlatformConfig: getInstance: Enter
06-05 18:26:47.371  1850  1941 D PerfImpl: perfScrollBoost: com.ss.android.ugc.trill, 1947, 1
06-05 18:26:47.371  1034  1034 E vendor.qti.hardware.perf@2.2-service: Unknown params
06-05 18:26:47.372  1034  1034 I ANDR-PERF-LM: LMPerfGlue: perfmodule_submit_request() 132: perfmodule_submit_request()
06-05 18:26:47.372  1034  1034 I ANDR-PERF-LM: Core: getInstance() 84: LM getInstance
06-05 18:26:47.372  1034  1034 I ANDR-PERF-LM: WQ: push() 59: LMTriggerQ push() size=0
06-05 18:26:47.372  1034  1034 I ANDR-PERF-LM: WQ: push() 61: LMTriggerQ push() done size=1
06-05 18:26:47.372  1034  1092 I ANDR-PERF-LM: WQ: pop() 42: LMTriggerQ pop() done size=0
06-05 18:26:47.372  1034  1092 I ANDR-PERF-LM: Core: lmMain() 373: Waiting on trigger Queue
06-05 18:26:47.372  1034  1092 I ANDR-PERF-LM: WQ: pop() 31: LMTriggerQ pop() size=0
06-05 18:26:47.372  1850  1941 D PerfImpl: perfGetWorkLoadType
06-05 18:26:47.372  1582  1739 D PlatformConfig: getInt32: Returning default
06-05 18:26:47.372  1034  1034 E vendor.qti.hardware.perf@2.2-service: Unknown params
06-05 18:26:47.372  1034  1034 I ANDR-PERF-LM: LMPerfGlue: perfmodule_submit_request() 132: perfmodule_submit_request()
06-05 18:26:47.372  1034  1034 I ANDR-PERF-LM: Core: getInstance() 84: LM getInstance
06-05 18:26:47.372  1034  1034 D ANDR-PERF-LM: Feature: lookup() 101: Feature Name = AppClassifier, total featuers = 3, featureFound = 1
06-05 18:26:47.373  1034  1034 D ANDR-PERF-LM: Feature: getData() 112: data.data = 1
06-05 18:26:47.373  1034  1034 I ANDR-PERF-LM: FeedbackAPI: getFeedback() 60: app:com.ss.android.ugc.trill feature:AppClassifier feedback = 1
06-05 18:26:47.373  1582  1739 I OMX-VDEC-1080P: omx_vdec::component_init() success : fd=111
06-05 18:26:47.373  1850  1941 D PerfImpl: perfScrollBoost: com.ss.android.ugc.trill, -1, 4
06-05 18:26:47.373  1582  1739 I OMX_VPP : FRC is used
06-05 18:26:47.373  1582  1739 I OMX_VPP : AIE is used
06-05 18:26:47.373  1034  1034 E vendor.qti.hardware.perf@2.2-service: Unknown params
06-05 18:26:47.373  1034  1034 I ANDR-PERF-LM: LMPerfGlue: perfmodule_submit_request() 132: perfmodule_submit_request()
06-05 18:26:47.373  1034  1034 I ANDR-PERF-LM: Core: getInstance() 84: LM getInstance
06-05 18:26:47.373  1034  1034 I ANDR-PERF-LM: WQ: push() 59: LMTriggerQ push() size=0
06-05 18:26:47.373  1034  1034 I ANDR-PERF-LM: WQ: push() 61: LMTriggerQ push() done size=1
06-05 18:26:47.373 18541 10707 W System.err: java.io.FileNotFoundException: /proc/stat: open failed: EACCES (Permission denied)
06-05 18:26:47.373  1850  1941 D PerfImpl: perfGetWorkLoadType
06-05 18:26:47.373 18541 10707 W System.err: 	at libcore.io.IoBridge.open(IoBridge.java:575)
06-05 18:26:47.373 18541 10707 W System.err: 	at java.io.RandomAccessFile.<init>(RandomAccessFile.java:289)
06-05 18:26:47.373  1034  1034 E vendor.qti.hardware.perf@2.2-service: Unknown params
06-05 18:26:47.373 18541 10707 W System.err: 	at java.io.RandomAccessFile.<init>(RandomAccessFile.java:152)
06-05 18:26:47.373  1034  1034 I ANDR-PERF-LM: LMPerfGlue: perfmodule_submit_request() 132: perfmodule_submit_request()
06-05 18:26:47.373  1034  1034 I ANDR-PERF-LM: Core: getInstance() 84: LM getInstance
06-05 18:26:47.373 18541 10707 W System.err: 	at X.6gK.LIZ(SourceFile:393238)
06-05 18:26:47.373  1034  1034 D ANDR-PERF-LM: Feature: lookup() 101: Feature Name = AppClassifier, total featuers = 3, featureFound = 1
06-05 18:26:47.373 18541 10707 W System.err: 	at X.6gM.call(SourceFile:65536)
06-05 18:26:47.373 18541 10707 W System.err: 	at X.0BO.run(SourceFile:262166)
06-05 18:26:47.373 18541 10707 W System.err: 	at X.0fb.run(SourceFile:459005)
06-05 18:26:47.373 18541 10707 W System.err: 	at java.util.concurrent.ThreadPoolExecutor.runWorker(ThreadPoolExecutor.java:1167)
06-05 18:26:47.373 18541 10707 W System.err: 	at java.util.concurrent.ThreadPoolExecutor$Worker.run(ThreadPoolExecutor.java:641)
06-05 18:26:47.373  1034  1092 I ANDR-PERF-LM: WQ: pop() 42: LMTriggerQ pop() done size=0
06-05 18:26:47.373  1034  1092 I ANDR-PERF-LM: Core: lmMain() 373: Waiting on trigger Queue
06-05 18:26:47.373  1034  1092 I ANDR-PERF-LM: WQ: pop() 31: LMTriggerQ pop() size=0
06-05 18:26:47.373 18541 10707 W System.err: 	at X.0ff.run(SourceFile:131081)
06-05 18:26:47.373 18541 10707 W System.err: 	at java.lang.Thread.run(Thread.java:920)
06-05 18:26:47.373  1034  1034 D ANDR-PERF-LM: Feature: getData() 112: data.data = 1
06-05 18:26:47.373  1034  1034 I ANDR-PERF-LM: FeedbackAPI: getFeedback() 60: app:com.ss.android.ugc.trill feature:AppClassifier feedback = 1
06-05 18:26:47.373 18541 10707 W System.err: Caused by: android.system.ErrnoException: open failed: EACCES (Permission denied)
06-05 18:26:47.373 18541 10707 W System.err: 	at libcore.io.Linux.open(Native Method)
06-05 18:26:47.373 18541 10707 W System.err: 	at libcore.io.ForwardingOs.open(ForwardingOs.java:567)
06-05 18:26:47.373 18541 10707 W System.err: 	at libcore.io.BlockGuardOs.open(BlockGuardOs.java:273)
06-05 18:26:47.373 18541 10707 W System.err: 	at libcore.io.ForwardingOs.open(ForwardingOs.java:567)
06-05 18:26:47.373  1850  1941 D PerfImpl: perfLockRelease
06-05 18:26:47.373 18541 10707 W System.err: 	at android.app.ActivityThread$AndroidOs.open(ActivityThread.java:7980)
06-05 18:26:47.373 18541 10707 W System.err: 	at libcore.io.IoBridge.open(IoBridge.java:561)
06-05 18:26:47.373 18541 10707 W System.err: 	... 10 more
06-05 18:26:47.374 18541 19459 I ttmn    : <0x0,normal_clock.cpp,resume,114>aclock test: resume, update time: 8699
06-05 18:26:47.374 18541 19459 I ttmn    : <0x0,av_base_thread.cpp,run,306>Player-V72:thread to stop.mState:1431655765
06-05 18:26:47.374 18541 19475 I ttmn    : <0x0,av_base_thread.cpp,run,306>Reader-V72:thread to stop.mState:1431655768
06-05 18:26:47.374 18541 19362 I ttmn    : <0x0,av_base_thread.cpp,run,306>ADecode-V72:thread to stop.mState:1431655765
06-05 18:26:47.375  1582  1739 E OMX_VPP : unable to find area=vpp/config=frc.bypass.all, returning default=0
06-05 18:26:47.375  1582  1739 I OMX_VPP : component_init: fully completed with decoder(OMX.qcom.video.decoder.hevc)
06-05 18:26:47.376 18541 10992 D MediaCodecOpt: TryCall hook func called
06-05 18:26:47.376 18541 10992 D MediaCodecOpt: before call orig, retCode = 0
06-05 18:26:47.376 18541 10992 D MediaCodecOpt: after call orig, retCode = 0
06-05 18:26:47.376 18541 19474 I ttmn    : <0x0,av_base_thread.cpp,run,306>AOutlet-V72:thread to stop.mState:1431655765
06-05 18:26:47.376 18541 19352 I ttmn    : <0x0,av_base_thread.cpp,run,306>AGraph-V72:thread to stop.mState:1431655765
06-05 18:26:47.376 18541 10896 D AudioTrack: stop(sessionID=5841)
06-05 18:26:47.376 18541 10896 D AudioTrack: stop(409): prior state:STATE_ACTIVE
06-05 18:26:47.376 18541 10896 D AudioTrack: stop(409): called with 1688896 frames delivered
06-05 18:26:47.377  1103  2189 D AF::Track: setFadeType1 type = 2 mFadeType = 0 isFadeNeeded = 0
06-05 18:26:47.377  1103  2189 E audioserver: open /proc/18541/cmdline error
06-05 18:26:47.377  1103  2189 I audioserver: setAppName(), name=[], active=[0]
06-05 18:26:47.377   975  2315 V EffectMiSound: MiSound_command() start, cmdCode=24
06-05 18:26:47.377   975  2315 V EffectMiSound: MiSound_Command EFFECT_CMD_SET_APP_NAME: stream=3, name=-
06-05 18:26:47.377 18541 19460 I ttmn    : <0x0,av_base_thread.cpp,run,306>VDecode-V72:thread to stop.mState:1431655768
06-05 18:26:47.377  1582 10904 I OMX-VDEC-1080P: set_frame_rate: the current time is 182647
06-05 18:26:47.377  1582 10904 I OMX-VDEC-1080P: set_frame_rate: the current time is 182647
06-05 18:26:47.377 18541 10896 D AudioTrack: ~AudioTrack(sessionID=5841)
06-05 18:26:47.377 18541 10896 D AudioTrack: stop(sessionID=5841)
06-05 18:26:47.377 18541 10896 D AudioTrack: stop(409): prior state:STATE_STOPPED
06-05 18:26:47.378 18541 29511 I MediaCodec: configure : init video box disabled
06-05 18:26:47.378  1582 10904 I OMX-VDEC-1080P: set_frame_rate: the current time is 182647
06-05 18:26:47.380 18541 10992 D SurfaceUtils: connecting to surface 0x7b718a6010, reason connectToSurface
06-05 18:26:47.380 18541 10992 I MediaCodec: [OMX.qcom.video.decoder.hevc] setting surface generation to 18986060
06-05 18:26:47.380 18541 10992 D SurfaceUtils: disconnecting from surface 0x7b718a6010, reason connectToSurface(reconnect)
06-05 18:26:47.380 18541 10992 D SurfaceUtils: connecting to surface 0x7b718a6010, reason connectToSurface(reconnect)
06-05 18:26:47.380 18541 29532 W MessageQueue: Handler (android.os.Handler) {f78845b} sending message to a Handler on a dead thread
06-05 18:26:47.380 18541 29532 W MessageQueue: java.lang.IllegalStateException: Handler (android.os.Handler) {f78845b} sending message to a Handler on a dead thread
06-05 18:26:47.380 18541 29532 W MessageQueue: 	at android.os.MessageQueue.enqueueMessage(MessageQueue.java:569)
06-05 18:26:47.380 18541 29532 W MessageQueue: 	at android.os.Handler.enqueueMessage(Handler.java:778)
06-05 18:26:47.380 18541 29532 W MessageQueue: 	at android.os.Handler.sendMessageAtTime(Handler.java:727)
06-05 18:26:47.380 18541 29532 W MessageQueue: 	at android.os.Handler.sendMessageDelayed(Handler.java:697)
06-05 18:26:47.380 18541 29532 W MessageQueue: 	at android.os.Handler.post(Handler.java:427)
06-05 18:26:47.380 18541 29532 W MessageQueue: 	at X.HKP.LIZ(SourceFile:33751054)
06-05 18:26:47.380 18541 29532 W MessageQueue: 	at X.HKP.LIZIZ(SourceFile:16908295)
06-05 18:26:47.380 18541 29532 W MessageQueue: 	at X.RPA.LIZ(SourceFile:17170456)
06-05 18:26:47.380 18541 29532 W MessageQueue: 	at X.IuS.LIZLLL(SourceFile:34078895)
06-05 18:26:47.380 18541 29532 W MessageQueue: 	at X.IuS.LJJJJZI(SourceFile:327682)
06-05 18:26:47.380 18541 29532 W MessageQueue: 	at X.IuS.LJIILIIL(SourceFile:262196)
06-05 18:26:47.380 18541 29532 W MessageQueue: 	at X.6Z1.LJIILIIL(SourceFile:65538)
06-05 18:26:47.380 18541 29532 W MessageQueue: 	at X.6U2.LIZLLL(SourceFile:327752)
06-05 18:26:47.380 18541 29532 W MessageQueue: 	at X.6Nc.LJ(SourceFile:327746)
06-05 18:26:47.380 18541 29532 W MessageQueue: 	at X.6NK.handleMessage(SourceFile:17301998)
06-05 18:26:47.380 18541 29532 W MessageQueue: 	at android.os.Handler.dispatchMessage(Handler.java:106)
06-05 18:26:47.380 18541 29532 W MessageQueue: 	at android.os.Looper.loopOnce(Looper.java:210)
06-05 18:26:47.380 18541 29532 W MessageQueue: 	at android.os.Looper.loop(Looper.java:299)
06-05 18:26:47.380 18541 29532 W MessageQueue: 	at android.os.HandlerThread.run(HandlerThread.java:67)
06-05 18:26:47.381  1582 10904 I OMX-VDEC-1080P: set_frame_rate: the current time is 182647
06-05 18:26:47.381  1582 10904 I OMX-VDEC-1080P: set_frame_rate: the current time is 182647
06-05 18:26:47.382  1582 10904 I OMX-VDEC-1080P: set_frame_rate: the current time is 182647
06-05 18:26:47.382  1582 27728 E OMX-VDEC-1080P: Extension: OMX.google.android.index.storeANWBufferInMetadata not implemented
06-05 18:26:47.382  1582 27728 E OMX-VDEC-1080P: Extension: OMX.google.android.index.configureVideoTunnelMode not implemented
06-05 18:26:47.382  1582 27728 E OMX-VDEC-1080P: Extension: OMX.google.android.index.useAndroidNativeBuffer is supported
06-05 18:26:47.382  1582 27728 E OMX-VDEC-1080P: set_parameter: Error: 0x80001019, setting param 0x7f00005d
06-05 18:26:47.382  1582 10904 I OMX-VDEC-1080P: set_frame_rate: the current time is 182647
06-05 18:26:47.382  1582 27728 E OMXNodeInstance: setParameter(0xf1078004:qcom.decoder.hevc, OMX.google.android.index.allocateNativeHandle(0x7f00005d): Output:1 en=0) ERROR: UnsupportedSetting(0x80001019)
06-05 18:26:47.382  1582 27728 E OMX-VDEC-1080P: Extension: OMX.google.android.index.storeANWBufferInMetadata not implemented
06-05 18:26:47.382  1582 27728 I OMX_VPP : set meta buffer mode: True
06-05 18:26:47.383  1582 27728 E OMX-VDEC-1080P: get_parameter: unknown param 6f600011
06-05 18:26:47.383  1582 27728 E OMXNodeInstance: getParameter(0xf1078004:qcom.decoder.hevc, ??(0x6f600011)) ERROR: UnsupportedIndex(0x8000101a)
06-05 18:26:47.383 18541 10993 I ExtendedACodec: setupVideoDecoder()
06-05 18:26:47.383  1582 10904 I OMX-VDEC-1080P: set_frame_rate: the current time is 182647
06-05 18:26:47.384  1582  1739 I OMX_VPP : FRAME WIDTH 1280 FRAME HEIGHT 720
06-05 18:26:47.384  1582 10904 I OMX-VDEC-1080P: set_frame_rate: the current time is 182647
06-05 18:26:47.384  1582  1739 I OMX_VPP : get_parameter counts 28 28
06-05 18:26:47.385  1582  1739 I OMX_VPP : frc valid: true
06-05 18:26:47.385  1582  1739 I OMX_VPP : aie valid: true
06-05 18:26:47.385  1582  1739 I OMX_VPP : vpp setParameter err: out: 0, in: 0
06-05 18:26:47.385  1582  1739 I OMX_VPP : vpp setParameter completed
06-05 18:26:47.385 18541 29532 W MessageQueue: Handler (android.os.Handler) {f78845b} sending message to a Handler on a dead thread
06-05 18:26:47.385 18541 29532 W MessageQueue: java.lang.IllegalStateException: Handler (android.os.Handler) {f78845b} sending message to a Handler on a dead thread
06-05 18:26:47.385 18541 29532 W MessageQueue: 	at android.os.MessageQueue.enqueueMessage(MessageQueue.java:569)
06-05 18:26:47.385 18541 29532 W MessageQueue: 	at android.os.Handler.enqueueMessage(Handler.java:778)
06-05 18:26:47.385 18541 29532 W MessageQueue: 	at android.os.Handler.sendMessageAtTime(Handler.java:727)
06-05 18:26:47.385 18541 29532 W MessageQueue: 	at android.os.Handler.sendMessageDelayed(Handler.java:697)
06-05 18:26:47.385 18541 29532 W MessageQueue: 	at android.os.Handler.post(Handler.java:427)
06-05 18:26:47.385 18541 29532 W MessageQueue: 	at X.HKP.LIZ(SourceFile:33751054)
06-05 18:26:47.385 18541 29532 W MessageQueue: 	at X.HKP.LIZIZ(SourceFile:16908295)
06-05 18:26:47.385 18541 29532 W MessageQueue: 	at X.RPA.LIZ(SourceFile:17170456)
06-05 18:26:47.385 18541 29532 W MessageQueue: 	at X.IuS.LIZLLL(SourceFile:34078895)
06-05 18:26:47.385 18541 29532 W MessageQueue: 	at X.IuS.LJJJLIIL(SourceFile:262158)
06-05 18:26:47.385 18541 29532 W MessageQueue: 	at X.IuS.LJIILJJIL(SourceFile:262178)
06-05 18:26:47.385 18541 29532 W MessageQueue: 	at X.6Z1.LJIILJJIL(SourceFile:196616)
06-05 18:26:47.385 18541 29532 W MessageQueue: 	at X.6U2.LJ(SourceFile:262181)
06-05 18:26:47.385 18541 29532 W MessageQueue: 	at X.6Nc.LJI(SourceFile:327738)
06-05 18:26:47.385 18541 29532 W MessageQueue: 	at X.6NK.handleMessage(SourceFile:17301716)
06-05 18:26:47.385 18541 29532 W MessageQueue: 	at android.os.Handler.dispatchMessage(Handler.java:106)
06-05 18:26:47.385 18541 29532 W MessageQueue: 	at android.os.Looper.loopOnce(Looper.java:210)
06-05 18:26:47.385 18541 29532 W MessageQueue: 	at android.os.Looper.loop(Looper.java:299)
06-05 18:26:47.385 18541 29532 W MessageQueue: 	at android.os.HandlerThread.run(HandlerThread.java:67)
06-05 18:26:47.385  1103  9745 I audioserver: setGameParameters keyvalue: xlog.volume.music.speaker=34
06-05 18:26:47.385   975  2315 D audio_hw_primary: adev_set_parameters: enter: xlog.volume.music.speaker=34
06-05 18:26:47.385  1582 10904 I OMX-VDEC-1080P: set_frame_rate: the current time is 182647
06-05 18:26:47.385   975  2315 V msm8974_platform: platform_set_parameters: enter: xlog.volume.music.speaker=34
06-05 18:26:47.385   975  2315 D audio_hw_hfp: hfp_set_parameters: enter
06-05 18:26:47.385   975  2315 D audio_hw_hfp: hfp_set_parameters: enter
06-05 18:26:47.385   975  2315 V a2dp_offload: end of a2dp setparam
06-05 18:26:47.385   975  2315 D audio_hw_cspl_cal: cirrus_cal_setparameters: enter 0xf3003600
06-05 18:26:47.385   975  2315 D audio_hw_extn: audio_extn_fm_set_parameters: Enter
06-05 18:26:47.385   975  2315 D audio_hw_hfp: hfp_set_parameters: enter
06-05 18:26:47.385   975  2315 V a2dp_offload: end of a2dp setparam
06-05 18:26:47.385   975  2315 D audio_hw_primary: adev_set_parameters: exit with code(0)
06-05 18:26:47.385 18541 10993 I ExtendedACodec: Decoder will be in frame by frame mode
06-05 18:26:47.385  1582  1739 E OMX-VDEC-1080P: Setparameter: unknown param 2130706434
06-05 18:26:47.385  1582  1739 E OMX-VDEC-1080P: set_parameter: Error: 0x8000101a, setting param 0x7f000002
06-05 18:26:47.385  1582  1739 E OMXNodeInstance: setParameter(0xf1078004:qcom.decoder.hevc, ??(0x7f000002)) ERROR: UnsupportedIndex(0x8000101a)
06-05 18:26:47.385 18541 10993 W ExtendedACodec: Failed to set frame packing format on component
06-05 18:26:47.386  1582 10904 I OMX-VDEC-1080P: set_frame_rate: the current time is 182647
06-05 18:26:47.386  1582 10904 I OMX-VDEC-1080P: set_frame_rate: the current time is 182647
06-05 18:26:47.388 18541 19363 I ttmn    : <0x0,av_base_thread.cpp,run,306>VOutlet-V72:thread to stop.mState:1431655768
06-05 18:26:47.388  1582 27728 I OMX_VPP : FRAME WIDTH 1280 FRAME HEIGHT 720
06-05 18:26:47.388  1582 27728 I OMX_VPP : get_parameter counts 28 28
06-05 18:26:47.388  1582 27728 I OMX_VPP : FRAME WIDTH 1280 FRAME HEIGHT 720
06-05 18:26:47.388  1582 27728 I OMX_VPP : get_parameter counts 28 28
06-05 18:26:47.388 18541 19350 I ttmn    : <0x0,av_base_thread.cpp,run,306>fake_jmc_as:thread to stop.mState:1431655768
06-05 18:26:47.389  1582  1739 E OMXNodeInstance: getConfig(0xf1078004:qcom.decoder.hevc, ??(0x7f000062)) ERROR: UnsupportedSetting(0x80001019)
06-05 18:26:47.389  1582 27728 I OMX_VPP : send_command In 0 param1 2
06-05 18:26:47.391  1582  1739 I OMX_VPP : send_command In 0 param1 2
06-05 18:26:47.391  1582 10904 I OMX_VPP : Flush during executing to idle!
06-05 18:26:47.391  1582 10904 I OMX_VPP : OMX_CommandStateSet FakeFlush
06-05 18:26:47.391  1582 10904 I OMX_VPP : VppOmxComponent::clearVppFakeBufs size 15
06-05 18:26:47.391  1582 10904 I OMX_VPP : VppEvent 1
06-05 18:26:47.391  1582 10904 I OMX_VPP : FakeFlush e.flush_done.port:0
06-05 18:26:47.391  1582 10904 I OMX_VPP : VppOmxComponent::clearVppFakeBufs size 0
06-05 18:26:47.391  1582 10904 I OMX_VPP : VppEvent 1
06-05 18:26:47.391  1582 10904 I OMX_VPP : FakeFlush e.flush_done.port:1
06-05 18:26:47.392  1582  1739 I OMX_VPP : send_command In 0 param1 1
06-05 18:26:47.404  1582 19467 I OMX_VPP : FRAME WIDTH 1280 FRAME HEIGHT 720
06-05 18:26:47.404 18541 10895 D SurfaceUtils: disconnecting from surface 0x7a3fc17010, reason disconnectFromSurface
06-05 18:26:47.404  1582 19467 I OMX_VPP : get_parameter counts 28 28
06-05 18:26:47.404  1582 19467 I OMX_VPP : FRAME WIDTH 1280 FRAME HEIGHT 720
06-05 18:26:47.404  1582 19467 I OMX_VPP : get_parameter counts 28 28
06-05 18:26:47.405  1582 19467 E OMX-VDEC-1080P: Extension: OMX.google.android.index.AndroidNativeBufferConsumerUsage not implemented
06-05 18:26:47.405 18541 10993 D SurfaceUtils: set up nativeWindow 0x7b718a6010 for 720x1280, color 0x7fa30c06, rotation 0, usage 0x20402900
06-05 18:26:47.405  1582 19467 I OMX_VPP : frc valid: true
06-05 18:26:47.405  1582 19467 I OMX_VPP : aie valid: true
06-05 18:26:47.405  1582 19467 I OMX_VPP : RegisterClientBuffer: omxBuf=0xf113d3b0, id=0, obdIdx=0, invalid=0, omxHdr=0xf093e800, vppBuf=0xf113d3c0, handle=0xf173dc00, pool=0
06-05 18:26:47.406  1582 19467 I OMX_VPP : RegisterClientBuffer: omxBuf=0xf12f8f00, id=1, obdIdx=0, invalid=0, omxHdr=0xf093e850, vppBuf=0xf12f8f10, handle=0xf13a2128, pool=0
06-05 18:26:47.406  1582 19467 I OMX_VPP : RegisterClientBuffer: omxBuf=0xf113f090, id=2, obdIdx=0, invalid=0, omxHdr=0xf093e8a0, vppBuf=0xf113f0a0, handle=0xf13a2328, pool=0
06-05 18:26:47.406  1582  1739 I OMX-VDEC-1080P: omx_vdec::component_deinit() complete
06-05 18:26:47.406 18541 19358 I ttmn    : <0x0,av_base_thread.cpp,run,306>Looper-V72:thread to stop.mState:1431655768
06-05 18:26:47.406  1582 19467 I OMX_VPP : RegisterClientBuffer: omxBuf=0xf12f8e90, id=3, obdIdx=0, invalid=0, omxHdr=0xf093e8f0, vppBuf=0xf12f8ea0, handle=0xf173dbb0, pool=0
06-05 18:26:47.407 18541 29532 W MessageQueue: Handler (android.os.Handler) {f78845b} sending message to a Handler on a dead thread
06-05 18:26:47.407 18541 29532 W MessageQueue: java.lang.IllegalStateException: Handler (android.os.Handler) {f78845b} sending message to a Handler on a dead thread
06-05 18:26:47.407 18541 29532 W MessageQueue: 	at android.os.MessageQueue.enqueueMessage(MessageQueue.java:569)
06-05 18:26:47.407 18541 29532 W MessageQueue: 	at android.os.Handler.enqueueMessage(Handler.java:778)
06-05 18:26:47.407 18541 29532 W MessageQueue: 	at android.os.Handler.sendMessageAtTime(Handler.java:727)
06-05 18:26:47.407 18541 29532 W MessageQueue: 	at android.os.Handler.sendMessageDelayed(Handler.java:697)
06-05 18:26:47.407 18541 29532 W MessageQueue: 	at android.os.Handler.post(Handler.java:427)
06-05 18:26:47.407 18541 29532 W MessageQueue: 	at X.HKP.LIZ(SourceFile:33751054)
06-05 18:26:47.407 18541 29532 W MessageQueue: 	at X.HKP.LIZIZ(SourceFile:16908295)
06-05 18:26:47.407 18541 29532 W MessageQueue: 	at X.Iuq.LJFF(SourceFile:65540)
06-05 18:26:47.407 18541 29532 W MessageQueue: 	at X.IuS.LJLJLLL(SourceFile:262156)
06-05 18:26:47.407 18541 29532 W MessageQueue: 	at X.IuS.LJJJLIIL(SourceFile:262191)
06-05 18:26:47.407 18541 29532 W MessageQueue: 	at X.IuS.LJIILJJIL(SourceFile:262178)
06-05 18:26:47.407 18541 29532 W MessageQueue: 	at X.6Z1.LJIILJJIL(SourceFile:196616)
06-05 18:26:47.407 18541 29532 W MessageQueue: 	at X.6U2.LJ(SourceFile:262181)
06-05 18:26:47.407 18541 29532 W MessageQueue: 	at X.6Nc.LJI(SourceFile:327738)
06-05 18:26:47.407 18541 29532 W MessageQueue: 	at X.6NK.handleMessage(SourceFile:17301716)
06-05 18:26:47.407 18541 29532 W MessageQueue: 	at android.os.Handler.dispatchMessage(Handler.java:106)
06-05 18:26:47.407 18541 29532 W MessageQueue: 	at android.os.Looper.loopOnce(Looper.java:210)
06-05 18:26:47.407 18541 29532 W MessageQueue: 	at android.os.Looper.loop(Looper.java:299)
06-05 18:26:47.407 18541 29532 W MessageQueue: 	at android.os.HandlerThread.run(HandlerThread.java:67)
06-05 18:26:47.407  1582 19467 I OMX_VPP : RegisterClientBuffer: omxBuf=0xf113d2d0, id=4, obdIdx=0, invalid=0, omxHdr=0xf093e940, vppBuf=0xf113d2e0, handle=0xf173dc20, pool=0
06-05 18:26:47.407  1582 19467 I OMX_VPP : RegisterClientBuffer: omxBuf=0xf12f8cd0, id=5, obdIdx=0, invalid=0, omxHdr=0xf093e990, vppBuf=0xf12f8ce0, handle=0xf173dc60, pool=0
06-05 18:26:47.407  1582 19467 I OMX_VPP : RegisterClientBuffer: omxBuf=0xf12f6880, id=6, obdIdx=0, invalid=0, omxHdr=0xf093e9e0, vppBuf=0xf12f6890, handle=0xf173dca0, pool=0
06-05 18:26:47.407  1582 19467 I OMX_VPP : RegisterClientBuffer: omxBuf=0xf12f68f0, id=7, obdIdx=0, invalid=0, omxHdr=0xf093ea30, vppBuf=0xf12f6900, handle=0xf173dcb0, pool=0
06-05 18:26:47.407  1582 19467 I OMX_VPP : RegisterClientBuffer: omxBuf=0xf12f6b90, id=8, obdIdx=0, invalid=0, omxHdr=0xf093ea80, vppBuf=0xf12f6ba0, handle=0xf173dcc8, pool=0
06-05 18:26:47.407  1582 19467 I OMX_VPP : RegisterClientBuffer: omxBuf=0xf12f6d50, id=9, obdIdx=0, invalid=0, omxHdr=0xf093ead0, vppBuf=0xf12f6d60, handle=0xf173dcf0, pool=0
06-05 18:26:47.407  1582 19467 I OMX_VPP : RegisterClientBuffer: omxBuf=0xf12f6dc0, id=10, obdIdx=0, invalid=0, omxHdr=0xf093eb20, vppBuf=0xf12f6dd0, handle=0xf173dd00, pool=0
06-05 18:26:47.407  1582 19467 I OMX_VPP : RegisterClientBuffer: omxBuf=0xf12f6f10, id=11, obdIdx=0, invalid=0, omxHdr=0xf093eb70, vppBuf=0xf12f6f20, handle=0xf173dd08, pool=0
06-05 18:26:47.407  1582 19467 I OMX_VPP : RegisterClientBuffer: omxBuf=0xf12f6f80, id=12, obdIdx=0, invalid=0, omxHdr=0xf093ebc0, vppBuf=0xf12f6f90, handle=0xf173dd18, pool=0
06-05 18:26:47.407  1582 19467 I OMX_VPP : RegisterClientBuffer: omxBuf=0xf12f7680, id=13, obdIdx=0, invalid=0, omxHdr=0xf093ec10, vppBuf=0xf12f7690, handle=0xf173dd48, pool=0
06-05 18:26:47.408  1582 19467 I OMX_VPP : RegisterClientBuffer: omxBuf=0xf12f7760, id=14, obdIdx=0, invalid=0, omxHdr=0xf093ec60, vppBuf=0xf12f7770, handle=0xf173dee8, pool=0
06-05 18:26:47.408  1582 19467 I OMX_VPP : RegisterClientBuffer: omxBuf=0xf12f8170, id=15, obdIdx=0, invalid=0, omxHdr=0xf093ecb0, vppBuf=0xf12f8180, handle=0xf173df28, pool=0
06-05 18:26:47.408  1582 19467 I OMX_VPP : RegisterClientBuffer: omxBuf=0xf12f8bf0, id=16, obdIdx=0, invalid=0, omxHdr=0xf093ed00, vppBuf=0xf12f8c00, handle=0xf173df48, pool=0
06-05 18:26:47.408  1582 19467 I OMX_VPP : RegisterClientBuffer: omxBuf=0xf12f8e20, id=17, obdIdx=0, invalid=0, omxHdr=0xf093ed50, vppBuf=0xf12f8e30, handle=0xf173df50, pool=0
06-05 18:26:47.408  1582 19467 I OMX_VPP : RegisterClientBuffer: omxBuf=0xf12f9590, id=18, obdIdx=0, invalid=0, omxHdr=0xf093eda0, vppBuf=0xf12f95a0, handle=0xf173df78, pool=0
06-05 18:26:47.408  1582 19467 I OMX_VPP : RegisterClientBuffer: omxBuf=0xf12f96e0, id=19, obdIdx=0, invalid=0, omxHdr=0xf093edf0, vppBuf=0xf12f96f0, handle=0xf173df80, pool=0
06-05 18:26:47.408  1582 19467 I OMX_VPP : RegisterClientBuffer: omxBuf=0xf12f97c0, id=20, obdIdx=0, invalid=0, omxHdr=0xf093ee40, vppBuf=0xf12f97d0, handle=0xf173df88, pool=0
06-05 18:26:47.408  1582 19467 I OMX_VPP : RegisterClientBuffer: omxBuf=0xf12f9830, id=21, obdIdx=0, invalid=0, omxHdr=0xf093ee90, vppBuf=0xf12f9840, handle=0xf173dfa0, pool=0
06-05 18:26:47.408  1582 19467 I OMX_VPP : RegisterClientBuffer: omxBuf=0xf12f98a0, id=22, obdIdx=0, invalid=0, omxHdr=0xf093eee0, vppBuf=0xf12f98b0, handle=0xf173dfb0, pool=0
06-05 18:26:47.408  1582  1739 I OMX-VDEC-1080P: Exit OMX vdec Destructor: fd=74
06-05 18:26:47.408  1582 19467 I OMX_VPP : RegisterClientBuffer: omxBuf=0xf12f9980, id=23, obdIdx=0, invalid=0, omxHdr=0xf093ef30, vppBuf=0xf12f9990, handle=0xf173dfc8, pool=0
06-05 18:26:47.409  1582 19467 I OMX_VPP : RegisterClientBuffer: omxBuf=0xf12f7920, id=24, obdIdx=0, invalid=0, omxHdr=0xf093ef80, vppBuf=0xf12f7930, handle=0xf173dfd8, pool=0
06-05 18:26:47.409  1582 19467 I OMX_VPP : RegisterClientBuffer: omxBuf=0xf12f99f0, id=25, obdIdx=0, invalid=0, omxHdr=0xf093efd0, vppBuf=0xf12f9a00, handle=0xf173dfe0, pool=0
06-05 18:26:47.409  1582  1739 I OMX_VPP : VppTerm
06-05 18:26:47.409  1582  1739 I OMX_VPP : video clip interpolated = 0%,0--1191
06-05 18:26:47.409  1582 19467 I OMX_VPP : RegisterClientBuffer: omxBuf=0xf12f9a60, id=26, obdIdx=0, invalid=0, omxHdr=0xf093f020, vppBuf=0xf12f9a70, handle=0xf0efe170, pool=0
06-05 18:26:47.409  1582  1739 I OMX_VPP : VppOmxComponent::clearVppFakeBufs size 0
06-05 18:26:47.409  1582  1739 I OMX_VPP : VppOmxComponent::~VppOmxComponent
06-05 18:26:47.409  1582 19467 I OMX_VPP : RegisterClientBuffer: omxBuf=0xf12f9b40, id=27, obdIdx=0, invalid=0, omxHdr=0xf093f070, vppBuf=0xf12f9b50, handle=0xf0efe180, pool=0
06-05 18:26:47.409  1582  1739 I OMX_VPP : Destructed VppBufferManager
06-05 18:26:47.409  1582 19467 I OMX_VPP : RegisterClientBuffer: omxBuf=0xf12f9c90, id=28, obdIdx=0, invalid=0, omxHdr=0xf093f0c0, vppBuf=0xf12f9ca0, handle=0xf0efe188, pool=0
06-05 18:26:47.409  1582 19467 I OMX_VPP : RegisterClientBuffer: omxBuf=0xf12f9d00, id=29, obdIdx=0, invalid=0, omxHdr=0xf093f110, vppBuf=0xf12f9d10, handle=0xf0efe190, pool=0
06-05 18:26:47.409  1582 19467 I OMX_VPP : RegisterClientBuffer: omxBuf=0xf12f9d70, id=30, obdIdx=0, invalid=0, omxHdr=0xf093f160, vppBuf=0xf12f9d80, handle=0xf0efe198, pool=0
06-05 18:26:47.409  1582 19467 I OMX_VPP : RegisterClientBuffer: omxBuf=0xf12f9de0, id=31, obdIdx=0, invalid=0, omxHdr=0xf093f1b0, vppBuf=0xf12f9df0, handle=0xf0efe1a0, pool=0
06-05 18:26:47.410  1582 19467 I OMX_VPP : RegisterClientBuffer: omxBuf=0xf12f9e50, id=32, obdIdx=0, invalid=0, omxHdr=0xf093f200, vppBuf=0xf12f9e60, handle=0xf0efe1a8, pool=0
06-05 18:26:47.410  1582 19467 I OMX_VPP : send_command In 0 param1 3
06-05 18:26:47.410  1757 10676 W ResourceManagerService: Ignoring request to add new resource entry with value <= 0
06-05 18:26:47.411 18541 19459 I ttmn    : <0x0,ff_acodecer.cpp,open,84>support xheaac: 0, decodec all AAC through FDKAAC: 0
06-05 18:26:47.412 18541 28778 W MessageQueue: Handler (android.os.Handler) {f78845b} sending message to a Handler on a dead thread
06-05 18:26:47.412 18541 28778 W MessageQueue: java.lang.IllegalStateException: Handler (android.os.Handler) {f78845b} sending message to a Handler on a dead thread
06-05 18:26:47.412 18541 28778 W MessageQueue: 	at android.os.MessageQueue.enqueueMessage(MessageQueue.java:569)
06-05 18:26:47.412 18541 28778 W MessageQueue: 	at android.os.Handler.enqueueMessage(Handler.java:778)
06-05 18:26:47.412 18541 28778 W MessageQueue: 	at android.os.Handler.sendMessageAtTime(Handler.java:727)
06-05 18:26:47.412 18541 28778 W MessageQueue: 	at android.os.Handler.sendMessageDelayed(Handler.java:697)
06-05 18:26:47.412 18541 28778 W MessageQueue: 	at android.os.Handler.post(Handler.java:427)
06-05 18:26:47.412 18541 28778 W MessageQueue: 	at X.HKP.LIZ(SourceFile:33751054)
06-05 18:26:47.412 18541 28778 W MessageQueue: 	at X.HKP.LIZ(SourceFile:16908295)
06-05 18:26:47.412 18541 28778 W MessageQueue: 	at X.RPA.LJFF(SourceFile:327795)
06-05 18:26:47.412 18541 28778 W MessageQueue: 	at X.IuS.LJIIJ(SourceFile:17236170)
06-05 18:26:47.412 18541 28778 W MessageQueue: 	at X.IuS.LJJJJL(SourceFile:262195)
06-05 18:26:47.412 18541 28778 W MessageQueue: 	at X.IuS.LJIIJJI(SourceFile:262186)
06-05 18:26:47.412 18541 28778 W MessageQueue: 	at X.6Z1.LJIIJJI(SourceFile:65538)
06-05 18:26:47.412 18541 28778 W MessageQueue: 	at X.6U2.LIZIZ(SourceFile:327762)
06-05 18:26:47.412 18541 28778 W MessageQueue: 	at X.6Nc.LIZLLL(SourceFile:393362)
06-05 18:26:47.412 18541 28778 W MessageQueue: 	at X.6Jv.LIZ(SourceFile:393391)
06-05 18:26:47.412 18541 28778 W MessageQueue: 	at X.6U3.LIZIZ(SourceFile:17104938)
06-05 18:26:47.412 18541 28778 W MessageQueue: 	at X.IuZ.LIZ(SourceFile:17301642)
06-05 18:26:47.412 18541 28778 W MessageQueue: 	at com.ss.ttm.player.TTPlayerClient.LIZ(SourceFile:1076)
06-05 18:26:47.412 18541 28778 W MessageQueue: 	at com.ss.ttm.player.TTPlayerClient.handleMessage(SourceFile:16973840)
06-05 18:26:47.412 18541 28778 W MessageQueue: 	at android.os.Handler.dispatchMessage(Handler.java:102)
06-05 18:26:47.412 18541 28778 W MessageQueue: 	at android.os.Looper.loopOnce(Looper.java:210)
06-05 18:26:47.412 18541 28778 W MessageQueue: 	at android.os.Looper.loop(Looper.java:299)
06-05 18:26:47.412 18541 28778 W MessageQueue: 	at android.os.HandlerThread.run(HandlerThread.java:67)
06-05 18:26:47.412 18541 19459 I ffmpeg  : [aac @ 0x7ac811c700] <utils.c avcodec_decode_audio4 2454> Could not update timestamps for skipped samples.
06-05 18:26:47.412 18541 19459 I ffmpeg  :
06-05 18:26:47.417  1582 19467 I OMX_VPP : VppOmxComponent::registerVppFakeBuf buffer with size 1 id 0 ts=0 flags:0
06-05 18:26:47.419  1582 10997 I OMX_VPP : frc valid: true
06-05 18:26:47.419  1582 10997 I OMX_VPP : aie valid: true
06-05 18:26:47.419  1582 10997 I OMX_VPP : updateParameterFromOutPort needReconfigure true
06-05 18:26:47.419  1582 10997 I OMX_VPP : sending reconfigure to VPP library
06-05 18:26:47.419  1582 10997 I OMX_VPP : needReconfigure FakeReconfigure
06-05 18:26:47.419  1582 10997 I OMX_VPP : FakeReconfigure
06-05 18:26:47.419  1582 10997 I OMX_VPP : VppEvent 2
06-05 18:26:47.419  1582 10997 I OMX_VPP : needReconfigureu 32Ret 0
06-05 18:26:47.421  1582 19467 I OMX_VPP : FRAME WIDTH 1024 FRAME HEIGHT 576
06-05 18:26:47.421  1582 19467 I OMX_VPP : get_parameter counts 33 28
06-05 18:26:47.422  1582 19467 I OMX_VPP : FRAME WIDTH 1024 FRAME HEIGHT 576
06-05 18:26:47.422  1582 19467 I OMX_VPP : get_parameter counts 33 28
06-05 18:26:47.422  1582 19467 E OMXNodeInstance: getConfig(0xf1078004:qcom.decoder.hevc, ??(0x7f000062)) ERROR: UnsupportedSetting(0x80001019)
06-05 18:26:47.424  1582 19467 I OMX_VPP : send_command In 2 param1 1
06-05 18:26:47.424  1582 19467 I OMX_VPP : send_command FakeFlush VPP_PORT_INPUT
06-05 18:26:47.424  1582 19467 I OMX_VPP : VppOmxComponent::clearVppFakeBufs size 1
06-05 18:26:47.424  1582 19467 I OMX_VPP : VppEvent 1
06-05 18:26:47.424  1582 19467 I OMX_VPP : FakeFlush e.flush_done.port:0
06-05 18:26:47.424  1582 19467 I OMX_VPP : send_command FakeFlush VPP_PORT_OUTPUT
06-05 18:26:47.424  1582 19467 I OMX_VPP : VppOmxComponent::clearVppFakeBufs size 0
06-05 18:26:47.424  1582 19467 I OMX_VPP : VppEvent 1
06-05 18:26:47.424  1582 19467 I OMX_VPP : FakeFlush e.flush_done.port:1
06-05 18:26:47.427  1582 10997 I OMX_VPP : Port Disable send flush to VPP library
06-05 18:26:47.427  1582 19467 I OMX_VPP : send_command In 3 param1 1
06-05 18:26:47.427  1582 19467 I OMX_VPP : ClearBuffers VPP_PORT_OUTPUT
06-05 18:26:47.427  1582 19467 I OMX_VPP : FRAME WIDTH 1024 FRAME HEIGHT 576
06-05 18:26:47.427  1582 19467 I OMX_VPP : get_parameter counts 27 27
06-05 18:26:47.427  1582 19467 I OMX_VPP : FRAME WIDTH 1024 FRAME HEIGHT 576
06-05 18:26:47.428  1582 19467 I OMX_VPP : get_parameter counts 27 27
06-05 18:26:47.428  1582 19467 E OMX-VDEC-1080P: Extension: OMX.google.android.index.AndroidNativeBufferConsumerUsage not implemented
06-05 18:26:47.428 18541 10993 D SurfaceUtils: set up nativeWindow 0x7b718a6010 for 576x1024, color 0x7fa30c06, rotation 0, usage 0x20402900
06-05 18:26:47.428  1582 19467 I OMX_VPP : RegisterClientBuffer: omxBuf=0xf12fa0f0, id=0, obdIdx=0, invalid=0, omxHdr=0xf0f90400, vppBuf=0xf12fa100, handle=0xf0efe188, pool=0
06-05 18:26:47.428  1582 19467 I OMX_VPP : RegisterClientBuffer: omxBuf=0xf12f9c90, id=1, obdIdx=0, invalid=0, omxHdr=0xf0f90450, vppBuf=0xf12f9ca0, handle=0xf0efe190, pool=0
06-05 18:26:47.428  1582 19467 I OMX_VPP : RegisterClientBuffer: omxBuf=0xf12fa080, id=2, obdIdx=0, invalid=0, omxHdr=0xf0f904a0, vppBuf=0xf12fa090, handle=0xf0efe198, pool=0
06-05 18:26:47.429  1582 19467 I OMX_VPP : RegisterClientBuffer: omxBuf=0xf12f9d00, id=3, obdIdx=0, invalid=0, omxHdr=0xf0f904f0, vppBuf=0xf12f9d10, handle=0xf0efe1a8, pool=0
06-05 18:26:47.429  1582 19467 I OMX_VPP : RegisterClientBuffer: omxBuf=0xf12fa010, id=4, obdIdx=0, invalid=0, omxHdr=0xf0f90540, vppBuf=0xf12fa020, handle=0xf0efe1a0, pool=0
06-05 18:26:47.429  1582 19467 I OMX_VPP : RegisterClientBuffer: omxBuf=0xf12f9d70, id=5, obdIdx=0, invalid=0, omxHdr=0xf0f90590, vppBuf=0xf12f9d80, handle=0xf173dfa0, pool=0
06-05 18:26:47.429  1582 19467 I OMX_VPP : RegisterClientBuffer: omxBuf=0xf12f9ec0, id=6, obdIdx=0, invalid=0, omxHdr=0xf0f905e0, vppBuf=0xf12f9ed0, handle=0xf173dfb0, pool=0
06-05 18:26:47.429  1582 19467 I OMX_VPP : RegisterClientBuffer: omxBuf=0xf12f9e50, id=7, obdIdx=0, invalid=0, omxHdr=0xf0f90630, vppBuf=0xf12f9e60, handle=0xf173dbb0, pool=0
06-05 18:26:47.429  1582 19467 I OMX_VPP : RegisterClientBuffer: omxBuf=0xf12f6880, id=8, obdIdx=0, invalid=0, omxHdr=0xf0f90680, vppBuf=0xf12f6890, handle=0xf173dc00, pool=0
06-05 18:26:47.429  1582 19467 I OMX_VPP : RegisterClientBuffer: omxBuf=0xf12f68f0, id=9, obdIdx=0, invalid=0, omxHdr=0xf0f906d0, vppBuf=0xf12f6900, handle=0xf173dc20, pool=0
06-05 18:26:47.429  1582 19467 I OMX_VPP : RegisterClientBuffer: omxBuf=0xf12f6b20, id=10, obdIdx=0, invalid=0, omxHdr=0xf0f90720, vppBuf=0xf12f6b30, handle=0xf173dc60, pool=0
06-05 18:26:47.429  1582 19467 I OMX_VPP : RegisterClientBuffer: omxBuf=0xf12f6b90, id=11, obdIdx=0, invalid=0, omxHdr=0xf0f90770, vppBuf=0xf12f6ba0, handle=0xf173dca0, pool=0
06-05 18:26:47.430  1582 19467 I OMX_VPP : RegisterClientBuffer: omxBuf=0xf12f6d50, id=12, obdIdx=0, invalid=0, omxHdr=0xf0f907c0, vppBuf=0xf12f6d60, handle=0xf173dcb0, pool=0
06-05 18:26:47.430  1582 19467 I OMX_VPP : RegisterClientBuffer: omxBuf=0xf12f6dc0, id=13, obdIdx=0, invalid=0, omxHdr=0xf0f90810, vppBuf=0xf12f6dd0, handle=0xf173dcc8, pool=0
06-05 18:26:47.430  1582 19467 I OMX_VPP : RegisterClientBuffer: omxBuf=0xf12f6f10, id=14, obdIdx=0, invalid=0, omxHdr=0xf0f90860, vppBuf=0xf12f6f20, handle=0xf173dcf0, pool=0
06-05 18:26:47.430  1582 19467 I OMX_VPP : RegisterClientBuffer: omxBuf=0xf12f7680, id=15, obdIdx=0, invalid=0, omxHdr=0xf0f908b0, vppBuf=0xf12f7690, handle=0xf173dd00, pool=0
06-05 18:26:47.430  1582 19467 I OMX_VPP : RegisterClientBuffer: omxBuf=0xf12f7760, id=16, obdIdx=0, invalid=0, omxHdr=0xf0f90900, vppBuf=0xf12f7770, handle=0xf173dd08, pool=0
06-05 18:26:47.430  1582 19467 I OMX_VPP : RegisterClientBuffer: omxBuf=0xf12f7920, id=17, obdIdx=0, invalid=0, omxHdr=0xf0f90950, vppBuf=0xf12f7930, handle=0xf173dd18, pool=0
06-05 18:26:47.430  1582 19467 I OMX_VPP : RegisterClientBuffer: omxBuf=0xf12f8170, id=18, obdIdx=0, invalid=0, omxHdr=0xf0f909a0, vppBuf=0xf12f8180, handle=0xf173dd48, pool=0
06-05 18:26:47.430  1582 19467 I OMX_VPP : RegisterClientBuffer: omxBuf=0xf12f8bf0, id=19, obdIdx=0, invalid=0, omxHdr=0xf0f909f0, vppBuf=0xf12f8c00, handle=0xf173dee8, pool=0
06-05 18:26:47.430  1582 19467 I OMX_VPP : RegisterClientBuffer: omxBuf=0xf12f8cd0, id=20, obdIdx=0, invalid=0, omxHdr=0xf0f90a40, vppBuf=0xf12f8ce0, handle=0xf173df28, pool=0
06-05 18:26:47.430  1582 19467 I OMX_VPP : RegisterClientBuffer: omxBuf=0xf12f8e20, id=21, obdIdx=0, invalid=0, omxHdr=0xf0f90a90, vppBuf=0xf12f8e30, handle=0xf173df48, pool=0
06-05 18:26:47.430  1582 19467 I OMX_VPP : RegisterClientBuffer: omxBuf=0xf12f8e90, id=22, obdIdx=0, invalid=0, omxHdr=0xf0f90ae0, vppBuf=0xf12f8ea0, handle=0xf173df50, pool=0
06-05 18:26:47.431  1582 19467 I OMX_VPP : RegisterClientBuffer: omxBuf=0xf12f8f00, id=23, obdIdx=0, invalid=0, omxHdr=0xf0f90b30, vppBuf=0xf12f8f10, handle=0xf173df68, pool=0
06-05 18:26:47.431  1582 19467 I OMX_VPP : RegisterClientBuffer: omxBuf=0xf12f6f80, id=24, obdIdx=0, invalid=0, omxHdr=0xf0f90b80, vppBuf=0xf12f6f90, handle=0xf173df78, pool=0
06-05 18:26:47.431  1582 19467 I OMX_VPP : RegisterClientBuffer: omxBuf=0xf12f8f70, id=25, obdIdx=0, invalid=0, omxHdr=0xf0f90bd0, vppBuf=0xf12f8f80, handle=0xf173df80, pool=0
06-05 18:26:47.431  1582 19467 I OMX_VPP : RegisterClientBuffer: omxBuf=0xf12f9520, id=26, obdIdx=0, invalid=0, omxHdr=0xf0f90c20, vppBuf=0xf12f9530, handle=0xf173df88, pool=0
06-05 18:26:47.431  1582 19467 I OMX_VPP : RegisterClientBuffer: omxBuf=0xf12f9590, id=27, obdIdx=0, invalid=0, omxHdr=0xf0f90c70, vppBuf=0xf12f95a0, handle=0xf173dfc8, pool=0
06-05 18:26:47.431  1582 19467 I OMX_VPP : RegisterClientBuffer: omxBuf=0xf12f96e0, id=28, obdIdx=0, invalid=0, omxHdr=0xf0f90cc0, vppBuf=0xf12f96f0, handle=0xf173dfd8, pool=0
06-05 18:26:47.431  1582 19467 I OMX_VPP : RegisterClientBuffer: omxBuf=0xf12f97c0, id=29, obdIdx=0, invalid=0, omxHdr=0xf0f90d10, vppBuf=0xf12f97d0, handle=0xf173dfe0, pool=0
06-05 18:26:47.431  1582 19467 I OMX_VPP : RegisterClientBuffer: omxBuf=0xf12f9830, id=30, obdIdx=0, invalid=0, omxHdr=0xf0f90d60, vppBuf=0xf12f9840, handle=0xf0efe170, pool=0
06-05 18:26:47.432  1582 19467 I OMX_VPP : RegisterClientBuffer: omxBuf=0xf12f98a0, id=31, obdIdx=0, invalid=0, omxHdr=0xf0f90db0, vppBuf=0xf12f98b0, handle=0xf0efe180, pool=0
06-05 18:26:47.432  1582 10997 I OMX_VPP : Got PortEnable done for vdec out
06-05 18:26:47.433  1582 19467 I OMX_VPP : VppOmxComponent::registerVppFakeBuf buffer with size 1 id 0 ts=0 flags:0
06-05 18:26:47.435  1582 10997 I OMX-VDEC-1080P: set_frame_rate: the current time is 182647
06-05 18:26:47.435  1582 10997 I OMX-VDEC-1080P: set_frame_rate: the current time is 182647
06-05 18:26:47.436  1582 10997 I OMX-VDEC-1080P: set_frame_rate: the current time is 182647
06-05 18:26:47.436  1582 19467 I OMX_VPP : VppOmxComponent::registerVppFakeBuf buffer with size 2 id 1 ts=0 flags:0
06-05 18:26:47.437  1582 19467 I OMX_VPP : VppOmxComponent::registerVppFakeBuf buffer with size 3 id 2 ts=0 flags:0
06-05 18:26:47.437  1582 19467 I OMX_VPP : FRAME WIDTH 1024 FRAME HEIGHT 576
06-05 18:26:47.437  1582 19467 I OMX_VPP : get_parameter counts 32 27
06-05 18:26:47.437  1582 19467 I OMX_VPP : FRAME WIDTH 1024 FRAME HEIGHT 576
06-05 18:26:47.437  1582 19467 I OMX_VPP : get_parameter counts 32 27
06-05 18:26:47.437  1582 19467 E OMXNodeInstance: getConfig(0xf1078004:qcom.decoder.hevc, ??(0x7f000062)) ERROR: UnsupportedSetting(0x80001019)
06-05 18:26:47.437  1582 10997 I OMX-VDEC-1080P: set_frame_rate: the current time is 182647
06-05 18:26:47.438  1582 10997 I OMX-VDEC-1080P: set_frame_rate: the current time is 182647
06-05 18:26:47.438  1582 10997 I OMX-VDEC-1080P: set_frame_rate: the current time is 182647
06-05 18:26:47.440  1582 19467 I OMX_VPP : VppOmxComponent::registerVppFakeBuf buffer with size 4 id 3 ts=0 flags:0
06-05 18:26:47.440  1582 19467 I OMX_VPP : VppOmxComponent::registerVppFakeBuf buffer with size 5 id 4 ts=0 flags:0
06-05 18:26:47.441  1582 19467 I OMX_VPP : VppOmxComponent::registerVppFakeBuf buffer with size 6 id 5 ts=0 flags:0
06-05 18:26:47.441  1582 19467 I OMX_VPP : VppOmxComponent::registerVppFakeBuf buffer with size 7 id 6 ts=0 flags:0
06-05 18:26:47.442  1582 19467 I OMX_VPP : VppOmxComponent::registerVppFakeBuf buffer with size 8 id 7 ts=0 flags:0
06-05 18:26:47.442  1103  9745 D APM_AudioPolicyManager: selectOutput flags 8
06-05 18:26:47.442  1582 19467 I OMX_VPP : VppOmxComponent::registerVppFakeBuf buffer with size 9 id 8 ts=0 flags:0
06-05 18:26:47.442  1103  9745 D APM_AudioPolicyManager: selectOutput flags 8
06-05 18:26:47.443  1582 19467 I OMX_VPP : VppOmxComponent::registerVppFakeBuf buffer with size 10 id 9 ts=0 flags:0
06-05 18:26:47.443  1103  9745 D APM_AudioPolicyManager: selectOutput flags 8
06-05 18:26:47.443 18541 19352 D AudioTrack: set(sessionId=0)
06-05 18:26:47.443 18541 19352 D AudioTrack: set(): streamType -1, sampleRate 44100, format 0x1, channelMask 0x3, frameCount 3536, flags #0, notificationFrames 0, sessionId 0, transferType 3, uid -1, pid -1
06-05 18:26:47.444   975  2315 D audio_hw_primary: adev_get_parameters:audio_game_sound_volume_gap_switch
06-05 18:26:47.444   975  2315 D soundtrigger: audio_extn_sound_trigger_get_parameters input string<audio_game_sound_volume_gap_switch=>
06-05 18:26:47.444   975  2315 D soundtrigger: extract_sm_handle input string <audio_game_sound_volume_gap_switch=> param string <audio_game_sound_volume_gap_switch=>
06-05 18:26:47.444   975  2315 D audio_hw_extn: audio_extn_fm_get_parameters: Enter
06-05 18:26:47.444   975  2315 D audio_hw_extn: audio_extn_get_parameters: returns
06-05 18:26:47.444   975  2315 V msm8974_platform: platform_get_parameters: exit: returns - audio_game_sound_volume_gap_switch=off
06-05 18:26:47.444   975  2315 D audio_hw_primary: adev_get_parameters: exit: returns - audio_game_sound_volume_gap_switch=off
06-05 18:26:47.444  1103  9745 I hash_map_utils: system/bt/osi/src/hash_map_utils.cc:81 hash_map_utils_dump_string_keys_string_values: key: 'audio_game_sound_volume_gap_switch' value: ''
06-05 18:26:47.444  1582 10997 I OMX-VDEC-1080P: set_frame_rate: the current time is 182647
