06-05 18:29:16.068  1582 18912 I OMX_VPP : RegisterClientBuffer: omxBuf=0xf113da40, id=26, obdIdx=0, invalid=0, omxHdr=0xf1125c20, vppBuf=0xf113da50, handle=0xf13a21e8, pool=0
06-05 18:29:16.068  1582 19623 I OMX_VPP : RegisterClientBuffer: omxBuf=0xf12fa780, id=27, obdIdx=0, invalid=0, omxHdr=0xf1125c70, vppBuf=0xf12fa790, handle=0xf173df98, pool=0
06-05 18:29:16.068  1582 18912 I OMX_VPP : RegisterClientBuffer: omxBuf=0xf113dab0, id=28, obdIdx=0, invalid=0, omxHdr=0xf1125cc0, vppBuf=0xf113dac0, handle=0xf13a2348, pool=0
06-05 18:29:16.069  1582  9640 I OMX_VPP : RegisterClientBuffer: omxBuf=0xf113c770, id=29, obdIdx=0, invalid=0, omxHdr=0xf1125d10, vppBuf=0xf113c780, handle=0xf13a2130, pool=0
06-05 18:29:16.069  1582 18912 I OMX_VPP : RegisterClientBuffer: omxBuf=0xf113db20, id=30, obdIdx=0, invalid=0, omxHdr=0xf1125d60, vppBuf=0xf113db30, handle=0xf13a2370, pool=0
06-05 18:29:16.069  1582 19623 I OMX_VPP : RegisterClientBuffer: omxBuf=0xf113e760, id=31, obdIdx=0, invalid=0, omxHdr=0xf1125db0, vppBuf=0xf113e770, handle=0xf13a2458, pool=0
06-05 18:29:16.069  1582 11519 I OMX_VPP : Got PortEnable done for vdec out
06-05 18:29:16.070  1582 18912 I OMX_VPP : VppOmxComponent::registerVppFakeBuf buffer with size 1 id 0 ts=0 flags:0
06-05 18:29:16.073  1582 19623 I OMX_VPP : VppOmxComponent::registerVppFakeBuf buffer with size 2 id 1 ts=0 flags:0
06-05 18:29:16.073  1582 11519 I OMX-VDEC-1080P: set_frame_rate: the current time is 182916
06-05 18:29:16.073  1582 18912 I OMX_VPP : VppOmxComponent::registerVppFakeBuf buffer with size 3 id 2 ts=0 flags:0
06-05 18:29:16.073  1582 11519 I OMX-VDEC-1080P: set_frame_rate: the current time is 182916
06-05 18:29:16.073  1582 11519 I OMX-VDEC-1080P: set_frame_rate: the current time is 182916
06-05 18:29:16.073  1582 11519 I OMX-VDEC-1080P: set_frame_rate: the current time is 182916
06-05 18:29:16.073  1582 11519 I OMX-VDEC-1080P: set_frame_rate: the current time is 182916
06-05 18:29:16.074  1582 11519 I OMX-VDEC-1080P: set_frame_rate: the current time is 182916
06-05 18:29:16.074  1582 18912 I OMX_VPP : VppOmxComponent::registerVppFakeBuf buffer with size 4 id 3 ts=0 flags:0
06-05 18:29:16.074  1582  9640 I OMX_VPP : FRAME WIDTH 576 FRAME HEIGHT 576
06-05 18:29:16.074  1582  9640 I OMX_VPP : get_parameter counts 32 27
06-05 18:29:16.074  1582  9640 I OMX_VPP : FRAME WIDTH 576 FRAME HEIGHT 576
06-05 18:29:16.074  1582  9640 I OMX_VPP : get_parameter counts 32 27
06-05 18:29:16.075  1582 18912 E OMXNodeInstance: getConfig(0xf0fb8604:qcom.decoder.hevc, ??(0x7f000062)) ERROR: UnsupportedSetting(0x80001019)
06-05 18:29:16.077  1582 19624 I OMX_VPP : VppOmxComponent::registerVppFakeBuf buffer with size 5 id 4 ts=0 flags:0
06-05 18:29:16.078  1582  9640 I OMX_VPP : VppOmxComponent::registerVppFakeBuf buffer with size 6 id 5 ts=0 flags:0
06-05 18:29:16.078  1582  9640 I OMX_VPP : VppOmxComponent::registerVppFakeBuf buffer with size 7 id 6 ts=0 flags:0
06-05 18:29:16.078  1103  2663 D APM_AudioPolicyManager: selectOutput flags 8
06-05 18:29:16.079  1582 19624 I OMX_VPP : VppOmxComponent::registerVppFakeBuf buffer with size 8 id 7 ts=0 flags:0
06-05 18:29:16.079  1103  2663 D APM_AudioPolicyManager: selectOutput flags 8
06-05 18:29:16.079  1582 18912 I OMX_VPP : VppOmxComponent::registerVppFakeBuf buffer with size 9 id 8 ts=0 flags:0
06-05 18:29:16.079  1103  2663 D APM_AudioPolicyManager: selectOutput flags 8
06-05 18:29:16.079  1582 18912 I OMX_VPP : VppOmxComponent::registerVppFakeBuf buffer with size 10 id 9 ts=0 flags:0
06-05 18:29:16.079 18541 19471 D AudioTrack: set(sessionId=0)
06-05 18:29:16.079 18541 19471 D AudioTrack: set(): streamType -1, sampleRate 44100, format 0x1, channelMask 0x3, frameCount 3536, flags #0, notificationFrames 0, sessionId 0, transferType 3, uid -1, pid -1
06-05 18:29:16.080   975  2550 D audio_hw_primary: adev_get_parameters:audio_game_sound_volume_gap_switch
06-05 18:29:16.080   975  2550 D soundtrigger: audio_extn_sound_trigger_get_parameters input string<audio_game_sound_volume_gap_switch=>
06-05 18:29:16.080   975  2550 D soundtrigger: extract_sm_handle input string <audio_game_sound_volume_gap_switch=> param string <audio_game_sound_volume_gap_switch=>
06-05 18:29:16.080   975  2550 D audio_hw_extn: audio_extn_fm_get_parameters: Enter
06-05 18:29:16.080   975  2550 D audio_hw_extn: audio_extn_get_parameters: returns
06-05 18:29:16.080   975  2550 V msm8974_platform: platform_get_parameters: exit: returns - audio_game_sound_volume_gap_switch=off
06-05 18:29:16.080   975  2550 D audio_hw_primary: adev_get_parameters: exit: returns - audio_game_sound_volume_gap_switch=off
06-05 18:29:16.080  1103  2663 I hash_map_utils: system/bt/osi/src/hash_map_utils.cc:81 hash_map_utils_dump_string_keys_string_values: key: 'audio_game_sound_volume_gap_switch' value: ''
06-05 18:29:16.080  1582 19624 I OMX_VPP : VppOmxComponent::registerVppFakeBuf buffer with size 11 id 10 ts=0 flags:0
06-05 18:29:16.081  1582 11519 I OMX-VDEC-1080P: set_frame_rate: the current time is 182916
06-05 18:29:16.081  1103  2663 D MediaImpl: setPlaybackCaptureAllowed: playbackCaptureAllowed 1
06-05 18:29:16.082  1103  2663 D APM_AudioPolicyManager: getOutputForAttrInt()+ attributes={ Content type: AUDIO_CONTENT_TYPE_MUSIC Usage: AUDIO_USAGE_MEDIA Source: AUDIO_SOURCE_DEFAULT Flags: 0x800 Tags:  } stream=AUDIO_STREAM_MUSIC session 5985 output 0 selectedDeviceId 0 device AUDIO_DEVICE_NONE sampling rate 44100 format 0x1channel mask 0x3 flags 0 stream AUDIO_STREAM_MUSIC uid 10383
06-05 18:29:16.082  1103  2663 D APM_AudioPolicyManager: getOutputForAttrInt() device {type:0x2,@:}, sampling rate 44100, format 0x1, channel mask 0x3, flags 0 stream AUDIO_STREAM_MUSIC
06-05 18:29:16.082   975  2550 D audio_hw_primary: adev_get_parameters:vr_audio_mode_on
06-05 18:29:16.082   975  2550 I audio_hw_primary: getting vr mode to 0
06-05 18:29:16.082   975  2550 D audio_hw_primary: adev_get_parameters: exit: returns - vr_audio_mode_on=false
06-05 18:29:16.082  1103  2663 I hash_map_utils: system/bt/osi/src/hash_map_utils.cc:81 hash_map_utils_dump_string_keys_string_values: key: 'vr_audio_mode_on' value: ''
06-05 18:29:16.083  1103  2663 I AudioPolicyManagerCustom: VR mode is 0, switch to primary output if request is for fast|raw
06-05 18:29:16.083   975  2550 D audio_hw_primary: adev_get_parameters:audio_karaoke_running
06-05 18:29:16.083   975  2550 D audio_hw_primary: get para : audio_karaoke_running = false
06-05 18:29:16.083   975  2550 D soundtrigger: audio_extn_sound_trigger_get_parameters input string<audio_karaoke_running=>
06-05 18:29:16.083   975  2550 D soundtrigger: extract_sm_handle input string <audio_karaoke_running=> param string <audio_karaoke_running=>
06-05 18:29:16.083   975  2550 D audio_hw_extn: audio_extn_fm_get_parameters: Enter
06-05 18:29:16.083   975  2550 D audio_hw_extn: audio_extn_get_parameters: returns audio_karaoke_running=false
06-05 18:29:16.083   975  2550 V msm8974_platform: platform_get_parameters: exit: returns - audio_karaoke_running=false
06-05 18:29:16.083   975  2550 D audio_hw_primary: adev_get_parameters: exit: returns - audio_karaoke_running=false
06-05 18:29:16.083  1582 11519 I OMX-VDEC-1080P: set_frame_rate: the current time is 182916
06-05 18:29:16.083  1103  2663 I hash_map_utils: system/bt/osi/src/hash_map_utils.cc:81 hash_map_utils_dump_string_keys_string_values: key: 'audio_karaoke_running' value: ''
06-05 18:29:16.084  1582 19623 E OMX-VDEC-1080P: Extension: OMX.QTI.index.config.video.getdsmode not implemented
06-05 18:29:16.084  1103  2663 I AudioPolicyManagerCustom: setting force DEEP buffer now
06-05 18:29:16.084  1103  2663 D APM_AudioPolicyManager: selectOutput flags 8
06-05 18:29:16.084  1103  2663 D APM_AudioPolicyManager: getOutputForAttrInt()- attributes={ Content type: AUDIO_CONTENT_TYPE_MUSIC Usage: AUDIO_USAGE_MEDIA Source: AUDIO_SOURCE_DEFAULT Flags: 0x800 Tags:  } stream=AUDIO_STREAM_MUSIC session 5985 output 29 selectedDeviceId 0 device {type:0x2,@:} sampling rate 44100 format 0x1channel mask 0x3 flags 0x8 stream AUDIO_STREAM_MUSIC uid 10383
06-05 18:29:16.084  1103  2663 D APM_AudioPolicyManager: getOutputForAttr() returns output 29 requestedPortId 0 selectedDeviceId 3 for port ID 427
06-05 18:29:16.085  1582 11519 I OMX-VDEC-1080P: set_frame_rate: the current time is 182916
06-05 18:29:16.085  1103  2663 I AudioFlinger: create audiotrack for com.ss.android.ugc.trill  uid 10383
06-05 18:29:16.085  1103  2663 D AudioFlinger: Client defaulted notificationFrames to 1768 for frameCount 3536
06-05 18:29:16.086  1582 11519 I OMX-VDEC-1080P: set_frame_rate: the current time is 182916
06-05 18:29:16.086  1582 19623 I OMX_VPP : VppOmxComponent::registerVppFakeBuf buffer with size 12 id 11 ts=0 flags:0
06-05 18:29:16.087  1582 19623 I OMX_VPP : VppOmxComponent::registerVppFakeBuf buffer with size 13 id 12 ts=0 flags:0
06-05 18:29:16.087  1103  2663 D AF::TrackHandle: OpPlayAudio: track:437 usage:1 not muted
06-05 18:29:16.089  1103  2663 I AudioFlinger: create audiotrack for com.ss.android.ugc.trill  uid 10383
06-05 18:29:16.089  1103  2663 I AudioFlinger: create audiotrack for com.ss.android.ugc.trill  uid 10383
06-05 18:29:16.089  1103  2663 D AF::Track: Track(437): usage = 1 mbIsAttrNeedFade = 1
06-05 18:29:16.090 18541 19471 D AudioTrack: isWhiteListPackage() Uid 10383, package name com.ss.android.ugc.trill
06-05 18:29:16.092 18541 19471 W AudioTrack: Use of stream types is deprecated for operations other than volume control
06-05 18:29:16.092 18541 19471 W AudioTrack: See the documentation of AudioTrack() for what to use instead with android.media.AudioAttributes to qualify your playback use case
06-05 18:29:16.092 18541 19471 I AudioTrack: AudioTrack::setVolume L:1.000000 R:1.000000 and the pakage is com.ss.android.ugc.trill
06-05 18:29:16.093  1103  2663 D AF::Track: setFadeType1 type = 1 mFadeType = 0 isFadeNeeded = 0
06-05 18:29:16.095   975  2550 I EffectsFactory: EffectCreate() create_effect
06-05 18:29:16.095  1103  9745 I audioserver: setGameParameters keyvalue: xlog.volume.music.speaker=44
06-05 18:29:16.095  1103  1596 V APM::EffectDescriptor: registerEffect() effect Volume listener for Music, io 29, session 5985 id 835
06-05 18:29:16.095  1103  1596 V APM::EffectDescriptor: registerEffect() memory 1, total memory 3
06-05 18:29:16.095   975 28792 D audio_hw_primary: adev_set_parameters: enter: xlog.volume.music.speaker=44
06-05 18:29:16.095   975 28792 V msm8974_platform: platform_set_parameters: enter: xlog.volume.music.speaker=44
06-05 18:29:16.095   975 28792 D audio_hw_hfp: hfp_set_parameters: enter
06-05 18:29:16.095   975 28792 D audio_hw_hfp: hfp_set_parameters: enter
06-05 18:29:16.095   975 28792 V a2dp_offload: end of a2dp setparam
06-05 18:29:16.095   975 28792 D audio_hw_cspl_cal: cirrus_cal_setparameters: enter 0xf3003600
06-05 18:29:16.095   975 28792 D audio_hw_extn: audio_extn_fm_set_parameters: Enter
06-05 18:29:16.095   975 28792 D audio_hw_hfp: hfp_set_parameters: enter
06-05 18:29:16.095   975 28792 V a2dp_offload: end of a2dp setparam
06-05 18:29:16.095   975 28792 D audio_hw_primary: adev_set_parameters: exit with code(0)
06-05 18:29:16.096  1103  1596 V APM::EffectDescriptor: setEffectEnabled(true) total CPU 0
06-05 18:29:16.096  1103  1596 V AudioPolicyManagerImpl: notification filter: setNotificationFilter notificationFilterFeature=1
06-05 18:29:16.096  1103  1596 D AudioPolicyManagerImpl: notification filter: setNotificationFilter muteMaskInt=0
06-05 18:29:16.096   975 28792 D audio_hw_primary: out_set_parameters: enter: usecase(0: deep-buffer-playback) kvpairs: appname=+com.ss.android.ugc.trill
06-05 18:29:16.096   975 28792 D audio_hw_primary: [hal_apptype] out_set_parameters() +com.ss.android.ugc.trill [2 0x80 0x80 0x80]
06-05 18:29:16.097  1103  1596 D APM_AudioPolicyManager: startOutput() output 29, stream 3, session 5985 appname com.ss.android.ugc.trill uid 10383
06-05 18:29:16.097  1103  2663 E audioserver: open /proc/18541/cmdline error
06-05 18:29:16.097  1103  2663 I audioserver: setAppName(), name=[], active=[1]
06-05 18:29:16.097   975 28792 V EffectMiSound: MiSound_command() start, cmdCode=24
06-05 18:29:16.097   975 28792 V EffectMiSound: MiSound_Command EFFECT_CMD_SET_APP_NAME: stream=3, name=+
06-05 18:29:16.098 18541 19471 I AudioTrack: AudioTrack::setVolume L:1.000000 R:1.000000 and the pakage is com.ss.android.ugc.trill
06-05 18:29:16.108 18541 18541 W System.err: org.json.JSONException: No value for information
06-05 18:29:16.108 18541 18541 W System.err: 	at org.json.JSONObject.get(JSONObject.java:403)
06-05 18:29:16.108 18541 18541 W System.err: 	at org.json.JSONObject.getString(JSONObject.java:564)
06-05 18:29:16.108 18541 18541 W System.err: 	at X.6MB.LIZ(SourceFile:33816600)
06-05 18:29:16.108 18541 18541 W System.err: 	at X.6Lf.LIZJ(SourceFile:17039373)
06-05 18:29:16.108 18541 18541 W System.err: 	at X.8c9.LIZ(SourceFile:327690)
06-05 18:29:16.108 18541 18541 W System.err: 	at X.KAf.LIZ(SourceFile:3603)
06-05 18:29:16.108 18541 18541 W System.err: 	at X.KAf.LJIIL(SourceFile:17039402)
06-05 18:29:16.108 18541 18541 W System.err: 	at X.KAf.LJJIJIIJI(SourceFile:590862)
06-05 18:29:16.108 18541 18541 W System.err: 	at com.ss.android.ugc.aweme.feed.adapter.VideoViewCell.onRenderReady(SourceFile:17301542)
06-05 18:29:16.108 18541 18541 W System.err: 	at X.6B8.LIZ(SourceFile:1393)
06-05 18:29:16.108 18541 18541 W System.err: 	at X.6C1.run(SourceFile:65540)
06-05 18:29:16.108 18541 18541 W System.err: 	at android.os.Handler.handleCallback(Handler.java:938)
06-05 18:29:16.108 18541 18541 W System.err: 	at android.os.Handler.dispatchMessage(Handler.java:99)
06-05 18:29:16.108 18541 18541 W System.err: 	at android.os.Looper.loopOnce(Looper.java:210)
06-05 18:29:16.108 18541 18541 W System.err: 	at android.os.Looper.loop(Looper.java:299)
06-05 18:29:16.108 18541 18541 W System.err: 	at android.app.ActivityThread.main(ActivityThread.java:8105)
06-05 18:29:16.108 18541 18541 W System.err: 	at java.lang.reflect.Method.invoke(Native Method)
06-05 18:29:16.108 18541 18541 W System.err: 	at com.android.internal.os.RuntimeInit$MethodAndArgsCaller.run(RuntimeInit.java:556)
06-05 18:29:16.108 18541 18541 W System.err: 	at com.android.internal.os.ZygoteInit.main(ZygoteInit.java:1045)
06-05 18:29:16.108 18541 18541 W System.err: org.json.JSONException: No value for com.android.information
06-05 18:29:16.108 18541 18541 W System.err: 	at org.json.JSONObject.get(JSONObject.java:403)
06-05 18:29:16.108 18541 18541 W System.err: 	at org.json.JSONObject.getString(JSONObject.java:564)
06-05 18:29:16.108 18541 18541 W System.err: 	at X.6MB.LIZ(SourceFile:33816600)
06-05 18:29:16.108 18541 18541 W System.err: 	at X.6Lf.LIZJ(SourceFile:17039373)
06-05 18:29:16.108 18541 18541 W System.err: 	at X.8c9.LIZ(SourceFile:327698)
06-05 18:29:16.108 18541 18541 W System.err: 	at X.KAf.LIZ(SourceFile:3603)
06-05 18:29:16.108 18541 18541 W System.err: 	at X.KAf.LJIIL(SourceFile:17039402)
06-05 18:29:16.109 18541 18541 W System.err: 	at X.KAf.LJJIJIIJI(SourceFile:590862)
06-05 18:29:16.109 18541 18541 W System.err: 	at com.ss.android.ugc.aweme.feed.adapter.VideoViewCell.onRenderReady(SourceFile:17301542)
06-05 18:29:16.109 18541 18541 W System.err: 	at X.6B8.LIZ(SourceFile:1393)
06-05 18:29:16.109 18541 18541 W System.err: 	at X.6C1.run(SourceFile:65540)
06-05 18:29:16.109 18541 18541 W System.err: 	at android.os.Handler.handleCallback(Handler.java:938)
06-05 18:29:16.109 18541 18541 W System.err: 	at android.os.Handler.dispatchMessage(Handler.java:99)
06-05 18:29:16.109 18541 18541 W System.err: 	at android.os.Looper.loopOnce(Looper.java:210)
06-05 18:29:16.109 18541 18541 W System.err: 	at android.os.Looper.loop(Looper.java:299)
06-05 18:29:16.109 18541 18541 W System.err: 	at android.app.ActivityThread.main(ActivityThread.java:8105)
06-05 18:29:16.109 18541 18541 W System.err: 	at java.lang.reflect.Method.invoke(Native Method)
06-05 18:29:16.109 18541 18541 W System.err: 	at com.android.internal.os.RuntimeInit$MethodAndArgsCaller.run(RuntimeInit.java:556)
06-05 18:29:16.109 18541 18541 W System.err: 	at com.android.internal.os.ZygoteInit.main(ZygoteInit.java:1045)
06-05 18:29:16.109 18541 18541 W System.err: org.json.JSONException: No value for com.apple.quicktime.information
06-05 18:29:16.109 18541 18541 W System.err: 	at org.json.JSONObject.get(JSONObject.java:403)
06-05 18:29:16.109 18541 18541 W System.err: 	at org.json.JSONObject.getString(JSONObject.java:564)
06-05 18:29:16.109 18541 18541 W System.err: 	at X.6MB.LIZ(SourceFile:33816600)
06-05 18:29:16.109 18541 18541 W System.err: 	at X.6Lf.LIZJ(SourceFile:17039373)
06-05 18:29:16.109 18541 18541 W System.err: 	at X.8c9.LIZ(SourceFile:327706)
06-05 18:29:16.109 18541 18541 W System.err: 	at X.KAf.LIZ(SourceFile:3603)
06-05 18:29:16.109 18541 18541 W System.err: 	at X.KAf.LJIIL(SourceFile:17039402)
06-05 18:29:16.109 18541 18541 W System.err: 	at X.KAf.LJJIJIIJI(SourceFile:590862)
06-05 18:29:16.109 18541 18541 W System.err: 	at com.ss.android.ugc.aweme.feed.adapter.VideoViewCell.onRenderReady(SourceFile:17301542)
06-05 18:29:16.109 18541 18541 W System.err: 	at X.6B8.LIZ(SourceFile:1393)
06-05 18:29:16.109 18541 18541 W System.err: 	at X.6C1.run(SourceFile:65540)
06-05 18:29:16.109 18541 18541 W System.err: 	at android.os.Handler.handleCallback(Handler.java:938)
06-05 18:29:16.109 18541 18541 W System.err: 	at android.os.Handler.dispatchMessage(Handler.java:99)
06-05 18:29:16.109 18541 18541 W System.err: 	at android.os.Looper.loopOnce(Looper.java:210)
06-05 18:29:16.109 18541 18541 W System.err: 	at android.os.Looper.loop(Looper.java:299)
06-05 18:29:16.109 18541 18541 W System.err: 	at android.app.ActivityThread.main(ActivityThread.java:8105)
06-05 18:29:16.109 18541 18541 W System.err: 	at java.lang.reflect.Method.invoke(Native Method)
06-05 18:29:16.109 18541 18541 W System.err: 	at com.android.internal.os.RuntimeInit$MethodAndArgsCaller.run(RuntimeInit.java:556)
06-05 18:29:16.109 18541 18541 W System.err: 	at com.android.internal.os.ZygoteInit.main(ZygoteInit.java:1045)
06-05 18:29:16.109 18541 10707 W System.err: org.json.JSONException: No value for information
06-05 18:29:16.109 18541 10707 W System.err: 	at org.json.JSONObject.get(JSONObject.java:403)
06-05 18:29:16.109 18541 10707 W System.err: 	at org.json.JSONObject.getString(JSONObject.java:564)
06-05 18:29:16.109 18541 10707 W System.err: 	at X.6MB.LIZ(SourceFile:33816600)
06-05 18:29:16.109 18541 10707 W System.err: 	at X.6Lf.LIZJ(SourceFile:17039373)
06-05 18:29:16.109 18541 10707 W System.err: 	at X.8c8.LIZIZ(SourceFile:393228)
06-05 18:29:16.109 18541 10707 W System.err: 	at X.8cB.call(SourceFile:262146)
06-05 18:29:16.109 18541 10707 W System.err: 	at X.0BO.run(SourceFile:262166)
06-05 18:29:16.109 18541 10707 W System.err: 	at X.0fb.run(SourceFile:459005)
06-05 18:29:16.109 18541 10707 W System.err: 	at java.util.concurrent.ThreadPoolExecutor.runWorker(ThreadPoolExecutor.java:1167)
06-05 18:29:16.110 18541 10707 W System.err: 	at java.util.concurrent.ThreadPoolExecutor$Worker.run(ThreadPoolExecutor.java:641)
06-05 18:29:16.110 18541 10707 W System.err: 	at X.0ff.run(SourceFile:131081)
06-05 18:29:16.110 18541 10707 W System.err: 	at java.lang.Thread.run(Thread.java:920)
06-05 18:29:16.110 18541 10707 W System.err: org.json.JSONException: No value for com.android.information
06-05 18:29:16.110 18541 10707 W System.err: 	at org.json.JSONObject.get(JSONObject.java:403)
06-05 18:29:16.110 18541 10707 W System.err: 	at org.json.JSONObject.getString(JSONObject.java:564)
06-05 18:29:16.110 18541 10707 W System.err: 	at X.6MB.LIZ(SourceFile:33816600)
06-05 18:29:16.110 18541 10707 W System.err: 	at X.6Lf.LIZJ(SourceFile:17039373)
06-05 18:29:16.110 18541 10707 W System.err: 	at X.8c8.LIZIZ(SourceFile:393243)
06-05 18:29:16.110 18541 10707 W System.err: 	at X.8cB.call(SourceFile:262146)
06-05 18:29:16.110 18541 10707 W System.err: 	at X.0BO.run(SourceFile:262166)
06-05 18:29:16.110 18541 10707 W System.err: 	at X.0fb.run(SourceFile:459005)
06-05 18:29:16.110 18541 10707 W System.err: 	at java.util.concurrent.ThreadPoolExecutor.runWorker(ThreadPoolExecutor.java:1167)
06-05 18:29:16.110 18541 10707 W System.err: 	at java.util.concurrent.ThreadPoolExecutor$Worker.run(ThreadPoolExecutor.java:641)
06-05 18:29:16.110 18541 10707 W System.err: 	at X.0ff.run(SourceFile:131081)
06-05 18:29:16.110 18541 10707 W System.err: 	at java.lang.Thread.run(Thread.java:920)
06-05 18:29:16.110 18541 10707 W System.err: org.json.JSONException: No value for com.apple.quicktime.information
06-05 18:29:16.110 18541 10707 W System.err: 	at org.json.JSONObject.get(JSONObject.java:403)
06-05 18:29:16.110 18541 10707 W System.err: 	at org.json.JSONObject.getString(JSONObject.java:564)
06-05 18:29:16.110 18541 10707 W System.err: 	at X.6MB.LIZ(SourceFile:33816600)
06-05 18:29:16.110 18541 10707 W System.err: 	at X.6Lf.LIZJ(SourceFile:17039373)
06-05 18:29:16.110 18541 10707 W System.err: 	at X.8c8.LIZIZ(SourceFile:393258)
06-05 18:29:16.110 18541 10707 W System.err: 	at X.8cB.call(SourceFile:262146)
06-05 18:29:16.110 18541 10707 W System.err: 	at X.0BO.run(SourceFile:262166)
06-05 18:29:16.110 18541 10707 W System.err: 	at X.0fb.run(SourceFile:459005)
06-05 18:29:16.110 18541 10707 W System.err: 	at java.util.concurrent.ThreadPoolExecutor.runWorker(ThreadPoolExecutor.java:1167)
06-05 18:29:16.110 18541 10707 W System.err: 	at java.util.concurrent.ThreadPoolExecutor$Worker.run(ThreadPoolExecutor.java:641)
06-05 18:29:16.110 18541 10707 W System.err: 	at X.0ff.run(SourceFile:131081)
06-05 18:29:16.110 18541 10707 W System.err: 	at java.lang.Thread.run(Thread.java:920)
06-05 18:29:16.126 18541 10707 W System.err: java.io.FileNotFoundException: /proc/stat: open failed: EACCES (Permission denied)
06-05 18:29:16.126 18541 10707 W System.err: 	at libcore.io.IoBridge.open(IoBridge.java:575)
06-05 18:29:16.126 18541 10707 W System.err: 	at java.io.RandomAccessFile.<init>(RandomAccessFile.java:289)
06-05 18:29:16.126 18541 10707 W System.err: 	at java.io.RandomAccessFile.<init>(RandomAccessFile.java:152)
06-05 18:29:16.126 18541 10707 W System.err: 	at X.6gK.LIZ(SourceFile:393238)
06-05 18:29:16.126 18541 10707 W System.err: 	at X.6gM.call(SourceFile:65536)
06-05 18:29:16.126 18541 10707 W System.err: 	at X.0BO.run(SourceFile:262166)
06-05 18:29:16.126 18541 10707 W System.err: 	at X.0fb.run(SourceFile:459005)
06-05 18:29:16.126 18541 10707 W System.err: 	at java.util.concurrent.ThreadPoolExecutor.runWorker(ThreadPoolExecutor.java:1167)
06-05 18:29:16.126 18541 10707 W System.err: 	at java.util.concurrent.ThreadPoolExecutor$Worker.run(ThreadPoolExecutor.java:641)
06-05 18:29:16.126 18541 10707 W System.err: 	at X.0ff.run(SourceFile:131081)
06-05 18:29:16.126 18541 10707 W System.err: 	at java.lang.Thread.run(Thread.java:920)
06-05 18:29:16.126 18541 10707 W System.err: Caused by: android.system.ErrnoException: open failed: EACCES (Permission denied)
06-05 18:29:16.126 18541 10707 W System.err: 	at libcore.io.Linux.open(Native Method)
06-05 18:29:16.126 18541 10707 W System.err: 	at libcore.io.ForwardingOs.open(ForwardingOs.java:567)
06-05 18:29:16.126 18541 10707 W System.err: 	at libcore.io.BlockGuardOs.open(BlockGuardOs.java:273)
06-05 18:29:16.126 18541 10707 W System.err: 	at libcore.io.ForwardingOs.open(ForwardingOs.java:567)
06-05 18:29:16.126 18541 10707 W System.err: 	at android.app.ActivityThread$AndroidOs.open(ActivityThread.java:7980)
06-05 18:29:16.126 18541 10707 W System.err: 	at libcore.io.IoBridge.open(IoBridge.java:561)
06-05 18:29:16.126 18541 10707 W System.err: 	... 10 more
06-05 18:29:16.136  1103  2327 D AudioFlinger: updateWakeLockUids_l AudioOut_1D uids:10383
06-05 18:29:16.139  1103  2663 I audioserver: setGameParameters keyvalue: xlog.volume.music.speaker=44
06-05 18:29:16.139   975 28792 D audio_hw_primary: adev_set_parameters: enter: xlog.volume.music.speaker=44
06-05 18:29:16.139   975 28792 V msm8974_platform: platform_set_parameters: enter: xlog.volume.music.speaker=44
06-05 18:29:16.139   975 28792 D audio_hw_hfp: hfp_set_parameters: enter
06-05 18:29:16.139   975 28792 D audio_hw_hfp: hfp_set_parameters: enter
06-05 18:29:16.139   975 28792 V a2dp_offload: end of a2dp setparam
06-05 18:29:16.139   975 28792 D audio_hw_cspl_cal: cirrus_cal_setparameters: enter 0xf3003600
06-05 18:29:16.139   975 28792 D audio_hw_extn: audio_extn_fm_set_parameters: Enter
06-05 18:29:16.139   975 28792 D audio_hw_hfp: hfp_set_parameters: enter
06-05 18:29:16.139   975 28792 V a2dp_offload: end of a2dp setparam
06-05 18:29:16.139   975 28792 D audio_hw_primary: adev_set_parameters: exit with code(0)
06-05 18:29:16.160 18541 18928 E lens_sdk: VideoOclSrGpuBackend::video size changed,w:576,h:576
06-05 18:29:16.160  1582 19624 I OMX_VPP : VppOmxComponent::registerVppFakeBuf buffer with size 14 id 13 ts=0 flags:0
06-05 18:29:16.176  1103  1596 V APM::EffectDescriptor: setEffectEnabled(false) total CPU 0
06-05 18:29:16.176  1103  2327 D AudioFlinger: updateWakeLockUids_l AudioOut_1D uids:10383
06-05 18:29:16.177   975 28792 D msm8974_platform: platform_split_snd_device: snd_device(2) num devices(1) new_snd_devices(0)
06-05 18:29:16.177  1103  1596 V APM::EffectDescriptor: unregisterEffect() effect Volume listener for Music, ID 827, memory 1 total memory 2
06-05 18:29:16.177  1103  1596 D APM_AudioPolicyManager: stopOutput portId 426
06-05 18:29:16.177  1103  1596 D APM_AudioPolicyManager: stopOutput() output 29, stream 3, session 5977
06-05 18:29:16.195  1582 11519 I OMX-VDEC-1080P: set_frame_rate: the current time is 182916
06-05 18:29:16.196  1582 11519 I OMX-VDEC-1080P: set_frame_rate: the current time is 182916
06-05 18:29:16.197  1582 11519 I OMX-VDEC-1080P: set_frame_rate: the current time is 182916
06-05 18:29:16.217   975  2550 D audio_hw_primary: out_set_parameters: enter: usecase(0: deep-buffer-playback) kvpairs: appname=-com.ss.android.ugc.trill
06-05 18:29:16.217   975  2550 D audio_hw_primary: [hal_apptype] out_set_parameters() -com.ss.android.ugc.trill [1 0x80 0x80 0x80]
06-05 18:29:16.217  1103  1596 D APM_AudioPolicyManager: releaseOutput portId 426
06-05 18:29:16.217  1103  1596 D APM_AudioPolicyManager: releaseOutput() output 29, stream 3, session 5977 [uid=10383]
06-05 18:29:16.228  1582 19624 I OMX_VPP : VppOmxComponent::registerVppFakeBuf buffer with size 15 id 14 ts=0 flags:0
06-05 18:29:16.261  1582 11519 I OMX-VDEC-1080P: set_frame_rate: the current time is 182916
06-05 18:29:16.295  1582 11519 I OMX-VDEC-1080P: set_frame_rate: the current time is 182916
06-05 18:29:16.328  1582 11519 I OMX-VDEC-1080P: set_frame_rate: the current time is 182916
06-05 18:29:16.334 18541 10743 W System.err: org.json.JSONException: No value for information
06-05 18:29:16.335 18541 10743 W System.err: 	at org.json.JSONObject.get(JSONObject.java:403)
06-05 18:29:16.335 18541 10743 W System.err: 	at org.json.JSONObject.getString(JSONObject.java:564)
06-05 18:29:16.335 18541 10743 W System.err: 	at X.6MB.LIZ(SourceFile:33816600)
06-05 18:29:16.335 18541 10743 W System.err: 	at X.6Lf.LIZJ(SourceFile:17039373)
06-05 18:29:16.335 18541 10743 W System.err: 	at X.8c8.LIZIZ(SourceFile:393228)
06-05 18:29:16.335 18541 10743 W System.err: 	at X.8cB.call(SourceFile:262146)
06-05 18:29:16.335 18541 10743 W System.err: 	at X.0BO.run(SourceFile:262166)
06-05 18:29:16.335 18541 10743 W System.err: 	at X.0fb.run(SourceFile:459005)
06-05 18:29:16.335 18541 10743 W System.err: 	at java.util.concurrent.ThreadPoolExecutor.runWorker(ThreadPoolExecutor.java:1167)
06-05 18:29:16.335 18541 10743 W System.err: 	at java.util.concurrent.ThreadPoolExecutor$Worker.run(ThreadPoolExecutor.java:641)
06-05 18:29:16.335 18541 10743 W System.err: 	at X.0ff.run(SourceFile:131081)
06-05 18:29:16.335 18541 10743 W System.err: 	at java.lang.Thread.run(Thread.java:920)
06-05 18:29:16.335 18541 10743 W System.err: org.json.JSONException: No value for com.android.information
06-05 18:29:16.335 18541 10743 W System.err: 	at org.json.JSONObject.get(JSONObject.java:403)
06-05 18:29:16.335 18541 10743 W System.err: 	at org.json.JSONObject.getString(JSONObject.java:564)
06-05 18:29:16.335 18541 10743 W System.err: 	at X.6MB.LIZ(SourceFile:33816600)
06-05 18:29:16.335 18541 10743 W System.err: 	at X.6Lf.LIZJ(SourceFile:17039373)
06-05 18:29:16.335 18541 10743 W System.err: 	at X.8c8.LIZIZ(SourceFile:393243)
06-05 18:29:16.335 18541 10743 W System.err: 	at X.8cB.call(SourceFile:262146)
06-05 18:29:16.335 18541 10743 W System.err: 	at X.0BO.run(SourceFile:262166)
06-05 18:29:16.335 18541 10743 W System.err: 	at X.0fb.run(SourceFile:459005)
06-05 18:29:16.335 18541 10743 W System.err: 	at java.util.concurrent.ThreadPoolExecutor.runWorker(ThreadPoolExecutor.java:1167)
06-05 18:29:16.335 18541 10743 W System.err: 	at java.util.concurrent.ThreadPoolExecutor$Worker.run(ThreadPoolExecutor.java:641)
06-05 18:29:16.335 18541 10743 W System.err: 	at X.0ff.run(SourceFile:131081)
06-05 18:29:16.335 18541 10743 W System.err: 	at java.lang.Thread.run(Thread.java:920)
06-05 18:29:16.335 18541 10743 W System.err: org.json.JSONException: No value for com.apple.quicktime.information
06-05 18:29:16.335 18541 10743 W System.err: 	at org.json.JSONObject.get(JSONObject.java:403)
06-05 18:29:16.335 18541 10743 W System.err: 	at org.json.JSONObject.getString(JSONObject.java:564)
06-05 18:29:16.335 18541 10743 W System.err: 	at X.6MB.LIZ(SourceFile:33816600)
06-05 18:29:16.335 18541 10743 W System.err: 	at X.6Lf.LIZJ(SourceFile:17039373)
06-05 18:29:16.335 18541 10743 W System.err: 	at X.8c8.LIZIZ(SourceFile:393258)
06-05 18:29:16.335 18541 10743 W System.err: 	at X.8cB.call(SourceFile:262146)
06-05 18:29:16.335 18541 10743 W System.err: 	at X.0BO.run(SourceFile:262166)
06-05 18:29:16.335 18541 10743 W System.err: 	at X.0fb.run(SourceFile:459005)
06-05 18:29:16.335 18541 10743 W System.err: 	at java.util.concurrent.ThreadPoolExecutor.runWorker(ThreadPoolExecutor.java:1167)
06-05 18:29:16.335 18541 10743 W System.err: 	at java.util.concurrent.ThreadPoolExecutor$Worker.run(ThreadPoolExecutor.java:641)
06-05 18:29:16.335 18541 10743 W System.err: 	at X.0ff.run(SourceFile:131081)
06-05 18:29:16.335 18541 10743 W System.err: 	at java.lang.Thread.run(Thread.java:920)
06-05 18:29:16.361  1582 11519 I OMX-VDEC-1080P: set_frame_rate: the current time is 182916
06-05 18:29:16.395  1582 11519 I OMX-VDEC-1080P: set_frame_rate: the current time is 182916
06-05 18:29:16.428  1582 11519 I OMX-VDEC-1080P: set_frame_rate: the current time is 182916
06-05 18:29:16.461  1582 11519 I OMX-VDEC-1080P: set_frame_rate: the current time is 182916
06-05 18:29:16.495  1582 11519 I OMX-VDEC-1080P: set_frame_rate: the current time is 182916
06-05 18:29:16.528  1582 11519 I OMX-VDEC-1080P: set_frame_rate: the current time is 182916
06-05 18:29:16.561  1582 11519 I OMX-VDEC-1080P: set_frame_rate: the current time is 182916
06-05 18:29:16.595  1582 11519 I OMX-VDEC-1080P: set_frame_rate: the current time is 182916
06-05 18:29:16.628  1582 11519 I OMX-VDEC-1080P: set_frame_rate: the current time is 182916
06-05 18:29:16.661  1582 11519 I OMX-VDEC-1080P: set_frame_rate: the current time is 182916
06-05 18:29:16.695  1582 11519 I OMX-VDEC-1080P: set_frame_rate: the current time is 182916
06-05 18:29:16.728  1582 11519 I OMX-VDEC-1080P: set_frame_rate: the current time is 182916
06-05 18:29:16.761  1582 11519 I OMX-VDEC-1080P: set_frame_rate: the current time is 182916
06-05 18:29:16.795  1582 11519 I OMX-VDEC-1080P: set_frame_rate: the current time is 182916
06-05 18:29:16.828  1582 11519 I OMX-VDEC-1080P: set_frame_rate: the current time is 182916
06-05 18:29:16.861  1582 11519 I OMX-VDEC-1080P: set_frame_rate: the current time is 182916
06-05 18:29:16.895  1582 11519 I OMX-VDEC-1080P: set_frame_rate: the current time is 182916
06-05 18:29:16.928  1582 11519 I OMX-VDEC-1080P: set_frame_rate: the current time is 182916
06-05 18:29:16.961  1582 11519 I OMX-VDEC-1080P: set_frame_rate: the current time is 182916
06-05 18:29:16.995  1582 11519 I OMX-VDEC-1080P: set_frame_rate: the current time is 182916
06-05 18:29:17.028  1582 11519 I OMX-VDEC-1080P: set_frame_rate: the current time is 182917
06-05 18:29:17.034 18541 28778 W MessageQueue: Handler (android.os.Handler) {f78845b} sending message to a Handler on a dead thread
06-05 18:29:17.034 18541 28778 W MessageQueue: java.lang.IllegalStateException: Handler (android.os.Handler) {f78845b} sending message to a Handler on a dead thread
06-05 18:29:17.034 18541 28778 W MessageQueue: 	at android.os.MessageQueue.enqueueMessage(MessageQueue.java:569)
06-05 18:29:17.034 18541 28778 W MessageQueue: 	at android.os.Handler.enqueueMessage(Handler.java:778)
06-05 18:29:17.034 18541 28778 W MessageQueue: 	at android.os.Handler.sendMessageAtTime(Handler.java:727)
06-05 18:29:17.034 18541 28778 W MessageQueue: 	at android.os.Handler.sendMessageDelayed(Handler.java:697)
06-05 18:29:17.034 18541 28778 W MessageQueue: 	at android.os.Handler.post(Handler.java:427)
06-05 18:29:17.034 18541 28778 W MessageQueue: 	at X.HKP.LIZ(SourceFile:33751054)
06-05 18:29:17.034 18541 28778 W MessageQueue: 	at X.HKP.LIZ(SourceFile:16908295)
06-05 18:29:17.034 18541 28778 W MessageQueue: 	at X.Iuq.<init>(SourceFile:17039393)
06-05 18:29:17.034 18541 28778 W MessageQueue: 	at X.IuS.LIZ(SourceFile:67633363)
06-05 18:29:17.034 18541 28778 W MessageQueue: 	at X.IuS.<init>(SourceFile:50922652)
06-05 18:29:17.034 18541 28778 W MessageQueue: 	at X.6Z1.<init>(SourceFile:33816631)
06-05 18:29:17.034 18541 28778 W MessageQueue: 	at X.6U2.LJJIJIIJIL(SourceFile:590369)
06-05 18:29:17.034 18541 28778 W MessageQueue: 	at X.6U2.<init>(SourceFile:84279443)
06-05 18:29:17.034 18541 28778 W MessageQueue: 	at X.6LW.LIZ(SourceFile:17170525)
06-05 18:29:17.034 18541 28778 W MessageQueue: 	at X.6LV.LIZ(SourceFile:16973837)
06-05 18:29:17.034 18541 28778 W MessageQueue: 	at X.6Nc.LJJIJIIJI(SourceFile:262150)
06-05 18:29:17.034 18541 28778 W MessageQueue: 	at X.6Nc.LIZ(SourceFile:33947685)
06-05 18:29:17.034 18541 28778 W MessageQueue: 	at X.6Nc.LIZ(SourceFile:820)
06-05 18:29:17.034 18541 28778 W MessageQueue: 	at X.6Nc.LIZ(SourceFile:84411129)
06-05 18:29:17.034 18541 28778 W MessageQueue: 	at X.6Nc.LIZ(SourceFile:254)
06-05 18:29:17.034 18541 28778 W MessageQueue: 	at X.6Nc.LIZ(SourceFile:12250)
06-05 18:29:17.034 18541 28778 W MessageQueue: 	at X.6NK.handleMessage(SourceFile:17301743)
06-05 18:29:17.034 18541 28778 W MessageQueue: 	at android.os.Handler.dispatchMessage(Handler.java:106)
06-05 18:29:17.034 18541 28778 W MessageQueue: 	at android.os.Looper.loopOnce(Looper.java:210)
06-05 18:29:17.034 18541 28778 W MessageQueue: 	at android.os.Looper.loop(Looper.java:299)
06-05 18:29:17.034 18541 28778 W MessageQueue: 	at android.os.HandlerThread.run(HandlerThread.java:67)
06-05 18:29:17.035 18541 28778 W ttmdl   : <0x0,AVMDLManagerBridge.cpp,native_setIntValue,765>set key:709 value:0
06-05 18:29:17.035 18541 28778 W ttmdl   : <0x0,AVMDLog.cpp,set_alog_enable,38>set_alog_enable, 0
06-05 18:29:17.035 18541 28778 W MessageQueue: Handler (android.os.Handler) {f78845b} sending message to a Handler on a dead thread
06-05 18:29:17.035 18541 28778 W MessageQueue: java.lang.IllegalStateException: Handler (android.os.Handler) {f78845b} sending message to a Handler on a dead thread
06-05 18:29:17.035 18541 28778 W MessageQueue: 	at android.os.MessageQueue.enqueueMessage(MessageQueue.java:569)
06-05 18:29:17.035 18541 28778 W MessageQueue: 	at android.os.Handler.enqueueMessage(Handler.java:778)
06-05 18:29:17.035 18541 28778 W MessageQueue: 	at android.os.Handler.sendMessageAtTime(Handler.java:727)
06-05 18:29:17.035 18541 28778 W MessageQueue: 	at android.os.Handler.sendMessageDelayed(Handler.java:697)
06-05 18:29:17.035 18541 28778 W MessageQueue: 	at android.os.Handler.post(Handler.java:427)
06-05 18:29:17.035 18541 28778 W MessageQueue: 	at X.HKP.LIZ(SourceFile:33751054)
06-05 18:29:17.035 18541 28778 W MessageQueue: 	at X.HKP.LIZIZ(SourceFile:16908295)
06-05 18:29:17.035 18541 28778 W MessageQueue: 	at X.RPA.LIZ(SourceFile:17170456)
06-05 18:29:17.035 18541 28778 W MessageQueue: 	at X.IuS.LIZLLL(SourceFile:34078895)
06-05 18:29:17.035 18541 28778 W MessageQueue: 	at X.IuS.LJLJI(SourceFile:393264)
06-05 18:29:17.035 18541 28778 W MessageQueue: 	at X.IuS.LJJLJLI(SourceFile:393245)
06-05 18:29:17.035 18541 28778 W MessageQueue: 	at X.IuS.LJIIJJI(SourceFile:17170460)
06-05 18:29:17.035 18541 28778 W MessageQueue: 	at X.IuS.LIZ(SourceFile:5041)
06-05 18:29:17.035 18541 28778 W MessageQueue: 	at X.IuS.LIZIZ(SourceFile:50790422)
06-05 18:29:17.035 18541 28778 W MessageQueue: 	at X.IuS.LIZ(SourceFile:4903)
06-05 18:29:17.035 18541 28778 W MessageQueue: 	at X.6Z1.LIZ(SourceFile:1063)
06-05 18:29:17.035 18541 28778 W MessageQueue: 	at X.6U2.LIZ(SourceFile:84543345)
06-05 18:29:17.035 18541 28778 W MessageQueue: 	at X.6U2.LIZ(Unknown Source:0)
06-05 18:29:17.035 18541 28778 W MessageQueue: 	at X.6U2.LIZ(SourceFile:1438)
06-05 18:29:17.035 18541 28778 W MessageQueue: 	at X.6Nc.LIZ(SourceFile:1033)
06-05 18:29:17.035 18541 28778 W MessageQueue: 	at X.6Nc.LIZ(SourceFile:84411129)
06-05 18:29:17.035 18541 28778 W MessageQueue: 	at X.6Nc.LIZ(SourceFile:254)
06-05 18:29:17.035 18541 28778 W MessageQueue: 	at X.6Nc.LIZ(SourceFile:12250)
06-05 18:29:17.035 18541 28778 W MessageQueue: 	at X.6NK.handleMessage(SourceFile:17301743)
06-05 18:29:17.035 18541 28778 W MessageQueue: 	at android.os.Handler.dispatchMessage(Handler.java:106)
06-05 18:29:17.035 18541 28778 W MessageQueue: 	at android.os.Looper.loopOnce(Looper.java:210)
06-05 18:29:17.035 18541 28778 W MessageQueue: 	at android.os.Looper.loop(Looper.java:299)
06-05 18:29:17.035 18541 28778 W MessageQueue: 	at android.os.HandlerThread.run(HandlerThread.java:67)
06-05 18:29:17.037 18541 28778 W MessageQueue: Handler (android.os.Handler) {f78845b} sending message to a Handler on a dead thread
06-05 18:29:17.037 18541 28778 W MessageQueue: java.lang.IllegalStateException: Handler (android.os.Handler) {f78845b} sending message to a Handler on a dead thread
06-05 18:29:17.037 18541 28778 W MessageQueue: 	at android.os.MessageQueue.enqueueMessage(MessageQueue.java:569)
06-05 18:29:17.037 18541 28778 W MessageQueue: 	at android.os.Handler.enqueueMessage(Handler.java:778)
06-05 18:29:17.037 18541 28778 W MessageQueue: 	at android.os.Handler.sendMessageAtTime(Handler.java:727)
06-05 18:29:17.037 18541 28778 W MessageQueue: 	at android.os.Handler.sendMessageDelayed(Handler.java:697)
06-05 18:29:17.037 18541 28778 W MessageQueue: 	at android.os.Handler.post(Handler.java:427)
06-05 18:29:17.037 18541 28778 W MessageQueue: 	at X.HKP.LIZ(SourceFile:33751054)
06-05 18:29:17.037 18541 28778 W MessageQueue: 	at X.HKP.LIZ(SourceFile:16908295)
06-05 18:29:17.037 18541 28778 W MessageQueue: 	at X.RPA.LJFF(SourceFile:327795)
06-05 18:29:17.037 18541 28778 W MessageQueue: 	at X.IuS.LJIIJ(SourceFile:17236170)
06-05 18:29:17.037 18541 28778 W MessageQueue: 	at X.IuS.LJJJJL(SourceFile:262195)
06-05 18:29:17.037 18541 28778 W MessageQueue: 	at X.IuS.LJIIJJI(SourceFile:262186)
06-05 18:29:17.037 18541 28778 W MessageQueue: 	at X.6Z1.LJIIJJI(SourceFile:65538)
06-05 18:29:17.037 18541 28778 W MessageQueue: 	at X.6U2.LIZ(SourceFile:84545035)
06-05 18:29:17.037 18541 28778 W MessageQueue: 	at X.6U2.LIZ(Unknown Source:0)
06-05 18:29:17.037 18541 28778 W MessageQueue: 	at X.6U2.LIZ(SourceFile:1438)
06-05 18:29:17.037 18541 28778 W MessageQueue: 	at X.6Nc.LIZ(SourceFile:1033)
06-05 18:29:17.037 18541 28778 W MessageQueue: 	at X.6Nc.LIZ(SourceFile:84411129)
06-05 18:29:17.037 18541 28778 W MessageQueue: 	at X.6Nc.LIZ(SourceFile:254)
06-05 18:29:17.037 18541 28778 W MessageQueue: 	at X.6Nc.LIZ(SourceFile:12250)
06-05 18:29:17.037 18541 28778 W MessageQueue: 	at X.6NK.handleMessage(SourceFile:17301743)
06-05 18:29:17.037 18541 28778 W MessageQueue: 	at android.os.Handler.dispatchMessage(Handler.java:106)
06-05 18:29:17.037 18541 28778 W MessageQueue: 	at android.os.Looper.loopOnce(Looper.java:210)
06-05 18:29:17.037 18541 28778 W MessageQueue: 	at android.os.Looper.loop(Looper.java:299)
06-05 18:29:17.037 18541 28778 W MessageQueue: 	at android.os.HandlerThread.run(HandlerThread.java:67)
06-05 18:29:17.038 18541 28778 W ttmp    : set_logger_level:0
06-05 18:29:17.038 18541 19470 I ttmn    : <0x0,av_sort_queue.h,enableFixSort,17>AVSortQueue::enableFixSort:0
06-05 18:29:17.039 18541 19470 I MediaCodec: video box enabled in settings
06-05 18:29:17.039 18541 19470 I VideoBoxStub: VideoBoxStub::initVideobox
06-05 18:29:17.041 18541 19470 I VideoBox: VideoBox::VideoBox
06-05 18:29:17.041 18541 19470 I VideoBox: initVideobox
06-05 18:29:17.041 18541 19470 I VideoBox: initVideobox going OMX.qcom.video.decoder.hevc
06-05 18:29:17.041 18541 19470 I VideoBox: initVideobox return false for platform is not support vpp
06-05 18:29:17.041 18541 19470 I VideoBoxStub: VideoBoxStub::releaseVideoBox
06-05 18:29:17.041 18541 19470 I VideoBox: VideoBox::~VideoBox
06-05 18:29:17.041 18541 19470 I MediaCodec: init video box disabled for init not supported
06-05 18:29:17.043 18541 11529 I OMXClient: IOmx service obtained
06-05 18:29:17.043  1582 19624 I OMXMaster: makeComponentInstance(OMX.qcom.video.decoder.hevc) in android.hardwar process
06-05 18:29:17.044  1582 19624 I OMX_VPP : Constructed VppOmxComponent
06-05 18:29:17.045  1582 19624 D PlatformConfig: getInstance: Enter
06-05 18:29:17.045  1582 19624 D PlatformConfig: getInt32 Config name: vidc_dec_log_in value: 0
06-05 18:29:17.045  1582 19624 D PlatformConfig: getInstance: Enter
06-05 18:29:17.045  1582 19624 D PlatformConfig: getInt32 Config name: vidc_dec_log_out value: 0
06-05 18:29:17.045  1582 19624 D PlatformConfig: getInstance: Enter
06-05 18:29:17.045  1582 19624 D PlatformConfig: getInt32 Config name: vidc_dec_sec_prefetch_size_internal value: 209715200
06-05 18:29:17.045  1582 19624 D PlatformConfig: getInstance: Enter
06-05 18:29:17.045  1582 19624 D PlatformConfig: getInt32 Config name: vidc_dec_sec_prefetch_size_output value: 13434880
06-05 18:29:17.045  1582 19624 D PlatformConfig: getInstance: Enter
06-05 18:29:17.045  1582 19624 D PlatformConfig: getInt32 Config name: vidc_perf_control_enable value: 0
06-05 18:29:17.045  1582 19624 D PlatformConfig: getInstance: Enter
06-05 18:29:17.045  1582 19624 D PlatformConfig: getInt32 Config name: vidc_dec_thumbnail_yuv_output value: 0
06-05 18:29:17.045  1582 19624 D PlatformConfig: getInstance: Enter
06-05 18:29:17.045  1582 19624 D PlatformConfig: getInt32: Returning default
06-05 18:29:17.045  1582 19624 D PlatformConfig: getInstance: Enter
06-05 18:29:17.045  1582 19624 D PlatformConfig: getInt32 Config name: vidc_dec_output_rate value: 120
06-05 18:29:17.045  1582 19624 I OMX-VDEC-1080P: component_init: OMX.qcom.video.decoder.hevc : fd=90
06-05 18:29:17.045  1582 19624 E OMX-VDEC-1080P: Unsupported output color format for c2d (2141391876)
06-05 18:29:17.045  1582 19624 E OMX-VDEC-1080P: Setting color format failed
06-05 18:29:17.046  1582 19624 D PlatformConfig: getInstance: Enter
06-05 18:29:17.046  1582 19624 D PlatformConfig: getInt32: Returning default
06-05 18:29:17.046  1582 19624 D PlatformConfig: getInstance: Enter
06-05 18:29:17.046  1582 19624 D PlatformConfig: getInt32: Returning default
06-05 18:29:17.046  1582 19624 I OMX-VDEC-1080P: omx_vdec::component_init() success : fd=90
06-05 18:29:17.046  1582 19624 I OMX_VPP : FRC is used
06-05 18:29:17.046  1582 19624 I OMX_VPP : AIE is used
06-05 18:29:17.047  1582 19624 E OMX_VPP : unable to find area=vpp/config=frc.bypass.all, returning default=0
06-05 18:29:17.047  1582 19624 I OMX_VPP : component_init: fully completed with decoder(OMX.qcom.video.decoder.hevc)
06-05 18:29:17.049 18541 11528 D MediaCodecOpt: TryCall hook func called
06-05 18:29:17.049 18541 11528 D MediaCodecOpt: before call orig, retCode = 0
06-05 18:29:17.049 18541 11528 D MediaCodecOpt: after call orig, retCode = 0
06-05 18:29:17.049 18541 19470 I MediaCodec: configure : init video box disabled
06-05 18:29:17.050 18541 11528 D SurfaceUtils: connecting to surface 0x7b53843010, reason connectToSurface
06-05 18:29:17.050 18541 11528 I MediaCodec: [OMX.qcom.video.decoder.hevc] setting surface generation to 18986078
06-05 18:29:17.050 18541 11528 D SurfaceUtils: disconnecting from surface 0x7b53843010, reason connectToSurface(reconnect)
06-05 18:29:17.050 18541 11528 D SurfaceUtils: connecting to surface 0x7b53843010, reason connectToSurface(reconnect)
06-05 18:29:17.050  1582 19624 E OMX-VDEC-1080P: Extension: OMX.google.android.index.storeANWBufferInMetadata not implemented
06-05 18:29:17.050  1582 19624 E OMX-VDEC-1080P: Extension: OMX.google.android.index.configureVideoTunnelMode not implemented
06-05 18:29:17.050  1582 19624 E OMX-VDEC-1080P: Extension: OMX.google.android.index.useAndroidNativeBuffer is supported
06-05 18:29:17.050  1582 19624 E OMX-VDEC-1080P: set_parameter: Error: 0x80001019, setting param 0x7f00005d
06-05 18:29:17.050  1582 19624 E OMXNodeInstance: setParameter(0xf1026204:qcom.decoder.hevc, OMX.google.android.index.allocateNativeHandle(0x7f00005d): Output:1 en=0) ERROR: UnsupportedSetting(0x80001019)
06-05 18:29:17.050  1582 19624 E OMX-VDEC-1080P: Extension: OMX.google.android.index.storeANWBufferInMetadata not implemented
06-05 18:29:17.050  1582 19624 I OMX_VPP : set meta buffer mode: True
06-05 18:29:17.050  1582 19624 E OMX-VDEC-1080P: get_parameter: unknown param 6f600011
06-05 18:29:17.050  1582 19624 E OMXNodeInstance: getParameter(0xf1026204:qcom.decoder.hevc, ??(0x6f600011)) ERROR: UnsupportedIndex(0x8000101a)
06-05 18:29:17.050 18541 11529 I ExtendedACodec: setupVideoDecoder()
06-05 18:29:17.051  1582 19624 I OMX_VPP : FRAME WIDTH 1280 FRAME HEIGHT 720
06-05 18:29:17.051  1582 19624 I OMX_VPP : get_parameter counts 28 28
06-05 18:29:17.051  1582 19624 I OMX_VPP : frc valid: true
06-05 18:29:17.051  1582 19624 I OMX_VPP : aie valid: true
06-05 18:29:17.051  1582 19624 I OMX_VPP : vpp setParameter err: out: 0, in: 0
06-05 18:29:17.051  1582 19624 I OMX_VPP : vpp setParameter completed
06-05 18:29:17.051 18541 11529 I ExtendedACodec: Decoder will be in frame by frame mode
06-05 18:29:17.052  1582 19624 E OMX-VDEC-1080P: Setparameter: unknown param 2130706434
06-05 18:29:17.052  1582 19624 E OMX-VDEC-1080P: set_parameter: Error: 0x8000101a, setting param 0x7f000002
06-05 18:29:17.052  1582 19624 E OMXNodeInstance: setParameter(0xf1026204:qcom.decoder.hevc, ??(0x7f000002)) ERROR: UnsupportedIndex(0x8000101a)
06-05 18:29:17.052 18541 11529 W ExtendedACodec: Failed to set frame packing format on component
06-05 18:29:17.054  1582 19624 I OMX_VPP : FRAME WIDTH 1280 FRAME HEIGHT 720
06-05 18:29:17.054  1582 19624 I OMX_VPP : get_parameter counts 28 28
06-05 18:29:17.054  1582 19624 I OMX_VPP : FRAME WIDTH 1280 FRAME HEIGHT 720
06-05 18:29:17.054  1582 19624 I OMX_VPP : get_parameter counts 28 28
06-05 18:29:17.054  1582 19624 E OMXNodeInstance: getConfig(0xf1026204:qcom.decoder.hevc, ??(0x7f000062)) ERROR: UnsupportedSetting(0x80001019)
06-05 18:29:17.056  1582 19624 I OMX_VPP : send_command In 0 param1 2
06-05 18:29:17.062  1582 11519 I OMX-VDEC-1080P: set_frame_rate: the current time is 182917
06-05 18:29:17.070  1582 19623 I OMX_VPP : FRAME WIDTH 1280 FRAME HEIGHT 720
06-05 18:29:17.070  1582 19623 I OMX_VPP : get_parameter counts 28 28
06-05 18:29:17.070  1582 19623 I OMX_VPP : FRAME WIDTH 1280 FRAME HEIGHT 720
06-05 18:29:17.070  1582 19623 I OMX_VPP : get_parameter counts 28 28
06-05 18:29:17.070  1582 19623 E OMX-VDEC-1080P: Extension: OMX.google.android.index.AndroidNativeBufferConsumerUsage not implemented
06-05 18:29:17.070 18541 11529 D SurfaceUtils: set up nativeWindow 0x7b53843010 for 720x1280, color 0x7fa30c06, rotation 0, usage 0x20402900
06-05 18:29:17.070  1582 19623 I OMX_VPP : frc valid: true
06-05 18:29:17.070  1582 19623 I OMX_VPP : aie valid: true
06-05 18:29:17.071  1582 19623 I OMX_VPP : RegisterClientBuffer: omxBuf=0xf113d500, id=0, obdIdx=0, invalid=0, omxHdr=0xf0ebfc00, vppBuf=0xf113d510, handle=0xf173dfd0, pool=0
06-05 18:29:17.071  1582 19623 I OMX_VPP : RegisterClientBuffer: omxBuf=0xf12f6e30, id=1, obdIdx=0, invalid=0, omxHdr=0xf0ebfc50, vppBuf=0xf12f6e40, handle=0xf0efe138, pool=0
06-05 18:29:17.071  1582 19623 I OMX_VPP : RegisterClientBuffer: omxBuf=0xf12fa0f0, id=2, obdIdx=0, invalid=0, omxHdr=0xf0ebfca0, vppBuf=0xf12fa100, handle=0xf0efe140, pool=0
06-05 18:29:17.071  1582 19623 I OMX_VPP : RegisterClientBuffer: omxBuf=0xf12f77d0, id=3, obdIdx=0, invalid=0, omxHdr=0xf0ebfcf0, vppBuf=0xf12f77e0, handle=0xf0efe148, pool=0
06-05 18:29:17.071  1582 19623 I OMX_VPP : RegisterClientBuffer: omxBuf=0xf12f78b0, id=4, obdIdx=0, invalid=0, omxHdr=0xf0ebfd40, vppBuf=0xf12f78c0, handle=0xf0efe1e8, pool=0
06-05 18:29:17.071  1582 19623 I OMX_VPP : RegisterClientBuffer: omxBuf=0xf12f85d0, id=5, obdIdx=0, invalid=0, omxHdr=0xf0ebfd90, vppBuf=0xf12f85e0, handle=0xf0efe218, pool=0
06-05 18:29:17.071  1582 19623 I OMX_VPP : RegisterClientBuffer: omxBuf=0xf12f86b0, id=6, obdIdx=0, invalid=0, omxHdr=0xf0ebfde0, vppBuf=0xf12f86c0, handle=0xf0efe220, pool=0
06-05 18:29:17.071  1582 19623 I OMX_VPP : RegisterClientBuffer: omxBuf=0xf12f8790, id=7, obdIdx=0, invalid=0, omxHdr=0xf0ebfe30, vppBuf=0xf12f87a0, handle=0xf0efe230, pool=0
06-05 18:29:17.071  1582 19623 I OMX_VPP : RegisterClientBuffer: omxBuf=0xf12f89c0, id=8, obdIdx=0, invalid=0, omxHdr=0xf0ebfe80, vppBuf=0xf12f89d0, handle=0xf0efe238, pool=0
06-05 18:29:17.071  1582 19623 I OMX_VPP : RegisterClientBuffer: omxBuf=0xf12f8aa0, id=9, obdIdx=0, invalid=0, omxHdr=0xf0ebfed0, vppBuf=0xf12f8ab0, handle=0xf0efe260, pool=0
06-05 18:29:17.072  1582 19623 I OMX_VPP : RegisterClientBuffer: omxBuf=0xf12f8e20, id=10, obdIdx=0, invalid=0, omxHdr=0xf0ebff20, vppBuf=0xf12f8e30, handle=0xf0efe268, pool=0
