06-05 18:22:04.983  7276  7276 W NativeThread: type=1400 audit(0.0:5704): avc: denied { read } for name="version" dev="proc" ino=4026532263 scontext=u:r:untrusted_app:s0:c13,c257,c512,c768 tcontext=u:object_r:proc_version:s0 tclass=file permissive=0 app=com.lazada.android
06-05 18:22:04.994  7276  7667 W libc    : Access denied finding property "ro.serialno"
06-05 18:22:05.010  7276  7667 D IdProviderImpl: getOAID
06-05 18:22:05.017  7276  7667 W libc    : Access denied finding property "wifi.interface"
06-05 18:22:05.037  2999  3847 W TelephonyPermissions: reportAccessDeniedToReadIdentifiers:com.lazada.android:getImei:1
06-05 18:22:05.041  2999  3847 W TelephonyPermissions: reportAccessDeniedToReadIdentifiers:com.lazada.android:getImei:2
06-05 18:22:05.044  2999  3847 W TelephonyPermissions: reportAccessDeniedToReadIdentifiers:com.lazada.android:getMeid:1
06-05 18:22:05.064  1850  2724 W WifiService: Permission violation - getConfiguredNetworks not allowed for uid=10269, packageName=com.lazada.android, reason=java.lang.SecurityException: Location mode is disabled for the device
06-05 18:22:05.068  1850  2724 W WifiService: Permission violation - getConfiguredNetworks not allowed for uid=10269, packageName=com.lazada.android, reason=java.lang.SecurityException: Location mode is disabled for the device
06-05 18:22:05.085   991   991 I WVCdm   : [app][com.lazada.android] calling virtual Return<void> wvdrm::hardware::drm::V1_3::widevine::WVDrmFactory::createPlugin(const hidl_array<uint8_t, 16> &, const android::hardware::hidl_string &, android::hardware::drm::V1_3::IDrmFactory::createPlugin_cb)
06-05 18:22:05.086   991   991 I WVCdm   : [cdm_engine.cpp(563):QueryStatus] Querying status
06-05 18:22:05.086   991   991 D WVCdm   : [crypto_session.cpp(763):Open] Opening crypto session: requested_security_level = Default
06-05 18:22:05.089   991   991 I QCOM-OEMCrypto: Open session: 1000
06-05 18:22:05.091   991   991 I QCOM-OEMCrypto: Closed session: 1000
06-05 18:22:05.092   991   991 E WVCdm   : [wv_content_decryption_module.cpp(389):GetMetrics] Cdm Identifier not found
06-05 18:22:05.093   991   991 E WVCdm   : [wv_content_decryption_module.cpp(449):CloseCdm] Cdm Identifier not found
06-05 18:22:05.093   991   991 E WVCdm   : Failed to close cdm. status 12
06-05 18:22:05.126   609   647 D DrmLibTime: got the req here! ret=0
06-05 18:22:05.126   609   647 D DrmLibTime: command id, time_cmd_id = 770
06-05 18:22:05.126   609   647 D DrmLibTime: time_getutcsec starts!
06-05 18:22:05.126   609   647 D DrmLibTime: QSEE Time Listener: time_getutcsec
06-05 18:22:05.126   609   647 D DrmLibTime: QSEE Time Listener: get_utc_seconds
06-05 18:22:05.126   609   647 D DrmLibTime: QSEE Time Listener: time_get_modem_time
06-05 18:22:05.126   609   647 D DrmLibTime: QSEE Time Listener: Checking if ATS_MODEM is set or not.
06-05 18:22:05.126   609   647 D QC-time-services: Lib:time_genoff_operation: pargs->base = 13
06-05 18:22:05.126   609   647 D QC-time-services: Lib:time_genoff_operation: pargs->operation = 2
06-05 18:22:05.126   609   647 D QC-time-services: Lib:time_genoff_operation: pargs->ts_val = 0
06-05 18:22:05.126   609   647 D QC-time-services: Lib:time_genoff_operation: Send to server  passed!!
06-05 18:22:05.127   850  1167 D QC-time-services: Daemon: Connection accepted:time_genoff
06-05 18:22:05.129   850  8087 D QC-time-services: Daemon:Received base = 13, unit = 1, operation = 2,value = 0
06-05 18:22:05.129   850  8087 D QC-time-services: Daemon:genoff_opr: Base = 13, val = 0, operation = 2
06-05 18:22:05.129   850  8087 D QC-time-services: offset is: 1 for base: 13
06-05 18:22:05.129   609   647 E QC-time-services: Receive Passed == base = 13, unit = 1, operation = 2, result = 0
06-05 18:22:05.129   609   647 D DrmLibTime: QSEE Time Listener: ATS_MODEM is set. Try to retrieve it.
06-05 18:22:05.130   850  1167 E QC-time-services: Daemon: Time-services: Waiting to acceptconnection
06-05 18:22:05.130   850  1167 D QC-time-services: Daemon: Connection accepted:time_genoff
06-05 18:22:05.130   850  8088 D QC-time-services: Daemon:Received base = 13, unit = 1, operation = 1,value = 0
06-05 18:22:05.130   850  8088 D QC-time-services: Daemon:genoff_opr: Base = 13, val = 0, operation = 1
06-05 18:22:05.130   850  8088 D QC-time-services: Daemon: genoff get for 13
06-05 18:22:05.130   850  8088 D QC-time-services: Daemon:Value read from QTimer mseconds = 9311319
06-05 18:22:05.130   850  8088 D QC-time-services: Daemon:Value read from RTC mseconds on boot = 28120974000
06-05 18:22:05.130   850  8088 D QC-time-services: Daemon:Value read from QTimer mseconds = 9311319
06-05 18:22:05.130   850  8088 D QC-time-services: Daemon:Value read from generic offset = 1626294251302
06-05 18:22:05.130   850  8088 D QC-time-services: Daemon:Delta read on boot mseconds = 28120961683
06-05 18:22:05.130   850  8088 D QC-time-services: Daemon:Final Time = 1654424524304
06-05 18:22:05.130   609   647 D DrmLibTime: QSEE Time Listener: Time GenOff - seconds: 1654424524
06-05 18:22:05.130   609   647 D DrmLibTime: time_getutcsec returns 0, sec = 1654424524; nsec = 0
06-05 18:22:05.130   609   647 D DrmLibTime: time_getutcsec finished!
06-05 18:22:05.130   609   647 D DrmLibTime: iotcl_continue_command finished! and return 0
06-05 18:22:05.130   609   647 D DrmLibTime: before calling ioctl to read the next time_cmd
06-05 18:22:05.132   850  1167 E QC-time-services: Daemon: Time-services: Waiting to acceptconnection
06-05 18:22:05.200  7276  7667 W Settings: Setting bluetooth_on has moved from android.provider.Settings.Secure to android.provider.Settings.Global.
06-05 18:22:05.204  7276  7667 W Settings: Setting wifi_on has moved from android.provider.Settings.Secure to android.provider.Settings.Global.
06-05 18:22:05.205  7276  7667 W Settings: Setting adb_enabled has moved from android.provider.Settings.Secure to android.provider.Settings.Global.
06-05 18:22:05.205  7276  7667 W Settings: Setting development_settings_enabled has moved from android.provider.Settings.Secure to android.provider.Settings.Global.
06-05 18:22:05.206  7276  7667 W Settings: Setting data_roaming has moved from android.provider.Settings.Secure to android.provider.Settings.Global.
06-05 18:22:05.226  7276  7667 W Settings: Setting mobile_data has moved from android.provider.Settings.Secure to android.provider.Settings.Global.
06-05 18:22:05.242  2999  3847 W TelephonyPermissions: reportAccessDeniedToReadIdentifiers:com.lazada.android:getImei:1
06-05 18:22:05.245  2999  3847 W TelephonyPermissions: reportAccessDeniedToReadIdentifiers:com.lazada.android:getImei:2
06-05 18:22:05.248  2999  3847 W TelephonyPermissions: reportAccessDeniedToReadIdentifiers:com.lazada.android:getMeid:1
06-05 18:22:05.249  7276  7667 W libc    : Access denied finding property "ro.ril.oem.sno"
06-05 18:22:05.249  7276  7667 W libc    : Access denied finding property "ro.ril.oem.psno"
06-05 18:22:05.254  2999  3847 W TelephonyPermissions: reportAccessDeniedToReadIdentifiers:com.lazada.android:getSmallDeviceId:-1
06-05 18:22:05.257  2999  3847 W TelephonyPermissions: reportAccessDeniedToReadIdentifiers:com.lazada.android:getDeviceId:-1
06-05 18:22:05.257  7276  7667 D IdProviderImpl: getAAID
06-05 18:22:05.260  7276  7667 D IdProviderImpl: getOAID
06-05 18:22:05.261  7276  7667 D IdProviderImpl: getVAID
06-05 18:22:05.295  7784  7799 W System  : A resource failed to call close.
06-05 18:22:05.296  7784  7799 W System  : A resource failed to call close.
06-05 18:22:05.296  7784  7799 W System  : A resource failed to call close.
06-05 18:22:05.296  7784  7799 W System  : A resource failed to call close.
06-05 18:22:05.297  7784  7799 W System  : A resource failed to call close.
06-05 18:22:05.297  7784  7799 W System  : A resource failed to call close.
06-05 18:22:05.297  7784  7799 W System  : A resource failed to call close.
06-05 18:22:05.297  7784  7799 W System  : A resource failed to call close.
06-05 18:22:05.297  7784  7799 W System  : A resource failed to call close.
06-05 18:22:05.297  7784  7799 W System  : A resource failed to call close.
06-05 18:22:05.297  7784  7799 W System  : A resource failed to call close.
06-05 18:22:05.297  7784  7799 W System  : A resource failed to call close.
06-05 18:22:05.297  7784  7799 W System  : A resource failed to call close.
06-05 18:22:05.297  7784  7799 W System  : A resource failed to call close.
06-05 18:22:05.297  7784  7799 W System  : A resource failed to call close.
06-05 18:22:05.297  7784  7799 W System  : A resource failed to call close.
06-05 18:22:05.297  7784  7799 W System  : A resource failed to call close.
06-05 18:22:05.297  7784  7799 W System  : A resource failed to call close.
06-05 18:22:05.297  7784  7799 W System  : A resource failed to call close.
06-05 18:22:05.297  7784  7799 W System  : A resource failed to call close.
06-05 18:22:05.297  7784  7799 W System  : A resource failed to call close.
06-05 18:22:05.297  7784  7799 W System  : A resource failed to call close.
06-05 18:22:05.297  7784  7799 W System  : A resource failed to call close.
06-05 18:22:05.297  7784  7799 W System  : A resource failed to call close.
06-05 18:22:05.431  7276  7276 W NativeThread: type=1400 audit(0.0:5771): avc: denied { search } for name="block" dev="tmpfs" ino=1613 scontext=u:r:untrusted_app:s0:c13,c257,c512,c768 tcontext=u:object_r:block_device:s0 tclass=dir permissive=0 app=com.lazada.android
06-05 18:22:05.443  7276  7276 W NativeThread: type=1400 audit(0.0:5772): avc: denied { read } for name="u:object_r:wifi_hal_prop:s0" dev="tmpfs" ino=12162 scontext=u:r:untrusted_app:s0:c13,c257,c512,c768 tcontext=u:object_r:wifi_hal_prop:s0 tclass=file permissive=0 app=com.lazada.android
06-05 18:22:05.445  7276  7667 W libc    : Access denied finding property "wifi.interface"
06-05 18:22:05.451  7276  7276 W NativeThread: type=1400 audit(0.0:5773): avc: denied { read } for name="u:object_r:wifi_hal_prop:s0" dev="tmpfs" ino=12162 scontext=u:r:untrusted_app:s0:c13,c257,c512,c768 tcontext=u:object_r:wifi_hal_prop:s0 tclass=file permissive=0 app=com.lazada.android
06-05 18:22:05.451  7276  7276 W NativeThread: type=1400 audit(0.0:5774): avc: denied { read } for name="u:object_r:serialno_prop:s0" dev="tmpfs" ino=11983 scontext=u:r:untrusted_app:s0:c13,c257,c512,c768 tcontext=u:object_r:serialno_prop:s0 tclass=file permissive=0 app=com.lazada.android
06-05 18:22:05.451  7276  7276 W NativeThread: type=1400 audit(0.0:5775): avc: denied { read } for name="u:object_r:sno_prop:s0" dev="tmpfs" ino=11986 scontext=u:r:untrusted_app:s0:c13,c257,c512,c768 tcontext=u:object_r:sno_prop:s0 tclass=file permissive=0 app=com.lazada.android
06-05 18:22:05.453  7276  7667 W libc    : Access denied finding property "wifi.interface"
06-05 18:22:05.454  7276  7667 W libc    : Access denied finding property "ro.ril.oem.sno"
06-05 18:22:05.454  7276  7667 W libc    : Access denied finding property "ro.ril.oem.psno"
06-05 18:22:05.455  7276  7667 W libc    : Access denied finding property "persist.radio.imei"
06-05 18:22:05.455  7276  7667 W libc    : Access denied finding property "persist.radio.imei2"
06-05 18:22:05.455  7276  7667 W libc    : Access denied finding property "persist.radio.meid"
06-05 18:22:05.665  2999  2999 D DynamicService:  ACTION_BATTERY_CHANGED change,USB plug = 2
06-05 18:22:05.665  7552  7931 D ThermalIECHandler: storeDataStyle: thermal_iec_monitor_persistence_data_style_iec_state; startIECTime: -1; IECScreenOffOverPeriodTime: -1
06-05 18:22:05.665  6316  6316 I BatteryInfoReceiver: ACTION_BATTERY_CHANGED
06-05 18:22:05.667  7552  7645 D PowerKeeper.Thermal: mBatteryTemperature: 42
06-05 18:22:05.667  7552  7857 D PowerCheckerService: onBatteryChanged, mBatteryLevel = 56, status = 2, level = 56, plug = 2, scale = 100
06-05 18:22:05.668  2992  2992 V DeviceStatisticsService: chargerType=2 batteryLevel=56 totalBatteryCapacity=4252500
06-05 18:22:05.668  2992  2992 D DeviceInfoHidlClient: isRadioOn()=true
06-05 18:22:05.668  2992  2992 I DeviceInfoHidlClient: isPowerInfoNeverSent=false batteryLevel=56 batteryLevelIndex=2 chargingMode=2 totalCapacity=4252500 powerSaveMode=false
06-05 18:22:05.766  1850  2553 D MIUIInput: [MotionEvent] publisher action=0x4, 5113813, channel '613871d com.miui.securitycenter (server)'
06-05 18:22:05.767  1850  2553 D MIUIInput: [MotionEvent] publisher action=0x4, 5113813, channel 'ef6ede1 com.miui.securitycenter (server)'
06-05 18:22:05.767  1850  2553 D MIUIInput: [MotionEvent] publisher action=0x0, 5113813, channel '1b9faa8 com.blizzard.wtcg.hearthstone/com.blizzard.wtcg.hearthstone.HearthstoneActivity (server)'
06-05 18:22:05.767  7693  7693 I GameBoxTouchListener: onTouch: 	mAdded=false	isLeftShowfalse
06-05 18:22:05.769  7693  7693 I GameBoxTouchListener: onTouch: 	mAdded=false	isLeftShowtrue
06-05 18:22:05.793  1850  2553 D MIUIInput: [MotionEvent] publisher action=0x1, 5113840, channel '1b9faa8 com.blizzard.wtcg.hearthstone/com.blizzard.wtcg.hearthstone.HearthstoneActivity (server)'
06-05 18:22:05.837  1850  2553 D MIUIInput: [MotionEvent] publisher action=0x4, 5113884, channel '613871d com.miui.securitycenter (server)'
06-05 18:22:05.837  1850  2553 D MIUIInput: [MotionEvent] publisher action=0x4, 5113884, channel 'ef6ede1 com.miui.securitycenter (server)'
06-05 18:22:05.837  1850  2553 D MIUIInput: [MotionEvent] publisher action=0x0, 5113884, channel '1b9faa8 com.blizzard.wtcg.hearthstone/com.blizzard.wtcg.hearthstone.HearthstoneActivity (server)'
06-05 18:22:05.838  7693  7693 I GameBoxTouchListener: onTouch: 	mAdded=false	isLeftShowfalse
06-05 18:22:05.838  7693  7693 I GameBoxTouchListener: onTouch: 	mAdded=false	isLeftShowtrue
06-05 18:22:05.921  7276  7667 I ValarMorghulis: 0ooo======3906/////////1763
06-05 18:22:05.926  7276  7667 I ValarMorghulis: 0ooo======3906****/////////1752
06-05 18:22:05.959  1103  6927 I audioserver: setGameParameters keyvalue: xlog.volume.music.speaker=54
06-05 18:22:05.959   975  2575 D audio_hw_primary: adev_set_parameters: enter: xlog.volume.music.speaker=54
06-05 18:22:05.959   975  2575 V msm8974_platform: platform_set_parameters: enter: xlog.volume.music.speaker=54
06-05 18:22:05.959   975  2575 D audio_hw_hfp: hfp_set_parameters: enter
06-05 18:22:05.959   975  2575 D audio_hw_hfp: hfp_set_parameters: enter
06-05 18:22:05.959   975  2575 V a2dp_offload: end of a2dp setparam
06-05 18:22:05.959   975  2575 D audio_hw_cspl_cal: cirrus_cal_setparameters: enter 0xf3003600
06-05 18:22:05.959   975  2575 D audio_hw_extn: audio_extn_fm_set_parameters: Enter
06-05 18:22:05.959   975  2575 D audio_hw_hfp: hfp_set_parameters: enter
06-05 18:22:05.959   975  2575 V a2dp_offload: end of a2dp setparam
06-05 18:22:05.960   975  2575 D audio_hw_primary: adev_set_parameters: exit with code(0)
06-05 18:22:05.962  1103  6927 I audioserver: setGameParameters keyvalue: xlog.volume.music.speaker=54
06-05 18:22:05.962   975  2575 D audio_hw_primary: adev_set_parameters: enter: xlog.volume.music.speaker=54
06-05 18:22:05.962   975  2575 V msm8974_platform: platform_set_parameters: enter: xlog.volume.music.speaker=54
06-05 18:22:05.962   975  2575 D audio_hw_hfp: hfp_set_parameters: enter
06-05 18:22:05.962   975  2575 D audio_hw_hfp: hfp_set_parameters: enter
06-05 18:22:05.962   975  2575 V a2dp_offload: end of a2dp setparam
06-05 18:22:05.962   975  2575 D audio_hw_cspl_cal: cirrus_cal_setparameters: enter 0xf3003600
06-05 18:22:05.962   975  2575 D audio_hw_extn: audio_extn_fm_set_parameters: Enter
06-05 18:22:05.962   975  2575 D audio_hw_hfp: hfp_set_parameters: enter
06-05 18:22:05.962   975  2575 V a2dp_offload: end of a2dp setparam
06-05 18:22:05.962   975  2575 D audio_hw_primary: adev_set_parameters: exit with code(0)
06-05 18:22:06.344  1850  2553 D MIUIInput: [MotionEvent] publisher action=0x1, 5114391, channel '1b9faa8 com.blizzard.wtcg.hearthstone/com.blizzard.wtcg.hearthstone.HearthstoneActivity (server)'
06-05 18:22:06.443  1850  2553 D MIUIInput: [MotionEvent] publisher action=0x4, 5114490, channel '613871d com.miui.securitycenter (server)'
06-05 18:22:06.444  1850  2553 D MIUIInput: [MotionEvent] publisher action=0x4, 5114490, channel 'ef6ede1 com.miui.securitycenter (server)'
06-05 18:22:06.444  1850  2553 D MIUIInput: [MotionEvent] publisher action=0x0, 5114490, channel '1b9faa8 com.blizzard.wtcg.hearthstone/com.blizzard.wtcg.hearthstone.HearthstoneActivity (server)'
06-05 18:22:06.444  7693  7693 I GameBoxTouchListener: onTouch: 	mAdded=false	isLeftShowfalse
06-05 18:22:06.445  7693  7693 I GameBoxTouchListener: onTouch: 	mAdded=false	isLeftShowtrue
06-05 18:22:06.523  1850  1941 D PerfImpl: perfGetWorkLoadType
06-05 18:22:06.523  1034  1034 E vendor.qti.hardware.perf@2.2-service: Unknown params
06-05 18:22:06.524  1034  1034 I ANDR-PERF-LM: LMPerfGlue: perfmodule_submit_request() 132: perfmodule_submit_request()
06-05 18:22:06.524  1034  1034 I ANDR-PERF-LM: Core: getInstance() 84: LM getInstance
06-05 18:22:06.524  1034  1034 D ANDR-PERF-LM: Feature: lookup() 101: Feature Name = AppClassifier, total featuers = 3, featureFound = 1
06-05 18:22:06.524  1034  1034 D ANDR-PERF-LM: Feature: getData() 112: data.data = 2
06-05 18:22:06.524  1034  1034 I ANDR-PERF-LM: FeedbackAPI: getFeedback() 60: app:com.blizzard.wtcg.hearthstone feature:AppClassifier feedback = 2
06-05 18:22:06.524  1850  1941 D PerfImpl: perfGetWorkLoadType
06-05 18:22:06.524  1034  1034 E vendor.qti.hardware.perf@2.2-service: Unknown params
06-05 18:22:06.524  1034  1034 I ANDR-PERF-LM: LMPerfGlue: perfmodule_submit_request() 132: perfmodule_submit_request()
06-05 18:22:06.524  1034  1034 I ANDR-PERF-LM: Core: getInstance() 84: LM getInstance
06-05 18:22:06.524  1034  1034 D ANDR-PERF-LM: Feature: lookup() 101: Feature Name = AppClassifier, total featuers = 3, featureFound = 1
06-05 18:22:06.524  1034  1034 D ANDR-PERF-LM: Feature: getData() 112: data.data = 2
06-05 18:22:06.524  1034  1034 I ANDR-PERF-LM: FeedbackAPI: getFeedback() 60: app:com.blizzard.wtcg.hearthstone feature:AppClassifier feedback = 2
06-05 18:22:06.524  1850  1941 D PerfImpl: perfLockRelease
06-05 18:22:06.689  1850  2553 D MIUIInput: [MotionEvent] publisher action=0x1, 5114737, channel '1b9faa8 com.blizzard.wtcg.hearthstone/com.blizzard.wtcg.hearthstone.HearthstoneActivity (server)'
06-05 18:22:06.691  1850  1941 D PerfImpl: perfGetWorkLoadType
06-05 18:22:06.691  1034  1034 E vendor.qti.hardware.perf@2.2-service: Unknown params
06-05 18:22:06.691  1034  1034 I ANDR-PERF-LM: LMPerfGlue: perfmodule_submit_request() 132: perfmodule_submit_request()
06-05 18:22:06.691  1034  1034 I ANDR-PERF-LM: Core: getInstance() 84: LM getInstance
06-05 18:22:06.691  1034  1034 D ANDR-PERF-LM: Feature: lookup() 101: Feature Name = AppClassifier, total featuers = 3, featureFound = 1
06-05 18:22:06.691  1034  1034 D ANDR-PERF-LM: Feature: getData() 112: data.data = 2
06-05 18:22:06.691  1034  1034 I ANDR-PERF-LM: FeedbackAPI: getFeedback() 60: app:com.blizzard.wtcg.hearthstone feature:AppClassifier feedback = 2
06-05 18:22:06.691  1850  1941 D PerfImpl: perfGetWorkLoadType
06-05 18:22:06.692  1034  1034 E vendor.qti.hardware.perf@2.2-service: Unknown params
06-05 18:22:06.692  1034  1034 I ANDR-PERF-LM: LMPerfGlue: perfmodule_submit_request() 132: perfmodule_submit_request()
06-05 18:22:06.692  1034  1034 I ANDR-PERF-LM: Core: getInstance() 84: LM getInstance
06-05 18:22:06.692  1034  1034 D ANDR-PERF-LM: Feature: lookup() 101: Feature Name = AppClassifier, total featuers = 3, featureFound = 1
06-05 18:22:06.692  1034  1034 D ANDR-PERF-LM: Feature: getData() 112: data.data = 2
06-05 18:22:06.692  1034  1034 I ANDR-PERF-LM: FeedbackAPI: getFeedback() 60: app:com.blizzard.wtcg.hearthstone feature:AppClassifier feedback = 2
06-05 18:22:06.692  1850  1941 D PerfImpl: perfLockRelease
06-05 18:22:06.928  1850  2553 D MIUIInput: [MotionEvent] publisher action=0x4, 5114975, channel '613871d com.miui.securitycenter (server)'
06-05 18:22:06.928  1850  2553 D MIUIInput: [MotionEvent] publisher action=0x4, 5114975, channel 'ef6ede1 com.miui.securitycenter (server)'
06-05 18:22:06.929  1850  2553 D MIUIInput: [MotionEvent] publisher action=0x0, 5114975, channel '1b9faa8 com.blizzard.wtcg.hearthstone/com.blizzard.wtcg.hearthstone.HearthstoneActivity (server)'
06-05 18:22:06.929  7693  7693 I GameBoxTouchListener: onTouch: 	mAdded=false	isLeftShowfalse
06-05 18:22:06.929  7693  7693 I GameBoxTouchListener: onTouch: 	mAdded=false	isLeftShowtrue
06-05 18:22:06.974  1850  2553 D MIUIInput: [MotionEvent] publisher action=0x1, 5115022, channel '1b9faa8 com.blizzard.wtcg.hearthstone/com.blizzard.wtcg.hearthstone.HearthstoneActivity (server)'
06-05 18:22:07.174  1850  2634 I MiuiNetworkPolicy: updateUidState uid = 10291, uidState = 19
06-05 18:22:07.425  1850  2553 D MIUIInput: [MotionEvent] publisher action=0x4, 5115472, channel '613871d com.miui.securitycenter (server)'
06-05 18:22:07.425  1850  2553 D MIUIInput: [MotionEvent] publisher action=0x4, 5115472, channel 'ef6ede1 com.miui.securitycenter (server)'
06-05 18:22:07.425  1850  2553 D MIUIInput: [MotionEvent] publisher action=0x0, 5115472, channel '1b9faa8 com.blizzard.wtcg.hearthstone/com.blizzard.wtcg.hearthstone.HearthstoneActivity (server)'
06-05 18:22:07.426  7693  7693 I GameBoxTouchListener: onTouch: 	mAdded=false	isLeftShowfalse
06-05 18:22:07.426  7693  7693 I GameBoxTouchListener: onTouch: 	mAdded=false	isLeftShowtrue
06-05 18:22:07.473  1850  2553 D MIUIInput: [MotionEvent] publisher action=0x1, 5115521, channel '1b9faa8 com.blizzard.wtcg.hearthstone/com.blizzard.wtcg.hearthstone.HearthstoneActivity (server)'
06-05 18:22:07.539  7276  7448 I WebViewFactory: Loading com.google.android.webview version 101.0.4951.61 (code 495106134)
06-05 18:22:07.584  7276  7448 I cr_WVCFactoryProvider: Loaded version=101.0.4951.61 minSdkVersion=29 isBundle=true multiprocess=true packageId=2
06-05 18:22:07.600  7276  7448 I cr_LibraryLoader: Successfully loaded native library
06-05 18:22:07.601  7276  7448 I cr_CachingUmaRecorder: Flushed 8 samples from 8 histograms.
06-05 18:22:08.338  2999  3462 D MI_RIL_OEM_HOOK: onPkHookCommonMsg, msg_id = 65
06-05 18:22:08.338  2999  3462 D MI_RIL_OEM_HOOK: onGetHookMsgBytes, HOOK_HEAD_SIZE = 16, msg_len = 4
06-05 18:22:08.338  2999  3462 D MI_RIL_OEM_HOOK: onHookSendSync, phoneId = 0
06-05 18:22:08.340  2930  2930 D QcrilMsgTunnelIfaceManager: handleMessage what = 1
06-05 18:22:08.340  2930  2930 I QcrilOemhookMsgTunnel: [0]invokeOemRilRequestRaw: serial=2042 length=36
06-05 18:22:08.380  1793  2006 D XIAOMI_QCRIL: RIL[lib][xiaomi_extend_nvefs.c:52] xiaomi_qmi_result_map: xiaomi_qmi_result_map, old_result 0, new_result 0
06-05 18:22:08.381  2930  3267 I QcrilOemhookMsgTunnel: [0]processOemHookResponse serial no: 2042 error: 0length=16
06-05 18:22:08.382  2930  2930 D QcrilMsgTunnelIfaceManager: handleMessage what = 2
06-05 18:22:08.382  2999  3462 D QC_RIL_OEM_HOOK: sendOemRilRequestRaw returns value = 16
06-05 18:22:08.382  2999  3462 D ModemSarController_8250: type = 65, len = 4, value = 0
06-05 18:22:08.655  7784  7967 I ValarMorghulis: __1749
06-05 18:22:09.818  7784  7904 V HighwayApp: The address of obj is 0x2102  19999.Page_EcoOneSDK.one_store_encrypt_key_hash
06-05 18:22:09.818  7784  7895 V HighwayApp: The address of obj is 0x20fa  19999.Page_EcoOneSDK.one_acquire_process_lock_error
06-05 18:22:09.818  7784  7904 V HighwayApp: The address of obj delete invalid Event is 0x2102
06-05 18:22:09.818  7784  7895 V HighwayApp: The address of obj delete invalid Event is 0x20fa
06-05 18:22:09.819  7784  7904 V HighwayApp: The address of obj is 0x2106  19999.Page_EcoOneSDK.orange_set_online_host
06-05 18:22:09.819  7784  7904 V HighwayApp: The address of obj delete invalid Event is 0x2106
06-05 18:22:10.005  1850  2553 D MIUIInput: [MotionEvent] publisher action=0x4, 5118052, channel '613871d com.miui.securitycenter (server)'
06-05 18:22:10.005  1850  2553 D MIUIInput: [MotionEvent] publisher action=0x4, 5118052, channel 'ef6ede1 com.miui.securitycenter (server)'
06-05 18:22:10.005  1850  2553 D MIUIInput: [MotionEvent] publisher action=0x0, 5118052, channel '1b9faa8 com.blizzard.wtcg.hearthstone/com.blizzard.wtcg.hearthstone.HearthstoneActivity (server)'
06-05 18:22:10.007  7693  7693 I GameBoxTouchListener: onTouch: 	mAdded=false	isLeftShowfalse
06-05 18:22:10.007  7693  7693 I GameBoxTouchListener: onTouch: 	mAdded=false	isLeftShowtrue
06-05 18:22:10.026  2953  3093 I Unity   : [Spell Pooling]  Acquired: Card_Hand_Ability_SpellPower_HintBurst(Clone)(Clone)
06-05 18:22:10.026  2953  3093 I Unity   : [Spell Pooling]  Acquired: Card_Hand_Ability_SpellPower_Hint(Clone)(Clone)
06-05 18:22:10.068  1850  1941 D PerfImpl: perfGetWorkLoadType
06-05 18:22:10.069  1034  1034 E vendor.qti.hardware.perf@2.2-service: Unknown params
06-05 18:22:10.069  1034  1034 I ANDR-PERF-LM: LMPerfGlue: perfmodule_submit_request() 132: perfmodule_submit_request()
06-05 18:22:10.069  1034  1034 I ANDR-PERF-LM: Core: getInstance() 84: LM getInstance
06-05 18:22:10.069  1034  1034 D ANDR-PERF-LM: Feature: lookup() 101: Feature Name = AppClassifier, total featuers = 3, featureFound = 1
06-05 18:22:10.069  1034  1034 D ANDR-PERF-LM: Feature: getData() 112: data.data = 2
06-05 18:22:10.069  1034  1034 I ANDR-PERF-LM: FeedbackAPI: getFeedback() 60: app:com.blizzard.wtcg.hearthstone feature:AppClassifier feedback = 2
06-05 18:22:10.069  1850  1941 D PerfImpl: perfGetWorkLoadType
06-05 18:22:10.069  1034  1034 E vendor.qti.hardware.perf@2.2-service: Unknown params
06-05 18:22:10.069  1034  1034 I ANDR-PERF-LM: LMPerfGlue: perfmodule_submit_request() 132: perfmodule_submit_request()
06-05 18:22:10.069  1034  1034 I ANDR-PERF-LM: Core: getInstance() 84: LM getInstance
06-05 18:22:10.069  1034  1034 D ANDR-PERF-LM: Feature: lookup() 101: Feature Name = AppClassifier, total featuers = 3, featureFound = 1
06-05 18:22:10.069  1034  1034 D ANDR-PERF-LM: Feature: getData() 112: data.data = 2
06-05 18:22:10.069  1034  1034 I ANDR-PERF-LM: FeedbackAPI: getFeedback() 60: app:com.blizzard.wtcg.hearthstone feature:AppClassifier feedback = 2
06-05 18:22:10.069  1850  1941 D PerfImpl: perfLockRelease
06-05 18:22:10.358  1850  2553 D MIUIInput: [MotionEvent] publisher action=0x1, 5118405, channel '1b9faa8 com.blizzard.wtcg.hearthstone/com.blizzard.wtcg.hearthstone.HearthstoneActivity (server)'
06-05 18:22:10.360  1850  1941 D PerfImpl: perfGetWorkLoadType
06-05 18:22:10.360  1034  1034 E vendor.qti.hardware.perf@2.2-service: Unknown params
06-05 18:22:10.360  1034  1034 I ANDR-PERF-LM: LMPerfGlue: perfmodule_submit_request() 132: perfmodule_submit_request()
06-05 18:22:10.360  1034  1034 I ANDR-PERF-LM: Core: getInstance() 84: LM getInstance
06-05 18:22:10.360  1034  1034 D ANDR-PERF-LM: Feature: lookup() 101: Feature Name = AppClassifier, total featuers = 3, featureFound = 1
06-05 18:22:10.360  1034  1034 D ANDR-PERF-LM: Feature: getData() 112: data.data = 2
06-05 18:22:10.360  1034  1034 I ANDR-PERF-LM: FeedbackAPI: getFeedback() 60: app:com.blizzard.wtcg.hearthstone feature:AppClassifier feedback = 2
06-05 18:22:10.360  1850  1941 D PerfImpl: perfGetWorkLoadType
06-05 18:22:10.360  1034  1034 E vendor.qti.hardware.perf@2.2-service: Unknown params
06-05 18:22:10.360  1034  1034 I ANDR-PERF-LM: LMPerfGlue: perfmodule_submit_request() 132: perfmodule_submit_request()
06-05 18:22:10.360  1034  1034 I ANDR-PERF-LM: Core: getInstance() 84: LM getInstance
06-05 18:22:10.360  1034  1034 D ANDR-PERF-LM: Feature: lookup() 101: Feature Name = AppClassifier, total featuers = 3, featureFound = 1
06-05 18:22:10.360  1034  1034 D ANDR-PERF-LM: Feature: getData() 112: data.data = 2
06-05 18:22:10.361  1034  1034 I ANDR-PERF-LM: FeedbackAPI: getFeedback() 60: app:com.blizzard.wtcg.hearthstone feature:AppClassifier feedback = 2
06-05 18:22:10.361  1850  1941 D PerfImpl: perfLockRelease
06-05 18:22:11.560  2999  2999 D DynamicService:  ACTION_BATTERY_CHANGED change,USB plug = 2
06-05 18:22:11.560  7552  7931 D ThermalIECHandler: storeDataStyle: thermal_iec_monitor_persistence_data_style_iec_state; startIECTime: -1; IECScreenOffOverPeriodTime: -1
06-05 18:22:11.561  6316  6316 I BatteryInfoReceiver: ACTION_BATTERY_CHANGED
06-05 18:22:11.562  2992  2992 V DeviceStatisticsService: chargerType=2 batteryLevel=56 totalBatteryCapacity=4251900
06-05 18:22:11.562  2992  2992 D DeviceInfoHidlClient: isRadioOn()=true
06-05 18:22:11.562  2992  2992 I DeviceInfoHidlClient: isPowerInfoNeverSent=false batteryLevel=56 batteryLevelIndex=2 chargingMode=2 totalCapacity=4251900 powerSaveMode=false
06-05 18:22:11.564  7552  7645 D PowerKeeper.Thermal: mBatteryTemperature: 42
06-05 18:22:11.564  7552  7857 D PowerCheckerService: onBatteryChanged, mBatteryLevel = 56, status = 2, level = 56, plug = 2, scale = 100
06-05 18:22:12.538  2953  3093 I Unity   : [Spell Pooling] Released: Card_Hand_Ability_SpellPower_HintBurst(Clone)(Clone)
06-05 18:22:12.538  2953  3093 I Unity   : [Spell Pooling] Released: Card_Hand_Ability_SpellPower_Hint(Clone)(Clone)
06-05 18:22:12.905  1850  2634 I MiuiNetworkPolicy: updateUidState uid = 10162, uidState = 19
06-05 18:22:12.969  1850  2553 D MIUIInput: [MotionEvent] publisher action=0x4, 5121016, channel '613871d com.miui.securitycenter (server)'
06-05 18:22:12.970  1850  2553 D MIUIInput: [MotionEvent] publisher action=0x4, 5121016, channel 'ef6ede1 com.miui.securitycenter (server)'
06-05 18:22:12.970  1850  2553 D MIUIInput: [MotionEvent] publisher action=0x0, 5121016, channel '1b9faa8 com.blizzard.wtcg.hearthstone/com.blizzard.wtcg.hearthstone.HearthstoneActivity (server)'
06-05 18:22:12.970  7693  7693 I GameBoxTouchListener: onTouch: 	mAdded=false	isLeftShowfalse
06-05 18:22:12.970  7693  7693 I GameBoxTouchListener: onTouch: 	mAdded=false	isLeftShowtrue
06-05 18:22:13.196  1850  2553 D MIUIInput: [MotionEvent] publisher action=0x1, 5121243, channel '1b9faa8 com.blizzard.wtcg.hearthstone/com.blizzard.wtcg.hearthstone.HearthstoneActivity (server)'
06-05 18:22:13.383  2999  3462 D MI_RIL_OEM_HOOK: onPkHookCommonMsg, msg_id = 65
06-05 18:22:13.383  2999  3462 D MI_RIL_OEM_HOOK: onGetHookMsgBytes, HOOK_HEAD_SIZE = 16, msg_len = 4
06-05 18:22:13.383  2999  3462 D MI_RIL_OEM_HOOK: onHookSendSync, phoneId = 0
06-05 18:22:13.384  2930  2930 D QcrilMsgTunnelIfaceManager: handleMessage what = 1
06-05 18:22:13.384  2930  2930 I QcrilOemhookMsgTunnel: [0]invokeOemRilRequestRaw: serial=2043 length=36
06-05 18:22:13.423  1793  2006 D XIAOMI_QCRIL: RIL[lib][xiaomi_extend_nvefs.c:52] xiaomi_qmi_result_map: xiaomi_qmi_result_map, old_result 0, new_result 0
06-05 18:22:13.424  2930  3267 I QcrilOemhookMsgTunnel: [0]processOemHookResponse serial no: 2043 error: 0length=16
06-05 18:22:13.425  2930  2930 D QcrilMsgTunnelIfaceManager: handleMessage what = 2
06-05 18:22:13.425  2999  3462 D QC_RIL_OEM_HOOK: sendOemRilRequestRaw returns value = 16
06-05 18:22:13.425  2999  3462 D ModemSarController_8250: type = 65, len = 4, value = 0
06-05 18:22:13.473  7784  7784 E ReceiveMgr: addOrangeConfig orange, isOpen =true
06-05 18:22:13.473  7784  8002 E ReceiveMgr: addOrangeConfig isOpen =true,enable = on
06-05 18:22:13.529  1850  2553 D MIUIInput: [MotionEvent] publisher action=0x4, 5121576, channel '613871d com.miui.securitycenter (server)'
06-05 18:22:13.529  1850  2553 D MIUIInput: [MotionEvent] publisher action=0x4, 5121576, channel 'ef6ede1 com.miui.securitycenter (server)'
06-05 18:22:13.529  1850  2553 D MIUIInput: [MotionEvent] publisher action=0x0, 5121576, channel '1b9faa8 com.blizzard.wtcg.hearthstone/com.blizzard.wtcg.hearthstone.HearthstoneActivity (server)'
06-05 18:22:13.529  7693  7693 I GameBoxTouchListener: onTouch: 	mAdded=false	isLeftShowfalse
06-05 18:22:13.529  7693  7693 I GameBoxTouchListener: onTouch: 	mAdded=false	isLeftShowtrue
06-05 18:22:13.592  1850  1941 D PerfImpl: perfGetWorkLoadType
06-05 18:22:13.593  1034  1034 E vendor.qti.hardware.perf@2.2-service: Unknown params
06-05 18:22:13.593  1034  1034 I ANDR-PERF-LM: LMPerfGlue: perfmodule_submit_request() 132: perfmodule_submit_request()
06-05 18:22:13.593  1034  1034 I ANDR-PERF-LM: Core: getInstance() 84: LM getInstance
06-05 18:22:13.593  1034  1034 D ANDR-PERF-LM: Feature: lookup() 101: Feature Name = AppClassifier, total featuers = 3, featureFound = 1
06-05 18:22:13.593  1034  1034 D ANDR-PERF-LM: Feature: getData() 112: data.data = 2
06-05 18:22:13.593  1034  1034 I ANDR-PERF-LM: FeedbackAPI: getFeedback() 60: app:com.blizzard.wtcg.hearthstone feature:AppClassifier feedback = 2
06-05 18:22:13.593  1850  1941 D PerfImpl: perfGetWorkLoadType
06-05 18:22:13.593  1034  1034 E vendor.qti.hardware.perf@2.2-service: Unknown params
06-05 18:22:13.593  1034  1034 I ANDR-PERF-LM: LMPerfGlue: perfmodule_submit_request() 132: perfmodule_submit_request()
06-05 18:22:13.593  1034  1034 I ANDR-PERF-LM: Core: getInstance() 84: LM getInstance
06-05 18:22:13.593  1034  1034 D ANDR-PERF-LM: Feature: lookup() 101: Feature Name = AppClassifier, total featuers = 3, featureFound = 1
06-05 18:22:13.593  1034  1034 D ANDR-PERF-LM: Feature: getData() 112: data.data = 2
06-05 18:22:13.593  1034  1034 I ANDR-PERF-LM: FeedbackAPI: getFeedback() 60: app:com.blizzard.wtcg.hearthstone feature:AppClassifier feedback = 2
06-05 18:22:13.594  1850  1941 D PerfImpl: perfLockRelease
06-05 18:22:13.772  1850  2553 D MIUIInput: [MotionEvent] publisher action=0x1, 5121819, channel '1b9faa8 com.blizzard.wtcg.hearthstone/com.blizzard.wtcg.hearthstone.HearthstoneActivity (server)'
06-05 18:22:13.774  1850  1941 D PerfImpl: perfGetWorkLoadType
06-05 18:22:13.775  1034  1034 E vendor.qti.hardware.perf@2.2-service: Unknown params
06-05 18:22:13.775  1034  1034 I ANDR-PERF-LM: LMPerfGlue: perfmodule_submit_request() 132: perfmodule_submit_request()
06-05 18:22:13.775  1034  1034 I ANDR-PERF-LM: Core: getInstance() 84: LM getInstance
06-05 18:22:13.775  1034  1034 D ANDR-PERF-LM: Feature: lookup() 101: Feature Name = AppClassifier, total featuers = 3, featureFound = 1
06-05 18:22:13.775  1034  1034 D ANDR-PERF-LM: Feature: getData() 112: data.data = 2
06-05 18:22:13.775  1034  1034 I ANDR-PERF-LM: FeedbackAPI: getFeedback() 60: app:com.blizzard.wtcg.hearthstone feature:AppClassifier feedback = 2
06-05 18:22:13.775  1850  1941 D PerfImpl: perfGetWorkLoadType
06-05 18:22:13.775  1034  1034 E vendor.qti.hardware.perf@2.2-service: Unknown params
06-05 18:22:13.775  1034  1034 I ANDR-PERF-LM: LMPerfGlue: perfmodule_submit_request() 132: perfmodule_submit_request()
06-05 18:22:13.775  1034  1034 I ANDR-PERF-LM: Core: getInstance() 84: LM getInstance
06-05 18:22:13.775  1034  1034 D ANDR-PERF-LM: Feature: lookup() 101: Feature Name = AppClassifier, total featuers = 3, featureFound = 1
06-05 18:22:13.776  1034  1034 D ANDR-PERF-LM: Feature: getData() 112: data.data = 2
06-05 18:22:13.776  1034  1034 I ANDR-PERF-LM: FeedbackAPI: getFeedback() 60: app:com.blizzard.wtcg.hearthstone feature:AppClassifier feedback = 2
06-05 18:22:13.776  1850  1941 D PerfImpl: perfLockRelease
06-05 18:22:15.706   689  8085 I keystore2: keystore2::watchdog: Watchdog thread idle -> terminating. Have a great day.
06-05 18:22:15.973  1103  1103 I audioserver: setGameParameters keyvalue: xlog.volume.music.speaker=54
06-05 18:22:15.973   975  2575 D audio_hw_primary: adev_set_parameters: enter: xlog.volume.music.speaker=54
06-05 18:22:15.973   975  2575 V msm8974_platform: platform_set_parameters: enter: xlog.volume.music.speaker=54
06-05 18:22:15.973   975  2575 D audio_hw_hfp: hfp_set_parameters: enter
06-05 18:22:15.973   975  2575 D audio_hw_hfp: hfp_set_parameters: enter
06-05 18:22:15.973   975  2575 V a2dp_offload: end of a2dp setparam
06-05 18:22:15.973   975  2575 D audio_hw_cspl_cal: cirrus_cal_setparameters: enter 0xf3003600
06-05 18:22:15.973   975  2575 D audio_hw_extn: audio_extn_fm_set_parameters: Enter
06-05 18:22:15.973   975  2575 D audio_hw_hfp: hfp_set_parameters: enter
06-05 18:22:15.973   975  2575 V a2dp_offload: end of a2dp setparam
06-05 18:22:15.973   975  2575 D audio_hw_primary: adev_set_parameters: exit with code(0)
06-05 18:22:15.974  1103  1103 I audioserver: setGameParameters keyvalue: xlog.volume.music.speaker=54
06-05 18:22:15.974   975  2575 D audio_hw_primary: adev_set_parameters: enter: xlog.volume.music.speaker=54
06-05 18:22:15.974   975  2575 V msm8974_platform: platform_set_parameters: enter: xlog.volume.music.speaker=54
06-05 18:22:15.974   975  2575 D audio_hw_hfp: hfp_set_parameters: enter
06-05 18:22:15.974   975  2575 D audio_hw_hfp: hfp_set_parameters: enter
06-05 18:22:15.974   975  2575 V a2dp_offload: end of a2dp setparam
06-05 18:22:15.974   975  2575 D audio_hw_cspl_cal: cirrus_cal_setparameters: enter 0xf3003600
06-05 18:22:15.974   975  2575 D audio_hw_extn: audio_extn_fm_set_parameters: Enter
06-05 18:22:15.974   975  2575 D audio_hw_hfp: hfp_set_parameters: enter
06-05 18:22:15.974   975  2575 V a2dp_offload: end of a2dp setparam
06-05 18:22:15.974   975  2575 D audio_hw_primary: adev_set_parameters: exit with code(0)
06-05 18:22:17.005  1850  2553 D MIUIInput: [MotionEvent] publisher action=0x4, 5125052, channel '613871d com.miui.securitycenter (server)'
06-05 18:22:17.005  1850  2553 D MIUIInput: [MotionEvent] publisher action=0x4, 5125052, channel 'ef6ede1 com.miui.securitycenter (server)'
06-05 18:22:17.006  1850  2553 D MIUIInput: [MotionEvent] publisher action=0x0, 5125052, channel '1b9faa8 com.blizzard.wtcg.hearthstone/com.blizzard.wtcg.hearthstone.HearthstoneActivity (server)'
06-05 18:22:17.006  7693  7693 I GameBoxTouchListener: onTouch: 	mAdded=false	isLeftShowfalse
06-05 18:22:17.006  7693  7693 I GameBoxTouchListener: onTouch: 	mAdded=false	isLeftShowtrue
06-05 18:22:17.051  1850  2553 D MIUIInput: [MotionEvent] publisher action=0x1, 5125098, channel '1b9faa8 com.blizzard.wtcg.hearthstone/com.blizzard.wtcg.hearthstone.HearthstoneActivity (server)'
06-05 18:22:17.595  1850  2553 D MIUIInput: [MotionEvent] publisher action=0x4, 5125642, channel '613871d com.miui.securitycenter (server)'
06-05 18:22:17.595  1850  2553 D MIUIInput: [MotionEvent] publisher action=0x4, 5125642, channel 'ef6ede1 com.miui.securitycenter (server)'
06-05 18:22:17.595  1850  2553 D MIUIInput: [MotionEvent] publisher action=0x0, 5125642, channel '1b9faa8 com.blizzard.wtcg.hearthstone/com.blizzard.wtcg.hearthstone.HearthstoneActivity (server)'
06-05 18:22:17.595  7693  7693 I GameBoxTouchListener: onTouch: 	mAdded=false	isLeftShowfalse
06-05 18:22:17.596  7693  7693 I GameBoxTouchListener: onTouch: 	mAdded=false	isLeftShowtrue
06-05 18:22:17.646  1850  2553 D MIUIInput: [MotionEvent] publisher action=0x1, 5125693, channel '1b9faa8 com.blizzard.wtcg.hearthstone/com.blizzard.wtcg.hearthstone.HearthstoneActivity (server)'
06-05 18:22:18.338  1850  2553 D MIUIInput: [MotionEvent] publisher action=0x4, 5126385, channel '613871d com.miui.securitycenter (server)'
06-05 18:22:18.338  1850  2553 D MIUIInput: [MotionEvent] publisher action=0x4, 5126385, channel 'ef6ede1 com.miui.securitycenter (server)'
06-05 18:22:18.338  1850  2553 D MIUIInput: [MotionEvent] publisher action=0x0, 5126385, channel '1b9faa8 com.blizzard.wtcg.hearthstone/com.blizzard.wtcg.hearthstone.HearthstoneActivity (server)'
06-05 18:22:18.338  7693  7693 I GameBoxTouchListener: onTouch: 	mAdded=false	isLeftShowfalse
06-05 18:22:18.340  7693  7693 I GameBoxTouchListener: onTouch: 	mAdded=false	isLeftShowtrue
06-05 18:22:18.373  1850  2553 D MIUIInput: [MotionEvent] publisher action=0x1, 5126420, channel '1b9faa8 com.blizzard.wtcg.hearthstone/com.blizzard.wtcg.hearthstone.HearthstoneActivity (server)'
06-05 18:22:18.425  2999  3462 D MI_RIL_OEM_HOOK: onPkHookCommonMsg, msg_id = 65
06-05 18:22:18.426  2999  3462 D MI_RIL_OEM_HOOK: onGetHookMsgBytes, HOOK_HEAD_SIZE = 16, msg_len = 4
06-05 18:22:18.426  2999  3462 D MI_RIL_OEM_HOOK: onHookSendSync, phoneId = 0
06-05 18:22:18.426  2930  2930 D QcrilMsgTunnelIfaceManager: handleMessage what = 1
06-05 18:22:18.427  2930  2930 I QcrilOemhookMsgTunnel: [0]invokeOemRilRequestRaw: serial=2044 length=36
06-05 18:22:18.467  1793  2006 D XIAOMI_QCRIL: RIL[lib][xiaomi_extend_nvefs.c:52] xiaomi_qmi_result_map: xiaomi_qmi_result_map, old_result 0, new_result 0
06-05 18:22:18.468  2930  3267 I QcrilOemhookMsgTunnel: [0]processOemHookResponse serial no: 2044 error: 0length=16
06-05 18:22:18.468  2930  2930 D QcrilMsgTunnelIfaceManager: handleMessage what = 2
06-05 18:22:18.469  2999  3462 D QC_RIL_OEM_HOOK: sendOemRilRequestRaw returns value = 16
06-05 18:22:18.469  2999  3462 D ModemSarController_8250: type = 65, len = 4, value = 0
06-05 18:22:18.576  1850  2553 D MIUIInput: [MotionEvent] publisher action=0x4, 5126623, channel '613871d com.miui.securitycenter (server)'
06-05 18:22:18.576  1850  2553 D MIUIInput: [MotionEvent] publisher action=0x4, 5126623, channel 'ef6ede1 com.miui.securitycenter (server)'
06-05 18:22:18.577  1850  2553 D MIUIInput: [MotionEvent] publisher action=0x0, 5126623, channel '1b9faa8 com.blizzard.wtcg.hearthstone/com.blizzard.wtcg.hearthstone.HearthstoneActivity (server)'
06-05 18:22:18.577  7693  7693 I GameBoxTouchListener: onTouch: 	mAdded=false	isLeftShowfalse
06-05 18:22:18.577  7693  7693 I GameBoxTouchListener: onTouch: 	mAdded=false	isLeftShowtrue
06-05 18:22:18.645  1850  1941 D PerfImpl: perfGetWorkLoadType
06-05 18:22:18.646  1034  1034 E vendor.qti.hardware.perf@2.2-service: Unknown params
06-05 18:22:18.646  1034  1034 I ANDR-PERF-LM: LMPerfGlue: perfmodule_submit_request() 132: perfmodule_submit_request()
06-05 18:22:18.646  1034  1034 I ANDR-PERF-LM: Core: getInstance() 84: LM getInstance
06-05 18:22:18.646  1034  1034 D ANDR-PERF-LM: Feature: lookup() 101: Feature Name = AppClassifier, total featuers = 3, featureFound = 1
06-05 18:22:18.646  1034  1034 D ANDR-PERF-LM: Feature: getData() 112: data.data = 2
06-05 18:22:18.646  1034  1034 I ANDR-PERF-LM: FeedbackAPI: getFeedback() 60: app:com.blizzard.wtcg.hearthstone feature:AppClassifier feedback = 2
06-05 18:22:18.646  1850  1941 D PerfImpl: perfGetWorkLoadType
06-05 18:22:18.646  1034  1034 E vendor.qti.hardware.perf@2.2-service: Unknown params
06-05 18:22:18.646  1034  1034 I ANDR-PERF-LM: LMPerfGlue: perfmodule_submit_request() 132: perfmodule_submit_request()
06-05 18:22:18.646  1034  1034 I ANDR-PERF-LM: Core: getInstance() 84: LM getInstance
06-05 18:22:18.646  1034  1034 D ANDR-PERF-LM: Feature: lookup() 101: Feature Name = AppClassifier, total featuers = 3, featureFound = 1
06-05 18:22:18.646  1034  1034 D ANDR-PERF-LM: Feature: getData() 112: data.data = 2
06-05 18:22:18.646  1034  1034 I ANDR-PERF-LM: FeedbackAPI: getFeedback() 60: app:com.blizzard.wtcg.hearthstone feature:AppClassifier feedback = 2
06-05 18:22:18.646  1850  1941 D PerfImpl: perfLockRelease
06-05 18:22:18.797  2953  3093 I Unity   : [Spell Pooling]  Acquired: Card_Play_Ally_DamageSplat(Clone)(Clone)
06-05 18:22:19.746  7552  7931 D ThermalIECHandler: storeDataStyle: thermal_iec_monitor_persistence_data_style_iec_state; startIECTime: -1; IECScreenOffOverPeriodTime: -1
06-05 18:22:19.747  6316  6316 I BatteryInfoReceiver: ACTION_BATTERY_CHANGED
06-05 18:22:19.748  7552  7645 D PowerKeeper.Thermal: mBatteryTemperature: 42
06-05 18:22:19.749  7552  7857 D PowerCheckerService: onBatteryChanged, mBatteryLevel = 56, status = 2, level = 56, plug = 2, scale = 100
06-05 18:22:19.750  2992  2992 V DeviceStatisticsService: chargerType=2 batteryLevel=56 totalBatteryCapacity=4251000
06-05 18:22:19.750  2992  2992 D DeviceInfoHidlClient: isRadioOn()=true
06-05 18:22:19.750  2992  2992 I DeviceInfoHidlClient: isPowerInfoNeverSent=false batteryLevel=56 batteryLevelIndex=2 chargingMode=2 totalCapacity=4251000 powerSaveMode=false
06-05 18:22:19.751  2999  2999 D DynamicService:  ACTION_BATTERY_CHANGED change,USB plug = 2
06-05 18:22:20.619  1850  2553 D MIUIInput: [MotionEvent] publisher action=0x1, 5128666, channel '1b9faa8 com.blizzard.wtcg.hearthstone/com.blizzard.wtcg.hearthstone.HearthstoneActivity (server)'
06-05 18:22:20.620  1850  1941 D PerfImpl: perfGetWorkLoadType
06-05 18:22:20.620  1034  1034 E vendor.qti.hardware.perf@2.2-service: Unknown params
06-05 18:22:20.620  1034  1034 I ANDR-PERF-LM: LMPerfGlue: perfmodule_submit_request() 132: perfmodule_submit_request()
06-05 18:22:20.620  1034  1034 I ANDR-PERF-LM: Core: getInstance() 84: LM getInstance
06-05 18:22:20.620  1034  1034 D ANDR-PERF-LM: Feature: lookup() 101: Feature Name = AppClassifier, total featuers = 3, featureFound = 1
06-05 18:22:20.620  1034  1034 D ANDR-PERF-LM: Feature: getData() 112: data.data = 2
06-05 18:22:20.620  1034  1034 I ANDR-PERF-LM: FeedbackAPI: getFeedback() 60: app:com.blizzard.wtcg.hearthstone feature:AppClassifier feedback = 2
06-05 18:22:20.621  1850  1941 D PerfImpl: perfGetWorkLoadType
06-05 18:22:20.621  1034  1034 E vendor.qti.hardware.perf@2.2-service: Unknown params
06-05 18:22:20.621  1034  1034 I ANDR-PERF-LM: LMPerfGlue: perfmodule_submit_request() 132: perfmodule_submit_request()
06-05 18:22:20.621  1034  1034 I ANDR-PERF-LM: Core: getInstance() 84: LM getInstance
06-05 18:22:20.621  1034  1034 D ANDR-PERF-LM: Feature: lookup() 101: Feature Name = AppClassifier, total featuers = 3, featureFound = 1
06-05 18:22:20.622  1034  1034 D ANDR-PERF-LM: Feature: getData() 112: data.data = 2
06-05 18:22:20.622  1034  1034 I ANDR-PERF-LM: FeedbackAPI: getFeedback() 60: app:com.blizzard.wtcg.hearthstone feature:AppClassifier feedback = 2
06-05 18:22:20.622  1850  1941 D PerfImpl: perfGetWorkLoadType
06-05 18:22:20.622  1034  1034 E vendor.qti.hardware.perf@2.2-service: Unknown params
06-05 18:22:20.622  1034  1034 I ANDR-PERF-LM: LMPerfGlue: perfmodule_submit_request() 132: perfmodule_submit_request()
06-05 18:22:20.622  1034  1034 I ANDR-PERF-LM: Core: getInstance() 84: LM getInstance
06-05 18:22:20.622  1034  1034 D ANDR-PERF-LM: Feature: lookup() 101: Feature Name = AppClassifier, total featuers = 3, featureFound = 1
06-05 18:22:20.622  1034  1034 D ANDR-PERF-LM: Feature: getData() 112: data.data = 2
06-05 18:22:20.622  1034  1034 I ANDR-PERF-LM: FeedbackAPI: getFeedback() 60: app:com.blizzard.wtcg.hearthstone feature:AppClassifier feedback = 2
06-05 18:22:20.622  1850  1941 D PerfImpl: perfLockRelease
06-05 18:22:21.434  1850  2553 D MIUIInput: [MotionEvent] publisher action=0x4, 5129481, channel '613871d com.miui.securitycenter (server)'
06-05 18:22:21.434  1850  2553 D MIUIInput: [MotionEvent] publisher action=0x4, 5129481, channel 'ef6ede1 com.miui.securitycenter (server)'
06-05 18:22:21.434  1850  2553 D MIUIInput: [MotionEvent] publisher action=0x0, 5129481, channel '1b9faa8 com.blizzard.wtcg.hearthstone/com.blizzard.wtcg.hearthstone.HearthstoneActivity (server)'
06-05 18:22:21.437  7693  7693 I GameBoxTouchListener: onTouch: 	mAdded=false	isLeftShowfalse
06-05 18:22:21.437  7693  7693 I GameBoxTouchListener: onTouch: 	mAdded=false	isLeftShowtrue
06-05 18:22:21.500  1850  1941 D PerfImpl: perfGetWorkLoadType
06-05 18:22:21.500  1034  1034 E vendor.qti.hardware.perf@2.2-service: Unknown params
06-05 18:22:21.500  1034  1034 I ANDR-PERF-LM: LMPerfGlue: perfmodule_submit_request() 132: perfmodule_submit_request()
06-05 18:22:21.500  1034  1034 I ANDR-PERF-LM: Core: getInstance() 84: LM getInstance
06-05 18:22:21.500  1034  1034 D ANDR-PERF-LM: Feature: lookup() 101: Feature Name = AppClassifier, total featuers = 3, featureFound = 1
06-05 18:22:21.500  1034  1034 D ANDR-PERF-LM: Feature: getData() 112: data.data = 2
06-05 18:22:21.500  1034  1034 I ANDR-PERF-LM: FeedbackAPI: getFeedback() 60: app:com.blizzard.wtcg.hearthstone feature:AppClassifier feedback = 2
06-05 18:22:21.500  1850  1941 D PerfImpl: perfGetWorkLoadType
06-05 18:22:21.501  1034  1034 E vendor.qti.hardware.perf@2.2-service: Unknown params
06-05 18:22:21.501  1034  1034 I ANDR-PERF-LM: LMPerfGlue: perfmodule_submit_request() 132: perfmodule_submit_request()
06-05 18:22:21.501  1034  1034 I ANDR-PERF-LM: Core: getInstance() 84: LM getInstance
06-05 18:22:21.501  1034  1034 D ANDR-PERF-LM: Feature: lookup() 101: Feature Name = AppClassifier, total featuers = 3, featureFound = 1
06-05 18:22:21.501  1034  1034 D ANDR-PERF-LM: Feature: getData() 112: data.data = 2
06-05 18:22:21.501  1034  1034 I ANDR-PERF-LM: FeedbackAPI: getFeedback() 60: app:com.blizzard.wtcg.hearthstone feature:AppClassifier feedback = 2
06-05 18:22:21.501  1850  1941 D PerfImpl: perfLockRelease
06-05 18:22:22.003  1850  2553 D MIUIInput: [MotionEvent] publisher action=0x1, 5130051, channel '1b9faa8 com.blizzard.wtcg.hearthstone/com.blizzard.wtcg.hearthstone.HearthstoneActivity (server)'
06-05 18:22:22.005  1850  1941 D PerfImpl: perfGetWorkLoadType
06-05 18:22:22.005  1034  1034 E vendor.qti.hardware.perf@2.2-service: Unknown params
06-05 18:22:22.005  1034  1034 I ANDR-PERF-LM: LMPerfGlue: perfmodule_submit_request() 132: perfmodule_submit_request()
06-05 18:22:22.005  1034  1034 I ANDR-PERF-LM: Core: getInstance() 84: LM getInstance
06-05 18:22:22.005  1034  1034 D ANDR-PERF-LM: Feature: lookup() 101: Feature Name = AppClassifier, total featuers = 3, featureFound = 1
06-05 18:22:22.006  1034  1034 D ANDR-PERF-LM: Feature: getData() 112: data.data = 2
06-05 18:22:22.006  1034  1034 I ANDR-PERF-LM: FeedbackAPI: getFeedback() 60: app:com.blizzard.wtcg.hearthstone feature:AppClassifier feedback = 2
06-05 18:22:22.007  1850  1941 D PerfImpl: perfGetWorkLoadType
06-05 18:22:22.007  1034  1034 E vendor.qti.hardware.perf@2.2-service: Unknown params
06-05 18:22:22.007  1034  1034 I ANDR-PERF-LM: LMPerfGlue: perfmodule_submit_request() 132: perfmodule_submit_request()
06-05 18:22:22.007  1034  1034 I ANDR-PERF-LM: Core: getInstance() 84: LM getInstance
06-05 18:22:22.007  1034  1034 D ANDR-PERF-LM: Feature: lookup() 101: Feature Name = AppClassifier, total featuers = 3, featureFound = 1
06-05 18:22:22.007  1034  1034 D ANDR-PERF-LM: Feature: getData() 112: data.data = 2
