06-05 18:27:42.306  6986  7024 I TestRunner: started: grid_list_content_at_first_position(com.example.dogglers.GridListTests)
06-05 18:27:42.321  6986  7024 W Settings: Setting always_finish_activities has moved from android.provider.Settings.System to android.provider.Settings.Global, returning read-only value.
06-05 18:27:42.333  1850  5453 D MiuiMultiWindowAdapter: getFreeformBlackList: Origin Logic
06-05 18:27:42.333  1850  5453 D MiuiMultiWindowAdapter: MiuiMultiWindowAdapter::getFreeformBlackList::sSmallWindowBlackList = [com.miui.securitycenter, com.miui.miservice, com.xiaomi.calendar, com.android.contacts, com.miui.mishare.connectivity, com.android.settings, com.android.printspooler, com.miui.backup, com.miui.huanji, com.miui.calculator, com.android.thememanager, com.mfashiongallery.emag, com.miui.virtualsim, com.miui.smarttravel, com.mi.health, com.android.camera, com.lbe.security.miui, com.miui.cleanmaster, com.miui.newhome, com.miui.voiceassist, com.android.phone, com.miui.yellowpage, com.android.updater, com.miui.tsmclient, com.miui.securitycore, com.xiaomi.account, com.xiaomi.shop, com.mipay.wallet, com.xiaomi.youpin, com.xiaomi.hm.health, com.miui.bugreport, com.xiaomi.mibrain.speech, com.xiaomi.mimoji, com.xiaomi.scanner, com.duokan.phone.remotecontroller, com.miui.hybrid, com.miui.video, com.miui.videoplayer, com.miui.fm, com.miui.packageinstaller, com.mi.android.globallauncher, com.mi.android.globallauncher-poco, com.google.android.dialer, com.google.android.apps.magazines, com.miui.compass, com.miui.greenguard, com.kiteguard, com.google.android.apps.prodcasts, com.google.ar.lens, com.xiangkan.android, com.android.bankabc, com.sohu.inputmethod.sogou, com.tencent.mtt, com.shyz.toutiao, com.netease.mc.mi, com.outfit7.talkingtomgoldrun.mi, com.doudz.mi, com.wepie.snake.new.mi, cn.jj, com.standddz002.mi, com.miHoYo.bh3.mi, com.qqgame.hlddz, com.happyelements.AndroidAnimal, com.minitech.miniworld.TMobile.mi, com.mfp.jelly.xiaomi, com.lilithgames.afk.mi, com.tencent.peng, com.teenpatti.hd.gold, blockpuzzle.jewelgames.jewelslegend, com.playgendary.tanks, com.chillingo.robberybobfree.android.row, com.episodeinteractive.android.catalog, com.playrix.township, com.ansangha.drdriving, com.google.android.youtube, com.gbits.atm.mi, com.tencent.tetris, com.sukhavati.gotoplaying.bubble.BubbleShooter.mint, com.block.puzzle.game.hippo.mi, com.youzu.bs.mi, com.baidu.BaiduMap, com.google.android.googlequicksearchbox, com.appsomniacs.da2, com.android.stk, com.feiyu.carrot3.mi, com.popcap.pvz2cthdxm, com.mxtech.videoplayer.ad, cn.cisc, com.kiloo.subwaysurf, com.cncyj.mostbrain, pdf.tap.scanner, com.og.ttddz.mi, com.ximalaya.ting.lite, com.google.android.apps.podcasts, com.google.android.apps.googleassistant, com.netease.onmyoji.mi, com.netease.onmyoji.bili, com.netease.mrzh.mi, com.netease.mrzh.bili, com.tencent.tmgp.yys.zqb, com.google.android.gm, com.google.android.calendar, com.android.chrome, com.google.android.apps.youtube.music, com.netease.pes.huawei, com.netease.pes.mi, com.netease.pes.bili, com.flyfish.supermario, com.picsart.studio, com.netease.dwrg.mi, com.netease.dwrg.bili, com.netease.dwrg.nearme.gamecenter, com.netease.dwrg, com.netease.dwrg.huawei, com.tencent.tmgp.dwrg, com.netease.dwrg.m4399, com.netease.dwrg.mz, com.netease.dwrg.aligames, com.netease.dwrg.baidu, com.netease.dwrg.qihoo, com.moji.mjweather, com.tencent.tmgp.kof98, com.netease.onmyoji, com.taobao.idlefish, com.ledou.mhhy.mi, com.hzfy.ddzbs.mi, com.qsmy.walkmonkey, com.fy.bzzbc.mi, com.dw.xprqj.mi]
06-05 18:27:42.335  1582 11244 I OMX-VDEC-1080P: set_frame_rate: the current time is 182742
06-05 18:27:42.369  1582 11244 I OMX-VDEC-1080P: set_frame_rate: the current time is 182742
06-05 18:27:42.403  1582 11244 I OMX-VDEC-1080P: set_frame_rate: the current time is 182742
06-05 18:27:42.436  1582 11244 I OMX-VDEC-1080P: set_frame_rate: the current time is 182742
06-05 18:27:42.470  1582 11244 I OMX-VDEC-1080P: set_frame_rate: the current time is 182742
06-05 18:27:42.503  1582 11244 I OMX-VDEC-1080P: set_frame_rate: the current time is 182742
06-05 18:27:42.536  1582 11244 I OMX-VDEC-1080P: set_frame_rate: the current time is 182742
06-05 18:27:42.569  1582 11244 I OMX-VDEC-1080P: set_frame_rate: the current time is 182742
06-05 18:27:42.603  1582 11244 I OMX-VDEC-1080P: set_frame_rate: the current time is 182742
06-05 18:27:42.636  1582 11244 I OMX-VDEC-1080P: set_frame_rate: the current time is 182742
06-05 18:27:42.669  1582 11244 I OMX-VDEC-1080P: set_frame_rate: the current time is 182742
06-05 18:27:42.703  1582 11244 I OMX-VDEC-1080P: set_frame_rate: the current time is 182742
06-05 18:27:42.737  1582 11244 I OMX-VDEC-1080P: set_frame_rate: the current time is 182742
06-05 18:27:42.770  1582 11244 I OMX-VDEC-1080P: set_frame_rate: the current time is 182742
06-05 18:27:42.803  1582 11244 I OMX-VDEC-1080P: set_frame_rate: the current time is 182742
06-05 18:27:42.836  1582 11244 I OMX-VDEC-1080P: set_frame_rate: the current time is 182742
06-05 18:27:42.869  1582 11244 I OMX-VDEC-1080P: set_frame_rate: the current time is 182742
06-05 18:27:42.903  1582 11244 I OMX-VDEC-1080P: set_frame_rate: the current time is 182742
06-05 18:27:42.936  1582 11244 I OMX-VDEC-1080P: set_frame_rate: the current time is 182742
06-05 18:27:42.969  1582 11244 I OMX-VDEC-1080P: set_frame_rate: the current time is 182742
06-05 18:27:43.003  1582 11244 I OMX-VDEC-1080P: set_frame_rate: the current time is 182743
06-05 18:27:43.036  1582 11244 I OMX-VDEC-1080P: set_frame_rate: the current time is 182743
06-05 18:27:43.069  1582 11244 I OMX-VDEC-1080P: set_frame_rate: the current time is 182743
06-05 18:27:43.103  1582 11244 I OMX-VDEC-1080P: set_frame_rate: the current time is 182743
06-05 18:27:43.136  1582 11244 I OMX-VDEC-1080P: set_frame_rate: the current time is 182743
06-05 18:27:43.168  1582 11244 I OMX-VDEC-1080P: set_frame_rate: the current time is 182743
06-05 18:27:43.203  1582 11244 I OMX-VDEC-1080P: set_frame_rate: the current time is 182743
06-05 18:27:43.236  1582 11244 I OMX-VDEC-1080P: set_frame_rate: the current time is 182743
06-05 18:27:43.269  1582 11244 I OMX-VDEC-1080P: set_frame_rate: the current time is 182743
06-05 18:27:43.314  1582 11244 I OMX-VDEC-1080P: set_frame_rate: the current time is 182743
06-05 18:27:43.335  1582 11244 I OMX-VDEC-1080P: set_frame_rate: the current time is 182743
06-05 18:27:43.369  1582 11244 I OMX-VDEC-1080P: set_frame_rate: the current time is 182743
06-05 18:27:43.404  1582 11244 I OMX-VDEC-1080P: set_frame_rate: the current time is 182743
06-05 18:27:43.436  1582 11244 I OMX-VDEC-1080P: set_frame_rate: the current time is 182743
06-05 18:27:43.469  1582 11244 I OMX-VDEC-1080P: set_frame_rate: the current time is 182743
06-05 18:27:43.503  1582 11244 I OMX-VDEC-1080P: set_frame_rate: the current time is 182743
06-05 18:27:43.536  1582 11244 I OMX-VDEC-1080P: set_frame_rate: the current time is 182743
06-05 18:27:43.570  1582 11244 I OMX-VDEC-1080P: set_frame_rate: the current time is 182743
06-05 18:27:43.604  1582 11244 I OMX-VDEC-1080P: set_frame_rate: the current time is 182743
06-05 18:27:43.636  1582 11244 I OMX-VDEC-1080P: set_frame_rate: the current time is 182743
06-05 18:27:43.669  1582 11244 I OMX-VDEC-1080P: set_frame_rate: the current time is 182743
06-05 18:27:43.703  1582 11244 I OMX-VDEC-1080P: set_frame_rate: the current time is 182743
06-05 18:27:43.736  1582 11244 I OMX-VDEC-1080P: set_frame_rate: the current time is 182743
06-05 18:27:43.770  1582 11244 I OMX-VDEC-1080P: set_frame_rate: the current time is 182743
06-05 18:27:43.803  1582 11244 I OMX-VDEC-1080P: set_frame_rate: the current time is 182743
06-05 18:27:43.835  1582 11244 I OMX-VDEC-1080P: set_frame_rate: the current time is 182743
06-05 18:27:43.870  1582 11244 I OMX-VDEC-1080P: set_frame_rate: the current time is 182743
06-05 18:27:43.903  1582 11244 I OMX-VDEC-1080P: set_frame_rate: the current time is 182743
06-05 18:27:43.937  1582 11244 I OMX-VDEC-1080P: set_frame_rate: the current time is 182743
06-05 18:27:43.970  1582 11244 I OMX-VDEC-1080P: set_frame_rate: the current time is 182743
06-05 18:27:43.970  1582 11244 I OMX-VDEC-1080P: set_frame_rate: the current time is 182743
06-05 18:27:43.970  1582 11244 I OMX-VDEC-1080P: set_frame_rate: the current time is 182743
06-05 18:27:43.970  1582 11244 I OMX_VPP : OMX_EventBufferFlag 1
06-05 18:27:44.367  1582 27137 I OMX_VPP : send_command In 1 param1 -1
06-05 18:27:44.367  1582 27137 I OMX_VPP : send_command FakeFlush
06-05 18:27:44.367  1582 27137 I OMX_VPP : VppOmxComponent::clearVppFakeBufs size 15
06-05 18:27:44.367  1582 27137 I OMX_VPP : VppEvent 1
06-05 18:27:44.367  1582 27137 I OMX_VPP : FakeFlush e.flush_done.port:0
06-05 18:27:44.367  1582 27137 I OMX_VPP : VppOmxComponent::clearVppFakeBufs size 0
06-05 18:27:44.367  1582 27137 I OMX_VPP : VppEvent 1
06-05 18:27:44.367  1582 27137 I OMX_VPP : FakeFlush e.flush_done.port:1
06-05 18:27:44.368 18541 11242 W AHierarchicalStateMachine: Warning message AMessage(what = 'omxI') = {
06-05 18:27:44.368 18541 11242 W AHierarchicalStateMachine:   int32_t type = 0
06-05 18:27:44.368 18541 11242 W AHierarchicalStateMachine:   int32_t event = 4
06-05 18:27:44.368 18541 11242 W AHierarchicalStateMachine:   int32_t data1 = 1
06-05 18:27:44.368 18541 11242 W AHierarchicalStateMachine:   int32_t data2 = 1
06-05 18:27:44.368 18541 11242 W AHierarchicalStateMachine: } unhandled in root state.
06-05 18:27:44.370  1582 27137 I OMX_VPP : VppOmxComponent::registerVppFakeBuf buffer with size 1 id 0 ts=0 flags:0
06-05 18:27:44.371  1582 27338 I OMX_VPP : VppOmxComponent::registerVppFakeBuf buffer with size 2 id 1 ts=0 flags:0
06-05 18:27:44.371  1582 19468 I OMX_VPP : VppOmxComponent::registerVppFakeBuf buffer with size 3 id 2 ts=0 flags:0
06-05 18:27:44.372  1582 18911 I OMX_VPP : VppOmxComponent::registerVppFakeBuf buffer with size 4 id 3 ts=0 flags:0
06-05 18:27:44.373  1582  9640 I OMX_VPP : VppOmxComponent::registerVppFakeBuf buffer with size 5 id 4 ts=0 flags:0
06-05 18:27:44.373  1582 27135 I OMX_VPP : VppOmxComponent::registerVppFakeBuf buffer with size 6 id 5 ts=0 flags:0
06-05 18:27:44.374  1582 18920 I OMX_VPP : VppOmxComponent::registerVppFakeBuf buffer with size 7 id 6 ts=0 flags:0
06-05 18:27:44.374  1582 27727 I OMX_VPP : VppOmxComponent::registerVppFakeBuf buffer with size 8 id 7 ts=0 flags:0
06-05 18:27:44.374  1582  2100 I OMX_VPP : VppOmxComponent::registerVppFakeBuf buffer with size 9 id 8 ts=0 flags:0
06-05 18:27:44.374  1582 19624 I OMX_VPP : VppOmxComponent::registerVppFakeBuf buffer with size 10 id 9 ts=0 flags:0
06-05 18:27:44.374  1582 27120 I OMX_VPP : VppOmxComponent::registerVppFakeBuf buffer with size 11 id 10 ts=0 flags:0
06-05 18:27:44.374  1582 19476 I OMX_VPP : VppOmxComponent::registerVppFakeBuf buffer with size 12 id 11 ts=0 flags:0
06-05 18:27:44.375  1582  1582 I OMX_VPP : VppOmxComponent::registerVppFakeBuf buffer with size 13 id 12 ts=0 flags:0
06-05 18:27:44.375  1582  5407 I OMX_VPP : VppOmxComponent::registerVppFakeBuf buffer with size 14 id 13 ts=0 flags:0
06-05 18:27:44.377  1582  1739 I OMX_VPP : VppOmxComponent::registerVppFakeBuf buffer with size 15 id 14 ts=0 flags:0
06-05 18:27:44.382  1582 11244 I OMX-VDEC-1080P: set_frame_rate: the current time is 182744
06-05 18:27:44.383  1582 11244 I OMX-VDEC-1080P: set_frame_rate: the current time is 182744
06-05 18:27:44.386  1582 11244 I OMX-VDEC-1080P: set_frame_rate: the current time is 182744
06-05 18:27:44.386  1582 11244 I OMX-VDEC-1080P: set_frame_rate: the current time is 182744
06-05 18:27:44.386  1582 11244 I OMX-VDEC-1080P: set_frame_rate: the current time is 182744
06-05 18:27:44.386  1582 11244 I OMX-VDEC-1080P: set_frame_rate: the current time is 182744
06-05 18:27:44.386  1582 11244 I OMX-VDEC-1080P: set_frame_rate: the current time is 182744
06-05 18:27:44.386  1582 11244 I OMX-VDEC-1080P: set_frame_rate: the current time is 182744
06-05 18:27:44.386  1582 11244 I OMX-VDEC-1080P: set_frame_rate: the current time is 182744
06-05 18:27:44.402  1582 11244 I OMX-VDEC-1080P: set_frame_rate: the current time is 182744
06-05 18:27:44.463  1582 11244 I OMX-VDEC-1080P: set_frame_rate: the current time is 182744
06-05 18:27:44.469  1582 11244 I OMX-VDEC-1080P: set_frame_rate: the current time is 182744
06-05 18:27:44.502  1582 11244 I OMX-VDEC-1080P: set_frame_rate: the current time is 182744
06-05 18:27:44.535  1582 11244 I OMX-VDEC-1080P: set_frame_rate: the current time is 182744
06-05 18:27:44.569  1582 11244 I OMX-VDEC-1080P: set_frame_rate: the current time is 182744
06-05 18:27:44.602  1582 11244 I OMX-VDEC-1080P: set_frame_rate: the current time is 182744
06-05 18:27:44.636  1582 11244 I OMX-VDEC-1080P: set_frame_rate: the current time is 182744
06-05 18:27:44.669  1582 11244 I OMX-VDEC-1080P: set_frame_rate: the current time is 182744
06-05 18:27:44.702  1582 11244 I OMX-VDEC-1080P: set_frame_rate: the current time is 182744
06-05 18:27:44.736  1582 11244 I OMX-VDEC-1080P: set_frame_rate: the current time is 182744
06-05 18:27:44.770  1582 11244 I OMX-VDEC-1080P: set_frame_rate: the current time is 182744
06-05 18:27:44.803  1582 11244 I OMX-VDEC-1080P: set_frame_rate: the current time is 182744
06-05 18:27:44.837  1582 11244 I OMX-VDEC-1080P: set_frame_rate: the current time is 182744
06-05 18:27:44.870  1582 11244 I OMX-VDEC-1080P: set_frame_rate: the current time is 182744
06-05 18:27:44.903  1582 11244 I OMX-VDEC-1080P: set_frame_rate: the current time is 182744
06-05 18:27:44.936  1582 11244 I OMX-VDEC-1080P: set_frame_rate: the current time is 182744
06-05 18:27:44.970  1582 11244 I OMX-VDEC-1080P: set_frame_rate: the current time is 182744
06-05 18:27:45.003  1582 11244 I OMX-VDEC-1080P: set_frame_rate: the current time is 182745
06-05 18:27:45.036  1582 11244 I OMX-VDEC-1080P: set_frame_rate: the current time is 182745
06-05 18:27:45.070  1582 11244 I OMX-VDEC-1080P: set_frame_rate: the current time is 182745
06-05 18:27:45.112  1582 11244 I OMX-VDEC-1080P: set_frame_rate: the current time is 182745
06-05 18:27:45.136  1582 11244 I OMX-VDEC-1080P: set_frame_rate: the current time is 182745
06-05 18:27:45.170  1582 11244 I OMX-VDEC-1080P: set_frame_rate: the current time is 182745
06-05 18:27:45.202  1582 11244 I OMX-VDEC-1080P: set_frame_rate: the current time is 182745
06-05 18:27:45.235  1582 11244 I OMX-VDEC-1080P: set_frame_rate: the current time is 182745
06-05 18:27:45.265  1850  2553 D MIUIInput: [MotionEvent] publisher action=0x4, 5453312, channel 'c058ab6 com.miui.securitycenter (server)'
06-05 18:27:45.266  1850  2553 D MIUIInput: [MotionEvent] publisher action=0x0, 5453312, channel 'f66205e com.ss.android.ugc.trill/com.ss.android.ugc.aweme.splash.SplashActivity (server)'
06-05 18:27:45.267  7693  7693 I GameBoxTouchListener: onTouch: 	mAdded=false	isLeftShowtrue
06-05 18:27:45.271  1582 11244 I OMX-VDEC-1080P: set_frame_rate: the current time is 182745
06-05 18:27:45.276  1850  2553 D MIUIInput: [MotionEvent] publisher action=0x1, 5453323, channel 'f66205e com.ss.android.ugc.trill/com.ss.android.ugc.aweme.splash.SplashActivity (server)'
06-05 18:27:45.296 18541 18541 W System.err: java.lang.IllegalStateException: Observer X.AyY@4ccbfda was not registered.
06-05 18:27:45.297 18541 18541 W System.err: 	at android.database.Observable.unregisterObserver(Observable.java:69)
06-05 18:27:45.297 18541 18541 W System.err: 	at X.0BA.unregisterAdapterDataObserver(SourceFile:16842754)
06-05 18:27:45.297 18541 18541 W System.err: 	at X.AyW.registerAdapterDataObserver(SourceFile:16973836)
06-05 18:27:45.297 18541 18541 W System.err: 	at androidx.recyclerview.widget.RecyclerView.LIZ(SourceFile:50593826)
06-05 18:27:45.297 18541 18541 W System.err: 	at androidx.recyclerview.widget.RecyclerView.setAdapter(SourceFile:16908293)
06-05 18:27:45.297 18541 18541 W System.err: 	at com.ss.android.ugc.aweme.comment.ui.CommentListFragment.LJ(SourceFile:17301685)
06-05 18:27:45.297 18541 18541 W System.err: 	at com.ss.android.ugc.aweme.comment.ui.CommentListFragment.LIZJ(SourceFile:17170506)
06-05 18:27:45.297 18541 18541 W System.err: 	at com.ss.android.ugc.aweme.comment.ui.CommentListFragment.LIZ(SourceFile:554)
06-05 18:27:45.297 18541 18541 W System.err: 	at com.ss.android.ugc.aweme.comment.ui.CommentListPageFragment.LIZIZ(SourceFile:17236275)
06-05 18:27:45.297 18541 18541 W System.err: 	at com.ss.android.ugc.aweme.comment.ui.CommentListPageFragment.LIZ(SourceFile:50725065)
06-05 18:27:45.297 18541 18541 W System.err: 	at com.ss.android.ugc.aweme.comment.CommentServiceImpl.LIZ(SourceFile:50593795)
06-05 18:27:45.297 18541 18541 W System.err: 	at X.8w9.LIZ(SourceFile:17302001)
06-05 18:27:45.297 18541 18541 W System.err: 	at com.ss.android.ugc.aweme.feed.panel.BaseListFragmentPanel.LIZ(SourceFile:5037)
06-05 18:27:45.297 18541 18541 W System.err: 	at com.ss.android.ugc.aweme.feed.panel.BaseListFragmentPanel.LIZ(SourceFile:4984)
06-05 18:27:45.297 18541 18541 W System.err: 	at com.ss.android.ugc.aweme.feed.panel.BaseListFragmentPanel.LIZIZ(SourceFile:67305493)
06-05 18:27:45.297 18541 18541 W System.err: 	at com.ss.android.ugc.aweme.feed.panel.BaseListFragmentPanel.LIZ(SourceFile:4250)
06-05 18:27:45.297 18541 18541 W System.err: 	at X.86f.LIZ(SourceFile:17367088)
06-05 18:27:45.297 18541 18541 W System.err: 	at com.ss.android.ugc.aweme.feed.panel.BaseListFragmentPanel.LIZIZ(SourceFile:17235981)
06-05 18:27:45.297 18541 18541 W System.err: 	at com.ss.android.ugc.aweme.feed.panel.BaseListFragmentPanel.LIZ(SourceFile:514)
06-05 18:27:45.297 18541 18541 W System.err: 	at com.ss.android.ugc.aweme.feed.adapter.VideoViewCell.LIZ(SourceFile:33882182)
06-05 18:27:45.298 18541 18541 W System.err: 	at com.ss.android.ugc.aweme.feed.adapter.VideoViewCell.LIZ(SourceFile:52118)
06-05 18:27:45.298 18541 18541 W System.err: 	at com.ss.android.ugc.aweme.feed.adapter.VideoViewCell.onChanged(SourceFile:16842754)
06-05 18:27:45.298 18541 18541 W System.err: 	at X.Ahn$a.onChanged(SourceFile:16973839)
06-05 18:27:45.298 18541 18541 W System.err: 	at androidx.lifecycle.LiveData.considerNotify(SourceFile:17039389)
06-05 18:27:45.298 18541 18541 W System.err: 	at androidx.lifecycle.LiveData.dispatchingValue(SourceFile:17039410)
06-05 18:27:45.298 18541 18541 W System.err: 	at androidx.lifecycle.LiveData.setValue(SourceFile:16973838)
06-05 18:27:45.298 18541 18541 W System.err: 	at X.10c.setValue(SourceFile:16777216)
06-05 18:27:45.298 18541 18541 W System.err: 	at X.Ahn.setValue(SourceFile:16908294)
06-05 18:27:45.298 18541 18541 W System.err: 	at com.ss.android.ugc.aweme.arch.widgets.base.DataCenter.LIZ(SourceFile:33947710)
06-05 18:27:45.298 18541 18541 W System.err: 	at X.9Tg.LJFF(SourceFile:17301928)
06-05 18:27:45.298 18541 18541 W System.err: 	at X.9U2.onClick(SourceFile:16908295)
06-05 18:27:45.298 18541 18541 W System.err: 	at android.view.View.performClick(View.java:7750)
06-05 18:27:45.298 18541 18541 W System.err: 	at android.view.View.performClickInternal(View.java:7727)
06-05 18:27:45.298 18541 18541 W System.err: 	at android.view.View.access$3700(View.java:861)
06-05 18:27:45.298 18541 18541 W System.err: 	at android.view.View$PerformClick.run(View.java:29133)
06-05 18:27:45.298 18541 18541 W System.err: 	at android.os.Handler.handleCallback(Handler.java:938)
06-05 18:27:45.298 18541 18541 W System.err: 	at android.os.Handler.dispatchMessage(Handler.java:99)
06-05 18:27:45.298 18541 18541 W System.err: 	at android.os.Looper.loopOnce(Looper.java:210)
06-05 18:27:45.298 18541 18541 W System.err: 	at android.os.Looper.loop(Looper.java:299)
06-05 18:27:45.298 18541 18541 W System.err: 	at android.app.ActivityThread.main(ActivityThread.java:8105)
06-05 18:27:45.299 18541 18541 W System.err: 	at java.lang.reflect.Method.invoke(Native Method)
06-05 18:27:45.299 18541 18541 W System.err: 	at com.android.internal.os.RuntimeInit$MethodAndArgsCaller.run(RuntimeInit.java:556)
06-05 18:27:45.299 18541 18541 W System.err: 	at com.android.internal.os.ZygoteInit.main(ZygoteInit.java:1045)
06-05 18:27:45.303  1582 11244 I OMX-VDEC-1080P: set_frame_rate: the current time is 182745
06-05 18:27:45.308 18541 18541 D DecorView[]: getWindowModeFromSystem  windowmode is 1
06-05 18:27:45.335  1582 11244 I OMX-VDEC-1080P: set_frame_rate: the current time is 182745
06-05 18:27:45.369  1582 11244 I OMX-VDEC-1080P: set_frame_rate: the current time is 182745
06-05 18:27:45.403  1582 11244 I OMX-VDEC-1080P: set_frame_rate: the current time is 182745
06-05 18:27:45.436  1582 11244 I OMX-VDEC-1080P: set_frame_rate: the current time is 182745
06-05 18:27:45.470  1582 11244 I OMX-VDEC-1080P: set_frame_rate: the current time is 182745
06-05 18:27:45.476  5042  5042 I GoogleInputMethodService: GoogleInputMethodService.onFinishInput():3204
06-05 18:27:45.477  5042  5042 I GoogleInputMethodService: GoogleInputMethodService.updateDeviceLockedStatus():2100 checkRepeatedly = false, unlocked = true
06-05 18:27:45.477  5042  5042 I GoogleInputMethodService: GoogleInputMethodService.onStartInput():1903 onStartInput(EditorInfo{inputType=0x0(NULL) imeOptions=0x0 privateImeOptions=null actionName=UNSPECIFIED actionLabel=null actionId=0 initialSelStart=-1 initialSelEnd=-1 initialCapsMode=0x0 hintText=null label=null packageName=com.ss.android.ugc.trill fieldId=2131369323 fieldName=null extras=null}, false)
06-05 18:27:45.478  5042  5042 I GoogleInputMethodService: GoogleInputMethodService.updateDeviceLockedStatus():2100 checkRepeatedly = true, unlocked = true
06-05 18:27:45.503  1582 11244 I OMX-VDEC-1080P: set_frame_rate: the current time is 182745
06-05 18:27:45.538  1582 11244 I OMX-VDEC-1080P: set_frame_rate: the current time is 182745
06-05 18:27:45.570  1582 11244 I OMX-VDEC-1080P: set_frame_rate: the current time is 182745
06-05 18:27:45.604  1582 11244 I OMX-VDEC-1080P: set_frame_rate: the current time is 182745
06-05 18:27:45.636  1582 11244 I OMX-VDEC-1080P: set_frame_rate: the current time is 182745
06-05 18:27:45.671  1582 11244 I OMX-VDEC-1080P: set_frame_rate: the current time is 182745
06-05 18:27:45.703  1582 11244 I OMX-VDEC-1080P: set_frame_rate: the current time is 182745
06-05 18:27:45.737  1582 11244 I OMX-VDEC-1080P: set_frame_rate: the current time is 182745
06-05 18:27:45.769  1582 11244 I OMX-VDEC-1080P: set_frame_rate: the current time is 182745
06-05 18:27:45.804  1582 11244 I OMX-VDEC-1080P: set_frame_rate: the current time is 182745
06-05 18:27:45.839  1582 11244 I OMX-VDEC-1080P: set_frame_rate: the current time is 182745
06-05 18:27:45.870  1582 11244 I OMX-VDEC-1080P: set_frame_rate: the current time is 182745
06-05 18:27:45.905  1582 11244 I OMX-VDEC-1080P: set_frame_rate: the current time is 182745
06-05 18:27:45.938  1582 11244 I OMX-VDEC-1080P: set_frame_rate: the current time is 182745
06-05 18:27:45.970  1582 11244 I OMX-VDEC-1080P: set_frame_rate: the current time is 182745
06-05 18:27:46.003  1582 11244 I OMX-VDEC-1080P: set_frame_rate: the current time is 182746
06-05 18:27:46.035  1582 11244 I OMX-VDEC-1080P: set_frame_rate: the current time is 182746
06-05 18:27:46.070  1582 11244 I OMX-VDEC-1080P: set_frame_rate: the current time is 182746
06-05 18:27:46.103  1582 11244 I OMX-VDEC-1080P: set_frame_rate: the current time is 182746
06-05 18:27:46.135  1582 11244 I OMX-VDEC-1080P: set_frame_rate: the current time is 182746
06-05 18:27:46.168  1582 11244 I OMX-VDEC-1080P: set_frame_rate: the current time is 182746
06-05 18:27:46.202  1582 11244 I OMX-VDEC-1080P: set_frame_rate: the current time is 182746
06-05 18:27:46.237  1582 11244 I OMX-VDEC-1080P: set_frame_rate: the current time is 182746
06-05 18:27:46.269  1582 11244 I OMX-VDEC-1080P: set_frame_rate: the current time is 182746
06-05 18:27:46.305  2999  3462 D MI_RIL_OEM_HOOK: onPkHookCommonMsg, msg_id = 65
06-05 18:27:46.306  2999  3462 D MI_RIL_OEM_HOOK: onGetHookMsgBytes, HOOK_HEAD_SIZE = 16, msg_len = 4
06-05 18:27:46.306  2999  3462 D MI_RIL_OEM_HOOK: onHookSendSync, phoneId = 0
06-05 18:27:46.306  2930  2930 D QcrilMsgTunnelIfaceManager: handleMessage what = 1
06-05 18:27:46.307  2930  2930 I QcrilOemhookMsgTunnel: [0]invokeOemRilRequestRaw: serial=2109 length=36
06-05 18:27:46.312  1582 11244 I OMX-VDEC-1080P: set_frame_rate: the current time is 182746
06-05 18:27:46.335  1582 11244 I OMX-VDEC-1080P: set_frame_rate: the current time is 182746
06-05 18:27:46.349  1793  2006 D XIAOMI_QCRIL: RIL[lib][xiaomi_extend_nvefs.c:52] xiaomi_qmi_result_map: xiaomi_qmi_result_map, old_result 0, new_result 0
06-05 18:27:46.349  2930  3267 I QcrilOemhookMsgTunnel: [0]processOemHookResponse serial no: 2109 error: 0length=16
06-05 18:27:46.350  2930  2930 D QcrilMsgTunnelIfaceManager: handleMessage what = 2
06-05 18:27:46.350  2999  3462 D QC_RIL_OEM_HOOK: sendOemRilRequestRaw returns value = 16
06-05 18:27:46.350  2999  3462 D ModemSarController_8250: type = 65, len = 4, value = 0
06-05 18:27:46.369  1582 11244 I OMX-VDEC-1080P: set_frame_rate: the current time is 182746
06-05 18:27:46.403  1582 11244 I OMX-VDEC-1080P: set_frame_rate: the current time is 182746
06-05 18:27:46.436  1582 11244 I OMX-VDEC-1080P: set_frame_rate: the current time is 182746
06-05 18:27:46.469  1582 11244 I OMX-VDEC-1080P: set_frame_rate: the current time is 182746
06-05 18:27:46.502  1582 11244 I OMX-VDEC-1080P: set_frame_rate: the current time is 182746
06-05 18:27:46.535  1582 11244 I OMX-VDEC-1080P: set_frame_rate: the current time is 182746
06-05 18:27:46.569  1582 11244 I OMX-VDEC-1080P: set_frame_rate: the current time is 182746
06-05 18:27:46.603  1582 11244 I OMX-VDEC-1080P: set_frame_rate: the current time is 182746
06-05 18:27:46.636  1582 11244 I OMX-VDEC-1080P: set_frame_rate: the current time is 182746
06-05 18:27:46.671  1582 11244 I OMX-VDEC-1080P: set_frame_rate: the current time is 182746
06-05 18:27:46.711  1582 11244 I OMX-VDEC-1080P: set_frame_rate: the current time is 182746
06-05 18:27:46.736  1582 11244 I OMX-VDEC-1080P: set_frame_rate: the current time is 182746
06-05 18:27:46.771  1582 11244 I OMX-VDEC-1080P: set_frame_rate: the current time is 182746
06-05 18:27:46.803  1582 11244 I OMX-VDEC-1080P: set_frame_rate: the current time is 182746
06-05 18:27:46.836  1582 11244 I OMX-VDEC-1080P: set_frame_rate: the current time is 182746
06-05 18:27:46.870  1582 11244 I OMX-VDEC-1080P: set_frame_rate: the current time is 182746
06-05 18:27:46.903  1582 11244 I OMX-VDEC-1080P: set_frame_rate: the current time is 182746
06-05 18:27:46.936  1582 11244 I OMX-VDEC-1080P: set_frame_rate: the current time is 182746
06-05 18:27:46.986  1582 11244 I OMX-VDEC-1080P: set_frame_rate: the current time is 182746
06-05 18:27:47.003  1582 11244 I OMX-VDEC-1080P: set_frame_rate: the current time is 182747
06-05 18:27:47.036  1582 11244 I OMX-VDEC-1080P: set_frame_rate: the current time is 182747
06-05 18:27:47.070  1582 11244 I OMX-VDEC-1080P: set_frame_rate: the current time is 182747
06-05 18:27:47.103  1582 11244 I OMX-VDEC-1080P: set_frame_rate: the current time is 182747
06-05 18:27:47.136  1582 11244 I OMX-VDEC-1080P: set_frame_rate: the current time is 182747
06-05 18:27:47.165  2999  2999 D DynamicService:  ACTION_BATTERY_CHANGED change,USB plug = 2
06-05 18:27:47.166  6316  6316 I BatteryInfoReceiver: ACTION_BATTERY_CHANGED
06-05 18:27:47.167  7552  7931 D ThermalIECHandler: storeDataStyle: thermal_iec_monitor_persistence_data_style_iec_state; startIECTime: -1; IECScreenOffOverPeriodTime: -1
06-05 18:27:47.169  7552  7857 D PowerCheckerService: onBatteryChanged, mBatteryLevel = 56, status = 2, level = 56, plug = 2, scale = 100
06-05 18:27:47.170  1582 11244 I OMX-VDEC-1080P: set_frame_rate: the current time is 182747
06-05 18:27:47.170  7552  7645 D PowerKeeper.Thermal: mBatteryTemperature: 40
06-05 18:27:47.170  2992  2992 V DeviceStatisticsService: chargerType=2 batteryLevel=56 totalBatteryCapacity=4255000
06-05 18:27:47.170  2992  2992 D DeviceInfoHidlClient: isRadioOn()=true
06-05 18:27:47.170  2992  2992 I DeviceInfoHidlClient: isPowerInfoNeverSent=false batteryLevel=56 batteryLevelIndex=2 chargingMode=2 totalCapacity=4255000 powerSaveMode=false
06-05 18:27:47.203  1582 11244 I OMX-VDEC-1080P: set_frame_rate: the current time is 182747
06-05 18:27:47.237  1582 11244 I OMX-VDEC-1080P: set_frame_rate: the current time is 182747
06-05 18:27:47.271  1582 11244 I OMX-VDEC-1080P: set_frame_rate: the current time is 182747
06-05 18:27:47.312  1582 11244 I OMX-VDEC-1080P: set_frame_rate: the current time is 182747
06-05 18:27:47.335  1582 11244 I OMX-VDEC-1080P: set_frame_rate: the current time is 182747
06-05 18:27:47.369  1582 11244 I OMX-VDEC-1080P: set_frame_rate: the current time is 182747
06-05 18:27:47.403  1582 11244 I OMX-VDEC-1080P: set_frame_rate: the current time is 182747
06-05 18:27:47.435  1582 11244 I OMX-VDEC-1080P: set_frame_rate: the current time is 182747
06-05 18:27:47.469  1582 11244 I OMX-VDEC-1080P: set_frame_rate: the current time is 182747
06-05 18:27:47.502  1582 11244 I OMX-VDEC-1080P: set_frame_rate: the current time is 182747
06-05 18:27:47.536  1582 11244 I OMX-VDEC-1080P: set_frame_rate: the current time is 182747
06-05 18:27:47.569  1582 11244 I OMX-VDEC-1080P: set_frame_rate: the current time is 182747
06-05 18:27:47.603  1582 11244 I OMX-VDEC-1080P: set_frame_rate: the current time is 182747
06-05 18:27:47.636  1582 11244 I OMX-VDEC-1080P: set_frame_rate: the current time is 182747
06-05 18:27:47.670  1582 11244 I OMX-VDEC-1080P: set_frame_rate: the current time is 182747
06-05 18:27:47.703  1582 11244 I OMX-VDEC-1080P: set_frame_rate: the current time is 182747
06-05 18:27:47.736  1582 11244 I OMX-VDEC-1080P: set_frame_rate: the current time is 182747
06-05 18:27:47.771  1582 11244 I OMX-VDEC-1080P: set_frame_rate: the current time is 182747
06-05 18:27:47.803  1582 11244 I OMX-VDEC-1080P: set_frame_rate: the current time is 182747
06-05 18:27:47.835  1582 11244 I OMX-VDEC-1080P: set_frame_rate: the current time is 182747
06-05 18:27:47.870  1582 11244 I OMX-VDEC-1080P: set_frame_rate: the current time is 182747
06-05 18:27:47.903  1582 11244 I OMX-VDEC-1080P: set_frame_rate: the current time is 182747
06-05 18:27:47.937  1582 11244 I OMX-VDEC-1080P: set_frame_rate: the current time is 182747
06-05 18:27:47.970  1582 11244 I OMX-VDEC-1080P: set_frame_rate: the current time is 182747
06-05 18:27:48.004  1582 11244 I OMX-VDEC-1080P: set_frame_rate: the current time is 182748
06-05 18:27:48.037  1582 11244 I OMX-VDEC-1080P: set_frame_rate: the current time is 182748
06-05 18:27:48.071  1582 11244 I OMX-VDEC-1080P: set_frame_rate: the current time is 182748
06-05 18:27:48.103  1582 11244 I OMX-VDEC-1080P: set_frame_rate: the current time is 182748
06-05 18:27:48.136  1582 11244 I OMX-VDEC-1080P: set_frame_rate: the current time is 182748
06-05 18:27:48.170  1582 11244 I OMX-VDEC-1080P: set_frame_rate: the current time is 182748
06-05 18:27:48.204  1582 11244 I OMX-VDEC-1080P: set_frame_rate: the current time is 182748
06-05 18:27:48.237  1582 11244 I OMX-VDEC-1080P: set_frame_rate: the current time is 182748
06-05 18:27:48.271  1582 11244 I OMX-VDEC-1080P: set_frame_rate: the current time is 182748
06-05 18:27:48.271  1582 11244 I OMX-VDEC-1080P: set_frame_rate: the current time is 182748
06-05 18:27:48.271  1582 11244 I OMX-VDEC-1080P: set_frame_rate: the current time is 182748
06-05 18:27:48.370  1582 11244 I OMX-VDEC-1080P: set_frame_rate: the current time is 182748
06-05 18:27:48.403  1582 11244 I OMX-VDEC-1080P: set_frame_rate: the current time is 182748
06-05 18:27:48.436  1582 11244 I OMX-VDEC-1080P: set_frame_rate: the current time is 182748
06-05 18:27:48.470  1582 11244 I OMX-VDEC-1080P: set_frame_rate: the current time is 182748
06-05 18:27:48.503  1582 11244 I OMX-VDEC-1080P: set_frame_rate: the current time is 182748
06-05 18:27:48.536  1582 11244 I OMX-VDEC-1080P: set_frame_rate: the current time is 182748
06-05 18:27:48.570  1582 11244 I OMX-VDEC-1080P: set_frame_rate: the current time is 182748
06-05 18:27:48.603  1582 11244 I OMX-VDEC-1080P: set_frame_rate: the current time is 182748
06-05 18:27:48.635  1582 11244 I OMX-VDEC-1080P: set_frame_rate: the current time is 182748
06-05 18:27:48.671  1582 11244 I OMX-VDEC-1080P: set_frame_rate: the current time is 182748
06-05 18:27:48.703  1582 11244 I OMX-VDEC-1080P: set_frame_rate: the current time is 182748
06-05 18:27:48.735  1582 11244 I OMX-VDEC-1080P: set_frame_rate: the current time is 182748
06-05 18:27:48.770  1582 11244 I OMX-VDEC-1080P: set_frame_rate: the current time is 182748
06-05 18:27:48.803  1582 11244 I OMX-VDEC-1080P: set_frame_rate: the current time is 182748
06-05 18:27:48.836  1582 11244 I OMX-VDEC-1080P: set_frame_rate: the current time is 182748
06-05 18:27:48.870  1582 11244 I OMX-VDEC-1080P: set_frame_rate: the current time is 182748
06-05 18:27:48.904  1582 11244 I OMX-VDEC-1080P: set_frame_rate: the current time is 182748
06-05 18:27:48.936  1582 11244 I OMX-VDEC-1080P: set_frame_rate: the current time is 182748
06-05 18:27:48.970  1582 11244 I OMX-VDEC-1080P: set_frame_rate: the current time is 182748
06-05 18:27:49.003  1582 11244 I OMX-VDEC-1080P: set_frame_rate: the current time is 182749
06-05 18:27:49.036  1582 11244 I OMX-VDEC-1080P: set_frame_rate: the current time is 182749
06-05 18:27:49.070  1582 11244 I OMX-VDEC-1080P: set_frame_rate: the current time is 182749
06-05 18:27:49.103  1582 11244 I OMX-VDEC-1080P: set_frame_rate: the current time is 182749
06-05 18:27:49.136  1582 11244 I OMX-VDEC-1080P: set_frame_rate: the current time is 182749
06-05 18:27:49.170  1582 11244 I OMX-VDEC-1080P: set_frame_rate: the current time is 182749
06-05 18:27:49.203  1582 11244 I OMX-VDEC-1080P: set_frame_rate: the current time is 182749
06-05 18:27:49.236  1582 11244 I OMX-VDEC-1080P: set_frame_rate: the current time is 182749
06-05 18:27:49.270  1582 11244 I OMX-VDEC-1080P: set_frame_rate: the current time is 182749
06-05 18:27:49.303  1582 11244 I OMX-VDEC-1080P: set_frame_rate: the current time is 182749
06-05 18:27:49.336  1582 11244 I OMX-VDEC-1080P: set_frame_rate: the current time is 182749
06-05 18:27:49.370  1582 11244 I OMX-VDEC-1080P: set_frame_rate: the current time is 182749
06-05 18:27:49.403  1582 11244 I OMX-VDEC-1080P: set_frame_rate: the current time is 182749
06-05 18:27:49.436  1582 11244 I OMX-VDEC-1080P: set_frame_rate: the current time is 182749
06-05 18:27:49.460  2999  2999 D DynamicService:  ACTION_BATTERY_CHANGED change,USB plug = 2
06-05 18:27:49.462  7552  7931 D ThermalIECHandler: storeDataStyle: thermal_iec_monitor_persistence_data_style_iec_state; startIECTime: -1; IECScreenOffOverPeriodTime: -1
06-05 18:27:49.463  7552  7645 D PowerKeeper.Thermal: mBatteryTemperature: 40
06-05 18:27:49.464  7552  7857 D PowerCheckerService: onBatteryChanged, mBatteryLevel = 56, status = 2, level = 56, plug = 2, scale = 100
06-05 18:27:49.464  6316  6316 I BatteryInfoReceiver: ACTION_BATTERY_CHANGED
06-05 18:27:49.465  2992  2992 V DeviceStatisticsService: chargerType=2 batteryLevel=56 totalBatteryCapacity=4255100
06-05 18:27:49.465  2992  2992 D DeviceInfoHidlClient: isRadioOn()=true
06-05 18:27:49.465  2992  2992 I DeviceInfoHidlClient: isPowerInfoNeverSent=false batteryLevel=56 batteryLevelIndex=2 chargingMode=2 totalCapacity=4255100 powerSaveMode=false
06-05 18:27:49.470  1582 11244 I OMX-VDEC-1080P: set_frame_rate: the current time is 182749
06-05 18:27:49.503  1582 11244 I OMX-VDEC-1080P: set_frame_rate: the current time is 182749
06-05 18:27:49.536  1582 11244 I OMX-VDEC-1080P: set_frame_rate: the current time is 182749
06-05 18:27:49.571  1582 11244 I OMX-VDEC-1080P: set_frame_rate: the current time is 182749
06-05 18:27:49.603  1582 11244 I OMX-VDEC-1080P: set_frame_rate: the current time is 182749
06-05 18:27:49.637  1582 11244 I OMX-VDEC-1080P: set_frame_rate: the current time is 182749
06-05 18:27:49.671  1582 11244 I OMX-VDEC-1080P: set_frame_rate: the current time is 182749
06-05 18:27:49.703  1582 11244 I OMX-VDEC-1080P: set_frame_rate: the current time is 182749
06-05 18:27:49.739  1582 11244 I OMX-VDEC-1080P: set_frame_rate: the current time is 182749
06-05 18:27:49.771  1582 11244 I OMX-VDEC-1080P: set_frame_rate: the current time is 182749
06-05 18:27:49.803  1582 11244 I OMX-VDEC-1080P: set_frame_rate: the current time is 182749
06-05 18:27:49.836  1582 11244 I OMX-VDEC-1080P: set_frame_rate: the current time is 182749
06-05 18:27:49.870  1582 11244 I OMX-VDEC-1080P: set_frame_rate: the current time is 182749
06-05 18:27:49.904  1582 11244 I OMX-VDEC-1080P: set_frame_rate: the current time is 182749
06-05 18:27:49.921  1850 20260 I PackageManager: FirstUseActivity Pinning optimized code com.example.dogglers
06-05 18:27:49.939  1582 11244 I OMX-VDEC-1080P: set_frame_rate: the current time is 182749
06-05 18:27:49.971  1582 11244 I OMX-VDEC-1080P: set_frame_rate: the current time is 182749
06-05 18:27:50.003  1582 11244 I OMX-VDEC-1080P: set_frame_rate: the current time is 182750
06-05 18:27:50.036  1582 11244 I OMX-VDEC-1080P: set_frame_rate: the current time is 182750
06-05 18:27:50.070  1582 11244 I OMX-VDEC-1080P: set_frame_rate: the current time is 182750
06-05 18:27:50.103  1582 11244 I OMX-VDEC-1080P: set_frame_rate: the current time is 182750
06-05 18:27:50.137  1582 11244 I OMX-VDEC-1080P: set_frame_rate: the current time is 182750
06-05 18:27:50.170  1582 11244 I OMX-VDEC-1080P: set_frame_rate: the current time is 182750
06-05 18:27:50.204  1582 11244 I OMX-VDEC-1080P: set_frame_rate: the current time is 182750
06-05 18:27:50.236  1582 11244 I OMX-VDEC-1080P: set_frame_rate: the current time is 182750
06-05 18:27:50.270  1582 11244 I OMX-VDEC-1080P: set_frame_rate: the current time is 182750
06-05 18:27:50.303  1582 11244 I OMX-VDEC-1080P: set_frame_rate: the current time is 182750
06-05 18:27:50.337  1582 11244 I OMX-VDEC-1080P: set_frame_rate: the current time is 182750
06-05 18:27:50.370  1582 11244 I OMX-VDEC-1080P: set_frame_rate: the current time is 182750
06-05 18:27:50.404  1582 11244 I OMX-VDEC-1080P: set_frame_rate: the current time is 182750
06-05 18:27:50.436  1582 11244 I OMX-VDEC-1080P: set_frame_rate: the current time is 182750
06-05 18:27:50.470  1582 11244 I OMX-VDEC-1080P: set_frame_rate: the current time is 182750
06-05 18:27:50.512  1582 11244 I OMX-VDEC-1080P: set_frame_rate: the current time is 182750
06-05 18:27:50.536  1582 11244 I OMX-VDEC-1080P: set_frame_rate: the current time is 182750
06-05 18:27:50.569  1582 11244 I OMX-VDEC-1080P: set_frame_rate: the current time is 182750
06-05 18:27:50.603  1582 11244 I OMX-VDEC-1080P: set_frame_rate: the current time is 182750
06-05 18:27:50.636  1582 11244 I OMX-VDEC-1080P: set_frame_rate: the current time is 182750
06-05 18:27:50.670  1582 11244 I OMX-VDEC-1080P: set_frame_rate: the current time is 182750
06-05 18:27:50.703  1582 11244 I OMX-VDEC-1080P: set_frame_rate: the current time is 182750
06-05 18:27:50.736  1582 11244 I OMX-VDEC-1080P: set_frame_rate: the current time is 182750
06-05 18:27:50.770  1582 11244 I OMX-VDEC-1080P: set_frame_rate: the current time is 182750
06-05 18:27:50.788  1850  2553 D MIUIInput: [MotionEvent] publisher action=0x4, 5458834, channel 'c058ab6 com.miui.securitycenter (server)'
06-05 18:27:50.788  1850  2553 D MIUIInput: [MotionEvent] publisher action=0x0, 5458834, channel 'f66205e com.ss.android.ugc.trill/com.ss.android.ugc.aweme.splash.SplashActivity (server)'
06-05 18:27:50.788  7693  7693 I GameBoxTouchListener: onTouch: 	mAdded=false	isLeftShowtrue
06-05 18:27:50.803  1582 11244 I OMX-VDEC-1080P: set_frame_rate: the current time is 182750
06-05 18:27:50.823  1850  1941 D PerfImpl: perfGetWorkLoadType
06-05 18:27:50.824  1034  1034 E vendor.qti.hardware.perf@2.2-service: Unknown params
06-05 18:27:50.824  1034  1034 I ANDR-PERF-LM: LMPerfGlue: perfmodule_submit_request() 132: perfmodule_submit_request()
06-05 18:27:50.824  1034  1034 I ANDR-PERF-LM: Core: getInstance() 84: LM getInstance
06-05 18:27:50.824  1034  1034 D ANDR-PERF-LM: Feature: lookup() 101: Feature Name = AppClassifier, total featuers = 3, featureFound = 1
06-05 18:27:50.825  1034  1034 D ANDR-PERF-LM: Feature: getData() 112: data.data = 1
06-05 18:27:50.825  1034  1034 I ANDR-PERF-LM: FeedbackAPI: getFeedback() 60: app:com.ss.android.ugc.trill feature:AppClassifier feedback = 1
06-05 18:27:50.825  1850  1941 D PerfImpl: perfScrollBoost: com.ss.android.ugc.trill, -1, 4
06-05 18:27:50.825  1034  1034 E vendor.qti.hardware.perf@2.2-service: Unknown params
06-05 18:27:50.826  1034  1034 I ANDR-PERF-LM: LMPerfGlue: perfmodule_submit_request() 132: perfmodule_submit_request()
06-05 18:27:50.826  1034  1034 I ANDR-PERF-LM: Core: getInstance() 84: LM getInstance
06-05 18:27:50.826  1034  1034 I ANDR-PERF-LM: WQ: push() 59: LMTriggerQ push() size=0
06-05 18:27:50.826  1034  1034 I ANDR-PERF-LM: WQ: push() 61: LMTriggerQ push() done size=1
06-05 18:27:50.826  1034  1092 I ANDR-PERF-LM: WQ: pop() 42: LMTriggerQ pop() done size=0
06-05 18:27:50.826  1034  1092 I ANDR-PERF-LM: Core: lmMain() 373: Waiting on trigger Queue
06-05 18:27:50.826  1034  1092 I ANDR-PERF-LM: WQ: pop() 31: LMTriggerQ pop() size=0
06-05 18:27:50.826  1850  1941 D PerfImpl: perfGetWorkLoadType
06-05 18:27:50.826  1034  1034 E vendor.qti.hardware.perf@2.2-service: Unknown params
06-05 18:27:50.826  1034  1034 I ANDR-PERF-LM: LMPerfGlue: perfmodule_submit_request() 132: perfmodule_submit_request()
06-05 18:27:50.826  1034  1034 I ANDR-PERF-LM: Core: getInstance() 84: LM getInstance
06-05 18:27:50.826  1034  1034 D ANDR-PERF-LM: Feature: lookup() 101: Feature Name = AppClassifier, total featuers = 3, featureFound = 1
06-05 18:27:50.827  1034  1034 D ANDR-PERF-LM: Feature: getData() 112: data.data = 1
06-05 18:27:50.827  1034  1034 I ANDR-PERF-LM: FeedbackAPI: getFeedback() 60: app:com.ss.android.ugc.trill feature:AppClassifier feedback = 1
06-05 18:27:50.827  1850  1941 D PerfImpl: perfDragBoost: com.ss.android.ugc.trill, -1, 1
06-05 18:27:50.827  1034  1034 E vendor.qti.hardware.perf@2.2-service: Unknown params
06-05 18:27:50.836  1582 11244 I OMX-VDEC-1080P: set_frame_rate: the current time is 182750
06-05 18:27:50.870  1582 11244 I OMX-VDEC-1080P: set_frame_rate: the current time is 182750
06-05 18:27:50.904  1582 11244 I OMX-VDEC-1080P: set_frame_rate: the current time is 182750
06-05 18:27:50.938  1582 11244 I OMX-VDEC-1080P: set_frame_rate: the current time is 182750
06-05 18:27:50.969  1582 11244 I OMX-VDEC-1080P: set_frame_rate: the current time is 182750
06-05 18:27:51.003  1582 11244 I OMX-VDEC-1080P: set_frame_rate: the current time is 182751
06-05 18:27:51.036  1582 11244 I OMX-VDEC-1080P: set_frame_rate: the current time is 182751
06-05 18:27:51.069  1582 11244 I OMX-VDEC-1080P: set_frame_rate: the current time is 182751
06-05 18:27:51.102  1582 11244 I OMX-VDEC-1080P: set_frame_rate: the current time is 182751
06-05 18:27:51.135  1850  2553 D MIUIInput: [MotionEvent] publisher action=0x1, 5459182, channel 'f66205e com.ss.android.ugc.trill/com.ss.android.ugc.aweme.splash.SplashActivity (server)'
06-05 18:27:51.136  1850  1941 D PerfImpl: perfGetWorkLoadType
06-05 18:27:51.136  1034  1034 E vendor.qti.hardware.perf@2.2-service: Unknown params
06-05 18:27:51.136  1034  1034 I ANDR-PERF-LM: LMPerfGlue: perfmodule_submit_request() 132: perfmodule_submit_request()
06-05 18:27:51.136  1034  1034 I ANDR-PERF-LM: Core: getInstance() 84: LM getInstance
06-05 18:27:51.136  1034  1034 D ANDR-PERF-LM: Feature: lookup() 101: Feature Name = AppClassifier, total featuers = 3, featureFound = 1
06-05 18:27:51.136  1034  1034 D ANDR-PERF-LM: Feature: getData() 112: data.data = 1
06-05 18:27:51.136  1034  1034 I ANDR-PERF-LM: FeedbackAPI: getFeedback() 60: app:com.ss.android.ugc.trill feature:AppClassifier feedback = 1
06-05 18:27:51.136  1850  1941 D PerfImpl: perfScrollBoost: com.ss.android.ugc.trill, -1, 4
06-05 18:27:51.136  1034  1034 E vendor.qti.hardware.perf@2.2-service: Unknown params
06-05 18:27:51.136  1582 11244 I OMX-VDEC-1080P: set_frame_rate: the current time is 182751
06-05 18:27:51.136  1034  1034 I ANDR-PERF-LM: LMPerfGlue: perfmodule_submit_request() 132: perfmodule_submit_request()
06-05 18:27:51.136  1034  1034 I ANDR-PERF-LM: Core: getInstance() 84: LM getInstance
06-05 18:27:51.136  1034  1034 I ANDR-PERF-LM: WQ: push() 59: LMTriggerQ push() size=0
06-05 18:27:51.136  1034  1034 I ANDR-PERF-LM: WQ: push() 61: LMTriggerQ push() done size=1
06-05 18:27:51.137  1034  1092 I ANDR-PERF-LM: WQ: pop() 42: LMTriggerQ pop() done size=0
06-05 18:27:51.137  1034  1092 I ANDR-PERF-LM: Core: lmMain() 373: Waiting on trigger Queue
06-05 18:27:51.137  1850  1941 D PerfImpl: perfGetWorkLoadType
06-05 18:27:51.137  1034  1092 I ANDR-PERF-LM: WQ: pop() 31: LMTriggerQ pop() size=0
06-05 18:27:51.137  1034  1034 E vendor.qti.hardware.perf@2.2-service: Unknown params
06-05 18:27:51.137  1034  1034 I ANDR-PERF-LM: LMPerfGlue: perfmodule_submit_request() 132: perfmodule_submit_request()
06-05 18:27:51.137  1034  1034 I ANDR-PERF-LM: Core: getInstance() 84: LM getInstance
06-05 18:27:51.137  1034  1034 D ANDR-PERF-LM: Feature: lookup() 101: Feature Name = AppClassifier, total featuers = 3, featureFound = 1
06-05 18:27:51.137  1034  1034 D ANDR-PERF-LM: Feature: getData() 112: data.data = 1
06-05 18:27:51.137  1034  1034 I ANDR-PERF-LM: FeedbackAPI: getFeedback() 60: app:com.ss.android.ugc.trill feature:AppClassifier feedback = 1
06-05 18:27:51.137  1850  1941 D PerfImpl: perfLockRelease
06-05 18:27:51.169  1582 11244 I OMX-VDEC-1080P: set_frame_rate: the current time is 182751
06-05 18:27:51.202  1582 11244 I OMX-VDEC-1080P: set_frame_rate: the current time is 182751
06-05 18:27:51.235  1582 11244 I OMX-VDEC-1080P: set_frame_rate: the current time is 182751
06-05 18:27:51.270  1582 11244 I OMX-VDEC-1080P: set_frame_rate: the current time is 182751
06-05 18:27:51.302  1582 11244 I OMX-VDEC-1080P: set_frame_rate: the current time is 182751
06-05 18:27:51.335  1582 11244 I OMX-VDEC-1080P: set_frame_rate: the current time is 182751
06-05 18:27:51.351  2999  3462 D MI_RIL_OEM_HOOK: onPkHookCommonMsg, msg_id = 65
06-05 18:27:51.351  2999  3462 D MI_RIL_OEM_HOOK: onGetHookMsgBytes, HOOK_HEAD_SIZE = 16, msg_len = 4
06-05 18:27:51.351  2999  3462 D MI_RIL_OEM_HOOK: onHookSendSync, phoneId = 0
06-05 18:27:51.352  2930  2930 D QcrilMsgTunnelIfaceManager: handleMessage what = 1
06-05 18:27:51.352  2930  2930 I QcrilOemhookMsgTunnel: [0]invokeOemRilRequestRaw: serial=2110 length=36
06-05 18:27:51.371  1582 11244 I OMX-VDEC-1080P: set_frame_rate: the current time is 182751
06-05 18:27:51.371  1582 11244 I OMX-VDEC-1080P: set_frame_rate: the current time is 182751
06-05 18:27:51.371  1582 11244 I OMX-VDEC-1080P: set_frame_rate: the current time is 182751
06-05 18:27:51.391  1793  2006 D XIAOMI_QCRIL: RIL[lib][xiaomi_extend_nvefs.c:52] xiaomi_qmi_result_map: xiaomi_qmi_result_map, old_result 0, new_result 0
06-05 18:27:51.392  2930  3267 I QcrilOemhookMsgTunnel: [0]processOemHookResponse serial no: 2110 error: 0length=16
06-05 18:27:51.393  2930  2930 D QcrilMsgTunnelIfaceManager: handleMessage what = 2
06-05 18:27:51.394  2999  3462 D QC_RIL_OEM_HOOK: sendOemRilRequestRaw returns value = 16
06-05 18:27:51.394  2999  3462 D ModemSarController_8250: type = 65, len = 4, value = 0
06-05 18:27:51.469  1582 11244 I OMX-VDEC-1080P: set_frame_rate: the current time is 182751
06-05 18:27:51.505  1582 11244 I OMX-VDEC-1080P: set_frame_rate: the current time is 182751
06-05 18:27:51.536  1582 11244 I OMX-VDEC-1080P: set_frame_rate: the current time is 182751
06-05 18:27:51.571  1582 11244 I OMX-VDEC-1080P: set_frame_rate: the current time is 182751
06-05 18:27:51.606  1582 11244 I OMX-VDEC-1080P: set_frame_rate: the current time is 182751
06-05 18:27:51.636  1582 11244 I OMX-VDEC-1080P: set_frame_rate: the current time is 182751
06-05 18:27:51.670  1582 11244 I OMX-VDEC-1080P: set_frame_rate: the current time is 182751
06-05 18:27:51.704  1582 11244 I OMX-VDEC-1080P: set_frame_rate: the current time is 182751
06-05 18:27:51.737  1582 11244 I OMX-VDEC-1080P: set_frame_rate: the current time is 182751
06-05 18:27:51.770  1582 11244 I OMX-VDEC-1080P: set_frame_rate: the current time is 182751
06-05 18:27:51.804  1582 11244 I OMX-VDEC-1080P: set_frame_rate: the current time is 182751
06-05 18:27:51.836  1582 11244 I OMX-VDEC-1080P: set_frame_rate: the current time is 182751
06-05 18:27:51.870  1582 11244 I OMX-VDEC-1080P: set_frame_rate: the current time is 182751
06-05 18:27:51.903  1582 11244 I OMX-VDEC-1080P: set_frame_rate: the current time is 182751
06-05 18:27:51.936  1582 11244 I OMX-VDEC-1080P: set_frame_rate: the current time is 182751
06-05 18:27:51.971  1582 11244 I OMX-VDEC-1080P: set_frame_rate: the current time is 182751
06-05 18:27:52.004  1582 11244 I OMX-VDEC-1080P: set_frame_rate: the current time is 182752
06-05 18:27:52.036  1582 11244 I OMX-VDEC-1080P: set_frame_rate: the current time is 182752
06-05 18:27:52.070  1582 11244 I OMX-VDEC-1080P: set_frame_rate: the current time is 182752
06-05 18:27:52.103  1582 11244 I OMX-VDEC-1080P: set_frame_rate: the current time is 182752
06-05 18:27:52.137  1582 11244 I OMX-VDEC-1080P: set_frame_rate: the current time is 182752
06-05 18:27:52.170  1582 11244 I OMX-VDEC-1080P: set_frame_rate: the current time is 182752
06-05 18:27:52.204  1582 11244 I OMX-VDEC-1080P: set_frame_rate: the current time is 182752
06-05 18:27:52.237  1582 11244 I OMX-VDEC-1080P: set_frame_rate: the current time is 182752
06-05 18:27:52.270  1582 11244 I OMX-VDEC-1080P: set_frame_rate: the current time is 182752
06-05 18:27:52.303  1582 11244 I OMX-VDEC-1080P: set_frame_rate: the current time is 182752
06-05 18:27:52.311  1850  2634 D MiuiNetworkPolicy: updateLimit mLimitEnabled=true,enabled=false,mNetworkPriorityMode=0
06-05 18:27:52.338  1582 11244 I OMX-VDEC-1080P: set_frame_rate: the current time is 182752
06-05 18:27:52.370  1582 11244 I OMX-VDEC-1080P: set_frame_rate: the current time is 182752
