06-05 18:27:20.960  1103  9745 I AudioPolicyManagerCustom: VR mode is 0, switch to primary output if request is for fast|raw
06-05 18:27:20.960   975  2315 D audio_hw_primary: adev_get_parameters:audio_karaoke_running
06-05 18:27:20.960   975  2315 D audio_hw_primary: get para : audio_karaoke_running = false
06-05 18:27:20.960   975  2315 D soundtrigger: audio_extn_sound_trigger_get_parameters input string<audio_karaoke_running=>
06-05 18:27:20.960   975  2315 D soundtrigger: extract_sm_handle input string <audio_karaoke_running=> param string <audio_karaoke_running=>
06-05 18:27:20.960   975  2315 D audio_hw_extn: audio_extn_fm_get_parameters: Enter
06-05 18:27:20.960   975  2315 D audio_hw_extn: audio_extn_get_parameters: returns audio_karaoke_running=false
06-05 18:27:20.960   975  2315 V msm8974_platform: platform_get_parameters: exit: returns - audio_karaoke_running=false
06-05 18:27:20.960   975  2315 D audio_hw_primary: adev_get_parameters: exit: returns - audio_karaoke_running=false
06-05 18:27:20.960  1582 11154 I OMX-VDEC-1080P: set_frame_rate: the current time is 182720
06-05 18:27:20.960  1103  9745 I hash_map_utils: system/bt/osi/src/hash_map_utils.cc:81 hash_map_utils_dump_string_keys_string_values: key: 'audio_karaoke_running' value: ''
06-05 18:27:20.961  1103  9745 I AudioPolicyManagerCustom: setting force DEEP buffer now
06-05 18:27:20.961  1103  9745 D APM_AudioPolicyManager: selectOutput flags 8
06-05 18:27:20.961  1103  9745 D APM_AudioPolicyManager: getOutputForAttrInt()- attributes={ Content type: AUDIO_CONTENT_TYPE_MUSIC Usage: AUDIO_USAGE_MEDIA Source: AUDIO_SOURCE_DEFAULT Flags: 0x800 Tags:  } stream=AUDIO_STREAM_MUSIC session 5897 output 29 selectedDeviceId 0 device {type:0x2,@:} sampling rate 44100 format 0x1channel mask 0x3 flags 0x8 stream AUDIO_STREAM_MUSIC uid 10383
06-05 18:27:20.961  1103  9745 D APM_AudioPolicyManager: getOutputForAttr() returns output 29 requestedPortId 0 selectedDeviceId 3 for port ID 416
06-05 18:27:20.961  1582 27136 E OMX-VDEC-1080P: Extension: OMX.QTI.index.config.video.getdsmode not implemented
06-05 18:27:20.962  1103  9745 I AudioFlinger: create audiotrack for com.ss.android.ugc.trill  uid 10383
06-05 18:27:20.962  1103  9745 D AudioFlinger: Client defaulted notificationFrames to 1768 for frameCount 3536
06-05 18:27:20.963  1103  9745 D AF::TrackHandle: OpPlayAudio: track:426 usage:1 not muted
06-05 18:27:20.964 18541 19362 I ttmn    : <0x0,sub_formater.cpp,parseSubPathInfo,312>subtitle: subInfo: {"list":[{"url":"https:\/\/v16.tiktokcdn.com\/cc8bd9c48df23f3b9a443153e6853781\/629cd04e\/video\/tos\/maliva\/tos-maliva-v-0068c799-us\/caeb1ad4b5f346d08ad0740fd4b85fc0\/?a=1180&ch=0&cr=3&dr=0&lr=all&cd=0%7C0%7C0%7C3&cv=1&br=13750&bt=6875&btag=40000&ds=4&ft=ARfEtBEpqFGmo0PVhEbfkVQMB0n42KJ&mime_type=video_mp4&qs=13&rc=M20zZzY6ZnM2ZDMzZzczNEBpM20zZzY6ZnM2ZDMzZzczNEBhYl9rcjRfamFgLS1kMS9zYSNhYl9rcjRfamFgLS1kMS9zcw%3D%3D&l=2022060509481101009907201738D8264B","language_id":2,"format":"webvtt",
06-05 18:27:20.965 18541 19362 I ttmn    : <0x0,sub_formater.cpp,parseSubPathInfo,386>subtitle: parse idx: 0, sub id: -557789063, language_id: 2, langauge: eng-US, format: webvtt, url: https://v16.tiktokcdn.com/cc8bd9c48df23f3b9a443153e6853781/629cd04e/video/tos/maliva/tos-maliva-v-0068c799-us/caeb1ad4b5f346d08ad0740fd4b85fc0/?a=1180&ch=0&cr=3&dr=0&lr=all&cd=0%7C0%7C0%7C3&cv=1&br=13750&bt=6875&btag=40000&ds=4&ft=ARfEtBEpqFGmo0PVhEbfkVQMB0n42KJ&mime_type=video_mp4&qs=13&rc=M20zZzY6ZnM2ZDMzZzczNEBpM20zZzY6ZnM2ZDMzZzczNEBhYl9rcjRfamFgLS1kMS9zYSNhYl9rcjRfamFgLS1kMS9zcw%3D%3D&l=20220605094811010
06-05 18:27:20.966  1103  9745 I AudioFlinger: create audiotrack for com.ss.android.ugc.trill  uid 10383
06-05 18:27:20.966  1103  9745 I AudioFlinger: create audiotrack for com.ss.android.ugc.trill  uid 10383
06-05 18:27:20.966  1103  9745 D AF::Track: Track(426): usage = 1 mbIsAttrNeedFade = 1
06-05 18:27:20.966  1582 11154 I OMX-VDEC-1080P: set_frame_rate: the current time is 182720
06-05 18:27:20.967  1582 11154 I OMX-VDEC-1080P: set_frame_rate: the current time is 182720
06-05 18:27:20.967  1582 27136 I OMX_VPP : VppOmxComponent::registerVppFakeBuf buffer with size 12 id 11 ts=0 flags:0
06-05 18:27:20.968  1582 27136 I OMX_VPP : VppOmxComponent::registerVppFakeBuf buffer with size 13 id 12 ts=0 flags:0
06-05 18:27:20.968 18541 19474 D AudioTrack: isWhiteListPackage() Uid 10383, package name com.ss.android.ugc.trill
06-05 18:27:20.969 18541 19474 W AudioTrack: Use of stream types is deprecated for operations other than volume control
06-05 18:27:20.969 18541 19474 W AudioTrack: See the documentation of AudioTrack() for what to use instead with android.media.AudioAttributes to qualify your playback use case
06-05 18:27:20.969 18541 19474 I AudioTrack: AudioTrack::setVolume L:1.000000 R:1.000000 and the pakage is com.ss.android.ugc.trill
06-05 18:27:20.969  1103  2311 D AudioFlinger: updateWakeLockUids_l AudioOut_D uids:
06-05 18:27:20.969  1103  9745 D AF::Track: setFadeType1 type = 1 mFadeType = 0 isFadeNeeded = 0
06-05 18:27:20.970  1103  2317 D AudioFlinger: updateWakeLockUids_l AudioOut_15 uids:
06-05 18:27:20.970  1103  2347 D AudioFlinger: updateWakeLockUids_l AudioOut_3D uids:
06-05 18:27:20.970  1103  2363 D AudioFlinger: updateWakeLockUids_l AudioOut_4D uids:
06-05 18:27:20.972   975   975 I EffectsFactory: EffectCreate() create_effect
06-05 18:27:20.973  1103  1103 I audioserver: setGameParameters keyvalue: xlog.volume.music.speaker=34
06-05 18:27:20.973  1103  1596 V APM::EffectDescriptor: registerEffect() effect Volume listener for Music, io 29, session 5897 id 747
06-05 18:27:20.973  1103  1596 V APM::EffectDescriptor: registerEffect() memory 1, total memory 3
06-05 18:27:20.973   975 28792 D audio_hw_primary: adev_set_parameters: enter: xlog.volume.music.speaker=34
06-05 18:27:20.973   975 28792 V msm8974_platform: platform_set_parameters: enter: xlog.volume.music.speaker=34
06-05 18:27:20.973   975 28792 D audio_hw_hfp: hfp_set_parameters: enter
06-05 18:27:20.973   975 28792 D audio_hw_hfp: hfp_set_parameters: enter
06-05 18:27:20.973   975 28792 V a2dp_offload: end of a2dp setparam
06-05 18:27:20.973   975 28792 D audio_hw_cspl_cal: cirrus_cal_setparameters: enter 0xf3003600
06-05 18:27:20.973   975 28792 D audio_hw_extn: audio_extn_fm_set_parameters: Enter
06-05 18:27:20.973   975 28792 D audio_hw_hfp: hfp_set_parameters: enter
06-05 18:27:20.973   975 28792 V a2dp_offload: end of a2dp setparam
06-05 18:27:20.973   975 28792 D audio_hw_primary: adev_set_parameters: exit with code(0)
06-05 18:27:20.973  1103  1596 V APM::EffectDescriptor: setEffectEnabled(true) total CPU 0
06-05 18:27:20.973  1103  1596 V AudioPolicyManagerImpl: notification filter: setNotificationFilter notificationFilterFeature=1
06-05 18:27:20.973  1103  1596 D AudioPolicyManagerImpl: notification filter: setNotificationFilter muteMaskInt=0
06-05 18:27:20.976   975 28792 D audio_hw_primary: out_set_parameters: enter: usecase(0: deep-buffer-playback) kvpairs: appname=+com.ss.android.ugc.trill
06-05 18:27:20.976   975 28792 D audio_hw_primary: [hal_apptype] out_set_parameters() +com.ss.android.ugc.trill [2 0x80 0x80 0x80]
06-05 18:27:20.976  1103  1596 D APM_AudioPolicyManager: startOutput() output 29, stream 3, session 5897 appname com.ss.android.ugc.trill uid 10383
06-05 18:27:20.977  1103  9745 E audioserver: open /proc/18541/cmdline error
06-05 18:27:20.977  1103  9745 I audioserver: setAppName(), name=[], active=[1]
06-05 18:27:20.977   975 28792 V EffectMiSound: MiSound_command() start, cmdCode=24
06-05 18:27:20.977   975 28792 V EffectMiSound: MiSound_Command EFFECT_CMD_SET_APP_NAME: stream=3, name=+
06-05 18:27:20.977  1103  2327 D AudioFlinger: updateWakeLockUids_l AudioOut_1D uids:10383
06-05 18:27:20.978 18541 19474 I AudioTrack: AudioTrack::setVolume L:1.000000 R:1.000000 and the pakage is com.ss.android.ugc.trill
06-05 18:27:20.979  1103  9745 I audioserver: setGameParameters keyvalue: xlog.volume.music.speaker=34
06-05 18:27:20.980   975 28792 D audio_hw_primary: adev_set_parameters: enter: xlog.volume.music.speaker=34
06-05 18:27:20.980   975 28792 V msm8974_platform: platform_set_parameters: enter: xlog.volume.music.speaker=34
06-05 18:27:20.980   975 28792 D audio_hw_hfp: hfp_set_parameters: enter
06-05 18:27:20.980   975 28792 D audio_hw_hfp: hfp_set_parameters: enter
06-05 18:27:20.980   975 28792 V a2dp_offload: end of a2dp setparam
06-05 18:27:20.980   975 28792 D audio_hw_cspl_cal: cirrus_cal_setparameters: enter 0xf3003600
06-05 18:27:20.980   975 28792 D audio_hw_extn: audio_extn_fm_set_parameters: Enter
06-05 18:27:20.980   975 28792 D audio_hw_hfp: hfp_set_parameters: enter
06-05 18:27:20.980   975 28792 V a2dp_offload: end of a2dp setparam
06-05 18:27:20.980   975 28792 D audio_hw_primary: adev_set_parameters: exit with code(0)
06-05 18:27:20.996 18541 18541 W System.err: org.json.JSONException: No value for information
06-05 18:27:20.996 18541 18541 W System.err: 	at org.json.JSONObject.get(JSONObject.java:403)
06-05 18:27:20.996 18541 18541 W System.err: 	at org.json.JSONObject.getString(JSONObject.java:564)
06-05 18:27:20.996 18541 18541 W System.err: 	at X.6MB.LIZ(SourceFile:33816600)
06-05 18:27:20.996 18541 18541 W System.err: 	at X.6Lf.LIZJ(SourceFile:17039373)
06-05 18:27:20.996 18541 18541 W System.err: 	at X.8c9.LIZ(SourceFile:327690)
06-05 18:27:20.996 18541 18541 W System.err: 	at X.KAf.LIZ(SourceFile:3603)
06-05 18:27:20.996 18541 18541 W System.err: 	at X.KAf.LJIIL(SourceFile:17039402)
06-05 18:27:20.996 18541 18541 W System.err: 	at X.KAf.LJJIJIIJI(SourceFile:590862)
06-05 18:27:20.996 18541 18541 W System.err: 	at com.ss.android.ugc.aweme.feed.adapter.VideoViewCell.onRenderReady(SourceFile:17301542)
06-05 18:27:20.996 18541 18541 W System.err: 	at X.6B8.LIZ(SourceFile:1393)
06-05 18:27:20.996 18541 18541 W System.err: 	at X.6C1.run(SourceFile:65540)
06-05 18:27:20.996 18541 18541 W System.err: 	at android.os.Handler.handleCallback(Handler.java:938)
06-05 18:27:20.996 18541 18541 W System.err: 	at android.os.Handler.dispatchMessage(Handler.java:99)
06-05 18:27:20.996 18541 18541 W System.err: 	at android.os.Looper.loopOnce(Looper.java:210)
06-05 18:27:20.996 18541 18541 W System.err: 	at android.os.Looper.loop(Looper.java:299)
06-05 18:27:20.996 18541 18541 W System.err: 	at android.app.ActivityThread.main(ActivityThread.java:8105)
06-05 18:27:20.996 18541 18541 W System.err: 	at java.lang.reflect.Method.invoke(Native Method)
06-05 18:27:20.996 18541 18541 W System.err: 	at com.android.internal.os.RuntimeInit$MethodAndArgsCaller.run(RuntimeInit.java:556)
06-05 18:27:20.996 18541 18541 W System.err: 	at com.android.internal.os.ZygoteInit.main(ZygoteInit.java:1045)
06-05 18:27:20.997 18541 18541 W System.err: org.json.JSONException: No value for com.android.information
06-05 18:27:20.997 18541 18541 W System.err: 	at org.json.JSONObject.get(JSONObject.java:403)
06-05 18:27:20.997 18541 18541 W System.err: 	at org.json.JSONObject.getString(JSONObject.java:564)
06-05 18:27:20.997 18541 18541 W System.err: 	at X.6MB.LIZ(SourceFile:33816600)
06-05 18:27:20.997 18541 18541 W System.err: 	at X.6Lf.LIZJ(SourceFile:17039373)
06-05 18:27:20.997 18541 18541 W System.err: 	at X.8c9.LIZ(SourceFile:327698)
06-05 18:27:20.997 18541 18541 W System.err: 	at X.KAf.LIZ(SourceFile:3603)
06-05 18:27:20.997 18541 18541 W System.err: 	at X.KAf.LJIIL(SourceFile:17039402)
06-05 18:27:20.997 18541 18541 W System.err: 	at X.KAf.LJJIJIIJI(SourceFile:590862)
06-05 18:27:20.997 18541 18541 W System.err: 	at com.ss.android.ugc.aweme.feed.adapter.VideoViewCell.onRenderReady(SourceFile:17301542)
06-05 18:27:20.997 18541 18541 W System.err: 	at X.6B8.LIZ(SourceFile:1393)
06-05 18:27:20.997 18541 18541 W System.err: 	at X.6C1.run(SourceFile:65540)
06-05 18:27:20.997 18541 18541 W System.err: 	at android.os.Handler.handleCallback(Handler.java:938)
06-05 18:27:20.997 18541 18541 W System.err: 	at android.os.Handler.dispatchMessage(Handler.java:99)
06-05 18:27:20.997 18541 18541 W System.err: 	at android.os.Looper.loopOnce(Looper.java:210)
06-05 18:27:20.997 18541 18541 W System.err: 	at android.os.Looper.loop(Looper.java:299)
06-05 18:27:20.997 18541 18541 W System.err: 	at android.app.ActivityThread.main(ActivityThread.java:8105)
06-05 18:27:20.997 18541 18541 W System.err: 	at java.lang.reflect.Method.invoke(Native Method)
06-05 18:27:20.997 18541 18541 W System.err: 	at com.android.internal.os.RuntimeInit$MethodAndArgsCaller.run(RuntimeInit.java:556)
06-05 18:27:20.997 18541 18541 W System.err: 	at com.android.internal.os.ZygoteInit.main(ZygoteInit.java:1045)
06-05 18:27:20.997 18541 18541 W System.err: org.json.JSONException: No value for com.apple.quicktime.information
06-05 18:27:20.997 18541 18541 W System.err: 	at org.json.JSONObject.get(JSONObject.java:403)
06-05 18:27:20.997 18541 18541 W System.err: 	at org.json.JSONObject.getString(JSONObject.java:564)
06-05 18:27:20.997 18541 18541 W System.err: 	at X.6MB.LIZ(SourceFile:33816600)
06-05 18:27:20.997 18541 18541 W System.err: 	at X.6Lf.LIZJ(SourceFile:17039373)
06-05 18:27:20.997 18541 18541 W System.err: 	at X.8c9.LIZ(SourceFile:327706)
06-05 18:27:20.997 18541 18541 W System.err: 	at X.KAf.LIZ(SourceFile:3603)
06-05 18:27:20.997 18541 18541 W System.err: 	at X.KAf.LJIIL(SourceFile:17039402)
06-05 18:27:20.997 18541 18541 W System.err: 	at X.KAf.LJJIJIIJI(SourceFile:590862)
06-05 18:27:20.997 18541 18541 W System.err: 	at com.ss.android.ugc.aweme.feed.adapter.VideoViewCell.onRenderReady(SourceFile:17301542)
06-05 18:27:20.997 18541 18541 W System.err: 	at X.6B8.LIZ(SourceFile:1393)
06-05 18:27:20.997 18541 18541 W System.err: 	at X.6C1.run(SourceFile:65540)
06-05 18:27:20.997 18541 18541 W System.err: 	at android.os.Handler.handleCallback(Handler.java:938)
06-05 18:27:20.997 18541 18541 W System.err: 	at android.os.Handler.dispatchMessage(Handler.java:99)
06-05 18:27:20.997 18541 18541 W System.err: 	at android.os.Looper.loopOnce(Looper.java:210)
06-05 18:27:20.997 18541 18541 W System.err: 	at android.os.Looper.loop(Looper.java:299)
06-05 18:27:20.997 18541 18541 W System.err: 	at android.app.ActivityThread.main(ActivityThread.java:8105)
06-05 18:27:20.997 18541 18541 W System.err: 	at java.lang.reflect.Method.invoke(Native Method)
06-05 18:27:20.997 18541 18541 W System.err: 	at com.android.internal.os.RuntimeInit$MethodAndArgsCaller.run(RuntimeInit.java:556)
06-05 18:27:20.997 18541 18541 W System.err: 	at com.android.internal.os.ZygoteInit.main(ZygoteInit.java:1045)
06-05 18:27:20.998 18541 10707 W System.err: org.json.JSONException: No value for information
06-05 18:27:20.998 18541 10707 W System.err: 	at org.json.JSONObject.get(JSONObject.java:403)
06-05 18:27:20.998 18541 10707 W System.err: 	at org.json.JSONObject.getString(JSONObject.java:564)
06-05 18:27:20.998 18541 10707 W System.err: 	at X.6MB.LIZ(SourceFile:33816600)
06-05 18:27:20.998 18541 10707 W System.err: 	at X.6Lf.LIZJ(SourceFile:17039373)
06-05 18:27:20.998 18541 10707 W System.err: 	at X.8c8.LIZIZ(SourceFile:393228)
06-05 18:27:20.998 18541 10707 W System.err: 	at X.8cB.call(SourceFile:262146)
06-05 18:27:20.998 18541 10707 W System.err: 	at X.0BO.run(SourceFile:262166)
06-05 18:27:20.998 18541 10707 W System.err: 	at X.0fb.run(SourceFile:459005)
06-05 18:27:20.998 18541 10707 W System.err: 	at java.util.concurrent.ThreadPoolExecutor.runWorker(ThreadPoolExecutor.java:1167)
06-05 18:27:20.998 18541 10707 W System.err: 	at java.util.concurrent.ThreadPoolExecutor$Worker.run(ThreadPoolExecutor.java:641)
06-05 18:27:20.998 18541 10707 W System.err: 	at X.0ff.run(SourceFile:131081)
06-05 18:27:20.998 18541 10707 W System.err: 	at java.lang.Thread.run(Thread.java:920)
06-05 18:27:20.998 18541 10707 W System.err: org.json.JSONException: No value for com.android.information
06-05 18:27:20.999 18541 10707 W System.err: 	at org.json.JSONObject.get(JSONObject.java:403)
06-05 18:27:20.999 18541 10707 W System.err: 	at org.json.JSONObject.getString(JSONObject.java:564)
06-05 18:27:20.999 18541 10707 W System.err: 	at X.6MB.LIZ(SourceFile:33816600)
06-05 18:27:20.999 18541 10707 W System.err: 	at X.6Lf.LIZJ(SourceFile:17039373)
06-05 18:27:20.999 18541 10707 W System.err: 	at X.8c8.LIZIZ(SourceFile:393243)
06-05 18:27:20.999 18541 10707 W System.err: 	at X.8cB.call(SourceFile:262146)
06-05 18:27:20.999 18541 10707 W System.err: 	at X.0BO.run(SourceFile:262166)
06-05 18:27:20.999 18541 10707 W System.err: 	at X.0fb.run(SourceFile:459005)
06-05 18:27:20.999 18541 10707 W System.err: 	at java.util.concurrent.ThreadPoolExecutor.runWorker(ThreadPoolExecutor.java:1167)
06-05 18:27:20.999 18541 10707 W System.err: 	at java.util.concurrent.ThreadPoolExecutor$Worker.run(ThreadPoolExecutor.java:641)
06-05 18:27:20.999 18541 10707 W System.err: 	at X.0ff.run(SourceFile:131081)
06-05 18:27:20.999 18541 10707 W System.err: 	at java.lang.Thread.run(Thread.java:920)
06-05 18:27:20.999 18541 10707 W System.err: org.json.JSONException: No value for com.apple.quicktime.information
06-05 18:27:20.999 18541 10707 W System.err: 	at org.json.JSONObject.get(JSONObject.java:403)
06-05 18:27:20.999 18541 10707 W System.err: 	at org.json.JSONObject.getString(JSONObject.java:564)
06-05 18:27:20.999 18541 10707 W System.err: 	at X.6MB.LIZ(SourceFile:33816600)
06-05 18:27:20.999 18541 10707 W System.err: 	at X.6Lf.LIZJ(SourceFile:17039373)
06-05 18:27:20.999 18541 10707 W System.err: 	at X.8c8.LIZIZ(SourceFile:393258)
06-05 18:27:20.999 18541 10707 W System.err: 	at X.8cB.call(SourceFile:262146)
06-05 18:27:20.999 18541 10707 W System.err: 	at X.0BO.run(SourceFile:262166)
06-05 18:27:20.999 18541 10707 W System.err: 	at X.0fb.run(SourceFile:459005)
06-05 18:27:20.999 18541 10707 W System.err: 	at java.util.concurrent.ThreadPoolExecutor.runWorker(ThreadPoolExecutor.java:1167)
06-05 18:27:20.999 18541 10707 W System.err: 	at java.util.concurrent.ThreadPoolExecutor$Worker.run(ThreadPoolExecutor.java:641)
06-05 18:27:20.999 18541 10707 W System.err: 	at X.0ff.run(SourceFile:131081)
06-05 18:27:20.999 18541 10707 W System.err: 	at java.lang.Thread.run(Thread.java:920)
06-05 18:27:21.006  1850  2634 I MiuiNetworkPolicy: updateUidState uid = 10188, uidState = 3
06-05 18:27:21.014 18541 10707 W System.err: java.io.FileNotFoundException: /proc/stat: open failed: EACCES (Permission denied)
06-05 18:27:21.014 18541 10707 W System.err: 	at libcore.io.IoBridge.open(IoBridge.java:575)
06-05 18:27:21.014 18541 10707 W System.err: 	at java.io.RandomAccessFile.<init>(RandomAccessFile.java:289)
06-05 18:27:21.014 18541 10707 W System.err: 	at java.io.RandomAccessFile.<init>(RandomAccessFile.java:152)
06-05 18:27:21.014 18541 10707 W System.err: 	at X.6gK.LIZ(SourceFile:393238)
06-05 18:27:21.014 18541 10707 W System.err: 	at X.6gM.call(SourceFile:65536)
06-05 18:27:21.015 18541 10707 W System.err: 	at X.0BO.run(SourceFile:262166)
06-05 18:27:21.015 18541 10707 W System.err: 	at X.0fb.run(SourceFile:459005)
06-05 18:27:21.015 18541 10707 W System.err: 	at java.util.concurrent.ThreadPoolExecutor.runWorker(ThreadPoolExecutor.java:1167)
06-05 18:27:21.015 18541 10707 W System.err: 	at java.util.concurrent.ThreadPoolExecutor$Worker.run(ThreadPoolExecutor.java:641)
06-05 18:27:21.015 18541 10707 W System.err: 	at X.0ff.run(SourceFile:131081)
06-05 18:27:21.015 18541 10707 W System.err: 	at java.lang.Thread.run(Thread.java:920)
06-05 18:27:21.015 18541 10707 W System.err: Caused by: android.system.ErrnoException: open failed: EACCES (Permission denied)
06-05 18:27:21.015 18541 10707 W System.err: 	at libcore.io.Linux.open(Native Method)
06-05 18:27:21.015 18541 10707 W System.err: 	at libcore.io.ForwardingOs.open(ForwardingOs.java:567)
06-05 18:27:21.015 18541 10707 W System.err: 	at libcore.io.BlockGuardOs.open(BlockGuardOs.java:273)
06-05 18:27:21.015 18541 10707 W System.err: 	at libcore.io.ForwardingOs.open(ForwardingOs.java:567)
06-05 18:27:21.015 18541 10707 W System.err: 	at android.app.ActivityThread$AndroidOs.open(ActivityThread.java:7980)
06-05 18:27:21.015 18541 10707 W System.err: 	at libcore.io.IoBridge.open(IoBridge.java:561)
06-05 18:27:21.015 18541 10707 W System.err: 	... 10 more
06-05 18:27:21.016  4385  4385 D BoundBrokerSvc: onBind: Intent { act=com.google.android.gms.measurement.START pkg=com.google.android.gms }
06-05 18:27:21.016  4385  4385 D BoundBrokerSvc: Loading bound service for intent: Intent { act=com.google.android.gms.measurement.START pkg=com.google.android.gms }
06-05 18:27:21.038 18541 18928 E lens_sdk: VideoOclSrGpuBackend::video size changed,w:576,h:1026
06-05 18:27:21.038  1582 27136 I OMX_VPP : VppOmxComponent::registerVppFakeBuf buffer with size 14 id 13 ts=0 flags:0
06-05 18:27:21.056  1103  1596 V APM::EffectDescriptor: setEffectEnabled(false) total CPU 0
06-05 18:27:21.056  1103  2327 D AudioFlinger: updateWakeLockUids_l AudioOut_1D uids:10383
06-05 18:27:21.057   975 28792 D msm8974_platform: platform_split_snd_device: snd_device(2) num devices(1) new_snd_devices(0)
06-05 18:27:21.057  1103  1596 V APM::EffectDescriptor: unregisterEffect() effect Volume listener for Music, ID 739, memory 1 total memory 2
06-05 18:27:21.057  1103  1596 D APM_AudioPolicyManager: stopOutput portId 415
06-05 18:27:21.057  1103  1596 D APM_AudioPolicyManager: stopOutput() output 29, stream 3, session 5889
06-05 18:27:21.073  1582 11154 I OMX-VDEC-1080P: set_frame_rate: the current time is 182721
06-05 18:27:21.074  1582 11154 I OMX-VDEC-1080P: set_frame_rate: the current time is 182721
06-05 18:27:21.076  1582 11154 I OMX-VDEC-1080P: set_frame_rate: the current time is 182721
06-05 18:27:21.097   975 28792 D audio_hw_primary: out_set_parameters: enter: usecase(0: deep-buffer-playback) kvpairs: appname=-com.ss.android.ugc.trill
06-05 18:27:21.097   975 28792 D audio_hw_primary: [hal_apptype] out_set_parameters() -com.ss.android.ugc.trill [1 0x80 0x80 0x80]
06-05 18:27:21.097  1103  1596 D APM_AudioPolicyManager: releaseOutput portId 415
06-05 18:27:21.097  1103  1596 D APM_AudioPolicyManager: releaseOutput() output 29, stream 3, session 5889 [uid=10383]
06-05 18:27:21.105  1582 27136 I OMX_VPP : VppOmxComponent::registerVppFakeBuf buffer with size 15 id 14 ts=0 flags:0
06-05 18:27:21.106  2999  3462 D MI_RIL_OEM_HOOK: onPkHookCommonMsg, msg_id = 65
06-05 18:27:21.106  2999  3462 D MI_RIL_OEM_HOOK: onGetHookMsgBytes, HOOK_HEAD_SIZE = 16, msg_len = 4
06-05 18:27:21.106  2999  3462 D MI_RIL_OEM_HOOK: onHookSendSync, phoneId = 0
06-05 18:27:21.106  2930  2930 D QcrilMsgTunnelIfaceManager: handleMessage what = 1
06-05 18:27:21.106  2930  2930 I QcrilOemhookMsgTunnel: [0]invokeOemRilRequestRaw: serial=2104 length=36
06-05 18:27:21.139  1582 11154 I OMX-VDEC-1080P: set_frame_rate: the current time is 182721
06-05 18:27:21.144  1793  2006 D XIAOMI_QCRIL: RIL[lib][xiaomi_extend_nvefs.c:52] xiaomi_qmi_result_map: xiaomi_qmi_result_map, old_result 0, new_result 0
06-05 18:27:21.144  2930  3267 I QcrilOemhookMsgTunnel: [0]processOemHookResponse serial no: 2104 error: 0length=16
06-05 18:27:21.145  2930  2930 D QcrilMsgTunnelIfaceManager: handleMessage what = 2
06-05 18:27:21.145  2999  3462 D QC_RIL_OEM_HOOK: sendOemRilRequestRaw returns value = 16
06-05 18:27:21.145  2999  3462 D ModemSarController_8250: type = 65, len = 4, value = 0
06-05 18:27:21.152 18541 10727 W System.err: org.json.JSONException: No value for information
06-05 18:27:21.152 18541 10727 W System.err: 	at org.json.JSONObject.get(JSONObject.java:403)
06-05 18:27:21.152 18541 10727 W System.err: 	at org.json.JSONObject.getString(JSONObject.java:564)
06-05 18:27:21.152 18541 10727 W System.err: 	at X.6MB.LIZ(SourceFile:33816600)
06-05 18:27:21.152 18541 10727 W System.err: 	at X.6Lf.LIZJ(SourceFile:17039373)
06-05 18:27:21.152 18541 10727 W System.err: 	at X.8c8.LIZIZ(SourceFile:393228)
06-05 18:27:21.152 18541 10727 W System.err: 	at X.8cB.call(SourceFile:262146)
06-05 18:27:21.152 18541 10727 W System.err: 	at X.0BO.run(SourceFile:262166)
06-05 18:27:21.152 18541 10727 W System.err: 	at X.0fb.run(SourceFile:459005)
06-05 18:27:21.152 18541 10727 W System.err: 	at java.util.concurrent.ThreadPoolExecutor.runWorker(ThreadPoolExecutor.java:1167)
06-05 18:27:21.152 18541 10727 W System.err: 	at java.util.concurrent.ThreadPoolExecutor$Worker.run(ThreadPoolExecutor.java:641)
06-05 18:27:21.152 18541 10727 W System.err: 	at X.0ff.run(SourceFile:131081)
06-05 18:27:21.152 18541 10727 W System.err: 	at java.lang.Thread.run(Thread.java:920)
06-05 18:27:21.152 18541 10727 W System.err: org.json.JSONException: No value for com.android.information
06-05 18:27:21.153 18541 10727 W System.err: 	at org.json.JSONObject.get(JSONObject.java:403)
06-05 18:27:21.153 18541 10727 W System.err: 	at org.json.JSONObject.getString(JSONObject.java:564)
06-05 18:27:21.153 18541 10727 W System.err: 	at X.6MB.LIZ(SourceFile:33816600)
06-05 18:27:21.153 18541 10727 W System.err: 	at X.6Lf.LIZJ(SourceFile:17039373)
06-05 18:27:21.153 18541 10727 W System.err: 	at X.8c8.LIZIZ(SourceFile:393243)
06-05 18:27:21.153 18541 10727 W System.err: 	at X.8cB.call(SourceFile:262146)
06-05 18:27:21.153 18541 10727 W System.err: 	at X.0BO.run(SourceFile:262166)
06-05 18:27:21.153 18541 10727 W System.err: 	at X.0fb.run(SourceFile:459005)
06-05 18:27:21.153 18541 10727 W System.err: 	at java.util.concurrent.ThreadPoolExecutor.runWorker(ThreadPoolExecutor.java:1167)
06-05 18:27:21.153 18541 10727 W System.err: 	at java.util.concurrent.ThreadPoolExecutor$Worker.run(ThreadPoolExecutor.java:641)
06-05 18:27:21.153 18541 10727 W System.err: 	at X.0ff.run(SourceFile:131081)
06-05 18:27:21.153 18541 10727 W System.err: 	at java.lang.Thread.run(Thread.java:920)
06-05 18:27:21.153 18541 10727 W System.err: org.json.JSONException: No value for com.apple.quicktime.information
06-05 18:27:21.153 18541 10727 W System.err: 	at org.json.JSONObject.get(JSONObject.java:403)
06-05 18:27:21.153 18541 10727 W System.err: 	at org.json.JSONObject.getString(JSONObject.java:564)
06-05 18:27:21.153 18541 10727 W System.err: 	at X.6MB.LIZ(SourceFile:33816600)
06-05 18:27:21.153 18541 10727 W System.err: 	at X.6Lf.LIZJ(SourceFile:17039373)
06-05 18:27:21.153 18541 10727 W System.err: 	at X.8c8.LIZIZ(SourceFile:393258)
06-05 18:27:21.153 18541 10727 W System.err: 	at X.8cB.call(SourceFile:262146)
06-05 18:27:21.153 18541 10727 W System.err: 	at X.0BO.run(SourceFile:262166)
06-05 18:27:21.153 18541 10727 W System.err: 	at X.0fb.run(SourceFile:459005)
06-05 18:27:21.153 18541 10727 W System.err: 	at java.util.concurrent.ThreadPoolExecutor.runWorker(ThreadPoolExecutor.java:1167)
06-05 18:27:21.153 18541 10727 W System.err: 	at java.util.concurrent.ThreadPoolExecutor$Worker.run(ThreadPoolExecutor.java:641)
06-05 18:27:21.153 18541 10727 W System.err: 	at X.0ff.run(SourceFile:131081)
06-05 18:27:21.153 18541 10727 W System.err: 	at java.lang.Thread.run(Thread.java:920)
06-05 18:27:21.174  1582 11154 I OMX-VDEC-1080P: set_frame_rate: the current time is 182721
06-05 18:27:21.206  1582 11154 I OMX-VDEC-1080P: set_frame_rate: the current time is 182721
06-05 18:27:21.239  1582 11154 I OMX-VDEC-1080P: set_frame_rate: the current time is 182721
06-05 18:27:21.259 18541 10939 I ttheif_dec: heif_info : data_size:17377 is_grid:0 has_clap:0 is_seqence;0 cols:0 rows:0 width:360 height:640 angle:0.
06-05 18:27:21.273  1582 11154 I OMX-VDEC-1080P: set_frame_rate: the current time is 182721
06-05 18:27:21.306  1582 11154 I OMX-VDEC-1080P: set_frame_rate: the current time is 182721
06-05 18:27:21.339  1582 11154 I OMX-VDEC-1080P: set_frame_rate: the current time is 182721
06-05 18:27:21.373  1582 11154 I OMX-VDEC-1080P: set_frame_rate: the current time is 182721
06-05 18:27:21.406  1582 11154 I OMX-VDEC-1080P: set_frame_rate: the current time is 182721
06-05 18:27:21.439  1582 11154 I OMX-VDEC-1080P: set_frame_rate: the current time is 182721
06-05 18:27:21.475  1582 11154 I OMX-VDEC-1080P: set_frame_rate: the current time is 182721
06-05 18:27:21.506  1582 11154 I OMX-VDEC-1080P: set_frame_rate: the current time is 182721
06-05 18:27:21.539  1582 11154 I OMX-VDEC-1080P: set_frame_rate: the current time is 182721
06-05 18:27:21.573  1582 11154 I OMX-VDEC-1080P: set_frame_rate: the current time is 182721
06-05 18:27:21.606  1582 11154 I OMX-VDEC-1080P: set_frame_rate: the current time is 182721
06-05 18:27:21.640  1582 11154 I OMX-VDEC-1080P: set_frame_rate: the current time is 182721
06-05 18:27:21.673  1582 11154 I OMX-VDEC-1080P: set_frame_rate: the current time is 182721
06-05 18:27:21.707  1582 11154 I OMX-VDEC-1080P: set_frame_rate: the current time is 182721
06-05 18:27:21.740  4226  6018 I CarrierServices: [60] cfi.c: Connected state: [1], networkType: [WIFI]
06-05 18:27:21.745  1582 11154 I OMX-VDEC-1080P: set_frame_rate: the current time is 182721
06-05 18:27:21.773  1582 11154 I OMX-VDEC-1080P: set_frame_rate: the current time is 182721
06-05 18:27:21.807  1582 11154 I OMX-VDEC-1080P: set_frame_rate: the current time is 182721
06-05 18:27:21.839  1582 11154 I OMX-VDEC-1080P: set_frame_rate: the current time is 182721
06-05 18:27:21.874  1582 11154 I OMX-VDEC-1080P: set_frame_rate: the current time is 182721
06-05 18:27:21.906  1582 11154 I OMX-VDEC-1080P: set_frame_rate: the current time is 182721
06-05 18:27:21.949  1582 11154 I OMX-VDEC-1080P: set_frame_rate: the current time is 182721
06-05 18:27:21.974  1582 11154 I OMX-VDEC-1080P: set_frame_rate: the current time is 182721
06-05 18:27:22.006  1582 11154 I OMX-VDEC-1080P: set_frame_rate: the current time is 182722
06-05 18:27:22.039  1582 11154 I OMX-VDEC-1080P: set_frame_rate: the current time is 182722
06-05 18:27:22.066 18541 18552 E jato    : gc block end, 5429313,801
06-05 18:27:22.073  1582 11154 I OMX-VDEC-1080P: set_frame_rate: the current time is 182722
06-05 18:27:22.107  1582 11154 I OMX-VDEC-1080P: set_frame_rate: the current time is 182722
06-05 18:27:22.139  1582 11154 I OMX-VDEC-1080P: set_frame_rate: the current time is 182722
06-05 18:27:22.173  1582 11154 I OMX-VDEC-1080P: set_frame_rate: the current time is 182722
06-05 18:27:22.206  1582 11154 I OMX-VDEC-1080P: set_frame_rate: the current time is 182722
06-05 18:27:22.239  1582 11154 I OMX-VDEC-1080P: set_frame_rate: the current time is 182722
06-05 18:27:22.274  1582 11154 I OMX-VDEC-1080P: set_frame_rate: the current time is 182722
06-05 18:27:22.306  1582 11154 I OMX-VDEC-1080P: set_frame_rate: the current time is 182722
06-05 18:27:22.307  1850  2634 D MiuiNetworkPolicy: updateLimit mLimitEnabled=true,enabled=false,mNetworkPriorityMode=0
06-05 18:27:22.340  1582 11154 I OMX-VDEC-1080P: set_frame_rate: the current time is 182722
06-05 18:27:22.373  1582 11154 I OMX-VDEC-1080P: set_frame_rate: the current time is 182722
06-05 18:27:22.408  1582 11154 I OMX-VDEC-1080P: set_frame_rate: the current time is 182722
06-05 18:27:22.440  1582 11154 I OMX-VDEC-1080P: set_frame_rate: the current time is 182722
06-05 18:27:22.475  1582 11154 I OMX-VDEC-1080P: set_frame_rate: the current time is 182722
06-05 18:27:22.508  1582 11154 I OMX-VDEC-1080P: set_frame_rate: the current time is 182722
06-05 18:27:22.541  1582 11154 I OMX-VDEC-1080P: set_frame_rate: the current time is 182722
06-05 18:27:22.575  1582 11154 I OMX-VDEC-1080P: set_frame_rate: the current time is 182722
06-05 18:27:22.607  1582 11154 I OMX-VDEC-1080P: set_frame_rate: the current time is 182722
06-05 18:27:22.610  7552  7931 D ThermalIECHandler: storeDataStyle: thermal_iec_monitor_persistence_data_style_iec_state; startIECTime: -1; IECScreenOffOverPeriodTime: -1
06-05 18:27:22.611  2999  2999 D DynamicService:  ACTION_BATTERY_CHANGED change,USB plug = 2
06-05 18:27:22.612  6316  6316 I BatteryInfoReceiver: ACTION_BATTERY_CHANGED
06-05 18:27:22.613  7552  7857 D PowerCheckerService: onBatteryChanged, mBatteryLevel = 56, status = 2, level = 56, plug = 2, scale = 100
06-05 18:27:22.615  7552  7645 D PowerKeeper.Thermal: mBatteryTemperature: 40
06-05 18:27:22.618  2992  2992 V DeviceStatisticsService: chargerType=2 batteryLevel=56 totalBatteryCapacity=4255200
06-05 18:27:22.618  2992  2992 D DeviceInfoHidlClient: isRadioOn()=true
06-05 18:27:22.618  2992  2992 I DeviceInfoHidlClient: isPowerInfoNeverSent=false batteryLevel=56 batteryLevelIndex=2 chargingMode=2 totalCapacity=4255200 powerSaveMode=false
06-05 18:27:22.641  1582 11154 I OMX-VDEC-1080P: set_frame_rate: the current time is 182722
06-05 18:27:22.675  1582 11154 I OMX-VDEC-1080P: set_frame_rate: the current time is 182722
06-05 18:27:22.707  1582 11154 I OMX-VDEC-1080P: set_frame_rate: the current time is 182722
06-05 18:27:22.741  1582 11154 I OMX-VDEC-1080P: set_frame_rate: the current time is 182722
06-05 18:27:22.775  1582 11154 I OMX-VDEC-1080P: set_frame_rate: the current time is 182722
06-05 18:27:22.807  1582 11154 I OMX-VDEC-1080P: set_frame_rate: the current time is 182722
06-05 18:27:22.840  1582 11154 I OMX-VDEC-1080P: set_frame_rate: the current time is 182722
06-05 18:27:22.875  1582 11154 I OMX-VDEC-1080P: set_frame_rate: the current time is 182722
06-05 18:27:22.907  1582 11154 I OMX-VDEC-1080P: set_frame_rate: the current time is 182722
06-05 18:27:22.940  1582 11154 I OMX-VDEC-1080P: set_frame_rate: the current time is 182722
06-05 18:27:22.975  1582 11154 I OMX-VDEC-1080P: set_frame_rate: the current time is 182722
06-05 18:27:23.008  1582 11154 I OMX-VDEC-1080P: set_frame_rate: the current time is 182723
06-05 18:27:23.041  1582 11154 I OMX-VDEC-1080P: set_frame_rate: the current time is 182723
06-05 18:27:23.075  1582 11154 I OMX-VDEC-1080P: set_frame_rate: the current time is 182723
06-05 18:27:23.108  1582 11154 I OMX-VDEC-1080P: set_frame_rate: the current time is 182723
06-05 18:27:23.151  1582 11154 I OMX-VDEC-1080P: set_frame_rate: the current time is 182723
06-05 18:27:23.175  1582 11154 I OMX-VDEC-1080P: set_frame_rate: the current time is 182723
06-05 18:27:23.208  1582 11154 I OMX-VDEC-1080P: set_frame_rate: the current time is 182723
06-05 18:27:23.241  1582 11154 I OMX-VDEC-1080P: set_frame_rate: the current time is 182723
06-05 18:27:23.275  1582 11154 I OMX-VDEC-1080P: set_frame_rate: the current time is 182723
06-05 18:27:23.308  1582 11154 I OMX-VDEC-1080P: set_frame_rate: the current time is 182723
06-05 18:27:23.341  1582 11154 I OMX-VDEC-1080P: set_frame_rate: the current time is 182723
06-05 18:27:23.374  1582 11154 I OMX-VDEC-1080P: set_frame_rate: the current time is 182723
06-05 18:27:23.409  1582 11154 I OMX-VDEC-1080P: set_frame_rate: the current time is 182723
06-05 18:27:23.442  1582 11154 I OMX-VDEC-1080P: set_frame_rate: the current time is 182723
06-05 18:27:23.476  1582 11154 I OMX-VDEC-1080P: set_frame_rate: the current time is 182723
06-05 18:27:23.508  1582 11154 I OMX-VDEC-1080P: set_frame_rate: the current time is 182723
06-05 18:27:23.542  1582 11154 I OMX-VDEC-1080P: set_frame_rate: the current time is 182723
06-05 18:27:23.576  1582 11154 I OMX-VDEC-1080P: set_frame_rate: the current time is 182723
06-05 18:27:23.608  1582 11154 I OMX-VDEC-1080P: set_frame_rate: the current time is 182723
06-05 18:27:23.641  1582 11154 I OMX-VDEC-1080P: set_frame_rate: the current time is 182723
06-05 18:27:23.676  1582 11154 I OMX-VDEC-1080P: set_frame_rate: the current time is 182723
06-05 18:27:23.685  1850  2553 D MIUIInput: [MotionEvent] publisher action=0x4, 5431732, channel 'c058ab6 com.miui.securitycenter (server)'
06-05 18:27:23.685  1850  2553 D MIUIInput: [MotionEvent] publisher action=0x0, 5431732, channel 'f66205e com.ss.android.ugc.trill/com.ss.android.ugc.aweme.splash.SplashActivity (server)'
06-05 18:27:23.686  7693  7693 I GameBoxTouchListener: onTouch: 	mAdded=false	isLeftShowtrue
06-05 18:27:23.704  1850  1941 D PerfImpl: perfGetWorkLoadType
06-05 18:27:23.706  1034  1034 E vendor.qti.hardware.perf@2.2-service: Unknown params
06-05 18:27:23.706  1034  1034 I ANDR-PERF-LM: LMPerfGlue: perfmodule_submit_request() 132: perfmodule_submit_request()
06-05 18:27:23.706  1034  1034 I ANDR-PERF-LM: Core: getInstance() 84: LM getInstance
06-05 18:27:23.706  1034  1034 D ANDR-PERF-LM: Feature: lookup() 101: Feature Name = AppClassifier, total featuers = 3, featureFound = 1
06-05 18:27:23.706  1034  1034 D ANDR-PERF-LM: Feature: getData() 112: data.data = 1
06-05 18:27:23.707  1034  1034 I ANDR-PERF-LM: FeedbackAPI: getFeedback() 60: app:com.ss.android.ugc.trill feature:AppClassifier feedback = 1
06-05 18:27:23.707  1850  1941 D PerfImpl: perfScrollBoost: com.ss.android.ugc.trill, -1, 4
06-05 18:27:23.707  1034  1034 E vendor.qti.hardware.perf@2.2-service: Unknown params
06-05 18:27:23.708  1034  1034 I ANDR-PERF-LM: LMPerfGlue: perfmodule_submit_request() 132: perfmodule_submit_request()
06-05 18:27:23.708  1034  1034 I ANDR-PERF-LM: Core: getInstance() 84: LM getInstance
06-05 18:27:23.708  1034  1034 I ANDR-PERF-LM: WQ: push() 59: LMTriggerQ push() size=0
06-05 18:27:23.708  1034  1034 I ANDR-PERF-LM: WQ: push() 61: LMTriggerQ push() done size=1
06-05 18:27:23.708  1034  1092 I ANDR-PERF-LM: WQ: pop() 42: LMTriggerQ pop() done size=0
06-05 18:27:23.708  1034  1092 I ANDR-PERF-LM: Core: lmMain() 373: Waiting on trigger Queue
06-05 18:27:23.708  1034  1092 I ANDR-PERF-LM: WQ: pop() 31: LMTriggerQ pop() size=0
06-05 18:27:23.708  1850  1941 D PerfImpl: perfGetWorkLoadType
06-05 18:27:23.708  1582 11154 I OMX-VDEC-1080P: set_frame_rate: the current time is 182723
06-05 18:27:23.709  1034  1034 E vendor.qti.hardware.perf@2.2-service: Unknown params
06-05 18:27:23.709  1034  1034 I ANDR-PERF-LM: LMPerfGlue: perfmodule_submit_request() 132: perfmodule_submit_request()
06-05 18:27:23.709  1034  1034 I ANDR-PERF-LM: Core: getInstance() 84: LM getInstance
06-05 18:27:23.709  1034  1034 D ANDR-PERF-LM: Feature: lookup() 101: Feature Name = AppClassifier, total featuers = 3, featureFound = 1
06-05 18:27:23.709  1034  1034 D ANDR-PERF-LM: Feature: getData() 112: data.data = 1
06-05 18:27:23.709  1034  1034 I ANDR-PERF-LM: FeedbackAPI: getFeedback() 60: app:com.ss.android.ugc.trill feature:AppClassifier feedback = 1
06-05 18:27:23.709  1850  1941 D PerfImpl: perfDragBoost: com.ss.android.ugc.trill, -1, 1
06-05 18:27:23.709  1034  1034 E vendor.qti.hardware.perf@2.2-service: Unknown params
06-05 18:27:23.717  1850  2553 D MIUIInput: [MotionEvent] publisher action=0x1, 5431764, channel 'f66205e com.ss.android.ugc.trill/com.ss.android.ugc.aweme.splash.SplashActivity (server)'
06-05 18:27:23.717  1850  1941 D PerfImpl: perfGetWorkLoadType
06-05 18:27:23.718  1034  1034 E vendor.qti.hardware.perf@2.2-service: Unknown params
06-05 18:27:23.718  1034  1034 I ANDR-PERF-LM: LMPerfGlue: perfmodule_submit_request() 132: perfmodule_submit_request()
06-05 18:27:23.718  1034  1034 I ANDR-PERF-LM: Core: getInstance() 84: LM getInstance
06-05 18:27:23.718  1034  1034 D ANDR-PERF-LM: Feature: lookup() 101: Feature Name = AppClassifier, total featuers = 3, featureFound = 1
06-05 18:27:23.718  1034  1034 D ANDR-PERF-LM: Feature: getData() 112: data.data = 1
06-05 18:27:23.718  1034  1034 I ANDR-PERF-LM: FeedbackAPI: getFeedback() 60: app:com.ss.android.ugc.trill feature:AppClassifier feedback = 1
06-05 18:27:23.718  1850  1941 D PerfImpl: perfScrollBoost: com.ss.android.ugc.trill, 1754, 1
06-05 18:27:23.718  1034  1034 E vendor.qti.hardware.perf@2.2-service: Unknown params
06-05 18:27:23.718  1034  1034 I ANDR-PERF-LM: LMPerfGlue: perfmodule_submit_request() 132: perfmodule_submit_request()
06-05 18:27:23.718  1034  1034 I ANDR-PERF-LM: Core: getInstance() 84: LM getInstance
06-05 18:27:23.718  1034  1034 I ANDR-PERF-LM: WQ: push() 59: LMTriggerQ push() size=0
06-05 18:27:23.718  1034  1034 I ANDR-PERF-LM: WQ: push() 61: LMTriggerQ push() done size=1
06-05 18:27:23.719  1034  1092 I ANDR-PERF-LM: WQ: pop() 42: LMTriggerQ pop() done size=0
06-05 18:27:23.719  1034  1092 I ANDR-PERF-LM: Core: lmMain() 373: Waiting on trigger Queue
06-05 18:27:23.719  1034  1092 I ANDR-PERF-LM: WQ: pop() 31: LMTriggerQ pop() size=0
06-05 18:27:23.719  1850  1941 D PerfImpl: perfGetWorkLoadType
06-05 18:27:23.719  1034  1034 E vendor.qti.hardware.perf@2.2-service: Unknown params
06-05 18:27:23.719  1034  1034 I ANDR-PERF-LM: LMPerfGlue: perfmodule_submit_request() 132: perfmodule_submit_request()
06-05 18:27:23.719  1034  1034 I ANDR-PERF-LM: Core: getInstance() 84: LM getInstance
06-05 18:27:23.719  1034  1034 D ANDR-PERF-LM: Feature: lookup() 101: Feature Name = AppClassifier, total featuers = 3, featureFound = 1
06-05 18:27:23.719  1034  1034 D ANDR-PERF-LM: Feature: getData() 112: data.data = 1
06-05 18:27:23.719  1034  1034 I ANDR-PERF-LM: FeedbackAPI: getFeedback() 60: app:com.ss.android.ugc.trill feature:AppClassifier feedback = 1
06-05 18:27:23.720  1850  1941 D PerfImpl: perfScrollBoost: com.ss.android.ugc.trill, -1, 4
06-05 18:27:23.720  1034  1034 E vendor.qti.hardware.perf@2.2-service: Unknown params
06-05 18:27:23.715  1034  1034 W perf@2.2-servic: type=1400 audit(0.0:6034): avc: denied { search } for name="1575" dev="proc" ino=723576 scontext=u:r:vendor_hal_perf_default:s0 tcontext=u:r:vendor_perfservice:s0 tclass=dir permissive=0
06-05 18:27:23.715  1034  1034 W perf@2.2-servic: type=1400 audit(0.0:6035): avc: denied { search } for name="1575" dev="proc" ino=723576 scontext=u:r:vendor_hal_perf_default:s0 tcontext=u:r:vendor_perfservice:s0 tclass=dir permissive=0
06-05 18:27:23.720  1034  1034 I ANDR-PERF-LM: LMPerfGlue: perfmodule_submit_request() 132: perfmodule_submit_request()
06-05 18:27:23.721  1034  1034 I ANDR-PERF-LM: Core: getInstance() 84: LM getInstance
06-05 18:27:23.721  1034  1034 I ANDR-PERF-LM: WQ: push() 59: LMTriggerQ push() size=0
06-05 18:27:23.721  1034  1034 I ANDR-PERF-LM: WQ: push() 61: LMTriggerQ push() done size=1
06-05 18:27:23.721  1034  1092 I ANDR-PERF-LM: WQ: pop() 42: LMTriggerQ pop() done size=0
06-05 18:27:23.721  1034  1092 I ANDR-PERF-LM: Core: lmMain() 373: Waiting on trigger Queue
06-05 18:27:23.721  1034  1092 I ANDR-PERF-LM: WQ: pop() 31: LMTriggerQ pop() size=0
06-05 18:27:23.721  1850  1941 D PerfImpl: perfGetWorkLoadType
06-05 18:27:23.721  1034  1034 E vendor.qti.hardware.perf@2.2-service: Unknown params
06-05 18:27:23.721  1034  1034 I ANDR-PERF-LM: LMPerfGlue: perfmodule_submit_request() 132: perfmodule_submit_request()
06-05 18:27:23.721  1034  1034 I ANDR-PERF-LM: Core: getInstance() 84: LM getInstance
06-05 18:27:23.721  1034  1034 D ANDR-PERF-LM: Feature: lookup() 101: Feature Name = AppClassifier, total featuers = 3, featureFound = 1
06-05 18:27:23.721  1034  1034 D ANDR-PERF-LM: Feature: getData() 112: data.data = 1
06-05 18:27:23.721  1034  1034 I ANDR-PERF-LM: FeedbackAPI: getFeedback() 60: app:com.ss.android.ugc.trill feature:AppClassifier feedback = 1
06-05 18:27:23.721  1850  1941 D PerfImpl: perfLockRelease
06-05 18:27:23.722 18541 10745 W System.err: java.io.FileNotFoundException: /proc/stat: open failed: EACCES (Permission denied)
06-05 18:27:23.723 18541 10745 W System.err: 	at libcore.io.IoBridge.open(IoBridge.java:575)
06-05 18:27:23.723 18541 10745 W System.err: 	at java.io.RandomAccessFile.<init>(RandomAccessFile.java:289)
06-05 18:27:23.723 18541 10745 W System.err: 	at java.io.RandomAccessFile.<init>(RandomAccessFile.java:152)
06-05 18:27:23.723 18541 10745 W System.err: 	at X.6gK.LIZ(SourceFile:393238)
06-05 18:27:23.723 18541 10745 W System.err: 	at X.6gM.call(SourceFile:65536)
06-05 18:27:23.723 18541 10745 W System.err: 	at X.0BO.run(SourceFile:262166)
06-05 18:27:23.723 18541 10745 W System.err: 	at X.0fb.run(SourceFile:459005)
06-05 18:27:23.723 18541 10745 W System.err: 	at java.util.concurrent.ThreadPoolExecutor.runWorker(ThreadPoolExecutor.java:1167)
06-05 18:27:23.723 18541 10745 W System.err: 	at java.util.concurrent.ThreadPoolExecutor$Worker.run(ThreadPoolExecutor.java:641)
06-05 18:27:23.723 18541 10745 W System.err: 	at X.0ff.run(SourceFile:131081)
06-05 18:27:23.723 18541 10745 W System.err: 	at java.lang.Thread.run(Thread.java:920)
06-05 18:27:23.723 18541 19352 I ttmn    : <0x0,normal_clock.cpp,resume,114>aclock test: resume, update time: 2716
06-05 18:27:23.723 18541 10745 W System.err: Caused by: android.system.ErrnoException: open failed: EACCES (Permission denied)
06-05 18:27:23.723 18541 10745 W System.err: 	at libcore.io.Linux.open(Native Method)
06-05 18:27:23.723 18541 10745 W System.err: 	at libcore.io.ForwardingOs.open(ForwardingOs.java:567)
06-05 18:27:23.723 18541 19352 I ttmn    : <0x0,av_base_thread.cpp,run,306>Player-V79:thread to stop.mState:1431655765
06-05 18:27:23.723 18541 10745 W System.err: 	at libcore.io.BlockGuardOs.open(BlockGuardOs.java:273)
06-05 18:27:23.723 18541 10745 W System.err: 	at libcore.io.ForwardingOs.open(ForwardingOs.java:567)
06-05 18:27:23.723 18541 10745 W System.err: 	at android.app.ActivityThread$AndroidOs.open(ActivityThread.java:7980)
06-05 18:27:23.723 18541 10745 W System.err: 	at libcore.io.IoBridge.open(IoBridge.java:561)
06-05 18:27:23.723 18541 10745 W System.err: 	... 10 more
06-05 18:27:23.723 18541 19461 I ttmn    : <0x0,av_base_thread.cpp,run,306>ADecode-V79:thread to stop.mState:1431655765
06-05 18:27:23.724 18541 29532 W MessageQueue: Handler (android.os.Handler) {f78845b} sending message to a Handler on a dead thread
06-05 18:27:23.724 18541 29532 W MessageQueue: java.lang.IllegalStateException: Handler (android.os.Handler) {f78845b} sending message to a Handler on a dead thread
06-05 18:27:23.724 18541 29532 W MessageQueue: 	at android.os.MessageQueue.enqueueMessage(MessageQueue.java:569)
06-05 18:27:23.724 18541 29532 W MessageQueue: 	at android.os.Handler.enqueueMessage(Handler.java:778)
06-05 18:27:23.724 18541 29532 W MessageQueue: 	at android.os.Handler.sendMessageAtTime(Handler.java:727)
06-05 18:27:23.724 18541 29532 W MessageQueue: 	at android.os.Handler.sendMessageDelayed(Handler.java:697)
06-05 18:27:23.724 18541 29532 W MessageQueue: 	at android.os.Handler.post(Handler.java:427)
06-05 18:27:23.724 18541 29532 W MessageQueue: 	at X.HKP.LIZ(SourceFile:33751054)
06-05 18:27:23.724 18541 29532 W MessageQueue: 	at X.HKP.LIZ(SourceFile:16908295)
06-05 18:27:23.724 18541 29532 W MessageQueue: 	at X.Iuq.<init>(SourceFile:17039393)
06-05 18:27:23.724 18541 29532 W MessageQueue: 	at X.IuS.LIZ(SourceFile:67633363)
06-05 18:27:23.724 18541 29532 W MessageQueue: 	at X.IuS.<init>(SourceFile:50922652)
06-05 18:27:23.724 18541 29532 W MessageQueue: 	at X.6Z1.<init>(SourceFile:33816631)
06-05 18:27:23.724 18541 29532 W MessageQueue: 	at X.6U2.LJJIJIIJIL(SourceFile:590369)
06-05 18:27:23.724 18541 29532 W MessageQueue: 	at X.6U2.<init>(SourceFile:84279443)
06-05 18:27:23.724 18541 29532 W MessageQueue: 	at X.6LW.LIZ(SourceFile:17170525)
06-05 18:27:23.724 18541 29532 W MessageQueue: 	at X.6LV.LIZ(SourceFile:16973837)
06-05 18:27:23.724 18541 29532 W MessageQueue: 	at X.6Nc.LJJIJIIJI(SourceFile:262150)
06-05 18:27:23.724 18541 29532 W MessageQueue: 	at X.6Nc.LIZ(SourceFile:33947685)
06-05 18:27:23.724 18541 29532 W MessageQueue: 	at X.6Nc.LIZ(SourceFile:820)
06-05 18:27:23.724 18541 29532 W MessageQueue: 	at X.6Nc.LIZ(SourceFile:84411129)
06-05 18:27:23.724 18541 29532 W MessageQueue: 	at X.6Nc.LIZ(SourceFile:254)
06-05 18:27:23.724 18541 29532 W MessageQueue: 	at X.6Nc.LIZ(SourceFile:12250)
06-05 18:27:23.724 18541 29532 W MessageQueue: 	at X.6NK.handleMessage(SourceFile:17301743)
06-05 18:27:23.724 18541 29532 W MessageQueue: 	at android.os.Handler.dispatchMessage(Handler.java:106)
06-05 18:27:23.724 18541 29532 W MessageQueue: 	at android.os.Looper.loopOnce(Looper.java:210)
06-05 18:27:23.724 18541 29532 W MessageQueue: 	at android.os.Looper.loop(Looper.java:299)
06-05 18:27:23.724 18541 29532 W MessageQueue: 	at android.os.HandlerThread.run(HandlerThread.java:67)
06-05 18:27:23.724 18541 19359 I ttmn    : <0x0,av_base_thread.cpp,run,306>Reader-V79:thread to stop.mState:1431655765
06-05 18:27:23.725  1582 11154 I OMX-VDEC-1080P: set_frame_rate: the current time is 182723
06-05 18:27:23.725 18541 29532 W ttmdl   : <0x0,AVMDLManagerBridge.cpp,native_setIntValue,765>set key:709 value:0
06-05 18:27:23.725 18541 29532 W ttmdl   : <0x0,AVMDLog.cpp,set_alog_enable,38>set_alog_enable, 0
06-05 18:27:23.726 18541 19361 I ttmn    : <0x0,av_base_thread.cpp,run,306>VDecode-V79:thread to stop.mState:1431655765
06-05 18:27:23.726 18541 29532 W MessageQueue: Handler (android.os.Handler) {f78845b} sending message to a Handler on a dead thread
06-05 18:27:23.726 18541 29532 W MessageQueue: java.lang.IllegalStateException: Handler (android.os.Handler) {f78845b} sending message to a Handler on a dead thread
06-05 18:27:23.726 18541 29532 W MessageQueue: 	at android.os.MessageQueue.enqueueMessage(MessageQueue.java:569)
06-05 18:27:23.726 18541 29532 W MessageQueue: 	at android.os.Handler.enqueueMessage(Handler.java:778)
06-05 18:27:23.726 18541 29532 W MessageQueue: 	at android.os.Handler.sendMessageAtTime(Handler.java:727)
06-05 18:27:23.726 18541 29532 W MessageQueue: 	at android.os.Handler.sendMessageDelayed(Handler.java:697)
06-05 18:27:23.726 18541 29532 W MessageQueue: 	at android.os.Handler.post(Handler.java:427)
06-05 18:27:23.726 18541 29532 W MessageQueue: 	at X.HKP.LIZ(SourceFile:33751054)
06-05 18:27:23.726 18541 29532 W MessageQueue: 	at X.HKP.LIZIZ(SourceFile:16908295)
06-05 18:27:23.726 18541 29532 W MessageQueue: 	at X.RPA.LIZ(SourceFile:17170456)
06-05 18:27:23.726 18541 29532 W MessageQueue: 	at X.IuS.LIZLLL(SourceFile:34078895)
06-05 18:27:23.726 18541 29532 W MessageQueue: 	at X.IuS.LJLJI(SourceFile:393264)
06-05 18:27:23.726 18541 29532 W MessageQueue: 	at X.IuS.LJJLJLI(SourceFile:393245)
06-05 18:27:23.726 18541 29532 W MessageQueue: 	at X.IuS.LJIIJJI(SourceFile:17170460)
06-05 18:27:23.726 18541 29532 W MessageQueue: 	at X.IuS.LIZ(SourceFile:5041)
06-05 18:27:23.726 18541 29532 W MessageQueue: 	at X.IuS.LIZIZ(SourceFile:50790422)
06-05 18:27:23.726 18541 29532 W MessageQueue: 	at X.IuS.LIZ(SourceFile:4903)
06-05 18:27:23.726 18541 29532 W MessageQueue: 	at X.6Z1.LIZ(SourceFile:1063)
