06-05 18:26:52.409  1582 19467 I OMX_VPP : RegisterClientBuffer: omxBuf=0xf113dd50, id=25, obdIdx=0, invalid=0, omxHdr=0xf12abbd0, vppBuf=0xf113dd60, handle=0xf173df50, pool=0
06-05 18:26:52.409  1582 27120 I OMX_VPP : RegisterClientBuffer: omxBuf=0xf113cf50, id=26, obdIdx=0, invalid=0, omxHdr=0xf12abc20, vppBuf=0xf113cf60, handle=0xf13a22d0, pool=0
06-05 18:26:52.409  1582 27727 I OMX_VPP : RegisterClientBuffer: omxBuf=0xf113c7e0, id=27, obdIdx=0, invalid=0, omxHdr=0xf12abc70, vppBuf=0xf113c7f0, handle=0xf13a2328, pool=0
06-05 18:26:52.409  1582 19467 I OMX_VPP : RegisterClientBuffer: omxBuf=0xf12f6730, id=28, obdIdx=0, invalid=0, omxHdr=0xf12abcc0, vppBuf=0xf12f6740, handle=0xf0efe298, pool=0
06-05 18:26:52.409  1582 18921 I OMX_VPP : RegisterClientBuffer: omxBuf=0xf12f6960, id=29, obdIdx=0, invalid=0, omxHdr=0xf12abd10, vppBuf=0xf12f6970, handle=0xf13a2288, pool=0
06-05 18:26:52.409  1582 27727 I OMX_VPP : RegisterClientBuffer: omxBuf=0xf113caf0, id=30, obdIdx=0, invalid=0, omxHdr=0xf12abd60, vppBuf=0xf113cb00, handle=0xf13a2348, pool=0
06-05 18:26:52.409  1582 19467 I OMX_VPP : RegisterClientBuffer: omxBuf=0xf12f6880, id=31, obdIdx=0, invalid=0, omxHdr=0xf12abdb0, vppBuf=0xf12f6890, handle=0xf173db10, pool=0
06-05 18:26:52.410  1582 27120 I OMX_VPP : RegisterClientBuffer: omxBuf=0xf12faa20, id=32, obdIdx=0, invalid=0, omxHdr=0xf12abe00, vppBuf=0xf12faa30, handle=0xf13a22d8, pool=0
06-05 18:26:52.410  1582 27120 I OMX_VPP : send_command In 0 param1 3
06-05 18:26:52.410  1757  9603 W ResourceManagerService: Ignoring request to add new resource entry with value <= 0
06-05 18:26:52.411 18541 19461 I ttmn    : <0x0,ff_acodecer.cpp,open,84>support xheaac: 0, decodec all AAC through FDKAAC: 0
06-05 18:26:52.411 18541 28778 W MessageQueue: Handler (android.os.Handler) {f78845b} sending message to a Handler on a dead thread
06-05 18:26:52.411 18541 28778 W MessageQueue: java.lang.IllegalStateException: Handler (android.os.Handler) {f78845b} sending message to a Handler on a dead thread
06-05 18:26:52.411 18541 28778 W MessageQueue: 	at android.os.MessageQueue.enqueueMessage(MessageQueue.java:569)
06-05 18:26:52.411 18541 28778 W MessageQueue: 	at android.os.Handler.enqueueMessage(Handler.java:778)
06-05 18:26:52.411 18541 28778 W MessageQueue: 	at android.os.Handler.sendMessageAtTime(Handler.java:727)
06-05 18:26:52.411 18541 28778 W MessageQueue: 	at android.os.Handler.sendMessageDelayed(Handler.java:697)
06-05 18:26:52.411 18541 28778 W MessageQueue: 	at android.os.Handler.post(Handler.java:427)
06-05 18:26:52.411 18541 28778 W MessageQueue: 	at X.HKP.LIZ(SourceFile:33751054)
06-05 18:26:52.411 18541 28778 W MessageQueue: 	at X.HKP.LIZ(SourceFile:16908295)
06-05 18:26:52.411 18541 28778 W MessageQueue: 	at X.RPA.LJFF(SourceFile:327795)
06-05 18:26:52.411 18541 28778 W MessageQueue: 	at X.IuS.LJIIJ(SourceFile:17236170)
06-05 18:26:52.411 18541 28778 W MessageQueue: 	at X.IuS.LJJJJL(SourceFile:262195)
06-05 18:26:52.411 18541 28778 W MessageQueue: 	at X.IuS.LJIIJJI(SourceFile:262186)
06-05 18:26:52.411 18541 28778 W MessageQueue: 	at X.6Z1.LJIIJJI(SourceFile:65538)
06-05 18:26:52.411 18541 28778 W MessageQueue: 	at X.6U2.LIZIZ(SourceFile:327762)
06-05 18:26:52.411 18541 28778 W MessageQueue: 	at X.6Nc.LIZLLL(SourceFile:393362)
06-05 18:26:52.411 18541 28778 W MessageQueue: 	at X.6Jv.LIZ(SourceFile:393391)
06-05 18:26:52.411 18541 28778 W MessageQueue: 	at X.6U3.LIZIZ(SourceFile:17104938)
06-05 18:26:52.411 18541 28778 W MessageQueue: 	at X.IuZ.LIZ(SourceFile:17301642)
06-05 18:26:52.411 18541 28778 W MessageQueue: 	at com.ss.ttm.player.TTPlayerClient.LIZ(SourceFile:1076)
06-05 18:26:52.411 18541 28778 W MessageQueue: 	at com.ss.ttm.player.TTPlayerClient.handleMessage(SourceFile:16973840)
06-05 18:26:52.411 18541 28778 W MessageQueue: 	at android.os.Handler.dispatchMessage(Handler.java:102)
06-05 18:26:52.411 18541 28778 W MessageQueue: 	at android.os.Looper.loopOnce(Looper.java:210)
06-05 18:26:52.411 18541 28778 W MessageQueue: 	at android.os.Looper.loop(Looper.java:299)
06-05 18:26:52.411 18541 28778 W MessageQueue: 	at android.os.HandlerThread.run(HandlerThread.java:67)
06-05 18:26:52.412 18541 19461 I ffmpeg  : [aac @ 0x7b41174200] <utils.c avcodec_decode_audio4 2454> Could not update timestamps for skipped samples.
06-05 18:26:52.412 18541 19461 I ffmpeg  :
06-05 18:26:52.413  1582 27120 I OMX_VPP : VppOmxComponent::registerVppFakeBuf buffer with size 1 id 0 ts=0 flags:0
06-05 18:26:52.418  1582 11059 I OMX_VPP : frc valid: true
06-05 18:26:52.418  1582 11059 I OMX_VPP : aie valid: true
06-05 18:26:52.418  1582 11059 I OMX_VPP : updateParameterFromOutPort needReconfigure true
06-05 18:26:52.418  1582 11059 I OMX_VPP : sending reconfigure to VPP library
06-05 18:26:52.418  1582 11059 I OMX_VPP : needReconfigure FakeReconfigure
06-05 18:26:52.418  1582 11059 I OMX_VPP : FakeReconfigure
06-05 18:26:52.418  1582 11059 I OMX_VPP : VppEvent 2
06-05 18:26:52.418  1582 11059 I OMX_VPP : needReconfigureu 32Ret 0
06-05 18:26:52.419  1582 27136 I OMX_VPP : FRAME WIDTH 1024 FRAME HEIGHT 576
06-05 18:26:52.419  1582 27136 I OMX_VPP : get_parameter counts 33 28
06-05 18:26:52.419  1582 18921 I OMX_VPP : FRAME WIDTH 1024 FRAME HEIGHT 576
06-05 18:26:52.419  1582 18921 I OMX_VPP : get_parameter counts 33 28
06-05 18:26:52.419  1582 27727 E OMXNodeInstance: getConfig(0xf107d404:qcom.decoder.hevc, ??(0x7f000062)) ERROR: UnsupportedSetting(0x80001019)
06-05 18:26:52.421  1582 28787 I OMX_VPP : send_command In 2 param1 1
06-05 18:26:52.421  1582 28787 I OMX_VPP : send_command FakeFlush VPP_PORT_INPUT
06-05 18:26:52.421  1582 28787 I OMX_VPP : VppOmxComponent::clearVppFakeBufs size 1
06-05 18:26:52.421  1582 28787 I OMX_VPP : VppEvent 1
06-05 18:26:52.421  1582 28787 I OMX_VPP : FakeFlush e.flush_done.port:0
06-05 18:26:52.421  1582 28787 I OMX_VPP : send_command FakeFlush VPP_PORT_OUTPUT
06-05 18:26:52.421  1582 28787 I OMX_VPP : VppOmxComponent::clearVppFakeBufs size 0
06-05 18:26:52.421  1582 28787 I OMX_VPP : VppEvent 1
06-05 18:26:52.421  1582 28787 I OMX_VPP : FakeFlush e.flush_done.port:1
06-05 18:26:52.426  1582 11059 I OMX_VPP : Port Disable send flush to VPP library
06-05 18:26:52.426  1582 28786 I OMX_VPP : send_command In 3 param1 1
06-05 18:26:52.426  1582 28786 I OMX_VPP : ClearBuffers VPP_PORT_OUTPUT
06-05 18:26:52.427  1582 28786 I OMX_VPP : FRAME WIDTH 1024 FRAME HEIGHT 576
06-05 18:26:52.427  1582 28786 I OMX_VPP : get_parameter counts 27 27
06-05 18:26:52.427  1582 28786 I OMX_VPP : FRAME WIDTH 1024 FRAME HEIGHT 576
06-05 18:26:52.427  1582 28786 I OMX_VPP : get_parameter counts 27 27
06-05 18:26:52.427  1582 28786 E OMX-VDEC-1080P: Extension: OMX.google.android.index.AndroidNativeBufferConsumerUsage not implemented
06-05 18:26:52.427 18541 11057 D SurfaceUtils: set up nativeWindow 0x7aa0a17010 for 576x1024, color 0x7fa30c06, rotation 0, usage 0x20402900
06-05 18:26:52.428  1582 28786 I OMX_VPP : RegisterClientBuffer: omxBuf=0xf113cfc0, id=0, obdIdx=0, invalid=0, omxHdr=0xf0f90400, vppBuf=0xf113cfd0, handle=0xf13a2280, pool=0
06-05 18:26:52.428  1582 28786 I OMX_VPP : RegisterClientBuffer: omxBuf=0xf113c310, id=1, obdIdx=0, invalid=0, omxHdr=0xf0f90450, vppBuf=0xf113c320, handle=0xf13a2320, pool=0
06-05 18:26:52.428  1582 28786 I OMX_VPP : RegisterClientBuffer: omxBuf=0xf113fa30, id=2, obdIdx=0, invalid=0, omxHdr=0xf0f904a0, vppBuf=0xf113fa40, handle=0xf13a2240, pool=0
06-05 18:26:52.428  1582 28786 I OMX_VPP : RegisterClientBuffer: omxBuf=0xf113f480, id=3, obdIdx=0, invalid=0, omxHdr=0xf0f904f0, vppBuf=0xf113f490, handle=0xf13a2118, pool=0
06-05 18:26:52.428  1582 28786 I OMX_VPP : RegisterClientBuffer: omxBuf=0xf113d810, id=4, obdIdx=0, invalid=0, omxHdr=0xf0f90540, vppBuf=0xf113d820, handle=0xf13a20f8, pool=0
06-05 18:26:52.428  1582 28786 I OMX_VPP : RegisterClientBuffer: omxBuf=0xf113c150, id=5, obdIdx=0, invalid=0, omxHdr=0xf0f90590, vppBuf=0xf113c160, handle=0xf0efe130, pool=0
06-05 18:26:52.428  1582 28786 I OMX_VPP : RegisterClientBuffer: omxBuf=0xf113cee0, id=6, obdIdx=0, invalid=0, omxHdr=0xf0f905e0, vppBuf=0xf113cef0, handle=0xf13a2030, pool=0
06-05 18:26:52.428  1582 28786 I OMX_VPP : RegisterClientBuffer: omxBuf=0xf113dff0, id=7, obdIdx=0, invalid=0, omxHdr=0xf0f90630, vppBuf=0xf113e000, handle=0xf13a2100, pool=0
06-05 18:26:52.428  1582 28786 I OMX_VPP : RegisterClientBuffer: omxBuf=0xf113eed0, id=8, obdIdx=0, invalid=0, omxHdr=0xf0f90680, vppBuf=0xf113eee0, handle=0xf13a2108, pool=0
06-05 18:26:52.429  1582 28786 I OMX_VPP : RegisterClientBuffer: omxBuf=0xf113ef40, id=9, obdIdx=0, invalid=0, omxHdr=0xf0f906d0, vppBuf=0xf113ef50, handle=0xf13a2228, pool=0
06-05 18:26:52.429  1582 28786 I OMX_VPP : RegisterClientBuffer: omxBuf=0xf113efb0, id=10, obdIdx=0, invalid=0, omxHdr=0xf0f90720, vppBuf=0xf113efc0, handle=0xf13a2290, pool=0
06-05 18:26:52.429  1582 28786 I OMX_VPP : RegisterClientBuffer: omxBuf=0xf113f020, id=11, obdIdx=0, invalid=0, omxHdr=0xf0f90770, vppBuf=0xf113f030, handle=0xf13a2370, pool=0
06-05 18:26:52.429  1582 27120 I OMX_VPP : RegisterClientBuffer: omxBuf=0xf113c000, id=12, obdIdx=0, invalid=0, omxHdr=0xf0f907c0, vppBuf=0xf113c010, handle=0xf13a2268, pool=0
06-05 18:26:52.429  1582 28786 I OMX_VPP : RegisterClientBuffer: omxBuf=0xf113f090, id=13, obdIdx=0, invalid=0, omxHdr=0xf0f90810, vppBuf=0xf113f0a0, handle=0xf13a2378, pool=0
06-05 18:26:52.429  1582 27120 I OMX_VPP : RegisterClientBuffer: omxBuf=0xf12facc0, id=14, obdIdx=0, invalid=0, omxHdr=0xf0f90860, vppBuf=0xf12facd0, handle=0xf13a22e8, pool=0
06-05 18:26:52.429  1582 28786 I OMX_VPP : RegisterClientBuffer: omxBuf=0xf113f100, id=15, obdIdx=0, invalid=0, omxHdr=0xf0f908b0, vppBuf=0xf113f110, handle=0xf13a2380, pool=0
06-05 18:26:52.429  1582 27136 I OMX_VPP : RegisterClientBuffer: omxBuf=0xf113f250, id=16, obdIdx=0, invalid=0, omxHdr=0xf0f90900, vppBuf=0xf113f260, handle=0xf13a2248, pool=0
06-05 18:26:52.429  1582 28786 I OMX_VPP : RegisterClientBuffer: omxBuf=0xf113f1e0, id=17, obdIdx=0, invalid=0, omxHdr=0xf0f90950, vppBuf=0xf113f1f0, handle=0xf13a2390, pool=0
06-05 18:26:52.430  1582 27136 I OMX_VPP : RegisterClientBuffer: omxBuf=0xf12f9590, id=18, obdIdx=0, invalid=0, omxHdr=0xf0f909a0, vppBuf=0xf12f95a0, handle=0xf13a2208, pool=0
06-05 18:26:52.430  1582 28786 I OMX_VPP : RegisterClientBuffer: omxBuf=0xf113f2c0, id=19, obdIdx=0, invalid=0, omxHdr=0xf0f909f0, vppBuf=0xf113f2d0, handle=0xf13a23a8, pool=0
06-05 18:26:52.430  1582 27120 I OMX_VPP : RegisterClientBuffer: omxBuf=0xf113ce70, id=20, obdIdx=0, invalid=0, omxHdr=0xf0f90a40, vppBuf=0xf113ce80, handle=0xf13a22e0, pool=0
06-05 18:26:52.430  1582 27136 I OMX_VPP : RegisterClientBuffer: omxBuf=0xf12f6f10, id=21, obdIdx=0, invalid=0, omxHdr=0xf0f90a90, vppBuf=0xf12f6f20, handle=0xf13a21f8, pool=0
06-05 18:26:52.430  1582 28786 I OMX_VPP : RegisterClientBuffer: omxBuf=0xf113f330, id=22, obdIdx=0, invalid=0, omxHdr=0xf0f90ae0, vppBuf=0xf113f340, handle=0xf13a23b0, pool=0
06-05 18:26:52.430  1582 27120 I OMX_VPP : RegisterClientBuffer: omxBuf=0xf113d500, id=23, obdIdx=0, invalid=0, omxHdr=0xf0f90b30, vppBuf=0xf113d510, handle=0xf13a23c0, pool=0
06-05 18:26:52.430  1582 27136 I OMX_VPP : RegisterClientBuffer: omxBuf=0xf12f7680, id=24, obdIdx=0, invalid=0, omxHdr=0xf0f90b80, vppBuf=0xf12f7690, handle=0xf13a2218, pool=0
06-05 18:26:52.430  1582 27120 I OMX_VPP : RegisterClientBuffer: omxBuf=0xf113ccb0, id=25, obdIdx=0, invalid=0, omxHdr=0xf0f90bd0, vppBuf=0xf113ccc0, handle=0xf13a23c8, pool=0
06-05 18:26:52.430  1582 27136 I OMX_VPP : RegisterClientBuffer: omxBuf=0xf113f4f0, id=26, obdIdx=0, invalid=0, omxHdr=0xf0f90c20, vppBuf=0xf113f500, handle=0xf13a2220, pool=0
06-05 18:26:52.431  1582 28786 I OMX_VPP : RegisterClientBuffer: omxBuf=0xf113f790, id=27, obdIdx=0, invalid=0, omxHdr=0xf0f90c70, vppBuf=0xf113f7a0, handle=0xf13a23b8, pool=0
06-05 18:26:52.431  1582 18921 I OMX_VPP : RegisterClientBuffer: omxBuf=0xf12f9980, id=28, obdIdx=0, invalid=0, omxHdr=0xf0f90cc0, vppBuf=0xf12f9990, handle=0xf13a2068, pool=0
06-05 18:26:52.431  1582 28786 I OMX_VPP : RegisterClientBuffer: omxBuf=0xf113f8e0, id=29, obdIdx=0, invalid=0, omxHdr=0xf0f90d10, vppBuf=0xf113f8f0, handle=0xf13a23e0, pool=0
06-05 18:26:52.431  1582 27136 I OMX_VPP : RegisterClientBuffer: omxBuf=0xf113f560, id=30, obdIdx=0, invalid=0, omxHdr=0xf0f90d60, vppBuf=0xf113f570, handle=0xf13a2408, pool=0
06-05 18:26:52.431  1582 18921 I OMX_VPP : RegisterClientBuffer: omxBuf=0xf113c460, id=31, obdIdx=0, invalid=0, omxHdr=0xf0f90db0, vppBuf=0xf113c470, handle=0xf13a22a8, pool=0
06-05 18:26:52.431  1582 11059 I OMX_VPP : Got PortEnable done for vdec out
06-05 18:26:52.432  1582 18921 I OMX_VPP : VppOmxComponent::registerVppFakeBuf buffer with size 1 id 0 ts=0 flags:0
06-05 18:26:52.434  1582 11059 I OMX-VDEC-1080P: set_frame_rate: the current time is 182652
06-05 18:26:52.435  1582 11059 I OMX-VDEC-1080P: set_frame_rate: the current time is 182652
06-05 18:26:52.435  1582 11059 I OMX-VDEC-1080P: set_frame_rate: the current time is 182652
06-05 18:26:52.436  1582 11059 I OMX-VDEC-1080P: set_frame_rate: the current time is 182652
06-05 18:26:52.436  1582 27136 I OMX_VPP : VppOmxComponent::registerVppFakeBuf buffer with size 2 id 1 ts=0 flags:0
06-05 18:26:52.436  1582 11059 I OMX-VDEC-1080P: set_frame_rate: the current time is 182652
06-05 18:26:52.437  1582 11059 I OMX-VDEC-1080P: set_frame_rate: the current time is 182652
06-05 18:26:52.437  1582 27136 I OMX_VPP : VppOmxComponent::registerVppFakeBuf buffer with size 3 id 2 ts=0 flags:0
06-05 18:26:52.437  1582 27136 I OMX_VPP : FRAME WIDTH 1024 FRAME HEIGHT 576
06-05 18:26:52.437  1582 27136 I OMX_VPP : get_parameter counts 32 27
06-05 18:26:52.437  1582 18921 I OMX_VPP : FRAME WIDTH 1024 FRAME HEIGHT 576
06-05 18:26:52.437  1582 18921 I OMX_VPP : get_parameter counts 32 27
06-05 18:26:52.437  1582 18921 E OMXNodeInstance: getConfig(0xf107d404:qcom.decoder.hevc, ??(0x7f000062)) ERROR: UnsupportedSetting(0x80001019)
06-05 18:26:52.440  1582 27136 I OMX_VPP : VppOmxComponent::registerVppFakeBuf buffer with size 4 id 3 ts=0 flags:0
06-05 18:26:52.440  1582 28786 I OMX_VPP : VppOmxComponent::registerVppFakeBuf buffer with size 5 id 4 ts=0 flags:0
06-05 18:26:52.440  1582 27727 I OMX_VPP : VppOmxComponent::registerVppFakeBuf buffer with size 6 id 5 ts=0 flags:0
06-05 18:26:52.441  1103  2189 D APM_AudioPolicyManager: selectOutput flags 8
06-05 18:26:52.441  1582 19467 I OMX_VPP : VppOmxComponent::registerVppFakeBuf buffer with size 7 id 6 ts=0 flags:0
06-05 18:26:52.441  1103  2189 D APM_AudioPolicyManager: selectOutput flags 8
06-05 18:26:52.441  1582  1739 I OMX_VPP : VppOmxComponent::registerVppFakeBuf buffer with size 8 id 7 ts=0 flags:0
06-05 18:26:52.441  1103  2189 D APM_AudioPolicyManager: selectOutput flags 8
06-05 18:26:52.441 18541 19474 D AudioTrack: set(sessionId=0)
06-05 18:26:52.441 18541 19474 D AudioTrack: set(): streamType -1, sampleRate 44100, format 0x1, channelMask 0x3, frameCount 3536, flags #0, notificationFrames 0, sessionId 0, transferType 3, uid -1, pid -1
06-05 18:26:52.442  1582 28786 I OMX_VPP : VppOmxComponent::registerVppFakeBuf buffer with size 9 id 8 ts=0 flags:0
06-05 18:26:52.442  1582 19467 I OMX_VPP : VppOmxComponent::registerVppFakeBuf buffer with size 10 id 9 ts=0 flags:0
06-05 18:26:52.443   975 28792 D audio_hw_primary: adev_get_parameters:audio_game_sound_volume_gap_switch
06-05 18:26:52.443  1582 28786 E OMX-VDEC-1080P: Extension: OMX.QTI.index.config.video.getdsmode not implemented
06-05 18:26:52.443   975 28792 D soundtrigger: audio_extn_sound_trigger_get_parameters input string<audio_game_sound_volume_gap_switch=>
06-05 18:26:52.443   975 28792 D soundtrigger: extract_sm_handle input string <audio_game_sound_volume_gap_switch=> param string <audio_game_sound_volume_gap_switch=>
06-05 18:26:52.443   975 28792 D audio_hw_extn: audio_extn_fm_get_parameters: Enter
06-05 18:26:52.443   975 28792 D audio_hw_extn: audio_extn_get_parameters: returns
06-05 18:26:52.443   975 28792 V msm8974_platform: platform_get_parameters: exit: returns - audio_game_sound_volume_gap_switch=off
06-05 18:26:52.443   975 28792 D audio_hw_primary: adev_get_parameters: exit: returns - audio_game_sound_volume_gap_switch=off
06-05 18:26:52.443  1103  2189 I hash_map_utils: system/bt/osi/src/hash_map_utils.cc:81 hash_map_utils_dump_string_keys_string_values: key: 'audio_game_sound_volume_gap_switch' value: ''
06-05 18:26:52.444  1582 27136 I OMX_VPP : VppOmxComponent::registerVppFakeBuf buffer with size 11 id 10 ts=0 flags:0
06-05 18:26:52.446  1103  2189 D MediaImpl: setPlaybackCaptureAllowed: playbackCaptureAllowed 1
06-05 18:26:52.446  1103  2189 D APM_AudioPolicyManager: getOutputForAttrInt()+ attributes={ Content type: AUDIO_CONTENT_TYPE_MUSIC Usage: AUDIO_USAGE_MEDIA Source: AUDIO_SOURCE_DEFAULT Flags: 0x800 Tags:  } stream=AUDIO_STREAM_MUSIC session 5865 output 0 selectedDeviceId 0 device AUDIO_DEVICE_NONE sampling rate 44100 format 0x1channel mask 0x3 flags 0 stream AUDIO_STREAM_MUSIC uid 10383
06-05 18:26:52.447  1103  2189 D APM_AudioPolicyManager: getOutputForAttrInt() device {type:0x2,@:}, sampling rate 44100, format 0x1, channel mask 0x3, flags 0 stream AUDIO_STREAM_MUSIC
06-05 18:26:52.447   975 28792 D audio_hw_primary: adev_get_parameters:vr_audio_mode_on
06-05 18:26:52.447   975 28792 I audio_hw_primary: getting vr mode to 0
06-05 18:26:52.447   975 28792 D audio_hw_primary: adev_get_parameters: exit: returns - vr_audio_mode_on=false
06-05 18:26:52.447  1103  2189 I hash_map_utils: system/bt/osi/src/hash_map_utils.cc:81 hash_map_utils_dump_string_keys_string_values: key: 'vr_audio_mode_on' value: ''
06-05 18:26:52.447  1582 11059 I OMX-VDEC-1080P: set_frame_rate: the current time is 182652
06-05 18:26:52.447  1103  2189 I AudioPolicyManagerCustom: VR mode is 0, switch to primary output if request is for fast|raw
06-05 18:26:52.447  1582 11059 I OMX-VDEC-1080P: set_frame_rate: the current time is 182652
06-05 18:26:52.447   975 28792 D audio_hw_primary: adev_get_parameters:audio_karaoke_running
06-05 18:26:52.447   975 28792 D audio_hw_primary: get para : audio_karaoke_running = false
06-05 18:26:52.448   975 28792 D soundtrigger: audio_extn_sound_trigger_get_parameters input string<audio_karaoke_running=>
06-05 18:26:52.448   975 28792 D soundtrigger: extract_sm_handle input string <audio_karaoke_running=> param string <audio_karaoke_running=>
06-05 18:26:52.448   975 28792 D audio_hw_extn: audio_extn_fm_get_parameters: Enter
06-05 18:26:52.448   975 28792 D audio_hw_extn: audio_extn_get_parameters: returns audio_karaoke_running=false
06-05 18:26:52.448   975 28792 V msm8974_platform: platform_get_parameters: exit: returns - audio_karaoke_running=false
06-05 18:26:52.448   975 28792 D audio_hw_primary: adev_get_parameters: exit: returns - audio_karaoke_running=false
06-05 18:26:52.448  1103  2189 I hash_map_utils: system/bt/osi/src/hash_map_utils.cc:81 hash_map_utils_dump_string_keys_string_values: key: 'audio_karaoke_running' value: ''
06-05 18:26:52.448  1103  2189 I AudioPolicyManagerCustom: setting force DEEP buffer now
06-05 18:26:52.448  1103  2189 D APM_AudioPolicyManager: selectOutput flags 8
06-05 18:26:52.448  1103  2189 D APM_AudioPolicyManager: getOutputForAttrInt()- attributes={ Content type: AUDIO_CONTENT_TYPE_MUSIC Usage: AUDIO_USAGE_MEDIA Source: AUDIO_SOURCE_DEFAULT Flags: 0x800 Tags:  } stream=AUDIO_STREAM_MUSIC session 5865 output 29 selectedDeviceId 0 device {type:0x2,@:} sampling rate 44100 format 0x1channel mask 0x3 flags 0x8 stream AUDIO_STREAM_MUSIC uid 10383
06-05 18:26:52.448  1103  2189 D APM_AudioPolicyManager: getOutputForAttr() returns output 29 requestedPortId 0 selectedDeviceId 3 for port ID 412
06-05 18:26:52.449  1582 11059 I OMX-VDEC-1080P: set_frame_rate: the current time is 182652
06-05 18:26:52.449  1103  2189 I AudioFlinger: create audiotrack for com.ss.android.ugc.trill  uid 10383
06-05 18:26:52.449  1103  2189 D AudioFlinger: Client defaulted notificationFrames to 1768 for frameCount 3536
06-05 18:26:52.449  1582 27136 I OMX_VPP : VppOmxComponent::registerVppFakeBuf buffer with size 12 id 11 ts=0 flags:0
06-05 18:26:52.449  1582 11059 I OMX-VDEC-1080P: set_frame_rate: the current time is 182652
06-05 18:26:52.450  1582 28786 I OMX_VPP : VppOmxComponent::registerVppFakeBuf buffer with size 13 id 12 ts=0 flags:0
06-05 18:26:52.450  1103  2189 D AF::TrackHandle: OpPlayAudio: track:422 usage:1 not muted
06-05 18:26:52.451  1103  2189 I AudioFlinger: create audiotrack for com.ss.android.ugc.trill  uid 10383
06-05 18:26:52.452  1103  2189 I AudioFlinger: create audiotrack for com.ss.android.ugc.trill  uid 10383
06-05 18:26:52.452  1103  2189 D AF::Track: Track(422): usage = 1 mbIsAttrNeedFade = 1
06-05 18:26:52.453 18541 19474 D AudioTrack: isWhiteListPackage() Uid 10383, package name com.ss.android.ugc.trill
06-05 18:26:52.453 18541 19474 W AudioTrack: Use of stream types is deprecated for operations other than volume control
06-05 18:26:52.454 18541 19474 W AudioTrack: See the documentation of AudioTrack() for what to use instead with android.media.AudioAttributes to qualify your playback use case
06-05 18:26:52.454 18541 19474 I AudioTrack: AudioTrack::setVolume L:1.000000 R:1.000000 and the pakage is com.ss.android.ugc.trill
06-05 18:26:52.454  1103  2189 D AF::Track: setFadeType1 type = 1 mFadeType = 0 isFadeNeeded = 0
06-05 18:26:52.456   975  2315 I EffectsFactory: EffectCreate() create_effect
06-05 18:26:52.457  1103  9745 I audioserver: setGameParameters keyvalue: xlog.volume.music.speaker=34
06-05 18:26:52.457  1103  1596 V APM::EffectDescriptor: registerEffect() effect Volume listener for Music, io 29, session 5865 id 715
06-05 18:26:52.457  1103  1596 V APM::EffectDescriptor: registerEffect() memory 1, total memory 3
06-05 18:26:52.457   975   975 D audio_hw_primary: adev_set_parameters: enter: xlog.volume.music.speaker=34
06-05 18:26:52.457   975   975 V msm8974_platform: platform_set_parameters: enter: xlog.volume.music.speaker=34
06-05 18:26:52.457   975   975 D audio_hw_hfp: hfp_set_parameters: enter
06-05 18:26:52.457   975   975 D audio_hw_hfp: hfp_set_parameters: enter
06-05 18:26:52.457   975   975 V a2dp_offload: end of a2dp setparam
06-05 18:26:52.457   975   975 D audio_hw_cspl_cal: cirrus_cal_setparameters: enter 0xf3003600
06-05 18:26:52.457   975   975 D audio_hw_extn: audio_extn_fm_set_parameters: Enter
06-05 18:26:52.457   975   975 D audio_hw_hfp: hfp_set_parameters: enter
06-05 18:26:52.457   975   975 V a2dp_offload: end of a2dp setparam
06-05 18:26:52.457   975   975 D audio_hw_primary: adev_set_parameters: exit with code(0)
06-05 18:26:52.458  1103  1596 V APM::EffectDescriptor: setEffectEnabled(true) total CPU 0
06-05 18:26:52.458  1103  1596 V AudioPolicyManagerImpl: notification filter: setNotificationFilter notificationFilterFeature=1
06-05 18:26:52.458  1103  1596 D AudioPolicyManagerImpl: notification filter: setNotificationFilter muteMaskInt=0
06-05 18:26:52.458   975   975 D audio_hw_primary: out_set_parameters: enter: usecase(0: deep-buffer-playback) kvpairs: appname=+com.ss.android.ugc.trill
06-05 18:26:52.458   975   975 D audio_hw_primary: [hal_apptype] out_set_parameters() +com.ss.android.ugc.trill [2 0x80 0x80 0x80]
06-05 18:26:52.458  1103  1596 D APM_AudioPolicyManager: startOutput() output 29, stream 3, session 5865 appname com.ss.android.ugc.trill uid 10383
06-05 18:26:52.459  1103  2189 E audioserver: open /proc/18541/cmdline error
06-05 18:26:52.459  1103  2189 I audioserver: setAppName(), name=[], active=[1]
06-05 18:26:52.459   975   975 V EffectMiSound: MiSound_command() start, cmdCode=24
06-05 18:26:52.459   975   975 V EffectMiSound: MiSound_Command EFFECT_CMD_SET_APP_NAME: stream=3, name=+
06-05 18:26:52.477 18541 18541 W System.err: org.json.JSONException: No value for information
06-05 18:26:52.477 18541 18541 W System.err: 	at org.json.JSONObject.get(JSONObject.java:403)
06-05 18:26:52.477 18541 18541 W System.err: 	at org.json.JSONObject.getString(JSONObject.java:564)
06-05 18:26:52.477 18541 18541 W System.err: 	at X.6MB.LIZ(SourceFile:33816600)
06-05 18:26:52.477 18541 18541 W System.err: 	at X.6Lf.LIZJ(SourceFile:17039373)
06-05 18:26:52.477 18541 18541 W System.err: 	at X.8c9.LIZ(SourceFile:327690)
06-05 18:26:52.477 18541 18541 W System.err: 	at X.KAf.LIZ(SourceFile:3603)
06-05 18:26:52.477 18541 18541 W System.err: 	at X.KAf.LJIIL(SourceFile:17039402)
06-05 18:26:52.477 18541 18541 W System.err: 	at X.KAf.LJJIJIIJI(SourceFile:590862)
06-05 18:26:52.477 18541 18541 W System.err: 	at com.ss.android.ugc.aweme.feed.adapter.VideoViewCell.onRenderReady(SourceFile:17301542)
06-05 18:26:52.477 18541 18541 W System.err: 	at X.6B8.LIZ(SourceFile:1393)
06-05 18:26:52.477 18541 18541 W System.err: 	at X.6C1.run(SourceFile:65540)
06-05 18:26:52.477 18541 18541 W System.err: 	at android.os.Handler.handleCallback(Handler.java:938)
06-05 18:26:52.477 18541 18541 W System.err: 	at android.os.Handler.dispatchMessage(Handler.java:99)
06-05 18:26:52.477 18541 18541 W System.err: 	at android.os.Looper.loopOnce(Looper.java:210)
06-05 18:26:52.477 18541 18541 W System.err: 	at android.os.Looper.loop(Looper.java:299)
06-05 18:26:52.477 18541 18541 W System.err: 	at android.app.ActivityThread.main(ActivityThread.java:8105)
06-05 18:26:52.477 18541 18541 W System.err: 	at java.lang.reflect.Method.invoke(Native Method)
06-05 18:26:52.477 18541 18541 W System.err: 	at com.android.internal.os.RuntimeInit$MethodAndArgsCaller.run(RuntimeInit.java:556)
06-05 18:26:52.477 18541 18541 W System.err: 	at com.android.internal.os.ZygoteInit.main(ZygoteInit.java:1045)
06-05 18:26:52.477 18541 18541 W System.err: org.json.JSONException: No value for com.android.information
06-05 18:26:52.477 18541 18541 W System.err: 	at org.json.JSONObject.get(JSONObject.java:403)
06-05 18:26:52.477 18541 18541 W System.err: 	at org.json.JSONObject.getString(JSONObject.java:564)
06-05 18:26:52.477 18541 18541 W System.err: 	at X.6MB.LIZ(SourceFile:33816600)
06-05 18:26:52.477 18541 18541 W System.err: 	at X.6Lf.LIZJ(SourceFile:17039373)
06-05 18:26:52.477 18541 18541 W System.err: 	at X.8c9.LIZ(SourceFile:327698)
06-05 18:26:52.477 18541 18541 W System.err: 	at X.KAf.LIZ(SourceFile:3603)
06-05 18:26:52.477 18541 18541 W System.err: 	at X.KAf.LJIIL(SourceFile:17039402)
06-05 18:26:52.477 18541 18541 W System.err: 	at X.KAf.LJJIJIIJI(SourceFile:590862)
06-05 18:26:52.477 18541 18541 W System.err: 	at com.ss.android.ugc.aweme.feed.adapter.VideoViewCell.onRenderReady(SourceFile:17301542)
06-05 18:26:52.477 18541 18541 W System.err: 	at X.6B8.LIZ(SourceFile:1393)
06-05 18:26:52.477 18541 18541 W System.err: 	at X.6C1.run(SourceFile:65540)
06-05 18:26:52.477 18541 18541 W System.err: 	at android.os.Handler.handleCallback(Handler.java:938)
06-05 18:26:52.477 18541 18541 W System.err: 	at android.os.Handler.dispatchMessage(Handler.java:99)
06-05 18:26:52.477 18541 18541 W System.err: 	at android.os.Looper.loopOnce(Looper.java:210)
06-05 18:26:52.477 18541 18541 W System.err: 	at android.os.Looper.loop(Looper.java:299)
06-05 18:26:52.477 18541 18541 W System.err: 	at android.app.ActivityThread.main(ActivityThread.java:8105)
06-05 18:26:52.477 18541 18541 W System.err: 	at java.lang.reflect.Method.invoke(Native Method)
06-05 18:26:52.478 18541 18541 W System.err: 	at com.android.internal.os.RuntimeInit$MethodAndArgsCaller.run(RuntimeInit.java:556)
06-05 18:26:52.478 18541 18541 W System.err: 	at com.android.internal.os.ZygoteInit.main(ZygoteInit.java:1045)
06-05 18:26:52.478 18541 18541 W System.err: org.json.JSONException: No value for com.apple.quicktime.information
06-05 18:26:52.478 18541 18541 W System.err: 	at org.json.JSONObject.get(JSONObject.java:403)
06-05 18:26:52.478 18541 18541 W System.err: 	at org.json.JSONObject.getString(JSONObject.java:564)
06-05 18:26:52.478 18541 18541 W System.err: 	at X.6MB.LIZ(SourceFile:33816600)
06-05 18:26:52.478 18541 18541 W System.err: 	at X.6Lf.LIZJ(SourceFile:17039373)
06-05 18:26:52.478 18541 18541 W System.err: 	at X.8c9.LIZ(SourceFile:327706)
06-05 18:26:52.478 18541 18541 W System.err: 	at X.KAf.LIZ(SourceFile:3603)
06-05 18:26:52.478 18541 18541 W System.err: 	at X.KAf.LJIIL(SourceFile:17039402)
06-05 18:26:52.478 18541 18541 W System.err: 	at X.KAf.LJJIJIIJI(SourceFile:590862)
06-05 18:26:52.478 18541 18541 W System.err: 	at com.ss.android.ugc.aweme.feed.adapter.VideoViewCell.onRenderReady(SourceFile:17301542)
06-05 18:26:52.478 18541 18541 W System.err: 	at X.6B8.LIZ(SourceFile:1393)
06-05 18:26:52.478 18541 18541 W System.err: 	at X.6C1.run(SourceFile:65540)
06-05 18:26:52.478 18541 18541 W System.err: 	at android.os.Handler.handleCallback(Handler.java:938)
06-05 18:26:52.478 18541 18541 W System.err: 	at android.os.Handler.dispatchMessage(Handler.java:99)
06-05 18:26:52.478 18541 18541 W System.err: 	at android.os.Looper.loopOnce(Looper.java:210)
06-05 18:26:52.478 18541 18541 W System.err: 	at android.os.Looper.loop(Looper.java:299)
06-05 18:26:52.478 18541 18541 W System.err: 	at android.app.ActivityThread.main(ActivityThread.java:8105)
06-05 18:26:52.478 18541 18541 W System.err: 	at java.lang.reflect.Method.invoke(Native Method)
06-05 18:26:52.478 18541 18541 W System.err: 	at com.android.internal.os.RuntimeInit$MethodAndArgsCaller.run(RuntimeInit.java:556)
06-05 18:26:52.478 18541 18541 W System.err: 	at com.android.internal.os.ZygoteInit.main(ZygoteInit.java:1045)
06-05 18:26:52.479 18541 10745 W System.err: org.json.JSONException: No value for information
06-05 18:26:52.479 18541 10745 W System.err: 	at org.json.JSONObject.get(JSONObject.java:403)
06-05 18:26:52.479 18541 10745 W System.err: 	at org.json.JSONObject.getString(JSONObject.java:564)
06-05 18:26:52.479 18541 10745 W System.err: 	at X.6MB.LIZ(SourceFile:33816600)
06-05 18:26:52.479 18541 10745 W System.err: 	at X.6Lf.LIZJ(SourceFile:17039373)
06-05 18:26:52.479 18541 10745 W System.err: 	at X.8c8.LIZIZ(SourceFile:393228)
06-05 18:26:52.479 18541 10745 W System.err: 	at X.8cB.call(SourceFile:262146)
06-05 18:26:52.479 18541 10745 W System.err: 	at X.0BO.run(SourceFile:262166)
06-05 18:26:52.479 18541 10745 W System.err: 	at X.0fb.run(SourceFile:459005)
06-05 18:26:52.479 18541 10745 W System.err: 	at java.util.concurrent.ThreadPoolExecutor.runWorker(ThreadPoolExecutor.java:1167)
06-05 18:26:52.479 18541 10745 W System.err: 	at java.util.concurrent.ThreadPoolExecutor$Worker.run(ThreadPoolExecutor.java:641)
06-05 18:26:52.479 18541 10745 W System.err: 	at X.0ff.run(SourceFile:131081)
06-05 18:26:52.479 18541 10745 W System.err: 	at java.lang.Thread.run(Thread.java:920)
06-05 18:26:52.479 18541 10745 W System.err: org.json.JSONException: No value for com.android.information
06-05 18:26:52.479 18541 10745 W System.err: 	at org.json.JSONObject.get(JSONObject.java:403)
06-05 18:26:52.479 18541 10745 W System.err: 	at org.json.JSONObject.getString(JSONObject.java:564)
06-05 18:26:52.479 18541 10745 W System.err: 	at X.6MB.LIZ(SourceFile:33816600)
06-05 18:26:52.479 18541 10745 W System.err: 	at X.6Lf.LIZJ(SourceFile:17039373)
06-05 18:26:52.479 18541 10745 W System.err: 	at X.8c8.LIZIZ(SourceFile:393243)
06-05 18:26:52.479 18541 10745 W System.err: 	at X.8cB.call(SourceFile:262146)
06-05 18:26:52.479 18541 10745 W System.err: 	at X.0BO.run(SourceFile:262166)
06-05 18:26:52.479 18541 10745 W System.err: 	at X.0fb.run(SourceFile:459005)
06-05 18:26:52.479 18541 10745 W System.err: 	at java.util.concurrent.ThreadPoolExecutor.runWorker(ThreadPoolExecutor.java:1167)
06-05 18:26:52.479 18541 10745 W System.err: 	at java.util.concurrent.ThreadPoolExecutor$Worker.run(ThreadPoolExecutor.java:641)
06-05 18:26:52.480 18541 10745 W System.err: 	at X.0ff.run(SourceFile:131081)
06-05 18:26:52.480 18541 10745 W System.err: 	at java.lang.Thread.run(Thread.java:920)
06-05 18:26:52.480 18541 10745 W System.err: org.json.JSONException: No value for com.apple.quicktime.information
06-05 18:26:52.480 18541 10745 W System.err: 	at org.json.JSONObject.get(JSONObject.java:403)
06-05 18:26:52.480 18541 10745 W System.err: 	at org.json.JSONObject.getString(JSONObject.java:564)
06-05 18:26:52.480 18541 10745 W System.err: 	at X.6MB.LIZ(SourceFile:33816600)
06-05 18:26:52.480 18541 10745 W System.err: 	at X.6Lf.LIZJ(SourceFile:17039373)
06-05 18:26:52.480 18541 10745 W System.err: 	at X.8c8.LIZIZ(SourceFile:393258)
06-05 18:26:52.480 18541 10745 W System.err: 	at X.8cB.call(SourceFile:262146)
06-05 18:26:52.480 18541 10745 W System.err: 	at X.0BO.run(SourceFile:262166)
06-05 18:26:52.480 18541 10745 W System.err: 	at X.0fb.run(SourceFile:459005)
06-05 18:26:52.480 18541 10745 W System.err: 	at java.util.concurrent.ThreadPoolExecutor.runWorker(ThreadPoolExecutor.java:1167)
06-05 18:26:52.480 18541 10745 W System.err: 	at java.util.concurrent.ThreadPoolExecutor$Worker.run(ThreadPoolExecutor.java:641)
06-05 18:26:52.480 18541 10745 W System.err: 	at X.0ff.run(SourceFile:131081)
06-05 18:26:52.480 18541 10745 W System.err: 	at java.lang.Thread.run(Thread.java:920)
06-05 18:26:52.493 18541 10745 W System.err: java.io.FileNotFoundException: /proc/stat: open failed: EACCES (Permission denied)
06-05 18:26:52.494 18541 10745 W System.err: 	at libcore.io.IoBridge.open(IoBridge.java:575)
06-05 18:26:52.494 18541 10745 W System.err: 	at java.io.RandomAccessFile.<init>(RandomAccessFile.java:289)
06-05 18:26:52.494 18541 10745 W System.err: 	at java.io.RandomAccessFile.<init>(RandomAccessFile.java:152)
06-05 18:26:52.494 18541 10745 W System.err: 	at X.6gK.LIZ(SourceFile:393238)
06-05 18:26:52.494 18541 10745 W System.err: 	at X.6gM.call(SourceFile:65536)
06-05 18:26:52.494 18541 10745 W System.err: 	at X.0BO.run(SourceFile:262166)
06-05 18:26:52.494 18541 10745 W System.err: 	at X.0fb.run(SourceFile:459005)
06-05 18:26:52.494 18541 10745 W System.err: 	at java.util.concurrent.ThreadPoolExecutor.runWorker(ThreadPoolExecutor.java:1167)
06-05 18:26:52.494 18541 10745 W System.err: 	at java.util.concurrent.ThreadPoolExecutor$Worker.run(ThreadPoolExecutor.java:641)
06-05 18:26:52.494 18541 10745 W System.err: 	at X.0ff.run(SourceFile:131081)
06-05 18:26:52.494 18541 10745 W System.err: 	at java.lang.Thread.run(Thread.java:920)
06-05 18:26:52.494 18541 10745 W System.err: Caused by: android.system.ErrnoException: open failed: EACCES (Permission denied)
06-05 18:26:52.494 18541 10745 W System.err: 	at libcore.io.Linux.open(Native Method)
06-05 18:26:52.494 18541 10745 W System.err: 	at libcore.io.ForwardingOs.open(ForwardingOs.java:567)
06-05 18:26:52.494 18541 10745 W System.err: 	at libcore.io.BlockGuardOs.open(BlockGuardOs.java:273)
06-05 18:26:52.494 18541 10745 W System.err: 	at libcore.io.ForwardingOs.open(ForwardingOs.java:567)
06-05 18:26:52.494 18541 10745 W System.err: 	at android.app.ActivityThread$AndroidOs.open(ActivityThread.java:7980)
06-05 18:26:52.494 18541 10745 W System.err: 	at libcore.io.IoBridge.open(IoBridge.java:561)
06-05 18:26:52.494 18541 10745 W System.err: 	... 10 more
06-05 18:26:52.496  1103  1596 V APM::EffectDescriptor: setEffectEnabled(false) total CPU 0
06-05 18:26:52.497  1103  2327 D AudioFlinger: updateWakeLockUids_l AudioOut_1D uids:10383
06-05 18:26:52.497   975   975 D msm8974_platform: platform_split_snd_device: snd_device(2) num devices(1) new_snd_devices(0)
06-05 18:26:52.497  1103  1596 V APM::EffectDescriptor: unregisterEffect() effect Volume listener for Music, ID 707, memory 1 total memory 2
06-05 18:26:52.497  1103  1596 D APM_AudioPolicyManager: stopOutput portId 411
06-05 18:26:52.497  1103  1596 D APM_AudioPolicyManager: stopOutput() output 29, stream 3, session 5857
06-05 18:26:52.498  1103  2189 I audioserver: setGameParameters keyvalue: xlog.volume.music.speaker=34
06-05 18:26:52.498   975   975 D audio_hw_primary: adev_set_parameters: enter: xlog.volume.music.speaker=34
06-05 18:26:52.498   975   975 V msm8974_platform: platform_set_parameters: enter: xlog.volume.music.speaker=34
06-05 18:26:52.498   975   975 D audio_hw_hfp: hfp_set_parameters: enter
06-05 18:26:52.498   975   975 D audio_hw_hfp: hfp_set_parameters: enter
06-05 18:26:52.498   975   975 V a2dp_offload: end of a2dp setparam
06-05 18:26:52.498   975   975 D audio_hw_cspl_cal: cirrus_cal_setparameters: enter 0xf3003600
06-05 18:26:52.498   975   975 D audio_hw_extn: audio_extn_fm_set_parameters: Enter
06-05 18:26:52.498   975   975 D audio_hw_hfp: hfp_set_parameters: enter
06-05 18:26:52.498   975   975 V a2dp_offload: end of a2dp setparam
06-05 18:26:52.498   975   975 D audio_hw_primary: adev_set_parameters: exit with code(0)
06-05 18:26:52.518  1582 28786 I OMX_VPP : VppOmxComponent::registerVppFakeBuf buffer with size 14 id 13 ts=0 flags:0
06-05 18:26:52.537   975   975 D audio_hw_primary: out_set_parameters: enter: usecase(0: deep-buffer-playback) kvpairs: appname=-com.ss.android.ugc.trill
06-05 18:26:52.537   975   975 D audio_hw_primary: [hal_apptype] out_set_parameters() -com.ss.android.ugc.trill [1 0x80 0x80 0x80]
06-05 18:26:52.537  1103  1596 D APM_AudioPolicyManager: releaseOutput portId 411
06-05 18:26:52.537  1103  1596 D APM_AudioPolicyManager: releaseOutput() output 29, stream 3, session 5857 [uid=10383]
06-05 18:26:52.553  1582 11059 I OMX-VDEC-1080P: set_frame_rate: the current time is 182652
06-05 18:26:52.554  1582 11059 I OMX-VDEC-1080P: set_frame_rate: the current time is 182652
06-05 18:26:52.555  1582 11059 I OMX-VDEC-1080P: set_frame_rate: the current time is 182652
06-05 18:26:52.586  1582 27136 I OMX_VPP : VppOmxComponent::registerVppFakeBuf buffer with size 15 id 14 ts=0 flags:0
06-05 18:26:52.619  1582 11059 I OMX-VDEC-1080P: set_frame_rate: the current time is 182652
06-05 18:26:52.653  1582 11059 I OMX-VDEC-1080P: set_frame_rate: the current time is 182652
06-05 18:26:52.686  1582 11059 I OMX-VDEC-1080P: set_frame_rate: the current time is 182652
06-05 18:26:52.719  1582 11059 I OMX-VDEC-1080P: set_frame_rate: the current time is 182652
06-05 18:26:52.753  1582 11059 I OMX-VDEC-1080P: set_frame_rate: the current time is 182652
06-05 18:26:52.763 18541 10929 W BitmapFactory: bitmap marked for reuse (20000 bytes) can't fit new bitmap (40000 bytes)
06-05 18:26:52.765 18541 10727 W System.err: org.json.JSONException: No value for information
06-05 18:26:52.765 18541 10727 W System.err: 	at org.json.JSONObject.get(JSONObject.java:403)
06-05 18:26:52.765 18541 10727 W System.err: 	at org.json.JSONObject.getString(JSONObject.java:564)
06-05 18:26:52.765 18541 10727 W System.err: 	at X.6MB.LIZ(SourceFile:33816600)
06-05 18:26:52.765 18541 10727 W System.err: 	at X.6Lf.LIZJ(SourceFile:17039373)
06-05 18:26:52.765 18541 10727 W System.err: 	at X.8c8.LIZIZ(SourceFile:393228)
06-05 18:26:52.765 18541 10727 W System.err: 	at X.8cB.call(SourceFile:262146)
06-05 18:26:52.766 18541 10727 W System.err: 	at X.0BO.run(SourceFile:262166)
06-05 18:26:52.766 18541 10727 W System.err: 	at X.0fb.run(SourceFile:459005)
06-05 18:26:52.766 18541 10727 W System.err: 	at java.util.concurrent.ThreadPoolExecutor.runWorker(ThreadPoolExecutor.java:1167)
06-05 18:26:52.766 18541 10727 W System.err: 	at java.util.concurrent.ThreadPoolExecutor$Worker.run(ThreadPoolExecutor.java:641)
06-05 18:26:52.766 18541 10727 W System.err: 	at X.0ff.run(SourceFile:131081)
06-05 18:26:52.766 18541 10727 W System.err: 	at java.lang.Thread.run(Thread.java:920)
06-05 18:26:52.766 18541 10727 W System.err: org.json.JSONException: No value for com.android.information
06-05 18:26:52.766 18541 10727 W System.err: 	at org.json.JSONObject.get(JSONObject.java:403)
06-05 18:26:52.766 18541 10727 W System.err: 	at org.json.JSONObject.getString(JSONObject.java:564)
06-05 18:26:52.766 18541 10727 W System.err: 	at X.6MB.LIZ(SourceFile:33816600)
06-05 18:26:52.766 18541 10727 W System.err: 	at X.6Lf.LIZJ(SourceFile:17039373)
06-05 18:26:52.766 18541 10727 W System.err: 	at X.8c8.LIZIZ(SourceFile:393243)
06-05 18:26:52.766 18541 10727 W System.err: 	at X.8cB.call(SourceFile:262146)
06-05 18:26:52.766 18541 10727 W System.err: 	at X.0BO.run(SourceFile:262166)
06-05 18:26:52.766 18541 10727 W System.err: 	at X.0fb.run(SourceFile:459005)
06-05 18:26:52.766 18541 10727 W System.err: 	at java.util.concurrent.ThreadPoolExecutor.runWorker(ThreadPoolExecutor.java:1167)
06-05 18:26:52.766 18541 10727 W System.err: 	at java.util.concurrent.ThreadPoolExecutor$Worker.run(ThreadPoolExecutor.java:641)
06-05 18:26:52.766 18541 10727 W System.err: 	at X.0ff.run(SourceFile:131081)
06-05 18:26:52.766 18541 10727 W System.err: 	at java.lang.Thread.run(Thread.java:920)
06-05 18:26:52.766 18541 10727 W System.err: org.json.JSONException: No value for com.apple.quicktime.information
06-05 18:26:52.766 18541 10727 W System.err: 	at org.json.JSONObject.get(JSONObject.java:403)
06-05 18:26:52.766 18541 10727 W System.err: 	at org.json.JSONObject.getString(JSONObject.java:564)
06-05 18:26:52.766 18541 10727 W System.err: 	at X.6MB.LIZ(SourceFile:33816600)
06-05 18:26:52.766 18541 10727 W System.err: 	at X.6Lf.LIZJ(SourceFile:17039373)
06-05 18:26:52.766 18541 10727 W System.err: 	at X.8c8.LIZIZ(SourceFile:393258)
06-05 18:26:52.766 18541 10727 W System.err: 	at X.8cB.call(SourceFile:262146)
06-05 18:26:52.766 18541 10727 W System.err: 	at X.0BO.run(SourceFile:262166)
06-05 18:26:52.766 18541 10727 W System.err: 	at X.0fb.run(SourceFile:459005)
06-05 18:26:52.766 18541 10727 W System.err: 	at java.util.concurrent.ThreadPoolExecutor.runWorker(ThreadPoolExecutor.java:1167)
06-05 18:26:52.766 18541 10727 W System.err: 	at java.util.concurrent.ThreadPoolExecutor$Worker.run(ThreadPoolExecutor.java:641)
06-05 18:26:52.766 18541 10727 W System.err: 	at X.0ff.run(SourceFile:131081)
06-05 18:26:52.766 18541 10727 W System.err: 	at java.lang.Thread.run(Thread.java:920)
06-05 18:26:52.787  1582 11059 I OMX-VDEC-1080P: set_frame_rate: the current time is 182652
06-05 18:26:52.790 18541 18557 I OpenGLRenderer: Davey! duration=9223366636034ms; Flags=0, FrameTimelineVsyncId=505862, IntendedVsync=5400820236450, Vsync=5400820236450, InputEventId=0, HandleInputStart=5400827806218, AnimationStart=5400827809656, PerformTraversalsStart=5400827932781, DrawStart=5400830015906, FrameDeadline=5400853569782, FrameInterval=5400827798874, FrameStartTime=16666666, SyncQueued=5400831768093, SyncStart=5400831993510, IssueDrawCommandsStart=5400832741270, SwapBuffers=5400834367885, FrameCompleted=9223372036854775807, DequeueBufferDuration=12448, QueueBufferDuration=506666, GpuCompleted=9223372036854775807, SwapBuffersCompleted=5400835118874, DisplayPresentTime=0,
06-05 18:26:52.819  1582 11059 I OMX-VDEC-1080P: set_frame_rate: the current time is 182652
06-05 18:26:52.853  1582 11059 I OMX-VDEC-1080P: set_frame_rate: the current time is 182652
06-05 18:26:52.886  1582 11059 I OMX-VDEC-1080P: set_frame_rate: the current time is 182652
06-05 18:26:52.919  1582 11059 I OMX-VDEC-1080P: set_frame_rate: the current time is 182652
06-05 18:26:52.953  1582 11059 I OMX-VDEC-1080P: set_frame_rate: the current time is 182652
06-05 18:26:52.986  1582 11059 I OMX-VDEC-1080P: set_frame_rate: the current time is 182652
06-05 18:26:53.020  1582 11059 I OMX-VDEC-1080P: set_frame_rate: the current time is 182653
06-05 18:26:53.053  1582 11059 I OMX-VDEC-1080P: set_frame_rate: the current time is 182653
06-05 18:26:53.087  1582 11059 I OMX-VDEC-1080P: set_frame_rate: the current time is 182653
06-05 18:26:53.120  1582 11059 I OMX-VDEC-1080P: set_frame_rate: the current time is 182653
06-05 18:26:53.153  1582 11059 I OMX-VDEC-1080P: set_frame_rate: the current time is 182653
06-05 18:26:53.186  1582 11059 I OMX-VDEC-1080P: set_frame_rate: the current time is 182653
06-05 18:26:53.219  1582 11059 I OMX-VDEC-1080P: set_frame_rate: the current time is 182653
06-05 18:26:53.253  1582 11059 I OMX-VDEC-1080P: set_frame_rate: the current time is 182653
06-05 18:26:53.287  1582 11059 I OMX-VDEC-1080P: set_frame_rate: the current time is 182653
06-05 18:26:53.319  1582 11059 I OMX-VDEC-1080P: set_frame_rate: the current time is 182653
06-05 18:26:53.354  1582 11059 I OMX-VDEC-1080P: set_frame_rate: the current time is 182653
06-05 18:26:53.387  1582 11059 I OMX-VDEC-1080P: set_frame_rate: the current time is 182653
06-05 18:26:53.420  1582 11059 I OMX-VDEC-1080P: set_frame_rate: the current time is 182653
06-05 18:26:53.453  1582 11059 I OMX-VDEC-1080P: set_frame_rate: the current time is 182653
06-05 18:26:53.487  1582 11059 I OMX-VDEC-1080P: set_frame_rate: the current time is 182653
06-05 18:26:53.520  1582 11059 I OMX-VDEC-1080P: set_frame_rate: the current time is 182653
06-05 18:26:53.553  1582 11059 I OMX-VDEC-1080P: set_frame_rate: the current time is 182653
06-05 18:26:53.586  1582 11059 I OMX-VDEC-1080P: set_frame_rate: the current time is 182653
06-05 18:26:53.619  1582 11059 I OMX-VDEC-1080P: set_frame_rate: the current time is 182653
06-05 18:26:53.654  1582 11059 I OMX-VDEC-1080P: set_frame_rate: the current time is 182653
06-05 18:26:53.686  1582 11059 I OMX-VDEC-1080P: set_frame_rate: the current time is 182653
06-05 18:26:53.719  1582 11059 I OMX-VDEC-1080P: set_frame_rate: the current time is 182653
06-05 18:26:53.753  1582 11059 I OMX-VDEC-1080P: set_frame_rate: the current time is 182653
06-05 18:26:53.786  1582 11059 I OMX-VDEC-1080P: set_frame_rate: the current time is 182653
06-05 18:26:53.820  1582 11059 I OMX-VDEC-1080P: set_frame_rate: the current time is 182653
06-05 18:26:53.855  1582 11059 I OMX-VDEC-1080P: set_frame_rate: the current time is 182653
06-05 18:26:53.889  1582 11059 I OMX-VDEC-1080P: set_frame_rate: the current time is 182653
06-05 18:26:53.920  1582 11059 I OMX-VDEC-1080P: set_frame_rate: the current time is 182653
06-05 18:26:53.954  1582 11059 I OMX-VDEC-1080P: set_frame_rate: the current time is 182653
06-05 18:26:53.987  1582 11059 I OMX-VDEC-1080P: set_frame_rate: the current time is 182653
06-05 18:26:54.021  1582 11059 I OMX-VDEC-1080P: set_frame_rate: the current time is 182654
06-05 18:26:54.054  1582 11059 I OMX-VDEC-1080P: set_frame_rate: the current time is 182654
06-05 18:26:54.087  1582 11059 I OMX-VDEC-1080P: set_frame_rate: the current time is 182654
06-05 18:26:54.120  1582 11059 I OMX-VDEC-1080P: set_frame_rate: the current time is 182654
06-05 18:26:54.154  1582 11059 I OMX-VDEC-1080P: set_frame_rate: the current time is 182654
06-05 18:26:54.188  1582 11059 I OMX-VDEC-1080P: set_frame_rate: the current time is 182654
06-05 18:26:54.222  1582 11059 I OMX-VDEC-1080P: set_frame_rate: the current time is 182654
06-05 18:26:54.255  1582 11059 I OMX-VDEC-1080P: set_frame_rate: the current time is 182654
06-05 18:26:54.288  1582 11059 I OMX-VDEC-1080P: set_frame_rate: the current time is 182654
06-05 18:26:54.321  1582 11059 I OMX-VDEC-1080P: set_frame_rate: the current time is 182654
06-05 18:26:54.355  1582 11059 I OMX-VDEC-1080P: set_frame_rate: the current time is 182654
06-05 18:26:54.388  1582 11059 I OMX-VDEC-1080P: set_frame_rate: the current time is 182654
06-05 18:26:54.421  1582 11059 I OMX-VDEC-1080P: set_frame_rate: the current time is 182654
06-05 18:26:54.455  1582 11059 I OMX-VDEC-1080P: set_frame_rate: the current time is 182654
06-05 18:26:54.488  1582 11059 I OMX-VDEC-1080P: set_frame_rate: the current time is 182654
06-05 18:26:54.521  1582 11059 I OMX-VDEC-1080P: set_frame_rate: the current time is 182654
06-05 18:26:54.555  1582 11059 I OMX-VDEC-1080P: set_frame_rate: the current time is 182654
06-05 18:26:54.587  1582 11059 I OMX-VDEC-1080P: set_frame_rate: the current time is 182654
06-05 18:26:54.621  1582 11059 I OMX-VDEC-1080P: set_frame_rate: the current time is 182654
06-05 18:26:54.654  1582 11059 I OMX-VDEC-1080P: set_frame_rate: the current time is 182654
06-05 18:26:54.687  1582 11059 I OMX-VDEC-1080P: set_frame_rate: the current time is 182654
06-05 18:26:54.720  1582 11059 I OMX-VDEC-1080P: set_frame_rate: the current time is 182654
06-05 18:26:54.755  1582 11059 I OMX-VDEC-1080P: set_frame_rate: the current time is 182654
06-05 18:26:54.787  1582 11059 I OMX-VDEC-1080P: set_frame_rate: the current time is 182654
06-05 18:26:54.819  1582 11059 I OMX-VDEC-1080P: set_frame_rate: the current time is 182654
06-05 18:26:54.854  1582 11059 I OMX-VDEC-1080P: set_frame_rate: the current time is 182654
06-05 18:26:54.887  1582 11059 I OMX-VDEC-1080P: set_frame_rate: the current time is 182654
06-05 18:26:54.920  1582 11059 I OMX-VDEC-1080P: set_frame_rate: the current time is 182654
06-05 18:26:54.954  1582 11059 I OMX-VDEC-1080P: set_frame_rate: the current time is 182654
06-05 18:26:54.987  1582 11059 I OMX-VDEC-1080P: set_frame_rate: the current time is 182654
06-05 18:26:55.021  1582 11059 I OMX-VDEC-1080P: set_frame_rate: the current time is 182655
06-05 18:26:55.058  1582 11059 I OMX-VDEC-1080P: set_frame_rate: the current time is 182655
06-05 18:26:55.090  1582 11059 I OMX-VDEC-1080P: set_frame_rate: the current time is 182655
06-05 18:26:55.123  1582 11059 I OMX-VDEC-1080P: set_frame_rate: the current time is 182655
06-05 18:26:55.157  1582 11059 I OMX-VDEC-1080P: set_frame_rate: the current time is 182655
06-05 18:26:55.189  1582 11059 I OMX-VDEC-1080P: set_frame_rate: the current time is 182655
06-05 18:26:55.220 18541 18552 E jato    : gc block end, 5403267,0
06-05 18:26:55.222  1582 11059 I OMX-VDEC-1080P: set_frame_rate: the current time is 182655
06-05 18:26:55.236 18541 18557 I OpenGLRenderer: Davey! duration=9223366633585ms; Flags=0, FrameTimelineVsyncId=506158, IntendedVsync=5403265737661, Vsync=5403265737661, InputEventId=0, HandleInputStart=5403266203300, AnimationStart=5403266210800, PerformTraversalsStart=5403266418561, DrawStart=5403266535957, FrameDeadline=5403299070993, FrameInterval=5403266189863, FrameStartTime=16666666, SyncQueued=5403268197311, SyncStart=5403271594394, IssueDrawCommandsStart=5403276187675, SwapBuffers=5403278286269, FrameCompleted=9223372036854775807, DequeueBufferDuration=27916, QueueBufferDuration=1660312, GpuCompleted=9223372036854775807, SwapBuffersCompleted=5403280385019, DisplayPresentTime=0,
