06-05 18:28:05.719  1582 11289 I OMX-VDEC-1080P: set_frame_rate: the current time is 182805
06-05 18:28:05.751  1582 11289 I OMX-VDEC-1080P: set_frame_rate: the current time is 182805
06-05 18:28:05.785  1582 11289 I OMX-VDEC-1080P: set_frame_rate: the current time is 182805
06-05 18:28:05.819  1582 11289 I OMX-VDEC-1080P: set_frame_rate: the current time is 182805
06-05 18:28:05.830  2999  2999 D DynamicService:  ACTION_BATTERY_CHANGED change,USB plug = 2
06-05 18:28:05.832  7552  7931 D ThermalIECHandler: storeDataStyle: thermal_iec_monitor_persistence_data_style_iec_state; startIECTime: -1; IECScreenOffOverPeriodTime: -1
06-05 18:28:05.832  6316  6316 I BatteryInfoReceiver: ACTION_BATTERY_CHANGED
06-05 18:28:05.833  7552  7857 D PowerCheckerService: onBatteryChanged, mBatteryLevel = 56, status = 2, level = 56, plug = 2, scale = 100
06-05 18:28:05.833  7552  7645 D PowerKeeper.Thermal: mBatteryTemperature: 40
06-05 18:28:05.838  2992  2992 V DeviceStatisticsService: chargerType=2 batteryLevel=56 totalBatteryCapacity=4255000
06-05 18:28:05.838  2992  2992 D DeviceInfoHidlClient: isRadioOn()=true
06-05 18:28:05.838  2992  2992 I DeviceInfoHidlClient: isPowerInfoNeverSent=false batteryLevel=56 batteryLevelIndex=2 chargingMode=2 totalCapacity=4255000 powerSaveMode=false
06-05 18:28:05.851  1582 11289 I OMX-VDEC-1080P: set_frame_rate: the current time is 182805
06-05 18:28:05.886  1582 11289 I OMX-VDEC-1080P: set_frame_rate: the current time is 182805
06-05 18:28:05.918  1582 11289 I OMX-VDEC-1080P: set_frame_rate: the current time is 182805
06-05 18:28:05.952  1582 11289 I OMX-VDEC-1080P: set_frame_rate: the current time is 182805
06-05 18:28:05.985  1582 11289 I OMX-VDEC-1080P: set_frame_rate: the current time is 182805
06-05 18:28:06.019  1582 11289 I OMX-VDEC-1080P: set_frame_rate: the current time is 182806
06-05 18:28:06.053  1582 11289 I OMX-VDEC-1080P: set_frame_rate: the current time is 182806
06-05 18:28:06.086  1582 11289 I OMX-VDEC-1080P: set_frame_rate: the current time is 182806
06-05 18:28:06.120  1582 11289 I OMX-VDEC-1080P: set_frame_rate: the current time is 182806
06-05 18:28:06.152  1582 11289 I OMX-VDEC-1080P: set_frame_rate: the current time is 182806
06-05 18:28:06.185  1582 11289 I OMX-VDEC-1080P: set_frame_rate: the current time is 182806
06-05 18:28:06.219  1582 11289 I OMX-VDEC-1080P: set_frame_rate: the current time is 182806
06-05 18:28:06.251  1582 11289 I OMX-VDEC-1080P: set_frame_rate: the current time is 182806
06-05 18:28:06.284  1582 11289 I OMX-VDEC-1080P: set_frame_rate: the current time is 182806
06-05 18:28:06.316  1850  2634 I MiuiNetworkPolicy: updateUidState uid = 10375, uidState = 10
06-05 18:28:06.321  1582 11289 I OMX-VDEC-1080P: set_frame_rate: the current time is 182806
06-05 18:28:06.324  1850  2634 I MiuiNetworkPolicy: updateUidState uid = 10375, uidState = 16
06-05 18:28:06.349  3143  4985 W ChimeraUtils: Module com.google.android.gms.gcm has empty metadata display_name_string_id
06-05 18:28:06.351  1582 11289 I OMX-VDEC-1080P: set_frame_rate: the current time is 182806
06-05 18:28:06.378  1850  2634 I MiuiNetworkPolicy: updateUidState uid = 10375, uidState = 16
06-05 18:28:06.391  1582 11289 I OMX-VDEC-1080P: set_frame_rate: the current time is 182806
06-05 18:28:06.400  1850  2634 I MiuiNetworkPolicy: updateUidState uid = 10375, uidState = 10
06-05 18:28:06.417  1582 11289 I OMX-VDEC-1080P: set_frame_rate: the current time is 182806
06-05 18:28:06.450  1582 11289 I OMX-VDEC-1080P: set_frame_rate: the current time is 182806
06-05 18:28:06.485  1582 11289 I OMX-VDEC-1080P: set_frame_rate: the current time is 182806
06-05 18:28:06.486  2999  3462 D MI_RIL_OEM_HOOK: onPkHookCommonMsg, msg_id = 65
06-05 18:28:06.486  2999  3462 D MI_RIL_OEM_HOOK: onGetHookMsgBytes, HOOK_HEAD_SIZE = 16, msg_len = 4
06-05 18:28:06.486  2999  3462 D MI_RIL_OEM_HOOK: onHookSendSync, phoneId = 0
06-05 18:28:06.487  2930  2930 D QcrilMsgTunnelIfaceManager: handleMessage what = 1
06-05 18:28:06.487  2930  2930 I QcrilOemhookMsgTunnel: [0]invokeOemRilRequestRaw: serial=2113 length=36
06-05 18:28:06.518  1582 11289 I OMX-VDEC-1080P: set_frame_rate: the current time is 182806
06-05 18:28:06.530  1793  2006 D XIAOMI_QCRIL: RIL[lib][xiaomi_extend_nvefs.c:52] xiaomi_qmi_result_map: xiaomi_qmi_result_map, old_result 0, new_result 0
06-05 18:28:06.530  2930  3267 I QcrilOemhookMsgTunnel: [0]processOemHookResponse serial no: 2113 error: 0length=16
06-05 18:28:06.531  2930  2930 D QcrilMsgTunnelIfaceManager: handleMessage what = 2
06-05 18:28:06.533  2999  3462 D QC_RIL_OEM_HOOK: sendOemRilRequestRaw returns value = 16
06-05 18:28:06.533  2999  3462 D ModemSarController_8250: type = 65, len = 4, value = 0
06-05 18:28:06.552  1582 11289 I OMX-VDEC-1080P: set_frame_rate: the current time is 182806
06-05 18:28:06.585  1582 11289 I OMX-VDEC-1080P: set_frame_rate: the current time is 182806
06-05 18:28:06.612  1850  2553 D MIUIInput: [MotionEvent] publisher action=0x4, 5474659, channel 'c058ab6 com.miui.securitycenter (server)'
06-05 18:28:06.612  1850  2553 D MIUIInput: [MotionEvent] publisher action=0x0, 5474659, channel 'f66205e com.ss.android.ugc.trill/com.ss.android.ugc.aweme.splash.SplashActivity (server)'
06-05 18:28:06.614  7693  7693 I GameBoxTouchListener: onTouch: 	mAdded=false	isLeftShowtrue
06-05 18:28:06.619  1582 11289 I OMX-VDEC-1080P: set_frame_rate: the current time is 182806
06-05 18:28:06.652  1582 11289 I OMX-VDEC-1080P: set_frame_rate: the current time is 182806
06-05 18:28:06.654  1850  1941 D PerfImpl: perfGetWorkLoadType
06-05 18:28:06.654  1034  1034 E vendor.qti.hardware.perf@2.2-service: Unknown params
06-05 18:28:06.654  1034  1034 I ANDR-PERF-LM: LMPerfGlue: perfmodule_submit_request() 132: perfmodule_submit_request()
06-05 18:28:06.655  1034  1034 I ANDR-PERF-LM: Core: getInstance() 84: LM getInstance
06-05 18:28:06.655  1034  1034 D ANDR-PERF-LM: Feature: lookup() 101: Feature Name = AppClassifier, total featuers = 3, featureFound = 1
06-05 18:28:06.655  1034  1034 D ANDR-PERF-LM: Feature: getData() 112: data.data = 1
06-05 18:28:06.655  1034  1034 I ANDR-PERF-LM: FeedbackAPI: getFeedback() 60: app:com.ss.android.ugc.trill feature:AppClassifier feedback = 1
06-05 18:28:06.655  1850  1941 D PerfImpl: perfScrollBoost: com.ss.android.ugc.trill, -1, 4
06-05 18:28:06.655  1034  1034 E vendor.qti.hardware.perf@2.2-service: Unknown params
06-05 18:28:06.656  1034  1034 I ANDR-PERF-LM: LMPerfGlue: perfmodule_submit_request() 132: perfmodule_submit_request()
06-05 18:28:06.656  1034  1034 I ANDR-PERF-LM: Core: getInstance() 84: LM getInstance
06-05 18:28:06.656  1034  1034 I ANDR-PERF-LM: WQ: push() 59: LMTriggerQ push() size=0
06-05 18:28:06.656  1034  1034 I ANDR-PERF-LM: WQ: push() 61: LMTriggerQ push() done size=1
06-05 18:28:06.656  1034  1092 I ANDR-PERF-LM: WQ: pop() 42: LMTriggerQ pop() done size=0
06-05 18:28:06.656  1034  1092 I ANDR-PERF-LM: Core: lmMain() 373: Waiting on trigger Queue
06-05 18:28:06.656  1034  1092 I ANDR-PERF-LM: WQ: pop() 31: LMTriggerQ pop() size=0
06-05 18:28:06.656  1850  1941 D PerfImpl: perfGetWorkLoadType
06-05 18:28:06.656  1034  1034 E vendor.qti.hardware.perf@2.2-service: Unknown params
06-05 18:28:06.656  1034  1034 I ANDR-PERF-LM: LMPerfGlue: perfmodule_submit_request() 132: perfmodule_submit_request()
06-05 18:28:06.656  1034  1034 I ANDR-PERF-LM: Core: getInstance() 84: LM getInstance
06-05 18:28:06.656  1034  1034 D ANDR-PERF-LM: Feature: lookup() 101: Feature Name = AppClassifier, total featuers = 3, featureFound = 1
06-05 18:28:06.657  1034  1034 D ANDR-PERF-LM: Feature: getData() 112: data.data = 1
06-05 18:28:06.657  1034  1034 I ANDR-PERF-LM: FeedbackAPI: getFeedback() 60: app:com.ss.android.ugc.trill feature:AppClassifier feedback = 1
06-05 18:28:06.657  1850  1941 D PerfImpl: perfDragBoost: com.ss.android.ugc.trill, -1, 1
06-05 18:28:06.657  1034  1034 E vendor.qti.hardware.perf@2.2-service: Unknown params
06-05 18:28:06.686  1582 11289 I OMX-VDEC-1080P: set_frame_rate: the current time is 182806
06-05 18:28:06.718  1582 11289 I OMX-VDEC-1080P: set_frame_rate: the current time is 182806
06-05 18:28:06.753  1582 11289 I OMX-VDEC-1080P: set_frame_rate: the current time is 182806
06-05 18:28:06.753  1582 11289 I OMX-VDEC-1080P: set_frame_rate: the current time is 182806
06-05 18:28:06.753  1582 11289 I OMX-VDEC-1080P: set_frame_rate: the current time is 182806
06-05 18:28:06.781  1850  2634 I MiuiNetworkPolicy: updateUidState uid = 10375, uidState = 16
06-05 18:28:06.784  1850  2634 I MiuiNetworkPolicy: updateUidState uid = 10375, uidState = 11
06-05 18:28:06.788  1850  2634 I MiuiNetworkPolicy: updateUidState uid = 10375, uidState = 16
06-05 18:28:06.798  1850  2634 I MiuiNetworkPolicy: updateUidState uid = 10375, uidState = 10
06-05 18:28:06.852  1582 11289 I OMX-VDEC-1080P: set_frame_rate: the current time is 182806
06-05 18:28:06.885  1582 11289 I OMX-VDEC-1080P: set_frame_rate: the current time is 182806
06-05 18:28:06.918  1582 11289 I OMX-VDEC-1080P: set_frame_rate: the current time is 182806
06-05 18:28:06.922  1850  2553 D MIUIInput: [MotionEvent] publisher action=0x1, 5474968, channel 'f66205e com.ss.android.ugc.trill/com.ss.android.ugc.aweme.splash.SplashActivity (server)'
06-05 18:28:06.923  1850  1941 D PerfImpl: perfGetWorkLoadType
06-05 18:28:06.923  1034  1034 E vendor.qti.hardware.perf@2.2-service: Unknown params
06-05 18:28:06.923  1034  1034 I ANDR-PERF-LM: LMPerfGlue: perfmodule_submit_request() 132: perfmodule_submit_request()
06-05 18:28:06.923  1034  1034 I ANDR-PERF-LM: Core: getInstance() 84: LM getInstance
06-05 18:28:06.923  1034  1034 D ANDR-PERF-LM: Feature: lookup() 101: Feature Name = AppClassifier, total featuers = 3, featureFound = 1
06-05 18:28:06.923  1034  1034 D ANDR-PERF-LM: Feature: getData() 112: data.data = 1
06-05 18:28:06.923  1034  1034 I ANDR-PERF-LM: FeedbackAPI: getFeedback() 60: app:com.ss.android.ugc.trill feature:AppClassifier feedback = 1
06-05 18:28:06.924  1850  1941 D PerfImpl: perfScrollBoost: com.ss.android.ugc.trill, -1, 4
06-05 18:28:06.924  1034  1034 E vendor.qti.hardware.perf@2.2-service: Unknown params
06-05 18:28:06.924  1034  1034 I ANDR-PERF-LM: LMPerfGlue: perfmodule_submit_request() 132: perfmodule_submit_request()
06-05 18:28:06.924  1034  1034 I ANDR-PERF-LM: Core: getInstance() 84: LM getInstance
06-05 18:28:06.924  1034  1034 I ANDR-PERF-LM: WQ: push() 59: LMTriggerQ push() size=0
06-05 18:28:06.924  1034  1034 I ANDR-PERF-LM: WQ: push() 61: LMTriggerQ push() done size=1
06-05 18:28:06.924  1034  1092 I ANDR-PERF-LM: WQ: pop() 42: LMTriggerQ pop() done size=0
06-05 18:28:06.924  1034  1092 I ANDR-PERF-LM: Core: lmMain() 373: Waiting on trigger Queue
06-05 18:28:06.924  1034  1092 I ANDR-PERF-LM: WQ: pop() 31: LMTriggerQ pop() size=0
06-05 18:28:06.924  1850  1941 D PerfImpl: perfGetWorkLoadType
06-05 18:28:06.924  1034  1034 E vendor.qti.hardware.perf@2.2-service: Unknown params
06-05 18:28:06.924  1034  1034 I ANDR-PERF-LM: LMPerfGlue: perfmodule_submit_request() 132: perfmodule_submit_request()
06-05 18:28:06.924  1034  1034 I ANDR-PERF-LM: Core: getInstance() 84: LM getInstance
06-05 18:28:06.924  1034  1034 D ANDR-PERF-LM: Feature: lookup() 101: Feature Name = AppClassifier, total featuers = 3, featureFound = 1
06-05 18:28:06.924  1034  1034 D ANDR-PERF-LM: Feature: getData() 112: data.data = 1
06-05 18:28:06.924  1034  1034 I ANDR-PERF-LM: FeedbackAPI: getFeedback() 60: app:com.ss.android.ugc.trill feature:AppClassifier feedback = 1
06-05 18:28:06.924  1850  1941 D PerfImpl: perfLockRelease
06-05 18:28:06.952  1582 11289 I OMX-VDEC-1080P: set_frame_rate: the current time is 182806
06-05 18:28:06.985  1582 11289 I OMX-VDEC-1080P: set_frame_rate: the current time is 182806
06-05 18:28:07.019  1582 11289 I OMX-VDEC-1080P: set_frame_rate: the current time is 182807
06-05 18:28:07.052  1582 11289 I OMX-VDEC-1080P: set_frame_rate: the current time is 182807
06-05 18:28:07.085  1582 11289 I OMX-VDEC-1080P: set_frame_rate: the current time is 182807
06-05 18:28:07.119  1582 11289 I OMX-VDEC-1080P: set_frame_rate: the current time is 182807
06-05 18:28:07.153  1582 11289 I OMX-VDEC-1080P: set_frame_rate: the current time is 182807
06-05 18:28:07.184  4385  4385 D BoundBrokerSvc: onUnbind: Intent { act=com.google.android.gms.measurement.START pkg=com.google.android.gms }
06-05 18:28:07.185  1582 11289 I OMX-VDEC-1080P: set_frame_rate: the current time is 182807
06-05 18:28:07.189  1850  2634 I MiuiNetworkPolicy: updateUidState uid = 10188, uidState = 5
06-05 18:28:07.219  1582 11289 I OMX-VDEC-1080P: set_frame_rate: the current time is 182807
06-05 18:28:07.285  1582 11289 I OMX-VDEC-1080P: set_frame_rate: the current time is 182807
06-05 18:28:07.319  1582 11289 I OMX-VDEC-1080P: set_frame_rate: the current time is 182807
06-05 18:28:07.353  1582 11289 I OMX-VDEC-1080P: set_frame_rate: the current time is 182807
06-05 18:28:07.387  1582 11289 I OMX-VDEC-1080P: set_frame_rate: the current time is 182807
06-05 18:28:07.421  1582 11289 I OMX-VDEC-1080P: set_frame_rate: the current time is 182807
06-05 18:28:07.453  1582 11289 I OMX-VDEC-1080P: set_frame_rate: the current time is 182807
06-05 18:28:07.486  1582 11289 I OMX-VDEC-1080P: set_frame_rate: the current time is 182807
06-05 18:28:07.520  1582 11289 I OMX-VDEC-1080P: set_frame_rate: the current time is 182807
06-05 18:28:07.552  1582 11289 I OMX-VDEC-1080P: set_frame_rate: the current time is 182807
06-05 18:28:07.586  1582 11289 I OMX-VDEC-1080P: set_frame_rate: the current time is 182807
06-05 18:28:07.621  1582 11289 I OMX-VDEC-1080P: set_frame_rate: the current time is 182807
06-05 18:28:07.653  1582 11289 I OMX-VDEC-1080P: set_frame_rate: the current time is 182807
06-05 18:28:07.687  1582 11289 I OMX-VDEC-1080P: set_frame_rate: the current time is 182807
06-05 18:28:07.721  1582 11289 I OMX-VDEC-1080P: set_frame_rate: the current time is 182807
06-05 18:28:07.753  1582 11289 I OMX-VDEC-1080P: set_frame_rate: the current time is 182807
06-05 18:28:07.787  1582 11289 I OMX-VDEC-1080P: set_frame_rate: the current time is 182807
06-05 18:28:07.820  1582 11289 I OMX-VDEC-1080P: set_frame_rate: the current time is 182807
06-05 18:28:07.854  1582 11289 I OMX-VDEC-1080P: set_frame_rate: the current time is 182807
06-05 18:28:07.887  1582 11289 I OMX-VDEC-1080P: set_frame_rate: the current time is 182807
06-05 18:28:07.920  1582 11289 I OMX-VDEC-1080P: set_frame_rate: the current time is 182807
06-05 18:28:07.953  1582 11289 I OMX-VDEC-1080P: set_frame_rate: the current time is 182807
06-05 18:28:07.987  1850  2634 I MiuiNetworkPolicy: updateUidState uid = 1002, uidState = 10
06-05 18:28:07.988  1582 11289 I OMX-VDEC-1080P: set_frame_rate: the current time is 182807
06-05 18:28:08.002  1850  2634 I MiuiNetworkPolicy: updateUidState uid = 10146, uidState = 19
06-05 18:28:08.020  1582 11289 I OMX-VDEC-1080P: set_frame_rate: the current time is 182808
06-05 18:28:08.053  1582 11289 I OMX-VDEC-1080P: set_frame_rate: the current time is 182808
06-05 18:28:08.087  1582 11289 I OMX-VDEC-1080P: set_frame_rate: the current time is 182808
06-05 18:28:08.119  1582 11289 I OMX-VDEC-1080P: set_frame_rate: the current time is 182808
06-05 18:28:08.119  1582 11289 I OMX-VDEC-1080P: set_frame_rate: the current time is 182808
06-05 18:28:08.119  1582 11289 I OMX-VDEC-1080P: set_frame_rate: the current time is 182808
06-05 18:28:08.119  1582 11289 I OMX_VPP : OMX_EventBufferFlag 1
06-05 18:28:08.484  1582 18911 I OMX_VPP : send_command In 1 param1 -1
06-05 18:28:08.485  1582 18911 I OMX_VPP : send_command FakeFlush
06-05 18:28:08.485  1582 18911 I OMX_VPP : VppOmxComponent::clearVppFakeBufs size 15
06-05 18:28:08.485  1582 18911 I OMX_VPP : VppEvent 1
06-05 18:28:08.485  1582 18911 I OMX_VPP : FakeFlush e.flush_done.port:0
06-05 18:28:08.485  1582 18911 I OMX_VPP : VppOmxComponent::clearVppFakeBufs size 0
06-05 18:28:08.485  1582 18911 I OMX_VPP : VppEvent 1
06-05 18:28:08.485  1582 18911 I OMX_VPP : FakeFlush e.flush_done.port:1
06-05 18:28:08.486 18541 11287 W AHierarchicalStateMachine: Warning message AMessage(what = 'omxI') = {
06-05 18:28:08.486 18541 11287 W AHierarchicalStateMachine:   int32_t type = 0
06-05 18:28:08.486 18541 11287 W AHierarchicalStateMachine:   int32_t event = 4
06-05 18:28:08.486 18541 11287 W AHierarchicalStateMachine:   int32_t data1 = 1
06-05 18:28:08.486 18541 11287 W AHierarchicalStateMachine:   int32_t data2 = 1
06-05 18:28:08.486 18541 11287 W AHierarchicalStateMachine: } unhandled in root state.
06-05 18:28:08.487  1582 18911 I OMX_VPP : VppOmxComponent::registerVppFakeBuf buffer with size 1 id 0 ts=0 flags:0
06-05 18:28:08.488  1582 18911 I OMX_VPP : VppOmxComponent::registerVppFakeBuf buffer with size 2 id 1 ts=0 flags:0
06-05 18:28:08.488  1582 18911 I OMX_VPP : VppOmxComponent::registerVppFakeBuf buffer with size 3 id 2 ts=0 flags:0
06-05 18:28:08.488  1582  9640 I OMX_VPP : VppOmxComponent::registerVppFakeBuf buffer with size 4 id 3 ts=0 flags:0
06-05 18:28:08.489  1582 27137 I OMX_VPP : VppOmxComponent::registerVppFakeBuf buffer with size 5 id 4 ts=0 flags:0
06-05 18:28:08.489  1582 19468 I OMX_VPP : VppOmxComponent::registerVppFakeBuf buffer with size 6 id 5 ts=0 flags:0
06-05 18:28:08.489  1582  9164 I OMX_VPP : VppOmxComponent::registerVppFakeBuf buffer with size 7 id 6 ts=0 flags:0
06-05 18:28:08.489  1582  2100 I OMX_VPP : VppOmxComponent::registerVppFakeBuf buffer with size 8 id 7 ts=0 flags:0
06-05 18:28:08.489  1582 18920 I OMX_VPP : VppOmxComponent::registerVppFakeBuf buffer with size 9 id 8 ts=0 flags:0
06-05 18:28:08.490  1582 27119 I OMX_VPP : VppOmxComponent::registerVppFakeBuf buffer with size 10 id 9 ts=0 flags:0
06-05 18:28:08.491  1582 18911 I OMX_VPP : VppOmxComponent::registerVppFakeBuf buffer with size 11 id 10 ts=0 flags:0
06-05 18:28:08.491  1582 27119 I OMX_VPP : VppOmxComponent::registerVppFakeBuf buffer with size 12 id 11 ts=0 flags:0
06-05 18:28:08.491  1582 27119 I OMX_VPP : VppOmxComponent::registerVppFakeBuf buffer with size 13 id 12 ts=0 flags:0
06-05 18:28:08.491  1582 27119 I OMX_VPP : VppOmxComponent::registerVppFakeBuf buffer with size 14 id 13 ts=0 flags:0
06-05 18:28:08.492  1582 27119 I OMX_VPP : VppOmxComponent::registerVppFakeBuf buffer with size 15 id 14 ts=0 flags:0
06-05 18:28:08.498  1582 11289 I OMX-VDEC-1080P: set_frame_rate: the current time is 182808
06-05 18:28:08.498  1582 11289 I OMX-VDEC-1080P: set_frame_rate: the current time is 182808
06-05 18:28:08.498  1582 11289 I OMX-VDEC-1080P: set_frame_rate: the current time is 182808
06-05 18:28:08.499  1582 11289 I OMX-VDEC-1080P: set_frame_rate: the current time is 182808
06-05 18:28:08.499  1582 11289 I OMX-VDEC-1080P: set_frame_rate: the current time is 182808
06-05 18:28:08.500  1582 11289 I OMX-VDEC-1080P: set_frame_rate: the current time is 182808
06-05 18:28:08.501  1582 11289 I OMX-VDEC-1080P: set_frame_rate: the current time is 182808
06-05 18:28:08.501  1582 11289 I OMX-VDEC-1080P: set_frame_rate: the current time is 182808
06-05 18:28:08.501  1582 11289 I OMX-VDEC-1080P: set_frame_rate: the current time is 182808
06-05 18:28:08.561  1582 11289 I OMX-VDEC-1080P: set_frame_rate: the current time is 182808
06-05 18:28:08.592  1850  2553 D MIUIInput: [MotionEvent] publisher action=0x4, 5476639, channel 'c058ab6 com.miui.securitycenter (server)'
06-05 18:28:08.592  1850  2553 D MIUIInput: [MotionEvent] publisher action=0x0, 5476639, channel 'f66205e com.ss.android.ugc.trill/com.ss.android.ugc.aweme.splash.SplashActivity (server)'
06-05 18:28:08.593  1582 11289 I OMX-VDEC-1080P: set_frame_rate: the current time is 182808
06-05 18:28:08.593  7693  7693 I GameBoxTouchListener: onTouch: 	mAdded=false	isLeftShowtrue
06-05 18:28:08.615  1850  2634 I MiuiNetworkPolicy: updateUidState uid = 10383, uidState = 2
06-05 18:28:08.625  1582 11289 I OMX-VDEC-1080P: set_frame_rate: the current time is 182808
06-05 18:28:08.660  1582 11289 I OMX-VDEC-1080P: set_frame_rate: the current time is 182808
06-05 18:28:08.664  1850  1941 D PerfImpl: perfGetWorkLoadType
06-05 18:28:08.665  1034  1034 E vendor.qti.hardware.perf@2.2-service: Unknown params
06-05 18:28:08.665  1034  1034 I ANDR-PERF-LM: LMPerfGlue: perfmodule_submit_request() 132: perfmodule_submit_request()
06-05 18:28:08.665  1034  1034 I ANDR-PERF-LM: Core: getInstance() 84: LM getInstance
06-05 18:28:08.665  1034  1034 D ANDR-PERF-LM: Feature: lookup() 101: Feature Name = AppClassifier, total featuers = 3, featureFound = 1
06-05 18:28:08.665  1034  1034 D ANDR-PERF-LM: Feature: getData() 112: data.data = 1
06-05 18:28:08.665  1034  1034 I ANDR-PERF-LM: FeedbackAPI: getFeedback() 60: app:com.ss.android.ugc.trill feature:AppClassifier feedback = 1
06-05 18:28:08.665  1850  1941 D PerfImpl: perfScrollBoost: com.ss.android.ugc.trill, -1, 4
06-05 18:28:08.665  1034  1034 E vendor.qti.hardware.perf@2.2-service: Unknown params
06-05 18:28:08.666  1034  1034 I ANDR-PERF-LM: LMPerfGlue: perfmodule_submit_request() 132: perfmodule_submit_request()
06-05 18:28:08.666  1034  1034 I ANDR-PERF-LM: Core: getInstance() 84: LM getInstance
06-05 18:28:08.666  1034  1034 I ANDR-PERF-LM: WQ: push() 59: LMTriggerQ push() size=0
06-05 18:28:08.666  1034  1034 I ANDR-PERF-LM: WQ: push() 61: LMTriggerQ push() done size=1
06-05 18:28:08.666  1034  1092 I ANDR-PERF-LM: WQ: pop() 42: LMTriggerQ pop() done size=0
06-05 18:28:08.666  1034  1092 I ANDR-PERF-LM: Core: lmMain() 373: Waiting on trigger Queue
06-05 18:28:08.666  1034  1092 I ANDR-PERF-LM: WQ: pop() 31: LMTriggerQ pop() size=0
06-05 18:28:08.666  1850  1941 D PerfImpl: perfGetWorkLoadType
06-05 18:28:08.666  1034  1034 E vendor.qti.hardware.perf@2.2-service: Unknown params
06-05 18:28:08.666  1034  1034 I ANDR-PERF-LM: LMPerfGlue: perfmodule_submit_request() 132: perfmodule_submit_request()
06-05 18:28:08.666  1034  1034 I ANDR-PERF-LM: Core: getInstance() 84: LM getInstance
06-05 18:28:08.666  1034  1034 D ANDR-PERF-LM: Feature: lookup() 101: Feature Name = AppClassifier, total featuers = 3, featureFound = 1
06-05 18:28:08.666  1034  1034 D ANDR-PERF-LM: Feature: getData() 112: data.data = 1
06-05 18:28:08.666  1034  1034 I ANDR-PERF-LM: FeedbackAPI: getFeedback() 60: app:com.ss.android.ugc.trill feature:AppClassifier feedback = 1
06-05 18:28:08.667  1850  1941 D PerfImpl: perfDragBoost: com.ss.android.ugc.trill, -1, 1
06-05 18:28:08.667  1034  1034 E vendor.qti.hardware.perf@2.2-service: Unknown params
06-05 18:28:08.695  1582 11289 I OMX-VDEC-1080P: set_frame_rate: the current time is 182808
06-05 18:28:08.715  1850  2634 I MiuiNetworkPolicy: updateUidState uid = 10137, uidState = 19
06-05 18:28:08.726  1582 11289 I OMX-VDEC-1080P: set_frame_rate: the current time is 182808
06-05 18:28:08.760  1582 11289 I OMX-VDEC-1080P: set_frame_rate: the current time is 182808
06-05 18:28:08.793  1582 11289 I OMX-VDEC-1080P: set_frame_rate: the current time is 182808
06-05 18:28:08.827  1582 11289 I OMX-VDEC-1080P: set_frame_rate: the current time is 182808
06-05 18:28:08.862  1582 11289 I OMX-VDEC-1080P: set_frame_rate: the current time is 182808
06-05 18:28:08.894  1582 11289 I OMX-VDEC-1080P: set_frame_rate: the current time is 182808
06-05 18:28:08.901  1850  2553 D MIUIInput: [MotionEvent] publisher action=0x1, 5476948, channel 'f66205e com.ss.android.ugc.trill/com.ss.android.ugc.aweme.splash.SplashActivity (server)'
06-05 18:28:08.902  1850  1941 D PerfImpl: perfGetWorkLoadType
06-05 18:28:08.902  1034  1034 E vendor.qti.hardware.perf@2.2-service: Unknown params
06-05 18:28:08.902  1034  1034 I ANDR-PERF-LM: LMPerfGlue: perfmodule_submit_request() 132: perfmodule_submit_request()
06-05 18:28:08.902  1034  1034 I ANDR-PERF-LM: Core: getInstance() 84: LM getInstance
06-05 18:28:08.902  1034  1034 D ANDR-PERF-LM: Feature: lookup() 101: Feature Name = AppClassifier, total featuers = 3, featureFound = 1
06-05 18:28:08.902  1034  1034 D ANDR-PERF-LM: Feature: getData() 112: data.data = 1
06-05 18:28:08.902  1034  1034 I ANDR-PERF-LM: FeedbackAPI: getFeedback() 60: app:com.ss.android.ugc.trill feature:AppClassifier feedback = 1
06-05 18:28:08.902  1850  1941 D PerfImpl: perfScrollBoost: com.ss.android.ugc.trill, -1, 4
06-05 18:28:08.903  1034  1034 E vendor.qti.hardware.perf@2.2-service: Unknown params
06-05 18:28:08.903  1034  1034 I ANDR-PERF-LM: LMPerfGlue: perfmodule_submit_request() 132: perfmodule_submit_request()
06-05 18:28:08.903  1034  1034 I ANDR-PERF-LM: Core: getInstance() 84: LM getInstance
06-05 18:28:08.903  1034  1034 I ANDR-PERF-LM: WQ: push() 59: LMTriggerQ push() size=0
06-05 18:28:08.903  1034  1034 I ANDR-PERF-LM: WQ: push() 61: LMTriggerQ push() done size=1
06-05 18:28:08.903  1034  1092 I ANDR-PERF-LM: WQ: pop() 42: LMTriggerQ pop() done size=0
06-05 18:28:08.903  1034  1092 I ANDR-PERF-LM: Core: lmMain() 373: Waiting on trigger Queue
06-05 18:28:08.903  1034  1092 I ANDR-PERF-LM: WQ: pop() 31: LMTriggerQ pop() size=0
06-05 18:28:08.903  1850  1941 D PerfImpl: perfGetWorkLoadType
06-05 18:28:08.904  1034  1034 E vendor.qti.hardware.perf@2.2-service: Unknown params
06-05 18:28:08.904  1034  1034 I ANDR-PERF-LM: LMPerfGlue: perfmodule_submit_request() 132: perfmodule_submit_request()
06-05 18:28:08.904  1034  1034 I ANDR-PERF-LM: Core: getInstance() 84: LM getInstance
06-05 18:28:08.904  1034  1034 D ANDR-PERF-LM: Feature: lookup() 101: Feature Name = AppClassifier, total featuers = 3, featureFound = 1
06-05 18:28:08.904  1034  1034 D ANDR-PERF-LM: Feature: getData() 112: data.data = 1
06-05 18:28:08.904  1034  1034 I ANDR-PERF-LM: FeedbackAPI: getFeedback() 60: app:com.ss.android.ugc.trill feature:AppClassifier feedback = 1
06-05 18:28:08.904  1850  1941 D PerfImpl: perfLockRelease
06-05 18:28:08.927  1582 11289 I OMX-VDEC-1080P: set_frame_rate: the current time is 182808
06-05 18:28:08.959  1582 11289 I OMX-VDEC-1080P: set_frame_rate: the current time is 182808
06-05 18:28:08.994  1582 11289 I OMX-VDEC-1080P: set_frame_rate: the current time is 182808
06-05 18:28:09.026  1582 11289 I OMX-VDEC-1080P: set_frame_rate: the current time is 182809
06-05 18:28:09.061  1582 11289 I OMX-VDEC-1080P: set_frame_rate: the current time is 182809
06-05 18:28:09.063  1850  2634 I MiuiNetworkPolicy: updateUidState uid = 10121, uidState = 19
06-05 18:28:09.089  1850  2634 I MiuiNetworkPolicy: updateUidState uid = 10188, uidState = 5
06-05 18:28:09.093  1582 11289 I OMX-VDEC-1080P: set_frame_rate: the current time is 182809
06-05 18:28:09.127  1582 11289 I OMX-VDEC-1080P: set_frame_rate: the current time is 182809
06-05 18:28:09.148  1850  2553 D MIUIInput: [MotionEvent] publisher action=0x4, 5477195, channel 'c058ab6 com.miui.securitycenter (server)'
06-05 18:28:09.149  1850  2553 D MIUIInput: [MotionEvent] publisher action=0x0, 5477195, channel 'f66205e com.ss.android.ugc.trill/com.ss.android.ugc.aweme.splash.SplashActivity (server)'
06-05 18:28:09.149  7693  7693 I GameBoxTouchListener: onTouch: 	mAdded=false	isLeftShowtrue
06-05 18:28:09.160  1582 11289 I OMX-VDEC-1080P: set_frame_rate: the current time is 182809
06-05 18:28:09.194  1582 11289 I OMX-VDEC-1080P: set_frame_rate: the current time is 182809
06-05 18:28:09.218  1850  2553 D MIUIInput: [MotionEvent] publisher action=0x1, 5477263, channel 'f66205e com.ss.android.ugc.trill/com.ss.android.ugc.aweme.splash.SplashActivity (server)'
06-05 18:28:09.227  1582 11289 I OMX-VDEC-1080P: set_frame_rate: the current time is 182809
06-05 18:28:09.236 18541 18541 D DecorView[]: getWindowModeFromSystem  windowmode is 1
06-05 18:28:09.260  1582 11289 I OMX-VDEC-1080P: set_frame_rate: the current time is 182809
06-05 18:28:09.294  1582 11289 I OMX-VDEC-1080P: set_frame_rate: the current time is 182809
06-05 18:28:09.327  1582 11289 I OMX-VDEC-1080P: set_frame_rate: the current time is 182809
06-05 18:28:09.360  1582 11289 I OMX-VDEC-1080P: set_frame_rate: the current time is 182809
06-05 18:28:09.393  1582 11289 I OMX-VDEC-1080P: set_frame_rate: the current time is 182809
06-05 18:28:09.428  1582 11289 I OMX-VDEC-1080P: set_frame_rate: the current time is 182809
06-05 18:28:09.450  1850  2553 D MIUIInput: [MotionEvent] publisher action=0x4, 5477497, channel 'c058ab6 com.miui.securitycenter (server)'
06-05 18:28:09.450  1850  2553 D MIUIInput: [MotionEvent] publisher action=0x0, 5477497, channel 'f66205e com.ss.android.ugc.trill/com.ss.android.ugc.aweme.splash.SplashActivity (server)'
06-05 18:28:09.451  7693  7693 I GameBoxTouchListener: onTouch: 	mAdded=false	isLeftShowtrue
06-05 18:28:09.461  1582 11289 I OMX-VDEC-1080P: set_frame_rate: the current time is 182809
06-05 18:28:09.492  1850  1941 D PerfImpl: perfGetWorkLoadType
06-05 18:28:09.492  1034  1034 E vendor.qti.hardware.perf@2.2-service: Unknown params
06-05 18:28:09.492  1034  1034 I ANDR-PERF-LM: LMPerfGlue: perfmodule_submit_request() 132: perfmodule_submit_request()
06-05 18:28:09.492  1034  1034 I ANDR-PERF-LM: Core: getInstance() 84: LM getInstance
06-05 18:28:09.492  1034  1034 D ANDR-PERF-LM: Feature: lookup() 101: Feature Name = AppClassifier, total featuers = 3, featureFound = 1
06-05 18:28:09.492  1034  1034 D ANDR-PERF-LM: Feature: getData() 112: data.data = 1
06-05 18:28:09.492  1034  1034 I ANDR-PERF-LM: FeedbackAPI: getFeedback() 60: app:com.ss.android.ugc.trill feature:AppClassifier feedback = 1
06-05 18:28:09.493  1850  1941 D PerfImpl: perfScrollBoost: com.ss.android.ugc.trill, -1, 4
06-05 18:28:09.493  1034  1034 E vendor.qti.hardware.perf@2.2-service: Unknown params
06-05 18:28:09.493  1034  1034 I ANDR-PERF-LM: LMPerfGlue: perfmodule_submit_request() 132: perfmodule_submit_request()
06-05 18:28:09.493  1034  1034 I ANDR-PERF-LM: Core: getInstance() 84: LM getInstance
06-05 18:28:09.493  1034  1034 I ANDR-PERF-LM: WQ: push() 59: LMTriggerQ push() size=0
06-05 18:28:09.493  1034  1034 I ANDR-PERF-LM: WQ: push() 61: LMTriggerQ push() done size=1
06-05 18:28:09.493  1034  1092 I ANDR-PERF-LM: WQ: pop() 42: LMTriggerQ pop() done size=0
06-05 18:28:09.493  1034  1092 I ANDR-PERF-LM: Core: lmMain() 373: Waiting on trigger Queue
06-05 18:28:09.493  1034  1092 I ANDR-PERF-LM: WQ: pop() 31: LMTriggerQ pop() size=0
06-05 18:28:09.493  1850  1941 D PerfImpl: perfGetWorkLoadType
06-05 18:28:09.494  1034  1034 E vendor.qti.hardware.perf@2.2-service: Unknown params
06-05 18:28:09.494  1034  1034 I ANDR-PERF-LM: LMPerfGlue: perfmodule_submit_request() 132: perfmodule_submit_request()
06-05 18:28:09.494  1034  1034 I ANDR-PERF-LM: Core: getInstance() 84: LM getInstance
06-05 18:28:09.494  1034  1034 D ANDR-PERF-LM: Feature: lookup() 101: Feature Name = AppClassifier, total featuers = 3, featureFound = 1
06-05 18:28:09.494  1034  1034 D ANDR-PERF-LM: Feature: getData() 112: data.data = 1
06-05 18:28:09.494  1034  1034 I ANDR-PERF-LM: FeedbackAPI: getFeedback() 60: app:com.ss.android.ugc.trill feature:AppClassifier feedback = 1
06-05 18:28:09.494  1850  1941 D PerfImpl: perfDragBoost: com.ss.android.ugc.trill, -1, 1
06-05 18:28:09.494  1034  1034 E vendor.qti.hardware.perf@2.2-service: Unknown params
06-05 18:28:09.495  1582 11289 I OMX-VDEC-1080P: set_frame_rate: the current time is 182809
06-05 18:28:09.521 18541 29532 W MessageQueue: Handler (android.os.Handler) {f78845b} sending message to a Handler on a dead thread
06-05 18:28:09.521 18541 29532 W MessageQueue: java.lang.IllegalStateException: Handler (android.os.Handler) {f78845b} sending message to a Handler on a dead thread
06-05 18:28:09.521 18541 29532 W MessageQueue: 	at android.os.MessageQueue.enqueueMessage(MessageQueue.java:569)
06-05 18:28:09.521 18541 29532 W MessageQueue: 	at android.os.Handler.enqueueMessage(Handler.java:778)
06-05 18:28:09.521 18541 29532 W MessageQueue: 	at android.os.Handler.sendMessageAtTime(Handler.java:727)
06-05 18:28:09.521 18541 29532 W MessageQueue: 	at android.os.Handler.sendMessageDelayed(Handler.java:697)
06-05 18:28:09.521 18541 29532 W MessageQueue: 	at android.os.Handler.post(Handler.java:427)
06-05 18:28:09.521 18541 29532 W MessageQueue: 	at X.HKP.LIZ(SourceFile:33751054)
06-05 18:28:09.521 18541 29532 W MessageQueue: 	at X.HKP.LIZ(SourceFile:16908295)
06-05 18:28:09.521 18541 29532 W MessageQueue: 	at X.Iuq.<init>(SourceFile:17039393)
06-05 18:28:09.521 18541 29532 W MessageQueue: 	at X.IuS.LIZ(SourceFile:67633363)
06-05 18:28:09.521 18541 29532 W MessageQueue: 	at X.IuS.<init>(SourceFile:50922652)
06-05 18:28:09.521 18541 29532 W MessageQueue: 	at X.6Z1.<init>(SourceFile:33816631)
06-05 18:28:09.521 18541 29532 W MessageQueue: 	at X.6U2.LJJIJIIJIL(SourceFile:590369)
06-05 18:28:09.521 18541 29532 W MessageQueue: 	at X.6U2.<init>(SourceFile:84279443)
06-05 18:28:09.521 18541 29532 W MessageQueue: 	at X.6LW.LIZ(SourceFile:17170525)
06-05 18:28:09.521 18541 29532 W MessageQueue: 	at X.6LV.LIZ(SourceFile:16973837)
06-05 18:28:09.521 18541 29532 W MessageQueue: 	at X.6Nc.LJJIJIIJI(SourceFile:262150)
06-05 18:28:09.521 18541 29532 W MessageQueue: 	at X.6Nc.LIZ(SourceFile:33947685)
06-05 18:28:09.521 18541 29532 W MessageQueue: 	at X.6Nc.LIZ(SourceFile:820)
06-05 18:28:09.521 18541 29532 W MessageQueue: 	at X.6Nc.LIZ(SourceFile:84411129)
06-05 18:28:09.521 18541 29532 W MessageQueue: 	at X.6Nc.LIZ(SourceFile:254)
06-05 18:28:09.521 18541 29532 W MessageQueue: 	at X.6Nc.LIZ(SourceFile:12250)
06-05 18:28:09.521 18541 29532 W MessageQueue: 	at X.6NK.handleMessage(SourceFile:17301743)
06-05 18:28:09.521 18541 29532 W MessageQueue: 	at android.os.Handler.dispatchMessage(Handler.java:106)
06-05 18:28:09.521 18541 29532 W MessageQueue: 	at android.os.Looper.loopOnce(Looper.java:210)
06-05 18:28:09.521 18541 29532 W MessageQueue: 	at android.os.Looper.loop(Looper.java:299)
06-05 18:28:09.521 18541 29532 W MessageQueue: 	at android.os.HandlerThread.run(HandlerThread.java:67)
06-05 18:28:09.523 18541 29532 W ttmdl   : <0x0,AVMDLManagerBridge.cpp,native_setIntValue,765>set key:709 value:0
06-05 18:28:09.523 18541 29532 W ttmdl   : <0x0,AVMDLog.cpp,set_alog_enable,38>set_alog_enable, 0
06-05 18:28:09.524 18541 29532 W MessageQueue: Handler (android.os.Handler) {f78845b} sending message to a Handler on a dead thread
06-05 18:28:09.524 18541 29532 W MessageQueue: java.lang.IllegalStateException: Handler (android.os.Handler) {f78845b} sending message to a Handler on a dead thread
06-05 18:28:09.524 18541 29532 W MessageQueue: 	at android.os.MessageQueue.enqueueMessage(MessageQueue.java:569)
06-05 18:28:09.524 18541 29532 W MessageQueue: 	at android.os.Handler.enqueueMessage(Handler.java:778)
06-05 18:28:09.524 18541 29532 W MessageQueue: 	at android.os.Handler.sendMessageAtTime(Handler.java:727)
06-05 18:28:09.524 18541 29532 W MessageQueue: 	at android.os.Handler.sendMessageDelayed(Handler.java:697)
06-05 18:28:09.524 18541 29532 W MessageQueue: 	at android.os.Handler.post(Handler.java:427)
06-05 18:28:09.524 18541 29532 W MessageQueue: 	at X.HKP.LIZ(SourceFile:33751054)
06-05 18:28:09.524 18541 29532 W MessageQueue: 	at X.HKP.LIZIZ(SourceFile:16908295)
06-05 18:28:09.524 18541 29532 W MessageQueue: 	at X.RPA.LIZ(SourceFile:17170456)
06-05 18:28:09.524 18541 29532 W MessageQueue: 	at X.IuS.LIZLLL(SourceFile:34078895)
06-05 18:28:09.524 18541 29532 W MessageQueue: 	at X.IuS.LJLJI(SourceFile:393264)
06-05 18:28:09.524 18541 29532 W MessageQueue: 	at X.IuS.LJJLJLI(SourceFile:393245)
06-05 18:28:09.524 18541 29532 W MessageQueue: 	at X.IuS.LJIIJJI(SourceFile:17170460)
06-05 18:28:09.524 18541 29532 W MessageQueue: 	at X.IuS.LIZ(SourceFile:5041)
06-05 18:28:09.524 18541 29532 W MessageQueue: 	at X.IuS.LIZIZ(SourceFile:50790422)
06-05 18:28:09.524 18541 29532 W MessageQueue: 	at X.IuS.LIZ(SourceFile:4903)
06-05 18:28:09.524 18541 29532 W MessageQueue: 	at X.6Z1.LIZ(SourceFile:1063)
06-05 18:28:09.524 18541 29532 W MessageQueue: 	at X.6U2.LIZ(SourceFile:84543345)
06-05 18:28:09.524 18541 29532 W MessageQueue: 	at X.6U2.LIZ(Unknown Source:0)
06-05 18:28:09.524 18541 29532 W MessageQueue: 	at X.6U2.LIZ(SourceFile:1438)
06-05 18:28:09.524 18541 29532 W MessageQueue: 	at X.6Nc.LIZ(SourceFile:1033)
06-05 18:28:09.524 18541 29532 W MessageQueue: 	at X.6Nc.LIZ(SourceFile:84411129)
06-05 18:28:09.524 18541 29532 W MessageQueue: 	at X.6Nc.LIZ(SourceFile:254)
06-05 18:28:09.524 18541 29532 W MessageQueue: 	at X.6Nc.LIZ(SourceFile:12250)
06-05 18:28:09.524 18541 29532 W MessageQueue: 	at X.6NK.handleMessage(SourceFile:17301743)
06-05 18:28:09.524 18541 29532 W MessageQueue: 	at android.os.Handler.dispatchMessage(Handler.java:106)
06-05 18:28:09.524 18541 29532 W MessageQueue: 	at android.os.Looper.loopOnce(Looper.java:210)
06-05 18:28:09.524 18541 29532 W MessageQueue: 	at android.os.Looper.loop(Looper.java:299)
06-05 18:28:09.524 18541 29532 W MessageQueue: 	at android.os.HandlerThread.run(HandlerThread.java:67)
06-05 18:28:09.527 18541 29532 W MessageQueue: Handler (android.os.Handler) {f78845b} sending message to a Handler on a dead thread
06-05 18:28:09.527 18541 29532 W MessageQueue: java.lang.IllegalStateException: Handler (android.os.Handler) {f78845b} sending message to a Handler on a dead thread
06-05 18:28:09.527 18541 29532 W MessageQueue: 	at android.os.MessageQueue.enqueueMessage(MessageQueue.java:569)
06-05 18:28:09.527 18541 29532 W MessageQueue: 	at android.os.Handler.enqueueMessage(Handler.java:778)
06-05 18:28:09.527 18541 29532 W MessageQueue: 	at android.os.Handler.sendMessageAtTime(Handler.java:727)
06-05 18:28:09.527 18541 29532 W MessageQueue: 	at android.os.Handler.sendMessageDelayed(Handler.java:697)
06-05 18:28:09.527 18541 29532 W MessageQueue: 	at android.os.Handler.post(Handler.java:427)
06-05 18:28:09.527 18541 29532 W MessageQueue: 	at X.HKP.LIZ(SourceFile:33751054)
06-05 18:28:09.527 18541 29532 W MessageQueue: 	at X.HKP.LIZ(SourceFile:16908295)
06-05 18:28:09.527 18541 29532 W MessageQueue: 	at X.RPA.LJFF(SourceFile:327795)
06-05 18:28:09.527 18541 29532 W MessageQueue: 	at X.IuS.LJIIJ(SourceFile:17236170)
06-05 18:28:09.527 18541 29532 W MessageQueue: 	at X.IuS.LJJJJL(SourceFile:262195)
06-05 18:28:09.527 18541 29532 W MessageQueue: 	at X.IuS.LJIIJJI(SourceFile:262186)
06-05 18:28:09.527 18541 29532 W MessageQueue: 	at X.6Z1.LJIIJJI(SourceFile:65538)
06-05 18:28:09.527 18541 29532 W MessageQueue: 	at X.6U2.LIZ(SourceFile:84545035)
06-05 18:28:09.527 18541 29532 W MessageQueue: 	at X.6U2.LIZ(Unknown Source:0)
06-05 18:28:09.527 18541 29532 W MessageQueue: 	at X.6U2.LIZ(SourceFile:1438)
06-05 18:28:09.527 18541 29532 W MessageQueue: 	at X.6Nc.LIZ(SourceFile:1033)
06-05 18:28:09.527 18541 29532 W MessageQueue: 	at X.6Nc.LIZ(SourceFile:84411129)
06-05 18:28:09.527 18541 29532 W MessageQueue: 	at X.6Nc.LIZ(SourceFile:254)
06-05 18:28:09.527 18541 29532 W MessageQueue: 	at X.6Nc.LIZ(SourceFile:12250)
06-05 18:28:09.527 18541 29532 W MessageQueue: 	at X.6NK.handleMessage(SourceFile:17301743)
06-05 18:28:09.527 18541 29532 W MessageQueue: 	at android.os.Handler.dispatchMessage(Handler.java:106)
06-05 18:28:09.527 18541 29532 W MessageQueue: 	at android.os.Looper.loopOnce(Looper.java:210)
06-05 18:28:09.527 18541 29532 W MessageQueue: 	at android.os.Looper.loop(Looper.java:299)
06-05 18:28:09.527 18541 29532 W MessageQueue: 	at android.os.HandlerThread.run(HandlerThread.java:67)
06-05 18:28:09.528  1582 11289 I OMX-VDEC-1080P: set_frame_rate: the current time is 182809
06-05 18:28:09.528 18541 29532 W ttmp    : set_logger_level:0
06-05 18:28:09.529 18541 19350 I ttmn    : <0x0,av_sort_queue.h,enableFixSort,17>AVSortQueue::enableFixSort:0
06-05 18:28:09.533 18541 19350 I MediaCodec: video box enabled in settings
06-05 18:28:09.533 18541 19350 I VideoBoxStub: VideoBoxStub::initVideobox
06-05 18:28:09.538 18541 19350 I VideoBox: VideoBox::VideoBox
06-05 18:28:09.538 18541 19350 I VideoBox: initVideobox
06-05 18:28:09.538 18541 19350 I VideoBox: initVideobox going OMX.qcom.video.decoder.hevc
06-05 18:28:09.538 18541 19350 I VideoBox: initVideobox return false for platform is not support vpp
06-05 18:28:09.538 18541 19350 I VideoBoxStub: VideoBoxStub::releaseVideoBox
06-05 18:28:09.538 18541 19350 I VideoBox: VideoBox::~VideoBox
06-05 18:28:09.538 18541 19350 I MediaCodec: init video box disabled for init not supported
06-05 18:28:09.541 18541 11333 I OMXClient: IOmx service obtained
06-05 18:28:09.542  1582 18911 I OMXMaster: makeComponentInstance(OMX.qcom.video.decoder.hevc) in android.hardwar process
06-05 18:28:09.543  1850  2553 D MIUIInput: [MotionEvent] publisher action=0x1, 5477590, channel 'f66205e com.ss.android.ugc.trill/com.ss.android.ugc.aweme.splash.SplashActivity (server)'
06-05 18:28:09.543  1034  1034 W perf@2.2-servic: type=1400 audit(0.0:6047): avc: denied { search } for name="1575" dev="proc" ino=723857 scontext=u:r:vendor_hal_perf_default:s0 tcontext=u:r:vendor_perfservice:s0 tclass=dir permissive=0
06-05 18:28:09.543  1850  1941 D PerfImpl: perfGetWorkLoadType
06-05 18:28:09.544  1034  1034 E vendor.qti.hardware.perf@2.2-service: Unknown params
06-05 18:28:09.544  1034  1034 I ANDR-PERF-LM: LMPerfGlue: perfmodule_submit_request() 132: perfmodule_submit_request()
06-05 18:28:09.544  1034  1034 I ANDR-PERF-LM: Core: getInstance() 84: LM getInstance
06-05 18:28:09.544  1034  1034 D ANDR-PERF-LM: Feature: lookup() 101: Feature Name = AppClassifier, total featuers = 3, featureFound = 1
06-05 18:28:09.544  1034  1034 D ANDR-PERF-LM: Feature: getData() 112: data.data = 1
06-05 18:28:09.544  1034  1034 I ANDR-PERF-LM: FeedbackAPI: getFeedback() 60: app:com.ss.android.ugc.trill feature:AppClassifier feedback = 1
06-05 18:28:09.544  1850  1941 D PerfImpl: perfScrollBoost: com.ss.android.ugc.trill, 1350, 1
06-05 18:28:09.544  1034  1034 E vendor.qti.hardware.perf@2.2-service: Unknown params
06-05 18:28:09.544  1034  1034 I ANDR-PERF-LM: LMPerfGlue: perfmodule_submit_request() 132: perfmodule_submit_request()
06-05 18:28:09.544  1034  1034 I ANDR-PERF-LM: Core: getInstance() 84: LM getInstance
06-05 18:28:09.544  1034  1034 I ANDR-PERF-LM: WQ: push() 59: LMTriggerQ push() size=0
06-05 18:28:09.544  1034  1034 I ANDR-PERF-LM: WQ: push() 61: LMTriggerQ push() done size=1
06-05 18:28:09.545  1582 18911 I OMX_VPP : Constructed VppOmxComponent
06-05 18:28:09.545  1034  1092 I ANDR-PERF-LM: WQ: pop() 42: LMTriggerQ pop() done size=0
06-05 18:28:09.545  1034  1092 I ANDR-PERF-LM: Core: lmMain() 373: Waiting on trigger Queue
06-05 18:28:09.545  1034  1092 I ANDR-PERF-LM: WQ: pop() 31: LMTriggerQ pop() size=0
06-05 18:28:09.545  1850  1941 D PerfImpl: perfGetWorkLoadType
06-05 18:28:09.545  1034  1034 E vendor.qti.hardware.perf@2.2-service: Unknown params
06-05 18:28:09.545  1034  1034 I ANDR-PERF-LM: LMPerfGlue: perfmodule_submit_request() 132: perfmodule_submit_request()
06-05 18:28:09.545  1034  1034 I ANDR-PERF-LM: Core: getInstance() 84: LM getInstance
06-05 18:28:09.545  1034  1034 D ANDR-PERF-LM: Feature: lookup() 101: Feature Name = AppClassifier, total featuers = 3, featureFound = 1
06-05 18:28:09.545 18541 10707 W System.err: java.io.FileNotFoundException: /proc/stat: open failed: EACCES (Permission denied)
06-05 18:28:09.546  1034  1034 D ANDR-PERF-LM: Feature: getData() 112: data.data = 1
06-05 18:28:09.546  1034  1034 I ANDR-PERF-LM: FeedbackAPI: getFeedback() 60: app:com.ss.android.ugc.trill feature:AppClassifier feedback = 1
06-05 18:28:09.546 18541 10707 W System.err: 	at libcore.io.IoBridge.open(IoBridge.java:575)
06-05 18:28:09.546 18541 10707 W System.err: 	at java.io.RandomAccessFile.<init>(RandomAccessFile.java:289)
06-05 18:28:09.546 18541 10707 W System.err: 	at java.io.RandomAccessFile.<init>(RandomAccessFile.java:152)
06-05 18:28:09.546 18541 10707 W System.err: 	at X.6gK.LIZ(SourceFile:393238)
06-05 18:28:09.546  1850  1941 D PerfImpl: perfScrollBoost: com.ss.android.ugc.trill, -1, 4
06-05 18:28:09.546 18541 10707 W System.err: 	at X.6gM.call(SourceFile:65536)
06-05 18:28:09.546 18541 10707 W System.err: 	at X.0BO.run(SourceFile:262166)
06-05 18:28:09.546 18541 10707 W System.err: 	at X.0fb.run(SourceFile:459005)
06-05 18:28:09.546 18541 10707 W System.err: 	at java.util.concurrent.ThreadPoolExecutor.runWorker(ThreadPoolExecutor.java:1167)
06-05 18:28:09.546 18541 10707 W System.err: 	at java.util.concurrent.ThreadPoolExecutor$Worker.run(ThreadPoolExecutor.java:641)
06-05 18:28:09.546  1034  1034 E vendor.qti.hardware.perf@2.2-service: Unknown params
06-05 18:28:09.546 18541 10707 W System.err: 	at X.0ff.run(SourceFile:131081)
06-05 18:28:09.546 18541 10707 W System.err: 	at java.lang.Thread.run(Thread.java:920)
06-05 18:28:09.546 18541 10707 W System.err: Caused by: android.system.ErrnoException: open failed: EACCES (Permission denied)
06-05 18:28:09.546 18541 10707 W System.err: 	at libcore.io.Linux.open(Native Method)
06-05 18:28:09.546 18541 10707 W System.err: 	at libcore.io.ForwardingOs.open(ForwardingOs.java:567)
06-05 18:28:09.546  1034  1034 I ANDR-PERF-LM: LMPerfGlue: perfmodule_submit_request() 132: perfmodule_submit_request()
06-05 18:28:09.546  1034  1034 I ANDR-PERF-LM: Core: getInstance() 84: LM getInstance
06-05 18:28:09.546 18541 10707 W System.err: 	at libcore.io.BlockGuardOs.open(BlockGuardOs.java:273)
06-05 18:28:09.546  1034  1034 I ANDR-PERF-LM: WQ: push() 59: LMTriggerQ push() size=0
06-05 18:28:09.546  1034  1034 I ANDR-PERF-LM: WQ: push() 61: LMTriggerQ push() done size=1
06-05 18:28:09.546 18541 10707 W System.err: 	at libcore.io.ForwardingOs.open(ForwardingOs.java:567)
06-05 18:28:09.546  1034  1092 I ANDR-PERF-LM: WQ: pop() 42: LMTriggerQ pop() done size=0
06-05 18:28:09.546  1034  1092 I ANDR-PERF-LM: Core: lmMain() 373: Waiting on trigger Queue
06-05 18:28:09.546  1034  1092 I ANDR-PERF-LM: WQ: pop() 31: LMTriggerQ pop() size=0
06-05 18:28:09.546 18541 10707 W System.err: 	at android.app.ActivityThread$AndroidOs.open(ActivityThread.java:7980)
06-05 18:28:09.546 18541 10707 W System.err: 	at libcore.io.IoBridge.open(IoBridge.java:561)
06-05 18:28:09.546 18541 10707 W System.err: 	... 10 more
06-05 18:28:09.546  1850  1941 D PerfImpl: perfGetWorkLoadType
06-05 18:28:09.546  1034  1034 E vendor.qti.hardware.perf@2.2-service: Unknown params
06-05 18:28:09.546  1034  1034 I ANDR-PERF-LM: LMPerfGlue: perfmodule_submit_request() 132: perfmodule_submit_request()
06-05 18:28:09.546  1034  1034 I ANDR-PERF-LM: Core: getInstance() 84: LM getInstance
06-05 18:28:09.546  1034  1034 D ANDR-PERF-LM: Feature: lookup() 101: Feature Name = AppClassifier, total featuers = 3, featureFound = 1
06-05 18:28:09.546 18541 19460 I ttmn    : <0x0,normal_clock.cpp,resume,114>aclock test: resume, update time: 989
06-05 18:28:09.546  1034  1034 D ANDR-PERF-LM: Feature: getData() 112: data.data = 1
06-05 18:28:09.546  1034  1034 I ANDR-PERF-LM: FeedbackAPI: getFeedback() 60: app:com.ss.android.ugc.trill feature:AppClassifier feedback = 1
06-05 18:28:09.546 18541 19460 I ttmn    : <0x0,av_base_thread.cpp,run,306>Player-V83:thread to stop.mState:1431655765
06-05 18:28:09.546 18541 19358 I ttmn    : <0x0,av_base_thread.cpp,run,306>Reader-V83:thread to stop.mState:1431655768
06-05 18:28:09.547  1850  1941 D PerfImpl: perfLockRelease
06-05 18:28:09.547  1582 18911 D PlatformConfig: getInstance: Enter
06-05 18:28:09.547  1582 18911 D PlatformConfig: getInt32 Config name: vidc_dec_log_in value: 0
06-05 18:28:09.547  1582 18911 D PlatformConfig: getInstance: Enter
06-05 18:28:09.547  1582 18911 D PlatformConfig: getInt32 Config name: vidc_dec_log_out value: 0
06-05 18:28:09.547  1582 18911 D PlatformConfig: getInstance: Enter
06-05 18:28:09.547 18541 19472 I ttmn    : <0x0,av_base_thread.cpp,run,306>ADecode-V83:thread to stop.mState:1431655765
06-05 18:28:09.547  1582 18911 D PlatformConfig: getInt32 Config name: vidc_dec_sec_prefetch_size_internal value: 209715200
06-05 18:28:09.547  1582 18911 D PlatformConfig: getInstance: Enter
06-05 18:28:09.547  1582 18911 D PlatformConfig: getInt32 Config name: vidc_dec_sec_prefetch_size_output value: 13434880
06-05 18:28:09.547  1582 18911 D PlatformConfig: getInstance: Enter
06-05 18:28:09.547  1582 18911 D PlatformConfig: getInt32 Config name: vidc_perf_control_enable value: 0
06-05 18:28:09.547  1582 18911 D PlatformConfig: getInstance: Enter
06-05 18:28:09.547  1582 18911 D PlatformConfig: getInt32 Config name: vidc_dec_thumbnail_yuv_output value: 0
06-05 18:28:09.547  1582 18911 D PlatformConfig: getInstance: Enter
06-05 18:28:09.547  1582 18911 D PlatformConfig: getInt32: Returning default
06-05 18:28:09.547  1582 18911 D PlatformConfig: getInstance: Enter
06-05 18:28:09.547  1582 18911 D PlatformConfig: getInt32 Config name: vidc_dec_output_rate value: 120
06-05 18:28:09.547  1582 18911 I OMX-VDEC-1080P: component_init: OMX.qcom.video.decoder.hevc : fd=93
06-05 18:28:09.547  1582 18911 E OMX-VDEC-1080P: Unsupported output color format for c2d (2141391876)
06-05 18:28:09.547  1582 18911 E OMX-VDEC-1080P: Setting color format failed
06-05 18:28:09.549  1582 18911 D PlatformConfig: getInstance: Enter
06-05 18:28:09.549  1582 18911 D PlatformConfig: getInt32: Returning default
06-05 18:28:09.549  1582 18911 D PlatformConfig: getInstance: Enter
06-05 18:28:09.549  1582 18911 D PlatformConfig: getInt32: Returning default
06-05 18:28:09.549  1582 18911 I OMX-VDEC-1080P: omx_vdec::component_init() success : fd=93
06-05 18:28:09.549  1582 18911 I OMX_VPP : FRC is used
06-05 18:28:09.549  1582 18911 I OMX_VPP : AIE is used
06-05 18:28:09.551  1582 18911 E OMX_VPP : unable to find area=vpp/config=frc.bypass.all, returning default=0
06-05 18:28:09.551  1582 18911 I OMX_VPP : component_init: fully completed with decoder(OMX.qcom.video.decoder.hevc)
06-05 18:28:09.551  1582 11289 I OMX-VDEC-1080P: set_frame_rate: the current time is 182809
06-05 18:28:09.551  1582 11289 I OMX-VDEC-1080P: set_frame_rate: the current time is 182809
06-05 18:28:09.552 18541 19362 I ttmn    : <0x0,av_base_thread.cpp,run,306>VDecode-V83:thread to stop.mState:1431655768
06-05 18:28:09.552 18541 19352 I ttmn    : <0x0,av_base_thread.cpp,run,306>AGraph-V83:thread to stop.mState:1431655765
06-05 18:28:09.552 18541 19475 D AudioTrack:  pause(sessionID=5929)
