06-05 18:21:55.321  6986  7024 I TestRunner: started: clicking_grid_list_button_displays_grid_list(com.example.dogglers.ButtonTests)
06-05 18:21:55.325  6986  7024 W Settings: Setting always_finish_activities has moved from android.provider.Settings.System to android.provider.Settings.Global, returning read-only value.
06-05 18:21:55.333  1850  6677 D MiuiMultiWindowAdapter: getFreeformBlackList: Origin Logic
06-05 18:21:55.333  1850  6677 D MiuiMultiWindowAdapter: MiuiMultiWindowAdapter::getFreeformBlackList::sSmallWindowBlackList = [com.miui.securitycenter, com.miui.miservice, com.xiaomi.calendar, com.android.contacts, com.miui.mishare.connectivity, com.android.settings, com.android.printspooler, com.miui.backup, com.miui.huanji, com.miui.calculator, com.android.thememanager, com.mfashiongallery.emag, com.miui.virtualsim, com.miui.smarttravel, com.mi.health, com.android.camera, com.lbe.security.miui, com.miui.cleanmaster, com.miui.newhome, com.miui.voiceassist, com.android.phone, com.miui.yellowpage, com.android.updater, com.miui.tsmclient, com.miui.securitycore, com.xiaomi.account, com.xiaomi.shop, com.mipay.wallet, com.xiaomi.youpin, com.xiaomi.hm.health, com.miui.bugreport, com.xiaomi.mibrain.speech, com.xiaomi.mimoji, com.xiaomi.scanner, com.duokan.phone.remotecontroller, com.miui.hybrid, com.miui.video, com.miui.videoplayer, com.miui.fm, com.miui.packageinstaller, com.mi.android.globallauncher, com.mi.android.globallauncher-poco, com.google.android.dialer, com.google.android.apps.magazines, com.miui.compass, com.miui.greenguard, com.kiteguard, com.google.android.apps.prodcasts, com.google.ar.lens, com.xiangkan.android, com.android.bankabc, com.sohu.inputmethod.sogou, com.tencent.mtt, com.shyz.toutiao, com.netease.mc.mi, com.outfit7.talkingtomgoldrun.mi, com.doudz.mi, com.wepie.snake.new.mi, cn.jj, com.standddz002.mi, com.miHoYo.bh3.mi, com.qqgame.hlddz, com.happyelements.AndroidAnimal, com.minitech.miniworld.TMobile.mi, com.mfp.jelly.xiaomi, com.lilithgames.afk.mi, com.tencent.peng, com.teenpatti.hd.gold, blockpuzzle.jewelgames.jewelslegend, com.playgendary.tanks, com.chillingo.robberybobfree.android.row, com.episodeinteractive.android.catalog, com.playrix.township, com.ansangha.drdriving, com.google.android.youtube, com.gbits.atm.mi, com.tencent.tetris, com.sukhavati.gotoplaying.bubble.BubbleShooter.mint, com.block.puzzle.game.hippo.mi, com.youzu.bs.mi, com.baidu.BaiduMap, com.google.android.googlequicksearchbox, com.appsomniacs.da2, com.android.stk, com.feiyu.carrot3.mi, com.popcap.pvz2cthdxm, com.mxtech.videoplayer.ad, cn.cisc, com.kiloo.subwaysurf, com.cncyj.mostbrain, pdf.tap.scanner, com.og.ttddz.mi, com.ximalaya.ting.lite, com.google.android.apps.podcasts, com.google.android.apps.googleassistant, com.netease.onmyoji.mi, com.netease.onmyoji.bili, com.netease.mrzh.mi, com.netease.mrzh.bili, com.tencent.tmgp.yys.zqb, com.google.android.gm, com.google.android.calendar, com.android.chrome, com.google.android.apps.youtube.music, com.netease.pes.huawei, com.netease.pes.mi, com.netease.pes.bili, com.flyfish.supermario, com.picsart.studio, com.netease.dwrg.mi, com.netease.dwrg.bili, com.netease.dwrg.nearme.gamecenter, com.netease.dwrg, com.netease.dwrg.huawei, com.tencent.tmgp.dwrg, com.netease.dwrg.m4399, com.netease.dwrg.mz, com.netease.dwrg.aligames, com.netease.dwrg.baidu, com.netease.dwrg.qihoo, com.moji.mjweather, com.tencent.tmgp.kof98, com.netease.onmyoji, com.taobao.idlefish, com.ledou.mhhy.mi, com.hzfy.ddzbs.mi, com.qsmy.walkmonkey, com.fy.bzzbc.mi, com.dw.xprqj.mi]
06-05 18:21:55.958  1103  6927 I audioserver: setGameParameters keyvalue: xlog.volume.music.speaker=54
06-05 18:21:55.958   975  2575 D audio_hw_primary: adev_set_parameters: enter: xlog.volume.music.speaker=54
06-05 18:21:55.958   975  2575 V msm8974_platform: platform_set_parameters: enter: xlog.volume.music.speaker=54
06-05 18:21:55.958   975  2575 D audio_hw_hfp: hfp_set_parameters: enter
06-05 18:21:55.958   975  2575 D audio_hw_hfp: hfp_set_parameters: enter
06-05 18:21:55.958   975  2575 V a2dp_offload: end of a2dp setparam
06-05 18:21:55.958   975  2575 D audio_hw_cspl_cal: cirrus_cal_setparameters: enter 0xf3003600
06-05 18:21:55.958   975  2575 D audio_hw_extn: audio_extn_fm_set_parameters: Enter
06-05 18:21:55.958   975  2575 D audio_hw_hfp: hfp_set_parameters: enter
06-05 18:21:55.958   975  2575 V a2dp_offload: end of a2dp setparam
06-05 18:21:55.958   975  2575 D audio_hw_primary: adev_set_parameters: exit with code(0)
06-05 18:21:55.959  1103  6927 I audioserver: setGameParameters keyvalue: xlog.volume.music.speaker=54
06-05 18:21:55.959   975  2575 D audio_hw_primary: adev_set_parameters: enter: xlog.volume.music.speaker=54
06-05 18:21:55.959   975  2575 V msm8974_platform: platform_set_parameters: enter: xlog.volume.music.speaker=54
06-05 18:21:55.959   975  2575 D audio_hw_hfp: hfp_set_parameters: enter
06-05 18:21:55.959   975  2575 D audio_hw_hfp: hfp_set_parameters: enter
06-05 18:21:55.959   975  2575 V a2dp_offload: end of a2dp setparam
06-05 18:21:55.959   975  2575 D audio_hw_cspl_cal: cirrus_cal_setparameters: enter 0xf3003600
06-05 18:21:55.959   975  2575 D audio_hw_extn: audio_extn_fm_set_parameters: Enter
06-05 18:21:55.959   975  2575 D audio_hw_hfp: hfp_set_parameters: enter
06-05 18:21:55.959   975  2575 V a2dp_offload: end of a2dp setparam
06-05 18:21:55.959   975  2575 D audio_hw_primary: adev_set_parameters: exit with code(0)
06-05 18:21:56.366  7392  7703 I System.out: 2022-06-05 18:21:56 [RxComputationThreadPool-3] sdk.chat.firebase.adapter.FirebaseAuthenticationHandler.lambda$logout$12$sdk-chat-firebase-adapter-FirebaseAuthenticationHandler()
06-05 18:21:56.366  7392  7703 I System.out: INFO: Logout complete! name = monostitches, id = Ahg1oh6NgwQjsywQao8uB3dxbQx1
06-05 18:21:56.370  7392  7703 D FirebaseAuth: Notifying id token listeners about a sign-out event.
06-05 18:21:56.371  7392  7703 D FirebaseAuth: Notifying auth state listeners about a sign-out event.
06-05 18:21:56.389  4385  4385 D BoundBrokerSvc: onBind: Intent { act=com.google.android.gms.auth.api.credentials.service.START pkg=com.google.android.gms }
06-05 18:21:56.389  4385  4385 D BoundBrokerSvc: Loading bound service for intent: Intent { act=com.google.android.gms.auth.api.credentials.service.START pkg=com.google.android.gms }
06-05 18:21:56.463  7392  7703 I WebViewFactory: Loading com.google.android.webview version 101.0.4951.61 (code 495106134)
06-05 18:21:56.556  7392  7703 I cr_WVCFactoryProvider: Loaded version=101.0.4951.61 minSdkVersion=29 isBundle=true multiprocess=true packageId=2
06-05 18:21:56.600  7392  7703 I cr_LibraryLoader: Successfully loaded native library
06-05 18:21:56.602  7392  7703 I cr_CachingUmaRecorder: Flushed 8 samples from 8 histograms.
06-05 18:21:56.603  1850  2634 I MiuiNetworkPolicy: updateUidState uid = 10194, uidState = 10
06-05 18:21:56.629  1850  2634 I MiuiNetworkPolicy: updateUidState uid = 10194, uidState = 19
06-05 18:21:56.637  1850  2553 D MIUIInput: [MotionEvent] publisher action=0x1, 5104684, channel '1b9faa8 com.blizzard.wtcg.hearthstone/com.blizzard.wtcg.hearthstone.HearthstoneActivity (server)'
06-05 18:21:56.638  7392  7683 W SyncTree: Listen at /production/threads/-MoNoPRlV45a6tjbwY4Q/permissions failed: DatabaseError: This client does not have permission to perform this operation
06-05 18:21:56.640  7392  7683 W SyncTree: Listen at /production/threads/-MnqKe7PNgbk91uSkyWa/messages failed: DatabaseError: This client does not have permission to perform this operation
06-05 18:21:56.641  7392  7683 W SyncTree: Listen at /production/threads/-MnqKe7PNgbk91uSkyWa/users failed: DatabaseError: This client does not have permission to perform this operation
06-05 18:21:56.642  7392  7683 W SyncTree: Listen at /production/threads/-Mnf-HGfUbRuyNqW23yY/messages failed: DatabaseError: This client does not have permission to perform this operation
06-05 18:21:56.643  7392  7683 W SyncTree: Listen at /production/threads/-MoNoPRlV45a6tjbwY4Q/messages failed: DatabaseError: This client does not have permission to perform this operation
06-05 18:21:56.645  7392  7683 W SyncTree: Listen at /production/users/Ahg1oh6NgwQjsywQao8uB3dxbQx1/threads failed: DatabaseError: This client does not have permission to perform this operation
06-05 18:21:56.646  1850  2634 I MiuiNetworkPolicy: updateUidState uid = 10194, uidState = 10
06-05 18:21:56.647  7392  7683 W SyncTree: Listen at /production/threads/-Mnf-HGfUbRuyNqW23yY/permissions failed: DatabaseError: This client does not have permission to perform this operation
06-05 18:21:56.648  1850  2634 I MiuiNetworkPolicy: updateUidState uid = 10194, uidState = 19
06-05 18:21:56.649  7392  7683 W SyncTree: Listen at /production/threads/-MnqMfWkMACMfrc-EUPL/users failed: DatabaseError: This client does not have permission to perform this operation
06-05 18:21:56.649  7392  7683 W SyncTree: Listen at /production/threads/-MnqKe7PNgbk91uSkyWa/permissions failed: DatabaseError: This client does not have permission to perform this operation
06-05 18:21:56.650  7392  7683 W SyncTree: Listen at /production/threads/-Mnf-HGfUbRuyNqW23yY/users failed: DatabaseError: This client does not have permission to perform this operation
06-05 18:21:56.651  7392  7683 W SyncTree: Listen at /production/threads/-MnqMfWkMACMfrc-EUPL/messages failed: DatabaseError: This client does not have permission to perform this operation
06-05 18:21:56.651  7392  7704 I System.out: 2022-06-05 18:21:56 [RxComputationThreadPool-4] sdk.guru.realtime.RXRealtime.lambda$childOn$4$sdk-guru-realtime-RXRealtime()
06-05 18:21:56.651  7392  7704 I System.out: INFO: https://poetizer-449a8.firebaseio.com/production/threads/-Mnf-HGfUbRuyNqW23yY/users
06-05 18:21:56.652  7392  7683 W SyncTree: Listen at /production/threads/-MnqMfWkMACMfrc-EUPL/permissions failed: DatabaseError: This client does not have permission to perform this operation
06-05 18:21:56.653  7392  7683 W SyncTree: Listen at /production/threads/-MoNoPRlV45a6tjbwY4Q/users failed: DatabaseError: This client does not have permission to perform this operation
06-05 18:21:56.654  7392  7705 I System.out: 2022-06-05 18:21:56 [RxComputationThreadPool-5] sdk.guru.realtime.RXRealtime.lambda$childOn$4$sdk-guru-realtime-RXRealtime()
06-05 18:21:56.654  7392  7705 I System.out: INFO: https://poetizer-449a8.firebaseio.com/production/threads/-MoNoPRlV45a6tjbwY4Q/users
06-05 18:21:56.679  4385  4385 D BoundBrokerSvc: onBind: Intent { act=com.google.android.gms.auth.api.signin.service.START pkg=com.google.android.gms }
06-05 18:21:56.679  4385  4385 D BoundBrokerSvc: Loading bound service for intent: Intent { act=com.google.android.gms.auth.api.signin.service.START pkg=com.google.android.gms }
06-05 18:21:56.715  7392  7392 D FirebaseAuth: Notifying id token listeners about a sign-out event.
06-05 18:21:56.716  7392  7392 D FirebaseAuth: Notifying auth state listeners about a sign-out event.
06-05 18:21:56.720  7392  7450 W System  : Ignoring header X-Firebase-Locale because its value was null.
06-05 18:21:56.854  7392  7683 W SyncTree: Listen at /production/threads/-MnqKe7PNgbk91uSkyWa/messages failed: DatabaseError: Permission denied
06-05 18:21:56.897  7392  7683 W SyncTree: Listen at /production/threads/-Mnf-HGfUbRuyNqW23yY/messages failed: DatabaseError: Permission denied
06-05 18:21:56.899  7392  7683 W SyncTree: Listen at /production/threads/-MoNoPRlV45a6tjbwY4Q/messages failed: DatabaseError: Permission denied
06-05 18:21:56.901  7392  7683 W SyncTree: Listen at /production/threads/-MnqMfWkMACMfrc-EUPL/messages failed: DatabaseError: Permission denied
06-05 18:21:56.972  1850  2553 D MIUIInput: [MotionEvent] publisher action=0x4, 5105019, channel '613871d com.miui.securitycenter (server)'
06-05 18:21:56.972  1850  2553 D MIUIInput: [MotionEvent] publisher action=0x4, 5105019, channel 'ef6ede1 com.miui.securitycenter (server)'
06-05 18:21:56.972  1850  2553 D MIUIInput: [MotionEvent] publisher action=0x0, 5105019, channel '1b9faa8 com.blizzard.wtcg.hearthstone/com.blizzard.wtcg.hearthstone.HearthstoneActivity (server)'
06-05 18:21:56.974  7693  7693 I GameBoxTouchListener: onTouch: 	mAdded=false	isLeftShowfalse
06-05 18:21:56.974  7693  7693 I GameBoxTouchListener: onTouch: 	mAdded=false	isLeftShowtrue
06-05 18:21:56.971  7276  7276 W AppMonitor:2: type=1400 audit(0.0:5643): avc: denied { read } for name="u:object_r:serialno_prop:s0" dev="tmpfs" ino=11983 scontext=u:r:untrusted_app:s0:c13,c257,c512,c768 tcontext=u:object_r:serialno_prop:s0 tclass=file permissive=0 app=com.lazada.android
06-05 18:21:56.979  7276  7276 W AppMonitor:2: type=1400 audit(0.0:5644): avc: denied { read } for name="u:object_r:wifi_hal_prop:s0" dev="tmpfs" ino=12162 scontext=u:r:untrusted_app:s0:c13,c257,c512,c768 tcontext=u:object_r:wifi_hal_prop:s0 tclass=file permissive=0 app=com.lazada.android
06-05 18:21:56.983  7276  7633 W libc    : Access denied finding property "wifi.interface"
06-05 18:21:57.163  1850  2634 I MiuiNetworkPolicy: updateUidState uid = 10291, uidState = 11
06-05 18:21:57.190  1850  2634 I MiuiNetworkPolicy: updateUidState uid = 10291, uidState = 19
06-05 18:21:57.203  2999  3847 W TelephonyPermissions: reportAccessDeniedToReadIdentifiers:com.lazada.android:getSubscriberIdForSubscriber:1
06-05 18:21:57.205  7392  7450 W System  : Ignoring header X-Firebase-Locale because its value was null.
06-05 18:21:57.210  1850  2634 D MiuiNetworkPolicy: updateLimit mLimitEnabled=false,enabled=true,mNetworkPriorityMode=2
06-05 18:21:57.759  1850  2553 D MIUIInput: [MotionEvent] publisher action=0x1, 5105806, channel '1b9faa8 com.blizzard.wtcg.hearthstone/com.blizzard.wtcg.hearthstone.HearthstoneActivity (server)'
06-05 18:21:58.254  2999  3462 D MI_RIL_OEM_HOOK: onPkHookCommonMsg, msg_id = 65
06-05 18:21:58.254  2999  3462 D MI_RIL_OEM_HOOK: onGetHookMsgBytes, HOOK_HEAD_SIZE = 16, msg_len = 4
06-05 18:21:58.254  2999  3462 D MI_RIL_OEM_HOOK: onHookSendSync, phoneId = 0
06-05 18:21:58.255  2930  2930 D QcrilMsgTunnelIfaceManager: handleMessage what = 1
06-05 18:21:58.255  2930  2930 I QcrilOemhookMsgTunnel: [0]invokeOemRilRequestRaw: serial=2040 length=36
06-05 18:21:58.295  1793  2006 D XIAOMI_QCRIL: RIL[lib][xiaomi_extend_nvefs.c:52] xiaomi_qmi_result_map: xiaomi_qmi_result_map, old_result 0, new_result 0
06-05 18:21:58.295  2930  3267 I QcrilOemhookMsgTunnel: [0]processOemHookResponse serial no: 2040 error: 0length=16
06-05 18:21:58.296  2930  2930 D QcrilMsgTunnelIfaceManager: handleMessage what = 2
06-05 18:21:58.296  2999  3462 D QC_RIL_OEM_HOOK: sendOemRilRequestRaw returns value = 16
06-05 18:21:58.297  2999  3462 D ModemSarController_8250: type = 65, len = 4, value = 0
06-05 18:21:58.324  1850  2553 D MIUIInput: [MotionEvent] publisher action=0x4, 5106371, channel '613871d com.miui.securitycenter (server)'
06-05 18:21:58.325  1850  2553 D MIUIInput: [MotionEvent] publisher action=0x4, 5106371, channel 'ef6ede1 com.miui.securitycenter (server)'
06-05 18:21:58.325  1850  2553 D MIUIInput: [MotionEvent] publisher action=0x0, 5106371, channel '1b9faa8 com.blizzard.wtcg.hearthstone/com.blizzard.wtcg.hearthstone.HearthstoneActivity (server)'
06-05 18:21:58.325  7693  7693 I GameBoxTouchListener: onTouch: 	mAdded=false	isLeftShowfalse
06-05 18:21:58.325  7693  7693 I GameBoxTouchListener: onTouch: 	mAdded=false	isLeftShowtrue
06-05 18:21:59.656  1850  2553 D MIUIInput: [MotionEvent] publisher action=0x1, 5107703, channel '1b9faa8 com.blizzard.wtcg.hearthstone/com.blizzard.wtcg.hearthstone.HearthstoneActivity (server)'
06-05 18:22:00.003  3019  3019 D KeyguardUpdateMonitor: received broadcast android.intent.action.TIME_TICK
06-05 18:22:00.007  3019  3019 D KeyguardUpdateMonitor: handleTimeUpdate
06-05 18:22:01.244  1850  2553 D MIUIInput: [MotionEvent] publisher action=0x4, 5109291, channel '613871d com.miui.securitycenter (server)'
06-05 18:22:01.245  1850  2553 D MIUIInput: [MotionEvent] publisher action=0x4, 5109291, channel 'ef6ede1 com.miui.securitycenter (server)'
06-05 18:22:01.245  1850  2553 D MIUIInput: [MotionEvent] publisher action=0x0, 5109291, channel '1b9faa8 com.blizzard.wtcg.hearthstone/com.blizzard.wtcg.hearthstone.HearthstoneActivity (server)'
06-05 18:22:01.245  7693  7693 I GameBoxTouchListener: onTouch: 	mAdded=false	isLeftShowfalse
06-05 18:22:01.245  7693  7693 I GameBoxTouchListener: onTouch: 	mAdded=false	isLeftShowtrue
06-05 18:22:01.554  1850  2634 I MiuiNetworkPolicy: updateUidState uid = 10269, uidState = 10
06-05 18:22:02.195  1850  2634 I MiuiNetworkPolicy: updateUidState uid = 10375, uidState = 10
06-05 18:22:02.719  7276  7276 W NativeThread: type=1400 audit(0.0:5645): avc: denied { read } for name="unix" dev="proc" ino=4026532291 scontext=u:r:untrusted_app:s0:c13,c257,c512,c768 tcontext=u:object_r:proc_net:s0 tclass=file permissive=0 app=com.lazada.android
06-05 18:22:02.815  7276  7276 W NativeThread: type=1400 audit(0.0:5646): avc: denied { read } for name="unix" dev="proc" ino=4026532291 scontext=u:r:untrusted_app:s0:c13,c257,c512,c768 tcontext=u:object_r:proc_net:s0 tclass=file permissive=0 app=com.lazada.android
06-05 18:22:02.903  7276  7276 W NativeThread: type=1400 audit(0.0:5647): avc: denied { read } for name="unix" dev="proc" ino=4026532291 scontext=u:r:untrusted_app:s0:c13,c257,c512,c768 tcontext=u:object_r:proc_net:s0 tclass=file permissive=0 app=com.lazada.android
06-05 18:22:02.911   991   991 I WVCdm   : [app][com.lazada.android:channel] calling virtual Return<void> wvdrm::hardware::drm::V1_3::widevine::WVDrmFactory::createPlugin(const hidl_array<uint8_t, 16> &, const android::hardware::hidl_string &, android::hardware::drm::V1_3::IDrmFactory::createPlugin_cb)
06-05 18:22:02.911   991   991 D WVCdm   : Instantiating CDM.
06-05 18:22:02.912   991   991 I WVCdm   : [cdm_engine.cpp(563):QueryStatus] Querying status
06-05 18:22:02.913   991   991 I WVCdm   : [oemcrypto_adapter_dynamic.cpp(781):Initialize] Level 3 Build Info (v16): OEMCrypto Level3 Code 22590 May 28 2021 19:37:25
06-05 18:22:02.913   991  7776 I WVCdm   : [(0):] Level3 Library 22590 May 28 2021 19:37:25
06-05 18:22:02.918   991   991 I WVCdm   : [oemcrypto_adapter_dynamic.cpp(795):Initialize] L3 Initialized. Trying L1.
06-05 18:22:02.918   991   991 I QCOM-OEMCrypto: OEMCrypto_Initialize
06-05 18:22:02.918   991   991 D QSEECOMAPI: QSEECom_get_handle sb_length = 0x64000
06-05 18:22:02.918   991   991 D QSEECOMAPI: App is not loaded in QSEE
06-05 18:22:02.918   991   991 E QSEECOMAPI: Error::Cannot open the file /vendor/firmware_mnt/image/widevine.mdt errno = 2
06-05 18:22:02.918   991   991 E QSEECOMAPI: Error::Loading image failed with ret = -1
06-05 18:22:02.922   991   991 D QSEECOMAPI: QSEECom_get_handle sb_length = 0x64000
06-05 18:22:02.922   991   991 D QSEECOMAPI: App is not loaded in QSEE
06-05 18:22:02.950   991   991 D QSEECOMAPI: Loaded image: APP id = 118
06-05 18:22:02.954   991   991 I QCOM-OEMCrypto: ---------------Widevine OEMCrypto configuration-----------------
06-05 18:22:02.954   991   991 I QCOM-OEMCrypto: TA-HLOS interface                    :   QSEECOM
06-05 18:22:02.954   991   991 I QCOM-OEMCrypto: Crypto Engine SMMU Virtual Address   :   Yes
06-05 18:22:02.954   991   991 I QCOM-OEMCrypto: Measure elapsed time                 :   No
06-05 18:22:02.954   991   991 I QCOM-OEMCrypto: Inplace decryption for clear buffer  :   Yes
06-05 18:22:02.954   991   991 I QCOM-OEMCrypto: Frame Assembly                       :   Yes
06-05 18:22:02.954   991   991 I QCOM-OEMCrypto: Scratch buffer size                  :   4194304
06-05 18:22:02.954   991   991 I QCOM-OEMCrypto: Decrypt hash tests                   :   No
06-05 18:22:02.954   991   991 I QCOM-OEMCrypto: Secure buffer tests                  :   No
06-05 18:22:02.954   991   991 I QCOM-OEMCrypto: ----------------------------------------------------------------
06-05 18:22:02.956   609   647 D DrmLibTime: got the req here! ret=0
06-05 18:22:02.956   609   647 D DrmLibTime: command id, time_cmd_id = 770
06-05 18:22:02.956   609   647 D DrmLibTime: time_getutcsec starts!
06-05 18:22:02.956   609   647 D DrmLibTime: QSEE Time Listener: time_getutcsec
06-05 18:22:02.956   609   647 D DrmLibTime: QSEE Time Listener: get_utc_seconds
06-05 18:22:02.956   609   647 D DrmLibTime: QSEE Time Listener: time_get_modem_time
06-05 18:22:02.956   609   647 D DrmLibTime: QSEE Time Listener: Checking if ATS_MODEM is set or not.
06-05 18:22:02.956   609   647 D QC-time-services: Lib:time_genoff_operation: pargs->base = 13
06-05 18:22:02.956   609   647 D QC-time-services: Lib:time_genoff_operation: pargs->operation = 2
06-05 18:22:02.956   609   647 D QC-time-services: Lib:time_genoff_operation: pargs->ts_val = 0
06-05 18:22:02.956   609   647 D QC-time-services: Lib:time_genoff_operation: Send to server  passed!!
06-05 18:22:02.956   850  1167 D QC-time-services: Daemon: Connection accepted:time_genoff
06-05 18:22:02.957   850  7777 D QC-time-services: Daemon:Received base = 13, unit = 1, operation = 2,value = 0
06-05 18:22:02.957   850  7777 D QC-time-services: Daemon:genoff_opr: Base = 13, val = 0, operation = 2
06-05 18:22:02.957   850  7777 D QC-time-services: offset is: 1 for base: 13
06-05 18:22:02.957   609   647 E QC-time-services: Receive Passed == base = 13, unit = 1, operation = 2, result = 0
06-05 18:22:02.957   609   647 D DrmLibTime: QSEE Time Listener: ATS_MODEM is set. Try to retrieve it.
06-05 18:22:02.957   850  1167 E QC-time-services: Daemon: Time-services: Waiting to acceptconnection
06-05 18:22:02.957   850  1167 D QC-time-services: Daemon: Connection accepted:time_genoff
06-05 18:22:02.959   850  7778 D QC-time-services: Daemon:Received base = 13, unit = 1, operation = 1,value = 0
06-05 18:22:02.959   850  7778 D QC-time-services: Daemon:genoff_opr: Base = 13, val = 0, operation = 1
06-05 18:22:02.959   850  7778 D QC-time-services: Daemon: genoff get for 13
06-05 18:22:02.959   850  7778 D QC-time-services: Daemon:Value read from QTimer mseconds = 9309148
06-05 18:22:02.959   850  7778 D QC-time-services: Daemon:Value read from RTC mseconds on boot = 28120974000
06-05 18:22:02.959   850  7778 D QC-time-services: Daemon:Value read from QTimer mseconds = 9309148
06-05 18:22:02.959   850  7778 D QC-time-services: Daemon:Value read from generic offset = 1626294251302
06-05 18:22:02.959   850  7778 D QC-time-services: Daemon:Delta read on boot mseconds = 28120961683
06-05 18:22:02.959   850  7778 D QC-time-services: Daemon:Final Time = 1654424522133
06-05 18:22:02.959   609   647 D DrmLibTime: QSEE Time Listener: Time GenOff - seconds: 1654424522
06-05 18:22:02.959   609   647 D DrmLibTime: time_getutcsec returns 0, sec = 1654424522; nsec = 0
06-05 18:22:02.959   609   647 D DrmLibTime: time_getutcsec finished!
06-05 18:22:02.959   609   647 D DrmLibTime: iotcl_continue_command finished! and return 0
06-05 18:22:02.959   609   647 D DrmLibTime: before calling ioctl to read the next time_cmd
06-05 18:22:02.960   850  1167 E QC-time-services: Daemon: Time-services: Waiting to acceptconnection
06-05 18:22:03.015   991   991 I QCOM-OEMCrypto: Allocated all scratch buffers
06-05 18:22:03.015   991   991 I QCOM-OEMCrypto: LibOEMCrypto version 1.30
06-05 18:22:03.015   991   991 I QCOM-OEMCrypto: TA   version 1.89
06-05 18:22:03.015   991   991 I QCOM-OEMCrypto: Api  version 16.3
06-05 18:22:03.015   991   991 W WVCdm   : [oemcrypto_adapter_dynamic.cpp(994):LoadLevel1] Could not load L1 _oecc113.
06-05 18:22:03.015   991   991 W WVCdm   : [oemcrypto_adapter_dynamic.cpp(995):LoadLevel1] Could not load L1 _oecc114.
06-05 18:22:03.015   991   991 D WVCdm   : [oemcrypto_adapter_dynamic.cpp(814):Initialize] OEMCrypto_Initialize Level 1 success. I will use level 1.
06-05 18:22:03.015   991   991 I WVCdm   : [oemcrypto_adapter_dynamic.cpp(817):Initialize] Level 1 Build Info (v16): Build Information: API_Version: 16.3 LibOEMCrypto_Version: 1.30 TA_Version: 1.89
06-05 18:22:03.017   991   991 D WVCdm   : [crypto_session.cpp(334):Init] OEMCrypto version (default security level): 16.3
06-05 18:22:03.017   991   991 D WVCdm   : [crypto_session.cpp(343):Init] OEMCrypto version (L3 security level): 16.3
06-05 18:22:03.017   991   991 D WVCdm   : [crypto_session.cpp(763):Open] Opening crypto session: requested_security_level = Default
06-05 18:22:03.018   991   991 I QCOM-OEMCrypto: Open session: 1000
06-05 18:22:03.020   991   991 I WVCdm   : [usage_table_header.cpp(159):Init] Initializing usage table header: security_level = 1
06-05 18:22:03.020   991   991 D WVCdm   : [usage_table_header.cpp(188):Init] Usage table capacity is unlimited: security_level = 1
06-05 18:22:03.021   991   991 I WVCdm   : [usage_table_header.cpp(212):Init] Number of usage entries: 0
06-05 18:22:03.060   991   991 I QCOM-OEMCrypto: Closed session: 1000
06-05 18:22:03.061   991   991 E WVCdm   : [wv_content_decryption_module.cpp(389):GetMetrics] Cdm Identifier not found
06-05 18:22:03.062   991   991 E WVCdm   : [wv_content_decryption_module.cpp(449):CloseCdm] Cdm Identifier not found
06-05 18:22:03.062   991   991 E WVCdm   : Failed to close cdm. status 12
06-05 18:22:03.063   991   991 I WVCdm   : [(0):] L3 Terminate.
06-05 18:22:03.063   991   991 I QCOM-OEMCrypto: OEMCrypto_Terminate
06-05 18:22:03.059  7276  7276 W NativeThread: type=1400 audit(0.0:5648): avc: denied { read } for name="version" dev="proc" ino=4026532263 scontext=u:r:untrusted_app:s0:c13,c257,c512,c768 tcontext=u:object_r:proc_version:s0 tclass=file permissive=0 app=com.lazada.android
06-05 18:22:03.066   991   991 I QCOM-OEMCrypto: Freed all scratch buffers
06-05 18:22:03.066   991   991 D QSEECOMAPI: QSEECom_dealloc_memory
06-05 18:22:03.067   991   991 D QSEECOMAPI: QSEECom_shutdown_app, app_id = 118
06-05 18:22:03.067  7276  7276 W NativeThread: type=1400 audit(0.0:5649): avc: denied { ioctl } for path="socket:[672185]" dev="sockfs" ino=672185 ioctlcmd=0x8927 scontext=u:r:untrusted_app:s0:c13,c257,c512,c768 tcontext=u:r:untrusted_app:s0:c13,c257,c512,c768 tclass=udp_socket permissive=0 app=com.lazada.android
06-05 18:22:03.067  7276  7276 W NativeThread: type=1400 audit(0.0:5650): avc: denied { ioctl } for path="socket:[672185]" dev="sockfs" ino=672185 ioctlcmd=0x8927 scontext=u:r:untrusted_app:s0:c13,c257,c512,c768 tcontext=u:r:untrusted_app:s0:c13,c257,c512,c768 tclass=udp_socket permissive=0 app=com.lazada.android
06-05 18:22:03.067  7276  7276 W NativeThread: type=1400 audit(0.0:5651): avc: denied { ioctl } for path="socket:[672185]" dev="sockfs" ino=672185 ioctlcmd=0x8927 scontext=u:r:untrusted_app:s0:c13,c257,c512,c768 tcontext=u:r:untrusted_app:s0:c13,c257,c512,c768 tclass=udp_socket permissive=0 app=com.lazada.android
06-05 18:22:03.067  7276  7276 W NativeThread: type=1400 audit(0.0:5652): avc: denied { ioctl } for path="socket:[672185]" dev="sockfs" ino=672185 ioctlcmd=0x8927 scontext=u:r:untrusted_app:s0:c13,c257,c512,c768 tcontext=u:r:untrusted_app:s0:c13,c257,c512,c768 tclass=udp_socket permissive=0 app=com.lazada.android
06-05 18:22:03.067  7276  7276 W NativeThread: type=1400 audit(0.0:5653): avc: denied { ioctl } for path="socket:[672185]" dev="sockfs" ino=672185 ioctlcmd=0x8927 scontext=u:r:untrusted_app:s0:c13,c257,c512,c768 tcontext=u:r:untrusted_app:s0:c13,c257,c512,c768 tclass=udp_socket permissive=0 app=com.lazada.android
06-05 18:22:03.079  7276  7667 W libc    : Access denied finding property "ro.serialno"
06-05 18:22:03.125  1850  2553 D MIUIInput: [MotionEvent] publisher action=0x1, 5111172, channel '1b9faa8 com.blizzard.wtcg.hearthstone/com.blizzard.wtcg.hearthstone.HearthstoneActivity (server)'
06-05 18:22:03.133  7276  7667 D IdProviderImpl: getOAID
06-05 18:22:03.175   859   859 D Zygote  : Forked child process 7784
06-05 18:22:03.190  7276  7780 I android:channe: Waiting for a blocking GC ClassLinker
06-05 18:22:03.193  7784  7784 E .lazada.androi: Not starting debugger since process cannot load the jdwp agent.
06-05 18:22:03.194  7784  7784 D ProcessState: Binder ioctl to enable oneway spam detection failed: Invalid argument
06-05 18:22:03.209  7784  7784 D CompatibilityChangeReporter: Compat change id reported: 171979766; UID 10269; state: DISABLED
06-05 18:22:03.209  5193  5217 W MQSService: CallerName:com.lazada.android,calling Uid:10269
06-05 18:22:03.210  5193  5217 D MQSService: registerApplicationScoutThread pid = 7784, packageName = com.lazada.android
06-05 18:22:03.266  7276  7780 I android:channe: WaitForGcToComplete blocked ClassLinker on Background for 76.050ms
06-05 18:22:03.282  7784  7784 W .lazada.androi: Entry not found
06-05 18:22:03.283  7784  7784 W .lazada.androi: Entry not found
06-05 18:22:03.286  7784  7784 W .lazada.androi: Entry not found
06-05 18:22:03.286  7784  7784 W .lazada.androi: Entry not found
06-05 18:22:03.288  7784  7784 W .lazada.androi: Entry not found
06-05 18:22:03.289  7784  7784 W .lazada.androi: Entry not found
06-05 18:22:03.296  7784  7784 W .lazada.androi: JIT profile information will not be recorded: profile file does not exist.
06-05 18:22:03.297  7784  7784 W .lazada.androi: JIT profile information will not be recorded: profile file does not exist.
06-05 18:22:03.297  2999  3462 D MI_RIL_OEM_HOOK: onPkHookCommonMsg, msg_id = 65
06-05 18:22:03.297  2999  3462 D MI_RIL_OEM_HOOK: onGetHookMsgBytes, HOOK_HEAD_SIZE = 16, msg_len = 4
06-05 18:22:03.297  7784  7784 W .lazada.androi: JIT profile information will not be recorded: profile file does not exist.
06-05 18:22:03.297  2999  3462 D MI_RIL_OEM_HOOK: onHookSendSync, phoneId = 0
06-05 18:22:03.297  7784  7784 W .lazada.androi: JIT profile information will not be recorded: profile file does not exist.
06-05 18:22:03.297  7784  7784 W .lazada.androi: JIT profile information will not be recorded: profile file does not exist.
06-05 18:22:03.297  7784  7784 W .lazada.androi: JIT profile information will not be recorded: profile file does not exist.
06-05 18:22:03.298  2930  2930 D QcrilMsgTunnelIfaceManager: handleMessage what = 1
06-05 18:22:03.298  2930  2930 I QcrilOemhookMsgTunnel: [0]invokeOemRilRequestRaw: serial=2041 length=36
06-05 18:22:03.307  7784  7784 V GraphicsEnvironment: ANGLE Developer option for 'com.lazada.android' set to: 'default'
06-05 18:22:03.307  7784  7784 V GraphicsEnvironment: Updatable production driver is not supported on the device.
06-05 18:22:03.312  7276  7781 W android:channe: Long monitor contention with owner MTOPSDK DefaultPool Thread:0 (7780) at void mtopsdk.mtop.intf.Mtop$1.run()(:-1) waiters=0 in boolean mtopsdk.mtop.intf.Mtop.checkMtopSDKInit() for 149ms
06-05 18:22:03.315  7784  7784 D OpenGLRenderer: JNI_OnLoad success
06-05 18:22:03.315  7784  7784 I MiuiForceDarkConfig: setConfig density:2.750000, mainRule:0, secondaryRule:0, tertiaryRule:0
06-05 18:22:03.317  7784  7784 I LoadedApk: No resource references to update in package com.lazada.android.lazandroid_uc_dynamic
06-05 18:22:03.318  7784  7784 I LoadedApk: No resource references to update in package com.lazada.android.lazandroid_live_rts
06-05 18:22:03.318  7784  7784 D NetworkSecurityConfig: Using Network Security Config from resource network_security_config debugBuild: false
06-05 18:22:03.319  7784  7784 D NetworkSecurityConfig: Using Network Security Config from resource network_security_config debugBuild: false
06-05 18:22:03.336  1793  2006 D XIAOMI_QCRIL: RIL[lib][xiaomi_extend_nvefs.c:52] xiaomi_qmi_result_map: xiaomi_qmi_result_map, old_result 0, new_result 0
06-05 18:22:03.337  2930  3267 I QcrilOemhookMsgTunnel: [0]processOemHookResponse serial no: 2041 error: 0length=16
06-05 18:22:03.337  2930  2930 D QcrilMsgTunnelIfaceManager: handleMessage what = 2
06-05 18:22:03.337  2999  3462 D QC_RIL_OEM_HOOK: sendOemRilRequestRaw returns value = 16
06-05 18:22:03.337  2999  3462 D ModemSarController_8250: type = 65, len = 4, value = 0
06-05 18:22:03.363  7784  7784 I crashsdk: LibcMalloc detail: disabled.
06-05 18:22:03.374  7552  7931 D ThermalIECHandler: storeDataStyle: thermal_iec_monitor_persistence_data_style_iec_state; startIECTime: -1; IECScreenOffOverPeriodTime: -1
06-05 18:22:03.375  6316  6316 I BatteryInfoReceiver: ACTION_BATTERY_CHANGED
06-05 18:22:03.376  2999  2999 D DynamicService:  ACTION_BATTERY_CHANGED change,USB plug = 2
06-05 18:22:03.376  7552  7857 D PowerCheckerService: onBatteryChanged, mBatteryLevel = 56, status = 2, level = 56, plug = 2, scale = 100
06-05 18:22:03.377  7552  7645 D PowerKeeper.Thermal: mBatteryTemperature: 42
06-05 18:22:03.377  2992  2992 V DeviceStatisticsService: chargerType=2 batteryLevel=56 totalBatteryCapacity=4253000
06-05 18:22:03.377  2992  2992 D DeviceInfoHidlClient: isRadioOn()=true
06-05 18:22:03.377  2992  2992 I DeviceInfoHidlClient: isPowerInfoNeverSent=false batteryLevel=56 batteryLevelIndex=2 chargingMode=2 totalCapacity=4253000 powerSaveMode=false
06-05 18:22:03.396  7784  7784 E Switch  : qwh = true,fb = true,sp = 3
06-05 18:22:03.396  7784  7784 E setPendingWorkFinishers: high version
06-05 18:22:03.398  7784  7784 E com.facebook.FacebookSdk: enable = true
06-05 18:22:03.405  7784  7784 W HMSSDK_PushPreferences: get new sharedPreferences failed,start to get from context.
06-05 18:22:03.426  7784  7842 E HMSSDK_HMSPackageManager: Failed to find HMS apk
06-05 18:22:03.455  7784  7866 E ReceiveMgr: isOpen =true
06-05 18:22:03.483  5121 21209 E MediaProvider: Creating a non-default top level directory or deleting an existing one is not allowed!
06-05 18:22:03.485  5121  5479 E MediaProvider: Creating a non-default top level directory or deleting an existing one is not allowed!
06-05 18:22:03.496  5121  5479 E MediaProvider: Creating a non-default top level directory or deleting an existing one is not allowed!
06-05 18:22:03.499  5121 21209 E MediaProvider: Creating a non-default top level directory or deleting an existing one is not allowed!
06-05 18:22:03.500  1850  2724 D ConnectivityService: requestNetwork for uid/pid:10269/7784 activeRequest: null callbackRequest: 387 [NetworkRequest [ REQUEST id=388, [ Capabilities: INTERNET&NOT_RESTRICTED&TRUSTED&NOT_VCN_MANAGED Uid: 10269 RequestorUid: 10269 RequestorPkg: com.lazada.android UnderlyingNetworks: Null] ]] callback flags: 0 order: 2147483647
06-05 18:22:03.501  1850  2648 D ConnectivityService: NetReassign [388 : null â†’ 101]
06-05 18:22:03.504  5121  5479 E MediaProvider: Creating a non-default top level directory or deleting an existing one is not allowed!
06-05 18:22:03.507  1850  2636 D WifiNetworkFactory: got request NetworkRequest [ REQUEST id=388, [ Capabilities: INTERNET&NOT_RESTRICTED&TRUSTED&NOT_VCN_MANAGED Uid: 10269 RequestorUid: 10269 RequestorPkg: com.lazada.android UnderlyingNetworks: Null] ]
06-05 18:22:03.508  1850  2636 D UntrustedWifiNetworkFactory: got request NetworkRequest [ REQUEST id=388, [ Capabilities: INTERNET&NOT_RESTRICTED&TRUSTED&NOT_VCN_MANAGED Uid: 10269 RequestorUid: 10269 RequestorPkg: com.lazada.android UnderlyingNetworks: Null] ]
06-05 18:22:03.516  1850  2636 D OemPaidWifiNetworkFactory: got request NetworkRequest [ REQUEST id=388, [ Capabilities: INTERNET&NOT_RESTRICTED&TRUSTED&NOT_VCN_MANAGED Uid: 10269 RequestorUid: 10269 RequestorPkg: com.lazada.android UnderlyingNetworks: Null] ]
06-05 18:22:03.657  7784  7861 I PexodeJNI: registered PexodeOptions methods, count=1
06-05 18:22:03.657  7784  7861 I PexodeJNI: registered WebPFactory methods, count=17
06-05 18:22:03.676  7784  7843 W .lazada.androi: Class com.alibaba.one.android.inner.BroadcastReceiverJniBridge failed lock verification and will run slower.
06-05 18:22:03.676  7784  7843 W .lazada.androi: Common causes for lock verification issues are non-optimized dex code
06-05 18:22:03.676  7784  7843 W .lazada.androi: and incorrect proguard optimizations.
06-05 18:22:03.708  1850  2724 W ServiceManager: Permission failure: android.permission.HIGH_SAMPLING_RATE_SENSORS from uid=10269 pid=7784
06-05 18:22:03.728  7784  7805 I WebViewFactory: Loading com.google.android.webview version 101.0.4951.61 (code 495106134)
06-05 18:22:03.861  7784  7805 I cr_WVCFactoryProvider: Loaded version=101.0.4951.61 minSdkVersion=29 isBundle=true multiprocess=true packageId=2
06-05 18:22:03.935  7784  7866 W .lazada.androi: Long monitor contention with owner Binder:7784_3 (7805) at android.content.pm.PackageInfo android.webkit.WebViewFactory.getLoadedPackageInfo()(WebViewFactory.java:262) waiters=0 in android.webkit.WebViewFactoryProvider android.webkit.WebViewFactory.getProvider() for 259ms
06-05 18:22:03.973  1850  2634 I MiuiNetworkPolicy: updateUidState uid = 10194, uidState = 10
06-05 18:22:03.986  1850  2634 I MiuiNetworkPolicy: updateUidState uid = 10194, uidState = 19
06-05 18:22:03.991  1850  2634 I MiuiNetworkPolicy: updateUidState uid = 10194, uidState = 10
06-05 18:22:03.994  7784  7805 I cr_LibraryLoader: Successfully loaded native library
06-05 18:22:04.000  7784  7805 I cr_CachingUmaRecorder: Flushed 8 samples from 8 histograms.
06-05 18:22:04.007  7784  7978 D hw-ProcessState: Binder ioctl to enable oneway spam detection failed: Invalid argument
06-05 18:22:04.007  7784  7993 W .lazada.androi: Long monitor contention with owner Binder:7784_3 (7805) at void anetwork.channel.aidl.NetworkService.a()(:-1) waiters=0 in void anetwork.channel.aidl.NetworkService.a() for 399ms
06-05 18:22:04.037  7784  7978 I DrmHal  : found instance=clearkey version=android.hardware.drm@1.3::IDrmFactory
06-05 18:22:04.037  7784  7978 I DrmHal  : found instance=widevine version=android.hardware.drm@1.3::IDrmFactory
06-05 18:22:04.037   991   991 I WVCdm   : [app][com.lazada.android] calling virtual Return<void> wvdrm::hardware::drm::V1_3::widevine::WVDrmFactory::createPlugin(const hidl_array<uint8_t, 16> &, const android::hardware::hidl_string &, android::hardware::drm::V1_3::IDrmFactory::createPlugin_cb)
06-05 18:22:04.037   991   991 D WVCdm   : Instantiating CDM.
06-05 18:22:04.038  1850  2634 I MiuiNetworkPolicy: updateUidState uid = 10194, uidState = 19
06-05 18:22:04.039   991   991 I WVCdm   : [cdm_engine.cpp(563):QueryStatus] Querying status
06-05 18:22:04.039   991   991 I WVCdm   : [oemcrypto_adapter_dynamic.cpp(781):Initialize] Level 3 Build Info (v16): OEMCrypto Level3 Code 22590 May 28 2021 19:37:25
06-05 18:22:04.039   991  8043 I WVCdm   : [(0):] Level3 Library 22590 May 28 2021 19:37:25
06-05 18:22:04.041   991   991 I WVCdm   : [oemcrypto_adapter_dynamic.cpp(795):Initialize] L3 Initialized. Trying L1.
06-05 18:22:04.041   991   991 I QCOM-OEMCrypto: OEMCrypto_Initialize
06-05 18:22:04.041   991   991 D QSEECOMAPI: QSEECom_get_handle sb_length = 0x64000
06-05 18:22:04.041   991   991 D QSEECOMAPI: App is not loaded in QSEE
06-05 18:22:04.041   991   991 E QSEECOMAPI: Error::Cannot open the file /vendor/firmware_mnt/image/widevine.mdt errno = 2
06-05 18:22:04.041   991   991 E QSEECOMAPI: Error::Loading image failed with ret = -1
06-05 18:22:04.043   991   991 D QSEECOMAPI: QSEECom_get_handle sb_length = 0x64000
06-05 18:22:04.043   991   991 D QSEECOMAPI: App is not loaded in QSEE
06-05 18:22:04.062   991   991 D QSEECOMAPI: Loaded image: APP id = 119
06-05 18:22:04.068   991   991 I QCOM-OEMCrypto: ---------------Widevine OEMCrypto configuration-----------------
06-05 18:22:04.068   991   991 I QCOM-OEMCrypto: TA-HLOS interface                    :   QSEECOM
06-05 18:22:04.068   991   991 I QCOM-OEMCrypto: Crypto Engine SMMU Virtual Address   :   Yes
06-05 18:22:04.068   991   991 I QCOM-OEMCrypto: Measure elapsed time                 :   No
06-05 18:22:04.068   991   991 I QCOM-OEMCrypto: Inplace decryption for clear buffer  :   Yes
06-05 18:22:04.068   991   991 I QCOM-OEMCrypto: Frame Assembly                       :   Yes
06-05 18:22:04.068   991   991 I QCOM-OEMCrypto: Scratch buffer size                  :   4194304
06-05 18:22:04.068   991   991 I QCOM-OEMCrypto: Decrypt hash tests                   :   No
06-05 18:22:04.068   991   991 I QCOM-OEMCrypto: Secure buffer tests                  :   No
06-05 18:22:04.068   991   991 I QCOM-OEMCrypto: ----------------------------------------------------------------
06-05 18:22:04.070   609   647 D DrmLibTime: got the req here! ret=0
06-05 18:22:04.070   609   647 D DrmLibTime: command id, time_cmd_id = 770
06-05 18:22:04.070   609   647 D DrmLibTime: time_getutcsec starts!
06-05 18:22:04.070   609   647 D DrmLibTime: QSEE Time Listener: time_getutcsec
06-05 18:22:04.070   609   647 D DrmLibTime: QSEE Time Listener: get_utc_seconds
06-05 18:22:04.070   609   647 D DrmLibTime: QSEE Time Listener: time_get_modem_time
06-05 18:22:04.070   609   647 D DrmLibTime: QSEE Time Listener: Checking if ATS_MODEM is set or not.
06-05 18:22:04.070   609   647 D QC-time-services: Lib:time_genoff_operation: pargs->base = 13
06-05 18:22:04.070   609   647 D QC-time-services: Lib:time_genoff_operation: pargs->operation = 2
06-05 18:22:04.070   609   647 D QC-time-services: Lib:time_genoff_operation: pargs->ts_val = 0
06-05 18:22:04.071   609   647 D QC-time-services: Lib:time_genoff_operation: Send to server  passed!!
06-05 18:22:04.071   850  1167 D QC-time-services: Daemon: Connection accepted:time_genoff
06-05 18:22:04.077   850  8047 D QC-time-services: Daemon:Received base = 13, unit = 1, operation = 2,value = 0
06-05 18:22:04.077   850  8047 D QC-time-services: Daemon:genoff_opr: Base = 13, val = 0, operation = 2
06-05 18:22:04.077   850  8047 D QC-time-services: offset is: 1 for base: 13
06-05 18:22:04.077   609   647 E QC-time-services: Receive Passed == base = 13, unit = 1, operation = 2, result = 0
06-05 18:22:04.077   609   647 D DrmLibTime: QSEE Time Listener: ATS_MODEM is set. Try to retrieve it.
06-05 18:22:04.077   850  1167 E QC-time-services: Daemon: Time-services: Waiting to acceptconnection
06-05 18:22:04.077   850  1167 D QC-time-services: Daemon: Connection accepted:time_genoff
06-05 18:22:04.079   850  8049 D QC-time-services: Daemon:Received base = 13, unit = 1, operation = 1,value = 0
06-05 18:22:04.079   850  8049 D QC-time-services: Daemon:genoff_opr: Base = 13, val = 0, operation = 1
06-05 18:22:04.079   850  8049 D QC-time-services: Daemon: genoff get for 13
06-05 18:22:04.079   850  8049 D QC-time-services: Daemon:Value read from QTimer mseconds = 9310268
06-05 18:22:04.079   850  8049 D QC-time-services: Daemon:Value read from RTC mseconds on boot = 28120974000
06-05 18:22:04.079   850  8049 D QC-time-services: Daemon:Value read from QTimer mseconds = 9310268
06-05 18:22:04.079   850  8049 D QC-time-services: Daemon:Value read from generic offset = 1626294251302
06-05 18:22:04.079   850  8049 D QC-time-services: Daemon:Delta read on boot mseconds = 28120961683
06-05 18:22:04.079   850  8049 D QC-time-services: Daemon:Final Time = 1654424523253
06-05 18:22:04.079   609   647 D DrmLibTime: QSEE Time Listener: Time GenOff - seconds: 1654424523
06-05 18:22:04.079   609   647 D DrmLibTime: time_getutcsec returns 0, sec = 1654424523; nsec = 0
06-05 18:22:04.079   609   647 D DrmLibTime: time_getutcsec finished!
06-05 18:22:04.079   609   647 D DrmLibTime: iotcl_continue_command finished! and return 0
06-05 18:22:04.079   609   647 D DrmLibTime: before calling ioctl to read the next time_cmd
06-05 18:22:04.080   850  1167 E QC-time-services: Daemon: Time-services: Waiting to acceptconnection
06-05 18:22:04.151   991   991 I QCOM-OEMCrypto: Allocated all scratch buffers
06-05 18:22:04.151   991   991 I QCOM-OEMCrypto: LibOEMCrypto version 1.30
06-05 18:22:04.151   991   991 I QCOM-OEMCrypto: TA   version 1.89
06-05 18:22:04.151   991   991 I QCOM-OEMCrypto: Api  version 16.3
06-05 18:22:04.152   991   991 W WVCdm   : [oemcrypto_adapter_dynamic.cpp(994):LoadLevel1] Could not load L1 _oecc113.
06-05 18:22:04.152   991   991 W WVCdm   : [oemcrypto_adapter_dynamic.cpp(995):LoadLevel1] Could not load L1 _oecc114.
06-05 18:22:04.152   991   991 D WVCdm   : [oemcrypto_adapter_dynamic.cpp(814):Initialize] OEMCrypto_Initialize Level 1 success. I will use level 1.
06-05 18:22:04.152   991   991 I WVCdm   : [oemcrypto_adapter_dynamic.cpp(817):Initialize] Level 1 Build Info (v16): Build Information: API_Version: 16.3 LibOEMCrypto_Version: 1.30 TA_Version: 1.89
06-05 18:22:04.154   991   991 D WVCdm   : [crypto_session.cpp(334):Init] OEMCrypto version (default security level): 16.3
06-05 18:22:04.154   991   991 D WVCdm   : [crypto_session.cpp(343):Init] OEMCrypto version (L3 security level): 16.3
06-05 18:22:04.154   991   991 D WVCdm   : [crypto_session.cpp(763):Open] Opening crypto session: requested_security_level = Default
06-05 18:22:04.155   991   991 I QCOM-OEMCrypto: Open session: 1000
06-05 18:22:04.156   991   991 I WVCdm   : [usage_table_header.cpp(159):Init] Initializing usage table header: security_level = 1
06-05 18:22:04.156   991   991 D WVCdm   : [usage_table_header.cpp(188):Init] Usage table capacity is unlimited: security_level = 1
06-05 18:22:04.157   991   991 I WVCdm   : [usage_table_header.cpp(212):Init] Number of usage entries: 0
06-05 18:22:04.181  7784  8039 W AVFSSQLiteCacheItem: No item found to select.
06-05 18:22:04.199   991   991 I QCOM-OEMCrypto: Closed session: 1000
06-05 18:22:04.303  7784  7784 W pool-6-thread-1: type=1400 audit(0.0:5700): avc: denied { read } for name="drivers" dev="proc" ino=4026531852 scontext=u:r:untrusted_app:s0:c13,c257,c512,c768 tcontext=u:object_r:proc_tty_drivers:s0 tclass=file permissive=0 app=com.lazada.android
06-05 18:22:04.330  7784  8039 W AVFSSQLiteCacheItem: No item found to select.
06-05 18:22:04.334  7784  7978 W Settings: Setting airplane_mode_on has moved from android.provider.Settings.System to android.provider.Settings.Global, returning read-only value.
06-05 18:22:04.336  1103  6927 I audioserver: setGameParameters keyvalue: xlog.volume.music.speaker=54
06-05 18:22:04.337   975  2575 D audio_hw_primary: adev_set_parameters: enter: xlog.volume.music.speaker=54
06-05 18:22:04.337   975  2575 V msm8974_platform: platform_set_parameters: enter: xlog.volume.music.speaker=54
06-05 18:22:04.337   975  2575 D audio_hw_hfp: hfp_set_parameters: enter
06-05 18:22:04.337   975  2575 D audio_hw_hfp: hfp_set_parameters: enter
06-05 18:22:04.337   975  2575 V a2dp_offload: end of a2dp setparam
06-05 18:22:04.337   975  2575 D audio_hw_cspl_cal: cirrus_cal_setparameters: enter 0xf3003600
06-05 18:22:04.337   975  2575 D audio_hw_extn: audio_extn_fm_set_parameters: Enter
06-05 18:22:04.337   975  2575 D audio_hw_hfp: hfp_set_parameters: enter
06-05 18:22:04.337   975  2575 V a2dp_offload: end of a2dp setparam
06-05 18:22:04.337   975  2575 D audio_hw_primary: adev_set_parameters: exit with code(0)
06-05 18:22:04.368  7784  8039 W AVFSSQLiteCacheItem: No item found to select.
06-05 18:22:04.408  7784  8039 W AVFSSQLiteCacheItem: No item found to select.
06-05 18:22:04.427  7784  8039 W AVFSSQLiteCacheItem: No item found to select.
06-05 18:22:04.542  7784  8006 W .lazada.androi: Long monitor contention with owner Orange:0 (8002) at void com.taobao.orange.ConfigCenter$1.run()(:-1) waiters=0 in void com.taobao.orange.ConfigCenter$9.run() for 833ms
06-05 18:22:04.655   991 13981 I WVCdm   : [app][com.lazada.android:channel] calling virtual Return<void> wvdrm::hardware::drm::V1_3::widevine::WVDrmFactory::createPlugin(const hidl_array<uint8_t, 16> &, const android::hardware::hidl_string &, android::hardware::drm::V1_3::IDrmFactory::createPlugin_cb)
06-05 18:22:04.656   991 13981 I WVCdm   : [cdm_engine.cpp(563):QueryStatus] Querying status
06-05 18:22:04.656   991 13981 D WVCdm   : [crypto_session.cpp(763):Open] Opening crypto session: requested_security_level = Default
06-05 18:22:04.659   991 13981 I QCOM-OEMCrypto: Open session: 1000
06-05 18:22:04.661   991 13981 I QCOM-OEMCrypto: Closed session: 1000
06-05 18:22:04.662   991 13981 E WVCdm   : [wv_content_decryption_module.cpp(389):GetMetrics] Cdm Identifier not found
06-05 18:22:04.663   991 13981 E WVCdm   : [wv_content_decryption_module.cpp(449):CloseCdm] Cdm Identifier not found
06-05 18:22:04.663   991 13981 E WVCdm   : Failed to close cdm. status 12
06-05 18:22:04.667  7276  7667 I ValarMorghulis: 0ooo======3906/////////1752
06-05 18:22:04.787  7276  7276 W NativeThread: type=1400 audit(0.0:5701): avc: denied { read } for name="unix" dev="proc" ino=4026532291 scontext=u:r:untrusted_app:s0:c13,c257,c512,c768 tcontext=u:object_r:proc_net:s0 tclass=file permissive=0 app=com.lazada.android
06-05 18:22:04.879  7276  7276 W NativeThread: type=1400 audit(0.0:5702): avc: denied { read } for name="unix" dev="proc" ino=4026532291 scontext=u:r:untrusted_app:s0:c13,c257,c512,c768 tcontext=u:object_r:proc_net:s0 tclass=file permissive=0 app=com.lazada.android
06-05 18:22:04.971  7276  7276 W NativeThread: type=1400 audit(0.0:5703): avc: denied { read } for name="unix" dev="proc" ino=4026532291 scontext=u:r:untrusted_app:s0:c13,c257,c512,c768 tcontext=u:object_r:proc_net:s0 tclass=file permissive=0 app=com.lazada.android
06-05 18:22:04.976   991 13981 I WVCdm   : [app][com.lazada.android:channel] calling virtual Return<void> wvdrm::hardware::drm::V1_3::widevine::WVDrmFactory::createPlugin(const hidl_array<uint8_t, 16> &, const android::hardware::hidl_string &, android::hardware::drm::V1_3::IDrmFactory::createPlugin_cb)
06-05 18:22:04.977   991 13981 I WVCdm   : [cdm_engine.cpp(563):QueryStatus] Querying status
06-05 18:22:04.977   991 13981 D WVCdm   : [crypto_session.cpp(763):Open] Opening crypto session: requested_security_level = Default
06-05 18:22:04.980   991 13981 I QCOM-OEMCrypto: Open session: 1000
06-05 18:22:04.982   991 13981 I QCOM-OEMCrypto: Closed session: 1000
06-05 18:22:04.983   991 13981 E WVCdm   : [wv_content_decryption_module.cpp(389):GetMetrics] Cdm Identifier not found
06-05 18:22:04.984   991 13981 E WVCdm   : [wv_content_decryption_module.cpp(449):CloseCdm] Cdm Identifier not found
06-05 18:22:04.985   991 13981 E WVCdm   : Failed to close cdm. status 12
