06-05 18:26:52.091   688   695 E android.system.suspend@1.0-service: Error opening kernel wakelock stats for: wakeup0: Permission denied
06-05 18:26:52.091   688   695 E android.system.suspend@1.0-service: Error opening kernel wakelock stats for: wakeup72: Permission denied
06-05 18:26:52.092   688   695 E android.system.suspend@1.0-service: Error opening kernel wakelock stats for: wakeup62: Permission denied
06-05 18:26:52.093   688   695 E android.system.suspend@1.0-service: Error opening kernel wakelock stats for: wakeup52: Permission denied
06-05 18:26:52.093   688   695 E android.system.suspend@1.0-service: Error opening kernel wakelock stats for: wakeup9: Permission denied
06-05 18:26:52.093   688   695 E android.system.suspend@1.0-service: Error opening kernel wakelock stats for: wakeup80: Permission denied
06-05 18:26:52.093   688   695 E android.system.suspend@1.0-service: Error opening kernel wakelock stats for: wakeup42: Permission denied
06-05 18:26:52.093   688   695 E android.system.suspend@1.0-service: Error opening kernel wakelock stats for: wakeup70: Permission denied
06-05 18:26:52.094   688   695 E android.system.suspend@1.0-service: Error opening kernel wakelock stats for: wakeup102: Permission denied
06-05 18:26:52.094   688   695 E android.system.suspend@1.0-service: Error opening kernel wakelock stats for: wakeup99: Permission denied
06-05 18:26:52.094   688   695 E android.system.suspend@1.0-service: Error opening kernel wakelock stats for: wakeup32: Permission denied
06-05 18:26:52.094   688   695 E android.system.suspend@1.0-service: Error opening kernel wakelock stats for: wakeup60: Permission denied
06-05 18:26:52.095   688   695 E android.system.suspend@1.0-service: Error opening kernel wakelock stats for: wakeup7: Permission denied
06-05 18:26:52.095   688   695 E android.system.suspend@1.0-service: Error opening kernel wakelock stats for: wakeup79: Permission denied
06-05 18:26:52.096   688   695 E android.system.suspend@1.0-service: Error opening kernel wakelock stats for: wakeup40: Permission denied
06-05 18:26:52.096   688   695 E android.system.suspend@1.0-service: Error opening kernel wakelock stats for: wakeup69: Permission denied
06-05 18:26:52.096   688   695 E android.system.suspend@1.0-service: Error opening kernel wakelock stats for: wakeup97: Permission denied
06-05 18:26:52.096   688   695 E android.system.suspend@1.0-service: Error opening kernel wakelock stats for: wakeup30: Permission denied
06-05 18:26:52.097   688   695 E android.system.suspend@1.0-service: Error opening kernel wakelock stats for: wakeup59: Permission denied
06-05 18:26:52.098   688   695 E android.system.suspend@1.0-service: Error opening kernel wakelock stats for: wakeup77: Permission denied
06-05 18:26:52.098   688   695 E android.system.suspend@1.0-service: Error opening kernel wakelock stats for: wakeup10: Permission denied
06-05 18:26:52.098   688   695 E android.system.suspend@1.0-service: Error opening kernel wakelock stats for: wakeup39: Permission denied
06-05 18:26:52.099   688   695 E android.system.suspend@1.0-service: Error opening kernel wakelock stats for: wakeup29: Permission denied
06-05 18:26:52.099   688   695 E android.system.suspend@1.0-service: Error opening kernel wakelock stats for: wakeup57: Permission denied
06-05 18:26:52.100   688   695 E android.system.suspend@1.0-service: Error opening kernel wakelock stats for: wakeup19: Permission denied
06-05 18:26:52.100   688   695 E android.system.suspend@1.0-service: Error opening kernel wakelock stats for: wakeup47: Permission denied
06-05 18:26:52.100   688   695 E android.system.suspend@1.0-service: Error opening kernel wakelock stats for: wakeup3: Permission denied
06-05 18:26:52.100   688   695 E android.system.suspend@1.0-service: Error opening kernel wakelock stats for: wakeup75: Permission denied
06-05 18:26:52.101   688   695 E android.system.suspend@1.0-service: Error opening kernel wakelock stats for: wakeup37: Permission denied
06-05 18:26:52.101   688   695 E android.system.suspend@1.0-service: Error opening kernel wakelock stats for: wakeup65: Permission denied
06-05 18:26:52.101   688   695 E android.system.suspend@1.0-service: Error opening kernel wakelock stats for: wakeup27: Permission denied
06-05 18:26:52.102   688   695 E android.system.suspend@1.0-service: Error opening kernel wakelock stats for: wakeup125: Permission denied
06-05 18:26:52.102   688   695 E android.system.suspend@1.0-service: Error opening kernel wakelock stats for: wakeup55: Permission denied
06-05 18:26:52.102   688   695 E android.system.suspend@1.0-service: Error opening kernel wakelock stats for: wakeup17: Permission denied
06-05 18:26:52.102   688   695 E android.system.suspend@1.0-service: Error opening kernel wakelock stats for: wakeup45: Permission denied
06-05 18:26:52.103   688   695 E android.system.suspend@1.0-service: Error opening kernel wakelock stats for: wakeup1: Permission denied
06-05 18:26:52.103   688   695 E android.system.suspend@1.0-service: Error opening kernel wakelock stats for: wakeup73: Permission denied
06-05 18:26:52.103   688   695 E android.system.suspend@1.0-service: Error opening kernel wakelock stats for: wakeup35: Permission denied
06-05 18:26:52.104   688   695 E android.system.suspend@1.0-service: Error opening kernel wakelock stats for: wakeup161: Permission denied
06-05 18:26:52.104   688   695 E android.system.suspend@1.0-service: Error opening kernel wakelock stats for: wakeup91: Permission denied
06-05 18:26:52.104   688   695 E android.system.suspend@1.0-service: Error opening kernel wakelock stats for: wakeup25: Permission denied
06-05 18:26:52.104   688   695 E android.system.suspend@1.0-service: Error opening kernel wakelock stats for: wakeup81: Permission denied
06-05 18:26:52.104   688   695 E android.system.suspend@1.0-service: Error opening kernel wakelock stats for: wakeup15: Permission denied
06-05 18:26:52.104  1582 11037 I OMX-VDEC-1080P: set_frame_rate: the current time is 182652
06-05 18:26:52.105   688   695 E android.system.suspend@1.0-service: Error opening kernel wakelock stats for: wakeup43: Permission denied
06-05 18:26:52.105   688   695 E android.system.suspend@1.0-service: Error opening kernel wakelock stats for: wakeup71: Permission denied
06-05 18:26:52.105   688   695 E android.system.suspend@1.0-service: Error opening kernel wakelock stats for: wakeup33: Permission denied
06-05 18:26:52.105   688   695 E android.system.suspend@1.0-service: Error opening kernel wakelock stats for: wakeup61: Permission denied
06-05 18:26:52.105   688   695 E android.system.suspend@1.0-service: Error opening kernel wakelock stats for: wakeup23: Permission denied
06-05 18:26:52.106   688   695 E android.system.suspend@1.0-service: Error opening kernel wakelock stats for: wakeup51: Permission denied
06-05 18:26:52.106   688   695 E android.system.suspend@1.0-service: Error opening kernel wakelock stats for: wakeup8: Permission denied
06-05 18:26:52.106   688   695 E android.system.suspend@1.0-service: Error opening kernel wakelock stats for: wakeup13: Permission denied
06-05 18:26:52.106   688   695 E android.system.suspend@1.0-service: Error opening kernel wakelock stats for: wakeup41: Permission denied
06-05 18:26:52.107   688   695 E android.system.suspend@1.0-service: Error opening kernel wakelock stats for: wakeup31: Permission denied
06-05 18:26:52.107   688   695 E android.system.suspend@1.0-service: Error opening kernel wakelock stats for: wakeup21: Permission denied
06-05 18:26:52.108   688   695 E android.system.suspend@1.0-service: Error opening kernel wakelock stats for: wakeup6: Permission denied
06-05 18:26:52.108   688   695 E android.system.suspend@1.0-service: Error opening kernel wakelock stats for: wakeup78: Permission denied
06-05 18:26:52.108   688   695 E android.system.suspend@1.0-service: Error opening kernel wakelock stats for: wakeup11: Permission denied
06-05 18:26:52.139  1582 11037 I OMX-VDEC-1080P: set_frame_rate: the current time is 182652
06-05 18:26:52.173  1582 11037 I OMX-VDEC-1080P: set_frame_rate: the current time is 182652
06-05 18:26:52.208  1582 11037 I OMX-VDEC-1080P: set_frame_rate: the current time is 182652
06-05 18:26:52.242  1582 11037 I OMX-VDEC-1080P: set_frame_rate: the current time is 182652
06-05 18:26:52.278  1582 11037 I OMX-VDEC-1080P: set_frame_rate: the current time is 182652
06-05 18:26:52.299  1850  2553 D MIUIInput: [MotionEvent] publisher action=0x4, 5400345, channel 'c058ab6 com.miui.securitycenter (server)'
06-05 18:26:52.299  1850  2553 D MIUIInput: [MotionEvent] publisher action=0x0, 5400345, channel 'f66205e com.ss.android.ugc.trill/com.ss.android.ugc.aweme.splash.SplashActivity (server)'
06-05 18:26:52.300  7693  7693 I GameBoxTouchListener: onTouch: 	mAdded=false	isLeftShowtrue
06-05 18:26:52.303  1850  2634 D MiuiNetworkPolicy: updateLimit mLimitEnabled=true,enabled=false,mNetworkPriorityMode=0
06-05 18:26:52.313  1582 11037 I OMX-VDEC-1080P: set_frame_rate: the current time is 182652
06-05 18:26:52.323  1850  1941 D PerfImpl: perfGetWorkLoadType
06-05 18:26:52.323  1034  1034 E vendor.qti.hardware.perf@2.2-service: Unknown params
06-05 18:26:52.324  1034  1034 I ANDR-PERF-LM: LMPerfGlue: perfmodule_submit_request() 132: perfmodule_submit_request()
06-05 18:26:52.324  1034  1034 I ANDR-PERF-LM: Core: getInstance() 84: LM getInstance
06-05 18:26:52.324  1034  1034 D ANDR-PERF-LM: Feature: lookup() 101: Feature Name = AppClassifier, total featuers = 3, featureFound = 1
06-05 18:26:52.324  1034  1034 D ANDR-PERF-LM: Feature: getData() 112: data.data = 1
06-05 18:26:52.324  1034  1034 I ANDR-PERF-LM: FeedbackAPI: getFeedback() 60: app:com.ss.android.ugc.trill feature:AppClassifier feedback = 1
06-05 18:26:52.324  1850  1941 D PerfImpl: perfScrollBoost: com.ss.android.ugc.trill, -1, 4
06-05 18:26:52.324  1034  1034 E vendor.qti.hardware.perf@2.2-service: Unknown params
06-05 18:26:52.325  1034  1034 I ANDR-PERF-LM: LMPerfGlue: perfmodule_submit_request() 132: perfmodule_submit_request()
06-05 18:26:52.325  1034  1034 I ANDR-PERF-LM: Core: getInstance() 84: LM getInstance
06-05 18:26:52.325  1034  1034 I ANDR-PERF-LM: WQ: push() 59: LMTriggerQ push() size=0
06-05 18:26:52.325  1034  1034 I ANDR-PERF-LM: WQ: push() 61: LMTriggerQ push() done size=1
06-05 18:26:52.325  1034  1092 I ANDR-PERF-LM: WQ: pop() 42: LMTriggerQ pop() done size=0
06-05 18:26:52.325  1034  1092 I ANDR-PERF-LM: Core: lmMain() 373: Waiting on trigger Queue
06-05 18:26:52.325  1034  1092 I ANDR-PERF-LM: WQ: pop() 31: LMTriggerQ pop() size=0
06-05 18:26:52.325  1850  1941 D PerfImpl: perfGetWorkLoadType
06-05 18:26:52.325  1034  1034 E vendor.qti.hardware.perf@2.2-service: Unknown params
06-05 18:26:52.325  1034  1034 I ANDR-PERF-LM: LMPerfGlue: perfmodule_submit_request() 132: perfmodule_submit_request()
06-05 18:26:52.325  1034  1034 I ANDR-PERF-LM: Core: getInstance() 84: LM getInstance
06-05 18:26:52.325  1034  1034 D ANDR-PERF-LM: Feature: lookup() 101: Feature Name = AppClassifier, total featuers = 3, featureFound = 1
06-05 18:26:52.325  1034  1034 D ANDR-PERF-LM: Feature: getData() 112: data.data = 1
06-05 18:26:52.325  1034  1034 I ANDR-PERF-LM: FeedbackAPI: getFeedback() 60: app:com.ss.android.ugc.trill feature:AppClassifier feedback = 1
06-05 18:26:52.325  1850  1941 D PerfImpl: perfDragBoost: com.ss.android.ugc.trill, -1, 1
06-05 18:26:52.325  1034  1034 E vendor.qti.hardware.perf@2.2-service: Unknown params
06-05 18:26:52.349 18541 28778 W MessageQueue: Handler (android.os.Handler) {f78845b} sending message to a Handler on a dead thread
06-05 18:26:52.349 18541 28778 W MessageQueue: java.lang.IllegalStateException: Handler (android.os.Handler) {f78845b} sending message to a Handler on a dead thread
06-05 18:26:52.349 18541 28778 W MessageQueue: 	at android.os.MessageQueue.enqueueMessage(MessageQueue.java:569)
06-05 18:26:52.349 18541 28778 W MessageQueue: 	at android.os.Handler.enqueueMessage(Handler.java:778)
06-05 18:26:52.349 18541 28778 W MessageQueue: 	at android.os.Handler.sendMessageAtTime(Handler.java:727)
06-05 18:26:52.349 18541 28778 W MessageQueue: 	at android.os.Handler.sendMessageDelayed(Handler.java:697)
06-05 18:26:52.349 18541 28778 W MessageQueue: 	at android.os.Handler.post(Handler.java:427)
06-05 18:26:52.349 18541 28778 W MessageQueue: 	at X.HKP.LIZ(SourceFile:33751054)
06-05 18:26:52.349 18541 28778 W MessageQueue: 	at X.HKP.LIZ(SourceFile:16908295)
06-05 18:26:52.349 18541 28778 W MessageQueue: 	at X.Iuq.<init>(SourceFile:17039393)
06-05 18:26:52.349 18541 28778 W MessageQueue: 	at X.IuS.LIZ(SourceFile:67633363)
06-05 18:26:52.349 18541 28778 W MessageQueue: 	at X.IuS.<init>(SourceFile:50922652)
06-05 18:26:52.349 18541 28778 W MessageQueue: 	at X.6Z1.<init>(SourceFile:33816631)
06-05 18:26:52.349 18541 28778 W MessageQueue: 	at X.6U2.LJJIJIIJIL(SourceFile:590369)
06-05 18:26:52.349 18541 28778 W MessageQueue: 	at X.6U2.<init>(SourceFile:84279443)
06-05 18:26:52.349 18541 28778 W MessageQueue: 	at X.6LW.LIZ(SourceFile:17170525)
06-05 18:26:52.349 18541 28778 W MessageQueue: 	at X.6LV.LIZ(SourceFile:16973837)
06-05 18:26:52.349 18541 28778 W MessageQueue: 	at X.6Nc.LJJIJIIJI(SourceFile:262150)
06-05 18:26:52.349 18541 28778 W MessageQueue: 	at X.6Nc.LIZ(SourceFile:33947685)
06-05 18:26:52.349 18541 28778 W MessageQueue: 	at X.6Nc.LIZ(SourceFile:820)
06-05 18:26:52.349 18541 28778 W MessageQueue: 	at X.6Nc.LIZ(SourceFile:84411129)
06-05 18:26:52.349 18541 28778 W MessageQueue: 	at X.6Nc.LIZ(SourceFile:254)
06-05 18:26:52.349 18541 28778 W MessageQueue: 	at X.6Nc.LIZ(SourceFile:12250)
06-05 18:26:52.349 18541 28778 W MessageQueue: 	at X.6NK.handleMessage(SourceFile:17301743)
06-05 18:26:52.349 18541 28778 W MessageQueue: 	at android.os.Handler.dispatchMessage(Handler.java:106)
06-05 18:26:52.349 18541 28778 W MessageQueue: 	at android.os.Looper.loopOnce(Looper.java:210)
06-05 18:26:52.349 18541 28778 W MessageQueue: 	at android.os.Looper.loop(Looper.java:299)
06-05 18:26:52.349 18541 28778 W MessageQueue: 	at android.os.HandlerThread.run(HandlerThread.java:67)
06-05 18:26:52.350  1850  2553 D MIUIInput: [MotionEvent] publisher action=0x1, 5400396, channel 'f66205e com.ss.android.ugc.trill/com.ss.android.ugc.aweme.splash.SplashActivity (server)'
06-05 18:26:52.351 18541 28778 W ttmdl   : <0x0,AVMDLManagerBridge.cpp,native_setIntValue,765>set key:709 value:0
06-05 18:26:52.351 18541 28778 W ttmdl   : <0x0,AVMDLog.cpp,set_alog_enable,38>set_alog_enable, 0
06-05 18:26:52.351  1850  1941 D PerfImpl: perfGetWorkLoadType
06-05 18:26:52.351  1034  1034 E vendor.qti.hardware.perf@2.2-service: Unknown params
06-05 18:26:52.351  1034  1034 I ANDR-PERF-LM: LMPerfGlue: perfmodule_submit_request() 132: perfmodule_submit_request()
06-05 18:26:52.351  1034  1034 I ANDR-PERF-LM: Core: getInstance() 84: LM getInstance
06-05 18:26:52.351  1034  1034 D ANDR-PERF-LM: Feature: lookup() 101: Feature Name = AppClassifier, total featuers = 3, featureFound = 1
06-05 18:26:52.351  1034  1034 D ANDR-PERF-LM: Feature: getData() 112: data.data = 1
06-05 18:26:52.351  1034  1034 I ANDR-PERF-LM: FeedbackAPI: getFeedback() 60: app:com.ss.android.ugc.trill feature:AppClassifier feedback = 1
06-05 18:26:52.352 18541 28778 W MessageQueue: Handler (android.os.Handler) {f78845b} sending message to a Handler on a dead thread
06-05 18:26:52.352 18541 28778 W MessageQueue: java.lang.IllegalStateException: Handler (android.os.Handler) {f78845b} sending message to a Handler on a dead thread
06-05 18:26:52.352 18541 28778 W MessageQueue: 	at android.os.MessageQueue.enqueueMessage(MessageQueue.java:569)
06-05 18:26:52.352 18541 28778 W MessageQueue: 	at android.os.Handler.enqueueMessage(Handler.java:778)
06-05 18:26:52.352 18541 28778 W MessageQueue: 	at android.os.Handler.sendMessageAtTime(Handler.java:727)
06-05 18:26:52.352 18541 28778 W MessageQueue: 	at android.os.Handler.sendMessageDelayed(Handler.java:697)
06-05 18:26:52.352 18541 28778 W MessageQueue: 	at android.os.Handler.post(Handler.java:427)
06-05 18:26:52.352 18541 28778 W MessageQueue: 	at X.HKP.LIZ(SourceFile:33751054)
06-05 18:26:52.352 18541 28778 W MessageQueue: 	at X.HKP.LIZIZ(SourceFile:16908295)
06-05 18:26:52.352 18541 28778 W MessageQueue: 	at X.RPA.LIZ(SourceFile:17170456)
06-05 18:26:52.352 18541 28778 W MessageQueue: 	at X.IuS.LIZLLL(SourceFile:34078895)
06-05 18:26:52.352 18541 28778 W MessageQueue: 	at X.IuS.LJLJI(SourceFile:393264)
06-05 18:26:52.352 18541 28778 W MessageQueue: 	at X.IuS.LJJLJLI(SourceFile:393245)
06-05 18:26:52.352 18541 28778 W MessageQueue: 	at X.IuS.LJIIJJI(SourceFile:17170460)
06-05 18:26:52.352 18541 28778 W MessageQueue: 	at X.IuS.LIZ(SourceFile:5041)
06-05 18:26:52.352 18541 28778 W MessageQueue: 	at X.IuS.LIZIZ(SourceFile:50790422)
06-05 18:26:52.352 18541 28778 W MessageQueue: 	at X.IuS.LIZ(SourceFile:4903)
06-05 18:26:52.352 18541 28778 W MessageQueue: 	at X.6Z1.LIZ(SourceFile:1063)
06-05 18:26:52.352 18541 28778 W MessageQueue: 	at X.6U2.LIZ(SourceFile:84543345)
06-05 18:26:52.352 18541 28778 W MessageQueue: 	at X.6U2.LIZ(Unknown Source:0)
06-05 18:26:52.352 18541 28778 W MessageQueue: 	at X.6U2.LIZ(SourceFile:1438)
06-05 18:26:52.352 18541 28778 W MessageQueue: 	at X.6Nc.LIZ(SourceFile:1033)
06-05 18:26:52.352 18541 28778 W MessageQueue: 	at X.6Nc.LIZ(SourceFile:84411129)
06-05 18:26:52.352 18541 28778 W MessageQueue: 	at X.6Nc.LIZ(SourceFile:254)
06-05 18:26:52.352 18541 28778 W MessageQueue: 	at X.6Nc.LIZ(SourceFile:12250)
06-05 18:26:52.352 18541 28778 W MessageQueue: 	at X.6NK.handleMessage(SourceFile:17301743)
06-05 18:26:52.352 18541 28778 W MessageQueue: 	at android.os.Handler.dispatchMessage(Handler.java:106)
06-05 18:26:52.352 18541 28778 W MessageQueue: 	at android.os.Looper.loopOnce(Looper.java:210)
06-05 18:26:52.352 18541 28778 W MessageQueue: 	at android.os.Looper.loop(Looper.java:299)
06-05 18:26:52.352 18541 28778 W MessageQueue: 	at android.os.HandlerThread.run(HandlerThread.java:67)
06-05 18:26:52.352  1850  1941 D PerfImpl: perfScrollBoost: com.ss.android.ugc.trill, 1479, 1
06-05 18:26:52.352  1034  1034 E vendor.qti.hardware.perf@2.2-service: Unknown params
06-05 18:26:52.352  1034  1034 I ANDR-PERF-LM: LMPerfGlue: perfmodule_submit_request() 132: perfmodule_submit_request()
06-05 18:26:52.352  1034  1034 I ANDR-PERF-LM: Core: getInstance() 84: LM getInstance
06-05 18:26:52.352  1034  1034 I ANDR-PERF-LM: WQ: push() 59: LMTriggerQ push() size=0
06-05 18:26:52.352  1034  1034 I ANDR-PERF-LM: WQ: push() 61: LMTriggerQ push() done size=1
06-05 18:26:52.352  1034  1092 I ANDR-PERF-LM: WQ: pop() 42: LMTriggerQ pop() done size=0
06-05 18:26:52.352  1034  1092 I ANDR-PERF-LM: Core: lmMain() 373: Waiting on trigger Queue
06-05 18:26:52.352  1034  1092 I ANDR-PERF-LM: WQ: pop() 31: LMTriggerQ pop() size=0
06-05 18:26:52.353 18541 10727 W System.err: java.io.FileNotFoundException: /proc/stat: open failed: EACCES (Permission denied)
06-05 18:26:52.353 18541 10727 W System.err: 	at libcore.io.IoBridge.open(IoBridge.java:575)
06-05 18:26:52.353 18541 10727 W System.err: 	at java.io.RandomAccessFile.<init>(RandomAccessFile.java:289)
06-05 18:26:52.353 18541 10727 W System.err: 	at java.io.RandomAccessFile.<init>(RandomAccessFile.java:152)
06-05 18:26:52.353 18541 10727 W System.err: 	at X.6gK.LIZ(SourceFile:393238)
06-05 18:26:52.353 18541 10727 W System.err: 	at X.6gM.call(SourceFile:65536)
06-05 18:26:52.353 18541 10727 W System.err: 	at X.0BO.run(SourceFile:262166)
06-05 18:26:52.353 18541 10727 W System.err: 	at X.0fb.run(SourceFile:459005)
06-05 18:26:52.353 18541 10727 W System.err: 	at java.util.concurrent.ThreadPoolExecutor.runWorker(ThreadPoolExecutor.java:1167)
06-05 18:26:52.353 18541 10727 W System.err: 	at java.util.concurrent.ThreadPoolExecutor$Worker.run(ThreadPoolExecutor.java:641)
06-05 18:26:52.353 18541 10727 W System.err: 	at X.0ff.run(SourceFile:131081)
06-05 18:26:52.353 18541 10727 W System.err: 	at java.lang.Thread.run(Thread.java:920)
06-05 18:26:52.353 18541 10727 W System.err: Caused by: android.system.ErrnoException: open failed: EACCES (Permission denied)
06-05 18:26:52.353 18541 10727 W System.err: 	at libcore.io.Linux.open(Native Method)
06-05 18:26:52.353 18541 10727 W System.err: 	at libcore.io.ForwardingOs.open(ForwardingOs.java:567)
06-05 18:26:52.353 18541 10727 W System.err: 	at libcore.io.BlockGuardOs.open(BlockGuardOs.java:273)
06-05 18:26:52.353 18541 10727 W System.err: 	at libcore.io.ForwardingOs.open(ForwardingOs.java:567)
06-05 18:26:52.353 18541 10727 W System.err: 	at android.app.ActivityThread$AndroidOs.open(ActivityThread.java:7980)
06-05 18:26:52.353 18541 10727 W System.err: 	at libcore.io.IoBridge.open(IoBridge.java:561)
06-05 18:26:52.353 18541 10727 W System.err: 	... 10 more
06-05 18:26:52.354  1850  1941 D PerfImpl: perfGetWorkLoadType
06-05 18:26:52.354  1034  1034 E vendor.qti.hardware.perf@2.2-service: Unknown params
06-05 18:26:52.354  1034  1034 I ANDR-PERF-LM: LMPerfGlue: perfmodule_submit_request() 132: perfmodule_submit_request()
06-05 18:26:52.354  1034  1034 I ANDR-PERF-LM: Core: getInstance() 84: LM getInstance
06-05 18:26:52.354  1034  1034 D ANDR-PERF-LM: Feature: lookup() 101: Feature Name = AppClassifier, total featuers = 3, featureFound = 1
06-05 18:26:52.354  1034  1034 D ANDR-PERF-LM: Feature: getData() 112: data.data = 1
06-05 18:26:52.354  1034  1034 I ANDR-PERF-LM: FeedbackAPI: getFeedback() 60: app:com.ss.android.ugc.trill feature:AppClassifier feedback = 1
06-05 18:26:52.354  1850  1941 D PerfImpl: perfScrollBoost: com.ss.android.ugc.trill, -1, 4
06-05 18:26:52.354  1034  1034 E vendor.qti.hardware.perf@2.2-service: Unknown params
06-05 18:26:52.354 18541 28778 W MessageQueue: Handler (android.os.Handler) {f78845b} sending message to a Handler on a dead thread
06-05 18:26:52.354 18541 28778 W MessageQueue: java.lang.IllegalStateException: Handler (android.os.Handler) {f78845b} sending message to a Handler on a dead thread
06-05 18:26:52.354 18541 28778 W MessageQueue: 	at android.os.MessageQueue.enqueueMessage(MessageQueue.java:569)
06-05 18:26:52.354 18541 28778 W MessageQueue: 	at android.os.Handler.enqueueMessage(Handler.java:778)
06-05 18:26:52.354 18541 28778 W MessageQueue: 	at android.os.Handler.sendMessageAtTime(Handler.java:727)
06-05 18:26:52.354 18541 28778 W MessageQueue: 	at android.os.Handler.sendMessageDelayed(Handler.java:697)
06-05 18:26:52.354 18541 28778 W MessageQueue: 	at android.os.Handler.post(Handler.java:427)
06-05 18:26:52.354 18541 28778 W MessageQueue: 	at X.HKP.LIZ(SourceFile:33751054)
06-05 18:26:52.354 18541 28778 W MessageQueue: 	at X.HKP.LIZ(SourceFile:16908295)
06-05 18:26:52.354 18541 28778 W MessageQueue: 	at X.RPA.LJFF(SourceFile:327795)
06-05 18:26:52.354 18541 28778 W MessageQueue: 	at X.IuS.LJIIJ(SourceFile:17236170)
06-05 18:26:52.354 18541 28778 W MessageQueue: 	at X.IuS.LJJJJL(SourceFile:262195)
06-05 18:26:52.354 18541 28778 W MessageQueue: 	at X.IuS.LJIIJJI(SourceFile:262186)
06-05 18:26:52.354 18541 28778 W MessageQueue: 	at X.6Z1.LJIIJJI(SourceFile:65538)
06-05 18:26:52.354 18541 28778 W MessageQueue: 	at X.6U2.LIZ(SourceFile:84545035)
06-05 18:26:52.354 18541 28778 W MessageQueue: 	at X.6U2.LIZ(Unknown Source:0)
06-05 18:26:52.354 18541 28778 W MessageQueue: 	at X.6U2.LIZ(SourceFile:1438)
06-05 18:26:52.354 18541 28778 W MessageQueue: 	at X.6Nc.LIZ(SourceFile:1033)
06-05 18:26:52.354 18541 28778 W MessageQueue: 	at X.6Nc.LIZ(SourceFile:84411129)
06-05 18:26:52.354 18541 28778 W MessageQueue: 	at X.6Nc.LIZ(SourceFile:254)
06-05 18:26:52.354 18541 28778 W MessageQueue: 	at X.6Nc.LIZ(SourceFile:12250)
06-05 18:26:52.354 18541 28778 W MessageQueue: 	at X.6NK.handleMessage(SourceFile:17301743)
06-05 18:26:52.354 18541 28778 W MessageQueue: 	at android.os.Handler.dispatchMessage(Handler.java:106)
06-05 18:26:52.354 18541 28778 W MessageQueue: 	at android.os.Looper.loopOnce(Looper.java:210)
06-05 18:26:52.354 18541 28778 W MessageQueue: 	at android.os.Looper.loop(Looper.java:299)
06-05 18:26:52.354 18541 28778 W MessageQueue: 	at android.os.HandlerThread.run(HandlerThread.java:67)
06-05 18:26:52.354 18541 19475 I ttmn    : <0x0,av_base_thread.cpp,run,306>Reader-V74:thread to stop.mState:1431655768
06-05 18:26:52.354 18541 19361 I ttmn    : <0x0,av_base_thread.cpp,run,306>ADecode-V74:thread to stop.mState:1431655765
06-05 18:26:52.354  1034  1034 I ANDR-PERF-LM: LMPerfGlue: perfmodule_submit_request() 132: perfmodule_submit_request()
06-05 18:26:52.354  1034  1034 I ANDR-PERF-LM: Core: getInstance() 84: LM getInstance
06-05 18:26:52.354  1034  1034 I ANDR-PERF-LM: WQ: push() 59: LMTriggerQ push() size=0
06-05 18:26:52.354  1034  1034 I ANDR-PERF-LM: WQ: push() 61: LMTriggerQ push() done size=1
06-05 18:26:52.354 18541 19461 I ttmn    : <0x0,normal_clock.cpp,resume,114>aclock test: resume, update time: 1448
06-05 18:26:52.355 18541 19461 I ttmn    : <0x0,av_base_thread.cpp,run,306>Player-V74:thread to stop.mState:1431655765
06-05 18:26:52.355  1034  1092 I ANDR-PERF-LM: WQ: pop() 42: LMTriggerQ pop() done size=0
06-05 18:26:52.355  1034  1092 I ANDR-PERF-LM: Core: lmMain() 373: Waiting on trigger Queue
06-05 18:26:52.355  1034  1092 I ANDR-PERF-LM: WQ: pop() 31: LMTriggerQ pop() size=0
06-05 18:26:52.355  1850  1941 D PerfImpl: perfGetWorkLoadType
06-05 18:26:52.355  1034  1034 E vendor.qti.hardware.perf@2.2-service: Unknown params
06-05 18:26:52.355  1034  1034 I ANDR-PERF-LM: LMPerfGlue: perfmodule_submit_request() 132: perfmodule_submit_request()
06-05 18:26:52.355  1034  1034 I ANDR-PERF-LM: Core: getInstance() 84: LM getInstance
06-05 18:26:52.355  1034  1034 D ANDR-PERF-LM: Feature: lookup() 101: Feature Name = AppClassifier, total featuers = 3, featureFound = 1
06-05 18:26:52.355  1034  1034 D ANDR-PERF-LM: Feature: getData() 112: data.data = 1
06-05 18:26:52.355  1034  1034 I ANDR-PERF-LM: FeedbackAPI: getFeedback() 60: app:com.ss.android.ugc.trill feature:AppClassifier feedback = 1
06-05 18:26:52.355  1850  1941 D PerfImpl: perfLockRelease
06-05 18:26:52.355  1582 11037 I OMX-VDEC-1080P: set_frame_rate: the current time is 182652
06-05 18:26:52.356 18541 28778 W ttmp    : set_logger_level:0
06-05 18:26:52.356 18541 19358 I ttmn    : <0x0,av_base_thread.cpp,run,306>VDecode-V74:thread to stop.mState:1431655768
06-05 18:26:52.356  1582 11037 I OMX-VDEC-1080P: set_frame_rate: the current time is 182652
06-05 18:26:52.356  1582 11037 I OMX-VDEC-1080P: set_frame_rate: the current time is 182652
06-05 18:26:52.357 18541 19362 I ttmn    : <0x0,av_sort_queue.h,enableFixSort,17>AVSortQueue::enableFixSort:0
06-05 18:26:52.357 18541 19474 I ttmn    : <0x0,av_base_thread.cpp,run,306>AGraph-V74:thread to stop.mState:1431655768
06-05 18:26:52.357  1582 11037 I OMX-VDEC-1080P: set_frame_rate: the current time is 182652
06-05 18:26:52.357 18541 19363 D AudioTrack:  pause(sessionID=5857)
06-05 18:26:52.357 18541 19363 D AudioTrack: pause(411): prior state:STATE_ACTIVE
06-05 18:26:52.358  1103  2189 D AF::Track: setFadeType1 type = 2 mFadeType = 0 isFadeNeeded = 0
06-05 18:26:52.358  1103  2189 E audioserver: open /proc/18541/cmdline error
06-05 18:26:52.358  1103  2189 I audioserver: setAppName(), name=[], active=[0]
06-05 18:26:52.358   975 28792 V EffectMiSound: MiSound_command() start, cmdCode=24
06-05 18:26:52.358   975 28792 V EffectMiSound: MiSound_Command EFFECT_CMD_SET_APP_NAME: stream=3, name=-
06-05 18:26:52.358 18541 19350 I ttmn    : <0x0,av_base_thread.cpp,run,306>AOutlet-V74:thread to stop.mState:1431655768
06-05 18:26:52.358 18541 10896 D AudioTrack: stop(sessionID=5857)
06-05 18:26:52.358 18541 10896 D AudioTrack: stop(411): prior state:STATE_PAUSED
06-05 18:26:52.358 18541 10896 D AudioTrack: stop(411): called with 67040 frames delivered
06-05 18:26:52.358  1103  2189 D AF::Track: setFadeType1 type = 2 mFadeType = 0 isFadeNeeded = 0
06-05 18:26:52.358  1103  2189 E audioserver: open /proc/18541/cmdline error
06-05 18:26:52.358  1103  2189 I audioserver: setAppName(), name=[], active=[0]
06-05 18:26:52.358   975 28792 V EffectMiSound: MiSound_command() start, cmdCode=24
06-05 18:26:52.358   975 28792 V EffectMiSound: MiSound_Command EFFECT_CMD_SET_APP_NAME: stream=3, name=-
06-05 18:26:52.359 18541 19362 I MediaCodec: video box enabled in settings
06-05 18:26:52.359 18541 19362 I VideoBoxStub: VideoBoxStub::initVideobox
06-05 18:26:52.359 18541 10896 D AudioTrack: ~AudioTrack(sessionID=5857)
06-05 18:26:52.359 18541 10896 D AudioTrack: stop(sessionID=5857)
06-05 18:26:52.359 18541 10896 D AudioTrack: stop(411): prior state:STATE_STOPPED
06-05 18:26:52.361  1561  2483 D AudioAnalytics: gc(1700, 2000): log size:1700 item map size:120, item map items:1700
06-05 18:26:52.361  1582 11037 I OMX-VDEC-1080P: set_frame_rate: the current time is 182652
06-05 18:26:52.361  1582 11037 I OMX-VDEC-1080P: set_frame_rate: the current time is 182652
06-05 18:26:52.361  1582 11037 I OMX-VDEC-1080P: set_frame_rate: the current time is 182652
06-05 18:26:52.361  1582 11037 I OMX-VDEC-1080P: set_frame_rate: the current time is 182652
06-05 18:26:52.361  1582 11037 I OMX-VDEC-1080P: set_frame_rate: the current time is 182652
06-05 18:26:52.362  1582 11037 I OMX-VDEC-1080P: set_frame_rate: the current time is 182652
06-05 18:26:52.363  1582 11037 I OMX-VDEC-1080P: set_frame_rate: the current time is 182652
06-05 18:26:52.363  1582 11037 I OMX-VDEC-1080P: set_frame_rate: the current time is 182652
06-05 18:26:52.366 18541 29532 W MessageQueue: Handler (android.os.Handler) {f78845b} sending message to a Handler on a dead thread
06-05 18:26:52.366 18541 29532 W MessageQueue: java.lang.IllegalStateException: Handler (android.os.Handler) {f78845b} sending message to a Handler on a dead thread
06-05 18:26:52.366 18541 29532 W MessageQueue: 	at android.os.MessageQueue.enqueueMessage(MessageQueue.java:569)
06-05 18:26:52.366 18541 29532 W MessageQueue: 	at android.os.Handler.enqueueMessage(Handler.java:778)
06-05 18:26:52.366 18541 29532 W MessageQueue: 	at android.os.Handler.sendMessageAtTime(Handler.java:727)
06-05 18:26:52.366 18541 29532 W MessageQueue: 	at android.os.Handler.sendMessageDelayed(Handler.java:697)
06-05 18:26:52.366 18541 29532 W MessageQueue: 	at android.os.Handler.post(Handler.java:427)
06-05 18:26:52.366 18541 29532 W MessageQueue: 	at X.HKP.LIZ(SourceFile:33751054)
06-05 18:26:52.366 18541 29532 W MessageQueue: 	at X.HKP.LIZIZ(SourceFile:16908295)
06-05 18:26:52.366 18541 29532 W MessageQueue: 	at X.RPA.LIZ(SourceFile:17170456)
06-05 18:26:52.366 18541 29532 W MessageQueue: 	at X.IuS.LIZLLL(SourceFile:34078895)
06-05 18:26:52.366 18541 29532 W MessageQueue: 	at X.IuS.LJJJJZI(SourceFile:327682)
06-05 18:26:52.366 18541 29532 W MessageQueue: 	at X.IuS.LJIILIIL(SourceFile:262196)
06-05 18:26:52.366 18541 29532 W MessageQueue: 	at X.6Z1.LJIILIIL(SourceFile:65538)
06-05 18:26:52.366 18541 29532 W MessageQueue: 	at X.6U2.LIZLLL(SourceFile:327752)
06-05 18:26:52.366 18541 29532 W MessageQueue: 	at X.6Nc.LJ(SourceFile:327746)
06-05 18:26:52.366 18541 29532 W MessageQueue: 	at X.6NK.handleMessage(SourceFile:17301998)
06-05 18:26:52.366 18541 29532 W MessageQueue: 	at android.os.Handler.dispatchMessage(Handler.java:106)
06-05 18:26:52.366 18541 29532 W MessageQueue: 	at android.os.Looper.loopOnce(Looper.java:210)
06-05 18:26:52.366 18541 29532 W MessageQueue: 	at android.os.Looper.loop(Looper.java:299)
06-05 18:26:52.366 18541 29532 W MessageQueue: 	at android.os.HandlerThread.run(HandlerThread.java:67)
06-05 18:26:52.367 18541 29532 W MessageQueue: Handler (android.os.Handler) {f78845b} sending message to a Handler on a dead thread
06-05 18:26:52.367 18541 29532 W MessageQueue: java.lang.IllegalStateException: Handler (android.os.Handler) {f78845b} sending message to a Handler on a dead thread
06-05 18:26:52.367 18541 29532 W MessageQueue: 	at android.os.MessageQueue.enqueueMessage(MessageQueue.java:569)
06-05 18:26:52.367 18541 29532 W MessageQueue: 	at android.os.Handler.enqueueMessage(Handler.java:778)
06-05 18:26:52.367 18541 29532 W MessageQueue: 	at android.os.Handler.sendMessageAtTime(Handler.java:727)
06-05 18:26:52.367 18541 29532 W MessageQueue: 	at android.os.Handler.sendMessageDelayed(Handler.java:697)
06-05 18:26:52.367 18541 29532 W MessageQueue: 	at android.os.Handler.post(Handler.java:427)
06-05 18:26:52.367 18541 29532 W MessageQueue: 	at X.HKP.LIZ(SourceFile:33751054)
06-05 18:26:52.367 18541 29532 W MessageQueue: 	at X.HKP.LIZIZ(SourceFile:16908295)
06-05 18:26:52.367 18541 29532 W MessageQueue: 	at X.RPA.LIZ(SourceFile:17170456)
06-05 18:26:52.367 18541 29532 W MessageQueue: 	at X.IuS.LIZLLL(SourceFile:34078895)
06-05 18:26:52.367 18541 29532 W MessageQueue: 	at X.IuS.LJJJLIIL(SourceFile:262158)
06-05 18:26:52.367 18541 29532 W MessageQueue: 	at X.IuS.LJIILJJIL(SourceFile:262178)
06-05 18:26:52.367 18541 29532 W MessageQueue: 	at X.6Z1.LJIILJJIL(SourceFile:196616)
06-05 18:26:52.367 18541 29532 W MessageQueue: 	at X.6U2.LJ(SourceFile:262181)
06-05 18:26:52.367 18541 29532 W MessageQueue: 	at X.6Nc.LJI(SourceFile:327738)
06-05 18:26:52.367 18541 29532 W MessageQueue: 	at X.6NK.handleMessage(SourceFile:17301716)
06-05 18:26:52.367 18541 29532 W MessageQueue: 	at android.os.Handler.dispatchMessage(Handler.java:106)
06-05 18:26:52.367 18541 29532 W MessageQueue: 	at android.os.Looper.loopOnce(Looper.java:210)
06-05 18:26:52.367 18541 29532 W MessageQueue: 	at android.os.Looper.loop(Looper.java:299)
06-05 18:26:52.367 18541 29532 W MessageQueue: 	at android.os.HandlerThread.run(HandlerThread.java:67)
06-05 18:26:52.367  1582 11037 I OMX-VDEC-1080P: set_frame_rate: the current time is 182652
06-05 18:26:52.367 18541 19459 I ttmn    : <0x0,av_base_thread.cpp,run,306>VOutlet-V74:thread to stop.mState:1431655768
06-05 18:26:52.368  1103  2189 I audioserver: setGameParameters keyvalue: xlog.volume.music.speaker=34
06-05 18:26:52.368   975 28792 D audio_hw_primary: adev_set_parameters: enter: xlog.volume.music.speaker=34
06-05 18:26:52.368   975 28792 V msm8974_platform: platform_set_parameters: enter: xlog.volume.music.speaker=34
06-05 18:26:52.368   975 28792 D audio_hw_hfp: hfp_set_parameters: enter
06-05 18:26:52.368   975 28792 D audio_hw_hfp: hfp_set_parameters: enter
06-05 18:26:52.368   975 28792 V a2dp_offload: end of a2dp setparam
06-05 18:26:52.368   975 28792 D audio_hw_cspl_cal: cirrus_cal_setparameters: enter 0xf3003600
06-05 18:26:52.368   975 28792 D audio_hw_extn: audio_extn_fm_set_parameters: Enter
06-05 18:26:52.368   975 28792 D audio_hw_hfp: hfp_set_parameters: enter
06-05 18:26:52.368   975 28792 V a2dp_offload: end of a2dp setparam
06-05 18:26:52.368   975 28792 D audio_hw_primary: adev_set_parameters: exit with code(0)
06-05 18:26:52.370 18541 29511 I ttmn    : <0x0,av_base_thread.cpp,run,306>fake_jmc_as:thread to stop.mState:1431655768
06-05 18:26:52.371 18541 19362 I VideoBox: VideoBox::VideoBox
06-05 18:26:52.371 18541 19362 I VideoBox: initVideobox
06-05 18:26:52.371 18541 19362 I VideoBox: initVideobox going OMX.qcom.video.decoder.hevc
06-05 18:26:52.371 18541 19362 I VideoBox: initVideobox return false for platform is not support vpp
06-05 18:26:52.371 18541 19362 I VideoBoxStub: VideoBoxStub::releaseVideoBox
06-05 18:26:52.371 18541 19362 I VideoBox: VideoBox::~VideoBox
06-05 18:26:52.371  1582 27120 I OMX_VPP : send_command In 0 param1 2
06-05 18:26:52.372 18541 19362 I MediaCodec: init video box disabled for init not supported
06-05 18:26:52.373  1582 11037 I OMX_VPP : Flush during executing to idle!
06-05 18:26:52.373  1582 11037 I OMX_VPP : OMX_CommandStateSet FakeFlush
06-05 18:26:52.373  1582 11037 I OMX_VPP : VppOmxComponent::clearVppFakeBufs size 15
06-05 18:26:52.373  1582 11037 I OMX_VPP : VppEvent 1
06-05 18:26:52.373  1582 11037 I OMX_VPP : FakeFlush e.flush_done.port:0
06-05 18:26:52.373  1582 11037 I OMX_VPP : VppOmxComponent::clearVppFakeBufs size 0
06-05 18:26:52.373  1582 11037 I OMX_VPP : VppEvent 1
06-05 18:26:52.373  1582 11037 I OMX_VPP : FakeFlush e.flush_done.port:1
06-05 18:26:52.374  1582 27136 I OMX_VPP : send_command In 0 param1 1
06-05 18:26:52.374 18541 11057 I OMXClient: IOmx service obtained
06-05 18:26:52.374  1582 27120 I OMXMaster: makeComponentInstance(OMX.qcom.video.decoder.hevc) in android.hardwar process
06-05 18:26:52.377  1582 27120 I OMX_VPP : Constructed VppOmxComponent
06-05 18:26:52.378  1582 27120 D PlatformConfig: getInstance: Enter
06-05 18:26:52.378  1582 27120 D PlatformConfig: getInt32 Config name: vidc_dec_log_in value: 0
06-05 18:26:52.378  1582 27120 D PlatformConfig: getInstance: Enter
06-05 18:26:52.378  1582 27120 D PlatformConfig: getInt32 Config name: vidc_dec_log_out value: 0
06-05 18:26:52.378  1582 27120 D PlatformConfig: getInstance: Enter
06-05 18:26:52.378  1582 27120 D PlatformConfig: getInt32 Config name: vidc_dec_sec_prefetch_size_internal value: 209715200
06-05 18:26:52.378  1582 27120 D PlatformConfig: getInstance: Enter
06-05 18:26:52.378  1582 27120 D PlatformConfig: getInt32 Config name: vidc_dec_sec_prefetch_size_output value: 13434880
06-05 18:26:52.378  1582 27120 D PlatformConfig: getInstance: Enter
06-05 18:26:52.378  1582 27120 D PlatformConfig: getInt32 Config name: vidc_perf_control_enable value: 0
06-05 18:26:52.378  1582 27120 D PlatformConfig: getInstance: Enter
06-05 18:26:52.378  1582 27120 D PlatformConfig: getInt32 Config name: vidc_dec_thumbnail_yuv_output value: 0
06-05 18:26:52.378  1582 27120 D PlatformConfig: getInstance: Enter
06-05 18:26:52.378  1582 27120 D PlatformConfig: getInt32: Returning default
06-05 18:26:52.378  1582 27120 D PlatformConfig: getInstance: Enter
06-05 18:26:52.378  1582 27120 D PlatformConfig: getInt32 Config name: vidc_dec_output_rate value: 120
06-05 18:26:52.378  1582 27120 I OMX-VDEC-1080P: component_init: OMX.qcom.video.decoder.hevc : fd=8
06-05 18:26:52.379  1582 27120 E OMX-VDEC-1080P: Unsupported output color format for c2d (2141391876)
06-05 18:26:52.379  1582 27120 E OMX-VDEC-1080P: Setting color format failed
06-05 18:26:52.380  1582 27120 D PlatformConfig: getInstance: Enter
06-05 18:26:52.380  1582 27120 D PlatformConfig: getInt32: Returning default
06-05 18:26:52.380  1582 27120 D PlatformConfig: getInstance: Enter
06-05 18:26:52.380  1582 27120 D PlatformConfig: getInt32: Returning default
06-05 18:26:52.380  1582 27120 I OMX-VDEC-1080P: omx_vdec::component_init() success : fd=8
06-05 18:26:52.380  1582 27120 I OMX_VPP : FRC is used
06-05 18:26:52.380  1582 27120 I OMX_VPP : AIE is used
06-05 18:26:52.382  1582 27120 E OMX_VPP : unable to find area=vpp/config=frc.bypass.all, returning default=0
06-05 18:26:52.382  1582 27120 I OMX_VPP : component_init: fully completed with decoder(OMX.qcom.video.decoder.hevc)
06-05 18:26:52.383 18541 11055 D MediaCodecOpt: TryCall hook func called
06-05 18:26:52.383 18541 11055 D MediaCodecOpt: before call orig, retCode = 0
06-05 18:26:52.384 18541 11055 D MediaCodecOpt: after call orig, retCode = 0
06-05 18:26:52.384 18541 19362 I MediaCodec: configure : init video box disabled
06-05 18:26:52.384 18541 11055 D SurfaceUtils: connecting to surface 0x7aa0a17010, reason connectToSurface
06-05 18:26:52.384 18541 11055 I MediaCodec: [OMX.qcom.video.decoder.hevc] setting surface generation to 18986062
06-05 18:26:52.384 18541 11055 D SurfaceUtils: disconnecting from surface 0x7aa0a17010, reason connectToSurface(reconnect)
06-05 18:26:52.384 18541 11055 D SurfaceUtils: connecting to surface 0x7aa0a17010, reason connectToSurface(reconnect)
06-05 18:26:52.385  1582 27728 E OMX-VDEC-1080P: Extension: OMX.google.android.index.storeANWBufferInMetadata not implemented
06-05 18:26:52.385  1582 27728 E OMX-VDEC-1080P: Extension: OMX.google.android.index.configureVideoTunnelMode not implemented
06-05 18:26:52.385  1582 27728 E OMX-VDEC-1080P: Extension: OMX.google.android.index.useAndroidNativeBuffer is supported
06-05 18:26:52.385  1582 28787 E OMX-VDEC-1080P: set_parameter: Error: 0x80001019, setting param 0x7f00005d
06-05 18:26:52.386  1582 28787 E OMXNodeInstance: setParameter(0xf107d404:qcom.decoder.hevc, OMX.google.android.index.allocateNativeHandle(0x7f00005d): Output:1 en=0) ERROR: UnsupportedSetting(0x80001019)
06-05 18:26:52.386  1582 28787 E OMX-VDEC-1080P: Extension: OMX.google.android.index.storeANWBufferInMetadata not implemented
06-05 18:26:52.386  1582 28787 I OMX_VPP : set meta buffer mode: True
06-05 18:26:52.386  1582 27727 E OMX-VDEC-1080P: get_parameter: unknown param 6f600011
06-05 18:26:52.386  1582 27727 E OMXNodeInstance: getParameter(0xf107d404:qcom.decoder.hevc, ??(0x6f600011)) ERROR: UnsupportedIndex(0x8000101a)
06-05 18:26:52.386 18541 11057 I ExtendedACodec: setupVideoDecoder()
06-05 18:26:52.386  1582 27727 I OMX_VPP : FRAME WIDTH 1280 FRAME HEIGHT 720
06-05 18:26:52.386  1582 27727 I OMX_VPP : get_parameter counts 28 28
06-05 18:26:52.386  1582 18921 I OMX_VPP : frc valid: true
06-05 18:26:52.386  1582 18921 I OMX_VPP : aie valid: true
06-05 18:26:52.386  1582 18921 I OMX_VPP : vpp setParameter err: out: 0, in: 0
06-05 18:26:52.386  1582 18921 I OMX_VPP : vpp setParameter completed
06-05 18:26:52.387 18541 11057 I ExtendedACodec: Decoder will be in frame by frame mode
06-05 18:26:52.387  1582 19477 E OMX-VDEC-1080P: Setparameter: unknown param 2130706434
06-05 18:26:52.387  1582 19477 E OMX-VDEC-1080P: set_parameter: Error: 0x8000101a, setting param 0x7f000002
06-05 18:26:52.387  1582 19477 E OMXNodeInstance: setParameter(0xf107d404:qcom.decoder.hevc, ??(0x7f000002)) ERROR: UnsupportedIndex(0x8000101a)
06-05 18:26:52.387 18541 11057 W ExtendedACodec: Failed to set frame packing format on component
06-05 18:26:52.388 18541 11034 D SurfaceUtils: disconnecting from surface 0x7aeaa23010, reason disconnectFromSurface
06-05 18:26:52.389 18541 19363 I ttmn    : <0x0,av_base_thread.cpp,run,306>Looper-V74:thread to stop.mState:1431655768
06-05 18:26:52.390 18541 29532 W MessageQueue: Handler (android.os.Handler) {f78845b} sending message to a Handler on a dead thread
06-05 18:26:52.390 18541 29532 W MessageQueue: java.lang.IllegalStateException: Handler (android.os.Handler) {f78845b} sending message to a Handler on a dead thread
06-05 18:26:52.390 18541 29532 W MessageQueue: 	at android.os.MessageQueue.enqueueMessage(MessageQueue.java:569)
06-05 18:26:52.390 18541 29532 W MessageQueue: 	at android.os.Handler.enqueueMessage(Handler.java:778)
06-05 18:26:52.390 18541 29532 W MessageQueue: 	at android.os.Handler.sendMessageAtTime(Handler.java:727)
06-05 18:26:52.390 18541 29532 W MessageQueue: 	at android.os.Handler.sendMessageDelayed(Handler.java:697)
06-05 18:26:52.390 18541 29532 W MessageQueue: 	at android.os.Handler.post(Handler.java:427)
06-05 18:26:52.390 18541 29532 W MessageQueue: 	at X.HKP.LIZ(SourceFile:33751054)
06-05 18:26:52.390 18541 29532 W MessageQueue: 	at X.HKP.LIZIZ(SourceFile:16908295)
06-05 18:26:52.390 18541 29532 W MessageQueue: 	at X.Iuq.LJFF(SourceFile:65540)
06-05 18:26:52.390 18541 29532 W MessageQueue: 	at X.IuS.LJLJLLL(SourceFile:262156)
06-05 18:26:52.390 18541 29532 W MessageQueue: 	at X.IuS.LJJJLIIL(SourceFile:262191)
06-05 18:26:52.390 18541 29532 W MessageQueue: 	at X.IuS.LJIILJJIL(SourceFile:262178)
06-05 18:26:52.390 18541 29532 W MessageQueue: 	at X.6Z1.LJIILJJIL(SourceFile:196616)
06-05 18:26:52.390 18541 29532 W MessageQueue: 	at X.6U2.LJ(SourceFile:262181)
06-05 18:26:52.390 18541 29532 W MessageQueue: 	at X.6Nc.LJI(SourceFile:327738)
06-05 18:26:52.390 18541 29532 W MessageQueue: 	at X.6NK.handleMessage(SourceFile:17301716)
06-05 18:26:52.390 18541 29532 W MessageQueue: 	at android.os.Handler.dispatchMessage(Handler.java:106)
06-05 18:26:52.390 18541 29532 W MessageQueue: 	at android.os.Looper.loopOnce(Looper.java:210)
06-05 18:26:52.390 18541 29532 W MessageQueue: 	at android.os.Looper.loop(Looper.java:299)
06-05 18:26:52.390 18541 29532 W MessageQueue: 	at android.os.HandlerThread.run(HandlerThread.java:67)
06-05 18:26:52.390  1582 27136 I OMX_VPP : FRAME WIDTH 1280 FRAME HEIGHT 720
06-05 18:26:52.390  1582 27727 I OMX-VDEC-1080P: omx_vdec::component_deinit() complete
06-05 18:26:52.390  1582 27136 I OMX_VPP : get_parameter counts 28 28
06-05 18:26:52.390  1582 19781 I OMX_VPP : FRAME WIDTH 1280 FRAME HEIGHT 720
06-05 18:26:52.390  1582 19781 I OMX_VPP : get_parameter counts 28 28
06-05 18:26:52.390  1582 28787 E OMXNodeInstance: getConfig(0xf107d404:qcom.decoder.hevc, ??(0x7f000062)) ERROR: UnsupportedSetting(0x80001019)
06-05 18:26:52.391  1582 27727 I OMX-VDEC-1080P: Exit OMX vdec Destructor: fd=109
06-05 18:26:52.392  1582 27727 I OMX_VPP : VppTerm
06-05 18:26:52.392  1582 27727 I OMX_VPP : video clip interpolated = 0%,0--82
06-05 18:26:52.392  1582 27727 I OMX_VPP : VppOmxComponent::clearVppFakeBufs size 0
06-05 18:26:52.392  1582 27727 I OMX_VPP : VppOmxComponent::~VppOmxComponent
06-05 18:26:52.392  1582 27727 I OMX_VPP : Destructed VppBufferManager
06-05 18:26:52.394  1582 27136 I OMX_VPP : send_command In 0 param1 2
06-05 18:26:52.405  1582 27727 I OMX_VPP : FRAME WIDTH 1280 FRAME HEIGHT 720
06-05 18:26:52.405  1582 27727 I OMX_VPP : get_parameter counts 28 28
06-05 18:26:52.405  1582 27136 I OMX_VPP : FRAME WIDTH 1280 FRAME HEIGHT 720
06-05 18:26:52.405  1582 27136 I OMX_VPP : get_parameter counts 28 28
06-05 18:26:52.405  1582 27120 E OMX-VDEC-1080P: Extension: OMX.google.android.index.AndroidNativeBufferConsumerUsage not implemented
06-05 18:26:52.406 18541 11057 D SurfaceUtils: set up nativeWindow 0x7aa0a17010 for 720x1280, color 0x7fa30c06, rotation 0, usage 0x20402900
06-05 18:26:52.406  1582 27136 I OMX_VPP : frc valid: true
06-05 18:26:52.406  1582 27136 I OMX_VPP : aie valid: true
06-05 18:26:52.406  1582 27120 I OMX_VPP : RegisterClientBuffer: omxBuf=0xf113e1b0, id=0, obdIdx=0, invalid=0, omxHdr=0xf12ab400, vppBuf=0xf113e1c0, handle=0xf13a2110, pool=0
06-05 18:26:52.406  1582 18921 I OMX_VPP : RegisterClientBuffer: omxBuf=0xf113e680, id=1, obdIdx=0, invalid=0, omxHdr=0xf12ab450, vppBuf=0xf113e690, handle=0xf13a2010, pool=0
06-05 18:26:52.406  1582 27727 I OMX_VPP : RegisterClientBuffer: omxBuf=0xf113e840, id=2, obdIdx=0, invalid=0, omxHdr=0xf12ab4a0, vppBuf=0xf113e850, handle=0xf0efe1e8, pool=0
06-05 18:26:52.406  1582 19467 I OMX_VPP : RegisterClientBuffer: omxBuf=0xf113e4c0, id=3, obdIdx=0, invalid=0, omxHdr=0xf12ab4f0, vppBuf=0xf113e4d0, handle=0xf173dbc0, pool=0
06-05 18:26:52.407  1582 27136 I OMX_VPP : RegisterClientBuffer: omxBuf=0xf113d110, id=4, obdIdx=0, invalid=0, omxHdr=0xf12ab540, vppBuf=0xf113d120, handle=0xf173dc60, pool=0
06-05 18:26:52.407  1582 27136 I OMX_VPP : RegisterClientBuffer: omxBuf=0xf12f8720, id=5, obdIdx=0, invalid=0, omxHdr=0xf12ab590, vppBuf=0xf12f8730, handle=0xf173dcd8, pool=0
06-05 18:26:52.407  1582 27727 I OMX_VPP : RegisterClientBuffer: omxBuf=0xf12f7760, id=6, obdIdx=0, invalid=0, omxHdr=0xf12ab5e0, vppBuf=0xf12f7770, handle=0xf0efe1b0, pool=0
06-05 18:26:52.407  1582 27136 I OMX_VPP : RegisterClientBuffer: omxBuf=0xf113dc70, id=7, obdIdx=0, invalid=0, omxHdr=0xf12ab630, vppBuf=0xf113dc80, handle=0xf173dd00, pool=0
06-05 18:26:52.407  1582 27727 I OMX_VPP : RegisterClientBuffer: omxBuf=0xf113c5b0, id=8, obdIdx=0, invalid=0, omxHdr=0xf12ab680, vppBuf=0xf113c5c0, handle=0xf0efe1f0, pool=0
06-05 18:26:52.407  1582 19467 I OMX_VPP : RegisterClientBuffer: omxBuf=0xf12f6b90, id=9, obdIdx=0, invalid=0, omxHdr=0xf12ab6d0, vppBuf=0xf12f6ba0, handle=0xf13a2048, pool=0
06-05 18:26:52.407  1582 18921 I OMX_VPP : RegisterClientBuffer: omxBuf=0xf12f65e0, id=10, obdIdx=0, invalid=0, omxHdr=0xf12ab720, vppBuf=0xf12f65f0, handle=0xf13a2028, pool=0
06-05 18:26:52.407  1582 27727 I OMX_VPP : RegisterClientBuffer: omxBuf=0xf12fa5c0, id=11, obdIdx=0, invalid=0, omxHdr=0xf12ab770, vppBuf=0xf12fa5d0, handle=0xf13a2230, pool=0
06-05 18:26:52.407  1582 19467 I OMX_VPP : RegisterClientBuffer: omxBuf=0xf113e290, id=12, obdIdx=0, invalid=0, omxHdr=0xf12ab7c0, vppBuf=0xf113e2a0, handle=0xf13a2060, pool=0
06-05 18:26:52.408  1582 27120 I OMX_VPP : RegisterClientBuffer: omxBuf=0xf12f71b0, id=13, obdIdx=0, invalid=0, omxHdr=0xf12ab810, vppBuf=0xf12f71c0, handle=0xf13a2138, pool=0
06-05 18:26:52.408  1582 18921 I OMX_VPP : RegisterClientBuffer: omxBuf=0xf113e530, id=14, obdIdx=0, invalid=0, omxHdr=0xf12ab860, vppBuf=0xf113e540, handle=0xf13a20e0, pool=0
06-05 18:26:52.408  1582 27727 I OMX_VPP : RegisterClientBuffer: omxBuf=0xf12f9de0, id=15, obdIdx=0, invalid=0, omxHdr=0xf12ab8b0, vppBuf=0xf12f9df0, handle=0xf13a2238, pool=0
06-05 18:26:52.408  1582 19467 I OMX_VPP : RegisterClientBuffer: omxBuf=0xf12f9980, id=16, obdIdx=0, invalid=0, omxHdr=0xf12ab900, vppBuf=0xf12f9990, handle=0xf13a2068, pool=0
06-05 18:26:52.408  1582 18921 I OMX_VPP : RegisterClientBuffer: omxBuf=0xf113e5a0, id=17, obdIdx=0, invalid=0, omxHdr=0xf12ab950, vppBuf=0xf113e5b0, handle=0xf13a21f0, pool=0
06-05 18:26:52.408  1582 27727 I OMX_VPP : RegisterClientBuffer: omxBuf=0xf113f250, id=18, obdIdx=0, invalid=0, omxHdr=0xf12ab9a0, vppBuf=0xf113f260, handle=0xf13a2248, pool=0
06-05 18:26:52.408  1582 27120 I OMX_VPP : RegisterClientBuffer: omxBuf=0xf113d960, id=19, obdIdx=0, invalid=0, omxHdr=0xf12ab9f0, vppBuf=0xf113d970, handle=0xf13a2160, pool=0
06-05 18:26:52.408  1582 27727 I OMX_VPP : RegisterClientBuffer: omxBuf=0xf113c000, id=20, obdIdx=0, invalid=0, omxHdr=0xf12aba40, vppBuf=0xf113c010, handle=0xf13a2268, pool=0
06-05 18:26:52.408  1582 27120 I OMX_VPP : RegisterClientBuffer: omxBuf=0xf12f7920, id=21, obdIdx=0, invalid=0, omxHdr=0xf12aba90, vppBuf=0xf12f7930, handle=0xf13a21a0, pool=0
06-05 18:26:52.409  1582 27727 I OMX_VPP : RegisterClientBuffer: omxBuf=0xf113c070, id=22, obdIdx=0, invalid=0, omxHdr=0xf12abae0, vppBuf=0xf113c080, handle=0xf13a22b8, pool=0
06-05 18:26:52.409  1582 18921 I OMX_VPP : RegisterClientBuffer: omxBuf=0xf113c310, id=23, obdIdx=0, invalid=0, omxHdr=0xf12abb30, vppBuf=0xf113c320, handle=0xf13a2280, pool=0
06-05 18:26:52.409  1582 27727 I OMX_VPP : RegisterClientBuffer: omxBuf=0xf113c770, id=24, obdIdx=0, invalid=0, omxHdr=0xf12abb80, vppBuf=0xf113c780, handle=0xf13a22c8, pool=0
