06-05 18:30:26.505  1582 11785 I OMX-VDEC-1080P: set_frame_rate: the current time is 183026
06-05 18:30:26.505  1582 11785 I OMX-VDEC-1080P: set_frame_rate: the current time is 183026
06-05 18:30:26.505  1582 11785 I OMX-VDEC-1080P: set_frame_rate: the current time is 183026
06-05 18:30:26.506  1582 11785 I OMX-VDEC-1080P: set_frame_rate: the current time is 183026
06-05 18:30:26.542  1582 11785 I OMX-VDEC-1080P: set_frame_rate: the current time is 183026
06-05 18:30:26.583  1582 11785 I OMX-VDEC-1080P: set_frame_rate: the current time is 183026
06-05 18:30:26.608  1582 11785 I OMX-VDEC-1080P: set_frame_rate: the current time is 183026
06-05 18:30:26.642  1582 11785 I OMX-VDEC-1080P: set_frame_rate: the current time is 183026
06-05 18:30:26.670  8163  8308 I cr.sandbox.gpu: GpuMainThread heartbeat, interval/index: 30/16
06-05 18:30:26.675  1582 11785 I OMX-VDEC-1080P: set_frame_rate: the current time is 183026
06-05 18:30:26.708  1582 11785 I OMX-VDEC-1080P: set_frame_rate: the current time is 183026
06-05 18:30:26.753  1582 11785 I OMX-VDEC-1080P: set_frame_rate: the current time is 183026
06-05 18:30:26.775  1582 11785 I OMX-VDEC-1080P: set_frame_rate: the current time is 183026
06-05 18:30:26.810  1582 11785 I OMX-VDEC-1080P: set_frame_rate: the current time is 183026
06-05 18:30:26.843  1582 11785 I OMX-VDEC-1080P: set_frame_rate: the current time is 183026
06-05 18:30:26.875  1582 11785 I OMX-VDEC-1080P: set_frame_rate: the current time is 183026
06-05 18:30:26.910  1582 11785 I OMX-VDEC-1080P: set_frame_rate: the current time is 183026
06-05 18:30:26.943  1582 11785 I OMX-VDEC-1080P: set_frame_rate: the current time is 183026
06-05 18:30:26.977  1582 11785 I OMX-VDEC-1080P: set_frame_rate: the current time is 183026
06-05 18:30:27.010  1582 11785 I OMX-VDEC-1080P: set_frame_rate: the current time is 183027
06-05 18:30:27.043  1582 11785 I OMX-VDEC-1080P: set_frame_rate: the current time is 183027
06-05 18:30:27.051  8162  8303 I cr.sandbox.render: RenderMainThread heartbeat, interval/index: 30s/16, render: 11(NORMAL_WITHOUT_SECCOMP), gpu: 2(FULL)
06-05 18:30:27.078  1582 11785 I OMX-VDEC-1080P: set_frame_rate: the current time is 183027
06-05 18:30:27.110  1582 11785 I OMX-VDEC-1080P: set_frame_rate: the current time is 183027
06-05 18:30:27.152  1582 11785 I OMX-VDEC-1080P: set_frame_rate: the current time is 183027
06-05 18:30:27.178  1582 11785 I OMX-VDEC-1080P: set_frame_rate: the current time is 183027
06-05 18:30:27.209  1582 11785 I OMX-VDEC-1080P: set_frame_rate: the current time is 183027
06-05 18:30:27.241  1582 11785 I OMX-VDEC-1080P: set_frame_rate: the current time is 183027
06-05 18:30:27.276  1582 11785 I OMX-VDEC-1080P: set_frame_rate: the current time is 183027
06-05 18:30:27.309  1582 11785 I OMX-VDEC-1080P: set_frame_rate: the current time is 183027
06-05 18:30:27.342  1582 11785 I OMX-VDEC-1080P: set_frame_rate: the current time is 183027
06-05 18:30:27.361  1850  2634 D MiuiNetworkPolicy: updateLimit mLimitEnabled=false,enabled=true,mNetworkPriorityMode=0
06-05 18:30:27.375  1582 11785 I OMX-VDEC-1080P: set_frame_rate: the current time is 183027
06-05 18:30:27.409  1582 11785 I OMX-VDEC-1080P: set_frame_rate: the current time is 183027
06-05 18:30:27.442  1582 11785 I OMX-VDEC-1080P: set_frame_rate: the current time is 183027
06-05 18:30:27.474  1582 11785 I OMX-VDEC-1080P: set_frame_rate: the current time is 183027
06-05 18:30:27.508  1582 11785 I OMX-VDEC-1080P: set_frame_rate: the current time is 183027
06-05 18:30:27.542  1582 11785 I OMX-VDEC-1080P: set_frame_rate: the current time is 183027
06-05 18:30:27.574  1582 11785 I OMX-VDEC-1080P: set_frame_rate: the current time is 183027
06-05 18:30:27.610  1582 11785 I OMX-VDEC-1080P: set_frame_rate: the current time is 183027
06-05 18:30:27.644  1582 11785 I OMX-VDEC-1080P: set_frame_rate: the current time is 183027
06-05 18:30:27.676  1582 11785 I OMX-VDEC-1080P: set_frame_rate: the current time is 183027
06-05 18:30:27.702  2999  3462 D MI_RIL_OEM_HOOK: onPkHookCommonMsg, msg_id = 65
06-05 18:30:27.702  2999  3462 D MI_RIL_OEM_HOOK: onGetHookMsgBytes, HOOK_HEAD_SIZE = 16, msg_len = 4
06-05 18:30:27.702  2999  3462 D MI_RIL_OEM_HOOK: onHookSendSync, phoneId = 0
06-05 18:30:27.703  2930  2930 D QcrilMsgTunnelIfaceManager: handleMessage what = 1
06-05 18:30:27.703  2930  2930 I QcrilOemhookMsgTunnel: [0]invokeOemRilRequestRaw: serial=2141 length=36
06-05 18:30:27.712  1582 11785 I OMX-VDEC-1080P: set_frame_rate: the current time is 183027
06-05 18:30:27.742  1582 11785 I OMX-VDEC-1080P: set_frame_rate: the current time is 183027
06-05 18:30:27.745  1793  2006 D XIAOMI_QCRIL: RIL[lib][xiaomi_extend_nvefs.c:52] xiaomi_qmi_result_map: xiaomi_qmi_result_map, old_result 0, new_result 0
06-05 18:30:27.747  2930  3267 I QcrilOemhookMsgTunnel: [0]processOemHookResponse serial no: 2141 error: 0length=16
06-05 18:30:27.748  2930  2930 D QcrilMsgTunnelIfaceManager: handleMessage what = 2
06-05 18:30:27.749  2999  3462 D QC_RIL_OEM_HOOK: sendOemRilRequestRaw returns value = 16
06-05 18:30:27.749  2999  3462 D ModemSarController_8250: type = 65, len = 4, value = 0
06-05 18:30:27.776  1582 11785 I OMX-VDEC-1080P: set_frame_rate: the current time is 183027
06-05 18:30:27.809  1582 11785 I OMX-VDEC-1080P: set_frame_rate: the current time is 183027
06-05 18:30:27.843  1582 11785 I OMX-VDEC-1080P: set_frame_rate: the current time is 183027
06-05 18:30:27.876  1582 11785 I OMX-VDEC-1080P: set_frame_rate: the current time is 183027
06-05 18:30:27.909  1582 11785 I OMX-VDEC-1080P: set_frame_rate: the current time is 183027
06-05 18:30:27.953  1582 11785 I OMX-VDEC-1080P: set_frame_rate: the current time is 183027
06-05 18:30:27.975  1582 11785 I OMX-VDEC-1080P: set_frame_rate: the current time is 183027
06-05 18:30:28.009  1582 11785 I OMX-VDEC-1080P: set_frame_rate: the current time is 183028
06-05 18:30:28.042  1582 11785 I OMX-VDEC-1080P: set_frame_rate: the current time is 183028
06-05 18:30:28.075  1582 11785 I OMX-VDEC-1080P: set_frame_rate: the current time is 183028
06-05 18:30:28.109  1582 11785 I OMX-VDEC-1080P: set_frame_rate: the current time is 183028
06-05 18:30:28.142  1582 11785 I OMX-VDEC-1080P: set_frame_rate: the current time is 183028
06-05 18:30:28.175  1582 11785 I OMX-VDEC-1080P: set_frame_rate: the current time is 183028
06-05 18:30:28.209  1582 11785 I OMX-VDEC-1080P: set_frame_rate: the current time is 183028
06-05 18:30:28.242  1582 11785 I OMX-VDEC-1080P: set_frame_rate: the current time is 183028
06-05 18:30:28.275  1582 11785 I OMX-VDEC-1080P: set_frame_rate: the current time is 183028
06-05 18:30:28.308  1582 11785 I OMX-VDEC-1080P: set_frame_rate: the current time is 183028
06-05 18:30:28.353  1582 11785 I OMX-VDEC-1080P: set_frame_rate: the current time is 183028
06-05 18:30:28.375  1582 11785 I OMX-VDEC-1080P: set_frame_rate: the current time is 183028
06-05 18:30:28.409  1582 11785 I OMX-VDEC-1080P: set_frame_rate: the current time is 183028
06-05 18:30:28.442  1582 11785 I OMX-VDEC-1080P: set_frame_rate: the current time is 183028
06-05 18:30:28.475  1582 11785 I OMX-VDEC-1080P: set_frame_rate: the current time is 183028
06-05 18:30:28.509  1582 11785 I OMX-VDEC-1080P: set_frame_rate: the current time is 183028
06-05 18:30:28.542  1582 11785 I OMX-VDEC-1080P: set_frame_rate: the current time is 183028
06-05 18:30:28.575  1582 11785 I OMX-VDEC-1080P: set_frame_rate: the current time is 183028
06-05 18:30:28.609  1582 11785 I OMX-VDEC-1080P: set_frame_rate: the current time is 183028
06-05 18:30:28.642  1582 11785 I OMX-VDEC-1080P: set_frame_rate: the current time is 183028
06-05 18:30:28.675  1582 11785 I OMX-VDEC-1080P: set_frame_rate: the current time is 183028
06-05 18:30:28.709  1582 11785 I OMX-VDEC-1080P: set_frame_rate: the current time is 183028
06-05 18:30:28.727  1850  2553 D MIUIInput: [MotionEvent] publisher action=0x4, 5616774, channel 'c058ab6 com.miui.securitycenter (server)'
06-05 18:30:28.727  1850  2553 D MIUIInput: [MotionEvent] publisher action=0x0, 5616774, channel 'f66205e com.ss.android.ugc.trill/com.ss.android.ugc.aweme.splash.SplashActivity (server)'
06-05 18:30:28.728  7693  7693 I GameBoxTouchListener: onTouch: 	mAdded=false	isLeftShowtrue
06-05 18:30:28.742  1582 11785 I OMX-VDEC-1080P: set_frame_rate: the current time is 183028
06-05 18:30:28.745  1850  2553 D MIUIInput: [MotionEvent] publisher action=0x1, 5616792, channel 'f66205e com.ss.android.ugc.trill/com.ss.android.ugc.aweme.splash.SplashActivity (server)'
06-05 18:30:28.773 18541 18541 W System.err: java.lang.IllegalStateException: Observer X.AyY@ddd2956 was not registered.
06-05 18:30:28.774 18541 18541 W System.err: 	at android.database.Observable.unregisterObserver(Observable.java:69)
06-05 18:30:28.774 18541 18541 W System.err: 	at X.0BA.unregisterAdapterDataObserver(SourceFile:16842754)
06-05 18:30:28.774 18541 18541 W System.err: 	at X.AyW.registerAdapterDataObserver(SourceFile:16973836)
06-05 18:30:28.774 18541 18541 W System.err: 	at androidx.recyclerview.widget.RecyclerView.LIZ(SourceFile:50593826)
06-05 18:30:28.774 18541 18541 W System.err: 	at androidx.recyclerview.widget.RecyclerView.setAdapter(SourceFile:16908293)
06-05 18:30:28.774 18541 18541 W System.err: 	at com.ss.android.ugc.aweme.comment.ui.CommentListFragment.LJ(SourceFile:17301685)
06-05 18:30:28.774 18541 18541 W System.err: 	at com.ss.android.ugc.aweme.comment.ui.CommentListFragment.LIZJ(SourceFile:17170506)
06-05 18:30:28.774 18541 18541 W System.err: 	at com.ss.android.ugc.aweme.comment.ui.CommentListFragment.LIZ(SourceFile:554)
06-05 18:30:28.774 18541 18541 W System.err: 	at com.ss.android.ugc.aweme.comment.ui.CommentListPageFragment.LIZIZ(SourceFile:17236275)
06-05 18:30:28.774 18541 18541 W System.err: 	at com.ss.android.ugc.aweme.comment.ui.CommentListPageFragment.LIZ(SourceFile:50725065)
06-05 18:30:28.774 18541 18541 W System.err: 	at com.ss.android.ugc.aweme.comment.CommentServiceImpl.LIZ(SourceFile:50593795)
06-05 18:30:28.774 18541 18541 W System.err: 	at X.8w9.LIZ(SourceFile:17302001)
06-05 18:30:28.775 18541 18541 W System.err: 	at com.ss.android.ugc.aweme.feed.panel.BaseListFragmentPanel.LIZ(SourceFile:5037)
06-05 18:30:28.775 18541 18541 W System.err: 	at com.ss.android.ugc.aweme.feed.panel.BaseListFragmentPanel.LIZ(SourceFile:4984)
06-05 18:30:28.775 18541 18541 W System.err: 	at com.ss.android.ugc.aweme.feed.panel.BaseListFragmentPanel.LIZIZ(SourceFile:67305493)
06-05 18:30:28.775 18541 18541 W System.err: 	at com.ss.android.ugc.aweme.feed.panel.BaseListFragmentPanel.LIZ(SourceFile:4250)
06-05 18:30:28.775 18541 18541 W System.err: 	at X.86f.LIZ(SourceFile:17367088)
06-05 18:30:28.775 18541 18541 W System.err: 	at com.ss.android.ugc.aweme.feed.panel.BaseListFragmentPanel.LIZIZ(SourceFile:17235981)
06-05 18:30:28.775 18541 18541 W System.err: 	at com.ss.android.ugc.aweme.feed.panel.BaseListFragmentPanel.LIZ(SourceFile:514)
06-05 18:30:28.775 18541 18541 W System.err: 	at com.ss.android.ugc.aweme.feed.adapter.VideoViewCell.LIZ(SourceFile:33882182)
06-05 18:30:28.775 18541 18541 W System.err: 	at com.ss.android.ugc.aweme.feed.adapter.VideoViewCell.LIZ(SourceFile:52118)
06-05 18:30:28.776 18541 18541 W System.err: 	at com.ss.android.ugc.aweme.feed.adapter.VideoViewCell.onChanged(SourceFile:16842754)
06-05 18:30:28.776 18541 18541 W System.err: 	at X.Ahn$a.onChanged(SourceFile:16973839)
06-05 18:30:28.776 18541 18541 W System.err: 	at androidx.lifecycle.LiveData.considerNotify(SourceFile:17039389)
06-05 18:30:28.776 18541 18541 W System.err: 	at androidx.lifecycle.LiveData.dispatchingValue(SourceFile:17039410)
06-05 18:30:28.776 18541 18541 W System.err: 	at androidx.lifecycle.LiveData.setValue(SourceFile:16973838)
06-05 18:30:28.776 18541 18541 W System.err: 	at X.10c.setValue(SourceFile:16777216)
06-05 18:30:28.776 18541 18541 W System.err: 	at X.Ahn.setValue(SourceFile:16908294)
06-05 18:30:28.776 18541 18541 W System.err: 	at com.ss.android.ugc.aweme.arch.widgets.base.DataCenter.LIZ(SourceFile:33947710)
06-05 18:30:28.776 18541 18541 W System.err: 	at X.9Tg.LJFF(SourceFile:17301928)
06-05 18:30:28.776 18541 18541 W System.err: 	at X.9U2.onClick(SourceFile:16908295)
06-05 18:30:28.776 18541 18541 W System.err: 	at android.view.View.performClick(View.java:7750)
06-05 18:30:28.776 18541 18541 W System.err: 	at android.view.View.performClickInternal(View.java:7727)
06-05 18:30:28.776 18541 18541 W System.err: 	at android.view.View.access$3700(View.java:861)
06-05 18:30:28.776 18541 18541 W System.err: 	at android.view.View$PerformClick.run(View.java:29133)
06-05 18:30:28.776 18541 18541 W System.err: 	at android.os.Handler.handleCallback(Handler.java:938)
06-05 18:30:28.776 18541 18541 W System.err: 	at android.os.Handler.dispatchMessage(Handler.java:99)
06-05 18:30:28.776 18541 18541 W System.err: 	at android.os.Looper.loopOnce(Looper.java:210)
06-05 18:30:28.777 18541 18541 W System.err: 	at android.os.Looper.loop(Looper.java:299)
06-05 18:30:28.777 18541 18541 W System.err: 	at android.app.ActivityThread.main(ActivityThread.java:8105)
06-05 18:30:28.777 18541 18541 W System.err: 	at java.lang.reflect.Method.invoke(Native Method)
06-05 18:30:28.777 18541 18541 W System.err: 	at com.android.internal.os.RuntimeInit$MethodAndArgsCaller.run(RuntimeInit.java:556)
06-05 18:30:28.777 18541 18541 W System.err: 	at com.android.internal.os.ZygoteInit.main(ZygoteInit.java:1045)
06-05 18:30:28.778  1582 11785 I OMX-VDEC-1080P: set_frame_rate: the current time is 183028
06-05 18:30:28.789 18541 18541 D DecorView[]: getWindowModeFromSystem  windowmode is 1
06-05 18:30:28.808  1582 11785 I OMX-VDEC-1080P: set_frame_rate: the current time is 183028
06-05 18:30:28.840  1582 11785 I OMX-VDEC-1080P: set_frame_rate: the current time is 183028
06-05 18:30:28.875  1582 11785 I OMX-VDEC-1080P: set_frame_rate: the current time is 183028
06-05 18:30:28.889  4226  6018 I CarrierServices: [60] cfi.c: Connected state: [1], networkType: [WIFI]
06-05 18:30:28.909  1582 11785 I OMX-VDEC-1080P: set_frame_rate: the current time is 183028
06-05 18:30:28.943  1582 11785 I OMX-VDEC-1080P: set_frame_rate: the current time is 183028
06-05 18:30:28.976  1582 11785 I OMX-VDEC-1080P: set_frame_rate: the current time is 183028
06-05 18:30:29.009  1582 11785 I OMX-VDEC-1080P: set_frame_rate: the current time is 183029
06-05 18:30:29.043  1582 11785 I OMX-VDEC-1080P: set_frame_rate: the current time is 183029
06-05 18:30:29.067  1850  2553 D MIUIInput: [MotionEvent] publisher action=0x0, 5617114, channel 'ef046aa GestureStubBottom (server)'
06-05 18:30:29.067  3068  3289 D GestureStubView: onTouch ACTION_DOWN sendMessageDelayed MSG_CHECK_GESTURE_STUB_TOUCHABLE
06-05 18:30:29.068  3068  3289 D GesturesBackController: onPointerEvent swipeStatus:16
06-05 18:30:29.068  3068  3289 D GesturesBackController: mSwipeStatus == SWIPE_STATUS_ANIMATING, processPointerEvent
06-05 18:30:29.075  1582 11785 I OMX-VDEC-1080P: set_frame_rate: the current time is 183029
06-05 18:30:29.105  3068  3289 D GesturesBackController: onPointerEvent swipeStatus:8
06-05 18:30:29.105  3068  3289 D GesturesBackController: mSwipeStatus != SWIPE_STATUS_ANIMATING, processPointerEvent
06-05 18:30:29.109  1582 11785 I OMX-VDEC-1080P: set_frame_rate: the current time is 183029
06-05 18:30:29.109  1850  1941 D PerfImpl: perfGetWorkLoadType
06-05 18:30:29.110  1034  1034 E vendor.qti.hardware.perf@2.2-service: Unknown params
06-05 18:30:29.110  1034  1034 I ANDR-PERF-LM: LMPerfGlue: perfmodule_submit_request() 132: perfmodule_submit_request()
06-05 18:30:29.110  1034  1034 I ANDR-PERF-LM: Core: getInstance() 84: LM getInstance
06-05 18:30:29.110  1034  1034 D ANDR-PERF-LM: Feature: lookup() 101: Feature Name = AppClassifier, total featuers = 3, featureFound = 1
06-05 18:30:29.110  1034  1034 D ANDR-PERF-LM: Feature: getData() 112: data.data = 1
06-05 18:30:29.110  1034  1034 I ANDR-PERF-LM: FeedbackAPI: getFeedback() 60: app:com.ss.android.ugc.trill feature:AppClassifier feedback = 1
06-05 18:30:29.110  1850  1941 D PerfImpl: perfScrollBoost: com.ss.android.ugc.trill, -1, 4
06-05 18:30:29.111  1034  1034 E vendor.qti.hardware.perf@2.2-service: Unknown params
06-05 18:30:29.111  1034  1034 I ANDR-PERF-LM: LMPerfGlue: perfmodule_submit_request() 132: perfmodule_submit_request()
06-05 18:30:29.111  1034  1034 I ANDR-PERF-LM: Core: getInstance() 84: LM getInstance
06-05 18:30:29.111  1034  1034 I ANDR-PERF-LM: WQ: push() 59: LMTriggerQ push() size=0
06-05 18:30:29.111  1034  1034 I ANDR-PERF-LM: WQ: push() 61: LMTriggerQ push() done size=1
06-05 18:30:29.111  1034  1092 I ANDR-PERF-LM: WQ: pop() 42: LMTriggerQ pop() done size=0
06-05 18:30:29.111  1034  1092 I ANDR-PERF-LM: Core: lmMain() 373: Waiting on trigger Queue
06-05 18:30:29.111  1034  1092 I ANDR-PERF-LM: WQ: pop() 31: LMTriggerQ pop() size=0
06-05 18:30:29.111  1850  1941 D PerfImpl: perfGetWorkLoadType
06-05 18:30:29.111  1034  1034 E vendor.qti.hardware.perf@2.2-service: Unknown params
06-05 18:30:29.111  1034  1034 I ANDR-PERF-LM: LMPerfGlue: perfmodule_submit_request() 132: perfmodule_submit_request()
06-05 18:30:29.111  1034  1034 I ANDR-PERF-LM: Core: getInstance() 84: LM getInstance
06-05 18:30:29.111  1034  1034 D ANDR-PERF-LM: Feature: lookup() 101: Feature Name = AppClassifier, total featuers = 3, featureFound = 1
06-05 18:30:29.112  1034  1034 D ANDR-PERF-LM: Feature: getData() 112: data.data = 1
06-05 18:30:29.112  1034  1034 I ANDR-PERF-LM: FeedbackAPI: getFeedback() 60: app:com.ss.android.ugc.trill feature:AppClassifier feedback = 1
06-05 18:30:29.112  1850  1941 D PerfImpl: perfDragBoost: com.ss.android.ugc.trill, -1, 1
06-05 18:30:29.112  1034  1034 E vendor.qti.hardware.perf@2.2-service: Unknown params
06-05 18:30:29.121  3068  3289 D GesturesBackController: onPointerEvent swipeStatus:8
06-05 18:30:29.121  3068  3289 D GestureStubView: onSwipeStart: needAnimation: true
06-05 18:30:29.121  3068  3289 D GestureStubView: renderView
06-05 18:30:29.121  3068  3289 D GesturesBackController: onPointerEvent MotionEvent.ACTION_MOVE processMiuiGestures
06-05 18:30:29.121  3068  3289 D GesturesBackController: mSwipeStatus != SWIPE_STATUS_ANIMATING, processPointerEvent
06-05 18:30:29.137  3068  3289 D GesturesBackController: onPointerEvent swipeStatus:2
06-05 18:30:29.137  3068  3289 D GesturesBackController: onPointerEvent MotionEvent.ACTION_MOVE processMiuiGestures
06-05 18:30:29.137  3068  3289 D GesturesBackController: mSwipeStatus != SWIPE_STATUS_ANIMATING, processPointerEvent
06-05 18:30:29.139  1113  1113 D CompositionEngine: writeOutputDependentGeometryStateToHWC layer[com.ss.android.ugc.trill/com.ss.android.ugc.aweme.splash.SplashActivity#0] set Z 134217728 miFodLayer 0x8000000
06-05 18:30:29.139  1113  1113 D CompositionEngine: writeOutputDependentGeometryStateToHWC layer[com.miui.securitycenter/.FloatingWindow#0] set Z 134217729 miFodLayer 0x8000000
06-05 18:30:29.139  1113  1113 D CompositionEngine: writeOutputDependentGeometryStateToHWC layer[StatusBar#0] set Z 134217730 miFodLayer 0x8000000
06-05 18:30:29.139  1113  1113 D CompositionEngine: writeOutputDependentGeometryStateToHWC layer[GestureStubRight#0] set Z 134217731 miFodLayer 0x8000000
06-05 18:30:29.139  1113  1113 D CompositionEngine: writeOutputDependentGeometryStateToHWC layer[RoundCornerTop#0] set Z 134217732 miFodLayer 0x8000000
06-05 18:30:29.139  1113  1113 D CompositionEngine: writeOutputDependentGeometryStateToHWC layer[RoundCornerBottom#0] set Z 134217733 miFodLayer 0x8000000
06-05 18:30:29.145  1582 11785 I OMX-VDEC-1080P: set_frame_rate: the current time is 183029
06-05 18:30:29.154  3068  3289 D GesturesBackController: onPointerEvent swipeStatus:2
06-05 18:30:29.154  3068  3289 D GesturesBackController: onPointerEvent MotionEvent.ACTION_MOVE processMiuiGestures
06-05 18:30:29.154  3068  3289 D GesturesBackController: mSwipeStatus != SWIPE_STATUS_ANIMATING, processPointerEvent
06-05 18:30:29.170  3068  3289 D GesturesBackController: onPointerEvent swipeStatus:2
06-05 18:30:29.170  3068  3289 D GesturesBackController: onPointerEvent MotionEvent.ACTION_MOVE processMiuiGestures
06-05 18:30:29.171  3068  3289 D GesturesBackController: mSwipeStatus != SWIPE_STATUS_ANIMATING, processPointerEvent
06-05 18:30:29.175  1582 11785 I OMX-VDEC-1080P: set_frame_rate: the current time is 183029
06-05 18:30:29.187  3068  3289 D GesturesBackController: onPointerEvent swipeStatus:2
06-05 18:30:29.187  3068  3289 D GesturesBackController: onPointerEvent MotionEvent.ACTION_MOVE processMiuiGestures
06-05 18:30:29.187  3068  3289 D GesturesBackController: mSwipeStatus != SWIPE_STATUS_ANIMATING, processPointerEvent
06-05 18:30:29.204  3068  3289 D GesturesBackController: onPointerEvent swipeStatus:2
06-05 18:30:29.204  3068  3289 D GesturesBackController: onPointerEvent MotionEvent.ACTION_MOVE processMiuiGestures
06-05 18:30:29.204  3068  3289 D GesturesBackController: mSwipeStatus != SWIPE_STATUS_ANIMATING, processPointerEvent
06-05 18:30:29.206  3068  3287 W RenderInspector: DequeueBuffer time out on GestureStubBottom, count=1, avg=10 ms, max=10 ms.
06-05 18:30:29.210  1582 11785 I OMX-VDEC-1080P: set_frame_rate: the current time is 183029
06-05 18:30:29.220  3068  3289 D GesturesBackController: onPointerEvent swipeStatus:2
06-05 18:30:29.220  3068  3289 D GesturesBackController: onPointerEvent MotionEvent.ACTION_MOVE processMiuiGestures
06-05 18:30:29.220  3068  3289 D GesturesBackController: mSwipeStatus != SWIPE_STATUS_ANIMATING, processPointerEvent
06-05 18:30:29.236  3068  3289 D GesturesBackController: onPointerEvent swipeStatus:2
06-05 18:30:29.236  3068  3289 D GesturesBackController: onPointerEvent MotionEvent.ACTION_MOVE processMiuiGestures
06-05 18:30:29.237  3068  3289 D GesturesBackController: mSwipeStatus != SWIPE_STATUS_ANIMATING, processPointerEvent
06-05 18:30:29.241  1582 11785 I OMX-VDEC-1080P: set_frame_rate: the current time is 183029
06-05 18:30:29.254  3068  3289 D GesturesBackController: onPointerEvent swipeStatus:2
06-05 18:30:29.254  3068  3289 D GesturesBackController: onPointerEvent MotionEvent.ACTION_MOVE processMiuiGestures
06-05 18:30:29.254  3068  3289 D GesturesBackController: mSwipeStatus != SWIPE_STATUS_ANIMATING, processPointerEvent
06-05 18:30:29.269  3068  3289 D GesturesBackController: onPointerEvent swipeStatus:2
06-05 18:30:29.270  3068  3289 D GesturesBackController: onPointerEvent MotionEvent.ACTION_MOVE processMiuiGestures
06-05 18:30:29.270  3068  3289 D GesturesBackController: mSwipeStatus != SWIPE_STATUS_ANIMATING, processPointerEvent
06-05 18:30:29.275  1582 11785 I OMX-VDEC-1080P: set_frame_rate: the current time is 183029
06-05 18:30:29.286  3068  3289 D GesturesBackController: onPointerEvent swipeStatus:2
06-05 18:30:29.286  3068  3289 D GesturesBackController: onPointerEvent MotionEvent.ACTION_MOVE processMiuiGestures
06-05 18:30:29.286  3068  3289 D GesturesBackController: mSwipeStatus != SWIPE_STATUS_ANIMATING, processPointerEvent
06-05 18:30:29.303  3068  3289 D GesturesBackController: onPointerEvent swipeStatus:2
06-05 18:30:29.303  3068  3289 D GesturesBackController: onPointerEvent MotionEvent.ACTION_MOVE processMiuiGestures
06-05 18:30:29.303  3068  3289 D GesturesBackController: mSwipeStatus != SWIPE_STATUS_ANIMATING, processPointerEvent
06-05 18:30:29.308  1582 11785 I OMX-VDEC-1080P: set_frame_rate: the current time is 183029
06-05 18:30:29.319  3068  3289 D GesturesBackController: onPointerEvent swipeStatus:2
06-05 18:30:29.319  3068  3289 D GesturesBackController: onPointerEvent MotionEvent.ACTION_MOVE processMiuiGestures
06-05 18:30:29.319  3068  3289 D GesturesBackController: mSwipeStatus != SWIPE_STATUS_ANIMATING, processPointerEvent
06-05 18:30:29.336  3068  3289 D GesturesBackController: onPointerEvent swipeStatus:2
06-05 18:30:29.336  3068  3289 D GesturesBackController: onPointerEvent MotionEvent.ACTION_MOVE processMiuiGestures
06-05 18:30:29.336  3068  3289 D GesturesBackController: mSwipeStatus != SWIPE_STATUS_ANIMATING, processPointerEvent
06-05 18:30:29.342  1582 11785 I OMX-VDEC-1080P: set_frame_rate: the current time is 183029
06-05 18:30:29.352  3068  3289 D GesturesBackController: onPointerEvent swipeStatus:2
06-05 18:30:29.353  3068  3289 D GesturesBackController: onPointerEvent MotionEvent.ACTION_MOVE processMiuiGestures
06-05 18:30:29.353  3068  3289 D GesturesBackController: mSwipeStatus != SWIPE_STATUS_ANIMATING, processPointerEvent
06-05 18:30:29.369  3068  3289 D GesturesBackController: onPointerEvent swipeStatus:2
06-05 18:30:29.369  3068  3289 D GesturesBackController: onPointerEvent MotionEvent.ACTION_MOVE processMiuiGestures
06-05 18:30:29.369  3068  3289 D GesturesBackController: mSwipeStatus != SWIPE_STATUS_ANIMATING, processPointerEvent
06-05 18:30:29.375  1582 11785 I OMX-VDEC-1080P: set_frame_rate: the current time is 183029
06-05 18:30:29.385  3068  3289 D GesturesBackController: onPointerEvent swipeStatus:2
06-05 18:30:29.385  3068  3289 D GesturesBackController: onPointerEvent MotionEvent.ACTION_MOVE processMiuiGestures
06-05 18:30:29.386  3068  3289 D GesturesBackController: mSwipeStatus != SWIPE_STATUS_ANIMATING, processPointerEvent
