06-05 18:27:05.730  1582 11110 I OMX-VDEC-1080P: set_frame_rate: the current time is 182705
06-05 18:27:05.739  1850  1941 D PerfImpl: perfGetWorkLoadType
06-05 18:27:05.739  1034  1034 E vendor.qti.hardware.perf@2.2-service: Unknown params
06-05 18:27:05.739  1034  1034 I ANDR-PERF-LM: LMPerfGlue: perfmodule_submit_request() 132: perfmodule_submit_request()
06-05 18:27:05.739  1034  1034 I ANDR-PERF-LM: Core: getInstance() 84: LM getInstance
06-05 18:27:05.739  1034  1034 D ANDR-PERF-LM: Feature: lookup() 101: Feature Name = AppClassifier, total featuers = 3, featureFound = 1
06-05 18:27:05.740  1034  1034 D ANDR-PERF-LM: Feature: getData() 112: data.data = 1
06-05 18:27:05.740  1034  1034 I ANDR-PERF-LM: FeedbackAPI: getFeedback() 60: app:com.ss.android.ugc.trill feature:AppClassifier feedback = 1
06-05 18:27:05.740  1850  1941 D PerfImpl: perfScrollBoost: com.ss.android.ugc.trill, -1, 4
06-05 18:27:05.740  1034  1034 E vendor.qti.hardware.perf@2.2-service: Unknown params
06-05 18:27:05.740  1034  1034 I ANDR-PERF-LM: LMPerfGlue: perfmodule_submit_request() 132: perfmodule_submit_request()
06-05 18:27:05.741  1034  1034 I ANDR-PERF-LM: Core: getInstance() 84: LM getInstance
06-05 18:27:05.741  1034  1034 I ANDR-PERF-LM: WQ: push() 59: LMTriggerQ push() size=0
06-05 18:27:05.741  1034  1034 I ANDR-PERF-LM: WQ: push() 61: LMTriggerQ push() done size=1
06-05 18:27:05.741  1034  1092 I ANDR-PERF-LM: WQ: pop() 42: LMTriggerQ pop() done size=0
06-05 18:27:05.741  1034  1092 I ANDR-PERF-LM: Core: lmMain() 373: Waiting on trigger Queue
06-05 18:27:05.741  1850  1941 D PerfImpl: perfGetWorkLoadType
06-05 18:27:05.741  1034  1034 E vendor.qti.hardware.perf@2.2-service: Unknown params
06-05 18:27:05.741  1034  1092 I ANDR-PERF-LM: WQ: pop() 31: LMTriggerQ pop() size=0
06-05 18:27:05.741  1034  1034 I ANDR-PERF-LM: LMPerfGlue: perfmodule_submit_request() 132: perfmodule_submit_request()
06-05 18:27:05.741  1034  1034 I ANDR-PERF-LM: Core: getInstance() 84: LM getInstance
06-05 18:27:05.741  1034  1034 D ANDR-PERF-LM: Feature: lookup() 101: Feature Name = AppClassifier, total featuers = 3, featureFound = 1
06-05 18:27:05.741  1034  1034 D ANDR-PERF-LM: Feature: getData() 112: data.data = 1
06-05 18:27:05.741  1034  1034 I ANDR-PERF-LM: FeedbackAPI: getFeedback() 60: app:com.ss.android.ugc.trill feature:AppClassifier feedback = 1
06-05 18:27:05.741  1850  1941 D PerfImpl: perfDragBoost: com.ss.android.ugc.trill, -1, 1
06-05 18:27:05.741  1034  1034 E vendor.qti.hardware.perf@2.2-service: Unknown params
06-05 18:27:05.763 18541 29532 W MessageQueue: Handler (android.os.Handler) {f78845b} sending message to a Handler on a dead thread
06-05 18:27:05.763 18541 29532 W MessageQueue: java.lang.IllegalStateException: Handler (android.os.Handler) {f78845b} sending message to a Handler on a dead thread
06-05 18:27:05.763 18541 29532 W MessageQueue: 	at android.os.MessageQueue.enqueueMessage(MessageQueue.java:569)
06-05 18:27:05.763 18541 29532 W MessageQueue: 	at android.os.Handler.enqueueMessage(Handler.java:778)
06-05 18:27:05.763 18541 29532 W MessageQueue: 	at android.os.Handler.sendMessageAtTime(Handler.java:727)
06-05 18:27:05.763 18541 29532 W MessageQueue: 	at android.os.Handler.sendMessageDelayed(Handler.java:697)
06-05 18:27:05.763 18541 29532 W MessageQueue: 	at android.os.Handler.post(Handler.java:427)
06-05 18:27:05.763 18541 29532 W MessageQueue: 	at X.HKP.LIZ(SourceFile:33751054)
06-05 18:27:05.763 18541 29532 W MessageQueue: 	at X.HKP.LIZ(SourceFile:16908295)
06-05 18:27:05.763 18541 29532 W MessageQueue: 	at X.Iuq.<init>(SourceFile:17039393)
06-05 18:27:05.763 18541 29532 W MessageQueue: 	at X.IuS.LIZ(SourceFile:67633363)
06-05 18:27:05.763 18541 29532 W MessageQueue: 	at X.IuS.<init>(SourceFile:50922652)
06-05 18:27:05.763 18541 29532 W MessageQueue: 	at X.6Z1.<init>(SourceFile:33816631)
06-05 18:27:05.763 18541 29532 W MessageQueue: 	at X.6U2.LJJIJIIJIL(SourceFile:590369)
06-05 18:27:05.763 18541 29532 W MessageQueue: 	at X.6U2.<init>(SourceFile:84279443)
06-05 18:27:05.763 18541 29532 W MessageQueue: 	at X.6LW.LIZ(SourceFile:17170525)
06-05 18:27:05.763 18541 29532 W MessageQueue: 	at X.6LV.LIZ(SourceFile:16973837)
06-05 18:27:05.763 18541 29532 W MessageQueue: 	at X.6Nc.LJJIJIIJI(SourceFile:262150)
06-05 18:27:05.763 18541 29532 W MessageQueue: 	at X.6Nc.LIZ(SourceFile:33947685)
06-05 18:27:05.763 18541 29532 W MessageQueue: 	at X.6Nc.LIZ(SourceFile:820)
06-05 18:27:05.763 18541 29532 W MessageQueue: 	at X.6Nc.LIZ(SourceFile:84411129)
06-05 18:27:05.763 18541 29532 W MessageQueue: 	at X.6Nc.LIZ(SourceFile:254)
06-05 18:27:05.763 18541 29532 W MessageQueue: 	at X.6Nc.LIZ(SourceFile:12250)
06-05 18:27:05.763 18541 29532 W MessageQueue: 	at X.6NK.handleMessage(SourceFile:17301743)
06-05 18:27:05.763 18541 29532 W MessageQueue: 	at android.os.Handler.dispatchMessage(Handler.java:106)
06-05 18:27:05.763 18541 29532 W MessageQueue: 	at android.os.Looper.loopOnce(Looper.java:210)
06-05 18:27:05.763 18541 29532 W MessageQueue: 	at android.os.Looper.loop(Looper.java:299)
06-05 18:27:05.763 18541 29532 W MessageQueue: 	at android.os.HandlerThread.run(HandlerThread.java:67)
06-05 18:27:05.764  1582 11110 I OMX-VDEC-1080P: set_frame_rate: the current time is 182705
06-05 18:27:05.764 18541 29532 W ttmdl   : <0x0,AVMDLManagerBridge.cpp,native_setIntValue,765>set key:709 value:0
06-05 18:27:05.764 18541 29532 W ttmdl   : <0x0,AVMDLog.cpp,set_alog_enable,38>set_alog_enable, 0
06-05 18:27:05.765 18541 29532 W MessageQueue: Handler (android.os.Handler) {f78845b} sending message to a Handler on a dead thread
06-05 18:27:05.765 18541 29532 W MessageQueue: java.lang.IllegalStateException: Handler (android.os.Handler) {f78845b} sending message to a Handler on a dead thread
06-05 18:27:05.765 18541 29532 W MessageQueue: 	at android.os.MessageQueue.enqueueMessage(MessageQueue.java:569)
06-05 18:27:05.765 18541 29532 W MessageQueue: 	at android.os.Handler.enqueueMessage(Handler.java:778)
06-05 18:27:05.765 18541 29532 W MessageQueue: 	at android.os.Handler.sendMessageAtTime(Handler.java:727)
06-05 18:27:05.765 18541 29532 W MessageQueue: 	at android.os.Handler.sendMessageDelayed(Handler.java:697)
06-05 18:27:05.765 18541 29532 W MessageQueue: 	at android.os.Handler.post(Handler.java:427)
06-05 18:27:05.765 18541 29532 W MessageQueue: 	at X.HKP.LIZ(SourceFile:33751054)
06-05 18:27:05.765 18541 29532 W MessageQueue: 	at X.HKP.LIZIZ(SourceFile:16908295)
06-05 18:27:05.765 18541 29532 W MessageQueue: 	at X.RPA.LIZ(SourceFile:17170456)
06-05 18:27:05.765 18541 29532 W MessageQueue: 	at X.IuS.LIZLLL(SourceFile:34078895)
06-05 18:27:05.765 18541 29532 W MessageQueue: 	at X.IuS.LJLJI(SourceFile:393264)
06-05 18:27:05.765 18541 29532 W MessageQueue: 	at X.IuS.LJJLJLI(SourceFile:393245)
06-05 18:27:05.765 18541 29532 W MessageQueue: 	at X.IuS.LJIIJJI(SourceFile:17170460)
06-05 18:27:05.765 18541 29532 W MessageQueue: 	at X.IuS.LIZ(SourceFile:5041)
06-05 18:27:05.765 18541 29532 W MessageQueue: 	at X.IuS.LIZIZ(SourceFile:50790422)
06-05 18:27:05.765 18541 29532 W MessageQueue: 	at X.IuS.LIZ(SourceFile:4903)
06-05 18:27:05.765 18541 29532 W MessageQueue: 	at X.6Z1.LIZ(SourceFile:1063)
06-05 18:27:05.765 18541 29532 W MessageQueue: 	at X.6U2.LIZ(SourceFile:84543345)
06-05 18:27:05.765 18541 29532 W MessageQueue: 	at X.6U2.LIZ(Unknown Source:0)
06-05 18:27:05.765 18541 29532 W MessageQueue: 	at X.6U2.LIZ(SourceFile:1438)
06-05 18:27:05.765 18541 29532 W MessageQueue: 	at X.6Nc.LIZ(SourceFile:1033)
06-05 18:27:05.765 18541 29532 W MessageQueue: 	at X.6Nc.LIZ(SourceFile:84411129)
06-05 18:27:05.765 18541 29532 W MessageQueue: 	at X.6Nc.LIZ(SourceFile:254)
06-05 18:27:05.765 18541 29532 W MessageQueue: 	at X.6Nc.LIZ(SourceFile:12250)
06-05 18:27:05.765 18541 29532 W MessageQueue: 	at X.6NK.handleMessage(SourceFile:17301743)
06-05 18:27:05.765 18541 29532 W MessageQueue: 	at android.os.Handler.dispatchMessage(Handler.java:106)
06-05 18:27:05.765 18541 29532 W MessageQueue: 	at android.os.Looper.loopOnce(Looper.java:210)
06-05 18:27:05.765 18541 29532 W MessageQueue: 	at android.os.Looper.loop(Looper.java:299)
06-05 18:27:05.765 18541 29532 W MessageQueue: 	at android.os.HandlerThread.run(HandlerThread.java:67)
06-05 18:27:05.767 18541 29532 W MessageQueue: Handler (android.os.Handler) {f78845b} sending message to a Handler on a dead thread
06-05 18:27:05.767 18541 29532 W MessageQueue: java.lang.IllegalStateException: Handler (android.os.Handler) {f78845b} sending message to a Handler on a dead thread
06-05 18:27:05.767 18541 29532 W MessageQueue: 	at android.os.MessageQueue.enqueueMessage(MessageQueue.java:569)
06-05 18:27:05.767 18541 29532 W MessageQueue: 	at android.os.Handler.enqueueMessage(Handler.java:778)
06-05 18:27:05.767 18541 29532 W MessageQueue: 	at android.os.Handler.sendMessageAtTime(Handler.java:727)
06-05 18:27:05.767 18541 29532 W MessageQueue: 	at android.os.Handler.sendMessageDelayed(Handler.java:697)
06-05 18:27:05.767 18541 29532 W MessageQueue: 	at android.os.Handler.post(Handler.java:427)
06-05 18:27:05.767 18541 29532 W MessageQueue: 	at X.HKP.LIZ(SourceFile:33751054)
06-05 18:27:05.767 18541 29532 W MessageQueue: 	at X.HKP.LIZ(SourceFile:16908295)
06-05 18:27:05.767 18541 29532 W MessageQueue: 	at X.RPA.LJFF(SourceFile:327795)
06-05 18:27:05.767 18541 29532 W MessageQueue: 	at X.IuS.LJIIJ(SourceFile:17236170)
06-05 18:27:05.767 18541 29532 W MessageQueue: 	at X.IuS.LJJJJL(SourceFile:262195)
06-05 18:27:05.767 18541 29532 W MessageQueue: 	at X.IuS.LJIIJJI(SourceFile:262186)
06-05 18:27:05.767 18541 29532 W MessageQueue: 	at X.6Z1.LJIIJJI(SourceFile:65538)
06-05 18:27:05.767 18541 29532 W MessageQueue: 	at X.6U2.LIZ(SourceFile:84545035)
06-05 18:27:05.767 18541 29532 W MessageQueue: 	at X.6U2.LIZ(Unknown Source:0)
06-05 18:27:05.767 18541 29532 W MessageQueue: 	at X.6U2.LIZ(SourceFile:1438)
06-05 18:27:05.767 18541 29532 W MessageQueue: 	at X.6Nc.LIZ(SourceFile:1033)
06-05 18:27:05.767 18541 29532 W MessageQueue: 	at X.6Nc.LIZ(SourceFile:84411129)
06-05 18:27:05.767 18541 29532 W MessageQueue: 	at X.6Nc.LIZ(SourceFile:254)
06-05 18:27:05.767 18541 29532 W MessageQueue: 	at X.6Nc.LIZ(SourceFile:12250)
06-05 18:27:05.767 18541 29532 W MessageQueue: 	at X.6NK.handleMessage(SourceFile:17301743)
06-05 18:27:05.767 18541 29532 W MessageQueue: 	at android.os.Handler.dispatchMessage(Handler.java:106)
06-05 18:27:05.767 18541 29532 W MessageQueue: 	at android.os.Looper.loopOnce(Looper.java:210)
06-05 18:27:05.767 18541 29532 W MessageQueue: 	at android.os.Looper.loop(Looper.java:299)
06-05 18:27:05.767 18541 29532 W MessageQueue: 	at android.os.HandlerThread.run(HandlerThread.java:67)
06-05 18:27:05.768 18541 29532 W ttmp    : set_logger_level:0
06-05 18:27:05.769 18541 19350 I ttmn    : <0x0,av_sort_queue.h,enableFixSort,17>AVSortQueue::enableFixSort:0
06-05 18:27:05.772 18541 19350 I MediaCodec: video box enabled in settings
06-05 18:27:05.772 18541 19350 I VideoBoxStub: VideoBoxStub::initVideobox
06-05 18:27:05.775 18541 19350 I VideoBox: VideoBox::VideoBox
06-05 18:27:05.776 18541 19350 I VideoBox: initVideobox
06-05 18:27:05.776 18541 19350 I VideoBox: initVideobox going OMX.qcom.video.decoder.hevc
06-05 18:27:05.776 18541 19350 I VideoBox: initVideobox return false for platform is not support vpp
06-05 18:27:05.776 18541 19350 I VideoBoxStub: VideoBoxStub::releaseVideoBox
06-05 18:27:05.776 18541 19350 I VideoBox: VideoBox::~VideoBox
06-05 18:27:05.777 18541 19350 I MediaCodec: init video box disabled for init not supported
06-05 18:27:05.781 18541 11125 I OMXClient: IOmx service obtained
06-05 18:27:05.781  1582  5405 I OMXMaster: makeComponentInstance(OMX.qcom.video.decoder.hevc) in android.hardwar process
06-05 18:27:05.783  1582  5405 I OMX_VPP : Constructed VppOmxComponent
06-05 18:27:05.785  1582  5405 D PlatformConfig: getInstance: Enter
06-05 18:27:05.785  1582  5405 D PlatformConfig: getInt32 Config name: vidc_dec_log_in value: 0
06-05 18:27:05.785  1582  5405 D PlatformConfig: getInstance: Enter
06-05 18:27:05.785  1582  5405 D PlatformConfig: getInt32 Config name: vidc_dec_log_out value: 0
06-05 18:27:05.785  1582  5405 D PlatformConfig: getInstance: Enter
06-05 18:27:05.785  1582  5405 D PlatformConfig: getInt32 Config name: vidc_dec_sec_prefetch_size_internal value: 209715200
06-05 18:27:05.785  1582  5405 D PlatformConfig: getInstance: Enter
06-05 18:27:05.785  1582  5405 D PlatformConfig: getInt32 Config name: vidc_dec_sec_prefetch_size_output value: 13434880
06-05 18:27:05.785  1582  5405 D PlatformConfig: getInstance: Enter
06-05 18:27:05.785  1582  5405 D PlatformConfig: getInt32 Config name: vidc_perf_control_enable value: 0
06-05 18:27:05.785  1582  5405 D PlatformConfig: getInstance: Enter
06-05 18:27:05.785  1582  5405 D PlatformConfig: getInt32 Config name: vidc_dec_thumbnail_yuv_output value: 0
06-05 18:27:05.785  1582  5405 D PlatformConfig: getInstance: Enter
06-05 18:27:05.785  1582  5405 D PlatformConfig: getInt32: Returning default
06-05 18:27:05.785  1582  5405 D PlatformConfig: getInstance: Enter
06-05 18:27:05.786  1582  5405 D PlatformConfig: getInt32 Config name: vidc_dec_output_rate value: 120
06-05 18:27:05.786  1582  5405 I OMX-VDEC-1080P: component_init: OMX.qcom.video.decoder.hevc : fd=8
06-05 18:27:05.786  1582  5405 E OMX-VDEC-1080P: Unsupported output color format for c2d (2141391876)
06-05 18:27:05.786  1582  5405 E OMX-VDEC-1080P: Setting color format failed
06-05 18:27:05.787  1582  5405 D PlatformConfig: getInstance: Enter
06-05 18:27:05.787  1582  5405 D PlatformConfig: getInt32: Returning default
06-05 18:27:05.787  1582  5405 D PlatformConfig: getInstance: Enter
06-05 18:27:05.787  1582  5405 D PlatformConfig: getInt32: Returning default
06-05 18:27:05.788  1582  5405 I OMX-VDEC-1080P: omx_vdec::component_init() success : fd=8
06-05 18:27:05.788  1582  5405 I OMX_VPP : FRC is used
06-05 18:27:05.788  1582  5405 I OMX_VPP : AIE is used
06-05 18:27:05.789  1582  5405 E OMX_VPP : unable to find area=vpp/config=frc.bypass.all, returning default=0
06-05 18:27:05.789  1582  5405 I OMX_VPP : component_init: fully completed with decoder(OMX.qcom.video.decoder.hevc)
06-05 18:27:05.791 18541 11124 D MediaCodecOpt: TryCall hook func called
06-05 18:27:05.791 18541 11124 D MediaCodecOpt: before call orig, retCode = 0
06-05 18:27:05.791 18541 11124 D MediaCodecOpt: after call orig, retCode = 0
06-05 18:27:05.792 18541 19350 I MediaCodec: configure : init video box disabled
06-05 18:27:05.792 18541 11124 D SurfaceUtils: connecting to surface 0x7aea949010, reason connectToSurface
06-05 18:27:05.792 18541 11124 I MediaCodec: [OMX.qcom.video.decoder.hevc] setting surface generation to 18986065
06-05 18:27:05.792 18541 11124 D SurfaceUtils: disconnecting from surface 0x7aea949010, reason connectToSurface(reconnect)
06-05 18:27:05.792 18541 11124 D SurfaceUtils: connecting to surface 0x7aea949010, reason connectToSurface(reconnect)
06-05 18:27:05.793  1582  1739 E OMX-VDEC-1080P: Extension: OMX.google.android.index.storeANWBufferInMetadata not implemented
06-05 18:27:05.793  1582  1739 E OMX-VDEC-1080P: Extension: OMX.google.android.index.configureVideoTunnelMode not implemented
06-05 18:27:05.793  1582  1739 E OMX-VDEC-1080P: Extension: OMX.google.android.index.useAndroidNativeBuffer is supported
06-05 18:27:05.793  1582  1739 E OMX-VDEC-1080P: set_parameter: Error: 0x80001019, setting param 0x7f00005d
06-05 18:27:05.793  1582  1739 E OMXNodeInstance: setParameter(0xf1079804:qcom.decoder.hevc, OMX.google.android.index.allocateNativeHandle(0x7f00005d): Output:1 en=0) ERROR: UnsupportedSetting(0x80001019)
06-05 18:27:05.793  1582  1739 E OMX-VDEC-1080P: Extension: OMX.google.android.index.storeANWBufferInMetadata not implemented
06-05 18:27:05.793  1582  1739 I OMX_VPP : set meta buffer mode: True
06-05 18:27:05.794  1582  1739 E OMX-VDEC-1080P: get_parameter: unknown param 6f600011
06-05 18:27:05.794  1582  1739 E OMXNodeInstance: getParameter(0xf1079804:qcom.decoder.hevc, ??(0x6f600011)) ERROR: UnsupportedIndex(0x8000101a)
06-05 18:27:05.794 18541 11125 I ExtendedACodec: setupVideoDecoder()
06-05 18:27:05.794  1582  1739 I OMX_VPP : FRAME WIDTH 1280 FRAME HEIGHT 720
06-05 18:27:05.795  1582  1739 I OMX_VPP : get_parameter counts 28 28
06-05 18:27:05.795  1582  1739 I OMX_VPP : frc valid: true
06-05 18:27:05.795  1582  1739 I OMX_VPP : aie valid: true
06-05 18:27:05.795  1582  1739 I OMX_VPP : vpp setParameter err: out: 0, in: 0
06-05 18:27:05.795  1582  1739 I OMX_VPP : vpp setParameter completed
06-05 18:27:05.795  1582 11110 I OMX-VDEC-1080P: set_frame_rate: the current time is 182705
06-05 18:27:05.795 18541 11125 I ExtendedACodec: Decoder will be in frame by frame mode
06-05 18:27:05.795  1582  1739 E OMX-VDEC-1080P: Setparameter: unknown param 2130706434
06-05 18:27:05.795  1582  1739 E OMX-VDEC-1080P: set_parameter: Error: 0x8000101a, setting param 0x7f000002
06-05 18:27:05.795  1582  1739 E OMXNodeInstance: setParameter(0xf1079804:qcom.decoder.hevc, ??(0x7f000002)) ERROR: UnsupportedIndex(0x8000101a)
06-05 18:27:05.795 18541 11125 W ExtendedACodec: Failed to set frame packing format on component
06-05 18:27:05.799  1582  1739 I OMX_VPP : FRAME WIDTH 1280 FRAME HEIGHT 720
06-05 18:27:05.799  1582  1739 I OMX_VPP : get_parameter counts 28 28
06-05 18:27:05.799  1582  1739 I OMX_VPP : FRAME WIDTH 1280 FRAME HEIGHT 720
06-05 18:27:05.799  1582  1739 I OMX_VPP : get_parameter counts 28 28
06-05 18:27:05.799  1582  1739 E OMXNodeInstance: getConfig(0xf1079804:qcom.decoder.hevc, ??(0x7f000062)) ERROR: UnsupportedSetting(0x80001019)
06-05 18:27:05.802  1582  1739 I OMX_VPP : send_command In 0 param1 2
06-05 18:27:05.821  1582  1739 I OMX_VPP : FRAME WIDTH 1280 FRAME HEIGHT 720
06-05 18:27:05.821  1582  1739 I OMX_VPP : get_parameter counts 28 28
06-05 18:27:05.822  1582  1739 I OMX_VPP : FRAME WIDTH 1280 FRAME HEIGHT 720
06-05 18:27:05.822  1582  1739 I OMX_VPP : get_parameter counts 28 28
06-05 18:27:05.822  1582  1739 E OMX-VDEC-1080P: Extension: OMX.google.android.index.AndroidNativeBufferConsumerUsage not implemented
06-05 18:27:05.822 18541 11125 D SurfaceUtils: set up nativeWindow 0x7aea949010 for 720x1280, color 0x7fa30c06, rotation 0, usage 0x20402900
06-05 18:27:05.822  1582  1739 I OMX_VPP : frc valid: true
06-05 18:27:05.822  1582  1739 I OMX_VPP : aie valid: true
06-05 18:27:05.823  1582  1739 I OMX_VPP : RegisterClientBuffer: omxBuf=0xf113c000, id=0, obdIdx=0, invalid=0, omxHdr=0xf1113c00, vppBuf=0xf113c010, handle=0xf13a22c8, pool=0
06-05 18:27:05.823  1582  1739 I OMX_VPP : RegisterClientBuffer: omxBuf=0xf1140b40, id=1, obdIdx=0, invalid=0, omxHdr=0xf1113c50, vppBuf=0xf1140b50, handle=0xf13a2308, pool=0
06-05 18:27:05.823  1582  1739 I OMX_VPP : RegisterClientBuffer: omxBuf=0xf113f2c0, id=2, obdIdx=0, invalid=0, omxHdr=0xf1113ca0, vppBuf=0xf113f2d0, handle=0xf13a2348, pool=0
06-05 18:27:05.823  1582  1739 I OMX_VPP : RegisterClientBuffer: omxBuf=0xf12f8fe0, id=3, obdIdx=0, invalid=0, omxHdr=0xf1113cf0, vppBuf=0xf12f8ff0, handle=0xf13a2358, pool=0
06-05 18:27:05.823  1582  1739 I OMX_VPP : RegisterClientBuffer: omxBuf=0xf113f5d0, id=4, obdIdx=0, invalid=0, omxHdr=0xf1113d40, vppBuf=0xf113f5e0, handle=0xf13a23b8, pool=0
06-05 18:27:05.823  1582  1739 I OMX_VPP : RegisterClientBuffer: omxBuf=0xf1140fa0, id=5, obdIdx=0, invalid=0, omxHdr=0xf1113d90, vppBuf=0xf1140fb0, handle=0xf13a23d8, pool=0
06-05 18:27:05.823  1582  1739 I OMX_VPP : RegisterClientBuffer: omxBuf=0xf113c460, id=6, obdIdx=0, invalid=0, omxHdr=0xf1113de0, vppBuf=0xf113c470, handle=0xf13a23f0, pool=0
06-05 18:27:05.823  1582  1739 I OMX_VPP : RegisterClientBuffer: omxBuf=0xf113c5b0, id=7, obdIdx=0, invalid=0, omxHdr=0xf1113e30, vppBuf=0xf113c5c0, handle=0xf13a23f8, pool=0
06-05 18:27:05.823  1582  1739 I OMX_VPP : RegisterClientBuffer: omxBuf=0xf113c620, id=8, obdIdx=0, invalid=0, omxHdr=0xf1113e80, vppBuf=0xf113c630, handle=0xf13a2408, pool=0
06-05 18:27:05.823  1582  1739 I OMX_VPP : RegisterClientBuffer: omxBuf=0xf113c770, id=9, obdIdx=0, invalid=0, omxHdr=0xf1113ed0, vppBuf=0xf113c780, handle=0xf13a2438, pool=0
06-05 18:27:05.824  1582  1739 I OMX_VPP : RegisterClientBuffer: omxBuf=0xf113cc40, id=10, obdIdx=0, invalid=0, omxHdr=0xf1113f20, vppBuf=0xf113cc50, handle=0xf13a2440, pool=0
06-05 18:27:05.824  1582  1739 I OMX_VPP : RegisterClientBuffer: omxBuf=0xf113ccb0, id=11, obdIdx=0, invalid=0, omxHdr=0xf1113f70, vppBuf=0xf113ccc0, handle=0xf13a2448, pool=0
06-05 18:27:05.824  1582  1739 I OMX_VPP : RegisterClientBuffer: omxBuf=0xf113cf50, id=12, obdIdx=0, invalid=0, omxHdr=0xf1113fc0, vppBuf=0xf113cf60, handle=0xf13a2490, pool=0
06-05 18:27:05.824  1582  1739 I OMX_VPP : RegisterClientBuffer: omxBuf=0xf113cfc0, id=13, obdIdx=0, invalid=0, omxHdr=0xf1114010, vppBuf=0xf113cfd0, handle=0xf13a24a0, pool=0
06-05 18:27:05.824  1582  1739 I OMX_VPP : RegisterClientBuffer: omxBuf=0xf113d500, id=14, obdIdx=0, invalid=0, omxHdr=0xf1114060, vppBuf=0xf113d510, handle=0xf13a24b0, pool=0
06-05 18:27:05.824  1582  1739 I OMX_VPP : RegisterClientBuffer: omxBuf=0xf113dc00, id=15, obdIdx=0, invalid=0, omxHdr=0xf11140b0, vppBuf=0xf113dc10, handle=0xf13a24b8, pool=0
06-05 18:27:05.824  1582  1739 I OMX_VPP : RegisterClientBuffer: omxBuf=0xf113df80, id=16, obdIdx=0, invalid=0, omxHdr=0xf1114100, vppBuf=0xf113df90, handle=0xf13a24c0, pool=0
06-05 18:27:05.824  1582  1739 I OMX_VPP : RegisterClientBuffer: omxBuf=0xf113e920, id=17, obdIdx=0, invalid=0, omxHdr=0xf1114150, vppBuf=0xf113e930, handle=0xf13a24d8, pool=0
06-05 18:27:05.824  1582  1739 I OMX_VPP : RegisterClientBuffer: omxBuf=0xf113ed80, id=18, obdIdx=0, invalid=0, omxHdr=0xf11141a0, vppBuf=0xf113ed90, handle=0xf13a24e0, pool=0
06-05 18:27:05.825  1582  1739 I OMX_VPP : RegisterClientBuffer: omxBuf=0xf113edf0, id=19, obdIdx=0, invalid=0, omxHdr=0xf11141f0, vppBuf=0xf113ee00, handle=0xf13a24e8, pool=0
06-05 18:27:05.825  1582  1739 I OMX_VPP : RegisterClientBuffer: omxBuf=0xf113ee60, id=20, obdIdx=0, invalid=0, omxHdr=0xf1114240, vppBuf=0xf113ee70, handle=0xf13a24f0, pool=0
06-05 18:27:05.825  1582  1739 I OMX_VPP : RegisterClientBuffer: omxBuf=0xf113eed0, id=21, obdIdx=0, invalid=0, omxHdr=0xf1114290, vppBuf=0xf113eee0, handle=0xf13a24f8, pool=0
06-05 18:27:05.825  1582  1739 I OMX_VPP : RegisterClientBuffer: omxBuf=0xf113ef40, id=22, obdIdx=0, invalid=0, omxHdr=0xf11142e0, vppBuf=0xf113ef50, handle=0xf13a2500, pool=0
06-05 18:27:05.825  1582  1739 I OMX_VPP : RegisterClientBuffer: omxBuf=0xf113f410, id=23, obdIdx=0, invalid=0, omxHdr=0xf1114330, vppBuf=0xf113f420, handle=0xf13a2508, pool=0
06-05 18:27:05.825  1582  1739 I OMX_VPP : RegisterClientBuffer: omxBuf=0xf113d810, id=24, obdIdx=0, invalid=0, omxHdr=0xf1114380, vppBuf=0xf113d820, handle=0xf13a2528, pool=0
06-05 18:27:05.825  1582  1739 I OMX_VPP : RegisterClientBuffer: omxBuf=0xf113f560, id=25, obdIdx=0, invalid=0, omxHdr=0xf11143d0, vppBuf=0xf113f570, handle=0xf13a2570, pool=0
06-05 18:27:05.825  1582  1739 I OMX_VPP : RegisterClientBuffer: omxBuf=0xf113fa30, id=26, obdIdx=0, invalid=0, omxHdr=0xf1114420, vppBuf=0xf113fa40, handle=0xf13a2580, pool=0
06-05 18:27:05.825  1582  1739 I OMX_VPP : RegisterClientBuffer: omxBuf=0xf113fc60, id=27, obdIdx=0, invalid=0, omxHdr=0xf1114470, vppBuf=0xf113fc70, handle=0xf13a2590, pool=0
06-05 18:27:05.825  1582  1739 I OMX_VPP : RegisterClientBuffer: omxBuf=0xf113fcd0, id=28, obdIdx=0, invalid=0, omxHdr=0xf11144c0, vppBuf=0xf113fce0, handle=0xf13a2598, pool=0
06-05 18:27:05.826  1582  1739 I OMX_VPP : RegisterClientBuffer: omxBuf=0xf113fe20, id=29, obdIdx=0, invalid=0, omxHdr=0xf1114510, vppBuf=0xf113fe30, handle=0xf13a25a0, pool=0
06-05 18:27:05.826  1582  1739 I OMX_VPP : RegisterClientBuffer: omxBuf=0xf1140130, id=30, obdIdx=0, invalid=0, omxHdr=0xf1114560, vppBuf=0xf1140140, handle=0xf13a25a8, pool=0
06-05 18:27:05.826  1582  1739 I OMX_VPP : RegisterClientBuffer: omxBuf=0xf1140280, id=31, obdIdx=0, invalid=0, omxHdr=0xf11145b0, vppBuf=0xf1140290, handle=0xf13a25b0, pool=0
06-05 18:27:05.826  1582  1739 I OMX_VPP : RegisterClientBuffer: omxBuf=0xf11402f0, id=32, obdIdx=0, invalid=0, omxHdr=0xf1114600, vppBuf=0xf1140300, handle=0xf13a25b8, pool=0
06-05 18:27:05.826  1757  9603 W ResourceManagerService: Ignoring request to add new resource entry with value <= 0
06-05 18:27:05.829  1582 11110 I OMX-VDEC-1080P: set_frame_rate: the current time is 182705
06-05 18:27:05.830  1582  1739 I OMX_VPP : send_command In 0 param1 3
06-05 18:27:05.833 18541 19361 I ttmn    : <0x0,ff_acodecer.cpp,open,84>support xheaac: 0, decodec all AAC through FDKAAC: 0
06-05 18:27:05.834  1582  1739 I OMX_VPP : VppOmxComponent::registerVppFakeBuf buffer with size 1 id 0 ts=0 flags:0
06-05 18:27:05.837 18541 19361 I ffmpeg  : [aac @ 0x7b06e9b100] <utils.c avcodec_decode_audio4 2454> Could not update timestamps for skipped samples.
06-05 18:27:05.837 18541 19361 I ffmpeg  :
06-05 18:27:05.839  1850  2553 D MIUIInput: [MotionEvent] publisher action=0x1, 5413886, channel 'f66205e com.ss.android.ugc.trill/com.ss.android.ugc.aweme.splash.SplashActivity (server)'
06-05 18:27:05.840  1850  1941 D PerfImpl: perfGetWorkLoadType
06-05 18:27:05.840  1034  1034 E vendor.qti.hardware.perf@2.2-service: Unknown params
06-05 18:27:05.840  1034  1034 I ANDR-PERF-LM: LMPerfGlue: perfmodule_submit_request() 132: perfmodule_submit_request()
06-05 18:27:05.840  1034  1034 I ANDR-PERF-LM: Core: getInstance() 84: LM getInstance
06-05 18:27:05.840  1034  1034 D ANDR-PERF-LM: Feature: lookup() 101: Feature Name = AppClassifier, total featuers = 3, featureFound = 1
06-05 18:27:05.840  1034  1034 D ANDR-PERF-LM: Feature: getData() 112: data.data = 1
06-05 18:27:05.840  1034  1034 I ANDR-PERF-LM: FeedbackAPI: getFeedback() 60: app:com.ss.android.ugc.trill feature:AppClassifier feedback = 1
06-05 18:27:05.840  1850  1941 D PerfImpl: perfScrollBoost: com.ss.android.ugc.trill, 1054, 1
06-05 18:27:05.840  1034  1034 E vendor.qti.hardware.perf@2.2-service: Unknown params
06-05 18:27:05.840  1034  1034 I ANDR-PERF-LM: LMPerfGlue: perfmodule_submit_request() 132: perfmodule_submit_request()
06-05 18:27:05.840  1034  1034 I ANDR-PERF-LM: Core: getInstance() 84: LM getInstance
06-05 18:27:05.840  1034  1034 I ANDR-PERF-LM: WQ: push() 59: LMTriggerQ push() size=0
06-05 18:27:05.840  1034  1034 I ANDR-PERF-LM: WQ: push() 61: LMTriggerQ push() done size=1
06-05 18:27:05.840  1034  1092 I ANDR-PERF-LM: WQ: pop() 42: LMTriggerQ pop() done size=0
06-05 18:27:05.840  1582  1739 I OMX_VPP : VppOmxComponent::registerVppFakeBuf buffer with size 2 id 1 ts=0 flags:0
06-05 18:27:05.840  1034  1092 I ANDR-PERF-LM: Core: lmMain() 373: Waiting on trigger Queue
06-05 18:27:05.840  1034  1092 I ANDR-PERF-LM: WQ: pop() 31: LMTriggerQ pop() size=0
06-05 18:27:05.840  1582 11127 I OMX_VPP : frc valid: true
06-05 18:27:05.840  1582 11127 I OMX_VPP : aie valid: true
06-05 18:27:05.840  1582 11127 I OMX_VPP : updateParameterFromOutPort needReconfigure true
06-05 18:27:05.840  1582 11127 I OMX_VPP : sending reconfigure to VPP library
06-05 18:27:05.840  1582 11127 I OMX_VPP : needReconfigure FakeReconfigure
06-05 18:27:05.840  1582 11127 I OMX_VPP : FakeReconfigure
06-05 18:27:05.841  1582 11127 I OMX_VPP : VppEvent 2
06-05 18:27:05.841  1582 11127 I OMX_VPP : needReconfigureu 32Ret 0
06-05 18:27:05.841  1582  1739 I OMX_VPP : FRAME WIDTH 1024 FRAME HEIGHT 576
06-05 18:27:05.841  1582  1739 I OMX_VPP : get_parameter counts 33 28
06-05 18:27:05.841  1850  1941 D PerfImpl: perfGetWorkLoadType
06-05 18:27:05.841  1034  1034 E vendor.qti.hardware.perf@2.2-service: Unknown params
06-05 18:27:05.841  1034  1034 I ANDR-PERF-LM: LMPerfGlue: perfmodule_submit_request() 132: perfmodule_submit_request()
06-05 18:27:05.841  1034  1034 I ANDR-PERF-LM: Core: getInstance() 84: LM getInstance
06-05 18:27:05.841  1034  1034 D ANDR-PERF-LM: Feature: lookup() 101: Feature Name = AppClassifier, total featuers = 3, featureFound = 1
06-05 18:27:05.842  1034  1034 D ANDR-PERF-LM: Feature: getData() 112: data.data = 1
06-05 18:27:05.842  1034  1034 I ANDR-PERF-LM: FeedbackAPI: getFeedback() 60: app:com.ss.android.ugc.trill feature:AppClassifier feedback = 1
06-05 18:27:05.842  1850  1941 D PerfImpl: perfScrollBoost: com.ss.android.ugc.trill, -1, 4
06-05 18:27:05.842  1034  1034 E vendor.qti.hardware.perf@2.2-service: Unknown params
06-05 18:27:05.842 18541 29532 W MessageQueue: Handler (android.os.Handler) {f78845b} sending message to a Handler on a dead thread
06-05 18:27:05.842 18541 29532 W MessageQueue: java.lang.IllegalStateException: Handler (android.os.Handler) {f78845b} sending message to a Handler on a dead thread
06-05 18:27:05.842 18541 29532 W MessageQueue: 	at android.os.MessageQueue.enqueueMessage(MessageQueue.java:569)
06-05 18:27:05.842 18541 29532 W MessageQueue: 	at android.os.Handler.enqueueMessage(Handler.java:778)
06-05 18:27:05.842 18541 29532 W MessageQueue: 	at android.os.Handler.sendMessageAtTime(Handler.java:727)
06-05 18:27:05.842 18541 29532 W MessageQueue: 	at android.os.Handler.sendMessageDelayed(Handler.java:697)
06-05 18:27:05.842 18541 29532 W MessageQueue: 	at android.os.Handler.post(Handler.java:427)
06-05 18:27:05.842 18541 29532 W MessageQueue: 	at X.HKP.LIZ(SourceFile:33751054)
06-05 18:27:05.842 18541 29532 W MessageQueue: 	at X.HKP.LIZ(SourceFile:16908295)
06-05 18:27:05.842 18541 29532 W MessageQueue: 	at X.RPA.LJFF(SourceFile:327795)
06-05 18:27:05.842 18541 29532 W MessageQueue: 	at X.IuS.LJIIJ(SourceFile:17236170)
06-05 18:27:05.842 18541 29532 W MessageQueue: 	at X.IuS.LJJJJL(SourceFile:262195)
06-05 18:27:05.842 18541 29532 W MessageQueue: 	at X.IuS.LJIIJJI(SourceFile:262186)
06-05 18:27:05.842 18541 29532 W MessageQueue: 	at X.6Z1.LJIIJJI(SourceFile:65538)
06-05 18:27:05.842 18541 29532 W MessageQueue: 	at X.6U2.LIZIZ(SourceFile:327762)
06-05 18:27:05.842 18541 29532 W MessageQueue: 	at X.6Nc.LIZLLL(SourceFile:393362)
06-05 18:27:05.842 18541 29532 W MessageQueue: 	at X.6Nc.LIZ(SourceFile:84410555)
06-05 18:27:05.842 18541 29532 W MessageQueue: 	at X.6Nc.LIZ(SourceFile:254)
06-05 18:27:05.842 18541 29532 W MessageQueue: 	at X.6Nc.LIZ(SourceFile:12250)
06-05 18:27:05.842 18541 29532 W MessageQueue: 	at X.6NK.handleMessage(SourceFile:17301743)
06-05 18:27:05.842 18541 29532 W MessageQueue: 	at android.os.Handler.dispatchMessage(Handler.java:106)
06-05 18:27:05.842 18541 29532 W MessageQueue: 	at android.os.Looper.loopOnce(Looper.java:210)
06-05 18:27:05.842 18541 29532 W MessageQueue: 	at android.os.Looper.loop(Looper.java:299)
06-05 18:27:05.842 18541 29532 W MessageQueue: 	at android.os.HandlerThread.run(HandlerThread.java:67)
06-05 18:27:05.842  1034  1034 I ANDR-PERF-LM: LMPerfGlue: perfmodule_submit_request() 132: perfmodule_submit_request()
06-05 18:27:05.842  1034  1034 I ANDR-PERF-LM: Core: getInstance() 84: LM getInstance
06-05 18:27:05.842  1034  1034 I ANDR-PERF-LM: WQ: push() 59: LMTriggerQ push() size=0
06-05 18:27:05.842  1034  1034 I ANDR-PERF-LM: WQ: push() 61: LMTriggerQ push() done size=1
06-05 18:27:05.842  1850  1941 D PerfImpl: perfGetWorkLoadType
06-05 18:27:05.842  1582  1739 I OMX_VPP : FRAME WIDTH 1024 FRAME HEIGHT 576
06-05 18:27:05.842  1582  1739 I OMX_VPP : get_parameter counts 33 28
06-05 18:27:05.842  1034  1034 E vendor.qti.hardware.perf@2.2-service: Unknown params
06-05 18:27:05.842  1034  1034 I ANDR-PERF-LM: LMPerfGlue: perfmodule_submit_request() 132: perfmodule_submit_request()
06-05 18:27:05.842  1034  1034 I ANDR-PERF-LM: Core: getInstance() 84: LM getInstance
06-05 18:27:05.842  1034  1034 D ANDR-PERF-LM: Feature: lookup() 101: Feature Name = AppClassifier, total featuers = 3, featureFound = 1
06-05 18:27:05.842  1034  1092 I ANDR-PERF-LM: WQ: pop() 42: LMTriggerQ pop() done size=0
06-05 18:27:05.842  1034  1092 I ANDR-PERF-LM: Core: lmMain() 373: Waiting on trigger Queue
06-05 18:27:05.842  1034  1092 I ANDR-PERF-LM: WQ: pop() 31: LMTriggerQ pop() size=0
06-05 18:27:05.842  1034  1034 D ANDR-PERF-LM: Feature: getData() 112: data.data = 1
06-05 18:27:05.842  1034  1034 I ANDR-PERF-LM: FeedbackAPI: getFeedback() 60: app:com.ss.android.ugc.trill feature:AppClassifier feedback = 1
06-05 18:27:05.842  1850  1941 D PerfImpl: perfLockRelease
06-05 18:27:05.842  1582  1739 E OMXNodeInstance: getConfig(0xf1079804:qcom.decoder.hevc, ??(0x7f000062)) ERROR: UnsupportedSetting(0x80001019)
06-05 18:27:05.843 18541 10727 W System.err: java.io.FileNotFoundException: /proc/stat: open failed: EACCES (Permission denied)
06-05 18:27:05.843 18541 10727 W System.err: 	at libcore.io.IoBridge.open(IoBridge.java:575)
06-05 18:27:05.843 18541 10727 W System.err: 	at java.io.RandomAccessFile.<init>(RandomAccessFile.java:289)
06-05 18:27:05.843 18541 10727 W System.err: 	at java.io.RandomAccessFile.<init>(RandomAccessFile.java:152)
06-05 18:27:05.843 18541 10727 W System.err: 	at X.6gK.LIZ(SourceFile:393238)
06-05 18:27:05.843 18541 10727 W System.err: 	at X.6gM.call(SourceFile:65536)
06-05 18:27:05.843 18541 10727 W System.err: 	at X.0BO.run(SourceFile:262166)
06-05 18:27:05.843 18541 10727 W System.err: 	at X.0fb.run(SourceFile:459005)
06-05 18:27:05.843 18541 10727 W System.err: 	at java.util.concurrent.ThreadPoolExecutor.runWorker(ThreadPoolExecutor.java:1167)
06-05 18:27:05.843 18541 10727 W System.err: 	at java.util.concurrent.ThreadPoolExecutor$Worker.run(ThreadPoolExecutor.java:641)
06-05 18:27:05.843 18541 10727 W System.err: 	at X.0ff.run(SourceFile:131081)
06-05 18:27:05.844 18541 10727 W System.err: 	at java.lang.Thread.run(Thread.java:920)
06-05 18:27:05.845  1582  1739 I OMX_VPP : send_command In 2 param1 1
06-05 18:27:05.845  1582  1739 I OMX_VPP : send_command FakeFlush VPP_PORT_INPUT
06-05 18:27:05.845  1582  1739 I OMX_VPP : VppOmxComponent::clearVppFakeBufs size 2
06-05 18:27:05.845  1582  1739 I OMX_VPP : VppEvent 1
06-05 18:27:05.845  1582  1739 I OMX_VPP : FakeFlush e.flush_done.port:0
06-05 18:27:05.845  1582  1739 I OMX_VPP : send_command FakeFlush VPP_PORT_OUTPUT
06-05 18:27:05.845  1582  1739 I OMX_VPP : VppOmxComponent::clearVppFakeBufs size 0
06-05 18:27:05.845  1582  1739 I OMX_VPP : VppEvent 1
06-05 18:27:05.845  1582  1739 I OMX_VPP : FakeFlush e.flush_done.port:1
06-05 18:27:05.843  1034  1034 W perf@2.2-servic: type=1400 audit(0.0:6030): avc: denied { search } for name="1575" dev="proc" ino=716711 scontext=u:r:vendor_hal_perf_default:s0 tcontext=u:r:vendor_perfservice:s0 tclass=dir permissive=0
06-05 18:27:05.843  1034  1034 W perf@2.2-servic: type=1400 audit(0.0:6031): avc: denied { search } for name="1575" dev="proc" ino=716711 scontext=u:r:vendor_hal_perf_default:s0 tcontext=u:r:vendor_perfservice:s0 tclass=dir permissive=0
06-05 18:27:05.848 18541 10727 W System.err: Caused by: android.system.ErrnoException: open failed: EACCES (Permission denied)
06-05 18:27:05.848  1582 11110 I OMX-VDEC-1080P: set_frame_rate: the current time is 182705
06-05 18:27:05.848 18541 10727 W System.err: 	at libcore.io.Linux.open(Native Method)
06-05 18:27:05.848 18541 10727 W System.err: 	at libcore.io.ForwardingOs.open(ForwardingOs.java:567)
06-05 18:27:05.848 18541 10727 W System.err: 	at libcore.io.BlockGuardOs.open(BlockGuardOs.java:273)
06-05 18:27:05.848 18541 19352 I ttmn    : <0x0,normal_clock.cpp,resume,114>aclock test: resume, update time: 2002
06-05 18:27:05.848 18541 19363 I ttmn    : <0x0,av_base_thread.cpp,run,306>Reader-V77:thread to stop.mState:1431655768
06-05 18:27:05.848 18541 19360 I ttmn    : <0x0,av_base_thread.cpp,run,306>ADecode-V77:thread to stop.mState:1431655765
06-05 18:27:05.848 18541 19473 I ttmn    : <0x0,av_base_thread.cpp,run,306>VDecode-V77:thread to stop.mState:1431655765
06-05 18:27:05.848 18541 19352 I ttmn    : <0x0,av_base_thread.cpp,run,306>Player-V77:thread to stop.mState:1431655765
06-05 18:27:05.848 18541 10727 W System.err: 	at libcore.io.ForwardingOs.open(ForwardingOs.java:567)
06-05 18:27:05.848 18541 10727 W System.err: 	at android.app.ActivityThread$AndroidOs.open(ActivityThread.java:7980)
06-05 18:27:05.848 18541 10727 W System.err: 	at libcore.io.IoBridge.open(IoBridge.java:561)
06-05 18:27:05.848 18541 10727 W System.err: 	... 10 more
06-05 18:27:05.849 18541 19471 I ttmn    : <0x0,av_base_thread.cpp,run,306>AGraph-V77:thread to stop.mState:1431655768
06-05 18:27:05.850  1582 11110 I OMX-VDEC-1080P: set_frame_rate: the current time is 182705
06-05 18:27:05.850 18541 19362 D AudioTrack:  pause(sessionID=5881)
06-05 18:27:05.850 18541 19362 D AudioTrack: pause(414): prior state:STATE_ACTIVE
06-05 18:27:05.850  1103  9745 D AF::Track: setFadeType1 type = 2 mFadeType = 0 isFadeNeeded = 0
06-05 18:27:05.850  1103  9745 E audioserver: open /proc/18541/cmdline error
06-05 18:27:05.850  1103  9745 I audioserver: setAppName(), name=[], active=[0]
06-05 18:27:05.850   975  2315 V EffectMiSound: MiSound_command() start, cmdCode=24
06-05 18:27:05.850   975  2315 V EffectMiSound: MiSound_Command EFFECT_CMD_SET_APP_NAME: stream=3, name=-
06-05 18:27:05.851  1582 11110 I OMX-VDEC-1080P: set_frame_rate: the current time is 182705
06-05 18:27:05.851  1582 11110 I OMX-VDEC-1080P: set_frame_rate: the current time is 182705
06-05 18:27:05.853  1582 11110 I OMX-VDEC-1080P: set_frame_rate: the current time is 182705
06-05 18:27:05.853  1582 11110 I OMX-VDEC-1080P: set_frame_rate: the current time is 182705
06-05 18:27:05.853  1582 11110 I OMX-VDEC-1080P: set_frame_rate: the current time is 182705
06-05 18:27:05.853  1582 11110 I OMX-VDEC-1080P: set_frame_rate: the current time is 182705
06-05 18:27:05.853 18541 19470 I ttmn    : <0x0,av_base_thread.cpp,run,306>AOutlet-V77:thread to stop.mState:1431655768
06-05 18:27:05.853 18541 10896 D AudioTrack: stop(sessionID=5881)
06-05 18:27:05.853 18541 10896 D AudioTrack: stop(414): prior state:STATE_PAUSED
06-05 18:27:05.853 18541 10896 D AudioTrack: stop(414): called with 88208 frames delivered
06-05 18:27:05.853  1103  9745 D AF::Track: setFadeType1 type = 2 mFadeType = 0 isFadeNeeded = 0
06-05 18:27:05.853  1103  9745 E audioserver: open /proc/18541/cmdline error
06-05 18:27:05.853  1103  9745 I audioserver: setAppName(), name=[], active=[0]
06-05 18:27:05.853   975  2315 V EffectMiSound: MiSound_command() start, cmdCode=24
06-05 18:27:05.853   975  2315 V EffectMiSound: MiSound_Command EFFECT_CMD_SET_APP_NAME: stream=3, name=-
06-05 18:27:05.853 18541 10896 D AudioTrack: ~AudioTrack(sessionID=5881)
06-05 18:27:05.854 18541 10896 D AudioTrack: stop(sessionID=5881)
06-05 18:27:05.854 18541 10896 D AudioTrack: stop(414): prior state:STATE_STOPPED
06-05 18:27:05.854 18541 19472 I ttmn    : <0x0,av_base_thread.cpp,run,306>subtitle:thread to stop.mState:1431655768
06-05 18:27:05.855  1582 11110 I OMX-VDEC-1080P: set_frame_rate: the current time is 182705
06-05 18:27:05.856  1582 11110 I OMX-VDEC-1080P: set_frame_rate: the current time is 182705
06-05 18:27:05.856  1582 11127 I OMX_VPP : Port Disable send flush to VPP library
06-05 18:27:05.856  1582 27136 I OMX_VPP : send_command In 3 param1 1
06-05 18:27:05.856  1582 27136 I OMX_VPP : ClearBuffers VPP_PORT_OUTPUT
06-05 18:27:05.857  1582 11110 I OMX-VDEC-1080P: set_frame_rate: the current time is 182705
06-05 18:27:05.857 18541 28778 W MessageQueue: Handler (android.os.Handler) {f78845b} sending message to a Handler on a dead thread
06-05 18:27:05.857 18541 28778 W MessageQueue: java.lang.IllegalStateException: Handler (android.os.Handler) {f78845b} sending message to a Handler on a dead thread
06-05 18:27:05.857 18541 28778 W MessageQueue: 	at android.os.MessageQueue.enqueueMessage(MessageQueue.java:569)
06-05 18:27:05.857 18541 28778 W MessageQueue: 	at android.os.Handler.enqueueMessage(Handler.java:778)
06-05 18:27:05.857 18541 28778 W MessageQueue: 	at android.os.Handler.sendMessageAtTime(Handler.java:727)
06-05 18:27:05.857 18541 28778 W MessageQueue: 	at android.os.Handler.sendMessageDelayed(Handler.java:697)
06-05 18:27:05.857 18541 28778 W MessageQueue: 	at android.os.Handler.post(Handler.java:427)
06-05 18:27:05.857 18541 28778 W MessageQueue: 	at X.HKP.LIZ(SourceFile:33751054)
06-05 18:27:05.857 18541 28778 W MessageQueue: 	at X.HKP.LIZIZ(SourceFile:16908295)
06-05 18:27:05.857 18541 28778 W MessageQueue: 	at X.RPA.LIZ(SourceFile:17170456)
06-05 18:27:05.857 18541 28778 W MessageQueue: 	at X.IuS.LIZLLL(SourceFile:34078895)
06-05 18:27:05.857 18541 28778 W MessageQueue: 	at X.IuS.LJJJJZI(SourceFile:327682)
06-05 18:27:05.857 18541 28778 W MessageQueue: 	at X.IuS.LJIILIIL(SourceFile:262196)
06-05 18:27:05.857 18541 28778 W MessageQueue: 	at X.6Z1.LJIILIIL(SourceFile:65538)
06-05 18:27:05.857 18541 28778 W MessageQueue: 	at X.6U2.LIZLLL(SourceFile:327752)
06-05 18:27:05.857 18541 28778 W MessageQueue: 	at X.6Nc.LJ(SourceFile:327746)
06-05 18:27:05.857 18541 28778 W MessageQueue: 	at X.6Nc.LJI(SourceFile:327728)
06-05 18:27:05.857 18541 28778 W MessageQueue: 	at X.6NK.handleMessage(SourceFile:17301716)
06-05 18:27:05.857 18541 28778 W MessageQueue: 	at android.os.Handler.dispatchMessage(Handler.java:106)
06-05 18:27:05.857 18541 28778 W MessageQueue: 	at android.os.Looper.loopOnce(Looper.java:210)
06-05 18:27:05.857 18541 28778 W MessageQueue: 	at android.os.Looper.loop(Looper.java:299)
06-05 18:27:05.857 18541 28778 W MessageQueue: 	at android.os.HandlerThread.run(HandlerThread.java:67)
06-05 18:27:05.857  1582  1739 I OMX_VPP : FRAME WIDTH 1024 FRAME HEIGHT 576
06-05 18:27:05.857  1582  1739 I OMX_VPP : get_parameter counts 27 27
06-05 18:27:05.857  1582  1739 I OMX_VPP : FRAME WIDTH 1024 FRAME HEIGHT 576
06-05 18:27:05.857  1582  1739 I OMX_VPP : get_parameter counts 27 27
06-05 18:27:05.857  1582 11110 I OMX-VDEC-1080P: set_frame_rate: the current time is 182705
06-05 18:27:05.857  1582  1739 E OMX-VDEC-1080P: Extension: OMX.google.android.index.AndroidNativeBufferConsumerUsage not implemented
06-05 18:27:05.858 18541 11125 D SurfaceUtils: set up nativeWindow 0x7aea949010 for 576x1024, color 0x7fa30c06, rotation 0, usage 0x20402900
06-05 18:27:05.858 18541 28778 W MessageQueue: Handler (android.os.Handler) {f78845b} sending message to a Handler on a dead thread
06-05 18:27:05.858 18541 28778 W MessageQueue: java.lang.IllegalStateException: Handler (android.os.Handler) {f78845b} sending message to a Handler on a dead thread
06-05 18:27:05.858 18541 28778 W MessageQueue: 	at android.os.MessageQueue.enqueueMessage(MessageQueue.java:569)
06-05 18:27:05.858 18541 28778 W MessageQueue: 	at android.os.Handler.enqueueMessage(Handler.java:778)
06-05 18:27:05.858 18541 28778 W MessageQueue: 	at android.os.Handler.sendMessageAtTime(Handler.java:727)
06-05 18:27:05.858 18541 28778 W MessageQueue: 	at android.os.Handler.sendMessageDelayed(Handler.java:697)
06-05 18:27:05.858 18541 28778 W MessageQueue: 	at android.os.Handler.post(Handler.java:427)
06-05 18:27:05.858 18541 28778 W MessageQueue: 	at X.HKP.LIZ(SourceFile:33751054)
06-05 18:27:05.858 18541 28778 W MessageQueue: 	at X.HKP.LIZIZ(SourceFile:16908295)
06-05 18:27:05.858 18541 28778 W MessageQueue: 	at X.RPA.LIZ(SourceFile:17170456)
06-05 18:27:05.858 18541 28778 W MessageQueue: 	at X.IuS.LIZLLL(SourceFile:34078895)
06-05 18:27:05.858 18541 28778 W MessageQueue: 	at X.IuS.LJJJLIIL(SourceFile:262158)
06-05 18:27:05.858 18541 28778 W MessageQueue: 	at X.IuS.LJIILJJIL(SourceFile:262178)
06-05 18:27:05.858 18541 28778 W MessageQueue: 	at X.6Z1.LJIILJJIL(SourceFile:196616)
06-05 18:27:05.858 18541 28778 W MessageQueue: 	at X.6U2.LJ(SourceFile:262181)
06-05 18:27:05.858 18541 28778 W MessageQueue: 	at X.6Nc.LJI(SourceFile:327738)
06-05 18:27:05.858 18541 28778 W MessageQueue: 	at X.6NK.handleMessage(SourceFile:17301716)
06-05 18:27:05.858 18541 28778 W MessageQueue: 	at android.os.Handler.dispatchMessage(Handler.java:106)
06-05 18:27:05.858 18541 28778 W MessageQueue: 	at android.os.Looper.loopOnce(Looper.java:210)
06-05 18:27:05.858 18541 28778 W MessageQueue: 	at android.os.Looper.loop(Looper.java:299)
06-05 18:27:05.858 18541 28778 W MessageQueue: 	at android.os.HandlerThread.run(HandlerThread.java:67)
06-05 18:27:05.858  1103  9745 I audioserver: setGameParameters keyvalue: xlog.volume.music.speaker=34
06-05 18:27:05.859   975  2315 D audio_hw_primary: adev_set_parameters: enter: xlog.volume.music.speaker=34
06-05 18:27:05.859   975  2315 V msm8974_platform: platform_set_parameters: enter: xlog.volume.music.speaker=34
06-05 18:27:05.859   975  2315 D audio_hw_hfp: hfp_set_parameters: enter
06-05 18:27:05.859   975  2315 D audio_hw_hfp: hfp_set_parameters: enter
06-05 18:27:05.859   975  2315 V a2dp_offload: end of a2dp setparam
06-05 18:27:05.859   975  2315 D audio_hw_cspl_cal: cirrus_cal_setparameters: enter 0xf3003600
06-05 18:27:05.859   975  2315 D audio_hw_extn: audio_extn_fm_set_parameters: Enter
06-05 18:27:05.859   975  2315 D audio_hw_hfp: hfp_set_parameters: enter
06-05 18:27:05.859   975  2315 V a2dp_offload: end of a2dp setparam
06-05 18:27:05.859   975  2315 D audio_hw_primary: adev_set_parameters: exit with code(0)
06-05 18:27:05.859  1582  5405 I OMX_VPP : RegisterClientBuffer: omxBuf=0xf113cfc0, id=0, obdIdx=0, invalid=0, omxHdr=0xf08c9a00, vppBuf=0xf113cfd0, handle=0xf13a24a0, pool=0
06-05 18:27:05.859 18541 19351 I ttmn    : <0x0,av_base_thread.cpp,run,306>VOutlet-V77:thread to stop.mState:1431655768
06-05 18:27:05.860  1582 27136 I OMX_VPP : RegisterClientBuffer: omxBuf=0xf1141a20, id=1, obdIdx=0, invalid=0, omxHdr=0xf08c9a50, vppBuf=0xf1141a30, handle=0xf13a2500, pool=0
06-05 18:27:05.860  1582 27136 I OMX_VPP : RegisterClientBuffer: omxBuf=0xf113ef40, id=2, obdIdx=0, invalid=0, omxHdr=0xf08c9aa0, vppBuf=0xf113ef50, handle=0xf13a2508, pool=0
06-05 18:27:05.860 18541 19359 I ttmn    : <0x0,av_base_thread.cpp,run,306>fake_jmc_as:thread to stop.mState:1431655768
06-05 18:27:05.860  1582 27136 I OMX_VPP : RegisterClientBuffer: omxBuf=0xf11419b0, id=3, obdIdx=0, invalid=0, omxHdr=0xf08c9af0, vppBuf=0xf11419c0, handle=0xf13a2528, pool=0
06-05 18:27:05.860  1582  5405 I OMX_VPP : RegisterClientBuffer: omxBuf=0xf113d500, id=4, obdIdx=0, invalid=0, omxHdr=0xf08c9b40, vppBuf=0xf113d510, handle=0xf13a24b0, pool=0
06-05 18:27:05.860  1582 27136 I OMX_VPP : send_command In 0 param1 2
06-05 18:27:05.860  1582  5405 I OMX_VPP : RegisterClientBuffer: omxBuf=0xf113dc00, id=5, obdIdx=0, invalid=0, omxHdr=0xf08c9b90, vppBuf=0xf113dc10, handle=0xf13a24b8, pool=0
06-05 18:27:05.860  1582  5405 I OMX_VPP : RegisterClientBuffer: omxBuf=0xf113df80, id=6, obdIdx=0, invalid=0, omxHdr=0xf08c9be0, vppBuf=0xf113df90, handle=0xf13a24c0, pool=0
06-05 18:27:05.861  1582  5405 I OMX_VPP : RegisterClientBuffer: omxBuf=0xf113e5a0, id=7, obdIdx=0, invalid=0, omxHdr=0xf08c9c30, vppBuf=0xf113e5b0, handle=0xf13a20b0, pool=0
06-05 18:27:05.861  1582  5405 I OMX_VPP : RegisterClientBuffer: omxBuf=0xf12f6b90, id=8, obdIdx=0, invalid=0, omxHdr=0xf08c9c80, vppBuf=0xf12f6ba0, handle=0xf13a2028, pool=0
06-05 18:27:05.861  1582  5405 I OMX_VPP : RegisterClientBuffer: omxBuf=0xf113caf0, id=9, obdIdx=0, invalid=0, omxHdr=0xf08c9cd0, vppBuf=0xf113cb00, handle=0xf13a2068, pool=0
06-05 18:27:05.861  1582  5405 I OMX_VPP : RegisterClientBuffer: omxBuf=0xf113cc40, id=10, obdIdx=0, invalid=0, omxHdr=0xf08c9d20, vppBuf=0xf113cc50, handle=0xf13a2240, pool=0
06-05 18:27:05.861  1582  5405 I OMX_VPP : RegisterClientBuffer: omxBuf=0xf113d3b0, id=11, obdIdx=0, invalid=0, omxHdr=0xf08c9d70, vppBuf=0xf113d3c0, handle=0xf13a2280, pool=0
06-05 18:27:05.861  1582  5405 I OMX_VPP : RegisterClientBuffer: omxBuf=0xf113d570, id=12, obdIdx=0, invalid=0, omxHdr=0xf08c9dc0, vppBuf=0xf113d580, handle=0xf13a22d0, pool=0
06-05 18:27:05.861  1582  5405 I OMX_VPP : RegisterClientBuffer: omxBuf=0xf113ed80, id=13, obdIdx=0, invalid=0, omxHdr=0xf08c9e10, vppBuf=0xf113ed90, handle=0xf13a2348, pool=0
06-05 18:27:05.861  1582  5405 I OMX_VPP : RegisterClientBuffer: omxBuf=0xf113edf0, id=14, obdIdx=0, invalid=0, omxHdr=0xf08c9e60, vppBuf=0xf113ee00, handle=0xf13a2358, pool=0
06-05 18:27:05.861  1582 11110 I OMX_VPP : Flush during executing to idle!
06-05 18:27:05.861  1582 11110 I OMX_VPP : OMX_CommandStateSet FakeFlush
06-05 18:27:05.861  1582 11110 I OMX_VPP : VppOmxComponent::clearVppFakeBufs size 15
06-05 18:27:05.861  1582 11110 I OMX_VPP : VppEvent 1
06-05 18:27:05.861  1582 11110 I OMX_VPP : FakeFlush e.flush_done.port:0
06-05 18:27:05.861  1582  5405 I OMX_VPP : RegisterClientBuffer: omxBuf=0xf113eed0, id=15, obdIdx=0, invalid=0, omxHdr=0xf08c9eb0, vppBuf=0xf113eee0, handle=0xf13a2360, pool=0
06-05 18:27:05.861  1582 11110 I OMX_VPP : VppOmxComponent::clearVppFakeBufs size 0
06-05 18:27:05.861  1582 11110 I OMX_VPP : VppEvent 1
06-05 18:27:05.861  1582 11110 I OMX_VPP : FakeFlush e.flush_done.port:1
06-05 18:27:05.861  1582  5405 I OMX_VPP : RegisterClientBuffer: omxBuf=0xf113f2c0, id=16, obdIdx=0, invalid=0, omxHdr=0xf08c9f00, vppBuf=0xf113f2d0, handle=0xf13a23a8, pool=0
06-05 18:27:05.862  1582  5405 I OMX_VPP : RegisterClientBuffer: omxBuf=0xf113fa30, id=17, obdIdx=0, invalid=0, omxHdr=0xf08c9f50, vppBuf=0xf113fa40, handle=0xf13a2408, pool=0
06-05 18:27:05.862  1582 27136 I OMX_VPP : RegisterClientBuffer: omxBuf=0xf113f410, id=18, obdIdx=0, invalid=0, omxHdr=0xf08c9fa0, vppBuf=0xf113f420, handle=0xf13a2570, pool=0
06-05 18:27:05.862  1582  5405 I OMX_VPP : send_command In 0 param1 1
06-05 18:27:05.862  1582 27136 I OMX_VPP : RegisterClientBuffer: omxBuf=0xf1141940, id=19, obdIdx=0, invalid=0, omxHdr=0xf08c9ff0, vppBuf=0xf1141950, handle=0xf13a2580, pool=0
06-05 18:27:05.862  1582 27136 I OMX_VPP : RegisterClientBuffer: omxBuf=0xf113d810, id=20, obdIdx=0, invalid=0, omxHdr=0xf08ca040, vppBuf=0xf113d820, handle=0xf13a2590, pool=0
06-05 18:27:05.862  1582 27136 I OMX_VPP : RegisterClientBuffer: omxBuf=0xf1141390, id=21, obdIdx=0, invalid=0, omxHdr=0xf08ca090, vppBuf=0xf11413a0, handle=0xf13a2598, pool=0
06-05 18:27:05.862  1582 27136 I OMX_VPP : RegisterClientBuffer: omxBuf=0xf113f560, id=22, obdIdx=0, invalid=0, omxHdr=0xf08ca0e0, vppBuf=0xf113f570, handle=0xf13a24d8, pool=0
