06-05 18:21:36.853  1850  2553 D MIUIInput: [MotionEvent] publisher action=0x4, 5084900, channel '613871d com.miui.securitycenter (server)'
06-05 18:21:36.853  1850  2553 D MIUIInput: [MotionEvent] publisher action=0x4, 5084900, channel 'ef6ede1 com.miui.securitycenter (server)'
06-05 18:21:36.853  1850  2553 D MIUIInput: [MotionEvent] publisher action=0x0, 5084900, channel '1b9faa8 com.blizzard.wtcg.hearthstone/com.blizzard.wtcg.hearthstone.HearthstoneActivity (server)'
06-05 18:21:36.853  7693  7693 I GameBoxTouchListener: onTouch: 	mAdded=false	isLeftShowfalse
06-05 18:21:36.854  7693  7693 I GameBoxTouchListener: onTouch: 	mAdded=false	isLeftShowtrue
06-05 18:21:37.258  1850  2553 D MIUIInput: [MotionEvent] publisher action=0x1, 5085305, channel '1b9faa8 com.blizzard.wtcg.hearthstone/com.blizzard.wtcg.hearthstone.HearthstoneActivity (server)'
06-05 18:21:37.654  1850  2553 D MIUIInput: [MotionEvent] publisher action=0x4, 5085701, channel '613871d com.miui.securitycenter (server)'
06-05 18:21:37.654  1850  2553 D MIUIInput: [MotionEvent] publisher action=0x4, 5085701, channel 'ef6ede1 com.miui.securitycenter (server)'
06-05 18:21:37.654  1850  2553 D MIUIInput: [MotionEvent] publisher action=0x0, 5085701, channel '1b9faa8 com.blizzard.wtcg.hearthstone/com.blizzard.wtcg.hearthstone.HearthstoneActivity (server)'
06-05 18:21:37.654  7693  7693 I GameBoxTouchListener: onTouch: 	mAdded=false	isLeftShowfalse
06-05 18:21:37.655  7693  7693 I GameBoxTouchListener: onTouch: 	mAdded=false	isLeftShowtrue
06-05 18:21:38.062  2999  3462 D MI_RIL_OEM_HOOK: onPkHookCommonMsg, msg_id = 65
06-05 18:21:38.062  2999  3462 D MI_RIL_OEM_HOOK: onGetHookMsgBytes, HOOK_HEAD_SIZE = 16, msg_len = 4
06-05 18:21:38.062  2999  3462 D MI_RIL_OEM_HOOK: onHookSendSync, phoneId = 0
06-05 18:21:38.063  2930  2930 D QcrilMsgTunnelIfaceManager: handleMessage what = 1
06-05 18:21:38.063  2930  2930 I QcrilOemhookMsgTunnel: [0]invokeOemRilRequestRaw: serial=2036 length=36
06-05 18:21:38.103  1793  2006 D XIAOMI_QCRIL: RIL[lib][xiaomi_extend_nvefs.c:52] xiaomi_qmi_result_map: xiaomi_qmi_result_map, old_result 0, new_result 0
06-05 18:21:38.104  2930  3267 I QcrilOemhookMsgTunnel: [0]processOemHookResponse serial no: 2036 error: 0length=16
06-05 18:21:38.105  2930  2930 D QcrilMsgTunnelIfaceManager: handleMessage what = 2
06-05 18:21:38.105  2999  3462 D QC_RIL_OEM_HOOK: sendOemRilRequestRaw returns value = 16
06-05 18:21:38.105  2999  3462 D ModemSarController_8250: type = 65, len = 4, value = 0
06-05 18:21:38.188  1850  2553 D MIUIInput: [MotionEvent] publisher action=0x1, 5086235, channel '1b9faa8 com.blizzard.wtcg.hearthstone/com.blizzard.wtcg.hearthstone.HearthstoneActivity (server)'
06-05 18:21:38.627  1850  2553 D MIUIInput: [MotionEvent] publisher action=0x4, 5086674, channel '613871d com.miui.securitycenter (server)'
06-05 18:21:38.627  1850  2553 D MIUIInput: [MotionEvent] publisher action=0x4, 5086674, channel 'ef6ede1 com.miui.securitycenter (server)'
06-05 18:21:38.627  1850  2553 D MIUIInput: [MotionEvent] publisher action=0x0, 5086674, channel '1b9faa8 com.blizzard.wtcg.hearthstone/com.blizzard.wtcg.hearthstone.HearthstoneActivity (server)'
06-05 18:21:38.628  7693  7693 I GameBoxTouchListener: onTouch: 	mAdded=false	isLeftShowfalse
06-05 18:21:38.628  7693  7693 I GameBoxTouchListener: onTouch: 	mAdded=false	isLeftShowtrue
06-05 18:21:38.821  6316  6316 I BatteryInfoReceiver: ACTION_BATTERY_CHANGED
06-05 18:21:38.822  7552  7931 D ThermalIECHandler: storeDataStyle: thermal_iec_monitor_persistence_data_style_iec_state; startIECTime: -1; IECScreenOffOverPeriodTime: -1
06-05 18:21:38.822  2999  2999 D DynamicService:  ACTION_BATTERY_CHANGED change,USB plug = 2
06-05 18:21:38.823  7552  7857 D PowerCheckerService: onBatteryChanged, mBatteryLevel = 56, status = 2, level = 56, plug = 2, scale = 100
06-05 18:21:38.824  2992  2992 V DeviceStatisticsService: chargerType=2 batteryLevel=56 totalBatteryCapacity=4256200
06-05 18:21:38.824  2992  2992 D DeviceInfoHidlClient: isRadioOn()=true
06-05 18:21:38.824  2992  2992 I DeviceInfoHidlClient: isPowerInfoNeverSent=false batteryLevel=56 batteryLevelIndex=2 chargingMode=2 totalCapacity=4256200 powerSaveMode=false
06-05 18:21:38.824  7552  7645 D PowerKeeper.Thermal: mBatteryTemperature: 41
06-05 18:21:38.897  1850  1941 D PerfImpl: perfGetWorkLoadType
06-05 18:21:38.897  1034  1034 E vendor.qti.hardware.perf@2.2-service: Unknown params
06-05 18:21:38.897  1034  1034 I ANDR-PERF-LM: LMPerfGlue: perfmodule_submit_request() 132: perfmodule_submit_request()
06-05 18:21:38.897  1034  1034 I ANDR-PERF-LM: Core: getInstance() 84: LM getInstance
06-05 18:21:38.897  1034  1034 D ANDR-PERF-LM: Feature: lookup() 101: Feature Name = AppClassifier, total featuers = 3, featureFound = 1
06-05 18:21:38.898  1034  1034 D ANDR-PERF-LM: Feature: getData() 112: data.data = 2
06-05 18:21:38.898  1034  1034 I ANDR-PERF-LM: FeedbackAPI: getFeedback() 60: app:com.blizzard.wtcg.hearthstone feature:AppClassifier feedback = 2
06-05 18:21:38.898  1850  1941 D PerfImpl: perfGetWorkLoadType
06-05 18:21:38.898  1034  1034 E vendor.qti.hardware.perf@2.2-service: Unknown params
06-05 18:21:38.898  1034  1034 I ANDR-PERF-LM: LMPerfGlue: perfmodule_submit_request() 132: perfmodule_submit_request()
06-05 18:21:38.898  1034  1034 I ANDR-PERF-LM: Core: getInstance() 84: LM getInstance
06-05 18:21:38.898  1034  1034 D ANDR-PERF-LM: Feature: lookup() 101: Feature Name = AppClassifier, total featuers = 3, featureFound = 1
06-05 18:21:38.898  1034  1034 D ANDR-PERF-LM: Feature: getData() 112: data.data = 2
06-05 18:21:38.898  1034  1034 I ANDR-PERF-LM: FeedbackAPI: getFeedback() 60: app:com.blizzard.wtcg.hearthstone feature:AppClassifier feedback = 2
06-05 18:21:38.899  1850  1941 D PerfImpl: perfLockRelease
06-05 18:21:39.005  1850  2553 D MIUIInput: [MotionEvent] publisher action=0x1, 5087052, channel '1b9faa8 com.blizzard.wtcg.hearthstone/com.blizzard.wtcg.hearthstone.HearthstoneActivity (server)'
06-05 18:21:39.006  1850  1941 D PerfImpl: perfGetWorkLoadType
06-05 18:21:39.006  1034  1034 E vendor.qti.hardware.perf@2.2-service: Unknown params
06-05 18:21:39.006  1034  1034 I ANDR-PERF-LM: LMPerfGlue: perfmodule_submit_request() 132: perfmodule_submit_request()
06-05 18:21:39.006  1034  1034 I ANDR-PERF-LM: Core: getInstance() 84: LM getInstance
06-05 18:21:39.006  1034  1034 D ANDR-PERF-LM: Feature: lookup() 101: Feature Name = AppClassifier, total featuers = 3, featureFound = 1
06-05 18:21:39.007  1034  1034 D ANDR-PERF-LM: Feature: getData() 112: data.data = 2
06-05 18:21:39.007  1034  1034 I ANDR-PERF-LM: FeedbackAPI: getFeedback() 60: app:com.blizzard.wtcg.hearthstone feature:AppClassifier feedback = 2
06-05 18:21:39.007  1850  1941 D PerfImpl: perfGetWorkLoadType
06-05 18:21:39.007  1034  1034 E vendor.qti.hardware.perf@2.2-service: Unknown params
06-05 18:21:39.007  1034  1034 I ANDR-PERF-LM: LMPerfGlue: perfmodule_submit_request() 132: perfmodule_submit_request()
06-05 18:21:39.007  1034  1034 I ANDR-PERF-LM: Core: getInstance() 84: LM getInstance
06-05 18:21:39.008  1034  1034 D ANDR-PERF-LM: Feature: lookup() 101: Feature Name = AppClassifier, total featuers = 3, featureFound = 1
06-05 18:21:39.008  1034  1034 D ANDR-PERF-LM: Feature: getData() 112: data.data = 2
06-05 18:21:39.008  1034  1034 I ANDR-PERF-LM: FeedbackAPI: getFeedback() 60: app:com.blizzard.wtcg.hearthstone feature:AppClassifier feedback = 2
06-05 18:21:39.008  1850  1941 D PerfImpl: perfGetWorkLoadType
06-05 18:21:39.008  1034  1034 E vendor.qti.hardware.perf@2.2-service: Unknown params
06-05 18:21:39.008  1034  1034 I ANDR-PERF-LM: LMPerfGlue: perfmodule_submit_request() 132: perfmodule_submit_request()
06-05 18:21:39.008  1034  1034 I ANDR-PERF-LM: Core: getInstance() 84: LM getInstance
06-05 18:21:39.008  1034  1034 D ANDR-PERF-LM: Feature: lookup() 101: Feature Name = AppClassifier, total featuers = 3, featureFound = 1
06-05 18:21:39.008  1034  1034 D ANDR-PERF-LM: Feature: getData() 112: data.data = 2
06-05 18:21:39.008  1034  1034 I ANDR-PERF-LM: FeedbackAPI: getFeedback() 60: app:com.blizzard.wtcg.hearthstone feature:AppClassifier feedback = 2
06-05 18:21:39.008  1850  1941 D PerfImpl: perfLockRelease
06-05 18:21:39.265   689  7253 I keystore2: keystore2::watchdog: Watchdog thread idle -> terminating. Have a great day.
06-05 18:21:40.143  1850  2634 I MiuiNetworkPolicy: updateUidState uid = 10240, uidState = 19
06-05 18:21:40.620  2953  3093 I Unity   : [Spell Pooling]  Acquired: Card_Play_Ally_Zzz(Clone)(Clone)
06-05 18:21:40.624  2953  3093 I Unity   : [Spell Pooling]  Acquired: Card_Play_Ally_BattleCry(Clone)(Clone)
06-05 18:21:41.066  3143  7255 W GCM     : Heartbeat timeout, GCM connection reset -6
06-05 18:21:41.079  3143  7255 E WakeLock: GCM_HB_ALARM release without a matched acquire!
06-05 18:21:41.079  3143  7255 W WakeLock: GCM_HB_ALARM counter does not exist
06-05 18:21:41.080  1850  2648 D ConnectivityService: reportNetworkConnectivity(101, false) by 10188
06-05 18:21:41.082  2897 15725 D NetworkMonitor/101: Forcing reevaluation for UID 10188. Dns signal count: 0
06-05 18:21:41.103  2897  7260 D NetworkMonitor/101: PROBE_DNS connectivitycheck.gstatic.com 14ms OK 142.250.199.67
06-05 18:21:41.139  3143 28932 I NetworkManagementSocketTagger: tagSocketFd(-1, 805307399, -1) failed with errno-9
06-05 18:21:41.168  2897  7259 D NetworkMonitor/101: PROBE_DNS www.google.com 79ms OK 142.250.204.100
06-05 18:21:41.213  2897  7260 D NetworkMonitor/101: PROBE_HTTP http://connectivitycheck.gstatic.com/generate_204 time=107ms ret=204 request={Connection=[close], User-Agent=[Mozilla/5.0 (X11; Linux x86_64) AppleWebKit/537.36 (KHTML, like Gecko) Chrome/60.0.3112.32 Safari/537.36]} headers={null=[HTTP/1.1 204 No Content], Connection=[close], Content-Length=[0], Date=[Sun, 05 Jun 2022 10:21:41 GMT], X-Android-Received-Millis=[1654424501212], X-Android-Response-Source=[NETWORK 204], X-Android-Selected-Protocol=[http/1.1], X-Android-Sent-Millis=[1654424501155]}
06-05 18:21:41.411  2897  7259 D NetworkMonitor/101: PROBE_HTTPS https://www.google.com/generate_204 time=240ms ret=204 request={Connection=[close], User-Agent=[Mozilla/5.0 (X11; Linux x86_64) AppleWebKit/537.36 (KHTML, like Gecko) Chrome/60.0.3112.32 Safari/537.36]} headers={null=[HTTP/1.1 204 No Content], Alt-Svc=[h3=":443"; ma=2592000,h3-29=":443"; ma=2592000,h3-Q050=":443"; ma=2592000,h3-Q046=":443"; ma=2592000,h3-Q043=":443"; ma=2592000,quic=":443"; ma=2592000; v="46,43"], Connection=[close], Content-Length=[0], Date=[Sun, 05 Jun 2022 10:21:41 GMT], X-Android-Received-Millis=[1654424501409], X-Android-Response-Source=[NETWORK 204], X-Android-Selected-Protocol=[http/1.1], X-Android-Sent-Millis=[1654424501292]}
06-05 18:21:41.413  2897  7258 D NetworkMonitor/101: isCaptivePortal: isSuccessful()=true isPortal()=false RedirectUrl=null isPartialConnectivity()=false Time=328ms
06-05 18:21:41.419  1850  2648 D ConnectivityService: [101 WIFI] validation passed
06-05 18:21:41.474  3143  7255 E WakeLock: GCM_CONN_ALARM release without a matched acquire!
06-05 18:21:41.500  1850  2634 I MiuiNetworkPolicy: updateUidState uid = 10210, uidState = 11
06-05 18:21:41.504  3143  7255 W ChimeraUtils: Module com.google.android.gms.gcm has empty metadata display_name_string_id
06-05 18:21:41.532  3143  7255 W ChimeraUtils: Module com.google.android.gms.gcm has empty metadata display_name_string_id
06-05 18:21:41.536   859   859 D Zygote  : Forked child process 7276
06-05 18:21:41.553  7276  7276 E android:channe: Not starting debugger since process cannot load the jdwp agent.
06-05 18:21:41.554  3143  7255 W ChimeraUtils: Module com.google.android.gms.gcm has empty metadata display_name_string_id
06-05 18:21:41.558  7276  7276 D ProcessState: Binder ioctl to enable oneway spam detection failed: Invalid argument
06-05 18:21:41.572  1850  2634 I MiuiNetworkPolicy: updateUidState uid = 10269, uidState = 11
06-05 18:21:41.578  7276  7276 D CompatibilityChangeReporter: Compat change id reported: 171979766; UID 10269; state: DISABLED
06-05 18:21:41.582  5193  5217 W MQSService: CallerName:com.lazada.android,calling Uid:10269
06-05 18:21:41.582  5193  5217 D MQSService: registerApplicationScoutThread pid = 7276, packageName = com.lazada.android
06-05 18:21:41.727  7276  7276 W android:channe: Entry not found
06-05 18:21:41.727  7276  7276 W android:channe: Entry not found
06-05 18:21:41.732  7276  7276 W android:channe: Entry not found
06-05 18:21:41.732  7276  7276 W android:channe: Entry not found
06-05 18:21:41.735  7276  7276 W android:channe: Entry not found
06-05 18:21:41.735  7276  7276 W android:channe: Entry not found
06-05 18:21:41.738  7276  7276 W android:channe: JIT profile information will not be recorded: profile file does not exist.
06-05 18:21:41.739  7276  7276 W android:channe: JIT profile information will not be recorded: profile file does not exist.
06-05 18:21:41.740  7276  7276 W android:channe: JIT profile information will not be recorded: profile file does not exist.
06-05 18:21:41.740  7276  7276 W android:channe: JIT profile information will not be recorded: profile file does not exist.
06-05 18:21:41.740  7276  7276 W android:channe: JIT profile information will not be recorded: profile file does not exist.
06-05 18:21:41.740  7276  7276 W android:channe: JIT profile information will not be recorded: profile file does not exist.
06-05 18:21:41.743  1850  2634 I MiuiNetworkPolicy: updateUidState uid = 10210, uidState = 19
06-05 18:21:41.747  7276  7276 V GraphicsEnvironment: ANGLE Developer option for 'com.lazada.android' set to: 'default'
06-05 18:21:41.747  7276  7276 V GraphicsEnvironment: Updatable production driver is not supported on the device.
06-05 18:21:41.749  7276  7276 D OpenGLRenderer: JNI_OnLoad success
06-05 18:21:41.749  7276  7276 I MiuiForceDarkConfig: setConfig density:2.750000, mainRule:0, secondaryRule:0, tertiaryRule:0
06-05 18:21:41.750  7276  7276 I LoadedApk: No resource references to update in package com.lazada.android.lazandroid_uc_dynamic
06-05 18:21:41.750  7276  7276 I LoadedApk: No resource references to update in package com.lazada.android.lazandroid_live_rts
06-05 18:21:41.752  7276  7276 D NetworkSecurityConfig: Using Network Security Config from resource network_security_config debugBuild: false
06-05 18:21:41.752  7276  7276 D NetworkSecurityConfig: Using Network Security Config from resource network_security_config debugBuild: false
06-05 18:21:41.779  7276  7276 W android:channel: type=1400 audit(0.0:5640): avc: denied { read } for name="version" dev="proc" ino=4026532263 scontext=u:r:untrusted_app:s0:c13,c257,c512,c768 tcontext=u:object_r:proc_version:s0 tclass=file permissive=0 app=com.lazada.android
06-05 18:21:41.785  7276  7276 I crashsdk: LibcMalloc detail: disabled.
06-05 18:21:41.789  1850  5955 D ConnectivityService: Returning UNBLOCKED NetworkInfo to uid=10269
06-05 18:21:41.799  7276  7276 E Switch  : qwh = true,fb = true,sp = 3
06-05 18:21:41.800  7276  7276 E setPendingWorkFinishers: high version
06-05 18:21:41.800  7276  7276 E com.facebook.FacebookSdk: enable = true
06-05 18:21:41.823  1850  2634 I MiuiNetworkPolicy: updateUidState uid = 10269, uidState = 10
06-05 18:21:41.827  7313  7313 W ps      : type=1400 audit(0.0:5641): avc: denied { read } for name="pid_max" dev="proc" ino=670060 scontext=u:r:untrusted_app:s0:c13,c257,c512,c768 tcontext=u:object_r:proc_pid_max:s0 tclass=file permissive=0 app=com.lazada.android
06-05 18:21:41.835  7276  7276 E ReceiveMgr: isOpen =true
06-05 18:21:41.835  7276  7276 W CrashSDKBkgdHan: type=1400 audit(0.0:5642): avc: denied { read } for name="loadavg" dev="proc" ino=4026532259 scontext=u:r:untrusted_app:s0:c13,c257,c512,c768 tcontext=u:object_r:proc_loadavg:s0 tclass=file permissive=0 app=com.lazada.android
06-05 18:21:41.885   859   859 D Zygote  : Forked child process 7392
06-05 18:21:41.902  7392  7392 E ppmine.poetize: Not starting debugger since process cannot load the jdwp agent.
06-05 18:21:41.905  7392  7392 D ProcessState: Binder ioctl to enable oneway spam detection failed: Invalid argument
06-05 18:21:41.916  7276  7374 I FA      : App measurement initialized, version: 31000
06-05 18:21:41.916  7276  7374 I FA      : To enable debug logging run: adb shell setprop log.tag.FA VERBOSE
06-05 18:21:41.916  7276  7374 I FA      : To enable faster debug mode event logging run:
06-05 18:21:41.916  7276  7374 I FA      :   adb shell setprop debug.firebase.analytics.app com.lazada.android
06-05 18:21:41.918  1850  2634 I MiuiNetworkPolicy: updateUidState uid = 10291, uidState = 11
06-05 18:21:41.925  5193  5217 W MQSService: CallerName:cz.appmine.poetizer,calling Uid:10291
06-05 18:21:41.925  7392  7392 D CompatibilityChangeReporter: Compat change id reported: 171979766; UID 10291; state: ENABLED
06-05 18:21:41.925  5193  5217 D MQSService: registerApplicationScoutThread pid = 7392, packageName = cz.appmine.poetizer
06-05 18:21:41.931  5121  5496 E MediaProvider: Creating a non-default top level directory or deleting an existing one is not allowed!
06-05 18:21:41.934  5121  5480 E MediaProvider: Creating a non-default top level directory or deleting an existing one is not allowed!
06-05 18:21:41.945  4385  4385 D BoundBrokerSvc: onBind: Intent { act=com.google.android.gms.measurement.START pkg=com.google.android.gms }
06-05 18:21:41.945  4385  4385 D BoundBrokerSvc: Loading bound service for intent: Intent { act=com.google.android.gms.measurement.START pkg=com.google.android.gms }
06-05 18:21:41.947  5121  5480 E MediaProvider: Creating a non-default top level directory or deleting an existing one is not allowed!
06-05 18:21:41.953  5121  5496 E MediaProvider: Creating a non-default top level directory or deleting an existing one is not allowed!
06-05 18:21:41.960  5121  5480 E MediaProvider: Creating a non-default top level directory or deleting an existing one is not allowed!
06-05 18:21:42.000  7392  7392 W ppmine.poetize: Entry not found
06-05 18:21:42.001  7392  7392 W ppmine.poetize: Entry not found
06-05 18:21:42.002  7392  7392 W ppmine.poetize: Entry not found
06-05 18:21:42.005  7392  7392 W ppmine.poetize: JIT profile information will not be recorded: profile file does not exist.
06-05 18:21:42.005  7392  7392 W ppmine.poetize: JIT profile information will not be recorded: profile file does not exist.
06-05 18:21:42.005  7392  7392 W ppmine.poetize: JIT profile information will not be recorded: profile file does not exist.
06-05 18:21:42.005  7276  7307 W IconCustomizer: can't load transform_config.xml
06-05 18:21:42.013  7392  7392 V GraphicsEnvironment: ANGLE Developer option for 'cz.appmine.poetizer' set to: 'default'
06-05 18:21:42.013  7392  7392 V GraphicsEnvironment: Updatable production driver is not supported on the device.
06-05 18:21:42.015  7392  7392 D OpenGLRenderer: JNI_OnLoad success
06-05 18:21:42.015  7392  7392 I MiuiForceDarkConfig: setConfig density:2.750000, mainRule:0, secondaryRule:0, tertiaryRule:0
06-05 18:21:42.016  7392  7392 D NetworkSecurityConfig: No Network Security Config specified, using platform default
06-05 18:21:42.016  7392  7392 D NetworkSecurityConfig: No Network Security Config specified, using platform default
06-05 18:21:42.019  7392  7392 I FirebaseApp: Device unlocked: initializing all Firebase APIs for app [DEFAULT]
06-05 18:21:42.022  7392  7392 I FirebaseCrashlytics: Initializing Firebase Crashlytics 18.2.6 for cz.appmine.poetizer
06-05 18:21:42.026  7392  7450 I FirebaseAuth: [FirebaseAuth:] Preparing to create service connection to fallback implementation
06-05 18:21:42.037  7276  7307 D IconCustomizer: Content Ratio = -1.0
06-05 18:21:42.046  7276  7307 D IconCustomizer: Generate customized icon for com.lazada.android.png
06-05 18:21:42.046  7392  7392 I FirebaseInitProvider: FirebaseApp initialization successful
06-05 18:21:42.055  7392  7454 I DynamiteModule: Considering local module com.google.android.gms.measurement.dynamite:64 and remote module com.google.android.gms.measurement.dynamite:72
06-05 18:21:42.055  7392  7454 I DynamiteModule: Selected remote version of com.google.android.gms.measurement.dynamite, version >= 72
06-05 18:21:42.055  7392  7454 V DynamiteModule: Dynamite loader version >= 2, using loadModule2NoCrashUtils
06-05 18:21:42.083  7392  7392 D WM-WrkMgrInitializer: Initializing WorkManager with default configuration.
06-05 18:21:42.087  7392  7392 I FirebaseApp: Device unlocked: initializing all Firebase APIs for app cz.appmine.poetizer
06-05 18:21:42.090  7392  7392 D AppsFlyer_6.4.2: Initializing AppsFlyer SDK: (v6.4.2.130)
06-05 18:21:42.091  3143 11074 I FontLog : Received query Noto Color Emoji Compat, URI content://com.google.android.gms.fonts [CONTEXT service_id=132 ]
06-05 18:21:42.091  3143 11074 I FontLog : Query [Noto Color Emoji Compat] resolved to {Noto Color Emoji Compat, wdth 100.0, wght 400, ital 0.0, bestEffort false} [CONTEXT service_id=132 ]
06-05 18:21:42.101  3143 11074 I FontLog : Fetch {Noto Color Emoji Compat, wdth 100.0, wght 400, ital 0.0, bestEffort false} end status Status{statusCode=SUCCESS, resolution=null} [CONTEXT service_id=132 ]
06-05 18:21:42.103  7392  7392 W com.facebook.UserSettingsManager: Please set a value for AutoLogAppEventsEnabled. Set the flag to TRUE if you want to collect app install, app launch and in-app purchase events automatically. To request user consent before collecting data, set the flag value to FALSE, then change to TRUE once user consent is received. Learn more: https://developers.facebook.com/docs/app-events/getting-started-app-events-android#disable-auto-events.
06-05 18:21:42.103  7392  7392 W com.facebook.UserSettingsManager: You haven't set a value for AdvertiserIDCollectionEnabled. Set the flag to TRUE if you want to collect Advertiser ID for better advertising and analytics results. To request user consent before collecting data, set the flag value to FALSE, then change to TRUE once user consent is received. Learn more: https://developers.facebook.com/docs/app-events/getting-started-app-events-android#disable-auto-events.
06-05 18:21:42.105  7392  7473 D CompatibilityChangeReporter: Compat change id reported: 160794467; UID 10291; state: ENABLED
06-05 18:21:42.106  3143 11228 I FontLog : Pulling font file for id = 27, cache size = 4 [CONTEXT service_id=132 ]
06-05 18:21:42.109  1850  5955 D ConnectivityService: requestNetwork for uid/pid:1000/1850 asUid: 10291 activeRequest: null callbackRequest: 379 [NetworkRequest [ REQUEST id=380, [ Capabilities: INTERNET&NOT_RESTRICTED&TRUSTED&NOT_VCN_MANAGED Uid: 10291 RequestorUid: 1000 RequestorPkg: android UnderlyingNetworks: Null] ]] callback flags: 0 order: 2147483647
06-05 18:21:42.110  1850  2648 D ConnectivityService: NetReassign [380 : null  101]
06-05 18:21:42.111  7392  7491 W GraphRequest: Starting with v13 of the SDK, a client token must be embedded in your client code before making Graph API calls. Visit https://developers.facebook.com/docs/android/getting-started#client-token to learn how to implement this change.
06-05 18:21:42.111  7392  7495 W com.facebook.internal.NativeProtocol: Apps that target Android API 30+ (Android 11+) cannot call Facebook native apps unless the package visibility needs are declared. Please follow https://developers.facebook.com/docs/android/troubleshooting/#faq_267321845055988 to make the declaration.
06-05 18:21:42.112  7392  7493 W GraphRequest: Starting with v13 of the SDK, a client token must be embedded in your client code before making Graph API calls. Visit https://developers.facebook.com/docs/android/getting-started#client-token to learn how to implement this change.
06-05 18:21:42.118  7392  7494 W GraphRequest: Starting with v13 of the SDK, a client token must be embedded in your client code before making Graph API calls. Visit https://developers.facebook.com/docs/android/getting-started#client-token to learn how to implement this change.
06-05 18:21:42.120  3143 11228 I FontLog : Pulling font file for id = 27, cache size = 4 [CONTEXT service_id=132 ]
06-05 18:21:42.122  1850  2636 D WifiNetworkFactory: got request NetworkRequest [ REQUEST id=380, [ Capabilities: INTERNET&NOT_RESTRICTED&TRUSTED&NOT_VCN_MANAGED Uid: 10291 RequestorUid: 1000 RequestorPkg: android UnderlyingNetworks: Null] ]
06-05 18:21:42.122  1850  2636 D UntrustedWifiNetworkFactory: got request NetworkRequest [ REQUEST id=380, [ Capabilities: INTERNET&NOT_RESTRICTED&TRUSTED&NOT_VCN_MANAGED Uid: 10291 RequestorUid: 1000 RequestorPkg: android UnderlyingNetworks: Null] ]
06-05 18:21:42.122  1850  2636 D OemPaidWifiNetworkFactory: got request NetworkRequest [ REQUEST id=380, [ Capabilities: INTERNET&NOT_RESTRICTED&TRUSTED&NOT_VCN_MANAGED Uid: 10291 RequestorUid: 1000 RequestorPkg: android UnderlyingNetworks: Null] ]
06-05 18:21:42.136  7392  7485 I FA      : App measurement initialized, version: 63020
06-05 18:21:42.136  7392  7485 I FA      : To enable debug logging run: adb shell setprop log.tag.FA VERBOSE
06-05 18:21:42.136  7392  7485 I FA      : To enable faster debug mode event logging run:
06-05 18:21:42.136  7392  7485 I FA      :   adb shell setprop debug.firebase.analytics.app cz.appmine.poetizer
06-05 18:21:42.148  1850  2634 I MiuiNetworkPolicy: updateUidState uid = 10291, uidState = 10
06-05 18:21:42.157  1850  2634 I MiuiNetworkPolicy: updateUidState uid = 10375, uidState = 15
06-05 18:21:42.170  1850  2634 I MiuiNetworkPolicy: updateUidState uid = 10375, uidState = 10
06-05 18:21:42.199  1850  2634 I MiuiNetworkPolicy: updateUidState uid = 10291, uidState = 19
06-05 18:21:42.231  1850  6677 D ConnectivityService: requestNetwork for uid/pid:10269/7276 activeRequest: null callbackRequest: 381 [NetworkRequest [ REQUEST id=382, [ Capabilities: INTERNET&NOT_RESTRICTED&TRUSTED&NOT_VCN_MANAGED Uid: 10269 RequestorUid: 10269 RequestorPkg: com.lazada.android UnderlyingNetworks: Null] ]] callback flags: 0 order: 2147483647
06-05 18:21:42.232  1850  2648 D ConnectivityService: NetReassign [382 : null  101]
06-05 18:21:42.234  1850  2636 D WifiNetworkFactory: got request NetworkRequest [ REQUEST id=382, [ Capabilities: INTERNET&NOT_RESTRICTED&TRUSTED&NOT_VCN_MANAGED Uid: 10269 RequestorUid: 10269 RequestorPkg: com.lazada.android UnderlyingNetworks: Null] ]
06-05 18:21:42.234  1850  2636 D UntrustedWifiNetworkFactory: got request NetworkRequest [ REQUEST id=382, [ Capabilities: INTERNET&NOT_RESTRICTED&TRUSTED&NOT_VCN_MANAGED Uid: 10269 RequestorUid: 10269 RequestorPkg: com.lazada.android UnderlyingNetworks: Null] ]
06-05 18:21:42.235  1850  2636 D OemPaidWifiNetworkFactory: got request NetworkRequest [ REQUEST id=382, [ Capabilities: INTERNET&NOT_RESTRICTED&TRUSTED&NOT_VCN_MANAGED Uid: 10269 RequestorUid: 10269 RequestorPkg: com.lazada.android UnderlyingNetworks: Null] ]
06-05 18:21:42.292  1850  2634 I MiuiNetworkPolicy: updateUidState uid = 10375, uidState = 15
06-05 18:21:42.304  1850  2634 I MiuiNetworkPolicy: updateUidState uid = 10375, uidState = 10
06-05 18:21:42.310  7058  7664 W msgr.MobileConfigFactoryImpl: SESSIONBASED factory used for SESSIONLESS param
06-05 18:21:42.311  7058  7664 W msgr.MobileConfigFactoryImpl: SESSIONBASED factory used for SESSIONLESS param
06-05 18:21:42.311  7058  7664 W msgr.MobileConfigFactoryImpl: SESSIONBASED factory used for SESSIONLESS param
06-05 18:21:42.311  7058  7664 W msgr.MobileConfigFactoryImpl: SESSIONBASED factory used for SESSIONLESS param
06-05 18:21:42.311  7058  7664 W msgr.MobileConfigFactoryImpl: SESSIONBASED factory used for SESSIONLESS param
06-05 18:21:42.311  7058  7664 W msgr.MobileConfigFactoryImpl: SESSIONBASED factory used for SESSIONLESS param
06-05 18:21:42.312  7058  7193 W msgr.lacrima: Soft error detector missing: MobileConfigFactoryImpl: invalid specifier SESSIONBASED factory used for SESSIONLESS param, skipping
06-05 18:21:42.312  7058  7193 W msgr.lacrima: Soft error detector missing: MobileConfigFactoryImpl: invalid specifier SESSIONBASED factory used for SESSIONLESS param, skipping
06-05 18:21:42.312  7058  7193 W msgr.lacrima: Soft error detector missing: MobileConfigFactoryImpl: invalid specifier SESSIONBASED factory used for SESSIONLESS param, skipping
06-05 18:21:42.312  7058  7193 W msgr.lacrima: Soft error detector missing: MobileConfigFactoryImpl: invalid specifier SESSIONBASED factory used for SESSIONLESS param, skipping
06-05 18:21:42.312  7058  7193 W msgr.lacrima: Soft error detector missing: MobileConfigFactoryImpl: invalid specifier SESSIONBASED factory used for SESSIONLESS param, skipping
06-05 18:21:42.312  7058  7193 W msgr.lacrima: Soft error detector missing: MobileConfigFactoryImpl: invalid specifier SESSIONBASED factory used for SESSIONLESS param, skipping
06-05 18:21:42.313  1850  2634 I MiuiNetworkPolicy: updateUidState uid = 10375, uidState = 15
06-05 18:21:42.348  1850  2634 I MiuiNetworkPolicy: updateUidState uid = 10375, uidState = 10
06-05 18:21:42.414  3906  3906 D SpaceNotificationService: onNotificationPosted pkgname:cz.appmine.poetizer userId:0 currentUserId:0 isFloat: false
06-05 18:21:42.414  3906  3906 D SpaceNotificationService: We don't care notifications posted from current users.
06-05 18:21:42.439  3019  3019 E ResourceLoader: getXmlRoot local inputStream is null
06-05 18:21:42.439  3019  3019 E ScreenElementRoot: load error, manifest root is null
06-05 18:21:42.443  3019  3019 D IconCustomizer: Content Ratio = -1.0
06-05 18:21:42.445  3019  3019 D IconCustomizer: Generate customized icon for cz.appmine.poetizer.png
06-05 18:21:42.447  7058  4951 D omnistore_android_logger: DebouncingRateLimiter attempting event SyncProtocol::onConnectionEstablished
06-05 18:21:42.447  7058  4951 D omnistore_android_logger: Event not rate limited: SyncProtocol::onConnectionEstablished
06-05 18:21:42.447  7058  4951 D omnistore_android_logger: SyncProtocol calling onConnectionEstablished callbacks
06-05 18:21:42.447  7058  4951 D omnistore_android_logger: Removing all queue based subscriptions from rewire state
06-05 18:21:42.456  3019  3019 D InterruptionStateProvider: No bubble up: not allowed to bubble: 0|cz.appmine.poetizer|87527509|null|10291
06-05 18:21:42.457  3019  3317 D PeopleSpaceWidgetMgr: Sbn doesn't contain valid PeopleTileKey: null/0/cz.appmine.poetizer
06-05 18:21:42.458  7058  4951 D omnistore_android_logger: SendQueue::onConnectionEstablished: sending 0 transaction(s)
06-05 18:21:42.459  7058  7968 D omnistore_android_logger: SubscriptionManager::onConnectionEstablished is called back
06-05 18:21:42.464  6316  6316 V onNotificationPostedCallBack: flags=16
06-05 18:21:42.506  1850  2724 I QuietUtils: type:5, flags:0, cpkg:android
06-05 18:21:42.514  7058  7968 I omnistore_android_logger: Connect message: queueName: messenger_montage_v2:100004557977805_amYMBdYgzrKM, gvid: 84575
06-05 18:21:42.517  7058  7968 I omnistore_android_logger: Connect message: queueName: messenger_montage_non_user:100004557977805_amYMBdYgzrKM, gvid: 0
06-05 18:21:42.518  7058  7968 I omnistore_android_logger: Connect message: queueName: messenger_rooms:100004557977805_amYMBdYgzrKM, gvid: 29
06-05 18:21:42.521  1103  6927 I audioserver: setGameParameters keyvalue: xlog.volume.music.speaker=54
06-05 18:21:42.522   975  1043 D audio_hw_primary: adev_set_parameters: enter: xlog.volume.music.speaker=54
06-05 18:21:42.522   975  1043 V msm8974_platform: platform_set_parameters: enter: xlog.volume.music.speaker=54
06-05 18:21:42.522   975  1043 D audio_hw_hfp: hfp_set_parameters: enter
06-05 18:21:42.522   975  1043 D audio_hw_hfp: hfp_set_parameters: enter
06-05 18:21:42.522   975  1043 V a2dp_offload: end of a2dp setparam
06-05 18:21:42.522   975  1043 D audio_hw_cspl_cal: cirrus_cal_setparameters: enter 0xf3003600
06-05 18:21:42.522   975  1043 D audio_hw_extn: audio_extn_fm_set_parameters: Enter
06-05 18:21:42.522   975  1043 D audio_hw_hfp: hfp_set_parameters: enter
06-05 18:21:42.522   975  1043 V a2dp_offload: end of a2dp setparam
06-05 18:21:42.522   975  1043 D audio_hw_primary: adev_set_parameters: exit with code(0)
06-05 18:21:42.522  7058  7968 I omnistore_android_logger: Client sent connect message
06-05 18:21:42.525  1850  2724 I AudioService: setDefaultTimeZoneStatus: mInternationalLocation=true
06-05 18:21:42.526  1850  2724 D AudioService: getIndexForType() type=content://settings/system/notification_sound
06-05 18:21:42.527  1850  2724 D AudioService: getIndexForType() type=content://settings/system/notification_sound
06-05 18:21:42.527  1850  2724 D AudioService: getIndexForType() type=content://settings/system/notification_sound
06-05 18:21:42.527  1850  2724 D AudioService: getIndexForType() type=content://settings/system/notification_sound
06-05 18:21:42.527  1850  2724 I AudioService: querySoundSourcesNumber:result=3 RowIndex=0 ColumnIndex=0 mTimeZone=Day
06-05 18:21:42.527  1850  2724 I AudioService: createActualUriForNatureSound: FilePath=file:///system/media/audio/ui/WaterDropNotificationDay3.ogg
06-05 18:21:42.528  3019  7556 D MediaPlayer: setDataSource() actualUri=file:///system/media/audio/ui/WaterDropNotificationDay3.ogg
06-05 18:21:42.554  1757  6932 D NuPlayerDriver: NuPlayerDriver(0xef8df900) created, clientPid(3019)
06-05 18:21:42.611  1757  6932 I ExtendedNuUtils: printFileName fd(7) -> /system/media/audio/ui/WaterDropNotificationDay3.ogg
06-05 18:21:42.638  1757  7569 D GenericSource: FileSource remote
06-05 18:21:42.670  1560 26863 I MMParserExtractor: Created(0xb400007adb4fe180)
06-05 18:21:42.671  1560 26863 E MM_OSAL : FileSource::FileSource
06-05 18:21:42.671  1560 26863 E MM_OSAL : FileSource::FileSource m_bEveryThingOK 1
06-05 18:21:42.681  1560 17042 D MediaBufferGroup: creating MemoryDealer
06-05 18:21:42.691  1850  2724 I MediaFocusControl: requestAudioFocus() from uid/pid 1000/3019 AA=USAGE_NOTIFICATION/CONTENT_TYPE_SONIFICATION clientId=android.media.AudioManager@37b11bd callingPack=com.android.systemui req=3 flags=0x0 sdk=31
06-05 18:21:42.692  1850  2724 I AudioService.FadeOutManager: unfadeOutUid() uid:1000
06-05 18:21:43.106  2999  3462 D MI_RIL_OEM_HOOK: onPkHookCommonMsg, msg_id = 65
06-05 18:21:43.106  2999  3462 D MI_RIL_OEM_HOOK: onGetHookMsgBytes, HOOK_HEAD_SIZE = 16, msg_len = 4
06-05 18:21:43.106  2999  3462 D MI_RIL_OEM_HOOK: onHookSendSync, phoneId = 0
06-05 18:21:43.107  2930  2930 D QcrilMsgTunnelIfaceManager: handleMessage what = 1
06-05 18:21:43.108  2930  2930 I QcrilOemhookMsgTunnel: [0]invokeOemRilRequestRaw: serial=2037 length=36
06-05 18:21:43.142  1850  2799 D ConnectivityService: requestNetwork for uid/pid:10195/3863 activeRequest: null callbackRequest: 383 [NetworkRequest [ REQUEST id=384, [ Capabilities: INTERNET&NOT_RESTRICTED&TRUSTED&NOT_VCN_MANAGED Uid: 10195 RequestorUid: 10195 RequestorPkg: com.google.android.youtube UnderlyingNetworks: Null] ]] callback flags: 0 order: 2147483647
06-05 18:21:43.143  1850  2648 D ConnectivityService: NetReassign [384 : null  101]
06-05 18:21:43.145  1850  2636 D WifiNetworkFactory: got request NetworkRequest [ REQUEST id=384, [ Capabilities: INTERNET&NOT_RESTRICTED&TRUSTED&NOT_VCN_MANAGED Uid: 10195 RequestorUid: 10195 RequestorPkg: com.google.android.youtube UnderlyingNetworks: Null] ]
06-05 18:21:43.145  1850  2636 D UntrustedWifiNetworkFactory: got request NetworkRequest [ REQUEST id=384, [ Capabilities: INTERNET&NOT_RESTRICTED&TRUSTED&NOT_VCN_MANAGED Uid: 10195 RequestorUid: 10195 RequestorPkg: com.google.android.youtube UnderlyingNetworks: Null] ]
06-05 18:21:43.145  1850  2636 D OemPaidWifiNetworkFactory: got request NetworkRequest [ REQUEST id=384, [ Capabilities: INTERNET&NOT_RESTRICTED&TRUSTED&NOT_VCN_MANAGED Uid: 10195 RequestorUid: 10195 RequestorPkg: com.google.android.youtube UnderlyingNetworks: Null] ]
06-05 18:21:43.150  1793  2006 D XIAOMI_QCRIL: RIL[lib][xiaomi_extend_nvefs.c:52] xiaomi_qmi_result_map: xiaomi_qmi_result_map, old_result 0, new_result 0
06-05 18:21:43.150  2930  3267 I QcrilOemhookMsgTunnel: [0]processOemHookResponse serial no: 2037 error: 0length=16
06-05 18:21:43.151  2930  2930 D QcrilMsgTunnelIfaceManager: handleMessage what = 2
06-05 18:21:43.151  2999  3462 D QC_RIL_OEM_HOOK: sendOemRilRequestRaw returns value = 16
06-05 18:21:43.151  2999  3462 D ModemSarController_8250: type = 65, len = 4, value = 0
06-05 18:21:43.159  1850  2553 D MIUIInput: [MotionEvent] publisher action=0x4, 5091206, channel '613871d com.miui.securitycenter (server)'
06-05 18:21:43.159  1850  2553 D MIUIInput: [MotionEvent] publisher action=0x4, 5091206, channel 'ef6ede1 com.miui.securitycenter (server)'
06-05 18:21:43.159  1850  2553 D MIUIInput: [MotionEvent] publisher action=0x0, 5091206, channel '1b9faa8 com.blizzard.wtcg.hearthstone/com.blizzard.wtcg.hearthstone.HearthstoneActivity (server)'
06-05 18:21:43.160  7693  7693 I GameBoxTouchListener: onTouch: 	mAdded=false	isLeftShowfalse
06-05 18:21:43.161  7693  7693 I GameBoxTouchListener: onTouch: 	mAdded=false	isLeftShowtrue
06-05 18:21:43.195  1103  6927 I audioserver: setGameParameters keyvalue: xlog.volume.music.speaker=54
06-05 18:21:43.195   975  1043 D audio_hw_primary: adev_set_parameters: enter: xlog.volume.music.speaker=54
06-05 18:21:43.195   975  1043 V msm8974_platform: platform_set_parameters: enter: xlog.volume.music.speaker=54
06-05 18:21:43.195   975  1043 D audio_hw_hfp: hfp_set_parameters: enter
06-05 18:21:43.195   975  1043 D audio_hw_hfp: hfp_set_parameters: enter
06-05 18:21:43.195   975  1043 V a2dp_offload: end of a2dp setparam
06-05 18:21:43.196   975  1043 D audio_hw_cspl_cal: cirrus_cal_setparameters: enter 0xf3003600
06-05 18:21:43.196   975  1043 D audio_hw_extn: audio_extn_fm_set_parameters: Enter
06-05 18:21:43.196   975  1043 D audio_hw_hfp: hfp_set_parameters: enter
06-05 18:21:43.196   975  1043 V a2dp_offload: end of a2dp setparam
06-05 18:21:43.196   975  1043 D audio_hw_primary: adev_set_parameters: exit with code(0)
06-05 18:21:43.196  1850  1850 D MediaRouter: onRestoreRoute() : route=RouteInfo{ name=Phone, description=null, status=null, category=RouteCategory{ name=System types=ROUTE_TYPE_LIVE_AUDIO ROUTE_TYPE_LIVE_VIDEO  groupable=false }, supportedTypes=ROUTE_TYPE_LIVE_AUDIO ROUTE_TYPE_LIVE_VIDEO , presentationDisplay=null }
06-05 18:21:43.196  1850  1850 V MediaRouter: Selecting route: RouteInfo{ name=Phone, description=null, status=null, category=RouteCategory{ name=System types=ROUTE_TYPE_LIVE_AUDIO ROUTE_TYPE_LIVE_VIDEO  groupable=false }, supportedTypes=ROUTE_TYPE_LIVE_AUDIO ROUTE_TYPE_LIVE_VIDEO , presentationDisplay=null }
06-05 18:21:43.198  1757  7558 I GenericSource: start
06-05 18:21:43.199  1757  7558 W Utils   : track of type 'audio/vorbis' does not publish channel mask, channel count 2
06-05 18:21:43.206  1757  7558 W Utils   : track of type 'audio/vorbis' does not publish channel mask, channel count 2
06-05 18:21:43.212   975  1043 D audio_hw_primary: adev_get_parameters:is_hw_dec_session_available
06-05 18:21:43.212   975  1043 D soundtrigger: audio_extn_sound_trigger_get_parameters input string<is_hw_dec_session_available=>
06-05 18:21:43.212   975  1043 D soundtrigger: extract_sm_handle input string <is_hw_dec_session_available=> param string <is_hw_dec_session_available=>
06-05 18:21:43.212   975  1043 D audio_hw_extn: audio_extn_fm_get_parameters: Enter
06-05 18:21:43.212   975  1043 D audio_hw_extn: audio_extn_get_parameters: returns
06-05 18:21:43.212   975  1043 V msm8974_platform: platform_get_parameters: exit: returns -
06-05 18:21:43.212   975  1043 D audio_hw_primary: adev_get_parameters: exit: returns -
06-05 18:21:43.222  1103  6927 I hash_map_utils: system/bt/osi/src/hash_map_utils.cc:81 hash_map_utils_dump_string_keys_string_values: key: 'is_hw_dec_session_available' value: 'audio/vorbis'
06-05 18:21:43.247  1757  7578 I MediaCodec: video box enabled in settings
06-05 18:21:43.247  1757  7578 I MediaCodec: init video box disabled for codec not supported
06-05 18:21:43.247  1757  7579 D CCodec  : allocate(c2.android.vorbis.decoder)
06-05 18:21:43.250  1757  7579 I CCodec  : setting up 'default' as default (vendor) store
06-05 18:21:43.259  1645  2780 V C2Store : in init
06-05 18:21:43.259  1645  2780 V C2Store : loading dll
06-05 18:21:43.275  1757  7579 I CCodec  : Created component [c2.android.vorbis.decoder]
06-05 18:21:43.276  1757  7579 D CCodecConfig: read media type: audio/vorbis
06-05 18:21:43.279  1757  7579 D ReflectedParamUpdater: extent() != 1 for single value type: algo.buffers.max-count.values
06-05 18:21:43.279  1757  7579 D ReflectedParamUpdater: extent() != 1 for single value type: output.subscribed-indices.values
06-05 18:21:43.280  1757  7579 D ReflectedParamUpdater: extent() != 1 for single value type: input.buffers.allocator-ids.values
06-05 18:21:43.280  1757  7579 D ReflectedParamUpdater: extent() != 1 for single value type: output.buffers.allocator-ids.values
06-05 18:21:43.280  1757  7579 D ReflectedParamUpdater: extent() != 1 for single value type: algo.buffers.allocator-ids.values
06-05 18:21:43.280  1757  7579 D ReflectedParamUpdater: extent() != 1 for single value type: output.buffers.pool-ids.values
06-05 18:21:43.280  1757  7579 D ReflectedParamUpdater: extent() != 1 for single value type: algo.buffers.pool-ids.values
06-05 18:21:43.284  1757  7579 I CCodecConfig: query failed after returning 7 values (BAD_INDEX)
06-05 18:21:43.286  1757  7579 D CCodecConfig: c2 config diff is Dict {
06-05 18:21:43.286  1757  7579 D CCodecConfig:   c2::u32 coded.bitrate.value = 64000
06-05 18:21:43.286  1757  7579 D CCodecConfig:   c2::u32 input.buffers.max-size.value = 32768
06-05 18:21:43.286  1757  7579 D CCodecConfig:   c2::u32 input.delay.value = 0
06-05 18:21:43.286  1757  7579 D CCodecConfig:   string input.media-type.value = "audio/vorbis"
06-05 18:21:43.286  1757  7579 D CCodecConfig:   string output.media-type.value = "audio/raw"
06-05 18:21:43.286  1757  7579 D CCodecConfig:   c2::u32 raw.channel-count.value = 1
06-05 18:21:43.286  1757  7579 D CCodecConfig:   c2::u32 raw.sample-rate.value = 48000
06-05 18:21:43.286  1757  7579 D CCodecConfig: }
06-05 18:21:43.289  1757  7579 D CCodec  : [c2.android.vorbis.decoder] buffers are bound to CCodec for this session
06-05 18:21:43.289  1757  7579 D CCodecConfig: no c2 equivalents for durationUs
06-05 18:21:43.289  1757  7579 D CCodecConfig: no c2 equivalents for csd-1
06-05 18:21:43.289  1757  7579 D CCodecConfig: no c2 equivalents for language
06-05 18:21:43.289  1757  7579 D CCodecConfig: no c2 equivalents for file-format
06-05 18:21:43.289  1757  7579 D CCodecConfig: no c2 equivalents for audiosession-id
06-05 18:21:43.289  1757  7579 D CCodecConfig: no c2 equivalents for flags
06-05 18:21:43.290  1757  7579 D CCodecConfig: config failed => CORRUPTED
06-05 18:21:43.290  1757  7579 D CCodecConfig: c2 config diff is   c2::u32 coded.bitrate.value = 499821
06-05 18:21:43.290  1757  7579 D CCodecConfig:   c2::u32 raw.channel-count.value = 2
06-05 18:21:43.290  1757  7579 D CCodecConfig:   c2::u32 raw.sample-rate.value = 44100
06-05 18:21:43.291  1757  7579 W Codec2Client: query -- param skipped: index = 1107298332.
06-05 18:21:43.291  1757  7579 D CCodec  : setup formats input: AMessage(what = 0x00000000) = {
06-05 18:21:43.291  1757  7579 D CCodec  :   int32_t bitrate = 499821
06-05 18:21:43.291  1757  7579 D CCodec  :   int32_t channel-count = 2
06-05 18:21:43.291  1757  7579 D CCodec  :   int32_t max-input-size = 65307
06-05 18:21:43.291  1757  7579 D CCodec  :   string mime = "audio/vorbis"
06-05 18:21:43.291  1757  7579 D CCodec  :   int32_t sample-rate = 44100
06-05 18:21:43.291  1757  7579 D CCodec  : }
06-05 18:21:43.291  1757  7579 D CCodec  : setup formats output: AMessage(what = 0x00000000) = {
06-05 18:21:43.291  1757  7579 D CCodec  :   int32_t channel-count = 2
06-05 18:21:43.291  1757  7579 D CCodec  :   string mime = "audio/raw"
06-05 18:21:43.291  1757  7579 D CCodec  :   int32_t sample-rate = 44100
06-05 18:21:43.291  1757  7579 D CCodec  :   int32_t android._config-pcm-encoding = 2
06-05 18:21:43.291  1757  7579 D CCodec  : }
06-05 18:21:43.291  1757  7579 I CCodecConfig: query failed after returning 7 values (BAD_INDEX)
06-05 18:21:43.292  1757  7579 I MediaCodec: MediaCodec will operate in async mode
06-05 18:21:43.292  1757  7578 D MediaCodec: keep callback message for reclaim
06-05 18:21:43.293  1757  7579 W Codec2Client: query -- param skipped: index = 1342179345.
06-05 18:21:43.293  1757  7579 W Codec2Client: query -- param skipped: index = 2415921170.
06-05 18:21:43.300  1757  7579 D CCodecBufferChannel: [c2.android.vorbis.decoder#721] Created input block pool with allocatorID 16 => poolID 294 - OK (0)
06-05 18:21:43.300  1645  2780 D BufferPoolAccessor2.0: bufferpool2 0xb4000075caa8be28 : 0(0 size) total buffers - 0(0 size) used buffers - 76/80 (recycle/alloc) - 4/79 (fetch/transfer)
06-05 18:21:43.300  1645  2780 D BufferPoolAccessor2.0: Destruction - bufferpool2 0xb4000075caa8be28 cached: 0/0M, 0/0% in use; allocs: 80, 95% recycled; transfers: 79, 95% unfetched
06-05 18:21:43.302  1757 10444 D BufferPoolAccessor2.0: bufferpool2 0xef8198d8 : 0(0 size) total buffers - 0(0 size) used buffers - 77/85 (recycle/alloc) - 8/164 (fetch/transfer)
06-05 18:21:43.302  1757 10444 D BufferPoolAccessor2.0: Destruction - bufferpool2 0xef8198d8 cached: 0/0M, 0/0% in use; allocs: 85, 91% recycled; transfers: 164, 95% unfetched
06-05 18:21:43.303  1757  7579 I CCodecBufferChannel: [c2.android.vorbis.decoder#721] Created output block pool with allocatorID 16 => poolID 314 - OK
06-05 18:21:43.304  1757  7579 D CCodecBufferChannel: [c2.android.vorbis.decoder#721] Configured output block pool ids 314 => OK
06-05 18:21:43.305  1757  7579 D CCodecBufferChannel: [c2.android.vorbis.decoder#721] start: updating output delay 0
06-05 18:21:43.310  1645  7593 D SimpleC2Component: Using output block pool with poolID 314 => got 314 - 0
06-05 18:21:43.324  1757  7578 I ExtendedNuUtils: Both src and dst missing for bit-width
06-05 18:21:43.324  1757  7578 I ExtendedNuUtils: Overriding durationUs: with 64 bit src value 1200000
06-05 18:21:43.324  1757  7578 I ExtendedNuUtils: Both src and dst missing for channel-mask
06-05 18:21:43.326  1103  6927 D APM_AudioPolicyManager: selectOutput flags 0
06-05 18:21:43.327  1103  1103 D APM_AudioPolicyManager: selectOutput flags 0
06-05 18:21:43.327  1757  7577 D AudioTrack: set(sessionId=4865)
06-05 18:21:43.327  1757  7577 D AudioTrack: set(): streamType 5, sampleRate 44100, format 0x1, channelMask 0x3, frameCount 22050, flags #2, notificationFrames 0, sessionId 4865, transferType 0, uid 1000, pid 3019
06-05 18:21:43.330   975 19730 D audio_hw_primary: adev_get_parameters:audio_game_sound_volume_gap_switch
06-05 18:21:43.330   975 19730 D soundtrigger: audio_extn_sound_trigger_get_parameters input string<audio_game_sound_volume_gap_switch=>
06-05 18:21:43.330   975 19730 D soundtrigger: extract_sm_handle input string <audio_game_sound_volume_gap_switch=> param string <audio_game_sound_volume_gap_switch=>
06-05 18:21:43.330   975 19730 D audio_hw_extn: audio_extn_fm_get_parameters: Enter
06-05 18:21:43.330   975 19730 D audio_hw_extn: audio_extn_get_parameters: returns
06-05 18:21:43.330   975 19730 V msm8974_platform: platform_get_parameters: exit: returns - audio_game_sound_volume_gap_switch=on
06-05 18:21:43.330   975 19730 D audio_hw_primary: adev_get_parameters: exit: returns - audio_game_sound_volume_gap_switch=on
06-05 18:21:43.333  1103  6927 I hash_map_utils: system/bt/osi/src/hash_map_utils.cc:81 hash_map_utils_dump_string_keys_string_values: key: 'audio_game_sound_volume_gap_switch' value: ''
06-05 18:21:43.334  1757  7577 E mediaserver: open /proc/3019/cmdline error
06-05 18:21:43.343  1103  6927 D MediaImpl: setPlaybackCaptureAllowed: playbackCaptureAllowed 1
06-05 18:21:43.345  1103  6927 D APM_AudioPolicyManager: getOutputForAttrInt()+ attributes={ Content type: AUDIO_CONTENT_TYPE_SONIFICATION Usage: AUDIO_USAGE_NOTIFICATION Source: AUDIO_SOURCE_INVALID Flags: 0x800 Tags:  } stream=AUDIO_STREAM_NOTIFICATION session 4865 output 0 selectedDeviceId 0 device AUDIO_DEVICE_NONE sampling rate 44100 format 0x1channel mask 0x3 flags 0x2 stream AUDIO_STREAM_NOTIFICATION uid 1000
06-05 18:21:43.345  1103  6927 D APM_AudioPolicyManager: getOutputForAttrInt() device {type:0x2,@:}, sampling rate 44100, format 0x1, channel mask 0x3, flags 0x2 stream AUDIO_STREAM_NOTIFICATION
06-05 18:21:43.345   975 19730 D audio_hw_primary: adev_get_parameters:vr_audio_mode_on
06-05 18:21:43.345   975 19730 I audio_hw_primary: getting vr mode to 0
06-05 18:21:43.345   975 19730 D audio_hw_primary: adev_get_parameters: exit: returns - vr_audio_mode_on=false
06-05 18:21:43.346  1103  6927 I hash_map_utils: system/bt/osi/src/hash_map_utils.cc:81 hash_map_utils_dump_string_keys_string_values: key: 'vr_audio_mode_on' value: ''
06-05 18:21:43.346  1103  6927 I AudioPolicyManagerCustom: VR mode is 0, switch to primary output if request is for fast|raw
06-05 18:21:43.346   975 19730 D audio_hw_primary: adev_get_parameters:audio_karaoke_running
06-05 18:21:43.346   975 19730 D audio_hw_primary: get para : audio_karaoke_running = false
06-05 18:21:43.346   975 19730 D soundtrigger: audio_extn_sound_trigger_get_parameters input string<audio_karaoke_running=>
06-05 18:21:43.346   975 19730 D soundtrigger: extract_sm_handle input string <audio_karaoke_running=> param string <audio_karaoke_running=>
06-05 18:21:43.346   975 19730 D audio_hw_extn: audio_extn_fm_get_parameters: Enter
06-05 18:21:43.346   975 19730 D audio_hw_extn: audio_extn_get_parameters: returns audio_karaoke_running=false
06-05 18:21:43.346   975 19730 V msm8974_platform: platform_get_parameters: exit: returns - audio_karaoke_running=false
06-05 18:21:43.346   975 19730 D audio_hw_primary: adev_get_parameters: exit: returns - audio_karaoke_running=false
06-05 18:21:43.346  1103  6927 I hash_map_utils: system/bt/osi/src/hash_map_utils.cc:81 hash_map_utils_dump_string_keys_string_values: key: 'audio_karaoke_running' value: ''
