06-05 18:20:29.984  5205  5205 W RegisteredServicesCache: 	at com.android.internal.os.ZygoteInit.main(ZygoteInit.java:1045)
06-05 18:20:29.985  1850  2554 I InputReader: Reconfiguring input devices, changes=KEYBOARD_LAYOUTS |
06-05 18:20:29.988  5205  5205 D RegisteredServicesCache:  Reading service state data always from file
06-05 18:20:29.989  5205  5205 D RegisteredServicesCache: ServiceStateFileVersion=1.0
06-05 18:20:29.989  5205  5205 E RegisteredServicesCache: Next Tag=services
06-05 18:20:29.989  5205  5205 D RegisteredServicesCache:  curr component com.google.android.gms/com.google.android.gms.nearby.mediums.nearfieldcommunication.NfcAdvertisingService
06-05 18:20:29.989  5205  5205 D RegisteredServicesCache:  curr uid 10188
06-05 18:20:29.989  5205  5205 D RegisteredServicesCache:  curr state 2
06-05 18:20:29.989  5205  5205 E RegisteredServicesCache: installedServices no uidString
06-05 18:20:29.989  5205  5205 E RegisteredServicesCache: 1invalidateCache:WriteServiceStateToFile
06-05 18:20:29.989  3019  3317 W MiuiFullScreenGestureProxy: packageMonitor   onPackageModified  packageName=com.google.android.contacts
06-05 18:20:29.989  5205  5205 E RegisteredServicesCache:  Writing service state Data Always
06-05 18:20:29.989  3019  3317 W MiuiFullScreenGestureProxy: packageMonitor   onPackageModified  packageName=com.google.android.contacts
06-05 18:20:29.990  5205  5205 E RegisteredServicesCache: component namecom.google.android.gms/com.google.android.gms.nearby.mediums.nearfieldcommunication.NfcAdvertisingService
06-05 18:20:29.995  5205  5205 D RegisteredNfcFServicesCache: Service unchanged, not updating
06-05 18:20:29.998  2947  2990 I SecureElement-Terminal-SIM1: isNfcEventAllowed: No access rules for checking.
06-05 18:20:30.010  7724  7724 I Finsky  : [2] rsq.onStartJob(4): SCH: job service start with id 9679.
06-05 18:20:30.014  3143  6804 I Fitness : OnPackageChangedOperation got intent: Intent { act=android.intent.action.PACKAGE_CHANGED dat=package:com.google.android.contacts flg=0x45000010 pkg=com.google.android.gms cmp=com.google.android.gms/.chimera.PersistentIntentOperationService (has extras) } [CONTEXT service_id=17 ]
06-05 18:20:30.021  3143  3379 I Fitness : Package com.google.android.contacts enabled.  Potentially restarting recording [CONTEXT service_id=17 ]
06-05 18:20:30.024  3143  7122 I Fitness : FitCleanupIntentOperation received Intent android.intent.action.PACKAGE_CHANGED [CONTEXT service_id=17 ]
06-05 18:20:30.032  7724  6109 I Finsky  : [181] rrf.a(77): SCH: Satisfied jobs for 9679 are: 12-1
06-05 18:20:30.041  7724  7134 I Finsky  : [196] rhr.accept(21): SCH: Job 12-1 starting
06-05 18:20:30.043  7724  7724 I Finsky  : [2] ContentSyncJob.v(3): [ContentSync] job started
06-05 18:20:30.045  4385  6223 I Icing   : Indexing com.google.android.gms-apps from com.google.android.gms
06-05 18:20:30.052  3143  3417 W ChimeraUtils: Module com.google.android.gms.nearby_en has empty metadata display_name_string_id
06-05 18:20:30.058  4385  6223 I Icing   : Indexing done com.google.android.gms-apps
06-05 18:20:30.060  3143  3417 W ChimeraUtils: Module com.google.android.gms.nearby_en has empty metadata display_name_string_id
06-05 18:20:30.061  3143  3417 W ChimeraUtils: Module com.google.android.gms.nearby_en has empty metadata display_name_string_id
06-05 18:20:30.124  6072  6090 I PermissionControllerServiceImpl: Updating user sensitive for uid 10203
06-05 18:20:30.129  7724  7138 I Finsky  : [198] fpt.i(1): Completed 0 account content syncs with 0 successful.
06-05 18:20:30.129  7724  7724 I Finsky  : [2] ContentSyncJob.a(1): [ContentSync] Installation state replication succeeded.
06-05 18:20:30.130  7724  7724 I Finsky  : [2] rra.r(4): SCH: jobFinished: 12-1. TimeElapsed: 88ms.
06-05 18:20:30.155  7724  7923 I Finsky  : [60] rkv.accept(45): SCH: Scheduling phonesky job Id: 1-1337, CT: 1654419759053, Constraints: [{ L: 32656103, D: 75856103, C: 1, I: 1, N: 1 }]
06-05 18:20:30.155  7724  7923 I Finsky  : [60] rkv.accept(45): SCH: Scheduling phonesky job Id: 34-685, CT: 1654366043762, Constraints: [{ L: 64829775, D: 1360829775, C: 1, I: 1, N: 1 }]
06-05 18:20:30.166  7724  7887 I Finsky  : [49] rqw.apply(85): SCH: Scheduling 1 system job(s)
06-05 18:20:30.166  7724  7887 I Finsky  : [49] rqw.apply(91): SCH: Scheduling system job Id: 9682, L: 6443371, D: 71184990, C: false, I: false, N: 1
06-05 18:20:30.180  7724  7134 I Finsky  : [196] rsq.a(16): SCH: job service finished with id 9679.
06-05 18:20:30.273  3068  3202 D Launcher.Model: Got broadcast:Intent { act=android.intent.action.PACKAGE_CHANGED dat=package:com.google.android.contacts (has extras) }
06-05 18:20:30.324  3068  3202 I Launcher.ScreenUtils: searching DB find item 19 intent: #Intent;action=android.intent.action.MAIN;category=android.intent.category.LAUNCHER;launchFlags=0x10200000;component=com.google.android.contacts/com.android.contacts.activities.PeopleActivity;end serialNumber: 0
06-05 18:20:30.324  3068  3202 I Launcher.ScreenUtils: searching DB find item 110 intent: #Intent;action=android.intent.action.MAIN;category=android.intent.category.LAUNCHER;launchFlags=0x10200000;component=com.google.android.contacts/com.android.contacts.activities.PeopleActivity;end serialNumber: 0
06-05 18:20:30.326  3068  3202 D Launcher.AllAppsList: Loaded activity com.android.contacts.activities.PeopleActivity at (14, 0) of screen -1 under container 8
06-05 18:20:30.326  3068  3202 D Launcher.AllAppsList: Loaded activity com.android.contacts.activities.PeopleActivity at (4, 1) of screen -1 under container 87
06-05 18:20:30.327  3068  3068 D Launcher: bindAppsChanged removedPackages:[RemoveInfo{packageName='com.google.android.contacts', replacing=true}]
06-05 18:20:30.327  3068  3068 D Launcher: bindAppsChanged appsAddedLater:[AppInfo(title=Contacts,itemtype= 0)]
06-05 18:20:30.327  3068  3068 D Launcher: bindAppsChanged addedShortcuts:[ShortcutInfo(mTitle=Contacts id 19), ShortcutInfo(mTitle=Contacts id 110)]
06-05 18:20:30.351  3068  3068 I AllAppsCategoryView: updateAppsCategory ==> begin
06-05 18:20:30.352  3068  6636 I DefaultAppCategoryModel:  get category for package list
06-05 18:20:30.353  3068  3068 I Launcher: remove icon when bind apps removed: com.google.android.contacts
06-05 18:20:30.356  3068  3068 I Launcher: remove icon when bind apps removed: com.google.android.contacts
06-05 18:20:30.405  3068  3068 D Launcher: add item to launcher when bind apps added ComponentInfo{com.google.android.contacts/com.android.contacts.activities.PeopleActivity}
06-05 18:20:30.405  3068  3068 I Launcher: addItem:ShortcutInfo(mTitle=Contacts id 19)
06-05 18:20:30.405  3068  3202 D kbjay_test: 更新:content://com.mi.android.globallauncher.launcher.settings/favorites/19
06-05 18:20:30.406  3068  3202 D kbjay_test: 更新成功:content://com.mi.android.globallauncher.launcher.settings/favorites/19
06-05 18:20:30.406  3068  3068 D Launcher: add item to launcher when bind apps added ComponentInfo{com.google.android.contacts/com.android.contacts.activities.PeopleActivity}
06-05 18:20:30.407  3068  3068 I Launcher: addItem:ShortcutInfo(mTitle=Contacts id 110)
06-05 18:20:30.408  3068  3068 I AllAppsCategoryView: updateAppsCategory ==> category size:1
06-05 18:20:30.408  3068  6636 E AllAppsCategoryView:  get showing categories begin
06-05 18:20:30.408  3068  6636 E AllAppsCategoryView:  all category size:11
06-05 18:20:30.408  3068  6636 E AllAppsCategoryView:  showing category size:11
06-05 18:20:30.409  3068  6636 E AllAppsCategoryView:  category cache size:12
06-05 18:20:30.409  3068  6636 E AllAppsCategoryView:  create exists category begin
06-05 18:20:30.409  3068  6636 E AllAppsCategoryView:  create exists category begin
06-05 18:20:30.409  3068  6636 E AllAppsCategoryView:  create exists category begin
06-05 18:20:30.409  3068  6636 E AllAppsCategoryView:  create exists category begin
06-05 18:20:30.409  3068  6636 E AllAppsCategoryView:  create exists category begin
06-05 18:20:30.409  3068  6636 E AllAppsCategoryView:  create exists category begin
06-05 18:20:30.409  3068  6636 E AllAppsCategoryView:  create exists category begin
06-05 18:20:30.409  3068  6636 E AllAppsCategoryView:  create exists category begin
06-05 18:20:30.409  3068  6636 E AllAppsCategoryView:  create exists category begin
06-05 18:20:30.409  3068  6636 E AllAppsCategoryView:  create exists category begin
06-05 18:20:30.409  3068  6636 E AllAppsCategoryView:  create exists category begin
06-05 18:20:30.409  3068  6636 E AllAppsCategoryView:  loaded all category :11
06-05 18:20:30.413  3068  3202 D kbjay_test: 更新:content://com.mi.android.globallauncher.launcher.settings/favorites/110
06-05 18:20:30.413  3068  3361 D IconCustomizer: Content Ratio = -1.0
06-05 18:20:30.413  3068  3202 D kbjay_test: 更新成功:content://com.mi.android.globallauncher.launcher.settings/favorites/110
06-05 18:20:30.439  3068  3361 D IconCustomizer: Content Ratio = -1.0
06-05 18:20:30.482  1850  2553 D MIUIInput: [MotionEvent] publisher action=0x4, 5018529, channel '613871d com.miui.securitycenter (server)'
06-05 18:20:30.482  1850  2553 D MIUIInput: [MotionEvent] publisher action=0x4, 5018529, channel 'ef6ede1 com.miui.securitycenter (server)'
06-05 18:20:30.482  1850  2553 D MIUIInput: [MotionEvent] publisher action=0x0, 5018529, channel '1b9faa8 com.blizzard.wtcg.hearthstone/com.blizzard.wtcg.hearthstone.HearthstoneActivity (server)'
06-05 18:20:30.482  7693  7693 I GameBoxTouchListener: onTouch: 	mAdded=false	isLeftShowfalse
06-05 18:20:30.483  7693  7693 I GameBoxTouchListener: onTouch: 	mAdded=false	isLeftShowtrue
06-05 18:20:30.525  1850  2553 D MIUIInput: [MotionEvent] publisher action=0x1, 5018572, channel '1b9faa8 com.blizzard.wtcg.hearthstone/com.blizzard.wtcg.hearthstone.HearthstoneActivity (server)'
06-05 18:20:31.128  5042  5042 I ContactsDataManager: AbstractContentDataManager.startImportContentTask():235 startImportContentTask()
06-05 18:20:31.129  5042  5042 I EmailDataManager: AbstractContentDataManager.startImportContentTask():235 startImportContentTask()
06-05 18:20:31.129  5042  5077 I ContactsDataManager: AbstractContentDataManager$ImportContentTask.doInBackground():249 doInBackground()
06-05 18:20:31.133 31931 31944 I ContactsProvider: Contacts query: CPID=5042, CallingPackage = com.google.android.inputmethod.latin User=0
06-05 18:20:31.144  5042  5077 I ContactsDataManager: AbstractContentDataManager.importRecords():320 importRecords() : Canceled
06-05 18:20:31.145  5042  5077 I ContactsDataManager: AbstractContentDataManager.importContentData():289 importContentData() : Ending import process
06-05 18:20:31.145  5042  5077 I EmailDataManager: AbstractContentDataManager$ImportContentTask.doInBackground():249 doInBackground()
06-05 18:20:31.146 31931  6895 I ContactsProvider: Contacts query: CPID=5042, CallingPackage = com.google.android.inputmethod.latin User=0
06-05 18:20:31.149  5042  5077 I EmailDataManager: AbstractContentDataManager.importRecords():320 importRecords() : Canceled
06-05 18:20:31.149  5042  5077 I EmailDataManager: AbstractContentDataManager.importContentData():289 importContentData() : Ending import process
06-05 18:20:31.149  5042  5042 I ContactsDataManager: AbstractContentDataManager$ImportContentTask.onPostExecute():260 onPostExecute() : Result = [0,0]
06-05 18:20:31.149  5042  5042 I ContactsDataManager: ContactsDataManager.onImportFinished():250 onImportFinished() : Result = 0 : Count = 0
06-05 18:20:31.150  5042  5042 I EmailDataManager: AbstractContentDataManager$ImportContentTask.onPostExecute():260 onPostExecute() : Result = [0,0]
06-05 18:20:31.150  5042  5042 I EmailDataManager: EmailDataManager.onImportFinished():189 onImportFinished() : Result = 0 : Count = 0
06-05 18:20:31.321  4385  4385 D BoundBrokerSvc: onUnbind: Intent { act=com.google.android.gms.measurement.START pkg=com.google.android.gms }
06-05 18:20:31.380  2953  3093 I Unity   : [Spell Pooling]  Acquired: Card_Play_Ally_Death(Clone)(Clone)
06-05 18:20:31.392  1850  2553 D MIUIInput: [MotionEvent] publisher action=0x4, 5019439, channel '613871d com.miui.securitycenter (server)'
06-05 18:20:31.392  1850  2553 D MIUIInput: [MotionEvent] publisher action=0x4, 5019439, channel 'ef6ede1 com.miui.securitycenter (server)'
06-05 18:20:31.392  1850  2553 D MIUIInput: [MotionEvent] publisher action=0x0, 5019439, channel '1b9faa8 com.blizzard.wtcg.hearthstone/com.blizzard.wtcg.hearthstone.HearthstoneActivity (server)'
06-05 18:20:31.393  7693  7693 I GameBoxTouchListener: onTouch: 	mAdded=false	isLeftShowfalse
06-05 18:20:31.393  7693  7693 I GameBoxTouchListener: onTouch: 	mAdded=false	isLeftShowtrue
06-05 18:20:31.444  1850  2553 D MIUIInput: [MotionEvent] publisher action=0x1, 5019491, channel '1b9faa8 com.blizzard.wtcg.hearthstone/com.blizzard.wtcg.hearthstone.HearthstoneActivity (server)'
06-05 18:20:31.453  2953  3093 I Unity   : [Spell Pooling]  Acquired: Card_Play_Ally_Enchantment_Positive(Clone)(Clone)
06-05 18:20:31.453  2953  3093 I Unity   : [Spell Pooling]  Acquired: Card_Play_Ally_Enchantment_Negative(Clone)(Clone)
06-05 18:20:31.453  2953  3093 I Unity   : [Spell Pooling]  Acquired: Card_Play_Ally_Enchantment_Neutral(Clone)(Clone)
06-05 18:20:31.490  2953  3093 I Unity   : Finish
06-05 18:20:31.861  1850  2553 D MIUIInput: [MotionEvent] publisher action=0x4, 5019908, channel '613871d com.miui.securitycenter (server)'
06-05 18:20:31.862  1850  2553 D MIUIInput: [MotionEvent] publisher action=0x4, 5019908, channel 'ef6ede1 com.miui.securitycenter (server)'
06-05 18:20:31.862  1850  2553 D MIUIInput: [MotionEvent] publisher action=0x0, 5019908, channel '1b9faa8 com.blizzard.wtcg.hearthstone/com.blizzard.wtcg.hearthstone.HearthstoneActivity (server)'
06-05 18:20:31.863  7693  7693 I GameBoxTouchListener: onTouch: 	mAdded=false	isLeftShowfalse
06-05 18:20:31.864  7693  7693 I GameBoxTouchListener: onTouch: 	mAdded=false	isLeftShowtrue
06-05 18:20:32.079  1850  2553 D MIUIInput: [MotionEvent] publisher action=0x1, 5020127, channel '1b9faa8 com.blizzard.wtcg.hearthstone/com.blizzard.wtcg.hearthstone.HearthstoneActivity (server)'
06-05 18:20:32.201  1850  2553 D MIUIInput: [MotionEvent] publisher action=0x4, 5020248, channel '613871d com.miui.securitycenter (server)'
06-05 18:20:32.201  1850  2553 D MIUIInput: [MotionEvent] publisher action=0x4, 5020248, channel 'ef6ede1 com.miui.securitycenter (server)'
06-05 18:20:32.201  2953  3093 I Unity   : [Spell Pooling]  Acquired: Card_Play_Ally_Trigger_Quick(Clone)(Clone)
06-05 18:20:32.201  1850  2553 D MIUIInput: [MotionEvent] publisher action=0x0, 5020248, channel '1b9faa8 com.blizzard.wtcg.hearthstone/com.blizzard.wtcg.hearthstone.HearthstoneActivity (server)'
06-05 18:20:32.201  7693  7693 I GameBoxTouchListener: onTouch: 	mAdded=false	isLeftShowfalse
06-05 18:20:32.202  7693  7693 I GameBoxTouchListener: onTouch: 	mAdded=false	isLeftShowtrue
06-05 18:20:32.395  1850  2553 D MIUIInput: [MotionEvent] publisher action=0x1, 5020442, channel '1b9faa8 com.blizzard.wtcg.hearthstone/com.blizzard.wtcg.hearthstone.HearthstoneActivity (server)'
06-05 18:20:32.490  2999  3462 D MI_RIL_OEM_HOOK: onPkHookCommonMsg, msg_id = 65
06-05 18:20:32.490  2999  3462 D MI_RIL_OEM_HOOK: onGetHookMsgBytes, HOOK_HEAD_SIZE = 16, msg_len = 4
06-05 18:20:32.490  2999  3462 D MI_RIL_OEM_HOOK: onHookSendSync, phoneId = 0
06-05 18:20:32.491  2930  2930 D QcrilMsgTunnelIfaceManager: handleMessage what = 1
06-05 18:20:32.491  2930  2930 I QcrilOemhookMsgTunnel: [0]invokeOemRilRequestRaw: serial=2022 length=36
06-05 18:20:32.535  1793  2006 D XIAOMI_QCRIL: RIL[lib][xiaomi_extend_nvefs.c:52] xiaomi_qmi_result_map: xiaomi_qmi_result_map, old_result 0, new_result 0
06-05 18:20:32.535  2930  3267 I QcrilOemhookMsgTunnel: [0]processOemHookResponse serial no: 2022 error: 0length=16
06-05 18:20:32.536  2930  2930 D QcrilMsgTunnelIfaceManager: handleMessage what = 2
06-05 18:20:32.536  2999  3462 D QC_RIL_OEM_HOOK: sendOemRilRequestRaw returns value = 16
06-05 18:20:32.536  2999  3462 D ModemSarController_8250: type = 65, len = 4, value = 0
06-05 18:20:33.208  2953  3093 I Unity   : [Spell Pooling]  Acquired: Card_Play_Ally_Zzz(Clone)(Clone)
06-05 18:20:33.325  7552  7931 D ThermalIECHandler: storeDataStyle: thermal_iec_monitor_persistence_data_style_iec_state; startIECTime: -1; IECScreenOffOverPeriodTime: -1
06-05 18:20:33.328  2999  2999 D DynamicService:  ACTION_BATTERY_CHANGED change,USB plug = 2
06-05 18:20:33.329  7552  7857 D PowerCheckerService: onBatteryChanged, mBatteryLevel = 56, status = 2, level = 56, plug = 2, scale = 100
06-05 18:20:33.331  7552  7645 D PowerKeeper.Thermal: mBatteryTemperature: 41
06-05 18:20:33.333  6316  6316 I BatteryInfoReceiver: ACTION_BATTERY_CHANGED
06-05 18:20:33.333  2992  2992 V DeviceStatisticsService: chargerType=2 batteryLevel=56 totalBatteryCapacity=4262600
06-05 18:20:33.333  2992  2992 D DeviceInfoHidlClient: isRadioOn()=true
06-05 18:20:33.333  2992  2992 I DeviceInfoHidlClient: isPowerInfoNeverSent=false batteryLevel=56 batteryLevelIndex=2 chargingMode=2 totalCapacity=4262600 powerSaveMode=false
06-05 18:20:33.384  5983  6005 D CompatibilityChangeReporter: Compat change id reported: 150939131; UID 10121; state: ENABLED
06-05 18:20:33.384  5983  6005 D DatabaseSP: onChange: uri=content://notes/pref?keys=pref_account_entity&caller=5482
06-05 18:20:33.385  5983  6005 D DatabaseSP: onChange: uri=content://notes/pref?keys=com.miui.todo.introduction&caller=5482
06-05 18:20:33.385  6856  6887 D CompatibilityChangeReporter: Compat change id reported: 150939131; UID 10121; state: ENABLED
06-05 18:20:33.386  6856  6887 D DatabaseSP: onChange: uri=content://notes/pref?keys=pref_account_entity&caller=5482
06-05 18:20:33.386  5482  5532 D DatabaseSP: onChange: uri=content://notes/pref?keys=pref_account_entity&caller=5482
06-05 18:20:33.387  5482  5532 D DatabaseSP: onChange: uri=content://notes/pref?keys=com.miui.todo.introduction&caller=5482
06-05 18:20:33.387  6856  6887 D DatabaseSP: onChange: uri=content://notes/pref?keys=com.miui.todo.introduction&caller=5482
06-05 18:20:33.906  5195  5195 D SecurityCenter: ImageLoader clear memory info
06-05 18:20:34.853  1850  2553 D MIUIInput: [MotionEvent] publisher action=0x4, 5022900, channel '613871d com.miui.securitycenter (server)'
06-05 18:20:34.853  1850  2553 D MIUIInput: [MotionEvent] publisher action=0x4, 5022900, channel 'ef6ede1 com.miui.securitycenter (server)'
06-05 18:20:34.853  1850  2553 D MIUIInput: [MotionEvent] publisher action=0x0, 5022900, channel '1b9faa8 com.blizzard.wtcg.hearthstone/com.blizzard.wtcg.hearthstone.HearthstoneActivity (server)'
06-05 18:20:34.853  7693  7693 I GameBoxTouchListener: onTouch: 	mAdded=false	isLeftShowfalse
06-05 18:20:34.853  7693  7693 I GameBoxTouchListener: onTouch: 	mAdded=false	isLeftShowtrue
06-05 18:20:34.893  2953  3093 I Unity   : [Spell Pooling] Released: Card_Play_Ally_Enchantment_Positive(Clone)(Clone)
06-05 18:20:34.894  2953  3093 I Unity   : [Spell Pooling] Released: Card_Play_Ally_Enchantment_Negative(Clone)(Clone)
06-05 18:20:34.894  2953  3093 I Unity   : [Spell Pooling] Released: Card_Play_Ally_Enchantment_Neutral(Clone)(Clone)
06-05 18:20:34.894  2953  3093 I Unity   : [Spell Pooling] Released: Card_Play_Ally_Trigger_Quick(Clone)(Clone)
06-05 18:20:34.894  2953  3093 I Unity   : [Spell Pooling] Released: Card_Play_Ally_Zzz(Clone)(Clone)
06-05 18:20:34.895  2953  3093 I Unity   : [Spell Pooling] Released: Card_Play_Ally_Death(Clone)(Clone)
06-05 18:20:35.898  1103  1103 I audioserver: setGameParameters keyvalue: xlog.volume.music.speaker=54
06-05 18:20:35.898   975  1043 D audio_hw_primary: adev_set_parameters: enter: xlog.volume.music.speaker=54
06-05 18:20:35.899   975  1043 V msm8974_platform: platform_set_parameters: enter: xlog.volume.music.speaker=54
06-05 18:20:35.899   975  1043 D audio_hw_hfp: hfp_set_parameters: enter
06-05 18:20:35.899   975  1043 D audio_hw_hfp: hfp_set_parameters: enter
06-05 18:20:35.899   975  1043 V a2dp_offload: end of a2dp setparam
06-05 18:20:35.899   975  1043 D audio_hw_cspl_cal: cirrus_cal_setparameters: enter 0xf3003600
06-05 18:20:35.899   975  1043 D audio_hw_extn: audio_extn_fm_set_parameters: Enter
06-05 18:20:35.899   975  1043 D audio_hw_hfp: hfp_set_parameters: enter
06-05 18:20:35.899   975  1043 V a2dp_offload: end of a2dp setparam
06-05 18:20:35.899   975  1043 D audio_hw_primary: adev_set_parameters: exit with code(0)
06-05 18:20:35.900  1103  1103 I audioserver: setGameParameters keyvalue: xlog.volume.music.speaker=54
06-05 18:20:35.900   975  1043 D audio_hw_primary: adev_set_parameters: enter: xlog.volume.music.speaker=54
06-05 18:20:35.900   975  1043 V msm8974_platform: platform_set_parameters: enter: xlog.volume.music.speaker=54
06-05 18:20:35.900   975  1043 D audio_hw_hfp: hfp_set_parameters: enter
06-05 18:20:35.900   975  1043 D audio_hw_hfp: hfp_set_parameters: enter
06-05 18:20:35.900   975  1043 V a2dp_offload: end of a2dp setparam
06-05 18:20:35.900   975  1043 D audio_hw_cspl_cal: cirrus_cal_setparameters: enter 0xf3003600
06-05 18:20:35.900   975  1043 D audio_hw_extn: audio_extn_fm_set_parameters: Enter
06-05 18:20:35.900   975  1043 D audio_hw_hfp: hfp_set_parameters: enter
06-05 18:20:35.900   975  1043 V a2dp_offload: end of a2dp setparam
06-05 18:20:35.901   975  1043 D audio_hw_primary: adev_set_parameters: exit with code(0)
06-05 18:20:35.951  1850  2553 D MIUIInput: [MotionEvent] publisher action=0x1, 5023998, channel '1b9faa8 com.blizzard.wtcg.hearthstone/com.blizzard.wtcg.hearthstone.HearthstoneActivity (server)'
06-05 18:20:36.037  7552  7931 D ThermalIECHandler: storeDataStyle: thermal_iec_monitor_persistence_data_style_iec_state; startIECTime: -1; IECScreenOffOverPeriodTime: -1
06-05 18:20:36.038  2999  2999 D DynamicService:  ACTION_BATTERY_CHANGED change,USB plug = 2
06-05 18:20:36.039  6316  6316 I BatteryInfoReceiver: ACTION_BATTERY_CHANGED
06-05 18:20:36.040  7552  7857 D PowerCheckerService: onBatteryChanged, mBatteryLevel = 56, status = 2, level = 56, plug = 2, scale = 100
06-05 18:20:36.041  7552  7645 D PowerKeeper.Thermal: mBatteryTemperature: 41
06-05 18:20:36.044  2992  2992 V DeviceStatisticsService: chargerType=2 batteryLevel=56 totalBatteryCapacity=4262400
06-05 18:20:36.044  2992  2992 D DeviceInfoHidlClient: isRadioOn()=true
06-05 18:20:36.044  2992  2992 I DeviceInfoHidlClient: isPowerInfoNeverSent=false batteryLevel=56 batteryLevelIndex=2 chargingMode=2 totalCapacity=4262400 powerSaveMode=false
06-05 18:20:36.217  2930  3267 D QtiRadiohidlIndication: onSignalStrengthChange: slotId = 1
06-05 18:20:36.218  2930  3267 D QtiRadioProxy: onSignalStrength slotId = 1 signalStrength = SignalStrength: Rsrp: -32768 Snr: -32768
06-05 18:20:36.218  2930  3270 D QtiRadioProxyHandler: : handleMessage msg.what = 11
06-05 18:20:36.218  2930  3270 D QtiRadioProxyHandler: : EVENT_ON_SIGNAL_STRENGTH
06-05 18:20:36.219  2930  3270 D QtiRadioProxy: onSignalStrength: Responding back for transaction = null
06-05 18:20:36.219  2999  3730 D ExtPhoneCallbackBase: UNIMPLEMENTED: onSignalStrength: slotId = 1 token = Token: -1 statusStatus: 1 signalStrength = SignalStrength: Rsrp: -32768 Snr: -32768
06-05 18:20:36.219  2930  3270 D QtiRadioProxy: onSignalStrength: Responding back for transaction = null
06-05 18:20:36.220  2930  3270 D QtiRadioProxy: onSignalStrength: Responding back for transaction = null
06-05 18:20:36.220  3019 17699 D FiveGServiceClient: onSignalStrength: slotId=1 token=Token: -1 status=Status: 1 signalStrength=SignalStrength: Rsrp: -32768 Snr: -32768 mIsCustForJpKd=false
06-05 18:20:36.221  2930  3270 D QtiRadioProxy: onSignalStrength: Responding back for transaction = null
06-05 18:20:36.226  3019  3317 D FiveGServiceClient: getLevel: value = -32768, level = 0
06-05 18:20:36.250  3019  3317 D FiveGServiceClient: update5GIcon FiveGServiceState: mBearerAllocationStatus=0, mPlmn=0, mUpperLayerInd=0, mDcnr=1, mLevel=0, mNrConfigType=0, mIconGroup=IconGroup(Unknown), mNrIconType=0, mIsUserFiveGEnabled=true, mIsDualNrEnabled=false, cmccSim=false
06-05 18:20:36.251  3019  3317 D NetworkController.MobileSignalController(2): update5GConnectState: false
06-05 18:20:36.251  3019  3317 D NetworkController.MobileSignalController(2): NotQcom5G, signal level = 2
06-05 18:20:36.355  1850  2553 D MIUIInput: [MotionEvent] publisher action=0x4, 5024402, channel '613871d com.miui.securitycenter (server)'
06-05 18:20:36.355  1850  2553 D MIUIInput: [MotionEvent] publisher action=0x4, 5024402, channel 'ef6ede1 com.miui.securitycenter (server)'
06-05 18:20:36.355  1850  2553 D MIUIInput: [MotionEvent] publisher action=0x0, 5024402, channel '1b9faa8 com.blizzard.wtcg.hearthstone/com.blizzard.wtcg.hearthstone.HearthstoneActivity (server)'
06-05 18:20:36.356  7693  7693 I GameBoxTouchListener: onTouch: 	mAdded=false	isLeftShowfalse
06-05 18:20:36.356  7693  7693 I GameBoxTouchListener: onTouch: 	mAdded=false	isLeftShowtrue
06-05 18:20:36.541  1850  2634 I MiuiNetworkPolicy: updateUidState uid = 10191, uidState = 3
06-05 18:20:36.620  1850  2553 D MIUIInput: [MotionEvent] publisher action=0x1, 5024667, channel '1b9faa8 com.blizzard.wtcg.hearthstone/com.blizzard.wtcg.hearthstone.HearthstoneActivity (server)'
06-05 18:20:36.711 31931  6895 I ContactsProvider: Contacts query: CPID=5766, CallingPackage = com.google.android.contacts User=0
06-05 18:20:36.720 31931 31944 I ContactsProvider: Contacts query: CPID=5766, CallingPackage = com.google.android.contacts User=0
06-05 18:20:36.729 31931  6895 I ContactsProvider: Contacts query: CPID=5766, CallingPackage = com.google.android.contacts User=0
06-05 18:20:36.737 31931 31944 I ContactsProvider: Contacts query: CPID=5766, CallingPackage = com.google.android.contacts User=0
06-05 18:20:37.104  1850  2553 D MIUIInput: [MotionEvent] publisher action=0x4, 5025150, channel '613871d com.miui.securitycenter (server)'
06-05 18:20:37.104  1850  2553 D MIUIInput: [MotionEvent] publisher action=0x4, 5025150, channel 'ef6ede1 com.miui.securitycenter (server)'
06-05 18:20:37.104  1850  2553 D MIUIInput: [MotionEvent] publisher action=0x0, 5025150, channel '1b9faa8 com.blizzard.wtcg.hearthstone/com.blizzard.wtcg.hearthstone.HearthstoneActivity (server)'
06-05 18:20:37.104  7693  7693 I GameBoxTouchListener: onTouch: 	mAdded=false	isLeftShowfalse
06-05 18:20:37.104  7693  7693 I GameBoxTouchListener: onTouch: 	mAdded=false	isLeftShowtrue
06-05 18:20:37.181  5195  5195 D SecurityCenter: ImageLoader clear memory info
06-05 18:20:37.192  1850  2634 I MiuiNetworkPolicy: updateUidState uid = 10081, uidState = 15
06-05 18:20:37.258 31931 31944 I ContactsProvider: Contacts query: CPID=5766, CallingPackage = com.google.android.contacts User=0
06-05 18:20:37.266 31931  6895 I ContactsProvider: Contacts query: CPID=5766, CallingPackage = com.google.android.contacts User=0
06-05 18:20:37.278 31931  6895 I ContactsProvider: Contacts query: CPID=5766, CallingPackage = com.google.android.contacts User=0
06-05 18:20:37.285 31931  6895 I ContactsProvider: Contacts query: CPID=5766, CallingPackage = com.google.android.contacts User=0
06-05 18:20:37.434  1850  2553 D MIUIInput: [MotionEvent] publisher action=0x1, 5025482, channel '1b9faa8 com.blizzard.wtcg.hearthstone/com.blizzard.wtcg.hearthstone.HearthstoneActivity (server)'
06-05 18:20:37.536  2999  3462 D MI_RIL_OEM_HOOK: onPkHookCommonMsg, msg_id = 65
06-05 18:20:37.536  2999  3462 D MI_RIL_OEM_HOOK: onGetHookMsgBytes, HOOK_HEAD_SIZE = 16, msg_len = 4
06-05 18:20:37.537  2999  3462 D MI_RIL_OEM_HOOK: onHookSendSync, phoneId = 0
06-05 18:20:37.537  2930  2930 D QcrilMsgTunnelIfaceManager: handleMessage what = 1
06-05 18:20:37.537  2930  2930 I QcrilOemhookMsgTunnel: [0]invokeOemRilRequestRaw: serial=2023 length=36
06-05 18:20:37.578  1793  2006 D XIAOMI_QCRIL: RIL[lib][xiaomi_extend_nvefs.c:52] xiaomi_qmi_result_map: xiaomi_qmi_result_map, old_result 0, new_result 0
06-05 18:20:37.579  2930  3267 I QcrilOemhookMsgTunnel: [0]processOemHookResponse serial no: 2023 error: 0length=16
06-05 18:20:37.580  2930  2930 D QcrilMsgTunnelIfaceManager: handleMessage what = 2
06-05 18:20:37.580  2999  3462 D QC_RIL_OEM_HOOK: sendOemRilRequestRaw returns value = 16
06-05 18:20:37.580  2999  3462 D ModemSarController_8250: type = 65, len = 4, value = 0
06-05 18:20:38.575   859   859 D Zygote  : Forked child process 7142
06-05 18:20:38.612  7142  7142 E com.xiaomi.mtb: Not starting debugger since process cannot load the jdwp agent.
06-05 18:20:38.614  7142  7142 D ProcessState: Binder ioctl to enable oneway spam detection failed: Invalid argument
06-05 18:20:38.632  5193  5217 W MQSService: CallerName:android.uid.system:1000,calling Uid:1000
06-05 18:20:38.632  5193  5217 D MQSService: registerApplicationScoutThread pid = 7142, packageName = android.uid.system:1000
06-05 18:20:38.634  7142  7142 D CompatibilityChangeReporter: Compat change id reported: 171979766; UID 1000; state: ENABLED
06-05 18:20:38.789  7142  7142 V GraphicsEnvironment: ANGLE Developer option for 'com.xiaomi.mtb' set to: 'default'
06-05 18:20:38.795  7142  7142 D OpenGLRenderer: JNI_OnLoad success
06-05 18:20:38.795  7142  7142 I MiuiForceDarkConfig: setConfig density:2.750000, mainRule:0, secondaryRule:0, tertiaryRule:0
06-05 18:20:38.797  7142  7142 D NetworkSecurityConfig: No Network Security Config specified, using platform default
06-05 18:20:38.797  7142  7142 D NetworkSecurityConfig: No Network Security Config specified, using platform default
06-05 18:20:38.798  7142  7142 D MtbApp  : MTB_ Constructor
06-05 18:20:38.802  7142  7142 D MtbApp  : MTB_ onCreate
06-05 18:20:38.802  7142  7142 D MtbApp  : MTB_ startMtbService
06-05 18:20:38.805  7142  7142 D MtbApp  : MTB_ processName: com.xiaomi.mtb
06-05 18:20:38.809  7142  7142 D MtbHookAgent: MTB_ registerHookReadyEvent, context = com.xiaomi.mtb.MtbApp@fd2265, handler = Handler (com.xiaomi.mtb.MtbApp$1) {b609b3a}, what = 0, obj = null
06-05 18:20:38.810  7142  7142 D MtbHookAgent: MTB_ mMiRilHookReady = false
06-05 18:20:38.810  7142  7142 D MtbHookAgent: MTB_ makeHook, context = com.xiaomi.mtb.MtbApp@fd2265
06-05 18:20:38.810  7142  7142 D MtbHookAgent: MTB_ init mContext = com.xiaomi.mtb.MtbApp@fd2265
06-05 18:20:38.829  7142  7142 D MtbHookAgent: MTB_ init mMiRilJarLoader = dalvik.system.DexClassLoader[DexPathList[[zip file "/system_ext/framework/mirilhook.jar"],nativeLibraryDirectories=[/system/lib64, /system_ext/lib64]]]
06-05 18:20:38.835  7142  7142 D MtbHookAgent: MTB_ init mMiRilHookClass = class com.xiaomi.mirilhook.MiRilHook
06-05 18:20:38.848  7142  7142 D MtbHookAgent: MTB_ init mQcRilJarLoader = dalvik.system.DexClassLoader[DexPathList[[zip file "/system_ext/framework/qcrilhook.jar"],nativeLibraryDirectories=[/system/lib64, /system_ext/lib64]]]
06-05 18:20:38.848  7142  7142 D MtbHookAgent: MTB_ init mQcRilHookCallbackClass = interface com.qualcomm.qcrilhook.QcRilHookCallback
06-05 18:20:38.850  7142  7142 D QC_RIL_OEM_HOOK: Starting QcrilMsgTunnel Service, mRegistrants size 0
06-05 18:20:38.861  7142  7142 D QC_RIL_OEM_HOOK: Attempt to bind service returned with: true
06-05 18:20:38.862  7142  7142 D QC_RIL_OEM_HOOK: Registering for intent ACTION_UNSOL_RESPONSE_OEM_HOOK_RAW
06-05 18:20:38.864  7142  7142 D MI_RIL_OEM_HOOK: MiRilHook, context = com.xiaomi.mtb.MtbApp@fd2265, mNumPhones = 2
06-05 18:20:38.864  7142  7142 D MI_RIL_OEM_HOOK: MiRilHook, packageName = com.xiaomi.mtb, context = com.xiaomi.mtb.MtbApp@fd2265
06-05 18:20:38.867  7142  7142 D HydraDataManager: MI_RIL_OEM_HOOK getStatsGetPrintFlag, str =
06-05 18:20:38.867  7142  7142 D HydraDataManager: MI_RIL_OEM_HOOK Constructor, mHook = com.xiaomi.mirilhook.MiRilHook@baecdf4, mNumPhones = 2, mPackageName = com.xiaomi.mtb, mGetDataLogPrintFlag = false, mIndDataLogPrintFlag = true
06-05 18:20:38.867  7142  7142 D MtbHookAgent: MTB_ Constructor
06-05 18:20:38.867  7142  7142 D MtbHookAgent: MTB_ init mHookAgent = com.xiaomi.mtb.MtbHookAgent@ae6391d
06-05 18:20:38.869  7142  7142 D MtbService: MTB_ onCreate
06-05 18:20:38.869  7142  7142 D MtbHookAgent: MTB_ registerHookReadyEvent, context = com.xiaomi.mtb.MtbService@2db5792, handler = Handler (com.xiaomi.mtb.MtbService$1) {8fef563}, what = 100, obj = null
06-05 18:20:38.869  7142  7142 D MtbHookAgent: MTB_ mMiRilHookReady = false
06-05 18:20:38.869  7142  7142 D MtbHookAgent: MTB_ makeHook, context = com.xiaomi.mtb.MtbService@2db5792
06-05 18:20:38.869  7142  7142 D MtbService: MTB_ onStartCommand, flags = 0, startId = 2, intent = null
06-05 18:20:38.871  7142  7142 D MtbService: MTB_ onStartCommand, flags = 0, startId = 3, intent = Intent { cmp=com.xiaomi.mtb/.MtbService }
06-05 18:20:38.871  7142  7142 D QC_RIL_OEM_HOOK: QcrilMsgTunnelService Connected Successfully (onServiceConnected)
06-05 18:20:38.871  7142  7142 D QC_RIL_OEM_HOOK: Calling onQcRilHookReady callback
06-05 18:20:38.871  7142  7142 D MtbHookAgent: MTB_ callbackMethod name:onQcRilHookReady
06-05 18:20:38.871  7142  7142 D MtbHookAgent: MTB_ onQcRilHookReady
06-05 18:20:38.872  7142  7142 D MtbApp  : MTB_ handleMessage msg id: 0
06-05 18:20:38.872  7142  7142 D MtbApp  : MTB_ EVENT_QCRIL_HOOK_READY
06-05 18:20:38.872  7142  7142 D MtbApp  : MTB_ onHookDone
06-05 18:20:38.872  7142  7142 D MtbHookAgent: MTB_ unregisterQcRilHookReady, handler = Handler (com.xiaomi.mtb.MtbApp$1) {b609b3a}
06-05 18:20:38.872  7142  7142 D MtbHookAgent: MTB_ getHook, mMiRilHookReady = true, mHookAgent = com.xiaomi.mtb.MtbHookAgent@ae6391d
06-05 18:20:38.872  7142  7142 D MtbApp  : MTB_ onInitByHook
06-05 18:20:38.875  7142  7142 D MtbApp  : MTB_ processName: com.xiaomi.mtb
06-05 18:20:38.875  7142  7142 D MtbApp  : MTB_ onRegisterReceiver
06-05 18:20:38.875  7142  7142 D MtbHookAgent: MTB_ onHookPropGetSync
06-05 18:20:38.875  7142  7142 D MI_RIL_OEM_HOOK: onPkHookPropGet, propName = persist.vendor.radio.mbn_trace, defaultValue = false
06-05 18:20:38.875  7142  7142 D MI_RIL_OEM_HOOK: onGetHookMsgBytes, HOOK_HEAD_SIZE = 16, msg_len = 47
06-05 18:20:38.875  7142  7142 D MI_RIL_OEM_HOOK: onHookSendSync, phoneId = 0
06-05 18:20:38.877  2930  2930 D QcrilMsgTunnelIfaceManager: handleMessage what = 1
06-05 18:20:38.877  2930  2930 I QcrilOemhookMsgTunnel: [0]invokeOemRilRequestRaw: serial=2024 length=79
06-05 18:20:38.885  2930  3267 I QcrilOemhookMsgTunnel: [0]processOemHookResponse serial no: 2024 error: 0length=13
06-05 18:20:38.885  2930  2930 D QcrilMsgTunnelIfaceManager: handleMessage what = 2
06-05 18:20:38.886  7142  7142 D QC_RIL_OEM_HOOK: sendOemRilRequestRaw returns value = 13
06-05 18:20:38.887  7142  7142 D MtbApp  : MTB_ persist.vendor.radio.mbn_trace: false
06-05 18:20:38.887  7142  7142 D MtbApp  : MTB_ mbn trace in mtbApp is not started
06-05 18:20:38.889  7142  7142 D MtbApp  : MTB_ onInitByHook done
06-05 18:20:38.889  7142  7142 D MtbService: MTB_ handleMessage msg id: 100
06-05 18:20:38.889  7142  7142 D MtbService: MTB_ EVENT_HOOK_READY_DONE
06-05 18:20:38.889  7142  7142 D MtbService: MTB_ onHookDone
06-05 18:20:38.889  7142  7142 D MtbHookAgent: MTB_ unregisterQcRilHookReady, handler = Handler (com.xiaomi.mtb.MtbService$1) {8fef563}
06-05 18:20:38.890  7142  7142 D MtbHookAgent: MTB_ getHook, mMiRilHookReady = true, mHookAgent = com.xiaomi.mtb.MtbHookAgent@ae6391d
06-05 18:20:38.890  7142  7142 D MtbService: MTB_ mMtbHookAgent: com.xiaomi.mtb.MtbHookAgent@ae6391d
06-05 18:20:39.067   689  7087 I keystore2: keystore2::watchdog: Watchdog thread idle -> terminating. Have a great day.
06-05 18:20:40.142  1850  2634 I MiuiNetworkPolicy: updateUidState uid = 10240, uidState = 10
06-05 18:20:40.153  1850  2634 I MiuiNetworkPolicy: updateUidState uid = 10240, uidState = 19
06-05 18:20:40.339  1850  2553 D MIUIInput: [MotionEvent] publisher action=0x4, 5028386, channel '613871d com.miui.securitycenter (server)'
06-05 18:20:40.339  1850  2553 D MIUIInput: [MotionEvent] publisher action=0x4, 5028386, channel 'ef6ede1 com.miui.securitycenter (server)'
06-05 18:20:40.339  1850  2553 D MIUIInput: [MotionEvent] publisher action=0x0, 5028386, channel '1b9faa8 com.blizzard.wtcg.hearthstone/com.blizzard.wtcg.hearthstone.HearthstoneActivity (server)'
06-05 18:20:40.339  7693  7693 I GameBoxTouchListener: onTouch: 	mAdded=false	isLeftShowfalse
06-05 18:20:40.339  7693  7693 I GameBoxTouchListener: onTouch: 	mAdded=false	isLeftShowtrue
06-05 18:20:40.618  1850  2553 D MIUIInput: [MotionEvent] publisher action=0x1, 5028665, channel '1b9faa8 com.blizzard.wtcg.hearthstone/com.blizzard.wtcg.hearthstone.HearthstoneActivity (server)'
06-05 18:20:40.887  1850  2553 D MIUIInput: [MotionEvent] publisher action=0x4, 5028934, channel '613871d com.miui.securitycenter (server)'
06-05 18:20:40.888  1850  2553 D MIUIInput: [MotionEvent] publisher action=0x4, 5028934, channel 'ef6ede1 com.miui.securitycenter (server)'
06-05 18:20:40.888  1850  2553 D MIUIInput: [MotionEvent] publisher action=0x0, 5028934, channel '1b9faa8 com.blizzard.wtcg.hearthstone/com.blizzard.wtcg.hearthstone.HearthstoneActivity (server)'
06-05 18:20:40.889  7693  7693 I GameBoxTouchListener: onTouch: 	mAdded=false	isLeftShowfalse
06-05 18:20:40.889  7693  7693 I GameBoxTouchListener: onTouch: 	mAdded=false	isLeftShowtrue
06-05 18:20:40.950  1850  1941 D PerfImpl: perfGetWorkLoadType
06-05 18:20:40.951  1034  1034 E vendor.qti.hardware.perf@2.2-service: Unknown params
06-05 18:20:40.951  1034  1034 I ANDR-PERF-LM: LMPerfGlue: perfmodule_submit_request() 132: perfmodule_submit_request()
06-05 18:20:40.951  1034  1034 I ANDR-PERF-LM: Core: getInstance() 84: LM getInstance
06-05 18:20:40.951  1034  1034 D ANDR-PERF-LM: Feature: lookup() 101: Feature Name = AppClassifier, total featuers = 3, featureFound = 1
06-05 18:20:40.952  1034  1034 D ANDR-PERF-LM: Feature: getData() 112: data.data = 2
06-05 18:20:40.952  1034  1034 I ANDR-PERF-LM: FeedbackAPI: getFeedback() 60: app:com.blizzard.wtcg.hearthstone feature:AppClassifier feedback = 2
06-05 18:20:40.952  1850  1941 D PerfImpl: perfGetWorkLoadType
06-05 18:20:40.952  1034  1034 E vendor.qti.hardware.perf@2.2-service: Unknown params
06-05 18:20:40.952  1034  1034 I ANDR-PERF-LM: LMPerfGlue: perfmodule_submit_request() 132: perfmodule_submit_request()
06-05 18:20:40.952  1034  1034 I ANDR-PERF-LM: Core: getInstance() 84: LM getInstance
06-05 18:20:40.952  1034  1034 D ANDR-PERF-LM: Feature: lookup() 101: Feature Name = AppClassifier, total featuers = 3, featureFound = 1
06-05 18:20:40.953  1034  1034 D ANDR-PERF-LM: Feature: getData() 112: data.data = 2
06-05 18:20:40.953  1034  1034 I ANDR-PERF-LM: FeedbackAPI: getFeedback() 60: app:com.blizzard.wtcg.hearthstone feature:AppClassifier feedback = 2
06-05 18:20:40.953  1850  1941 D PerfImpl: perfLockRelease
06-05 18:20:41.063  3143  6806 E WakeLock: GCM_HB_ALARM release without a matched acquire!
06-05 18:20:41.070  1850  2553 D MIUIInput: [MotionEvent] publisher action=0x1, 5029117, channel '1b9faa8 com.blizzard.wtcg.hearthstone/com.blizzard.wtcg.hearthstone.HearthstoneActivity (server)'
06-05 18:20:41.072  1850  1941 D PerfImpl: perfGetWorkLoadType
06-05 18:20:41.072  1034  1034 E vendor.qti.hardware.perf@2.2-service: Unknown params
06-05 18:20:41.072  1034  1034 I ANDR-PERF-LM: LMPerfGlue: perfmodule_submit_request() 132: perfmodule_submit_request()
06-05 18:20:41.072  1034  1034 I ANDR-PERF-LM: Core: getInstance() 84: LM getInstance
06-05 18:20:41.072  1034  1034 D ANDR-PERF-LM: Feature: lookup() 101: Feature Name = AppClassifier, total featuers = 3, featureFound = 1
06-05 18:20:41.073  1034  1034 D ANDR-PERF-LM: Feature: getData() 112: data.data = 2
06-05 18:20:41.073  1034  1034 I ANDR-PERF-LM: FeedbackAPI: getFeedback() 60: app:com.blizzard.wtcg.hearthstone feature:AppClassifier feedback = 2
06-05 18:20:41.073  1850  1941 D PerfImpl: perfGetWorkLoadType
06-05 18:20:41.073  1034  1034 E vendor.qti.hardware.perf@2.2-service: Unknown params
06-05 18:20:41.073  1034  1034 I ANDR-PERF-LM: LMPerfGlue: perfmodule_submit_request() 132: perfmodule_submit_request()
06-05 18:20:41.073  1034  1034 I ANDR-PERF-LM: Core: getInstance() 84: LM getInstance
06-05 18:20:41.073  1034  1034 D ANDR-PERF-LM: Feature: lookup() 101: Feature Name = AppClassifier, total featuers = 3, featureFound = 1
06-05 18:20:41.073  1034  1034 D ANDR-PERF-LM: Feature: getData() 112: data.data = 2
06-05 18:20:41.073  1034  1034 I ANDR-PERF-LM: FeedbackAPI: getFeedback() 60: app:com.blizzard.wtcg.hearthstone feature:AppClassifier feedback = 2
06-05 18:20:41.073  1850  1941 D PerfImpl: perfLockRelease
06-05 18:20:41.150  1850  2634 I MiuiNetworkPolicy: updateUidState uid = 10081, uidState = 5
06-05 18:20:41.156 31931  6895 I ContactsProvider: Contacts query: CPID=4385, CallingPackage = com.google.android.gms User=0
06-05 18:20:41.157 31931  6895 D SyncAccountUtils: getSelectionWritableAccountTypes(): readonly types: ('org.telegram.messenger','com.google.android.apps.tachyon','com.facebook.messenger')
06-05 18:20:41.169 31931 31944 I ContactsProvider: Contacts query: CPID=4385, CallingPackage = com.google.android.gms User=0
06-05 18:20:41.191 31931 31944 I ContactsProvider: Contacts query: CPID=3143, CallingPackage = com.google.android.gms User=0
06-05 18:20:41.315  1850  2553 D MIUIInput: [MotionEvent] publisher action=0x4, 5029362, channel '613871d com.miui.securitycenter (server)'
06-05 18:20:41.315  1850  2553 D MIUIInput: [MotionEvent] publisher action=0x4, 5029362, channel 'ef6ede1 com.miui.securitycenter (server)'
06-05 18:20:41.315  1850  2553 D MIUIInput: [MotionEvent] publisher action=0x0, 5029362, channel '1b9faa8 com.blizzard.wtcg.hearthstone/com.blizzard.wtcg.hearthstone.HearthstoneActivity (server)'
06-05 18:20:41.315  7693  7693 I GameBoxTouchListener: onTouch: 	mAdded=false	isLeftShowfalse
06-05 18:20:41.315  7693  7693 I GameBoxTouchListener: onTouch: 	mAdded=false	isLeftShowtrue
06-05 18:20:41.364  5195  5195 D SecurityCenter: ImageLoader clear memory info
06-05 18:20:41.375 31931 31944 I ContactsProvider: Contacts query: CPID=3143, CallingPackage = com.google.android.gms User=0
06-05 18:20:41.378  3143  6806 W Nearby  : Failed to open content://com.android.contacts/data because the Cursor was empty [CONTEXT service_id=49 ]
06-05 18:20:41.378  3143  6806 W NearbySharing: Unable to get cursor for the gaia contact content uri. [CONTEXT service_id=194 ]
06-05 18:20:41.380 31931  6895 I ContactsProvider: Contacts query: CPID=3143, CallingPackage = com.google.android.gms User=0
06-05 18:20:41.384  3143  6806 W Nearby  : Failed to open content://com.android.contacts/data because the Cursor was empty [CONTEXT service_id=49 ]
06-05 18:20:41.384  3143  6806 W NearbySharing: Unable to get cursor for the gaia contact content uri. [CONTEXT service_id=194 ]
06-05 18:20:41.386 31931  6895 I ContactsProvider: Contacts query: CPID=3143, CallingPackage = com.google.android.gms User=0
06-05 18:20:41.389  3143  6806 W Nearby  : Failed to open content://com.android.contacts/data because the Cursor was empty [CONTEXT service_id=49 ]
06-05 18:20:41.389  3143  6806 W NearbySharing: Unable to get cursor for the gaia contact content uri. [CONTEXT service_id=194 ]
06-05 18:20:41.390 31931 31944 I ContactsProvider: Contacts query: CPID=3143, CallingPackage = com.google.android.gms User=0
06-05 18:20:41.391 31931 31944 W SQLiteLog: (28) double-quoted string literal: "com.google.android.exchange"
06-05 18:20:41.391 31931 31944 W SQLiteLog: (28) double-quoted string literal: "com.google.exchange"
06-05 18:20:41.391 31931 31944 W SQLiteLog: (28) double-quoted string literal: "com.google.android.gm.exchange"
06-05 18:20:41.391 31931 31944 W SQLiteLog: (28) double-quoted string literal: "com.google"
06-05 18:20:41.392 31931 31944 W SQLiteLog: (28) double-quoted string literal: "com.google.android.exchange"
06-05 18:20:41.392 31931 31944 W SQLiteLog: (28) double-quoted string literal: "com.google.exchange"
06-05 18:20:41.392 31931 31944 W SQLiteLog: (28) double-quoted string literal: "com.google.android.gm.exchange"
06-05 18:20:41.392 31931 31944 W SQLiteLog: (28) double-quoted string literal: "com.google"
06-05 18:20:41.395  3143  6806 I NearbySharing: Loaded 0 third party contacts [CONTEXT service_id=194 ]
06-05 18:20:41.431  2999  3730 D IccProvider: [IccProvider] getRequestSlotId slotId=0
06-05 18:20:41.433  2999  3730 D MiuiAdnRecordCache: requestLoadAllAdnLike efid=20272
06-05 18:20:41.433  2999  3730 D MiuiAdnRecordCache: requestLoadAllAdnLike: already loaded, return the result directly
06-05 18:20:41.436  3143  6806 W Nearby  : Failed to open content://icc/adn/subId/1 because the Cursor was empty [CONTEXT service_id=49 ]
06-05 18:20:41.437  3143  6806 W NearbySharing: Unable to get cursor for the sim contact content uri. [CONTEXT service_id=194 ]
06-05 18:20:41.438  3143  6806 I NearbySharing: Loaded 0 sim contacts from content://icc/adn/subId/1 [CONTEXT service_id=194 ]
06-05 18:20:41.443  2999  3730 D IccProvider: [IccProvider] getRequestSlotId slotId=1
06-05 18:20:41.444  2999  3730 D MiuiAdnRecordCache: requestLoadAllAdnLike efid=20272
06-05 18:20:41.444  2999  3730 D MiuiAdnRecordCache: requestLoadAllAdnLike: already loaded, return the result directly
06-05 18:20:41.447  3143  6806 I NearbySharing: Loaded 0 sim contacts from content://icc/adn/subId/2 [CONTEXT service_id=194 ]
06-05 18:20:41.449  3143  6806 I NearbySharing: The contact book was modified but all emails and phone numbers are unchanged. [CONTEXT service_id=194 ]
06-05 18:20:41.449  3143  6806 I NearbySharing: Contact book update: NO_CONTACTS_CHANGED. [CONTEXT service_id=194 ]
06-05 18:20:41.480  3143  3388 I FacsCacheGmsModule: Receiving API connection to FACS API from package 'com.google.android.gms'...
06-05 18:20:41.483  3143  3388 I FacsCacheGmsModule: API connection successful!
06-05 18:20:41.493  4385  4385 D BoundBrokerSvc: onBind: Intent { act=com.google.android.gms.facs.internal.service.START dat=chimera-action:com.google.android.gms.facs.internal.service.START cmp=com.google.android.gms/.chimera.GmsInternalApiService }
06-05 18:20:41.493  4385  4385 D BoundBrokerSvc: Loading bound service for intent: Intent { act=com.google.android.gms.facs.internal.service.START dat=chimera-action:com.google.android.gms.facs.internal.service.START cmp=com.google.android.gms/.chimera.GmsInternalApiService }
06-05 18:20:41.494  3143  3388 I FacsCacheGmsModule: Received 'getActivityControlsSettings' request from package 'com.google.android.gms', instance id 'gmscoreinmemoryfacscache_nearby_sharing', version '1'...
06-05 18:20:41.494  3143  3388 I FacsCacheGmsModule: Operation 'getActivityControlsSettings' dispatched!
06-05 18:20:41.494  3143  3379 I FacsCacheGmsModule: Executing operation 'GetActivityControlsSettingsOperation'...
06-05 18:20:41.506  4385  4399 I FacsCacheGmsModule: Receiving API connection to internal FACS API...
06-05 18:20:41.510  3143  3379 I FacsCacheGmsModule: Operation 'GetActivityControlsSettingsOperation' successful!
06-05 18:20:41.513  7552  7931 D ThermalIECHandler: storeDataStyle: thermal_iec_monitor_persistence_data_style_iec_state; startIECTime: -1; IECScreenOffOverPeriodTime: -1
06-05 18:20:41.513  6316  6316 I BatteryInfoReceiver: ACTION_BATTERY_CHANGED
06-05 18:20:41.516  2999  2999 D DynamicService:  ACTION_BATTERY_CHANGED change,USB plug = 2
06-05 18:20:41.520  2992  2992 V DeviceStatisticsService: chargerType=2 batteryLevel=56 totalBatteryCapacity=4262100
06-05 18:20:41.520  2992  2992 D DeviceInfoHidlClient: isRadioOn()=true
06-05 18:20:41.520  2992  2992 I DeviceInfoHidlClient: isPowerInfoNeverSent=false batteryLevel=56 batteryLevelIndex=2 chargingMode=2 totalCapacity=4262100 powerSaveMode=false
06-05 18:20:41.520  7552  7645 D PowerKeeper.Thermal: mBatteryTemperature: 41
06-05 18:20:41.520  7552  7857 D PowerCheckerService: onBatteryChanged, mBatteryLevel = 56, status = 2, level = 56, plug = 2, scale = 100
06-05 18:20:41.522  4385  4399 I FacsCacheGmsModule: API connection successful!
06-05 18:20:41.525  3143  6806 I NearbySharing: Device Contacts is enabled: updating all contacts reachability. [CONTEXT service_id=194 ]
06-05 18:20:41.525  3143  6806 I NearbySharing: Incremented the RateLimitThrottler(checkContactsReachability) count to 1. [CONTEXT service_id=194 ]
06-05 18:20:41.727  3143  7166 W Conscrypt: Could not set socket write timeout: java.net.SocketException: Socket closed
06-05 18:20:41.730  3143  7166 W Conscrypt: 	at com.google.android.gms.org.conscrypt.Platform.setSocketWriteTimeout(:com.google.android.gms@221514044@22.15.14 (190400-441847897):2)
06-05 18:20:41.730  3143  7166 W Conscrypt: 	at com.google.android.gms.org.conscrypt.ConscryptFileDescriptorSocket.setSoWriteTimeout(:com.google.android.gms@221514044@22.15.14 (190400-441847897):0)
06-05 18:20:41.818  3143  7166 W Conscrypt: Could not set socket write timeout: java.net.SocketException: Socket closed
06-05 18:20:41.819  3143  7166 W Conscrypt: 	at com.google.android.gms.org.conscrypt.Platform.setSocketWriteTimeout(:com.google.android.gms@221514044@22.15.14 (190400-441847897):2)
06-05 18:20:41.819  3143  7166 W Conscrypt: 	at com.google.android.gms.org.conscrypt.ConscryptFileDescriptorSocket.setSoWriteTimeout(:com.google.android.gms@221514044@22.15.14 (190400-441847897):0)
06-05 18:20:41.994  1850  2553 D MIUIInput: [MotionEvent] publisher action=0x1, 5030041, channel '1b9faa8 com.blizzard.wtcg.hearthstone/com.blizzard.wtcg.hearthstone.HearthstoneActivity (server)'
06-05 18:20:42.210  3143  6806 I NearbySharing: 'checkContactsReachability' succeeded. [CONTEXT service_id=194 ]
06-05 18:20:42.212  3143  6806 I NearbySharing: Check contacts reachability: NOT_CHANGED. [CONTEXT service_id=194 ]
06-05 18:20:42.580  2999  3462 D MI_RIL_OEM_HOOK: onPkHookCommonMsg, msg_id = 65
06-05 18:20:42.581  2999  3462 D MI_RIL_OEM_HOOK: onGetHookMsgBytes, HOOK_HEAD_SIZE = 16, msg_len = 4
06-05 18:20:42.581  2999  3462 D MI_RIL_OEM_HOOK: onHookSendSync, phoneId = 0
06-05 18:20:42.581  2930  2930 D QcrilMsgTunnelIfaceManager: handleMessage what = 1
