06-05 18:26:50.866  1582 11037 I OMX-VDEC-1080P: set_frame_rate: the current time is 182650
06-05 18:26:50.866  1582 11037 I OMX-VDEC-1080P: set_frame_rate: the current time is 182650
06-05 18:26:50.867  1582 11037 I OMX-VDEC-1080P: set_frame_rate: the current time is 182650
06-05 18:26:50.867  1582 11037 I OMX-VDEC-1080P: set_frame_rate: the current time is 182650
06-05 18:26:50.868  1582 27120 I OMX_VPP : VppOmxComponent::registerVppFakeBuf buffer with size 2 id 1 ts=0 flags:0
06-05 18:26:50.868  1582 11037 I OMX-VDEC-1080P: set_frame_rate: the current time is 182650
06-05 18:26:50.868  1582 27120 I OMX_VPP : VppOmxComponent::registerVppFakeBuf buffer with size 3 id 2 ts=0 flags:0
06-05 18:26:50.868  1582 27136 I OMX_VPP : FRAME WIDTH 856 FRAME HEIGHT 480
06-05 18:26:50.868  1582 27136 I OMX_VPP : get_parameter counts 32 27
06-05 18:26:50.868  1582 27136 I OMX_VPP : FRAME WIDTH 856 FRAME HEIGHT 480
06-05 18:26:50.868  1582 27136 I OMX_VPP : get_parameter counts 32 27
06-05 18:26:50.869  1582 27136 E OMXNodeInstance: getConfig(0xf0fb5604:qcom.decoder.hevc, ??(0x7f000062)) ERROR: UnsupportedSetting(0x80001019)
06-05 18:26:50.871  1582 27728 I OMX_VPP : VppOmxComponent::registerVppFakeBuf buffer with size 4 id 3 ts=0 flags:0
06-05 18:26:50.871  1582 27120 I OMX_VPP : VppOmxComponent::registerVppFakeBuf buffer with size 5 id 4 ts=0 flags:0
06-05 18:26:50.872  1582 19781 I OMX_VPP : VppOmxComponent::registerVppFakeBuf buffer with size 6 id 5 ts=0 flags:0
06-05 18:26:50.872  1103  2189 D APM_AudioPolicyManager: selectOutput flags 8
06-05 18:26:50.872  1582 19781 I OMX_VPP : VppOmxComponent::registerVppFakeBuf buffer with size 7 id 6 ts=0 flags:0
06-05 18:26:50.873  1582 19781 I OMX_VPP : VppOmxComponent::registerVppFakeBuf buffer with size 8 id 7 ts=0 flags:0
06-05 18:26:50.874  1582 27120 I OMX_VPP : VppOmxComponent::registerVppFakeBuf buffer with size 9 id 8 ts=0 flags:0
06-05 18:26:50.874  1103  2189 D APM_AudioPolicyManager: selectOutput flags 8
06-05 18:26:50.874  1582 19781 I OMX_VPP : VppOmxComponent::registerVppFakeBuf buffer with size 10 id 9 ts=0 flags:0
06-05 18:26:50.874  1103  2189 D APM_AudioPolicyManager: selectOutput flags 8
06-05 18:26:50.874 18541 19350 D AudioTrack: set(sessionId=0)
06-05 18:26:50.875 18541 19350 D AudioTrack: set(): streamType -1, sampleRate 44100, format 0x1, channelMask 0x3, frameCount 3536, flags #0, notificationFrames 0, sessionId 0, transferType 3, uid -1, pid -1
06-05 18:26:50.875   975 28792 D audio_hw_primary: adev_get_parameters:audio_game_sound_volume_gap_switch
06-05 18:26:50.875   975 28792 D soundtrigger: audio_extn_sound_trigger_get_parameters input string<audio_game_sound_volume_gap_switch=>
06-05 18:26:50.875   975 28792 D soundtrigger: extract_sm_handle input string <audio_game_sound_volume_gap_switch=> param string <audio_game_sound_volume_gap_switch=>
06-05 18:26:50.875   975 28792 D audio_hw_extn: audio_extn_fm_get_parameters: Enter
06-05 18:26:50.875   975 28792 D audio_hw_extn: audio_extn_get_parameters: returns
06-05 18:26:50.875   975 28792 V msm8974_platform: platform_get_parameters: exit: returns - audio_game_sound_volume_gap_switch=off
06-05 18:26:50.875   975 28792 D audio_hw_primary: adev_get_parameters: exit: returns - audio_game_sound_volume_gap_switch=off
06-05 18:26:50.875  1103  2189 I hash_map_utils: system/bt/osi/src/hash_map_utils.cc:81 hash_map_utils_dump_string_keys_string_values: key: 'audio_game_sound_volume_gap_switch' value: ''
06-05 18:26:50.876  1582 11037 I OMX-VDEC-1080P: set_frame_rate: the current time is 182650
06-05 18:26:50.876  1582 27120 E OMX-VDEC-1080P: Extension: OMX.QTI.index.config.video.getdsmode not implemented
06-05 18:26:50.877  1103  2189 D MediaImpl: setPlaybackCaptureAllowed: playbackCaptureAllowed 1
06-05 18:26:50.877  1103  2189 D APM_AudioPolicyManager: getOutputForAttrInt()+ attributes={ Content type: AUDIO_CONTENT_TYPE_MUSIC Usage: AUDIO_USAGE_MEDIA Source: AUDIO_SOURCE_DEFAULT Flags: 0x800 Tags:  } stream=AUDIO_STREAM_MUSIC session 5857 output 0 selectedDeviceId 0 device AUDIO_DEVICE_NONE sampling rate 44100 format 0x1channel mask 0x3 flags 0 stream AUDIO_STREAM_MUSIC uid 10383
06-05 18:26:50.877  1103  2189 D APM_AudioPolicyManager: getOutputForAttrInt() device {type:0x2,@:}, sampling rate 44100, format 0x1, channel mask 0x3, flags 0 stream AUDIO_STREAM_MUSIC
06-05 18:26:50.877  1582 27120 I OMX_VPP : VppOmxComponent::registerVppFakeBuf buffer with size 11 id 10 ts=0 flags:0
06-05 18:26:50.878   975 28792 D audio_hw_primary: adev_get_parameters:vr_audio_mode_on
06-05 18:26:50.878   975 28792 I audio_hw_primary: getting vr mode to 0
06-05 18:26:50.878   975 28792 D audio_hw_primary: adev_get_parameters: exit: returns - vr_audio_mode_on=false
06-05 18:26:50.878  1103  2189 I hash_map_utils: system/bt/osi/src/hash_map_utils.cc:81 hash_map_utils_dump_string_keys_string_values: key: 'vr_audio_mode_on' value: ''
06-05 18:26:50.878  1103  2189 I AudioPolicyManagerCustom: VR mode is 0, switch to primary output if request is for fast|raw
06-05 18:26:50.878   975 28792 D audio_hw_primary: adev_get_parameters:audio_karaoke_running
06-05 18:26:50.878   975 28792 D audio_hw_primary: get para : audio_karaoke_running = false
06-05 18:26:50.878   975 28792 D soundtrigger: audio_extn_sound_trigger_get_parameters input string<audio_karaoke_running=>
06-05 18:26:50.878   975 28792 D soundtrigger: extract_sm_handle input string <audio_karaoke_running=> param string <audio_karaoke_running=>
06-05 18:26:50.878   975 28792 D audio_hw_extn: audio_extn_fm_get_parameters: Enter
06-05 18:26:50.878   975 28792 D audio_hw_extn: audio_extn_get_parameters: returns audio_karaoke_running=false
06-05 18:26:50.878   975 28792 V msm8974_platform: platform_get_parameters: exit: returns - audio_karaoke_running=false
06-05 18:26:50.878   975 28792 D audio_hw_primary: adev_get_parameters: exit: returns - audio_karaoke_running=false
06-05 18:26:50.878  1103  2189 I hash_map_utils: system/bt/osi/src/hash_map_utils.cc:81 hash_map_utils_dump_string_keys_string_values: key: 'audio_karaoke_running' value: ''
06-05 18:26:50.879  1582 11037 I OMX-VDEC-1080P: set_frame_rate: the current time is 182650
06-05 18:26:50.879  1103  2189 I AudioPolicyManagerCustom: setting force DEEP buffer now
06-05 18:26:50.879  1103  2189 D APM_AudioPolicyManager: selectOutput flags 8
06-05 18:26:50.879  1103  2189 D APM_AudioPolicyManager: getOutputForAttrInt()- attributes={ Content type: AUDIO_CONTENT_TYPE_MUSIC Usage: AUDIO_USAGE_MEDIA Source: AUDIO_SOURCE_DEFAULT Flags: 0x800 Tags:  } stream=AUDIO_STREAM_MUSIC session 5857 output 29 selectedDeviceId 0 device {type:0x2,@:} sampling rate 44100 format 0x1channel mask 0x3 flags 0x8 stream AUDIO_STREAM_MUSIC uid 10383
06-05 18:26:50.879  1103  2189 D APM_AudioPolicyManager: getOutputForAttr() returns output 29 requestedPortId 0 selectedDeviceId 3 for port ID 411
06-05 18:26:50.879  1582 11037 I OMX-VDEC-1080P: set_frame_rate: the current time is 182650
06-05 18:26:50.879  1103  2189 I AudioFlinger: create audiotrack for com.ss.android.ugc.trill  uid 10383
06-05 18:26:50.879  1103  2189 D AudioFlinger: Client defaulted notificationFrames to 1768 for frameCount 3536
06-05 18:26:50.881  1582 27120 I OMX_VPP : VppOmxComponent::registerVppFakeBuf buffer with size 12 id 11 ts=0 flags:0
06-05 18:26:50.881  1582 11037 I OMX-VDEC-1080P: set_frame_rate: the current time is 182650
06-05 18:26:50.882  1582 27136 I OMX_VPP : VppOmxComponent::registerVppFakeBuf buffer with size 13 id 12 ts=0 flags:0
06-05 18:26:50.882  1103  2189 D AF::TrackHandle: OpPlayAudio: track:421 usage:1 not muted
06-05 18:26:50.883  1103  2189 I AudioFlinger: create audiotrack for com.ss.android.ugc.trill  uid 10383
06-05 18:26:50.883  1103  2189 I AudioFlinger: create audiotrack for com.ss.android.ugc.trill  uid 10383
06-05 18:26:50.883  1103  2189 D AF::Track: Track(421): usage = 1 mbIsAttrNeedFade = 1
06-05 18:26:50.884  1793  2006 D XIAOMI_QCRIL: RIL[lib][xiaomi_extend_nvefs.c:52] xiaomi_qmi_result_map: xiaomi_qmi_result_map, old_result 0, new_result 0
06-05 18:26:50.884  2930  3267 I QcrilOemhookMsgTunnel: [0]processOemHookResponse serial no: 2098 error: 0length=16
06-05 18:26:50.884 18541 19350 D AudioTrack: isWhiteListPackage() Uid 10383, package name com.ss.android.ugc.trill
06-05 18:26:50.884  2930  2930 D QcrilMsgTunnelIfaceManager: handleMessage what = 2
06-05 18:26:50.884  2999  3462 D QC_RIL_OEM_HOOK: sendOemRilRequestRaw returns value = 16
06-05 18:26:50.884  2999  3462 D ModemSarController_8250: type = 65, len = 4, value = 0
06-05 18:26:50.885 18541 19350 W AudioTrack: Use of stream types is deprecated for operations other than volume control
06-05 18:26:50.885 18541 19350 W AudioTrack: See the documentation of AudioTrack() for what to use instead with android.media.AudioAttributes to qualify your playback use case
06-05 18:26:50.885 18541 19350 I AudioTrack: AudioTrack::setVolume L:1.000000 R:1.000000 and the pakage is com.ss.android.ugc.trill
06-05 18:26:50.886  1103  2189 D AF::Track: setFadeType1 type = 1 mFadeType = 0 isFadeNeeded = 0
06-05 18:26:50.886  1103  2311 D AudioFlinger: updateWakeLockUids_l AudioOut_D uids:
06-05 18:26:50.886  1103  2317 D AudioFlinger: updateWakeLockUids_l AudioOut_15 uids:
06-05 18:26:50.886  1103  2363 D AudioFlinger: updateWakeLockUids_l AudioOut_4D uids:
06-05 18:26:50.886  1103  2347 D AudioFlinger: updateWakeLockUids_l AudioOut_3D uids:
06-05 18:26:50.889   975 28792 I EffectsFactory: EffectCreate() create_effect
06-05 18:26:50.890  1103  1596 V APM::EffectDescriptor: registerEffect() effect Volume listener for Music, io 29, session 5857 id 707
06-05 18:26:50.890  1103  1596 V APM::EffectDescriptor: registerEffect() memory 1, total memory 3
06-05 18:26:50.890  1103  1596 V APM::EffectDescriptor: setEffectEnabled(true) total CPU 0
06-05 18:26:50.890  1103  9745 I audioserver: setGameParameters keyvalue: xlog.volume.music.speaker=34
06-05 18:26:50.890  1103  1596 V AudioPolicyManagerImpl: notification filter: setNotificationFilter notificationFilterFeature=1
06-05 18:26:50.890  1103  1596 D AudioPolicyManagerImpl: notification filter: setNotificationFilter muteMaskInt=0
06-05 18:26:50.890   975   975 D audio_hw_primary: adev_set_parameters: enter: xlog.volume.music.speaker=34
06-05 18:26:50.890   975   975 V msm8974_platform: platform_set_parameters: enter: xlog.volume.music.speaker=34
06-05 18:26:50.890   975   975 D audio_hw_hfp: hfp_set_parameters: enter
06-05 18:26:50.890   975   975 D audio_hw_hfp: hfp_set_parameters: enter
06-05 18:26:50.890   975   975 V a2dp_offload: end of a2dp setparam
06-05 18:26:50.890   975   975 D audio_hw_cspl_cal: cirrus_cal_setparameters: enter 0xf3003600
06-05 18:26:50.890   975   975 D audio_hw_extn: audio_extn_fm_set_parameters: Enter
06-05 18:26:50.890   975   975 D audio_hw_hfp: hfp_set_parameters: enter
06-05 18:26:50.890   975   975 V a2dp_offload: end of a2dp setparam
06-05 18:26:50.890   975   975 D audio_hw_primary: adev_set_parameters: exit with code(0)
06-05 18:26:50.896   975 28792 D audio_hw_primary: out_set_parameters: enter: usecase(0: deep-buffer-playback) kvpairs: appname=+com.ss.android.ugc.trill
06-05 18:26:50.896   975 28792 D audio_hw_primary: [hal_apptype] out_set_parameters() +com.ss.android.ugc.trill [2 0x80 0x80 0x80]
06-05 18:26:50.896  1103  1596 D APM_AudioPolicyManager: startOutput() output 29, stream 3, session 5857 appname com.ss.android.ugc.trill uid 10383
06-05 18:26:50.897  1103  2189 E audioserver: open /proc/18541/cmdline error
06-05 18:26:50.897  1103  2189 I audioserver: setAppName(), name=[], active=[1]
06-05 18:26:50.897   975 28792 V EffectMiSound: MiSound_command() start, cmdCode=24
06-05 18:26:50.897   975 28792 V EffectMiSound: MiSound_Command EFFECT_CMD_SET_APP_NAME: stream=3, name=+
06-05 18:26:50.897  1103  2327 D AudioFlinger: updateWakeLockUids_l AudioOut_1D uids:10383
06-05 18:26:50.899  1103  2189 I audioserver: setGameParameters keyvalue: xlog.volume.music.speaker=34
06-05 18:26:50.899   975 28792 D audio_hw_primary: adev_set_parameters: enter: xlog.volume.music.speaker=34
06-05 18:26:50.899   975 28792 V msm8974_platform: platform_set_parameters: enter: xlog.volume.music.speaker=34
06-05 18:26:50.899   975 28792 D audio_hw_hfp: hfp_set_parameters: enter
06-05 18:26:50.899   975 28792 D audio_hw_hfp: hfp_set_parameters: enter
06-05 18:26:50.899   975 28792 V a2dp_offload: end of a2dp setparam
06-05 18:26:50.899   975 28792 D audio_hw_cspl_cal: cirrus_cal_setparameters: enter 0xf3003600
06-05 18:26:50.899   975 28792 D audio_hw_extn: audio_extn_fm_set_parameters: Enter
06-05 18:26:50.899   975 28792 D audio_hw_hfp: hfp_set_parameters: enter
06-05 18:26:50.899   975 28792 V a2dp_offload: end of a2dp setparam
06-05 18:26:50.899   975 28792 D audio_hw_primary: adev_set_parameters: exit with code(0)
06-05 18:26:50.907 18541 18541 W System.err: org.json.JSONException: No value for information
06-05 18:26:50.907 18541 18541 W System.err: 	at org.json.JSONObject.get(JSONObject.java:403)
06-05 18:26:50.907 18541 18541 W System.err: 	at org.json.JSONObject.getString(JSONObject.java:564)
06-05 18:26:50.907 18541 18541 W System.err: 	at X.6MB.LIZ(SourceFile:33816600)
06-05 18:26:50.907 18541 18541 W System.err: 	at X.6Lf.LIZJ(SourceFile:17039373)
06-05 18:26:50.907 18541 18541 W System.err: 	at X.8c9.LIZ(SourceFile:327690)
06-05 18:26:50.907 18541 18541 W System.err: 	at X.KAf.LIZ(SourceFile:3603)
06-05 18:26:50.907 18541 18541 W System.err: 	at X.KAf.LJIIL(SourceFile:17039402)
06-05 18:26:50.907 18541 18541 W System.err: 	at X.KAf.LJJIJIIJI(SourceFile:590862)
06-05 18:26:50.907 18541 18541 W System.err: 	at com.ss.android.ugc.aweme.feed.adapter.VideoViewCell.onRenderReady(SourceFile:17301542)
06-05 18:26:50.907 18541 18541 W System.err: 	at X.6B8.LIZ(SourceFile:1393)
06-05 18:26:50.907 18541 18541 W System.err: 	at X.6C1.run(SourceFile:65540)
06-05 18:26:50.907 18541 18541 W System.err: 	at android.os.Handler.handleCallback(Handler.java:938)
06-05 18:26:50.907 18541 18541 W System.err: 	at android.os.Handler.dispatchMessage(Handler.java:99)
06-05 18:26:50.907 18541 18541 W System.err: 	at android.os.Looper.loopOnce(Looper.java:210)
06-05 18:26:50.907 18541 18541 W System.err: 	at android.os.Looper.loop(Looper.java:299)
06-05 18:26:50.907 18541 18541 W System.err: 	at android.app.ActivityThread.main(ActivityThread.java:8105)
06-05 18:26:50.907 18541 18541 W System.err: 	at java.lang.reflect.Method.invoke(Native Method)
06-05 18:26:50.907 18541 18541 W System.err: 	at com.android.internal.os.RuntimeInit$MethodAndArgsCaller.run(RuntimeInit.java:556)
06-05 18:26:50.907 18541 18541 W System.err: 	at com.android.internal.os.ZygoteInit.main(ZygoteInit.java:1045)
06-05 18:26:50.907 18541 18541 W System.err: org.json.JSONException: No value for com.android.information
06-05 18:26:50.907 18541 18541 W System.err: 	at org.json.JSONObject.get(JSONObject.java:403)
06-05 18:26:50.907 18541 18541 W System.err: 	at org.json.JSONObject.getString(JSONObject.java:564)
06-05 18:26:50.907 18541 18541 W System.err: 	at X.6MB.LIZ(SourceFile:33816600)
06-05 18:26:50.907 18541 18541 W System.err: 	at X.6Lf.LIZJ(SourceFile:17039373)
06-05 18:26:50.907 18541 18541 W System.err: 	at X.8c9.LIZ(SourceFile:327698)
06-05 18:26:50.908 18541 18541 W System.err: 	at X.KAf.LIZ(SourceFile:3603)
06-05 18:26:50.908 18541 18541 W System.err: 	at X.KAf.LJIIL(SourceFile:17039402)
06-05 18:26:50.908 18541 18541 W System.err: 	at X.KAf.LJJIJIIJI(SourceFile:590862)
06-05 18:26:50.908 18541 18541 W System.err: 	at com.ss.android.ugc.aweme.feed.adapter.VideoViewCell.onRenderReady(SourceFile:17301542)
06-05 18:26:50.908 18541 18541 W System.err: 	at X.6B8.LIZ(SourceFile:1393)
06-05 18:26:50.908 18541 18541 W System.err: 	at X.6C1.run(SourceFile:65540)
06-05 18:26:50.908 18541 18541 W System.err: 	at android.os.Handler.handleCallback(Handler.java:938)
06-05 18:26:50.908 18541 18541 W System.err: 	at android.os.Handler.dispatchMessage(Handler.java:99)
06-05 18:26:50.908 18541 18541 W System.err: 	at android.os.Looper.loopOnce(Looper.java:210)
06-05 18:26:50.908 18541 18541 W System.err: 	at android.os.Looper.loop(Looper.java:299)
06-05 18:26:50.908 18541 18541 W System.err: 	at android.app.ActivityThread.main(ActivityThread.java:8105)
06-05 18:26:50.908 18541 18541 W System.err: 	at java.lang.reflect.Method.invoke(Native Method)
06-05 18:26:50.908 18541 18541 W System.err: 	at com.android.internal.os.RuntimeInit$MethodAndArgsCaller.run(RuntimeInit.java:556)
06-05 18:26:50.908 18541 18541 W System.err: 	at com.android.internal.os.ZygoteInit.main(ZygoteInit.java:1045)
06-05 18:26:50.908 18541 18541 W System.err: org.json.JSONException: No value for com.apple.quicktime.information
06-05 18:26:50.908 18541 18541 W System.err: 	at org.json.JSONObject.get(JSONObject.java:403)
06-05 18:26:50.908 18541 18541 W System.err: 	at org.json.JSONObject.getString(JSONObject.java:564)
06-05 18:26:50.908 18541 18541 W System.err: 	at X.6MB.LIZ(SourceFile:33816600)
06-05 18:26:50.908 18541 18541 W System.err: 	at X.6Lf.LIZJ(SourceFile:17039373)
06-05 18:26:50.908 18541 18541 W System.err: 	at X.8c9.LIZ(SourceFile:327706)
06-05 18:26:50.908 18541 18541 W System.err: 	at X.KAf.LIZ(SourceFile:3603)
06-05 18:26:50.908 18541 18541 W System.err: 	at X.KAf.LJIIL(SourceFile:17039402)
06-05 18:26:50.908 18541 18541 W System.err: 	at X.KAf.LJJIJIIJI(SourceFile:590862)
06-05 18:26:50.908 18541 18541 W System.err: 	at com.ss.android.ugc.aweme.feed.adapter.VideoViewCell.onRenderReady(SourceFile:17301542)
06-05 18:26:50.908 18541 18541 W System.err: 	at X.6B8.LIZ(SourceFile:1393)
06-05 18:26:50.908 18541 18541 W System.err: 	at X.6C1.run(SourceFile:65540)
06-05 18:26:50.908 18541 18541 W System.err: 	at android.os.Handler.handleCallback(Handler.java:938)
06-05 18:26:50.908 18541 18541 W System.err: 	at android.os.Handler.dispatchMessage(Handler.java:99)
06-05 18:26:50.908 18541 18541 W System.err: 	at android.os.Looper.loopOnce(Looper.java:210)
06-05 18:26:50.908 18541 18541 W System.err: 	at android.os.Looper.loop(Looper.java:299)
06-05 18:26:50.908 18541 18541 W System.err: 	at android.app.ActivityThread.main(ActivityThread.java:8105)
06-05 18:26:50.908 18541 18541 W System.err: 	at java.lang.reflect.Method.invoke(Native Method)
06-05 18:26:50.908 18541 18541 W System.err: 	at com.android.internal.os.RuntimeInit$MethodAndArgsCaller.run(RuntimeInit.java:556)
06-05 18:26:50.908 18541 18541 W System.err: 	at com.android.internal.os.ZygoteInit.main(ZygoteInit.java:1045)
06-05 18:26:50.908 18541 10743 W System.err: org.json.JSONException: No value for information
06-05 18:26:50.908 18541 10743 W System.err: 	at org.json.JSONObject.get(JSONObject.java:403)
06-05 18:26:50.908 18541 10743 W System.err: 	at org.json.JSONObject.getString(JSONObject.java:564)
06-05 18:26:50.908 18541 10743 W System.err: 	at X.6MB.LIZ(SourceFile:33816600)
06-05 18:26:50.908 18541 10743 W System.err: 	at X.6Lf.LIZJ(SourceFile:17039373)
06-05 18:26:50.908 18541 10743 W System.err: 	at X.8c8.LIZIZ(SourceFile:393228)
06-05 18:26:50.909 18541 10743 W System.err: 	at X.8cB.call(SourceFile:262146)
06-05 18:26:50.909 18541 10743 W System.err: 	at X.0BO.run(SourceFile:262166)
06-05 18:26:50.909 18541 10743 W System.err: 	at X.0fb.run(SourceFile:459005)
06-05 18:26:50.909 18541 10743 W System.err: 	at java.util.concurrent.ThreadPoolExecutor.runWorker(ThreadPoolExecutor.java:1167)
06-05 18:26:50.909 18541 10743 W System.err: 	at java.util.concurrent.ThreadPoolExecutor$Worker.run(ThreadPoolExecutor.java:641)
06-05 18:26:50.909 18541 10743 W System.err: 	at X.0ff.run(SourceFile:131081)
06-05 18:26:50.909 18541 10743 W System.err: 	at java.lang.Thread.run(Thread.java:920)
06-05 18:26:50.909 18541 10743 W System.err: org.json.JSONException: No value for com.android.information
06-05 18:26:50.909 18541 10743 W System.err: 	at org.json.JSONObject.get(JSONObject.java:403)
06-05 18:26:50.909 18541 10743 W System.err: 	at org.json.JSONObject.getString(JSONObject.java:564)
06-05 18:26:50.909 18541 10743 W System.err: 	at X.6MB.LIZ(SourceFile:33816600)
06-05 18:26:50.909 18541 10743 W System.err: 	at X.6Lf.LIZJ(SourceFile:17039373)
06-05 18:26:50.909 18541 10743 W System.err: 	at X.8c8.LIZIZ(SourceFile:393243)
06-05 18:26:50.909 18541 10743 W System.err: 	at X.8cB.call(SourceFile:262146)
06-05 18:26:50.909 18541 10743 W System.err: 	at X.0BO.run(SourceFile:262166)
06-05 18:26:50.909 18541 10743 W System.err: 	at X.0fb.run(SourceFile:459005)
06-05 18:26:50.909 18541 10743 W System.err: 	at java.util.concurrent.ThreadPoolExecutor.runWorker(ThreadPoolExecutor.java:1167)
06-05 18:26:50.909 18541 10743 W System.err: 	at java.util.concurrent.ThreadPoolExecutor$Worker.run(ThreadPoolExecutor.java:641)
06-05 18:26:50.909 18541 10743 W System.err: 	at X.0ff.run(SourceFile:131081)
06-05 18:26:50.909 18541 10743 W System.err: 	at java.lang.Thread.run(Thread.java:920)
06-05 18:26:50.909 18541 10743 W System.err: org.json.JSONException: No value for com.apple.quicktime.information
06-05 18:26:50.909 18541 10743 W System.err: 	at org.json.JSONObject.get(JSONObject.java:403)
06-05 18:26:50.909 18541 10743 W System.err: 	at org.json.JSONObject.getString(JSONObject.java:564)
06-05 18:26:50.909 18541 10743 W System.err: 	at X.6MB.LIZ(SourceFile:33816600)
06-05 18:26:50.909 18541 10743 W System.err: 	at X.6Lf.LIZJ(SourceFile:17039373)
06-05 18:26:50.909 18541 10743 W System.err: 	at X.8c8.LIZIZ(SourceFile:393258)
06-05 18:26:50.909 18541 10743 W System.err: 	at X.8cB.call(SourceFile:262146)
06-05 18:26:50.909 18541 10743 W System.err: 	at X.0BO.run(SourceFile:262166)
06-05 18:26:50.909 18541 10743 W System.err: 	at X.0fb.run(SourceFile:459005)
06-05 18:26:50.909 18541 10743 W System.err: 	at java.util.concurrent.ThreadPoolExecutor.runWorker(ThreadPoolExecutor.java:1167)
06-05 18:26:50.909 18541 10743 W System.err: 	at java.util.concurrent.ThreadPoolExecutor$Worker.run(ThreadPoolExecutor.java:641)
06-05 18:26:50.909 18541 10743 W System.err: 	at X.0ff.run(SourceFile:131081)
06-05 18:26:50.909 18541 10743 W System.err: 	at java.lang.Thread.run(Thread.java:920)
06-05 18:26:50.918 18541 11018 I System.out: hit cache: lynx_card_i18n
06-05 18:26:50.921 18541 18541 I bullet  : onLog: [res-Service] loadAsync#begin
06-05 18:26:50.921 18541 18541 I bullet  : onLog: [res-Service] loadAsync# start load taskConfig=[accessKey=f9e6186803d872f739d3d1707d9a652e, loaderConfig=X.JcP@6bb8437, dynamic=0,onlyLocal=false, channel=card_general_app_download,bundle=/general_app_download/template.js, group=null,cdnUrl=,enableCached:true],resInfo = [srcUri=lynxview://card_general_app_download/general_app_download/template.js?channel=card_general_app_download&bundle=general_app_download%2Ftemplate.js&initialData=%7B%22adId%22%3A%221720925464627234%22%2C%22creativeId%22%3A%221720925693886514%22%2C%22logExtra%22%3A%22%7B%5C%22req_id%5C%22%3A%5C%222022060509481101009907201738D8264B%5C%22%2C%5C%22external_action%5C%22%3A8%2C%5C%22ad_price%5C%22%3A%5C%22Ypx73P_yrcZinHvc__KtxlY2InEWzBclSnFmgA%5C%22%2C%5C%22rit%5C%22%3A11180001%2C%5C%22ad_user_agent%5C%22%3A%5C%22Mozilla%2F5.0%20(Linux%3B%20Android%2012%3B%20M2012K11AG%20Build%2FSKQ1.211006.001%3B%20wv)%20AppleWebKit%2F537.36%20(KHTML%2C%20like%20Gecko)%20Version%2F4.0%20Chrome%2F101.0.4951.61%20Mobile%20Safari%2F537.36%5C%22%2C%5C%22cur_exch_usd%5C%22%3A1%2C%5C%22unity_price%5C%22%3A%5C%22Ypx73P_yrd9inHvc__Kt30omdCS48NNOjojsAA%5C%22%2C%5C%22style_id%5C%22%3A100206%2C%5C%22style_ids%5C%22%3A%5B100206%5D%2C%5C%22component_ids%5C%22%3A%5B201074%2C201078%2C201299%2C202329%2C202509%2C202677%5D%2C%5C%22placement%5C%22%3A%5C%22TikTok%5C%22%2C%5C%22card_type%5C%22%3A%5C%22download%5C%22%2C%5C%22card_show_time%5C%22%3A3%2C%5C%22button_show_time%5C%22%3A4%2C%5C%22is_pack_v2%5C%22%3Atrue%2C%5C%22button_color%5C%22%3A%5C%22%23008DEA%5C%22%2C%5C%22pack_bingo%5C%22%3A1%2C%5C%22pack_item_id%5C%22%3A%5C%226989013507924593946%5C%22%2C%5C%22country_id%5C%22%3A%5C%22PH%5C%22%2C%5C%22province_id%5C%22%3A7521304%2C%5C%22dma_id%5C%22%3A0%2C%5C%22city_id%5C%22%3A1731758%2C%5C%22cohort_id%5C%22%3A100751%2C%5C%22material_arch_flag%5C%22%3A0%2C%5C%22live_traffic_type%5C%22%3A0%2C%5C%22idc%5C%22%3A4%2C%5C%22is_app_profile_page_ad%5C%22%3A0%7D%22%2C%22groupId%22%3Anull%2C%22pageData%22%3A%22%22%2C%22lynxSchema%22%3Anull%2C%22itemId%22%3A%226989013507924593946%22%2C%22isRTL%22%3A0%2C%22cardData%22%3A%22%7B%5C%22ad_label%5C%22%3A%5C%22Sponsored%5C%22%2C%5C%22app_info%5C%22%3A%7B%5C%22category_label%5C%22%3A%5C%22Business%5C%22%2C%5C%22free_rank%5C%22%3A30%2C%5C%22rating%5C%22%3A3%2C%5C%22size%5C%22%3A%5C%227MB%5C%22%2C%5C%22total_ratings_reviews%5C%22%3A%5C%221K%2B%20reviews%5C%22%2C%5C%22total_ratings_reviews_num%5C%22%3A1382%7D%2C%5C%22button_background_color%5C%22%3A%5C%22%23008DEA%5C%22%2C%5C%22button_text%5C%22%3A%5C%22Download%5C%22%2C%5C%22desc%5C%22%3A%5C%22Go%20baby%20Go%20baby%20Go!%20%23BookGoGoXpress%20%23digitallogistics%20%23onlinesellingph%20%23xortingcenter%20%23behindggx%20%23xyzbca%5C%22%2C%5C%22icon_url%5C%22%3A%5C%22https%3A%5C%5C%2F%5C%5C%2Fp1.ipstatp.com%5C%5C%2Forigin%5C%5C%2Fapp-market-data-sg%5C%5C%2Fd635d1e0900ad504defe6aec49386b55%5C%22%2C%5C%22package_name%5C%22%3A%5C%22com.gogoxpress%5C%22%2C%5C%22style_type%5C%22%3A0%2C%5C%22title%5C%22%3A%5C%22GoGo%20Xpress%5C%22%7D%22%2C%22topSafeAreaHeight%22%3A80%2C%22isCardState%22%3A1%2C%22isVoted%22%3A0%2C%22userHasVoted%22%3A0%2C%22enableCardCloseButton%22%3A0%7D, filePath=null, type=null,from=null, fileStream=null, model=null]
06-05 18:26:50.921 18541 18541 I bullet  : onLog: [res-Service] start to async load  channel = card_general_app_download,bundle = /general_app_download/template.js from gecko
06-05 18:26:50.921 18541 18541 I bullet  : onLog: [res-Service] accessKey=a1a15b782e3ee8a25247561a91a99835, channel=card_general_app_download, bundle=/general_app_download/template.js
06-05 18:26:50.922 18541 18541 I bullet  : onLog: [res-Service] using gecko info [accessKey=a1a15b782e3ee8a25247561a91a99835,filePath=/data/user/0/com.ss.android.ugc.trill/files/offlineX/a1a15b782e3ee8a25247561a91a99835/card_general_app_download/127288485/res/general_app_download/template.js]
06-05 18:26:50.922 18541 18541 I bullet  : onLog: [res-Service] load from gecko success
06-05 18:26:50.923 18541 11018 I System.out: hit cache: lynx_card_i18n
06-05 18:26:50.937  1103  1596 V APM::EffectDescriptor: setEffectEnabled(false) total CPU 0
06-05 18:26:50.937  1103  2327 D AudioFlinger: updateWakeLockUids_l AudioOut_1D uids:10383
06-05 18:26:50.937   975 28792 D msm8974_platform: platform_split_snd_device: snd_device(2) num devices(1) new_snd_devices(0)
06-05 18:26:50.938  1103  1596 V APM::EffectDescriptor: unregisterEffect() effect Volume listener for Music, ID 699, memory 1 total memory 2
06-05 18:26:50.938  1103  1596 D APM_AudioPolicyManager: stopOutput portId 410
06-05 18:26:50.938  1103  1596 D APM_AudioPolicyManager: stopOutput() output 29, stream 3, session 5849
06-05 18:26:50.945 18541 11018 I System.out: hit cache: lynx_card_i18n
06-05 18:26:50.945 18541 18541 I bullet  : onLog: [res-Service] reportSuccess lynxview://card_general_app_download/general_app_download/template.js,message=[{"name":"GECKO","status":"success"}]
06-05 18:26:50.945 18541 18541 I bullet  : onLog: [res-Service] load success: isMemory = false,duration:23
06-05 18:26:50.945 18541 18541 I bullet  : null
06-05 18:26:50.945 18541 18541 I bullet  : onLog: [res-Service] [{"name":"GECKO","status":"success"}]
06-05 18:26:50.945 18541 18541 I bullet  : onLog: [res-Service] Load url = lynxview://card_general_app_download/general_app_download/template.js?channel=card_general_app_download&bundle=general_app_download%2Ftemplate.js&initialData=%7B%22adId%22%3A%221720925464627234%22%2C%22creativeId%22%3A%221720925693886514%22%2C%22logExtra%22%3A%22%7B%5C%22req_id%5C%22%3A%5C%222022060509481101009907201738D8264B%5C%22%2C%5C%22external_action%5C%22%3A8%2C%5C%22ad_price%5C%22%3A%5C%22Ypx73P_yrcZinHvc__KtxlY2InEWzBclSnFmgA%5C%22%2C%5C%22rit%5C%22%3A11180001%2C%5C%22ad_user_agent%5C%22%3A%5C%22Mozilla%2F5.0%20(Linux%3B%20Android%2012%3B%20M2012K11AG%20Build%2FSKQ1.211006.001%3B%20wv)%20AppleWebKit%2F537.36%20(KHTML%2C%20like%20Gecko)%20Version%2F4.0%20Chrome%2F101.0.4951.61%20Mobile%20Safari%2F537.36%5C%22%2C%5C%22cur_exch_usd%5C%22%3A1%2C%5C%22unity_price%5C%22%3A%5C%22Ypx73P_yrd9inHvc__Kt30omdCS48NNOjojsAA%5C%22%2C%5C%22style_id%5C%22%3A100206%2C%5C%22style_ids%5C%22%3A%5B100206%5D%2C%5C%22component_ids%5C%22%3A%5B201074%2C201078%2C201299%2C202329%2C202509%2C202677%5D%2C%5C%22placement%5C%22%3A%5C%22TikTok%5C%22%2C%5C%22card_type%5C%22%3A%5C%22download%5C%22%2C%5C%22card_show_time%5C%22%3A3%2C%5C%22button_show_time%5C%22%3A4%2C%5C%22is_pack_v2%5C%22%3Atrue%2C%5C%22button_color%5C%22%3A%5C%22%23008DEA%5C%22%2C%5C%22pack_bingo%5C%22%3A1%2C%5C%22pack_item_id%5C%22%3A%5C%226989013507924593946%5C%22%2C%5C%22country_id%5C%22%3A%5C%22PH%5C%22%2C%5C%22province_id%5C%22%3A7521304%2C%5C%22dma_id%5C%22%3A0%2C%5C%22city_id%5C%22%3A1731758%2C%5C%22cohort_id%5C%22%3A100751%2C%5C%22material_arch_flag%5C%22%3A0%2C%5C%22live_traffic_type%5C%22%3A0%2C%5C%22idc%5C%22%3A4%2C%5C%22is_app_profile_page_ad%5C%22%3A0%7D%22%2C%22groupId%22%3Anull%2C%22pageData%22%3A%22%22%2C%22lynxSchema%22%3Anull%2C%22itemId%22%3A%226989013507924593946%22%2C%22isRTL%22%3A0%2C%22cardData%22%3A%22%7B%5C%22ad_label%5C%22%3A%5C%22Sponsored%5C%22%2C%5C%22app_info%5C%22%3A%7B%5C%22category_label%5C%22%3A%5C%22Business%5C%22%2C%5C%22free_rank%5C%22%3A30%2C%5C%22rating%5C%22%3A3%2C%5C%22size%5C%22%3A%5C%227MB%5C%22%2C%5C%22total_ratings_reviews%5C%22%3A%5C%221K%2B%20reviews%5C%22%2C%5C%22total_ratings_reviews_num%5C%22%3A1382%7D%2C%5C%22button_background_color%5C%22%3A%5C%22%23008DEA%5C%22%2C%5C%22button_text%5C%22%3A%5C%22Download%5C%22%2C%5C%22desc%5C%22%3A%5C%22Go%20baby%20Go%20baby%20Go!%20%23BookGoGoXpress%20%23digitallogistics%20%23onlinesellingph%20%23xortingcenter%20%23behindggx%20%23xyzbca%5C%22%2C%5C%22icon_url%5C%22%3A%5C%22https%3A%5C%5C%2F%5C%5C%2Fp1.ipstatp.com%5C%5C%2Forigin%5C%5C%2Fapp-market-data-sg%5C%5C%2Fd635d1e0900ad504defe6aec49386b55%5C%22%2C%5C%22package_name%5C%22%3A%5C%22com.gogoxpress%5C%22%2C%5C%22style_type%5C%22%3A0%2C%5C%22title%5C%22%3A%5C%22GoGo%20Xpress%5C%22%7D%22%2C%22topSafeAreaHeight%22%3A80%2C%22isCardState%22%3A1%2C%22isVoted%22%3A0%2C%22userHasVoted%22%3A0%2C%22enableCardCloseButton%22%3A0%7D, message = [{"name":"GECKO","status":"success"},{"name":"Je0","status":"success"}]
06-05 18:26:50.946  1103  2189 I audioserver: setGameParameters keyvalue: xlog.volume.music.speaker=34
06-05 18:26:50.946   975 28792 D audio_hw_primary: adev_set_parameters: enter: xlog.volume.music.speaker=34
06-05 18:26:50.946   975 28792 V msm8974_platform: platform_set_parameters: enter: xlog.volume.music.speaker=34
06-05 18:26:50.946   975 28792 D audio_hw_hfp: hfp_set_parameters: enter
06-05 18:26:50.946   975 28792 D audio_hw_hfp: hfp_set_parameters: enter
06-05 18:26:50.946   975 28792 V a2dp_offload: end of a2dp setparam
06-05 18:26:50.946   975 28792 D audio_hw_cspl_cal: cirrus_cal_setparameters: enter 0xf3003600
06-05 18:26:50.946 18541 11018 I System.out: hit cache: lynx_card_i18n
06-05 18:26:50.946   975 28792 D audio_hw_extn: audio_extn_fm_set_parameters: Enter
06-05 18:26:50.946   975 28792 D audio_hw_hfp: hfp_set_parameters: enter
06-05 18:26:50.946   975 28792 V a2dp_offload: end of a2dp setparam
06-05 18:26:50.946   975 28792 D audio_hw_primary: adev_set_parameters: exit with code(0)
06-05 18:26:50.946 18541 11018 I System.out: hit cache: lynx_card_i18n
06-05 18:26:50.947  1103  2189 I audioserver: setGameParameters keyvalue: xlog.volume.music.speaker=34
06-05 18:26:50.947   975 28792 D audio_hw_primary: adev_set_parameters: enter: xlog.volume.music.speaker=34
06-05 18:26:50.947   975 28792 V msm8974_platform: platform_set_parameters: enter: xlog.volume.music.speaker=34
06-05 18:26:50.947   975 28792 D audio_hw_hfp: hfp_set_parameters: enter
06-05 18:26:50.947   975 28792 D audio_hw_hfp: hfp_set_parameters: enter
06-05 18:26:50.947   975 28792 V a2dp_offload: end of a2dp setparam
06-05 18:26:50.947   975 28792 D audio_hw_cspl_cal: cirrus_cal_setparameters: enter 0xf3003600
06-05 18:26:50.947   975 28792 D audio_hw_extn: audio_extn_fm_set_parameters: Enter
06-05 18:26:50.947   975 28792 D audio_hw_hfp: hfp_set_parameters: enter
06-05 18:26:50.947   975 28792 V a2dp_offload: end of a2dp setparam
06-05 18:26:50.947   975 28792 D audio_hw_primary: adev_set_parameters: exit with code(0)
06-05 18:26:50.947  1103  2189 I audioserver: setGameParameters keyvalue: xlog.volume.music.speaker=34
06-05 18:26:50.947   975   975 D audio_hw_primary: adev_set_parameters: enter: xlog.volume.music.speaker=34
06-05 18:26:50.947   975   975 V msm8974_platform: platform_set_parameters: enter: xlog.volume.music.speaker=34
06-05 18:26:50.947   975   975 D audio_hw_hfp: hfp_set_parameters: enter
06-05 18:26:50.948   975   975 D audio_hw_hfp: hfp_set_parameters: enter
06-05 18:26:50.948   975   975 V a2dp_offload: end of a2dp setparam
06-05 18:26:50.948   975   975 D audio_hw_cspl_cal: cirrus_cal_setparameters: enter 0xf3003600
06-05 18:26:50.948   975   975 D audio_hw_extn: audio_extn_fm_set_parameters: Enter
06-05 18:26:50.948   975   975 D audio_hw_hfp: hfp_set_parameters: enter
06-05 18:26:50.948   975   975 V a2dp_offload: end of a2dp setparam
06-05 18:26:50.948   975   975 D audio_hw_primary: adev_set_parameters: exit with code(0)
06-05 18:26:50.948  1103  2189 I audioserver: setGameParameters keyvalue: xlog.volume.music.speaker=34
06-05 18:26:50.948   975   975 D audio_hw_primary: adev_set_parameters: enter: xlog.volume.music.speaker=34
06-05 18:26:50.948   975   975 V msm8974_platform: platform_set_parameters: enter: xlog.volume.music.speaker=34
06-05 18:26:50.948   975   975 D audio_hw_hfp: hfp_set_parameters: enter
06-05 18:26:50.948   975   975 D audio_hw_hfp: hfp_set_parameters: enter
06-05 18:26:50.948   975   975 V a2dp_offload: end of a2dp setparam
06-05 18:26:50.948   975   975 D audio_hw_cspl_cal: cirrus_cal_setparameters: enter 0xf3003600
06-05 18:26:50.948   975   975 D audio_hw_extn: audio_extn_fm_set_parameters: Enter
06-05 18:26:50.948   975   975 D audio_hw_hfp: hfp_set_parameters: enter
06-05 18:26:50.948   975   975 V a2dp_offload: end of a2dp setparam
06-05 18:26:50.948   975   975 D audio_hw_primary: adev_set_parameters: exit with code(0)
06-05 18:26:50.953 18541 10743 W System.err: java.io.FileNotFoundException: /proc/stat: open failed: EACCES (Permission denied)
06-05 18:26:50.953 18541 10743 W System.err: 	at libcore.io.IoBridge.open(IoBridge.java:575)
06-05 18:26:50.953 18541 10743 W System.err: 	at java.io.RandomAccessFile.<init>(RandomAccessFile.java:289)
06-05 18:26:50.953 18541 10743 W System.err: 	at java.io.RandomAccessFile.<init>(RandomAccessFile.java:152)
06-05 18:26:50.954 18541 10743 W System.err: 	at X.6gK.LIZ(SourceFile:393238)
06-05 18:26:50.954 18541 10743 W System.err: 	at X.6gM.call(SourceFile:65536)
06-05 18:26:50.954 18541 10743 W System.err: 	at X.0BO.run(SourceFile:262166)
06-05 18:26:50.954 18541 10743 W System.err: 	at X.0fb.run(SourceFile:459005)
06-05 18:26:50.954 18541 10743 W System.err: 	at java.util.concurrent.ThreadPoolExecutor.runWorker(ThreadPoolExecutor.java:1167)
06-05 18:26:50.954 18541 10743 W System.err: 	at java.util.concurrent.ThreadPoolExecutor$Worker.run(ThreadPoolExecutor.java:641)
06-05 18:26:50.954 18541 10743 W System.err: 	at X.0ff.run(SourceFile:131081)
06-05 18:26:50.954 18541 10743 W System.err: 	at java.lang.Thread.run(Thread.java:920)
06-05 18:26:50.954 18541 10743 W System.err: Caused by: android.system.ErrnoException: open failed: EACCES (Permission denied)
06-05 18:26:50.954 18541 10743 W System.err: 	at libcore.io.Linux.open(Native Method)
06-05 18:26:50.954 18541 10743 W System.err: 	at libcore.io.ForwardingOs.open(ForwardingOs.java:567)
06-05 18:26:50.954 18541 10743 W System.err: 	at libcore.io.BlockGuardOs.open(BlockGuardOs.java:273)
06-05 18:26:50.954 18541 10743 W System.err: 	at libcore.io.ForwardingOs.open(ForwardingOs.java:567)
06-05 18:26:50.954 18541 10743 W System.err: 	at android.app.ActivityThread$AndroidOs.open(ActivityThread.java:7980)
06-05 18:26:50.954 18541 10743 W System.err: 	at libcore.io.IoBridge.open(IoBridge.java:561)
06-05 18:26:50.954 18541 10743 W System.err: 	... 10 more
06-05 18:26:50.960 18541 18541 I bullet  : onLog: [res-Service] loadSync# url=https://p1.ipstatp.com/origin/app-market-data-sg/d635d1e0900ad504defe6aec49386b55,taskConfig=[accessKey=, loaderConfig=X.JcP@45402da, dynamic=null,onlyLocal=false, channel=,bundle=, group=null,cdnUrl=,enableCached:true]
06-05 18:26:50.962 18541 18541 I bullet  : onLog: [res-Service] loadSync# start load taskConfig=[accessKey=f9e6186803d872f739d3d1707d9a652e, loaderConfig=X.JcP@45402da, dynamic=null,onlyLocal=false, channel=,bundle=, group=null,cdnUrl=,enableCached:true],resInfo = [srcUri=https://p1.ipstatp.com/origin/app-market-data-sg/d635d1e0900ad504defe6aec49386b55, filePath=null, type=null,from=null, fileStream=null, model=null]
06-05 18:26:50.962 18541 18541 I bullet  : onLog: [res-Service] start to loadSync load  channel = ,bundle =  from gecko
06-05 18:26:50.962 18541 18541 I bullet  : onLog: [res-Service] start to async load  channel = ,bundle =  from gecko
06-05 18:26:50.962 18541 18541 E bullet  : onReject: X.JdS return null
06-05 18:26:50.962 18541 18541 I bullet  : onLog: [res-Service] start to sync load from assets
06-05 18:26:50.962 18541 18541 I bullet  : onLog: [res-Service] start to async load from assets
06-05 18:26:50.962 18541 18541 I bullet  : onLog: [res-Service] reportFailed httpsp1.ipstatp.comp1.ipstatp.com/origin/app-market-data-sg/d635d1e0900ad504defe6aec49386b55
06-05 18:26:50.962 18541 18541 I bullet  : onLog: [res-Service] [{"name":"GECKO","status":"failed","detail":"GFM:Channel\/Bundle invalid"},{"name":"BuildIn","status":"fail","message":"buildIn Channel\/Bundle invalid"}]
06-05 18:26:50.962 18541 18541 E bullet  : onReject: X.JdT return null
06-05 18:26:50.962 18541 18541 I bullet  : onLog: [res-Service] Load url = https://p1.ipstatp.com/origin/app-market-data-sg/d635d1e0900ad504defe6aec49386b55, message = [{"name":"GECKO","status":"failed","detail":"GFM:Channel\/Bundle invalid"},{"name":"BuildIn","status":"fail","message":"buildIn Channel\/Bundle invalid"}]
06-05 18:26:50.962 18541 18541 I bullet  : onLog: [res-Service] [{"name":"GECKO","status":"failed","detail":"GFM:Channel\/Bundle invalid"},{"name":"BuildIn","status":"fail","message":"buildIn Channel\/Bundle invalid"}]
06-05 18:26:50.966  1582 27120 I OMX_VPP : VppOmxComponent::registerVppFakeBuf buffer with size 14 id 13 ts=0 flags:0
06-05 18:26:50.970 18541 11018 I System.out: lynxview:\/\/card_ match lynx_card_i18nhit cache: lynx_card_i18n
06-05 18:26:50.970 18541 11018 I System.out: hit cache: lynx_card_i18n
06-05 18:26:50.971 18541 11018 I System.out: hit cache: lynx_card_i18n
06-05 18:26:50.977   975 28792 D audio_hw_primary: out_set_parameters: enter: usecase(0: deep-buffer-playback) kvpairs: appname=-com.ss.android.ugc.trill
06-05 18:26:50.977   975 28792 D audio_hw_primary: [hal_apptype] out_set_parameters() -com.ss.android.ugc.trill [1 0x80 0x80 0x80]
06-05 18:26:50.977  1103  1596 D APM_AudioPolicyManager: releaseOutput portId 410
06-05 18:26:50.977  1103  1596 D APM_AudioPolicyManager: releaseOutput() output 29, stream 3, session 5849 [uid=10383]
06-05 18:26:51.000  1582 11037 I OMX-VDEC-1080P: set_frame_rate: the current time is 182651
06-05 18:26:51.001  1582 11037 I OMX-VDEC-1080P: set_frame_rate: the current time is 182651
06-05 18:26:51.003  1582 11037 I OMX-VDEC-1080P: set_frame_rate: the current time is 182651
06-05 18:26:51.034  1582 27120 I OMX_VPP : VppOmxComponent::registerVppFakeBuf buffer with size 15 id 14 ts=0 flags:0
06-05 18:26:51.070  1582 11037 I OMX-VDEC-1080P: set_frame_rate: the current time is 182651
06-05 18:26:51.105  1582 11037 I OMX-VDEC-1080P: set_frame_rate: the current time is 182651
06-05 18:26:51.139  1582 11037 I OMX-VDEC-1080P: set_frame_rate: the current time is 182651
06-05 18:26:51.173  1582 11037 I OMX-VDEC-1080P: set_frame_rate: the current time is 182651
06-05 18:26:51.208  1582 11037 I OMX-VDEC-1080P: set_frame_rate: the current time is 182651
06-05 18:26:51.242  1582 11037 I OMX-VDEC-1080P: set_frame_rate: the current time is 182651
06-05 18:26:51.277  1582 11037 I OMX-VDEC-1080P: set_frame_rate: the current time is 182651
06-05 18:26:51.311  1582 11037 I OMX-VDEC-1080P: set_frame_rate: the current time is 182651
06-05 18:26:51.346  1582 11037 I OMX-VDEC-1080P: set_frame_rate: the current time is 182651
06-05 18:26:51.380  1582 11037 I OMX-VDEC-1080P: set_frame_rate: the current time is 182651
06-05 18:26:51.415  1582 11037 I OMX-VDEC-1080P: set_frame_rate: the current time is 182651
06-05 18:26:51.440 18541 10745 W System.err: org.json.JSONException: No value for information
06-05 18:26:51.440 18541 10745 W System.err: 	at org.json.JSONObject.get(JSONObject.java:403)
06-05 18:26:51.440 18541 10745 W System.err: 	at org.json.JSONObject.getString(JSONObject.java:564)
06-05 18:26:51.440 18541 10745 W System.err: 	at X.6MB.LIZ(SourceFile:33816600)
06-05 18:26:51.440 18541 10745 W System.err: 	at X.6Lf.LIZJ(SourceFile:17039373)
06-05 18:26:51.440 18541 10745 W System.err: 	at X.8c8.LIZIZ(SourceFile:393228)
06-05 18:26:51.440 18541 10745 W System.err: 	at X.8cB.call(SourceFile:262146)
06-05 18:26:51.440 18541 10745 W System.err: 	at X.0BO.run(SourceFile:262166)
06-05 18:26:51.440 18541 10745 W System.err: 	at X.0fb.run(SourceFile:459005)
06-05 18:26:51.440 18541 10745 W System.err: 	at java.util.concurrent.ThreadPoolExecutor.runWorker(ThreadPoolExecutor.java:1167)
06-05 18:26:51.440 18541 10745 W System.err: 	at java.util.concurrent.ThreadPoolExecutor$Worker.run(ThreadPoolExecutor.java:641)
06-05 18:26:51.440 18541 10745 W System.err: 	at X.0ff.run(SourceFile:131081)
06-05 18:26:51.440 18541 10745 W System.err: 	at java.lang.Thread.run(Thread.java:920)
06-05 18:26:51.440 18541 10745 W System.err: org.json.JSONException: No value for com.android.information
06-05 18:26:51.440 18541 10745 W System.err: 	at org.json.JSONObject.get(JSONObject.java:403)
06-05 18:26:51.440 18541 10745 W System.err: 	at org.json.JSONObject.getString(JSONObject.java:564)
06-05 18:26:51.440 18541 10745 W System.err: 	at X.6MB.LIZ(SourceFile:33816600)
06-05 18:26:51.440 18541 10745 W System.err: 	at X.6Lf.LIZJ(SourceFile:17039373)
06-05 18:26:51.440 18541 10745 W System.err: 	at X.8c8.LIZIZ(SourceFile:393243)
06-05 18:26:51.441 18541 10745 W System.err: 	at X.8cB.call(SourceFile:262146)
06-05 18:26:51.441 18541 10745 W System.err: 	at X.0BO.run(SourceFile:262166)
06-05 18:26:51.441 18541 10745 W System.err: 	at X.0fb.run(SourceFile:459005)
06-05 18:26:51.441 18541 10745 W System.err: 	at java.util.concurrent.ThreadPoolExecutor.runWorker(ThreadPoolExecutor.java:1167)
06-05 18:26:51.441 18541 10745 W System.err: 	at java.util.concurrent.ThreadPoolExecutor$Worker.run(ThreadPoolExecutor.java:641)
06-05 18:26:51.441 18541 10745 W System.err: 	at X.0ff.run(SourceFile:131081)
06-05 18:26:51.441 18541 10745 W System.err: 	at java.lang.Thread.run(Thread.java:920)
06-05 18:26:51.441 18541 10745 W System.err: org.json.JSONException: No value for com.apple.quicktime.information
06-05 18:26:51.441 18541 10745 W System.err: 	at org.json.JSONObject.get(JSONObject.java:403)
06-05 18:26:51.441 18541 10745 W System.err: 	at org.json.JSONObject.getString(JSONObject.java:564)
06-05 18:26:51.441 18541 10745 W System.err: 	at X.6MB.LIZ(SourceFile:33816600)
06-05 18:26:51.441 18541 10745 W System.err: 	at X.6Lf.LIZJ(SourceFile:17039373)
06-05 18:26:51.441 18541 10745 W System.err: 	at X.8c8.LIZIZ(SourceFile:393258)
06-05 18:26:51.441 18541 10745 W System.err: 	at X.8cB.call(SourceFile:262146)
06-05 18:26:51.441 18541 10745 W System.err: 	at X.0BO.run(SourceFile:262166)
06-05 18:26:51.441 18541 10745 W System.err: 	at X.0fb.run(SourceFile:459005)
06-05 18:26:51.441 18541 10745 W System.err: 	at java.util.concurrent.ThreadPoolExecutor.runWorker(ThreadPoolExecutor.java:1167)
06-05 18:26:51.441 18541 10745 W System.err: 	at java.util.concurrent.ThreadPoolExecutor$Worker.run(ThreadPoolExecutor.java:641)
06-05 18:26:51.441 18541 10745 W System.err: 	at X.0ff.run(SourceFile:131081)
06-05 18:26:51.441 18541 10745 W System.err: 	at java.lang.Thread.run(Thread.java:920)
06-05 18:26:51.449  1582 11037 I OMX-VDEC-1080P: set_frame_rate: the current time is 182651
06-05 18:26:51.484  1582 11037 I OMX-VDEC-1080P: set_frame_rate: the current time is 182651
06-05 18:26:51.518  1582 11037 I OMX-VDEC-1080P: set_frame_rate: the current time is 182651
06-05 18:26:51.553  1582 11037 I OMX-VDEC-1080P: set_frame_rate: the current time is 182651
06-05 18:26:51.587  1582 11037 I OMX-VDEC-1080P: set_frame_rate: the current time is 182651
06-05 18:26:51.621  1582 11037 I OMX-VDEC-1080P: set_frame_rate: the current time is 182651
06-05 18:26:51.656  1582 11037 I OMX-VDEC-1080P: set_frame_rate: the current time is 182651
06-05 18:26:51.691  1582 11037 I OMX-VDEC-1080P: set_frame_rate: the current time is 182651
06-05 18:26:51.725  1582 11037 I OMX-VDEC-1080P: set_frame_rate: the current time is 182651
06-05 18:26:51.742 18541 18552 E jato    : gc block end, 5399486,303
06-05 18:26:51.760  1582 11037 I OMX-VDEC-1080P: set_frame_rate: the current time is 182651
06-05 18:26:51.794  1582 11037 I OMX-VDEC-1080P: set_frame_rate: the current time is 182651
06-05 18:26:51.828  1582 11037 I OMX-VDEC-1080P: set_frame_rate: the current time is 182651
06-05 18:26:51.863  1582 11037 I OMX-VDEC-1080P: set_frame_rate: the current time is 182651
06-05 18:26:51.899  1582 11037 I OMX-VDEC-1080P: set_frame_rate: the current time is 182651
06-05 18:26:51.933  1582 11037 I OMX-VDEC-1080P: set_frame_rate: the current time is 182651
06-05 18:26:51.966  1582 11037 I OMX-VDEC-1080P: set_frame_rate: the current time is 182651
06-05 18:26:52.001  1582 11037 I OMX-VDEC-1080P: set_frame_rate: the current time is 182652
06-05 18:26:52.035  1582 11037 I OMX-VDEC-1080P: set_frame_rate: the current time is 182652
06-05 18:26:52.070  1582 11037 I OMX-VDEC-1080P: set_frame_rate: the current time is 182652
06-05 18:26:52.071  1850  6677 D TelephonyManager: requestModemActivityInfo: Sending result to app: ModemActivityInfo{ mTimestamp=9593413 mSleepTimeMs=8496883 mIdleTimeMs=116021 mTxTimeMs[]=[2403, 3222, 3079, 4451, 2965] mRxTimeMs=931307}
06-05 18:26:52.085   688   695 E android.system.suspend@1.0-service: Error opening kernel wakelock stats for: wakeup58: Permission denied
06-05 18:26:52.083   688   688 W Binder:688_1: type=1400 audit(0.0:5954): avc: denied { read } for name="wakeup58" dev="sysfs" ino=84253 scontext=u:r:system_suspend:s0 tcontext=u:object_r:vendor_sysfs_usb_supply:s0 tclass=dir permissive=0
06-05 18:26:52.086   688   695 E android.system.suspend@1.0-service: Error opening kernel wakelock stats for: wakeup4: Permission denied
06-05 18:26:52.083   688   688 W Binder:688_1: type=1400 audit(0.0:5955): avc: denied { read } for name="wakeup4" dev="sysfs" ino=58391 scontext=u:r:system_suspend:s0 tcontext=u:object_r:sysfs:s0 tclass=dir permissive=0
06-05 18:26:52.083   688   688 W Binder:688_1: type=1400 audit(0.0:5956): avc: denied { read } for name="wakeup76" dev="sysfs" ino=93118 scontext=u:r:system_suspend:s0 tcontext=u:object_r:sysfs:s0 tclass=dir permissive=0
06-05 18:26:52.087   688   695 E android.system.suspend@1.0-service: Error opening kernel wakelock stats for: wakeup38: Permission denied
06-05 18:26:52.083   688   688 W Binder:688_1: type=1400 audit(0.0:5957): avc: denied { read } for name="wakeup38" dev="sysfs" ino=74130 scontext=u:r:system_suspend:s0 tcontext=u:object_r:sysfs:s0 tclass=dir permissive=0
06-05 18:26:52.088   688   695 E android.system.suspend@1.0-service: Error opening kernel wakelock stats for: wakeup56: Permission denied
06-05 18:26:52.083   688   688 W Binder:688_1: type=1400 audit(0.0:5958): avc: denied { read } for name="wakeup56" dev="sysfs" ino=84064 scontext=u:r:system_suspend:s0 tcontext=u:object_r:sysfs:s0 tclass=dir permissive=0
06-05 18:26:52.088   688   695 E android.system.suspend@1.0-service: Error opening kernel wakelock stats for: wakeup46: Permission denied
06-05 18:26:52.087   688   688 W Binder:688_1: type=1400 audit(0.0:5959): avc: denied { read } for name="wakeup46" dev="sysfs" ino=75842 scontext=u:r:system_suspend:s0 tcontext=u:object_r:sysfs:s0 tclass=dir permissive=0
06-05 18:26:52.089   688   695 E android.system.suspend@1.0-service: Error opening kernel wakelock stats for: wakeup2: Permission denied
06-05 18:26:52.087   688   688 W Binder:688_1: type=1400 audit(0.0:5960): avc: denied { read } for name="wakeup2" dev="sysfs" ino=55123 scontext=u:r:system_suspend:s0 tcontext=u:object_r:sysfs:s0 tclass=dir permissive=0
06-05 18:26:52.087   688   688 W Binder:688_1: type=1400 audit(0.0:5961): avc: denied { read } for name="wakeup74" dev="sysfs" ino=93046 scontext=u:r:system_suspend:s0 tcontext=u:object_r:sysfs:s0 tclass=dir permissive=0
06-05 18:26:52.087   688   688 W Binder:688_1: type=1400 audit(0.0:5962): avc: denied { read } for name="wakeup36" dev="sysfs" ino=69853 scontext=u:r:system_suspend:s0 tcontext=u:object_r:sysfs:s0 tclass=dir permissive=0
06-05 18:26:52.089   688   695 E android.system.suspend@1.0-service: Error opening kernel wakelock stats for: wakeup36: Permission denied
06-05 18:26:52.090   688   695 E android.system.suspend@1.0-service: Error opening kernel wakelock stats for: wakeup92: Permission denied
06-05 18:26:52.090   688   695 E android.system.suspend@1.0-service: Error opening kernel wakelock stats for: wakeup82: Permission denied
06-05 18:26:52.091   688   695 E android.system.suspend@1.0-service: Error opening kernel wakelock stats for: wakeup44: Permission denied
