06-05 18:30:04.189  3068  3289 D GesturesBackController: onPointerEvent swipeStatus:2
06-05 18:30:04.189  3068  3289 D GesturesBackController: onPointerEvent MotionEvent.ACTION_MOVE processMiuiGestures
06-05 18:30:04.190  3068  3289 D GesturesBackController: mSwipeStatus != SWIPE_STATUS_ANIMATING, processPointerEvent
06-05 18:30:04.200  1582 11723 I OMX-VDEC-1080P: set_frame_rate: the current time is 183004
06-05 18:30:04.206  3068  3289 D GesturesBackController: onPointerEvent swipeStatus:2
06-05 18:30:04.206  3068  3289 D GesturesBackController: onPointerEvent MotionEvent.ACTION_MOVE processMiuiGestures
06-05 18:30:04.206  3068  3289 D GesturesBackController: mSwipeStatus != SWIPE_STATUS_ANIMATING, processPointerEvent
06-05 18:30:04.222  3068  3289 D GesturesBackController: onPointerEvent swipeStatus:2
06-05 18:30:04.222  3068  3289 D GesturesBackController: onPointerEvent MotionEvent.ACTION_MOVE processMiuiGestures
06-05 18:30:04.223  3068  3289 D GesturesBackController: mSwipeStatus != SWIPE_STATUS_ANIMATING, processPointerEvent
06-05 18:30:04.233  1582 11723 I OMX-VDEC-1080P: set_frame_rate: the current time is 183004
06-05 18:30:04.256  3068  3289 D GesturesBackController: onPointerEvent swipeStatus:2
06-05 18:30:04.256  3068  3289 D GesturesBackController: onPointerEvent MotionEvent.ACTION_MOVE processMiuiGestures
06-05 18:30:04.256  3068  3289 D GesturesBackController: mSwipeStatus != SWIPE_STATUS_ANIMATING, processPointerEvent
06-05 18:30:04.267  1582 11723 I OMX-VDEC-1080P: set_frame_rate: the current time is 183004
06-05 18:30:04.299  1582 11723 I OMX-VDEC-1080P: set_frame_rate: the current time is 183004
06-05 18:30:04.333  1582 11723 I OMX-VDEC-1080P: set_frame_rate: the current time is 183004
06-05 18:30:04.367  1582 11723 I OMX-VDEC-1080P: set_frame_rate: the current time is 183004
06-05 18:30:04.400  1582 11723 I OMX-VDEC-1080P: set_frame_rate: the current time is 183004
06-05 18:30:04.421  3068  3289 D GesturesBackController: onPointerEvent swipeStatus:2
06-05 18:30:04.421  3068  3289 D GesturesBackController: onPointerEvent MotionEvent.ACTION_MOVE processMiuiGestures
06-05 18:30:04.421  3068  3289 D GesturesBackController: mSwipeStatus != SWIPE_STATUS_ANIMATING, processPointerEvent
06-05 18:30:04.433  1582 11723 I OMX-VDEC-1080P: set_frame_rate: the current time is 183004
06-05 18:30:04.437  3068  3289 D GesturesBackController: onPointerEvent swipeStatus:2
06-05 18:30:04.437  3068  3289 D GesturesBackController: onPointerEvent MotionEvent.ACTION_MOVE processMiuiGestures
06-05 18:30:04.437  3068  3289 D GesturesBackController: mSwipeStatus != SWIPE_STATUS_ANIMATING, processPointerEvent
06-05 18:30:04.454  3068  3289 D GesturesBackController: onPointerEvent swipeStatus:2
06-05 18:30:04.454  3068  3289 D GesturesBackController: onPointerEvent MotionEvent.ACTION_MOVE processMiuiGestures
06-05 18:30:04.454  3068  3289 D GesturesBackController: mSwipeStatus != SWIPE_STATUS_ANIMATING, processPointerEvent
06-05 18:30:04.468  1582 11723 I OMX-VDEC-1080P: set_frame_rate: the current time is 183004
06-05 18:30:04.470  3068  3289 D GesturesBackController: onPointerEvent swipeStatus:2
06-05 18:30:04.470  3068  3289 D GesturesBackController: onPointerEvent MotionEvent.ACTION_MOVE processMiuiGestures
06-05 18:30:04.471  3068  3289 D GesturesBackController: mSwipeStatus != SWIPE_STATUS_ANIMATING, processPointerEvent
06-05 18:30:04.487  3068  3289 D GesturesBackController: onPointerEvent swipeStatus:2
06-05 18:30:04.487  3068  3289 D GesturesBackController: onPointerEvent MotionEvent.ACTION_MOVE processMiuiGestures
06-05 18:30:04.487  3068  3289 D GesturesBackController: mSwipeStatus != SWIPE_STATUS_ANIMATING, processPointerEvent
06-05 18:30:04.502  1582 11723 I OMX-VDEC-1080P: set_frame_rate: the current time is 183004
06-05 18:30:04.505  3068  3289 D GesturesBackController: onPointerEvent swipeStatus:2
06-05 18:30:04.505  3068  3289 D GesturesBackController: onPointerEvent MotionEvent.ACTION_MOVE processMiuiGestures
06-05 18:30:04.505  3068  3289 D GesturesBackController: mSwipeStatus != SWIPE_STATUS_ANIMATING, processPointerEvent
06-05 18:30:04.520  3068  3289 D GesturesBackController: onPointerEvent swipeStatus:2
06-05 18:30:04.520  3068  3289 D GesturesBackController: onPointerEvent MotionEvent.ACTION_MOVE processMiuiGestures
06-05 18:30:04.520  3068  3289 D GesturesBackController: mSwipeStatus != SWIPE_STATUS_ANIMATING, processPointerEvent
06-05 18:30:04.532  1582 11723 I OMX-VDEC-1080P: set_frame_rate: the current time is 183004
06-05 18:30:04.536  3068  3289 D GesturesBackController: onPointerEvent swipeStatus:2
06-05 18:30:04.537  3068  3289 D GesturesBackController: onPointerEvent MotionEvent.ACTION_MOVE processMiuiGestures
06-05 18:30:04.537  3068  3289 D GesturesBackController: mSwipeStatus != SWIPE_STATUS_ANIMATING, processPointerEvent
06-05 18:30:04.553  3068  3289 D GesturesBackController: onPointerEvent swipeStatus:2
06-05 18:30:04.553  3068  3289 D GesturesBackController: onPointerEvent MotionEvent.ACTION_MOVE processMiuiGestures
06-05 18:30:04.553  3068  3289 D GesturesBackController: mSwipeStatus != SWIPE_STATUS_ANIMATING, processPointerEvent
06-05 18:30:04.566  1582 11723 I OMX-VDEC-1080P: set_frame_rate: the current time is 183004
06-05 18:30:04.569  3068  3289 D GesturesBackController: onPointerEvent swipeStatus:2
06-05 18:30:04.569  3068  3289 D GesturesBackController: onPointerEvent MotionEvent.ACTION_MOVE processMiuiGestures
06-05 18:30:04.569  3068  3289 D GesturesBackController: mSwipeStatus != SWIPE_STATUS_ANIMATING, processPointerEvent
06-05 18:30:04.586  3068  3289 D GesturesBackController: onPointerEvent swipeStatus:2
06-05 18:30:04.586  3068  3289 D GesturesBackController: onPointerEvent MotionEvent.ACTION_MOVE processMiuiGestures
06-05 18:30:04.587  3068  3289 D GesturesBackController: mSwipeStatus != SWIPE_STATUS_ANIMATING, processPointerEvent
06-05 18:30:04.599  1582 11723 I OMX-VDEC-1080P: set_frame_rate: the current time is 183004
06-05 18:30:04.602  3068  3289 D GesturesBackController: onPointerEvent swipeStatus:2
06-05 18:30:04.603  3068  3289 D GesturesBackController: onPointerEvent MotionEvent.ACTION_MOVE processMiuiGestures
06-05 18:30:04.603  3068  3289 D GesturesBackController: mSwipeStatus != SWIPE_STATUS_ANIMATING, processPointerEvent
06-05 18:30:04.619  3068  3289 D GesturesBackController: onPointerEvent swipeStatus:2
06-05 18:30:04.619  3068  3289 D GesturesBackController: onPointerEvent MotionEvent.ACTION_MOVE processMiuiGestures
06-05 18:30:04.619  3068  3289 D GesturesBackController: mSwipeStatus != SWIPE_STATUS_ANIMATING, processPointerEvent
06-05 18:30:04.632  1582 11723 I OMX-VDEC-1080P: set_frame_rate: the current time is 183004
06-05 18:30:04.636  3068  3289 D GesturesBackController: onPointerEvent swipeStatus:2
06-05 18:30:04.636  3068  3289 D GesturesBackController: onPointerEvent MotionEvent.ACTION_MOVE processMiuiGestures
06-05 18:30:04.636  3068  3289 D GesturesBackController: mSwipeStatus != SWIPE_STATUS_ANIMATING, processPointerEvent
06-05 18:30:04.652  3068  3289 D GesturesBackController: onPointerEvent swipeStatus:2
06-05 18:30:04.652  3068  3289 D GesturesBackController: onPointerEvent MotionEvent.ACTION_MOVE processMiuiGestures
06-05 18:30:04.652  3068  3289 D GesturesBackController: mSwipeStatus != SWIPE_STATUS_ANIMATING, processPointerEvent
06-05 18:30:04.666  1582 11723 I OMX-VDEC-1080P: set_frame_rate: the current time is 183004
06-05 18:30:04.669  3068  3289 D GesturesBackController: onPointerEvent swipeStatus:2
06-05 18:30:04.669  3068  3289 D GesturesBackController: onPointerEvent MotionEvent.ACTION_MOVE processMiuiGestures
06-05 18:30:04.670  3068  3289 D GesturesBackController: mSwipeStatus != SWIPE_STATUS_ANIMATING, processPointerEvent
06-05 18:30:04.685  3068  3289 D GesturesBackController: onPointerEvent swipeStatus:2
06-05 18:30:04.685  3068  3289 D GesturesBackController: onPointerEvent MotionEvent.ACTION_MOVE processMiuiGestures
06-05 18:30:04.685  3068  3289 D GesturesBackController: mSwipeStatus != SWIPE_STATUS_ANIMATING, processPointerEvent
06-05 18:30:04.700  1582 11723 I OMX-VDEC-1080P: set_frame_rate: the current time is 183004
06-05 18:30:04.702  3068  3289 D GesturesBackController: onPointerEvent swipeStatus:2
06-05 18:30:04.702  3068  3289 D GesturesBackController: onPointerEvent MotionEvent.ACTION_MOVE processMiuiGestures
06-05 18:30:04.702  3068  3289 D GesturesBackController: mSwipeStatus != SWIPE_STATUS_ANIMATING, processPointerEvent
06-05 18:30:04.718  3068  3289 D GesturesBackController: onPointerEvent swipeStatus:2
06-05 18:30:04.718  3068  3289 D GesturesBackController: onPointerEvent MotionEvent.ACTION_MOVE processMiuiGestures
06-05 18:30:04.718  3068  3289 D GesturesBackController: mSwipeStatus != SWIPE_STATUS_ANIMATING, processPointerEvent
06-05 18:30:04.733  1582 11723 I OMX-VDEC-1080P: set_frame_rate: the current time is 183004
06-05 18:30:04.735  3068  3289 D GesturesBackController: onPointerEvent swipeStatus:2
06-05 18:30:04.735  3068  3289 D GesturesBackController: onPointerEvent MotionEvent.ACTION_MOVE processMiuiGestures
06-05 18:30:04.735  3068  3289 D GesturesBackController: mSwipeStatus != SWIPE_STATUS_ANIMATING, processPointerEvent
06-05 18:30:04.766  1582 11723 I OMX-VDEC-1080P: set_frame_rate: the current time is 183004
06-05 18:30:04.768  3068  3289 D GesturesBackController: onPointerEvent swipeStatus:2
06-05 18:30:04.768  3068  3289 D GesturesBackController: onPointerEvent MotionEvent.ACTION_MOVE processMiuiGestures
06-05 18:30:04.769  3068  3289 D GesturesBackController: mSwipeStatus != SWIPE_STATUS_ANIMATING, processPointerEvent
06-05 18:30:04.784  3068  3289 D GesturesBackController: onPointerEvent swipeStatus:2
06-05 18:30:04.784  3068  3289 D GesturesBackController: onPointerEvent MotionEvent.ACTION_MOVE processMiuiGestures
06-05 18:30:04.785  3068  3289 D GesturesBackController: mSwipeStatus != SWIPE_STATUS_ANIMATING, processPointerEvent
06-05 18:30:04.799  1582 11723 I OMX-VDEC-1080P: set_frame_rate: the current time is 183004
06-05 18:30:04.817  3068  3289 D GesturesBackController: onPointerEvent swipeStatus:2
06-05 18:30:04.817  3068  3289 D GesturesBackController: onPointerEvent MotionEvent.ACTION_MOVE processMiuiGestures
06-05 18:30:04.818  3068  3289 D GesturesBackController: mSwipeStatus != SWIPE_STATUS_ANIMATING, processPointerEvent
06-05 18:30:04.832  1582 11723 I OMX-VDEC-1080P: set_frame_rate: the current time is 183004
06-05 18:30:04.834  3068  3289 D GesturesBackController: onPointerEvent swipeStatus:2
06-05 18:30:04.834  3068  3289 D GesturesBackController: onPointerEvent MotionEvent.ACTION_MOVE processMiuiGestures
06-05 18:30:04.834  3068  3289 D GesturesBackController: mSwipeStatus != SWIPE_STATUS_ANIMATING, processPointerEvent
06-05 18:30:04.851  3068  3289 D GesturesBackController: onPointerEvent swipeStatus:2
06-05 18:30:04.851  3068  3289 D GesturesBackController: onPointerEvent MotionEvent.ACTION_MOVE processMiuiGestures
06-05 18:30:04.851  3068  3289 D GesturesBackController: mSwipeStatus != SWIPE_STATUS_ANIMATING, processPointerEvent
06-05 18:30:04.867  1582 11723 I OMX-VDEC-1080P: set_frame_rate: the current time is 183004
06-05 18:30:04.867  3068  3289 D GesturesBackController: onPointerEvent swipeStatus:2
06-05 18:30:04.867  3068  3289 D GesturesBackController: onPointerEvent MotionEvent.ACTION_MOVE processMiuiGestures
06-05 18:30:04.867  3068  3289 D GesturesBackController: mSwipeStatus != SWIPE_STATUS_ANIMATING, processPointerEvent
06-05 18:30:04.883  3068  3289 D GesturesBackController: onPointerEvent swipeStatus:2
06-05 18:30:04.883  3068  3289 D GesturesBackController: onPointerEvent MotionEvent.ACTION_MOVE processMiuiGestures
06-05 18:30:04.884  3068  3289 D GesturesBackController: mSwipeStatus != SWIPE_STATUS_ANIMATING, processPointerEvent
06-05 18:30:04.900  3068  3289 D GesturesBackController: onPointerEvent swipeStatus:2
06-05 18:30:04.900  3068  3289 D GesturesBackController: onPointerEvent MotionEvent.ACTION_MOVE processMiuiGestures
06-05 18:30:04.901  3068  3289 D GesturesBackController: mSwipeStatus != SWIPE_STATUS_ANIMATING, processPointerEvent
06-05 18:30:04.902  1582 11723 I OMX-VDEC-1080P: set_frame_rate: the current time is 183004
06-05 18:30:04.917  3068  3289 D GesturesBackController: onPointerEvent swipeStatus:2
06-05 18:30:04.917  3068  3289 D GesturesBackController: onPointerEvent MotionEvent.ACTION_MOVE processMiuiGestures
06-05 18:30:04.917  3068  3289 D GesturesBackController: mSwipeStatus != SWIPE_STATUS_ANIMATING, processPointerEvent
06-05 18:30:04.932  1582 11723 I OMX-VDEC-1080P: set_frame_rate: the current time is 183004
06-05 18:30:04.967  1582 11723 I OMX-VDEC-1080P: set_frame_rate: the current time is 183004
06-05 18:30:05.000  3068  3289 D GesturesBackController: onPointerEvent swipeStatus:2
06-05 18:30:05.000  3068  3289 D GesturesBackController: onPointerEvent MotionEvent.ACTION_MOVE processMiuiGestures
06-05 18:30:05.000  1582 11723 I OMX-VDEC-1080P: set_frame_rate: the current time is 183005
06-05 18:30:05.001  3068  3289 D GesturesBackController: mSwipeStatus != SWIPE_STATUS_ANIMATING, processPointerEvent
06-05 18:30:05.033  1582 11723 I OMX-VDEC-1080P: set_frame_rate: the current time is 183005
06-05 18:30:05.033  3068  3289 D GesturesBackController: onPointerEvent swipeStatus:2
06-05 18:30:05.033  3068  3289 D GesturesBackController: onPointerEvent MotionEvent.ACTION_MOVE processMiuiGestures
06-05 18:30:05.033  3068  3289 D GesturesBackController: mSwipeStatus != SWIPE_STATUS_ANIMATING, processPointerEvent
06-05 18:30:05.048  3068  3289 D GesturesBackController: onPointerEvent swipeStatus:2
06-05 18:30:05.048  3068  3289 D GesturesBackController: onPointerEvent MotionEvent.ACTION_MOVE processMiuiGestures
06-05 18:30:05.049  3068  3289 D GesturesBackController: mSwipeStatus != SWIPE_STATUS_ANIMATING, processPointerEvent
06-05 18:30:05.068  1582 11723 I OMX-VDEC-1080P: set_frame_rate: the current time is 183005
06-05 18:30:05.100  1582 11723 I OMX-VDEC-1080P: set_frame_rate: the current time is 183005
06-05 18:30:05.133  1582 11723 I OMX-VDEC-1080P: set_frame_rate: the current time is 183005
06-05 18:30:05.167  1582 11723 I OMX-VDEC-1080P: set_frame_rate: the current time is 183005
06-05 18:30:05.200  1582 11723 I OMX-VDEC-1080P: set_frame_rate: the current time is 183005
06-05 18:30:05.233  1582 11723 I OMX-VDEC-1080P: set_frame_rate: the current time is 183005
06-05 18:30:05.267  1582 11723 I OMX-VDEC-1080P: set_frame_rate: the current time is 183005
06-05 18:30:05.300  1582 11723 I OMX-VDEC-1080P: set_frame_rate: the current time is 183005
06-05 18:30:05.332  1582 11723 I OMX-VDEC-1080P: set_frame_rate: the current time is 183005
06-05 18:30:05.367  1582 11723 I OMX-VDEC-1080P: set_frame_rate: the current time is 183005
06-05 18:30:05.399  1582 11723 I OMX-VDEC-1080P: set_frame_rate: the current time is 183005
06-05 18:30:05.432  1582 11723 I OMX-VDEC-1080P: set_frame_rate: the current time is 183005
06-05 18:30:05.467  1582 11723 I OMX-VDEC-1080P: set_frame_rate: the current time is 183005
06-05 18:30:05.499  1582 11723 I OMX-VDEC-1080P: set_frame_rate: the current time is 183005
06-05 18:30:05.532  1582 11723 I OMX-VDEC-1080P: set_frame_rate: the current time is 183005
06-05 18:30:05.566  1582 11723 I OMX-VDEC-1080P: set_frame_rate: the current time is 183005
06-05 18:30:05.599  1582 11723 I OMX-VDEC-1080P: set_frame_rate: the current time is 183005
06-05 18:30:05.633  1582 11723 I OMX-VDEC-1080P: set_frame_rate: the current time is 183005
06-05 18:30:05.666  1582 11723 I OMX-VDEC-1080P: set_frame_rate: the current time is 183005
06-05 18:30:05.702  1582 11723 I OMX-VDEC-1080P: set_frame_rate: the current time is 183005
06-05 18:30:05.733  1582 11723 I OMX-VDEC-1080P: set_frame_rate: the current time is 183005
06-05 18:30:05.767  1582 11723 I OMX-VDEC-1080P: set_frame_rate: the current time is 183005
06-05 18:30:05.800  1582 11723 I OMX-VDEC-1080P: set_frame_rate: the current time is 183005
06-05 18:30:05.832  1582 11723 I OMX-VDEC-1080P: set_frame_rate: the current time is 183005
06-05 18:30:05.867  1582 11723 I OMX-VDEC-1080P: set_frame_rate: the current time is 183005
06-05 18:30:05.900  1582 11723 I OMX-VDEC-1080P: set_frame_rate: the current time is 183005
06-05 18:30:05.932  1582 11723 I OMX-VDEC-1080P: set_frame_rate: the current time is 183005
06-05 18:30:05.941  3068  3289 D GesturesBackController: onPointerEvent swipeStatus:2
06-05 18:30:05.941  3068  3289 D GesturesBackController: onPointerEvent MotionEvent.ACTION_MOVE processMiuiGestures
06-05 18:30:05.941  3068  3289 D GesturesBackController: mSwipeStatus != SWIPE_STATUS_ANIMATING, processPointerEvent
06-05 18:30:05.957  3068  3289 D GesturesBackController: onPointerEvent swipeStatus:2
06-05 18:30:05.957  3068  3289 D GesturesBackController: onPointerEvent MotionEvent.ACTION_MOVE processMiuiGestures
06-05 18:30:05.958  3068  3289 D GesturesBackController: mSwipeStatus != SWIPE_STATUS_ANIMATING, processPointerEvent
06-05 18:30:05.967  1582 11723 I OMX-VDEC-1080P: set_frame_rate: the current time is 183005
06-05 18:30:05.974  3068  3289 D GesturesBackController: onPointerEvent swipeStatus:2
06-05 18:30:05.974  3068  3289 D GesturesBackController: onPointerEvent MotionEvent.ACTION_MOVE processMiuiGestures
06-05 18:30:05.974  3068  3289 D GesturesBackController: mSwipeStatus != SWIPE_STATUS_ANIMATING, processPointerEvent
06-05 18:30:05.990  3068  3289 D GesturesBackController: onPointerEvent swipeStatus:2
06-05 18:30:05.990  3068  3289 D GesturesBackController: onPointerEvent MotionEvent.ACTION_MOVE processMiuiGestures
06-05 18:30:05.991  3068  3289 D GesturesBackController: mSwipeStatus != SWIPE_STATUS_ANIMATING, processPointerEvent
06-05 18:30:06.000  1582 11723 I OMX-VDEC-1080P: set_frame_rate: the current time is 183006
06-05 18:30:06.007  3068  3289 D GesturesBackController: onPointerEvent swipeStatus:2
06-05 18:30:06.007  3068  3289 D GesturesBackController: onPointerEvent MotionEvent.ACTION_MOVE processMiuiGestures
06-05 18:30:06.007  3068  3289 D GesturesBackController: mSwipeStatus != SWIPE_STATUS_ANIMATING, processPointerEvent
06-05 18:30:06.023  3068  3289 D GesturesBackController: onPointerEvent swipeStatus:2
06-05 18:30:06.023  3068  3289 D GesturesBackController: onPointerEvent MotionEvent.ACTION_MOVE processMiuiGestures
06-05 18:30:06.023  3068  3289 D GesturesBackController: mSwipeStatus != SWIPE_STATUS_ANIMATING, processPointerEvent
06-05 18:30:06.033  1582 11723 I OMX-VDEC-1080P: set_frame_rate: the current time is 183006
06-05 18:30:06.040  3068  3289 D GesturesBackController: onPointerEvent swipeStatus:2
06-05 18:30:06.040  3068  3289 D GesturesBackController: onPointerEvent MotionEvent.ACTION_MOVE processMiuiGestures
06-05 18:30:06.040  3068  3289 D GesturesBackController: mSwipeStatus != SWIPE_STATUS_ANIMATING, processPointerEvent
06-05 18:30:06.057  3068  3289 D GesturesBackController: onPointerEvent swipeStatus:2
06-05 18:30:06.057  3068  3289 D GesturesBackController: onPointerEvent MotionEvent.ACTION_MOVE processMiuiGestures
06-05 18:30:06.058  3068  3289 D GesturesBackController: mSwipeStatus != SWIPE_STATUS_ANIMATING, processPointerEvent
06-05 18:30:06.067  1582 11723 I OMX-VDEC-1080P: set_frame_rate: the current time is 183006
06-05 18:30:06.073  3068  3289 D GesturesBackController: onPointerEvent swipeStatus:2
06-05 18:30:06.073  3068  3289 D GesturesBackController: onPointerEvent MotionEvent.ACTION_MOVE processMiuiGestures
06-05 18:30:06.073  3068  3289 D GesturesBackController: mSwipeStatus != SWIPE_STATUS_ANIMATING, processPointerEvent
06-05 18:30:06.089  3068  3289 D GesturesBackController: onPointerEvent swipeStatus:2
06-05 18:30:06.090  3068  3289 D GesturesBackController: onPointerEvent MotionEvent.ACTION_MOVE processMiuiGestures
06-05 18:30:06.090  3068  3289 D GesturesBackController: mSwipeStatus != SWIPE_STATUS_ANIMATING, processPointerEvent
06-05 18:30:06.101  1582 11723 I OMX-VDEC-1080P: set_frame_rate: the current time is 183006
06-05 18:30:06.106  3068  3289 D GesturesBackController: onPointerEvent swipeStatus:2
06-05 18:30:06.106  3068  3289 D GesturesBackController: onPointerEvent MotionEvent.ACTION_MOVE processMiuiGestures
06-05 18:30:06.106  3068  3289 D GesturesBackController: mSwipeStatus != SWIPE_STATUS_ANIMATING, processPointerEvent
06-05 18:30:06.123  3068  3289 D GesturesBackController: onPointerEvent swipeStatus:2
06-05 18:30:06.123  3068  3289 D GesturesBackController: onPointerEvent MotionEvent.ACTION_MOVE processMiuiGestures
06-05 18:30:06.123  3068  3289 D GesturesBackController: mSwipeStatus != SWIPE_STATUS_ANIMATING, processPointerEvent
06-05 18:30:06.134  1582 11723 I OMX-VDEC-1080P: set_frame_rate: the current time is 183006
06-05 18:30:06.139  3068  3289 D GesturesBackController: onPointerEvent swipeStatus:2
06-05 18:30:06.139  3068  3289 D GesturesBackController: onPointerEvent MotionEvent.ACTION_MOVE processMiuiGestures
06-05 18:30:06.139  3068  3289 D GesturesBackController: mSwipeStatus != SWIPE_STATUS_ANIMATING, processPointerEvent
06-05 18:30:06.155  3068  3289 D GesturesBackController: onPointerEvent swipeStatus:2
06-05 18:30:06.155  3068  3289 D GesturesBackController: onPointerEvent MotionEvent.ACTION_MOVE processMiuiGestures
06-05 18:30:06.156  3068  3289 D GesturesBackController: mSwipeStatus != SWIPE_STATUS_ANIMATING, processPointerEvent
06-05 18:30:06.166  1582 11723 I OMX-VDEC-1080P: set_frame_rate: the current time is 183006
06-05 18:30:06.172  3068  3289 D GesturesBackController: onPointerEvent swipeStatus:2
06-05 18:30:06.172  3068  3289 D GesturesBackController: onPointerEvent MotionEvent.ACTION_MOVE processMiuiGestures
06-05 18:30:06.172  3068  3289 D GesturesBackController: mSwipeStatus != SWIPE_STATUS_ANIMATING, processPointerEvent
06-05 18:30:06.189  3068  3289 D GesturesBackController: onPointerEvent swipeStatus:2
06-05 18:30:06.189  3068  3289 D GesturesBackController: onPointerEvent MotionEvent.ACTION_MOVE processMiuiGestures
06-05 18:30:06.189  3068  3289 D GesturesBackController: mSwipeStatus != SWIPE_STATUS_ANIMATING, processPointerEvent
06-05 18:30:06.199  1582 11723 I OMX-VDEC-1080P: set_frame_rate: the current time is 183006
06-05 18:30:06.206  3068  3289 D GesturesBackController: onPointerEvent swipeStatus:2
06-05 18:30:06.207  3068  3289 D GesturesBackController: onPointerEvent MotionEvent.ACTION_MOVE processMiuiGestures
06-05 18:30:06.207  3068  3289 D GesturesBackController: mSwipeStatus != SWIPE_STATUS_ANIMATING, processPointerEvent
06-05 18:30:06.211  1850  2553 D MIUIInput: [MotionEvent] publisher action=0x1, 5594258, channel 'ef046aa GestureStubBottom (server)'
06-05 18:30:06.212  3068  3289 D GesturesBackController: onPointerEvent swipeStatus:2
06-05 18:30:06.212  3068  3289 D GesturesBackController: onPointerEvent MotionEvent.ACTION_MOVE processMiuiGestures
06-05 18:30:06.212  3068  3289 D GesturesBackController: mSwipeStatus != SWIPE_STATUS_ANIMATING, processPointerEvent
06-05 18:30:06.212  1850  1941 D PerfImpl: perfGetWorkLoadType
06-05 18:30:06.213  3068  3289 D GestureStubView: ACTION_UP: mIsGestureStarted: true mIsGestureAnimationEnabled: true
06-05 18:30:06.213  3068  3289 D GesturesBackController: onPointerEvent swipeStatus:2
06-05 18:30:06.213  1034  1034 E vendor.qti.hardware.perf@2.2-service: Unknown params
06-05 18:30:06.213  3068  3289 D GestureStubView: onSwipeStop
06-05 18:30:06.213  1034  1034 I ANDR-PERF-LM: LMPerfGlue: perfmodule_submit_request() 132: perfmodule_submit_request()
06-05 18:30:06.213  1034  1034 I ANDR-PERF-LM: Core: getInstance() 84: LM getInstance
06-05 18:30:06.213  1034  1034 D ANDR-PERF-LM: Feature: lookup() 101: Feature Name = AppClassifier, total featuers = 3, featureFound = 1
06-05 18:30:06.213  3068  3289 D GestureStubView: injectKeyEvent keyCode:4
06-05 18:30:06.213  1034  1034 D ANDR-PERF-LM: Feature: getData() 112: data.data = 1
06-05 18:30:06.213  1034  1034 I ANDR-PERF-LM: FeedbackAPI: getFeedback() 60: app:com.ss.android.ugc.trill feature:AppClassifier feedback = 1
06-05 18:30:06.213  1850  1941 D PerfImpl: perfScrollBoost: com.ss.android.ugc.trill, -1, 4
06-05 18:30:06.213  1034  1034 E vendor.qti.hardware.perf@2.2-service: Unknown params
06-05 18:30:06.213  1034  1034 I ANDR-PERF-LM: LMPerfGlue: perfmodule_submit_request() 132: perfmodule_submit_request()
06-05 18:30:06.213  1034  1034 I ANDR-PERF-LM: Core: getInstance() 84: LM getInstance
06-05 18:30:06.213  1034  1034 I ANDR-PERF-LM: WQ: push() 59: LMTriggerQ push() size=0
06-05 18:30:06.213  1034  1034 I ANDR-PERF-LM: WQ: push() 61: LMTriggerQ push() done size=1
06-05 18:30:06.213  1034  1092 I ANDR-PERF-LM: WQ: pop() 42: LMTriggerQ pop() done size=0
06-05 18:30:06.213  1034  1092 I ANDR-PERF-LM: Core: lmMain() 373: Waiting on trigger Queue
06-05 18:30:06.213  1034  1092 I ANDR-PERF-LM: WQ: pop() 31: LMTriggerQ pop() size=0
06-05 18:30:06.213  1850  1941 D PerfImpl: perfGetWorkLoadType
06-05 18:30:06.214  1034  1034 E vendor.qti.hardware.perf@2.2-service: Unknown params
06-05 18:30:06.214  1034  1034 I ANDR-PERF-LM: LMPerfGlue: perfmodule_submit_request() 132: perfmodule_submit_request()
06-05 18:30:06.214  1034  1034 I ANDR-PERF-LM: Core: getInstance() 84: LM getInstance
06-05 18:30:06.214  1034  1034 D ANDR-PERF-LM: Feature: lookup() 101: Feature Name = AppClassifier, total featuers = 3, featureFound = 1
06-05 18:30:06.214  1034  1034 D ANDR-PERF-LM: Feature: getData() 112: data.data = 1
06-05 18:30:06.214  1034  1034 I ANDR-PERF-LM: FeedbackAPI: getFeedback() 60: app:com.ss.android.ugc.trill feature:AppClassifier feedback = 1
06-05 18:30:06.214  1850  1941 D PerfImpl: perfLockRelease
06-05 18:30:06.214  1850  5453 D MIUIInput: Input event injection from pid 3068, KeyEvent:DOWN, keycode:4
06-05 18:30:06.215  1850  1941 W ActivityManager: Sending non-protected broadcast miui.intent.KEYCODE_BACK from system 1850:system/1000 pkg android. Callers=com.android.server.am.ActivityManagerService.broadcastIntentLocked:13705 com.android.server.am.ActivityManagerService.broadcastIntentLocked:13116 com.android.server.am.ActivityManagerService.broadcastIntentWithFeature:13962 android.app.ContextImpl.sendBroadcastAsUser:1400 com.android.server.policy.BaseMiuiPhoneWindowManager$15.run:2453
06-05 18:30:06.215  1850  1941 W ActivityManager: Sending non-protected broadcast miui.intent.KEYCODE_BACK from system 1850:system/1000 pkg android. Callers=com.android.server.am.ActivityManagerService.broadcastIntentLocked:13804 com.android.server.am.ActivityManagerService.broadcastIntentLocked:13116 com.android.server.am.ActivityManagerService.broadcastIntentWithFeature:13962 android.app.ContextImpl.sendBroadcastAsUser:1400 com.android.server.policy.BaseMiuiPhoneWindowManager$15.run:2453
06-05 18:30:06.215  1850  1908 D MIUIInput: Input event injection from pid 3068, KeyEvent:UP, keycode:4
06-05 18:30:06.216  3068  3289 D GesturesBackController: onPointerEvent MotionEvent.ACTION_UP stopGestures isFinish:true speed:0
06-05 18:30:06.216  3068  3289 D GesturesBackController: mSwipeStatus != SWIPE_STATUS_ANIMATING, processPointerEvent
06-05 18:30:06.216  1850  1941 W ActivityManager: Sending non-protected broadcast miui.intent.KEYCODE_BACK from system 1850:system/1000 pkg android. Callers=com.android.server.am.ActivityManagerService.broadcastIntentLocked:13705 com.android.server.am.ActivityManagerService.broadcastIntentLocked:13116 com.android.server.am.ActivityManagerService.broadcastIntentWithFeature:13962 android.app.ContextImpl.sendBroadcastAsUser:1400 com.android.server.policy.BaseMiuiPhoneWindowManager$15.run:2453
06-05 18:30:06.216  1850  2553 D MIUIInput: [KeyEvent] publisher action:0x0,  keyCode:4 , 5594260,channel 'f66205e com.ss.android.ugc.trill/com.ss.android.ugc.aweme.splash.SplashActivity (server)'
06-05 18:30:06.216  1850  1941 W ActivityManager: Sending non-protected broadcast miui.intent.KEYCODE_BACK from system 1850:system/1000 pkg android. Callers=com.android.server.am.ActivityManagerService.broadcastIntentLocked:13804 com.android.server.am.ActivityManagerService.broadcastIntentLocked:13116 com.android.server.am.ActivityManagerService.broadcastIntentWithFeature:13962 android.app.ContextImpl.sendBroadcastAsUser:1400 com.android.server.policy.BaseMiuiPhoneWindowManager$15.run:2453
06-05 18:30:06.216 18541 18541 D MIUIInput: [KeyEvent] ViewRootImpl KeyEvent { action=ACTION_DOWN, keyCode=KEYCODE_BACK, scanCode=0, metaState=0, flags=0x8, repeatCount=0, eventTime=5594260, downTime=5594260, deviceId=-1, source=0x101, displayId=-1 }
06-05 18:30:06.218  1850  2553 D MIUIInput: [KeyEvent] publisher action:0x1,  keyCode:4 , 5594260,channel 'f66205e com.ss.android.ugc.trill/com.ss.android.ugc.aweme.splash.SplashActivity (server)'
06-05 18:30:06.218 18541 18541 D MIUIInput: [KeyEvent] ViewRootImpl KeyEvent { action=ACTION_UP, keyCode=KEYCODE_BACK, scanCode=0, metaState=0, flags=0x8, repeatCount=0, eventTime=5594260, downTime=5594260, deviceId=-1, source=0x101, displayId=-1 }
06-05 18:30:06.218  3068  3130 I HapticFeedbackUtil: 8,2
06-05 18:30:06.221  1075  1075 D vendor.hardware.vibratorfeature: Vibrator perform effect 8
06-05 18:30:06.221  1075  1075 D vendor.hardware.vibratorfeature: uses mCurrMagnitudeExt 1.000000
06-05 18:30:06.221  1075  1075 D vendor.hardware.vibratorfeature: getAmplitudeFromEffectStrength 1.000000
06-05 18:30:06.221  1075  1075 D vendor.hardware.vibratorfeature: return from driver is 20
06-05 18:30:06.221  1075  1075 D vendor.hardware.vibratorfeature: playLengthMs is 70
06-05 18:30:06.221  1075 11757 D vendor.hardware.vibratorfeature: Starting perform on another thread
06-05 18:30:06.227 18541 18541 D DecorView[]: getWindowModeFromSystem  windowmode is 1
06-05 18:30:06.236  1582 11723 I OMX-VDEC-1080P: set_frame_rate: the current time is 183006
06-05 18:30:06.267  1582 11723 I OMX-VDEC-1080P: set_frame_rate: the current time is 183006
06-05 18:30:06.267  1582 11723 I OMX-VDEC-1080P: set_frame_rate: the current time is 183006
06-05 18:30:06.267  1582 11723 I OMX-VDEC-1080P: set_frame_rate: the current time is 183006
06-05 18:30:06.292  1075 11757 D vendor.hardware.vibratorfeature: Notifying perform complete
06-05 18:30:06.292  1075  1075 D vendor.hardware.vibratorfeature: QTI Vibrator off
06-05 18:30:06.292  1075  1075 D DynamicEffectThread: pause
06-05 18:30:06.292  1075  1075 D DynamicEffectDevice: FFDevice pause
06-05 18:30:06.330  6316  6316 I BatteryInfoReceiver: ACTION_BATTERY_CHANGED
06-05 18:30:06.330  2999  2999 D DynamicService:  ACTION_BATTERY_CHANGED change,USB plug = 2
06-05 18:30:06.332  7552  7931 D ThermalIECHandler: storeDataStyle: thermal_iec_monitor_persistence_data_style_iec_state; startIECTime: -1; IECScreenOffOverPeriodTime: -1
06-05 18:30:06.334  7552  7857 D PowerCheckerService: onBatteryChanged, mBatteryLevel = 56, status = 2, level = 56, plug = 2, scale = 100
06-05 18:30:06.334  2992  2992 V DeviceStatisticsService: chargerType=2 batteryLevel=56 totalBatteryCapacity=4256000
06-05 18:30:06.334  2992  2992 D DeviceInfoHidlClient: isRadioOn()=true
06-05 18:30:06.334  2992  2992 I DeviceInfoHidlClient: isPowerInfoNeverSent=false batteryLevel=56 batteryLevelIndex=2 chargingMode=2 totalCapacity=4256000 powerSaveMode=false
06-05 18:30:06.334  7552  7645 D PowerKeeper.Thermal: mBatteryTemperature: 40
06-05 18:30:06.338  3068  3289 D GestureStubView: resetRenderProperty: onAnimationEnd
06-05 18:30:06.344  3068  3289 D GestureStubView: gatherTransparentRegion: need render w:54  h:1440
06-05 18:30:06.354  3068  3289 D GestureStubView: gatherTransparentRegion: need render w:54  h:1440
06-05 18:30:06.356  1113  1113 D CompositionEngine: writeOutputDependentGeometryStateToHWC layer[com.ss.android.ugc.trill/com.ss.android.ugc.aweme.splash.SplashActivity#0] set Z 134217728 miFodLayer 0x8000000
06-05 18:30:06.356  1113  1113 D CompositionEngine: writeOutputDependentGeometryStateToHWC layer[com.miui.securitycenter/.FloatingWindow#0] set Z 134217729 miFodLayer 0x8000000
06-05 18:30:06.356  1113  1113 D CompositionEngine: writeOutputDependentGeometryStateToHWC layer[StatusBar#0] set Z 134217730 miFodLayer 0x8000000
06-05 18:30:06.356  1113  1113 D CompositionEngine: writeOutputDependentGeometryStateToHWC layer[RoundCornerTop#0] set Z 134217731 miFodLayer 0x8000000
06-05 18:30:06.356  1113  1113 D CompositionEngine: writeOutputDependentGeometryStateToHWC layer[RoundCornerBottom#0] set Z 134217732 miFodLayer 0x8000000
06-05 18:30:06.366  1582 11723 I OMX-VDEC-1080P: set_frame_rate: the current time is 183006
06-05 18:30:06.399  1582 11723 I OMX-VDEC-1080P: set_frame_rate: the current time is 183006
06-05 18:30:06.433  1582 11723 I OMX-VDEC-1080P: set_frame_rate: the current time is 183006
06-05 18:30:06.467  1582 11723 I OMX-VDEC-1080P: set_frame_rate: the current time is 183006
06-05 18:30:06.478  1850  2553 D MIUIInput: [MotionEvent] publisher action=0x4, 5594525, channel 'c058ab6 com.miui.securitycenter (server)'
06-05 18:30:06.478  1850  2553 D MIUIInput: [MotionEvent] publisher action=0x0, 5594525, channel 'f66205e com.ss.android.ugc.trill/com.ss.android.ugc.aweme.splash.SplashActivity (server)'
06-05 18:30:06.479  7693  7693 I GameBoxTouchListener: onTouch: 	mAdded=false	isLeftShowtrue
06-05 18:30:06.500  1582 11723 I OMX-VDEC-1080P: set_frame_rate: the current time is 183006
06-05 18:30:06.523  1850  1941 D PerfImpl: perfGetWorkLoadType
06-05 18:30:06.523  1034  1034 E vendor.qti.hardware.perf@2.2-service: Unknown params
06-05 18:30:06.523  1034  1034 I ANDR-PERF-LM: LMPerfGlue: perfmodule_submit_request() 132: perfmodule_submit_request()
06-05 18:30:06.523  1034  1034 I ANDR-PERF-LM: Core: getInstance() 84: LM getInstance
06-05 18:30:06.523  1034  1034 D ANDR-PERF-LM: Feature: lookup() 101: Feature Name = AppClassifier, total featuers = 3, featureFound = 1
06-05 18:30:06.524  1034  1034 D ANDR-PERF-LM: Feature: getData() 112: data.data = 1
06-05 18:30:06.524  1034  1034 I ANDR-PERF-LM: FeedbackAPI: getFeedback() 60: app:com.ss.android.ugc.trill feature:AppClassifier feedback = 1
06-05 18:30:06.524  1850  1941 D PerfImpl: perfScrollBoost: com.ss.android.ugc.trill, -1, 4
06-05 18:30:06.524  1034  1034 E vendor.qti.hardware.perf@2.2-service: Unknown params
06-05 18:30:06.524  1034  1034 I ANDR-PERF-LM: LMPerfGlue: perfmodule_submit_request() 132: perfmodule_submit_request()
06-05 18:30:06.524  1034  1034 I ANDR-PERF-LM: Core: getInstance() 84: LM getInstance
06-05 18:30:06.524  1034  1034 I ANDR-PERF-LM: WQ: push() 59: LMTriggerQ push() size=0
06-05 18:30:06.525  1034  1034 I ANDR-PERF-LM: WQ: push() 61: LMTriggerQ push() done size=1
06-05 18:30:06.525  1034  1092 I ANDR-PERF-LM: WQ: pop() 42: LMTriggerQ pop() done size=0
06-05 18:30:06.525  1034  1092 I ANDR-PERF-LM: Core: lmMain() 373: Waiting on trigger Queue
06-05 18:30:06.525  1034  1092 I ANDR-PERF-LM: WQ: pop() 31: LMTriggerQ pop() size=0
06-05 18:30:06.525  1850  1941 D PerfImpl: perfGetWorkLoadType
06-05 18:30:06.525  1034  1034 E vendor.qti.hardware.perf@2.2-service: Unknown params
06-05 18:30:06.525  1034  1034 I ANDR-PERF-LM: LMPerfGlue: perfmodule_submit_request() 132: perfmodule_submit_request()
06-05 18:30:06.525  1034  1034 I ANDR-PERF-LM: Core: getInstance() 84: LM getInstance
06-05 18:30:06.525  1034  1034 D ANDR-PERF-LM: Feature: lookup() 101: Feature Name = AppClassifier, total featuers = 3, featureFound = 1
06-05 18:30:06.525  1034  1034 D ANDR-PERF-LM: Feature: getData() 112: data.data = 1
06-05 18:30:06.525  1034  1034 I ANDR-PERF-LM: FeedbackAPI: getFeedback() 60: app:com.ss.android.ugc.trill feature:AppClassifier feedback = 1
06-05 18:30:06.525  1850  1941 D PerfImpl: perfDragBoost: com.ss.android.ugc.trill, -1, 1
06-05 18:30:06.525  1034  1034 E vendor.qti.hardware.perf@2.2-service: Unknown params
06-05 18:30:06.532  1582 11723 I OMX-VDEC-1080P: set_frame_rate: the current time is 183006
06-05 18:30:06.543 18541 28778 W MessageQueue: Handler (android.os.Handler) {f78845b} sending message to a Handler on a dead thread
06-05 18:30:06.543 18541 28778 W MessageQueue: java.lang.IllegalStateException: Handler (android.os.Handler) {f78845b} sending message to a Handler on a dead thread
06-05 18:30:06.543 18541 28778 W MessageQueue: 	at android.os.MessageQueue.enqueueMessage(MessageQueue.java:569)
06-05 18:30:06.543 18541 28778 W MessageQueue: 	at android.os.Handler.enqueueMessage(Handler.java:778)
06-05 18:30:06.543 18541 28778 W MessageQueue: 	at android.os.Handler.sendMessageAtTime(Handler.java:727)
06-05 18:30:06.543 18541 28778 W MessageQueue: 	at android.os.Handler.sendMessageDelayed(Handler.java:697)
06-05 18:30:06.543 18541 28778 W MessageQueue: 	at android.os.Handler.post(Handler.java:427)
06-05 18:30:06.543 18541 28778 W MessageQueue: 	at X.HKP.LIZ(SourceFile:33751054)
06-05 18:30:06.543 18541 28778 W MessageQueue: 	at X.HKP.LIZ(SourceFile:16908295)
06-05 18:30:06.543 18541 28778 W MessageQueue: 	at X.Iuq.<init>(SourceFile:17039393)
06-05 18:30:06.543 18541 28778 W MessageQueue: 	at X.IuS.LIZ(SourceFile:67633363)
06-05 18:30:06.543 18541 28778 W MessageQueue: 	at X.IuS.<init>(SourceFile:50922652)
06-05 18:30:06.543 18541 28778 W MessageQueue: 	at X.6Z1.<init>(SourceFile:33816631)
06-05 18:30:06.543 18541 28778 W MessageQueue: 	at X.6U2.LJJIJIIJIL(SourceFile:590369)
06-05 18:30:06.543 18541 28778 W MessageQueue: 	at X.6U2.<init>(SourceFile:84279443)
06-05 18:30:06.543 18541 28778 W MessageQueue: 	at X.6LW.LIZ(SourceFile:17170525)
06-05 18:30:06.543 18541 28778 W MessageQueue: 	at X.6LV.LIZ(SourceFile:16973837)
06-05 18:30:06.543 18541 28778 W MessageQueue: 	at X.6Nc.LJJIJIIJI(SourceFile:262150)
06-05 18:30:06.543 18541 28778 W MessageQueue: 	at X.6Nc.LIZ(SourceFile:33947685)
06-05 18:30:06.543 18541 28778 W MessageQueue: 	at X.6Nc.LIZ(SourceFile:820)
06-05 18:30:06.543 18541 28778 W MessageQueue: 	at X.6Nc.LIZ(SourceFile:84411129)
06-05 18:30:06.543 18541 28778 W MessageQueue: 	at X.6Nc.LIZ(SourceFile:254)
06-05 18:30:06.543 18541 28778 W MessageQueue: 	at X.6Nc.LIZ(SourceFile:12250)
06-05 18:30:06.543 18541 28778 W MessageQueue: 	at X.6NK.handleMessage(SourceFile:17301743)
06-05 18:30:06.543 18541 28778 W MessageQueue: 	at android.os.Handler.dispatchMessage(Handler.java:106)
06-05 18:30:06.543 18541 28778 W MessageQueue: 	at android.os.Looper.loopOnce(Looper.java:210)
06-05 18:30:06.543 18541 28778 W MessageQueue: 	at android.os.Looper.loop(Looper.java:299)
06-05 18:30:06.543 18541 28778 W MessageQueue: 	at android.os.HandlerThread.run(HandlerThread.java:67)
06-05 18:30:06.544 18541 28778 W ttmdl   : <0x0,AVMDLManagerBridge.cpp,native_setIntValue,765>set key:709 value:0
06-05 18:30:06.545 18541 28778 W ttmdl   : <0x0,AVMDLog.cpp,set_alog_enable,38>set_alog_enable, 0
06-05 18:30:06.545 18541 28778 W MessageQueue: Handler (android.os.Handler) {f78845b} sending message to a Handler on a dead thread
06-05 18:30:06.545 18541 28778 W MessageQueue: java.lang.IllegalStateException: Handler (android.os.Handler) {f78845b} sending message to a Handler on a dead thread
06-05 18:30:06.545 18541 28778 W MessageQueue: 	at android.os.MessageQueue.enqueueMessage(MessageQueue.java:569)
06-05 18:30:06.545 18541 28778 W MessageQueue: 	at android.os.Handler.enqueueMessage(Handler.java:778)
06-05 18:30:06.545 18541 28778 W MessageQueue: 	at android.os.Handler.sendMessageAtTime(Handler.java:727)
06-05 18:30:06.545 18541 28778 W MessageQueue: 	at android.os.Handler.sendMessageDelayed(Handler.java:697)
06-05 18:30:06.545 18541 28778 W MessageQueue: 	at android.os.Handler.post(Handler.java:427)
06-05 18:30:06.545 18541 28778 W MessageQueue: 	at X.HKP.LIZ(SourceFile:33751054)
06-05 18:30:06.545 18541 28778 W MessageQueue: 	at X.HKP.LIZIZ(SourceFile:16908295)
06-05 18:30:06.545 18541 28778 W MessageQueue: 	at X.RPA.LIZ(SourceFile:17170456)
06-05 18:30:06.545 18541 28778 W MessageQueue: 	at X.IuS.LIZLLL(SourceFile:34078895)
06-05 18:30:06.545 18541 28778 W MessageQueue: 	at X.IuS.LJLJI(SourceFile:393264)
06-05 18:30:06.545 18541 28778 W MessageQueue: 	at X.IuS.LJJLJLI(SourceFile:393245)
06-05 18:30:06.545 18541 28778 W MessageQueue: 	at X.IuS.LJIIJJI(SourceFile:17170460)
06-05 18:30:06.545 18541 28778 W MessageQueue: 	at X.IuS.LIZ(SourceFile:5041)
06-05 18:30:06.545 18541 28778 W MessageQueue: 	at X.IuS.LIZIZ(SourceFile:50790422)
06-05 18:30:06.545 18541 28778 W MessageQueue: 	at X.IuS.LIZ(SourceFile:4903)
06-05 18:30:06.545 18541 28778 W MessageQueue: 	at X.6Z1.LIZ(SourceFile:1063)
06-05 18:30:06.545 18541 28778 W MessageQueue: 	at X.6U2.LIZ(SourceFile:84543345)
06-05 18:30:06.545 18541 28778 W MessageQueue: 	at X.6U2.LIZ(Unknown Source:0)
06-05 18:30:06.545 18541 28778 W MessageQueue: 	at X.6U2.LIZ(SourceFile:1438)
06-05 18:30:06.545 18541 28778 W MessageQueue: 	at X.6Nc.LIZ(SourceFile:1033)
06-05 18:30:06.545 18541 28778 W MessageQueue: 	at X.6Nc.LIZ(SourceFile:84411129)
06-05 18:30:06.545 18541 28778 W MessageQueue: 	at X.6Nc.LIZ(SourceFile:254)
06-05 18:30:06.545 18541 28778 W MessageQueue: 	at X.6Nc.LIZ(SourceFile:12250)
06-05 18:30:06.545 18541 28778 W MessageQueue: 	at X.6NK.handleMessage(SourceFile:17301743)
06-05 18:30:06.545 18541 28778 W MessageQueue: 	at android.os.Handler.dispatchMessage(Handler.java:106)
06-05 18:30:06.545 18541 28778 W MessageQueue: 	at android.os.Looper.loopOnce(Looper.java:210)
06-05 18:30:06.545 18541 28778 W MessageQueue: 	at android.os.Looper.loop(Looper.java:299)
06-05 18:30:06.545 18541 28778 W MessageQueue: 	at android.os.HandlerThread.run(HandlerThread.java:67)
06-05 18:30:06.548 18541 28778 W MessageQueue: Handler (android.os.Handler) {f78845b} sending message to a Handler on a dead thread
06-05 18:30:06.548 18541 28778 W MessageQueue: java.lang.IllegalStateException: Handler (android.os.Handler) {f78845b} sending message to a Handler on a dead thread
06-05 18:30:06.548 18541 28778 W MessageQueue: 	at android.os.MessageQueue.enqueueMessage(MessageQueue.java:569)
06-05 18:30:06.548 18541 28778 W MessageQueue: 	at android.os.Handler.enqueueMessage(Handler.java:778)
06-05 18:30:06.548 18541 28778 W MessageQueue: 	at android.os.Handler.sendMessageAtTime(Handler.java:727)
06-05 18:30:06.548 18541 28778 W MessageQueue: 	at android.os.Handler.sendMessageDelayed(Handler.java:697)
06-05 18:30:06.548 18541 28778 W MessageQueue: 	at android.os.Handler.post(Handler.java:427)
06-05 18:30:06.548 18541 28778 W MessageQueue: 	at X.HKP.LIZ(SourceFile:33751054)
06-05 18:30:06.548 18541 28778 W MessageQueue: 	at X.HKP.LIZ(SourceFile:16908295)
06-05 18:30:06.548 18541 28778 W MessageQueue: 	at X.RPA.LJFF(SourceFile:327795)
06-05 18:30:06.548 18541 28778 W MessageQueue: 	at X.IuS.LJIIJ(SourceFile:17236170)
06-05 18:30:06.548 18541 28778 W MessageQueue: 	at X.IuS.LJJJJL(SourceFile:262195)
06-05 18:30:06.548 18541 28778 W MessageQueue: 	at X.IuS.LJIIJJI(SourceFile:262186)
06-05 18:30:06.548 18541 28778 W MessageQueue: 	at X.6Z1.LJIIJJI(SourceFile:65538)
06-05 18:30:06.548 18541 28778 W MessageQueue: 	at X.6U2.LIZ(SourceFile:84545035)
06-05 18:30:06.548 18541 28778 W MessageQueue: 	at X.6U2.LIZ(Unknown Source:0)
06-05 18:30:06.548 18541 28778 W MessageQueue: 	at X.6U2.LIZ(SourceFile:1438)
06-05 18:30:06.548 18541 28778 W MessageQueue: 	at X.6Nc.LIZ(SourceFile:1033)
06-05 18:30:06.548 18541 28778 W MessageQueue: 	at X.6Nc.LIZ(SourceFile:84411129)
06-05 18:30:06.548 18541 28778 W MessageQueue: 	at X.6Nc.LIZ(SourceFile:254)
06-05 18:30:06.548 18541 28778 W MessageQueue: 	at X.6Nc.LIZ(SourceFile:12250)
06-05 18:30:06.548 18541 28778 W MessageQueue: 	at X.6NK.handleMessage(SourceFile:17301743)
06-05 18:30:06.548 18541 28778 W MessageQueue: 	at android.os.Handler.dispatchMessage(Handler.java:106)
06-05 18:30:06.548 18541 28778 W MessageQueue: 	at android.os.Looper.loopOnce(Looper.java:210)
06-05 18:30:06.548 18541 28778 W MessageQueue: 	at android.os.Looper.loop(Looper.java:299)
06-05 18:30:06.548 18541 28778 W MessageQueue: 	at android.os.HandlerThread.run(HandlerThread.java:67)
06-05 18:30:06.549 18541 28778 W ttmp    : set_logger_level:0
06-05 18:30:06.549 18541 19472 I ttmn    : <0x0,av_sort_queue.h,enableFixSort,17>AVSortQueue::enableFixSort:0
06-05 18:30:06.555 18541 19472 I MediaCodec: video box enabled in settings
06-05 18:30:06.555 18541 19472 I VideoBoxStub: VideoBoxStub::initVideobox
06-05 18:30:06.560 18541 19472 I VideoBox: VideoBox::VideoBox
06-05 18:30:06.560 18541 19472 I VideoBox: initVideobox
06-05 18:30:06.560 18541 19472 I VideoBox: initVideobox going OMX.qcom.video.decoder.hevc
06-05 18:30:06.560 18541 19472 I VideoBox: initVideobox return false for platform is not support vpp
06-05 18:30:06.560 18541 19472 I VideoBoxStub: VideoBoxStub::releaseVideoBox
06-05 18:30:06.560 18541 19472 I VideoBox: VideoBox::~VideoBox
06-05 18:30:06.561 18541 19472 I MediaCodec: init video box disabled for init not supported
06-05 18:30:06.563 18541 11760 I OMXClient: IOmx service obtained
06-05 18:30:06.564  1582 28787 I OMXMaster: makeComponentInstance(OMX.qcom.video.decoder.hevc) in android.hardwar process
06-05 18:30:06.566  1582 28787 I OMX_VPP : Constructed VppOmxComponent
06-05 18:30:06.567  1582 28787 D PlatformConfig: getInstance: Enter
06-05 18:30:06.567  1582 28787 D PlatformConfig: getInt32 Config name: vidc_dec_log_in value: 0
06-05 18:30:06.567  1582 28787 D PlatformConfig: getInstance: Enter
06-05 18:30:06.567  1582 28787 D PlatformConfig: getInt32 Config name: vidc_dec_log_out value: 0
06-05 18:30:06.567  1582 28787 D PlatformConfig: getInstance: Enter
06-05 18:30:06.567  1582 28787 D PlatformConfig: getInt32 Config name: vidc_dec_sec_prefetch_size_internal value: 209715200
06-05 18:30:06.567  1582 28787 D PlatformConfig: getInstance: Enter
06-05 18:30:06.567  1582 28787 D PlatformConfig: getInt32 Config name: vidc_dec_sec_prefetch_size_output value: 13434880
06-05 18:30:06.567  1582 28787 D PlatformConfig: getInstance: Enter
06-05 18:30:06.567  1582 28787 D PlatformConfig: getInt32 Config name: vidc_perf_control_enable value: 0
06-05 18:30:06.567  1582 28787 D PlatformConfig: getInstance: Enter
06-05 18:30:06.567  1582 28787 D PlatformConfig: getInt32 Config name: vidc_dec_thumbnail_yuv_output value: 0
06-05 18:30:06.567  1582 28787 D PlatformConfig: getInstance: Enter
06-05 18:30:06.567  1582 28787 D PlatformConfig: getInt32: Returning default
06-05 18:30:06.567  1582 28787 D PlatformConfig: getInstance: Enter
06-05 18:30:06.567  1582 28787 D PlatformConfig: getInt32 Config name: vidc_dec_output_rate value: 120
06-05 18:30:06.567  1582 28787 I OMX-VDEC-1080P: component_init: OMX.qcom.video.decoder.hevc : fd=98
06-05 18:30:06.567  1582 28787 E OMX-VDEC-1080P: Unsupported output color format for c2d (2141391876)
06-05 18:30:06.567  1582 28787 E OMX-VDEC-1080P: Setting color format failed
06-05 18:30:06.569  1582 28787 D PlatformConfig: getInstance: Enter
06-05 18:30:06.569  1582 28787 D PlatformConfig: getInt32: Returning default
06-05 18:30:06.569  1582 28787 D PlatformConfig: getInstance: Enter
06-05 18:30:06.569  1582 28787 D PlatformConfig: getInt32: Returning default
06-05 18:30:06.569  1582 28787 I OMX-VDEC-1080P: omx_vdec::component_init() success : fd=98
06-05 18:30:06.569  1582 28787 I OMX_VPP : FRC is used
06-05 18:30:06.569  1582 28787 I OMX_VPP : AIE is used
06-05 18:30:06.571  1582 11723 I OMX-VDEC-1080P: set_frame_rate: the current time is 183006
06-05 18:30:06.571  1582 28787 E OMX_VPP : unable to find area=vpp/config=frc.bypass.all, returning default=0
06-05 18:30:06.571  1582 28787 I OMX_VPP : component_init: fully completed with decoder(OMX.qcom.video.decoder.hevc)
06-05 18:30:06.573 18541 11759 D MediaCodecOpt: TryCall hook func called
06-05 18:30:06.573 18541 11759 D MediaCodecOpt: before call orig, retCode = 0
06-05 18:30:06.573 18541 11759 D MediaCodecOpt: after call orig, retCode = 0
06-05 18:30:06.574 18541 19472 I MediaCodec: configure : init video box disabled
06-05 18:30:06.574 18541 11759 D SurfaceUtils: connecting to surface 0x7a3f439010, reason connectToSurface
06-05 18:30:06.574 18541 11759 I MediaCodec: [OMX.qcom.video.decoder.hevc] setting surface generation to 18986082
06-05 18:30:06.574 18541 11759 D SurfaceUtils: disconnecting from surface 0x7a3f439010, reason connectToSurface(reconnect)
06-05 18:30:06.574 18541 11759 D SurfaceUtils: connecting to surface 0x7a3f439010, reason connectToSurface(reconnect)
06-05 18:30:06.575  1582 28787 E OMX-VDEC-1080P: Extension: OMX.google.android.index.storeANWBufferInMetadata not implemented
06-05 18:30:06.575  1582 28787 E OMX-VDEC-1080P: Extension: OMX.google.android.index.configureVideoTunnelMode not implemented
06-05 18:30:06.575  1582 28787 E OMX-VDEC-1080P: Extension: OMX.google.android.index.useAndroidNativeBuffer is supported
06-05 18:30:06.575  1582 28787 E OMX-VDEC-1080P: set_parameter: Error: 0x80001019, setting param 0x7f00005d
06-05 18:30:06.575  1582 28787 E OMXNodeInstance: setParameter(0xf0983804:qcom.decoder.hevc, OMX.google.android.index.allocateNativeHandle(0x7f00005d): Output:1 en=0) ERROR: UnsupportedSetting(0x80001019)
06-05 18:30:06.575  1582 28787 E OMX-VDEC-1080P: Extension: OMX.google.android.index.storeANWBufferInMetadata not implemented
06-05 18:30:06.575  1582 28787 I OMX_VPP : set meta buffer mode: True
06-05 18:30:06.575  1582 28787 E OMX-VDEC-1080P: get_parameter: unknown param 6f600011
06-05 18:30:06.575  1582 28787 E OMXNodeInstance: getParameter(0xf0983804:qcom.decoder.hevc, ??(0x6f600011)) ERROR: UnsupportedIndex(0x8000101a)
06-05 18:30:06.575 18541 11760 I ExtendedACodec: setupVideoDecoder()
06-05 18:30:06.576  1582 28787 I OMX_VPP : FRAME WIDTH 1280 FRAME HEIGHT 720
06-05 18:30:06.576  1582 28787 I OMX_VPP : get_parameter counts 28 28
06-05 18:30:06.576  1582 28787 I OMX_VPP : frc valid: true
06-05 18:30:06.576  1582 28787 I OMX_VPP : aie valid: true
06-05 18:30:06.576  1582 28787 I OMX_VPP : vpp setParameter err: out: 0, in: 0
06-05 18:30:06.576  1582 28787 I OMX_VPP : vpp setParameter completed
06-05 18:30:06.577 18541 11760 I ExtendedACodec: Decoder will be in frame by frame mode
06-05 18:30:06.577  1582 28787 E OMX-VDEC-1080P: Setparameter: unknown param 2130706434
