06-05 18:24:44.664  6986  6986 V ActivityScenario: Activity lifecycle changed event received but ignored because the intent does not match. startActivityIntent=Intent { act=android.intent.action.MAIN cat=[android.intent.category.LAUNCHER] cmp=com.example.dogglers/.GridListActivity }, activity.getIntent()=Intent { act=android.intent.action.MAIN cat=[android.intent.category.LAUNCHER] flg=0x10200000 cmp=com.example.dogglers/.MainActivity bnds=[456,1109][624,1277] (has extras) }, activity=com.example.dogglers.MainActivity@238125c
06-05 18:24:44.665  1850  2625 D PerfImpl: perfWarmLaunchBoost: com.example.dogglers, -1, 2
06-05 18:24:44.665  1034  1034 E vendor.qti.hardware.perf@2.2-service: Unknown params
06-05 18:24:44.665  1034  1091 E ANDR-PERF-OPTSHANDLER: Min bounds check failed
06-05 18:24:44.665  1034  1091 E ANDR-PERF-OPTSHANDLER: Error! Perflock failed, invalid request value 255
06-05 18:24:44.665  1034  1091 E ANDR-PERF-RESOURCEQS: Failed to apply optimization [6, 6]
06-05 18:24:44.665  1850  2625 D PerfImpl: perfColdLaunchBoost: com.example.dogglers, 6986, 102
06-05 18:24:44.666  1034  1034 E vendor.qti.hardware.perf@2.2-service: Unknown params
06-05 18:24:44.666  1034  1034 I ANDR-PERF-LM: LMPerfGlue: perfmodule_submit_request() 132: perfmodule_submit_request()
06-05 18:24:44.666  1034  1034 I ANDR-PERF-LM: Core: getInstance() 84: LM getInstance
06-05 18:24:44.666  1034  1034 I ANDR-PERF-LM: WQ: push() 59: LMTriggerQ push() size=0
06-05 18:24:44.666  1034  1034 I ANDR-PERF-LM: WQ: push() 61: LMTriggerQ push() done size=1
06-05 18:24:44.666  1034  1092 I ANDR-PERF-LM: WQ: pop() 42: LMTriggerQ pop() done size=0
06-05 18:24:44.666  1034  1092 I ANDR-PERF-LM: Core: lmMain() 381: Calling runAsync for AdaptLaunch
06-05 18:24:44.666  1034  1092 I ANDR-PERF-LM: MetaMeter: isValidAsync() 194: AsyncInfo: hintID = 4225
06-05 18:24:44.666  1034  1092 I ANDR-PERF-LM: hintType: 102
06-05 18:24:44.666  1034  1092 I ANDR-PERF-LM: isPrimary = 0
06-05 18:24:44.666  1034  1092 I ANDR-PERF-LM: MetaMeter: isValidAsync() 203: Invalid (hintID,hintType,appName,duration,appPID,appThreadTID) = (4225, 102,com.example.dogglers,6986,1850,2625)
06-05 18:24:44.666  1034  1092 E ANDR-PERF-LM: MetaMeter: handleAsync() 164: AdaptLaunch Invalid Async
06-05 18:24:44.666  1034  1092 I ANDR-PERF-LM: Core: lmMain() 391: runAsync for AdaptLaunch returned
06-05 18:24:44.666  1034  1092 I ANDR-PERF-LM: Core: lmMain() 373: Waiting on trigger Queue
06-05 18:24:44.666  1034  1092 I ANDR-PERF-LM: WQ: pop() 31: LMTriggerQ pop() size=0
06-05 18:24:44.671  1113  1113 D CompositionEngine: writeOutputDependentGeometryStateToHWC layer[com.example.dogglers/com.example.dogglers.MainActivity#0] set Z 134217728 miFodLayer 0x8000000
06-05 18:24:44.671  1113  1113 D CompositionEngine: writeOutputDependentGeometryStateToHWC layer[com.miui.securitycenter/.FloatingWindow#0] set Z 134217729 miFodLayer 0x8000000
06-05 18:24:44.671  1113  1113 D CompositionEngine: writeOutputDependentGeometryStateToHWC layer[StatusBar#0] set Z 134217730 miFodLayer 0x8000000
06-05 18:24:44.671  1113  1113 D CompositionEngine: writeOutputDependentGeometryStateToHWC layer[RoundCornerTop#0] set Z 134217731 miFodLayer 0x8000000
06-05 18:24:44.671  1113  1113 D CompositionEngine: writeOutputDependentGeometryStateToHWC layer[RoundCornerBottom#0] set Z 134217732 miFodLayer 0x8000000
06-05 18:24:44.682  6986  6986 D LifecycleMonitor: Lifecycle status change: com.example.dogglers.VerticalListActivity@f620c75 in: PRE_ON_CREATE
06-05 18:24:44.683  6986  6986 V ActivityScenario: Activity lifecycle changed event received but ignored because the intent does not match. startActivityIntent=Intent { act=android.intent.action.MAIN cat=[android.intent.category.LAUNCHER] cmp=com.example.dogglers/.MainActivity }, activity.getIntent()=Intent { cmp=com.example.dogglers/.VerticalListActivity }, activity=com.example.dogglers.VerticalListActivity@f620c75
06-05 18:24:44.683  6986  6986 V ActivityScenario: Activity lifecycle changed event received but ignored because the intent does not match. startActivityIntent=Intent { act=android.intent.action.MAIN cat=[android.intent.category.LAUNCHER] cmp=com.example.dogglers/.MainActivity }, activity.getIntent()=Intent { cmp=com.example.dogglers/.VerticalListActivity }, activity=com.example.dogglers.VerticalListActivity@f620c75
06-05 18:24:44.683  6986  6986 V ActivityScenario: Activity lifecycle changed event received but ignored because the intent does not match. startActivityIntent=Intent { act=android.intent.action.MAIN cat=[android.intent.category.LAUNCHER] cmp=com.example.dogglers/.MainActivity }, activity.getIntent()=Intent { cmp=com.example.dogglers/.VerticalListActivity }, activity=com.example.dogglers.VerticalListActivity@f620c75
06-05 18:24:44.683  6986  6986 V ActivityScenario: Activity lifecycle changed event received but ignored because the intent does not match. startActivityIntent=Intent { act=android.intent.action.MAIN cat=[android.intent.category.LAUNCHER] cmp=com.example.dogglers/.MainActivity }, activity.getIntent()=Intent { cmp=com.example.dogglers/.VerticalListActivity }, activity=com.example.dogglers.VerticalListActivity@f620c75
06-05 18:24:44.683  6986  6986 V ActivityScenario: Activity lifecycle changed event received but ignored because the intent does not match. startActivityIntent=Intent { act=android.intent.action.MAIN cat=[android.intent.category.LAUNCHER] cmp=com.example.dogglers/.MainActivity }, activity.getIntent()=Intent { cmp=com.example.dogglers/.VerticalListActivity }, activity=com.example.dogglers.VerticalListActivity@f620c75
06-05 18:24:44.683  6986  6986 V ActivityScenario: Activity lifecycle changed event received but ignored because the intent does not match. startActivityIntent=Intent { act=android.intent.action.MAIN cat=[android.intent.category.LAUNCHER] cmp=com.example.dogglers/.GridListActivity }, activity.getIntent()=Intent { cmp=com.example.dogglers/.VerticalListActivity }, activity=com.example.dogglers.VerticalListActivity@f620c75
06-05 18:24:44.687  1113  1113 D CompositionEngine: writeOutputDependentGeometryStateToHWC layer[com.example.dogglers/com.example.dogglers.MainActivity#0] set Z 134217728 miFodLayer 0x8000000
06-05 18:24:44.687  1113  1113 D CompositionEngine: writeOutputDependentGeometryStateToHWC layer[com.miui.securitycenter/.FloatingWindow#0] set Z 134217729 miFodLayer 0x8000000
06-05 18:24:44.687  1113  1113 D CompositionEngine: writeOutputDependentGeometryStateToHWC layer[StatusBar#0] set Z 134217730 miFodLayer 0x8000000
06-05 18:24:44.687  1113  1113 D CompositionEngine: writeOutputDependentGeometryStateToHWC layer[RoundCornerTop#0] set Z 134217731 miFodLayer 0x8000000
06-05 18:24:44.687  1113  1113 D CompositionEngine: writeOutputDependentGeometryStateToHWC layer[RoundCornerBottom#0] set Z 134217732 miFodLayer 0x8000000
06-05 18:24:44.707  6986  6986 D DecorView[]: getWindowModeFromSystem  windowmode is 1
06-05 18:24:44.719  6986  6986 D LifecycleMonitor: Lifecycle status change: com.example.dogglers.VerticalListActivity@f620c75 in: CREATED
06-05 18:24:44.720  6986  6986 V ActivityScenario: Activity lifecycle changed event received but ignored because the intent does not match. startActivityIntent=Intent { act=android.intent.action.MAIN cat=[android.intent.category.LAUNCHER] cmp=com.example.dogglers/.MainActivity }, activity.getIntent()=Intent { cmp=com.example.dogglers/.VerticalListActivity }, activity=com.example.dogglers.VerticalListActivity@f620c75
06-05 18:24:44.720  6986  6986 V ActivityScenario: Activity lifecycle changed event received but ignored because the intent does not match. startActivityIntent=Intent { act=android.intent.action.MAIN cat=[android.intent.category.LAUNCHER] cmp=com.example.dogglers/.MainActivity }, activity.getIntent()=Intent { cmp=com.example.dogglers/.VerticalListActivity }, activity=com.example.dogglers.VerticalListActivity@f620c75
06-05 18:24:44.720  6986  6986 V ActivityScenario: Activity lifecycle changed event received but ignored because the intent does not match. startActivityIntent=Intent { act=android.intent.action.MAIN cat=[android.intent.category.LAUNCHER] cmp=com.example.dogglers/.MainActivity }, activity.getIntent()=Intent { cmp=com.example.dogglers/.VerticalListActivity }, activity=com.example.dogglers.VerticalListActivity@f620c75
06-05 18:24:44.720  6986  6986 V ActivityScenario: Activity lifecycle changed event received but ignored because the intent does not match. startActivityIntent=Intent { act=android.intent.action.MAIN cat=[android.intent.category.LAUNCHER] cmp=com.example.dogglers/.MainActivity }, activity.getIntent()=Intent { cmp=com.example.dogglers/.VerticalListActivity }, activity=com.example.dogglers.VerticalListActivity@f620c75
06-05 18:24:44.720  6986  6986 V ActivityScenario: Activity lifecycle changed event received but ignored because the intent does not match. startActivityIntent=Intent { act=android.intent.action.MAIN cat=[android.intent.category.LAUNCHER] cmp=com.example.dogglers/.MainActivity }, activity.getIntent()=Intent { cmp=com.example.dogglers/.VerticalListActivity }, activity=com.example.dogglers.VerticalListActivity@f620c75
06-05 18:24:44.720  6986  6986 V ActivityScenario: Activity lifecycle changed event received but ignored because the intent does not match. startActivityIntent=Intent { act=android.intent.action.MAIN cat=[android.intent.category.LAUNCHER] cmp=com.example.dogglers/.GridListActivity }, activity.getIntent()=Intent { cmp=com.example.dogglers/.VerticalListActivity }, activity=com.example.dogglers.VerticalListActivity@f620c75
06-05 18:24:44.722  6986  6986 D LifecycleMonitor: Lifecycle status change: com.example.dogglers.VerticalListActivity@f620c75 in: STARTED
06-05 18:24:44.722  6986  6986 V ActivityScenario: Activity lifecycle changed event received but ignored because the intent does not match. startActivityIntent=Intent { act=android.intent.action.MAIN cat=[android.intent.category.LAUNCHER] cmp=com.example.dogglers/.MainActivity }, activity.getIntent()=Intent { cmp=com.example.dogglers/.VerticalListActivity }, activity=com.example.dogglers.VerticalListActivity@f620c75
06-05 18:24:44.722  6986  6986 V ActivityScenario: Activity lifecycle changed event received but ignored because the intent does not match. startActivityIntent=Intent { act=android.intent.action.MAIN cat=[android.intent.category.LAUNCHER] cmp=com.example.dogglers/.MainActivity }, activity.getIntent()=Intent { cmp=com.example.dogglers/.VerticalListActivity }, activity=com.example.dogglers.VerticalListActivity@f620c75
06-05 18:24:44.722  6986  6986 V ActivityScenario: Activity lifecycle changed event received but ignored because the intent does not match. startActivityIntent=Intent { act=android.intent.action.MAIN cat=[android.intent.category.LAUNCHER] cmp=com.example.dogglers/.MainActivity }, activity.getIntent()=Intent { cmp=com.example.dogglers/.VerticalListActivity }, activity=com.example.dogglers.VerticalListActivity@f620c75
06-05 18:24:44.722  6986  6986 V ActivityScenario: Activity lifecycle changed event received but ignored because the intent does not match. startActivityIntent=Intent { act=android.intent.action.MAIN cat=[android.intent.category.LAUNCHER] cmp=com.example.dogglers/.MainActivity }, activity.getIntent()=Intent { cmp=com.example.dogglers/.VerticalListActivity }, activity=com.example.dogglers.VerticalListActivity@f620c75
06-05 18:24:44.723  6986  6986 V ActivityScenario: Activity lifecycle changed event received but ignored because the intent does not match. startActivityIntent=Intent { act=android.intent.action.MAIN cat=[android.intent.category.LAUNCHER] cmp=com.example.dogglers/.MainActivity }, activity.getIntent()=Intent { cmp=com.example.dogglers/.VerticalListActivity }, activity=com.example.dogglers.VerticalListActivity@f620c75
06-05 18:24:44.723  6986  6986 V ActivityScenario: Activity lifecycle changed event received but ignored because the intent does not match. startActivityIntent=Intent { act=android.intent.action.MAIN cat=[android.intent.category.LAUNCHER] cmp=com.example.dogglers/.GridListActivity }, activity.getIntent()=Intent { cmp=com.example.dogglers/.VerticalListActivity }, activity=com.example.dogglers.VerticalListActivity@f620c75
06-05 18:24:44.725  6986  6986 D LifecycleMonitor: Lifecycle status change: com.example.dogglers.VerticalListActivity@f620c75 in: RESUMED
06-05 18:24:44.725  6986  6986 V ActivityScenario: Activity lifecycle changed event received but ignored because the intent does not match. startActivityIntent=Intent { act=android.intent.action.MAIN cat=[android.intent.category.LAUNCHER] cmp=com.example.dogglers/.MainActivity }, activity.getIntent()=Intent { cmp=com.example.dogglers/.VerticalListActivity }, activity=com.example.dogglers.VerticalListActivity@f620c75
06-05 18:24:44.725  6986  6986 V ActivityScenario: Activity lifecycle changed event received but ignored because the intent does not match. startActivityIntent=Intent { act=android.intent.action.MAIN cat=[android.intent.category.LAUNCHER] cmp=com.example.dogglers/.MainActivity }, activity.getIntent()=Intent { cmp=com.example.dogglers/.VerticalListActivity }, activity=com.example.dogglers.VerticalListActivity@f620c75
06-05 18:24:44.725  6986  6986 V ActivityScenario: Activity lifecycle changed event received but ignored because the intent does not match. startActivityIntent=Intent { act=android.intent.action.MAIN cat=[android.intent.category.LAUNCHER] cmp=com.example.dogglers/.MainActivity }, activity.getIntent()=Intent { cmp=com.example.dogglers/.VerticalListActivity }, activity=com.example.dogglers.VerticalListActivity@f620c75
06-05 18:24:44.725  6986  6986 V ActivityScenario: Activity lifecycle changed event received but ignored because the intent does not match. startActivityIntent=Intent { act=android.intent.action.MAIN cat=[android.intent.category.LAUNCHER] cmp=com.example.dogglers/.MainActivity }, activity.getIntent()=Intent { cmp=com.example.dogglers/.VerticalListActivity }, activity=com.example.dogglers.VerticalListActivity@f620c75
06-05 18:24:44.725  6986  6986 V ActivityScenario: Activity lifecycle changed event received but ignored because the intent does not match. startActivityIntent=Intent { act=android.intent.action.MAIN cat=[android.intent.category.LAUNCHER] cmp=com.example.dogglers/.MainActivity }, activity.getIntent()=Intent { cmp=com.example.dogglers/.VerticalListActivity }, activity=com.example.dogglers.VerticalListActivity@f620c75
06-05 18:24:44.725  6986  6986 V ActivityScenario: Activity lifecycle changed event received but ignored because the intent does not match. startActivityIntent=Intent { act=android.intent.action.MAIN cat=[android.intent.category.LAUNCHER] cmp=com.example.dogglers/.GridListActivity }, activity.getIntent()=Intent { cmp=com.example.dogglers/.VerticalListActivity }, activity=com.example.dogglers.VerticalListActivity@f620c75
06-05 18:24:44.731  3068  3068 D RecentsImpl: mActivityStateObserver com.example.dogglers.VerticalListActivity
06-05 18:24:44.732  3068  3289 D GestureStubView: resetRenderProperty: showGestureStub
06-05 18:24:44.732  3068  3289 D GestureStubView: showGestureStub
06-05 18:24:44.732  3068  3289 D GestureStubView: resetRenderProperty: showGestureStub
06-05 18:24:44.732  3068  3289 D GestureStubView: showGestureStub
06-05 18:24:44.737  1113  1113 D CompositionEngine: writeOutputDependentGeometryStateToHWC layer[com.example.dogglers/com.example.dogglers.MainActivity#0] set Z 134217728 miFodLayer 0x8000000
06-05 18:24:44.737  1113  1113 D CompositionEngine: writeOutputDependentGeometryStateToHWC layer[com.miui.securitycenter/.FloatingWindow#0] set Z 134217729 miFodLayer 0x8000000
06-05 18:24:44.737  1113  1113 D CompositionEngine: writeOutputDependentGeometryStateToHWC layer[StatusBar#0] set Z 134217730 miFodLayer 0x8000000
06-05 18:24:44.737  1113  1113 D CompositionEngine: writeOutputDependentGeometryStateToHWC layer[RoundCornerTop#0] set Z 134217731 miFodLayer 0x8000000
06-05 18:24:44.737  1113  1113 D CompositionEngine: writeOutputDependentGeometryStateToHWC layer[RoundCornerBottom#0] set Z 134217732 miFodLayer 0x8000000
06-05 18:24:44.744  2999  3462 D MI_RIL_OEM_HOOK: onPkHookCommonMsg, msg_id = 65
06-05 18:24:44.744  3068  3289 D GestureStubView: gatherTransparentRegion: need render w:54  h:1440
06-05 18:24:44.744  2999  3462 D MI_RIL_OEM_HOOK: onGetHookMsgBytes, HOOK_HEAD_SIZE = 16, msg_len = 4
06-05 18:24:44.744  2999  3462 D MI_RIL_OEM_HOOK: onHookSendSync, phoneId = 0
06-05 18:24:44.745  2930  2930 D QcrilMsgTunnelIfaceManager: handleMessage what = 1
06-05 18:24:44.745  2930  2930 I QcrilOemhookMsgTunnel: [0]invokeOemRilRequestRaw: serial=2073 length=36
06-05 18:24:44.745  1850  2634 I MiuiNetworkPolicy: updateUidState uid = 10081, uidState = 19
06-05 18:24:44.749  3068  3289 D GestureStubView: gatherTransparentRegion: need render w:54  h:1440
06-05 18:24:44.753  1113  1113 D CompositionEngine: writeOutputDependentGeometryStateToHWC layer[com.example.dogglers/com.example.dogglers.MainActivity#0] set Z 134217728 miFodLayer 0x8000000
06-05 18:24:44.754  1113  1113 D CompositionEngine: writeOutputDependentGeometryStateToHWC layer[com.miui.securitycenter/.FloatingWindow#0] set Z 134217729 miFodLayer 0x8000000
06-05 18:24:44.754  1113  1113 D CompositionEngine: writeOutputDependentGeometryStateToHWC layer[StatusBar#0] set Z 134217730 miFodLayer 0x8000000
06-05 18:24:44.754  1113  1113 D CompositionEngine: writeOutputDependentGeometryStateToHWC layer[RoundCornerTop#0] set Z 134217731 miFodLayer 0x8000000
06-05 18:24:44.754  1113  1113 D CompositionEngine: writeOutputDependentGeometryStateToHWC layer[RoundCornerBottom#0] set Z 134217732 miFodLayer 0x8000000
06-05 18:24:44.768  1850  2553 D MIUIInput: [MotionEvent] publisher action=0x4, 5272815, channel 'c058ab6 com.miui.securitycenter (server)'
06-05 18:24:44.783  1793  2006 D XIAOMI_QCRIL: RIL[lib][xiaomi_extend_nvefs.c:52] xiaomi_qmi_result_map: xiaomi_qmi_result_map, old_result 0, new_result 0
06-05 18:24:44.784  2930  3267 I QcrilOemhookMsgTunnel: [0]processOemHookResponse serial no: 2073 error: 0length=16
06-05 18:24:44.784  2930  2930 D QcrilMsgTunnelIfaceManager: handleMessage what = 2
06-05 18:24:44.784  2999  3462 D QC_RIL_OEM_HOOK: sendOemRilRequestRaw returns value = 16
06-05 18:24:44.784  2999  3462 D ModemSarController_8250: type = 65, len = 4, value = 0
06-05 18:24:44.912  1034  1034 E vendor.qti.hardware.perf@2.2-service: Unknown params
06-05 18:24:44.912  1034  1034 I ANDR-PERF-LM: LMPerfGlue: perfmodule_submit_request() 132: perfmodule_submit_request()
06-05 18:24:44.912  1034  1034 I ANDR-PERF-LM: Core: getInstance() 84: LM getInstance
06-05 18:24:44.912  1034  1034 D ANDR-PERF-LM: Feature: lookup() 101: Feature Name = AppClassifier, total featuers = 3, featureFound = 1
06-05 18:24:44.913  1034  1034 D ANDR-PERF-LM: Feature: getData() 112: data.data = 0
06-05 18:24:44.913  1034  1034 I ANDR-PERF-LM: FeedbackAPI: getFeedback() 60: app:BufferTX - com.example.dogglers feature:AppClassifier feedback = 0
06-05 18:24:44.914  1034  1034 E vendor.qti.hardware.perf@2.2-service: Unknown params
06-05 18:24:44.915  1034  1034 I ANDR-PERF-LM: LMPerfGlue: perfmodule_submit_request() 132: perfmodule_submit_request()
06-05 18:24:44.915  1034  1034 I ANDR-PERF-LM: Core: getInstance() 84: LM getInstance
06-05 18:24:44.915  1034  1034 D ANDR-PERF-LM: Feature: lookup() 101: Feature Name = AppClassifier, total featuers = 3, featureFound = 1
06-05 18:24:44.915  1034  1034 D ANDR-PERF-LM: Feature: getData() 112: data.data = 0
06-05 18:24:44.915  1034  1034 I ANDR-PERF-LM: FeedbackAPI: getFeedback() 60: app:BufferTX - com.example.dogglers feature:AppClassifier feedback = 0
06-05 18:24:44.919  1113  1113 D CompositionEngine: writeOutputDependentGeometryStateToHWC layer[com.example.dogglers/com.example.dogglers.MainActivity#0] set Z 134217728 miFodLayer 0x8000000
06-05 18:24:44.919  1113  1113 D CompositionEngine: writeOutputDependentGeometryStateToHWC layer[com.miui.securitycenter/.FloatingWindow#0] set Z 134217729 miFodLayer 0x8000000
06-05 18:24:44.919  1113  1113 D CompositionEngine: writeOutputDependentGeometryStateToHWC layer[StatusBar#0] set Z 134217730 miFodLayer 0x8000000
06-05 18:24:44.919  1113  1113 D CompositionEngine: writeOutputDependentGeometryStateToHWC layer[RoundCornerTop#0] set Z 134217731 miFodLayer 0x8000000
06-05 18:24:44.919  1113  1113 D CompositionEngine: writeOutputDependentGeometryStateToHWC layer[RoundCornerBottom#0] set Z 134217732 miFodLayer 0x8000000
06-05 18:24:44.924  1850  1944 D PerfImpl: perfFirstDrawBoost: com.example.dogglers, 6986, 1
06-05 18:24:44.924  1034  1034 E vendor.qti.hardware.perf@2.2-service: Unknown params
06-05 18:24:44.924  1034  1034 I ANDR-PERF-LM: LMPerfGlue: perfmodule_submit_request() 132: perfmodule_submit_request()
06-05 18:24:44.924  1034  1034 I ANDR-PERF-LM: Core: getInstance() 84: LM getInstance
06-05 18:24:44.924  1034  1034 I ANDR-PERF-LM: WQ: push() 59: LMTriggerQ push() size=0
06-05 18:24:44.924  1034  1034 I ANDR-PERF-LM: WQ: push() 61: LMTriggerQ push() done size=1
06-05 18:24:44.924  1034  1092 I ANDR-PERF-LM: WQ: pop() 42: LMTriggerQ pop() done size=0
06-05 18:24:44.924  1034  1092 I ANDR-PERF-LM: Core: lmMain() 373: Waiting on trigger Queue
06-05 18:24:44.924  1034  1092 I ANDR-PERF-LM: WQ: pop() 31: LMTriggerQ pop() size=0
06-05 18:24:44.925  1850  1940 I ActivityTaskManager: Displayed com.example.dogglers/.VerticalListActivity: +284ms
06-05 18:24:44.925  1850  1940 D PerfImpl: perfLockReleaseHandler: 2053
06-05 18:24:44.935  1113  1113 D CompositionEngine: writeOutputDependentGeometryStateToHWC layer[com.example.dogglers/com.example.dogglers.MainActivity#0] set Z 134217728 miFodLayer 0x8000000
06-05 18:24:44.935  1113  1113 D CompositionEngine: writeOutputDependentGeometryStateToHWC layer[com.miui.securitycenter/.FloatingWindow#0] set Z 134217729 miFodLayer 0x8000000
06-05 18:24:44.935  1113  1113 D CompositionEngine: writeOutputDependentGeometryStateToHWC layer[StatusBar#0] set Z 134217730 miFodLayer 0x8000000
06-05 18:24:44.935  1113  1113 D CompositionEngine: writeOutputDependentGeometryStateToHWC layer[RoundCornerTop#0] set Z 134217731 miFodLayer 0x8000000
06-05 18:24:44.935  1113  1113 D CompositionEngine: writeOutputDependentGeometryStateToHWC layer[RoundCornerBottom#0] set Z 134217732 miFodLayer 0x8000000
06-05 18:24:44.942  5042  5042 I GoogleInputMethodService: GoogleInputMethodService.onFinishInput():3204
06-05 18:24:44.942  5042  5042 I GoogleInputMethodService: GoogleInputMethodService.updateDeviceLockedStatus():2100 checkRepeatedly = false, unlocked = true
06-05 18:24:44.942  5042  5042 I GoogleInputMethodService: GoogleInputMethodService.onStartInput():1903 onStartInput(EditorInfo{inputType=0x0(NULL) imeOptions=0x0 privateImeOptions=null actionName=UNSPECIFIED actionLabel=null actionId=0 initialSelStart=-1 initialSelEnd=-1 initialCapsMode=0x0 hintText=null label=null packageName=com.example.dogglers fieldId=-1 fieldName=null extras=null}, false)
06-05 18:24:44.943  5042  5042 I GoogleInputMethodService: GoogleInputMethodService.updateDeviceLockedStatus():2100 checkRepeatedly = true, unlocked = true
06-05 18:24:44.945  1850  1941 D PerfImpl: perfGetWorkLoadType
06-05 18:24:44.945  1034  1034 E vendor.qti.hardware.perf@2.2-service: Unknown params
06-05 18:24:44.945  1034  1034 I ANDR-PERF-LM: LMPerfGlue: perfmodule_submit_request() 132: perfmodule_submit_request()
06-05 18:24:44.945  1034  1034 I ANDR-PERF-LM: Core: getInstance() 84: LM getInstance
06-05 18:24:44.945  1034  1034 D ANDR-PERF-LM: Feature: lookup() 101: Feature Name = AppClassifier, total featuers = 3, featureFound = 1
06-05 18:24:44.946  1034  1034 D ANDR-PERF-LM: Feature: getData() 112: data.data = 1
06-05 18:24:44.946  1034  1034 I ANDR-PERF-LM: FeedbackAPI: getFeedback() 60: app:com.example.dogglers feature:AppClassifier feedback = 1
06-05 18:24:44.946  1850  1941 D PerfImpl: perfScrollBoost: com.example.dogglers, -1, 4
06-05 18:24:44.946  1034  1034 E vendor.qti.hardware.perf@2.2-service: Unknown params
06-05 18:24:44.946  1034  1034 I ANDR-PERF-LM: LMPerfGlue: perfmodule_submit_request() 132: perfmodule_submit_request()
06-05 18:24:44.946  1034  1034 I ANDR-PERF-LM: Core: getInstance() 84: LM getInstance
06-05 18:24:44.946  1034  1034 I ANDR-PERF-LM: WQ: push() 59: LMTriggerQ push() size=0
06-05 18:24:44.946  1034  1034 I ANDR-PERF-LM: WQ: push() 61: LMTriggerQ push() done size=1
06-05 18:24:44.946  1034  1092 I ANDR-PERF-LM: WQ: pop() 42: LMTriggerQ pop() done size=0
06-05 18:24:44.946  1034  1092 I ANDR-PERF-LM: Core: lmMain() 373: Waiting on trigger Queue
06-05 18:24:44.946  1034  1092 I ANDR-PERF-LM: WQ: pop() 31: LMTriggerQ pop() size=0
06-05 18:24:44.946  1850  1941 D PerfImpl: perfGetWorkLoadType
06-05 18:24:44.946  1034  1034 E vendor.qti.hardware.perf@2.2-service: Unknown params
06-05 18:24:44.946  1034  1034 I ANDR-PERF-LM: LMPerfGlue: perfmodule_submit_request() 132: perfmodule_submit_request()
06-05 18:24:44.946  1034  1034 I ANDR-PERF-LM: Core: getInstance() 84: LM getInstance
06-05 18:24:44.946  1034  1034 D ANDR-PERF-LM: Feature: lookup() 101: Feature Name = AppClassifier, total featuers = 3, featureFound = 1
06-05 18:24:44.946  1034  1034 D ANDR-PERF-LM: Feature: getData() 112: data.data = 1
06-05 18:24:44.946  1034  1034 I ANDR-PERF-LM: FeedbackAPI: getFeedback() 60: app:com.example.dogglers feature:AppClassifier feedback = 1
06-05 18:24:44.946  1850  1941 D PerfImpl: perfDragBoost: com.example.dogglers, -1, 1
06-05 18:24:44.946  1034  1034 E vendor.qti.hardware.perf@2.2-service: Unknown params
06-05 18:24:44.952  1113  1113 D CompositionEngine: writeOutputDependentGeometryStateToHWC layer[com.example.dogglers/com.example.dogglers.MainActivity#0] set Z 134217728 miFodLayer 0x8000000
06-05 18:24:44.952  1113  1113 D CompositionEngine: writeOutputDependentGeometryStateToHWC layer[com.example.dogglers/com.example.dogglers.VerticalListActivity#0] set Z 134217729 miFodLayer 0x8000000
06-05 18:24:44.952  1113  1113 D CompositionEngine: writeOutputDependentGeometryStateToHWC layer[com.miui.securitycenter/.FloatingWindow#0] set Z 134217730 miFodLayer 0x8000000
06-05 18:24:44.952  1113  1113 D CompositionEngine: writeOutputDependentGeometryStateToHWC layer[StatusBar#0] set Z 134217731 miFodLayer 0x8000000
06-05 18:24:44.952  1113  1113 D CompositionEngine: writeOutputDependentGeometryStateToHWC layer[RoundCornerTop#0] set Z 134217732 miFodLayer 0x8000000
06-05 18:24:44.952  1113  1113 D CompositionEngine: writeOutputDependentGeometryStateToHWC layer[RoundCornerBottom#0] set Z 134217733 miFodLayer 0x8000000
06-05 18:24:44.968  1113  1113 D CompositionEngine: writeOutputDependentGeometryStateToHWC layer[com.example.dogglers/com.example.dogglers.MainActivity#0] set Z 134217728 miFodLayer 0x8000000
06-05 18:24:44.968  1113  1113 D CompositionEngine: writeOutputDependentGeometryStateToHWC layer[com.example.dogglers/com.example.dogglers.VerticalListActivity#0] set Z 134217729 miFodLayer 0x8000000
06-05 18:24:44.968  1113  1113 D CompositionEngine: writeOutputDependentGeometryStateToHWC layer[com.miui.securitycenter/.FloatingWindow#0] set Z 134217730 miFodLayer 0x8000000
06-05 18:24:44.968  1113  1113 D CompositionEngine: writeOutputDependentGeometryStateToHWC layer[StatusBar#0] set Z 134217731 miFodLayer 0x8000000
06-05 18:24:44.968  1113  1113 D CompositionEngine: writeOutputDependentGeometryStateToHWC layer[RoundCornerTop#0] set Z 134217732 miFodLayer 0x8000000
06-05 18:24:44.968  1113  1113 D CompositionEngine: writeOutputDependentGeometryStateToHWC layer[RoundCornerBottom#0] set Z 134217733 miFodLayer 0x8000000
06-05 18:24:44.985  1113  1113 D CompositionEngine: writeOutputDependentGeometryStateToHWC layer[com.example.dogglers/com.example.dogglers.MainActivity#0] set Z 134217728 miFodLayer 0x8000000
06-05 18:24:44.985  1113  1113 D CompositionEngine: writeOutputDependentGeometryStateToHWC layer[com.example.dogglers/com.example.dogglers.VerticalListActivity#0] set Z 134217729 miFodLayer 0x8000000
06-05 18:24:44.985  1113  1113 D CompositionEngine: writeOutputDependentGeometryStateToHWC layer[com.miui.securitycenter/.FloatingWindow#0] set Z 134217730 miFodLayer 0x8000000
06-05 18:24:44.985  1113  1113 D CompositionEngine: writeOutputDependentGeometryStateToHWC layer[StatusBar#0] set Z 134217731 miFodLayer 0x8000000
06-05 18:24:44.985  1113  1113 D CompositionEngine: writeOutputDependentGeometryStateToHWC layer[RoundCornerTop#0] set Z 134217732 miFodLayer 0x8000000
06-05 18:24:44.985  1113  1113 D CompositionEngine: writeOutputDependentGeometryStateToHWC layer[RoundCornerBottom#0] set Z 134217733 miFodLayer 0x8000000
06-05 18:24:45.001  1113  1113 D CompositionEngine: writeOutputDependentGeometryStateToHWC layer[com.example.dogglers/com.example.dogglers.MainActivity#0] set Z 134217728 miFodLayer 0x8000000
06-05 18:24:45.001  1113  1113 D CompositionEngine: writeOutputDependentGeometryStateToHWC layer[com.example.dogglers/com.example.dogglers.VerticalListActivity#0] set Z 134217729 miFodLayer 0x8000000
06-05 18:24:45.001  1113  1113 D CompositionEngine: writeOutputDependentGeometryStateToHWC layer[com.miui.securitycenter/.FloatingWindow#0] set Z 134217730 miFodLayer 0x8000000
06-05 18:24:45.001  1113  1113 D CompositionEngine: writeOutputDependentGeometryStateToHWC layer[StatusBar#0] set Z 134217731 miFodLayer 0x8000000
06-05 18:24:45.001  1113  1113 D CompositionEngine: writeOutputDependentGeometryStateToHWC layer[RoundCornerTop#0] set Z 134217732 miFodLayer 0x8000000
06-05 18:24:45.001  1113  1113 D CompositionEngine: writeOutputDependentGeometryStateToHWC layer[RoundCornerBottom#0] set Z 134217733 miFodLayer 0x8000000
06-05 18:24:45.018  1113  1113 D CompositionEngine: writeOutputDependentGeometryStateToHWC layer[com.example.dogglers/com.example.dogglers.MainActivity#0] set Z 134217728 miFodLayer 0x8000000
06-05 18:24:45.018  1113  1113 D CompositionEngine: writeOutputDependentGeometryStateToHWC layer[com.example.dogglers/com.example.dogglers.VerticalListActivity#0] set Z 134217729 miFodLayer 0x8000000
06-05 18:24:45.018  1113  1113 D CompositionEngine: writeOutputDependentGeometryStateToHWC layer[com.miui.securitycenter/.FloatingWindow#0] set Z 134217730 miFodLayer 0x8000000
06-05 18:24:45.018  1113  1113 D CompositionEngine: writeOutputDependentGeometryStateToHWC layer[StatusBar#0] set Z 134217731 miFodLayer 0x8000000
06-05 18:24:45.018  1113  1113 D CompositionEngine: writeOutputDependentGeometryStateToHWC layer[RoundCornerTop#0] set Z 134217732 miFodLayer 0x8000000
06-05 18:24:45.018  1113  1113 D CompositionEngine: writeOutputDependentGeometryStateToHWC layer[RoundCornerBottom#0] set Z 134217733 miFodLayer 0x8000000
06-05 18:24:45.034  1113  1113 D CompositionEngine: writeOutputDependentGeometryStateToHWC layer[com.example.dogglers/com.example.dogglers.MainActivity#0] set Z 134217728 miFodLayer 0x8000000
06-05 18:24:45.034  1113  1113 D CompositionEngine: writeOutputDependentGeometryStateToHWC layer[com.example.dogglers/com.example.dogglers.VerticalListActivity#0] set Z 134217729 miFodLayer 0x8000000
06-05 18:24:45.034  1113  1113 D CompositionEngine: writeOutputDependentGeometryStateToHWC layer[com.miui.securitycenter/.FloatingWindow#0] set Z 134217730 miFodLayer 0x8000000
06-05 18:24:45.034  1113  1113 D CompositionEngine: writeOutputDependentGeometryStateToHWC layer[StatusBar#0] set Z 134217731 miFodLayer 0x8000000
06-05 18:24:45.034  1113  1113 D CompositionEngine: writeOutputDependentGeometryStateToHWC layer[RoundCornerTop#0] set Z 134217732 miFodLayer 0x8000000
06-05 18:24:45.034  1113  1113 D CompositionEngine: writeOutputDependentGeometryStateToHWC layer[RoundCornerBottom#0] set Z 134217733 miFodLayer 0x8000000
06-05 18:24:45.051  1113  1113 D CompositionEngine: writeOutputDependentGeometryStateToHWC layer[com.example.dogglers/com.example.dogglers.MainActivity#0] set Z 134217728 miFodLayer 0x8000000
06-05 18:24:45.051  1113  1113 D CompositionEngine: writeOutputDependentGeometryStateToHWC layer[com.example.dogglers/com.example.dogglers.VerticalListActivity#0] set Z 134217729 miFodLayer 0x8000000
06-05 18:24:45.051  1113  1113 D CompositionEngine: writeOutputDependentGeometryStateToHWC layer[com.miui.securitycenter/.FloatingWindow#0] set Z 134217730 miFodLayer 0x8000000
06-05 18:24:45.051  1113  1113 D CompositionEngine: writeOutputDependentGeometryStateToHWC layer[StatusBar#0] set Z 134217731 miFodLayer 0x8000000
06-05 18:24:45.051  1113  1113 D CompositionEngine: writeOutputDependentGeometryStateToHWC layer[RoundCornerTop#0] set Z 134217732 miFodLayer 0x8000000
06-05 18:24:45.051  1113  1113 D CompositionEngine: writeOutputDependentGeometryStateToHWC layer[RoundCornerBottom#0] set Z 134217733 miFodLayer 0x8000000
06-05 18:24:45.068  1113  1113 D CompositionEngine: writeOutputDependentGeometryStateToHWC layer[com.example.dogglers/com.example.dogglers.MainActivity#0] set Z 134217728 miFodLayer 0x8000000
06-05 18:24:45.068  1113  1113 D CompositionEngine: writeOutputDependentGeometryStateToHWC layer[com.example.dogglers/com.example.dogglers.VerticalListActivity#0] set Z 134217729 miFodLayer 0x8000000
06-05 18:24:45.068  1113  1113 D CompositionEngine: writeOutputDependentGeometryStateToHWC layer[com.miui.securitycenter/.FloatingWindow#0] set Z 134217730 miFodLayer 0x8000000
06-05 18:24:45.068  1113  1113 D CompositionEngine: writeOutputDependentGeometryStateToHWC layer[StatusBar#0] set Z 134217731 miFodLayer 0x8000000
06-05 18:24:45.068  1113  1113 D CompositionEngine: writeOutputDependentGeometryStateToHWC layer[RoundCornerTop#0] set Z 134217732 miFodLayer 0x8000000
06-05 18:24:45.068  1113  1113 D CompositionEngine: writeOutputDependentGeometryStateToHWC layer[RoundCornerBottom#0] set Z 134217733 miFodLayer 0x8000000
06-05 18:24:45.084  1113  1113 D CompositionEngine: writeOutputDependentGeometryStateToHWC layer[com.example.dogglers/com.example.dogglers.MainActivity#0] set Z 134217728 miFodLayer 0x8000000
06-05 18:24:45.084  1113  1113 D CompositionEngine: writeOutputDependentGeometryStateToHWC layer[com.example.dogglers/com.example.dogglers.VerticalListActivity#0] set Z 134217729 miFodLayer 0x8000000
06-05 18:24:45.084  1113  1113 D CompositionEngine: writeOutputDependentGeometryStateToHWC layer[com.miui.securitycenter/.FloatingWindow#0] set Z 134217730 miFodLayer 0x8000000
06-05 18:24:45.084  1113  1113 D CompositionEngine: writeOutputDependentGeometryStateToHWC layer[StatusBar#0] set Z 134217731 miFodLayer 0x8000000
06-05 18:24:45.084  1113  1113 D CompositionEngine: writeOutputDependentGeometryStateToHWC layer[RoundCornerTop#0] set Z 134217732 miFodLayer 0x8000000
06-05 18:24:45.084  1113  1113 D CompositionEngine: writeOutputDependentGeometryStateToHWC layer[RoundCornerBottom#0] set Z 134217733 miFodLayer 0x8000000
06-05 18:24:45.101  1113  1113 D CompositionEngine: writeOutputDependentGeometryStateToHWC layer[com.example.dogglers/com.example.dogglers.MainActivity#0] set Z 134217728 miFodLayer 0x8000000
06-05 18:24:45.101  1113  1113 D CompositionEngine: writeOutputDependentGeometryStateToHWC layer[com.example.dogglers/com.example.dogglers.VerticalListActivity#0] set Z 134217729 miFodLayer 0x8000000
06-05 18:24:45.101  1113  1113 D CompositionEngine: writeOutputDependentGeometryStateToHWC layer[com.miui.securitycenter/.FloatingWindow#0] set Z 134217730 miFodLayer 0x8000000
06-05 18:24:45.101  1113  1113 D CompositionEngine: writeOutputDependentGeometryStateToHWC layer[StatusBar#0] set Z 134217731 miFodLayer 0x8000000
06-05 18:24:45.101  1113  1113 D CompositionEngine: writeOutputDependentGeometryStateToHWC layer[RoundCornerTop#0] set Z 134217732 miFodLayer 0x8000000
06-05 18:24:45.101  1113  1113 D CompositionEngine: writeOutputDependentGeometryStateToHWC layer[RoundCornerBottom#0] set Z 134217733 miFodLayer 0x8000000
06-05 18:24:45.117  1113  1113 D CompositionEngine: writeOutputDependentGeometryStateToHWC layer[com.example.dogglers/com.example.dogglers.MainActivity#0] set Z 134217728 miFodLayer 0x8000000
06-05 18:24:45.117  1113  1113 D CompositionEngine: writeOutputDependentGeometryStateToHWC layer[com.example.dogglers/com.example.dogglers.VerticalListActivity#0] set Z 134217729 miFodLayer 0x8000000
06-05 18:24:45.117  1113  1113 D CompositionEngine: writeOutputDependentGeometryStateToHWC layer[com.miui.securitycenter/.FloatingWindow#0] set Z 134217730 miFodLayer 0x8000000
06-05 18:24:45.117  1113  1113 D CompositionEngine: writeOutputDependentGeometryStateToHWC layer[StatusBar#0] set Z 134217731 miFodLayer 0x8000000
06-05 18:24:45.117  1113  1113 D CompositionEngine: writeOutputDependentGeometryStateToHWC layer[RoundCornerTop#0] set Z 134217732 miFodLayer 0x8000000
06-05 18:24:45.117  1113  1113 D CompositionEngine: writeOutputDependentGeometryStateToHWC layer[RoundCornerBottom#0] set Z 134217733 miFodLayer 0x8000000
06-05 18:24:45.134  1113  1113 D CompositionEngine: writeOutputDependentGeometryStateToHWC layer[com.example.dogglers/com.example.dogglers.MainActivity#0] set Z 134217728 miFodLayer 0x8000000
06-05 18:24:45.134  1113  1113 D CompositionEngine: writeOutputDependentGeometryStateToHWC layer[com.example.dogglers/com.example.dogglers.VerticalListActivity#0] set Z 134217729 miFodLayer 0x8000000
06-05 18:24:45.134  1113  1113 D CompositionEngine: writeOutputDependentGeometryStateToHWC layer[com.miui.securitycenter/.FloatingWindow#0] set Z 134217730 miFodLayer 0x8000000
06-05 18:24:45.134  1113  1113 D CompositionEngine: writeOutputDependentGeometryStateToHWC layer[StatusBar#0] set Z 134217731 miFodLayer 0x8000000
06-05 18:24:45.134  1113  1113 D CompositionEngine: writeOutputDependentGeometryStateToHWC layer[RoundCornerTop#0] set Z 134217732 miFodLayer 0x8000000
06-05 18:24:45.134  1113  1113 D CompositionEngine: writeOutputDependentGeometryStateToHWC layer[RoundCornerBottom#0] set Z 134217733 miFodLayer 0x8000000
06-05 18:24:45.150  1113  1113 D CompositionEngine: writeOutputDependentGeometryStateToHWC layer[com.example.dogglers/com.example.dogglers.MainActivity#0] set Z 134217728 miFodLayer 0x8000000
06-05 18:24:45.150  1113  1113 D CompositionEngine: writeOutputDependentGeometryStateToHWC layer[com.example.dogglers/com.example.dogglers.VerticalListActivity#0] set Z 134217729 miFodLayer 0x8000000
06-05 18:24:45.150  1113  1113 D CompositionEngine: writeOutputDependentGeometryStateToHWC layer[com.miui.securitycenter/.FloatingWindow#0] set Z 134217730 miFodLayer 0x8000000
06-05 18:24:45.150  1113  1113 D CompositionEngine: writeOutputDependentGeometryStateToHWC layer[StatusBar#0] set Z 134217731 miFodLayer 0x8000000
06-05 18:24:45.150  1113  1113 D CompositionEngine: writeOutputDependentGeometryStateToHWC layer[RoundCornerTop#0] set Z 134217732 miFodLayer 0x8000000
06-05 18:24:45.150  1113  1113 D CompositionEngine: writeOutputDependentGeometryStateToHWC layer[RoundCornerBottom#0] set Z 134217733 miFodLayer 0x8000000
06-05 18:24:45.167  1113  1113 D CompositionEngine: writeOutputDependentGeometryStateToHWC layer[com.example.dogglers/com.example.dogglers.MainActivity#0] set Z 134217728 miFodLayer 0x8000000
06-05 18:24:45.167  1113  1113 D CompositionEngine: writeOutputDependentGeometryStateToHWC layer[com.example.dogglers/com.example.dogglers.VerticalListActivity#0] set Z 134217729 miFodLayer 0x8000000
06-05 18:24:45.167  1113  1113 D CompositionEngine: writeOutputDependentGeometryStateToHWC layer[com.miui.securitycenter/.FloatingWindow#0] set Z 134217730 miFodLayer 0x8000000
06-05 18:24:45.167  1113  1113 D CompositionEngine: writeOutputDependentGeometryStateToHWC layer[StatusBar#0] set Z 134217731 miFodLayer 0x8000000
06-05 18:24:45.167  1113  1113 D CompositionEngine: writeOutputDependentGeometryStateToHWC layer[RoundCornerTop#0] set Z 134217732 miFodLayer 0x8000000
06-05 18:24:45.167  1113  1113 D CompositionEngine: writeOutputDependentGeometryStateToHWC layer[RoundCornerBottom#0] set Z 134217733 miFodLayer 0x8000000
06-05 18:24:45.183  1113  1113 D CompositionEngine: writeOutputDependentGeometryStateToHWC layer[com.example.dogglers/com.example.dogglers.MainActivity#0] set Z 134217728 miFodLayer 0x8000000
06-05 18:24:45.183  1113  1113 D CompositionEngine: writeOutputDependentGeometryStateToHWC layer[com.example.dogglers/com.example.dogglers.VerticalListActivity#0] set Z 134217729 miFodLayer 0x8000000
06-05 18:24:45.183  1113  1113 D CompositionEngine: writeOutputDependentGeometryStateToHWC layer[com.miui.securitycenter/.FloatingWindow#0] set Z 134217730 miFodLayer 0x8000000
06-05 18:24:45.183  1113  1113 D CompositionEngine: writeOutputDependentGeometryStateToHWC layer[StatusBar#0] set Z 134217731 miFodLayer 0x8000000
06-05 18:24:45.183  1113  1113 D CompositionEngine: writeOutputDependentGeometryStateToHWC layer[RoundCornerTop#0] set Z 134217732 miFodLayer 0x8000000
06-05 18:24:45.183  1113  1113 D CompositionEngine: writeOutputDependentGeometryStateToHWC layer[RoundCornerBottom#0] set Z 134217733 miFodLayer 0x8000000
06-05 18:24:45.200  1113  1113 D CompositionEngine: writeOutputDependentGeometryStateToHWC layer[com.example.dogglers/com.example.dogglers.MainActivity#0] set Z 134217728 miFodLayer 0x8000000
06-05 18:24:45.200  1113  1113 D CompositionEngine: writeOutputDependentGeometryStateToHWC layer[com.example.dogglers/com.example.dogglers.VerticalListActivity#0] set Z 134217729 miFodLayer 0x8000000
06-05 18:24:45.200  1113  1113 D CompositionEngine: writeOutputDependentGeometryStateToHWC layer[com.miui.securitycenter/.FloatingWindow#0] set Z 134217730 miFodLayer 0x8000000
06-05 18:24:45.200  1113  1113 D CompositionEngine: writeOutputDependentGeometryStateToHWC layer[StatusBar#0] set Z 134217731 miFodLayer 0x8000000
06-05 18:24:45.200  1113  1113 D CompositionEngine: writeOutputDependentGeometryStateToHWC layer[RoundCornerTop#0] set Z 134217732 miFodLayer 0x8000000
06-05 18:24:45.200  1113  1113 D CompositionEngine: writeOutputDependentGeometryStateToHWC layer[RoundCornerBottom#0] set Z 134217733 miFodLayer 0x8000000
06-05 18:24:45.216  1113  1113 D CompositionEngine: writeOutputDependentGeometryStateToHWC layer[com.example.dogglers/com.example.dogglers.MainActivity#0] set Z 134217728 miFodLayer 0x8000000
06-05 18:24:45.216  1113  1113 D CompositionEngine: writeOutputDependentGeometryStateToHWC layer[com.example.dogglers/com.example.dogglers.VerticalListActivity#0] set Z 134217729 miFodLayer 0x8000000
06-05 18:24:45.216  1113  1113 D CompositionEngine: writeOutputDependentGeometryStateToHWC layer[com.miui.securitycenter/.FloatingWindow#0] set Z 134217730 miFodLayer 0x8000000
06-05 18:24:45.216  1113  1113 D CompositionEngine: writeOutputDependentGeometryStateToHWC layer[StatusBar#0] set Z 134217731 miFodLayer 0x8000000
06-05 18:24:45.216  1113  1113 D CompositionEngine: writeOutputDependentGeometryStateToHWC layer[RoundCornerTop#0] set Z 134217732 miFodLayer 0x8000000
06-05 18:24:45.216  1113  1113 D CompositionEngine: writeOutputDependentGeometryStateToHWC layer[RoundCornerBottom#0] set Z 134217733 miFodLayer 0x8000000
06-05 18:24:45.233  1113  1113 D CompositionEngine: writeOutputDependentGeometryStateToHWC layer[com.example.dogglers/com.example.dogglers.MainActivity#0] set Z 134217728 miFodLayer 0x8000000
06-05 18:24:45.233  1113  1113 D CompositionEngine: writeOutputDependentGeometryStateToHWC layer[com.example.dogglers/com.example.dogglers.VerticalListActivity#0] set Z 134217729 miFodLayer 0x8000000
06-05 18:24:45.233  1113  1113 D CompositionEngine: writeOutputDependentGeometryStateToHWC layer[com.miui.securitycenter/.FloatingWindow#0] set Z 134217730 miFodLayer 0x8000000
06-05 18:24:45.233  1113  1113 D CompositionEngine: writeOutputDependentGeometryStateToHWC layer[StatusBar#0] set Z 134217731 miFodLayer 0x8000000
06-05 18:24:45.233  1113  1113 D CompositionEngine: writeOutputDependentGeometryStateToHWC layer[RoundCornerTop#0] set Z 134217732 miFodLayer 0x8000000
06-05 18:24:45.233  1113  1113 D CompositionEngine: writeOutputDependentGeometryStateToHWC layer[RoundCornerBottom#0] set Z 134217733 miFodLayer 0x8000000
06-05 18:24:45.249  1113  1113 D CompositionEngine: writeOutputDependentGeometryStateToHWC layer[com.example.dogglers/com.example.dogglers.MainActivity#0] set Z 134217728 miFodLayer 0x8000000
06-05 18:24:45.249  1113  1113 D CompositionEngine: writeOutputDependentGeometryStateToHWC layer[com.example.dogglers/com.example.dogglers.VerticalListActivity#0] set Z 134217729 miFodLayer 0x8000000
06-05 18:24:45.249  1113  1113 D CompositionEngine: writeOutputDependentGeometryStateToHWC layer[com.miui.securitycenter/.FloatingWindow#0] set Z 134217730 miFodLayer 0x8000000
06-05 18:24:45.249  1113  1113 D CompositionEngine: writeOutputDependentGeometryStateToHWC layer[StatusBar#0] set Z 134217731 miFodLayer 0x8000000
06-05 18:24:45.249  1113  1113 D CompositionEngine: writeOutputDependentGeometryStateToHWC layer[RoundCornerTop#0] set Z 134217732 miFodLayer 0x8000000
06-05 18:24:45.249  1113  1113 D CompositionEngine: writeOutputDependentGeometryStateToHWC layer[RoundCornerBottom#0] set Z 134217733 miFodLayer 0x8000000
06-05 18:24:45.266  1113  1113 D CompositionEngine: writeOutputDependentGeometryStateToHWC layer[com.example.dogglers/com.example.dogglers.MainActivity#0] set Z 134217728 miFodLayer 0x8000000
06-05 18:24:45.266  1113  1113 D CompositionEngine: writeOutputDependentGeometryStateToHWC layer[com.example.dogglers/com.example.dogglers.VerticalListActivity#0] set Z 134217729 miFodLayer 0x8000000
06-05 18:24:45.266  1113  1113 D CompositionEngine: writeOutputDependentGeometryStateToHWC layer[com.miui.securitycenter/.FloatingWindow#0] set Z 134217730 miFodLayer 0x8000000
06-05 18:24:45.266  1113  1113 D CompositionEngine: writeOutputDependentGeometryStateToHWC layer[StatusBar#0] set Z 134217731 miFodLayer 0x8000000
06-05 18:24:45.266  1113  1113 D CompositionEngine: writeOutputDependentGeometryStateToHWC layer[RoundCornerTop#0] set Z 134217732 miFodLayer 0x8000000
06-05 18:24:45.266  1113  1113 D CompositionEngine: writeOutputDependentGeometryStateToHWC layer[RoundCornerBottom#0] set Z 134217733 miFodLayer 0x8000000
06-05 18:24:45.282  1113  1113 D CompositionEngine: writeOutputDependentGeometryStateToHWC layer[com.example.dogglers/com.example.dogglers.MainActivity#0] set Z 134217728 miFodLayer 0x8000000
06-05 18:24:45.282  1113  1113 D CompositionEngine: writeOutputDependentGeometryStateToHWC layer[com.example.dogglers/com.example.dogglers.VerticalListActivity#0] set Z 134217729 miFodLayer 0x8000000
06-05 18:24:45.282  1113  1113 D CompositionEngine: writeOutputDependentGeometryStateToHWC layer[com.miui.securitycenter/.FloatingWindow#0] set Z 134217730 miFodLayer 0x8000000
06-05 18:24:45.282  1113  1113 D CompositionEngine: writeOutputDependentGeometryStateToHWC layer[StatusBar#0] set Z 134217731 miFodLayer 0x8000000
06-05 18:24:45.282  1113  1113 D CompositionEngine: writeOutputDependentGeometryStateToHWC layer[RoundCornerTop#0] set Z 134217732 miFodLayer 0x8000000
06-05 18:24:45.282  1113  1113 D CompositionEngine: writeOutputDependentGeometryStateToHWC layer[RoundCornerBottom#0] set Z 134217733 miFodLayer 0x8000000
06-05 18:24:45.299  1113  1113 D CompositionEngine: writeOutputDependentGeometryStateToHWC layer[com.example.dogglers/com.example.dogglers.MainActivity#0] set Z 134217728 miFodLayer 0x8000000
06-05 18:24:45.299  1113  1113 D CompositionEngine: writeOutputDependentGeometryStateToHWC layer[com.example.dogglers/com.example.dogglers.VerticalListActivity#0] set Z 134217729 miFodLayer 0x8000000
06-05 18:24:45.299  1113  1113 D CompositionEngine: writeOutputDependentGeometryStateToHWC layer[com.miui.securitycenter/.FloatingWindow#0] set Z 134217730 miFodLayer 0x8000000
06-05 18:24:45.299  1113  1113 D CompositionEngine: writeOutputDependentGeometryStateToHWC layer[StatusBar#0] set Z 134217731 miFodLayer 0x8000000
06-05 18:24:45.299  1113  1113 D CompositionEngine: writeOutputDependentGeometryStateToHWC layer[RoundCornerTop#0] set Z 134217732 miFodLayer 0x8000000
06-05 18:24:45.299  1113  1113 D CompositionEngine: writeOutputDependentGeometryStateToHWC layer[RoundCornerBottom#0] set Z 134217733 miFodLayer 0x8000000
06-05 18:24:45.315  1113  1113 D CompositionEngine: writeOutputDependentGeometryStateToHWC layer[com.example.dogglers/com.example.dogglers.MainActivity#0] set Z 134217728 miFodLayer 0x8000000
06-05 18:24:45.315  1113  1113 D CompositionEngine: writeOutputDependentGeometryStateToHWC layer[com.example.dogglers/com.example.dogglers.VerticalListActivity#0] set Z 134217729 miFodLayer 0x8000000
06-05 18:24:45.315  1113  1113 D CompositionEngine: writeOutputDependentGeometryStateToHWC layer[com.miui.securitycenter/.FloatingWindow#0] set Z 134217730 miFodLayer 0x8000000
06-05 18:24:45.315  1113  1113 D CompositionEngine: writeOutputDependentGeometryStateToHWC layer[StatusBar#0] set Z 134217731 miFodLayer 0x8000000
06-05 18:24:45.315  1113  1113 D CompositionEngine: writeOutputDependentGeometryStateToHWC layer[RoundCornerTop#0] set Z 134217732 miFodLayer 0x8000000
06-05 18:24:45.315  1113  1113 D CompositionEngine: writeOutputDependentGeometryStateToHWC layer[RoundCornerBottom#0] set Z 134217733 miFodLayer 0x8000000
06-05 18:24:45.332  1113  1113 D CompositionEngine: writeOutputDependentGeometryStateToHWC layer[com.example.dogglers/com.example.dogglers.MainActivity#0] set Z 134217728 miFodLayer 0x8000000
06-05 18:24:45.332  1113  1113 D CompositionEngine: writeOutputDependentGeometryStateToHWC layer[com.example.dogglers/com.example.dogglers.VerticalListActivity#0] set Z 134217729 miFodLayer 0x8000000
06-05 18:24:45.332  1113  1113 D CompositionEngine: writeOutputDependentGeometryStateToHWC layer[com.miui.securitycenter/.FloatingWindow#0] set Z 134217730 miFodLayer 0x8000000
06-05 18:24:45.332  1113  1113 D CompositionEngine: writeOutputDependentGeometryStateToHWC layer[StatusBar#0] set Z 134217731 miFodLayer 0x8000000
