06-05 18:20:42.582  2930  2930 I QcrilOemhookMsgTunnel: [0]invokeOemRilRequestRaw: serial=2025 length=36
06-05 18:20:42.623  1793  2006 D XIAOMI_QCRIL: RIL[lib][xiaomi_extend_nvefs.c:52] xiaomi_qmi_result_map: xiaomi_qmi_result_map, old_result 0, new_result 0
06-05 18:20:42.623  2930  3267 I QcrilOemhookMsgTunnel: [0]processOemHookResponse serial no: 2025 error: 0length=16
06-05 18:20:42.624  2930  2930 D QcrilMsgTunnelIfaceManager: handleMessage what = 2
06-05 18:20:42.624  2999  3462 D QC_RIL_OEM_HOOK: sendOemRilRequestRaw returns value = 16
06-05 18:20:42.624  2999  3462 D ModemSarController_8250: type = 65, len = 4, value = 0
06-05 18:20:43.094  4385  4385 D BoundBrokerSvc: onBind: Intent { act=com.google.android.gms.potokens.service.START pkg=com.google.android.gms cmp=com.google.android.gms/.chimera.GmsApiService }
06-05 18:20:43.094  4385  4385 D BoundBrokerSvc: Loading bound service for intent: Intent { act=com.google.android.gms.potokens.service.START pkg=com.google.android.gms cmp=com.google.android.gms/.chimera.GmsApiService }
06-05 18:20:43.802  6316  6316 I BatteryInfoReceiver: ACTION_BATTERY_CHANGED
06-05 18:20:43.805  2999  2999 D DynamicService:  ACTION_BATTERY_CHANGED change,USB plug = 2
06-05 18:20:43.805  7552  7645 D PowerKeeper.Thermal: mBatteryTemperature: 41
06-05 18:20:43.805  7552  7857 D PowerCheckerService: onBatteryChanged, mBatteryLevel = 56, status = 2, level = 56, plug = 2, scale = 100
06-05 18:20:43.807  7552  7931 D ThermalIECHandler: storeDataStyle: thermal_iec_monitor_persistence_data_style_iec_state; startIECTime: -1; IECScreenOffOverPeriodTime: -1
06-05 18:20:43.807  2992  2992 V DeviceStatisticsService: chargerType=2 batteryLevel=56 totalBatteryCapacity=4261900
06-05 18:20:43.807  2992  2992 D DeviceInfoHidlClient: isRadioOn()=true
06-05 18:20:43.807  2992  2992 I DeviceInfoHidlClient: isPowerInfoNeverSent=false batteryLevel=56 batteryLevelIndex=2 chargingMode=2 totalCapacity=4261900 powerSaveMode=false
06-05 18:20:43.815  2953  3093 I Unity   : [Spell Pooling]  Acquired: Card_Play_Ally_Zzz(Clone)(Clone)
06-05 18:20:43.819  2953  3093 I Unity   : [Spell Pooling]  Acquired: Card_Play_Ally_BattleCry(Clone)(Clone)
06-05 18:20:43.872  4385  4385 D BoundBrokerSvc: onUnbind: Intent { act=com.google.android.gms.people.contactssync.service.START pkg=com.google.android.gms }
06-05 18:20:43.884  1850  1905 W System  : A resource failed to call close.
06-05 18:20:45.898  1103  1103 I audioserver: setGameParameters keyvalue: xlog.volume.music.speaker=54
06-05 18:20:45.899   975  1043 D audio_hw_primary: adev_set_parameters: enter: xlog.volume.music.speaker=54
06-05 18:20:45.899   975  1043 V msm8974_platform: platform_set_parameters: enter: xlog.volume.music.speaker=54
06-05 18:20:45.899   975  1043 D audio_hw_hfp: hfp_set_parameters: enter
06-05 18:20:45.899   975  1043 D audio_hw_hfp: hfp_set_parameters: enter
06-05 18:20:45.899   975  1043 V a2dp_offload: end of a2dp setparam
06-05 18:20:45.899   975  1043 D audio_hw_cspl_cal: cirrus_cal_setparameters: enter 0xf3003600
06-05 18:20:45.899   975  1043 D audio_hw_extn: audio_extn_fm_set_parameters: Enter
06-05 18:20:45.899   975  1043 D audio_hw_hfp: hfp_set_parameters: enter
06-05 18:20:45.899   975  1043 V a2dp_offload: end of a2dp setparam
06-05 18:20:45.899   975  1043 D audio_hw_primary: adev_set_parameters: exit with code(0)
06-05 18:20:45.899  1103  1103 I audioserver: setGameParameters keyvalue: xlog.volume.music.speaker=54
06-05 18:20:45.900   975  1043 D audio_hw_primary: adev_set_parameters: enter: xlog.volume.music.speaker=54
06-05 18:20:45.900   975  1043 V msm8974_platform: platform_set_parameters: enter: xlog.volume.music.speaker=54
06-05 18:20:45.900   975  1043 D audio_hw_hfp: hfp_set_parameters: enter
06-05 18:20:45.900   975  1043 D audio_hw_hfp: hfp_set_parameters: enter
06-05 18:20:45.900   975  1043 V a2dp_offload: end of a2dp setparam
06-05 18:20:45.900   975  1043 D audio_hw_cspl_cal: cirrus_cal_setparameters: enter 0xf3003600
06-05 18:20:45.900   975  1043 D audio_hw_extn: audio_extn_fm_set_parameters: Enter
06-05 18:20:45.900   975  1043 D audio_hw_hfp: hfp_set_parameters: enter
06-05 18:20:45.900   975  1043 V a2dp_offload: end of a2dp setparam
06-05 18:20:45.900   975  1043 D audio_hw_primary: adev_set_parameters: exit with code(0)
06-05 18:20:47.439  1850  2634 I MiuiNetworkPolicy: updateUidState uid = 10081, uidState = 15
06-05 18:20:47.625  2999  3462 D MI_RIL_OEM_HOOK: onPkHookCommonMsg, msg_id = 65
06-05 18:20:47.625  2999  3462 D MI_RIL_OEM_HOOK: onGetHookMsgBytes, HOOK_HEAD_SIZE = 16, msg_len = 4
06-05 18:20:47.625  2999  3462 D MI_RIL_OEM_HOOK: onHookSendSync, phoneId = 0
06-05 18:20:47.626  2930  2930 D QcrilMsgTunnelIfaceManager: handleMessage what = 1
06-05 18:20:47.626  2930  2930 I QcrilOemhookMsgTunnel: [0]invokeOemRilRequestRaw: serial=2026 length=36
06-05 18:20:47.664  1793  2006 D XIAOMI_QCRIL: RIL[lib][xiaomi_extend_nvefs.c:52] xiaomi_qmi_result_map: xiaomi_qmi_result_map, old_result 0, new_result 0
06-05 18:20:47.665  2930  3267 I QcrilOemhookMsgTunnel: [0]processOemHookResponse serial no: 2026 error: 0length=16
06-05 18:20:47.665  2930  2930 D QcrilMsgTunnelIfaceManager: handleMessage what = 2
06-05 18:20:47.666  2999  3462 D QC_RIL_OEM_HOOK: sendOemRilRequestRaw returns value = 16
06-05 18:20:47.666  2999  3462 D ModemSarController_8250: type = 65, len = 4, value = 0
06-05 18:20:47.959  1850  2553 D MIUIInput: [MotionEvent] publisher action=0x4, 5036006, channel '613871d com.miui.securitycenter (server)'
06-05 18:20:47.959  1850  2553 D MIUIInput: [MotionEvent] publisher action=0x4, 5036006, channel 'ef6ede1 com.miui.securitycenter (server)'
06-05 18:20:47.959  1850  2553 D MIUIInput: [MotionEvent] publisher action=0x0, 5036006, channel '1b9faa8 com.blizzard.wtcg.hearthstone/com.blizzard.wtcg.hearthstone.HearthstoneActivity (server)'
06-05 18:20:47.959  7693  7693 I GameBoxTouchListener: onTouch: 	mAdded=false	isLeftShowfalse
06-05 18:20:47.960  7693  7693 I GameBoxTouchListener: onTouch: 	mAdded=false	isLeftShowtrue
06-05 18:20:48.576   859   859 D Zygote  : Forked child process 7172
06-05 18:20:48.590  7172  7172 E com.modemdebug: Not starting debugger since process cannot load the jdwp agent.
06-05 18:20:48.595  7172  7172 D ProcessState: Binder ioctl to enable oneway spam detection failed: Invalid argument
06-05 18:20:48.614   598   598 E SELinux : avc:  denied  { find } for pid=7172 uid=1000 name=miui.mqsas.MQSService scontext=u:r:xiaomimodemdebugservice_app:s0 tcontext=u:object_r:mqs_service:s0 tclass=service_manager permissive=0
06-05 18:20:48.617  7172  7172 D CompatibilityChangeReporter: Compat change id reported: 171979766; UID 1000; state: ENABLED
06-05 18:20:48.660  1850  2553 D MIUIInput: [MotionEvent] publisher action=0x1, 5036707, channel '1b9faa8 com.blizzard.wtcg.hearthstone/com.blizzard.wtcg.hearthstone.HearthstoneActivity (server)'
06-05 18:20:48.670  7172  7172 V GraphicsEnvironment: ANGLE Developer option for 'com.modemdebug' set to: 'default'
06-05 18:20:48.672   598   598 E SELinux : avc:  denied  { find } for pid=7172 uid=1000 name=uimode scontext=u:r:xiaomimodemdebugservice_app:s0 tcontext=u:object_r:uimode_service:s0 tclass=service_manager permissive=0
06-05 18:20:48.675  7172  7172 D OpenGLRenderer: JNI_OnLoad success
06-05 18:20:48.675  7172  7172 I MiuiForceDarkConfig: setConfig density:2.750000, mainRule:0, secondaryRule:0, tertiaryRule:0
06-05 18:20:48.677  7172  7172 D NetworkSecurityConfig: No Network Security Config specified, using platform default
06-05 18:20:48.677  7172  7172 D NetworkSecurityConfig: No Network Security Config specified, using platform default
06-05 18:20:48.679   598   598 E SELinux : avc:  denied  { find } for pid=7172 uid=1000 name=ProcessManager scontext=u:r:xiaomimodemdebugservice_app:s0 tcontext=u:object_r:miui_process_service:s0 tclass=service_manager permissive=0
06-05 18:20:48.681  7172  7172 D ModemDebug_Service: onCreate
06-05 18:20:48.684   598   598 E SELinux : avc:  denied  { find } for pid=7172 uid=1000 name=phone scontext=u:r:xiaomimodemdebugservice_app:s0 tcontext=u:object_r:radio_service:s0 tclass=service_manager permissive=0
06-05 18:20:48.684  7172  7172 D ModemDebug_Service: check mReadItem:
06-05 18:20:48.684  7172  7172 D ModemDebug_Service: checkModemLabtest() mReadItem is NULL
06-05 18:20:48.684  7172  7172 D ModemDebug_Service: lab test check result:false
06-05 18:20:48.684  7172  7172 D ModemDebug_Service: needupdate: true
06-05 18:20:48.685   598   598 E SELinux : avc:  denied  { find } for pid=7172 uid=1000 name=phone scontext=u:r:xiaomimodemdebugservice_app:s0 tcontext=u:object_r:radio_service:s0 tclass=service_manager permissive=0
06-05 18:20:48.685  7172  7172 D ModemDebug_Service: update mReadItem:
06-05 18:20:48.685  7172  7172 D ModemDebug_Service: updateModemLabtestFlag() mReadItem is NULL
06-05 18:20:48.689  7172  7172 D XiaomiModemDumpCollect: load xiaomimodemdump_jni:
06-05 18:20:48.689  7172  7172 D ModemDebug_Service: start modem dump collect thread
06-05 18:20:48.689  7172  7191 E XiaomiModemDump: x55dump_daemon enter
06-05 18:20:48.691   598   598 E SELinux : avc:  denied  { find } for pid=7172 uid=1000 name=content_capture scontext=u:r:xiaomimodemdebugservice_app:s0 tcontext=u:object_r:content_capture_service:s0 tclass=service_manager permissive=0
06-05 18:20:49.706  6316  6316 I BatteryInfoReceiver: ACTION_BATTERY_CHANGED
06-05 18:20:49.708  7552  7931 D ThermalIECHandler: storeDataStyle: thermal_iec_monitor_persistence_data_style_iec_state; startIECTime: -1; IECScreenOffOverPeriodTime: -1
06-05 18:20:49.708  2999  2999 D DynamicService:  ACTION_BATTERY_CHANGED change,USB plug = 2
06-05 18:20:49.711  7552  7857 D PowerCheckerService: onBatteryChanged, mBatteryLevel = 56, status = 2, level = 56, plug = 2, scale = 100
06-05 18:20:49.711  2992  2992 V DeviceStatisticsService: chargerType=2 batteryLevel=56 totalBatteryCapacity=4261400
06-05 18:20:49.711  2992  2992 D DeviceInfoHidlClient: isRadioOn()=true
06-05 18:20:49.711  2992  2992 I DeviceInfoHidlClient: isPowerInfoNeverSent=false batteryLevel=56 batteryLevelIndex=2 chargingMode=2 totalCapacity=4261400 powerSaveMode=false
06-05 18:20:49.712  7552  7645 D PowerKeeper.Thermal: mBatteryTemperature: 41
06-05 18:20:51.194  1850  2634 I MiuiNetworkPolicy: updateUidState uid = 10375, uidState = 11
06-05 18:20:51.212  1850  2634 I MiuiNetworkPolicy: updateUidState uid = 10375, uidState = 10
06-05 18:20:51.225  7058 30391 W msgr.MqttClient: connection/disconnecting; reason=SERVICE_DESTROY, operation=DISCONNECT
06-05 18:20:51.234  1850  2634 I MiuiNetworkPolicy: updateUidState uid = 10375, uidState = 15
06-05 18:20:51.246  7058  7058 W msgr.MobileConfigFactoryImpl: SESSIONLESS factory used for SESSIONBASED param
06-05 18:20:51.246  7058  7554 E msgr.msys: E[S sync]_createResponseError(183)=>Network Response fa832d7f-2dd2-40e1-a42b-1ff7bdb51cc7 contains sync error Error Domain=mqtt Code=2002 - Underlying error (null): Error Domain=mqtt Code=2002
06-05 18:20:51.249  7058  7193 W msgr.lacrima: Soft error detector missing: MobileConfigFactoryImpl: invalid specifier SESSIONLESS factory used for SESSIONBASED param, skipping
06-05 18:20:51.260  7058  7554 E msgr.msys: E[S sync]_createResponseError(183)=>Network Response 0eee96f5-156f-493b-b5af-f9e18416c850 contains sync error Error Domain=mqtt Code=2002 - Underlying error (null): Error Domain=mqtt Code=2002
06-05 18:20:51.263  7058  7554 E msgr.msys: E[S sync]_createResponseError(183)=>Network Response 26fd02ff-9109-4a4d-882a-0f82afb92ed8 contains sync error Error Domain=mqtt Code=2002 - Underlying error (null): Error Domain=mqtt Code=2002
06-05 18:20:51.267  7058  7554 E msgr.msys: E[S sync]_createResponseError(183)=>Network Response 874968fd-2c1c-4fd4-9608-4055ed81d384 contains sync error Error Domain=mqtt Code=2002 - Underlying error (null): Error Domain=mqtt Code=2002
06-05 18:20:51.785  1850  2634 I MiuiNetworkPolicy: updateUidState uid = 10157, uidState = 19
06-05 18:20:51.787  1850  2634 I MiuiNetworkPolicy: updateUidState uid = 10137, uidState = 19
06-05 18:20:51.788  1850  2634 I MiuiNetworkPolicy: updateUidState uid = 10086, uidState = 19
06-05 18:20:51.788  1850  2634 I MiuiNetworkPolicy: updateUidState uid = 1000, uidState = 0
06-05 18:20:52.181  1850  2634 D MiuiNetworkPolicy: updateLimit mLimitEnabled=true,enabled=false,mNetworkPriorityMode=2
06-05 18:20:52.666  2999  3462 D MI_RIL_OEM_HOOK: onPkHookCommonMsg, msg_id = 65
06-05 18:20:52.666  2999  3462 D MI_RIL_OEM_HOOK: onGetHookMsgBytes, HOOK_HEAD_SIZE = 16, msg_len = 4
06-05 18:20:52.666  2999  3462 D MI_RIL_OEM_HOOK: onHookSendSync, phoneId = 0
06-05 18:20:52.667  2930  2930 D QcrilMsgTunnelIfaceManager: handleMessage what = 1
06-05 18:20:52.667  2930  2930 I QcrilOemhookMsgTunnel: [0]invokeOemRilRequestRaw: serial=2027 length=36
06-05 18:20:52.708  1793  2006 D XIAOMI_QCRIL: RIL[lib][xiaomi_extend_nvefs.c:52] xiaomi_qmi_result_map: xiaomi_qmi_result_map, old_result 0, new_result 0
06-05 18:20:52.709  2930  3267 I QcrilOemhookMsgTunnel: [0]processOemHookResponse serial no: 2027 error: 0length=16
06-05 18:20:52.710  2930  2930 D QcrilMsgTunnelIfaceManager: handleMessage what = 2
06-05 18:20:52.710  2999  3462 D QC_RIL_OEM_HOOK: sendOemRilRequestRaw returns value = 16
06-05 18:20:52.710  2999  3462 D ModemSarController_8250: type = 65, len = 4, value = 0
06-05 18:20:53.155  1850  2553 D MIUIInput: [MotionEvent] publisher action=0x4, 5041202, channel '613871d com.miui.securitycenter (server)'
06-05 18:20:53.156  1850  2553 D MIUIInput: [MotionEvent] publisher action=0x4, 5041202, channel 'ef6ede1 com.miui.securitycenter (server)'
06-05 18:20:53.156  1850  2553 D MIUIInput: [MotionEvent] publisher action=0x0, 5041202, channel '1b9faa8 com.blizzard.wtcg.hearthstone/com.blizzard.wtcg.hearthstone.HearthstoneActivity (server)'
06-05 18:20:53.156  7693  7693 I GameBoxTouchListener: onTouch: 	mAdded=false	isLeftShowfalse
06-05 18:20:53.156  7693  7693 I GameBoxTouchListener: onTouch: 	mAdded=false	isLeftShowtrue
06-05 18:20:53.296  1850  1941 D PerfImpl: perfGetWorkLoadType
06-05 18:20:53.297  1034  1034 E vendor.qti.hardware.perf@2.2-service: Unknown params
06-05 18:20:53.297  1034  1034 I ANDR-PERF-LM: LMPerfGlue: perfmodule_submit_request() 132: perfmodule_submit_request()
06-05 18:20:53.297  1034  1034 I ANDR-PERF-LM: Core: getInstance() 84: LM getInstance
06-05 18:20:53.297  1034  1034 D ANDR-PERF-LM: Feature: lookup() 101: Feature Name = AppClassifier, total featuers = 3, featureFound = 1
06-05 18:20:53.297  1034  1034 D ANDR-PERF-LM: Feature: getData() 112: data.data = 2
06-05 18:20:53.297  1034  1034 I ANDR-PERF-LM: FeedbackAPI: getFeedback() 60: app:com.blizzard.wtcg.hearthstone feature:AppClassifier feedback = 2
06-05 18:20:53.297  1850  1941 D PerfImpl: perfGetWorkLoadType
06-05 18:20:53.297  1034  1034 E vendor.qti.hardware.perf@2.2-service: Unknown params
06-05 18:20:53.297  1034  1034 I ANDR-PERF-LM: LMPerfGlue: perfmodule_submit_request() 132: perfmodule_submit_request()
06-05 18:20:53.297  1034  1034 I ANDR-PERF-LM: Core: getInstance() 84: LM getInstance
06-05 18:20:53.297  1034  1034 D ANDR-PERF-LM: Feature: lookup() 101: Feature Name = AppClassifier, total featuers = 3, featureFound = 1
06-05 18:20:53.297  1034  1034 D ANDR-PERF-LM: Feature: getData() 112: data.data = 2
06-05 18:20:53.297  1034  1034 I ANDR-PERF-LM: FeedbackAPI: getFeedback() 60: app:com.blizzard.wtcg.hearthstone feature:AppClassifier feedback = 2
06-05 18:20:53.297  1850  1941 D PerfImpl: perfLockRelease
06-05 18:20:53.459  1850  2553 D MIUIInput: [MotionEvent] publisher action=0x1, 5041506, channel '1b9faa8 com.blizzard.wtcg.hearthstone/com.blizzard.wtcg.hearthstone.HearthstoneActivity (server)'
06-05 18:20:53.461  1850  1941 D PerfImpl: perfGetWorkLoadType
06-05 18:20:53.462  1034  1034 E vendor.qti.hardware.perf@2.2-service: Unknown params
06-05 18:20:53.462  1034  1034 I ANDR-PERF-LM: LMPerfGlue: perfmodule_submit_request() 132: perfmodule_submit_request()
06-05 18:20:53.462  1034  1034 I ANDR-PERF-LM: Core: getInstance() 84: LM getInstance
06-05 18:20:53.462  1034  1034 D ANDR-PERF-LM: Feature: lookup() 101: Feature Name = AppClassifier, total featuers = 3, featureFound = 1
06-05 18:20:53.462  1034  1034 D ANDR-PERF-LM: Feature: getData() 112: data.data = 2
06-05 18:20:53.462  1034  1034 I ANDR-PERF-LM: FeedbackAPI: getFeedback() 60: app:com.blizzard.wtcg.hearthstone feature:AppClassifier feedback = 2
06-05 18:20:53.463  1850  1941 D PerfImpl: perfGetWorkLoadType
06-05 18:20:53.463  1034  1034 E vendor.qti.hardware.perf@2.2-service: Unknown params
06-05 18:20:53.463  1034  1034 I ANDR-PERF-LM: LMPerfGlue: perfmodule_submit_request() 132: perfmodule_submit_request()
06-05 18:20:53.463  1034  1034 I ANDR-PERF-LM: Core: getInstance() 84: LM getInstance
06-05 18:20:53.463  1034  1034 D ANDR-PERF-LM: Feature: lookup() 101: Feature Name = AppClassifier, total featuers = 3, featureFound = 1
06-05 18:20:53.463  1034  1034 D ANDR-PERF-LM: Feature: getData() 112: data.data = 2
06-05 18:20:53.463  1034  1034 I ANDR-PERF-LM: FeedbackAPI: getFeedback() 60: app:com.blizzard.wtcg.hearthstone feature:AppClassifier feedback = 2
06-05 18:20:53.463  1850  1941 D PerfImpl: perfGetWorkLoadType
06-05 18:20:53.463  1034  1034 E vendor.qti.hardware.perf@2.2-service: Unknown params
06-05 18:20:53.463  1034  1034 I ANDR-PERF-LM: LMPerfGlue: perfmodule_submit_request() 132: perfmodule_submit_request()
06-05 18:20:53.463  1034  1034 I ANDR-PERF-LM: Core: getInstance() 84: LM getInstance
06-05 18:20:53.463  1034  1034 D ANDR-PERF-LM: Feature: lookup() 101: Feature Name = AppClassifier, total featuers = 3, featureFound = 1
06-05 18:20:53.463  1034  1034 D ANDR-PERF-LM: Feature: getData() 112: data.data = 2
06-05 18:20:53.463  1034  1034 I ANDR-PERF-LM: FeedbackAPI: getFeedback() 60: app:com.blizzard.wtcg.hearthstone feature:AppClassifier feedback = 2
06-05 18:20:53.464  1850  1941 D PerfImpl: perfLockRelease
06-05 18:20:53.681  2953  3093 I Unity   : [Spell Pooling]  Acquired: Card_Play_Ally_Enchantment_Positive(Clone)(Clone)
06-05 18:20:53.681  2953  3093 I Unity   : [Spell Pooling]  Acquired: Card_Play_Ally_Enchantment_Negative(Clone)(Clone)
06-05 18:20:53.681  2953  3093 I Unity   : [Spell Pooling]  Acquired: Card_Play_Ally_Enchantment_Neutral(Clone)(Clone)
06-05 18:20:54.170  1850  2553 D MIUIInput: [MotionEvent] publisher action=0x4, 5042218, channel '613871d com.miui.securitycenter (server)'
06-05 18:20:54.171  1850  2553 D MIUIInput: [MotionEvent] publisher action=0x4, 5042218, channel 'ef6ede1 com.miui.securitycenter (server)'
06-05 18:20:54.171  1850  2553 D MIUIInput: [MotionEvent] publisher action=0x0, 5042218, channel '1b9faa8 com.blizzard.wtcg.hearthstone/com.blizzard.wtcg.hearthstone.HearthstoneActivity (server)'
06-05 18:20:54.171  7693  7693 I GameBoxTouchListener: onTouch: 	mAdded=false	isLeftShowfalse
06-05 18:20:54.172  7693  7693 I GameBoxTouchListener: onTouch: 	mAdded=false	isLeftShowtrue
06-05 18:20:54.214  1850  2553 D MIUIInput: [MotionEvent] publisher action=0x1, 5042261, channel '1b9faa8 com.blizzard.wtcg.hearthstone/com.blizzard.wtcg.hearthstone.HearthstoneActivity (server)'
06-05 18:20:54.655  2953  3093 W Unity   : Animator.GotoState: State could not be found
06-05 18:20:54.655  2953  3093 W Unity   : (Filename:  Line: 1349)
06-05 18:20:54.655  2953  3093 W Unity   :
06-05 18:20:54.656  2953  3093 W Unity   : Invalid Layer Index '-1'
06-05 18:20:54.656  2953  3093 W Unity   : (Filename:  Line: 915)
06-05 18:20:54.656  2953  3093 W Unity   :
06-05 18:20:55.290  1850  2553 D MIUIInput: [MotionEvent] publisher action=0x4, 5043337, channel '613871d com.miui.securitycenter (server)'
06-05 18:20:55.290  1850  2553 D MIUIInput: [MotionEvent] publisher action=0x4, 5043337, channel 'ef6ede1 com.miui.securitycenter (server)'
06-05 18:20:55.290  1850  2553 D MIUIInput: [MotionEvent] publisher action=0x0, 5043337, channel '1b9faa8 com.blizzard.wtcg.hearthstone/com.blizzard.wtcg.hearthstone.HearthstoneActivity (server)'
06-05 18:20:55.291  7693  7693 I GameBoxTouchListener: onTouch: 	mAdded=false	isLeftShowfalse
06-05 18:20:55.291  7693  7693 I GameBoxTouchListener: onTouch: 	mAdded=false	isLeftShowtrue
06-05 18:20:55.328  1850  2553 D MIUIInput: [MotionEvent] publisher action=0x1, 5043375, channel '1b9faa8 com.blizzard.wtcg.hearthstone/com.blizzard.wtcg.hearthstone.HearthstoneActivity (server)'
06-05 18:20:55.909  1103  1103 I audioserver: setGameParameters keyvalue: xlog.volume.music.speaker=54
06-05 18:20:55.909   975  1043 D audio_hw_primary: adev_set_parameters: enter: xlog.volume.music.speaker=54
06-05 18:20:55.909   975  1043 V msm8974_platform: platform_set_parameters: enter: xlog.volume.music.speaker=54
06-05 18:20:55.909   975  1043 D audio_hw_hfp: hfp_set_parameters: enter
06-05 18:20:55.909   975  1043 D audio_hw_hfp: hfp_set_parameters: enter
06-05 18:20:55.909   975  1043 V a2dp_offload: end of a2dp setparam
06-05 18:20:55.909   975  1043 D audio_hw_cspl_cal: cirrus_cal_setparameters: enter 0xf3003600
06-05 18:20:55.909   975  1043 D audio_hw_extn: audio_extn_fm_set_parameters: Enter
06-05 18:20:55.909   975  1043 D audio_hw_hfp: hfp_set_parameters: enter
06-05 18:20:55.909   975  1043 V a2dp_offload: end of a2dp setparam
06-05 18:20:55.909   975  1043 D audio_hw_primary: adev_set_parameters: exit with code(0)
06-05 18:20:55.910  1103  1103 I audioserver: setGameParameters keyvalue: xlog.volume.music.speaker=54
06-05 18:20:55.910   975  1043 D audio_hw_primary: adev_set_parameters: enter: xlog.volume.music.speaker=54
06-05 18:20:55.910   975  1043 V msm8974_platform: platform_set_parameters: enter: xlog.volume.music.speaker=54
06-05 18:20:55.910   975  1043 D audio_hw_hfp: hfp_set_parameters: enter
06-05 18:20:55.910   975  1043 D audio_hw_hfp: hfp_set_parameters: enter
06-05 18:20:55.910   975  1043 V a2dp_offload: end of a2dp setparam
06-05 18:20:55.910   975  1043 D audio_hw_cspl_cal: cirrus_cal_setparameters: enter 0xf3003600
06-05 18:20:55.910   975  1043 D audio_hw_extn: audio_extn_fm_set_parameters: Enter
06-05 18:20:55.910   975  1043 D audio_hw_hfp: hfp_set_parameters: enter
06-05 18:20:55.910   975  1043 V a2dp_offload: end of a2dp setparam
06-05 18:20:55.910   975  1043 D audio_hw_primary: adev_set_parameters: exit with code(0)
06-05 18:20:56.507  2953  3093 I Unity   : [Spell Pooling]  Acquired: Card_Play_Ally_Trigger_Quick(Clone)(Clone)
06-05 18:20:56.561  2953  3093 I Unity   : [Spell Pooling]  Acquired: Card_Play_Ally_BattleCry(Clone)(Clone)
06-05 18:20:56.646  2953  3093 W Unity   : Animator.GotoState: State could not be found
06-05 18:20:56.646  2953  3093 W Unity   : (Filename:  Line: 1349)
06-05 18:20:56.646  2953  3093 W Unity   :
06-05 18:20:56.647  2953  3093 W Unity   : Invalid Layer Index '-1'
06-05 18:20:56.647  2953  3093 W Unity   : (Filename:  Line: 915)
06-05 18:20:56.647  2953  3093 W Unity   :
06-05 18:20:56.650  2953  3093 W Unity   : Animator.GotoState: State could not be found
06-05 18:20:56.650  2953  3093 W Unity   : (Filename:  Line: 1349)
06-05 18:20:56.650  2953  3093 W Unity   :
06-05 18:20:56.650  2953  3093 W Unity   : Invalid Layer Index '-1'
06-05 18:20:56.650  2953  3093 W Unity   : (Filename:  Line: 915)
06-05 18:20:56.650  2953  3093 W Unity   :
06-05 18:20:57.166  1850  2553 D MIUIInput: [MotionEvent] publisher action=0x4, 5045213, channel '613871d com.miui.securitycenter (server)'
06-05 18:20:57.166  1850  2553 D MIUIInput: [MotionEvent] publisher action=0x4, 5045213, channel 'ef6ede1 com.miui.securitycenter (server)'
06-05 18:20:57.166  1850  2553 D MIUIInput: [MotionEvent] publisher action=0x0, 5045213, channel '1b9faa8 com.blizzard.wtcg.hearthstone/com.blizzard.wtcg.hearthstone.HearthstoneActivity (server)'
06-05 18:20:57.166  7693  7693 I GameBoxTouchListener: onTouch: 	mAdded=false	isLeftShowfalse
06-05 18:20:57.166  7693  7693 I GameBoxTouchListener: onTouch: 	mAdded=false	isLeftShowtrue
06-05 18:20:57.188  1850  2634 D MiuiNetworkPolicy: updateLimit mLimitEnabled=false,enabled=true,mNetworkPriorityMode=2
06-05 18:20:57.220  1850  2553 D MIUIInput: [MotionEvent] publisher action=0x1, 5045267, channel '1b9faa8 com.blizzard.wtcg.hearthstone/com.blizzard.wtcg.hearthstone.HearthstoneActivity (server)'
06-05 18:20:57.711  2999  3462 D MI_RIL_OEM_HOOK: onPkHookCommonMsg, msg_id = 65
06-05 18:20:57.711  2999  3462 D MI_RIL_OEM_HOOK: onGetHookMsgBytes, HOOK_HEAD_SIZE = 16, msg_len = 4
06-05 18:20:57.711  2999  3462 D MI_RIL_OEM_HOOK: onHookSendSync, phoneId = 0
06-05 18:20:57.711  2930  2930 D QcrilMsgTunnelIfaceManager: handleMessage what = 1
06-05 18:20:57.711  2930  2930 I QcrilOemhookMsgTunnel: [0]invokeOemRilRequestRaw: serial=2028 length=36
06-05 18:20:57.753  1793  2006 D XIAOMI_QCRIL: RIL[lib][xiaomi_extend_nvefs.c:52] xiaomi_qmi_result_map: xiaomi_qmi_result_map, old_result 0, new_result 0
06-05 18:20:57.754  2930  3267 I QcrilOemhookMsgTunnel: [0]processOemHookResponse serial no: 2028 error: 0length=16
06-05 18:20:57.755  2930  2930 D QcrilMsgTunnelIfaceManager: handleMessage what = 2
06-05 18:20:57.755  2999  3462 D QC_RIL_OEM_HOOK: sendOemRilRequestRaw returns value = 16
06-05 18:20:57.756  2999  3462 D ModemSarController_8250: type = 65, len = 4, value = 0
06-05 18:20:57.882  7552  7931 D ThermalIECHandler: storeDataStyle: thermal_iec_monitor_persistence_data_style_iec_state; startIECTime: -1; IECScreenOffOverPeriodTime: -1
06-05 18:20:57.883  6316  6316 I BatteryInfoReceiver: ACTION_BATTERY_CHANGED
06-05 18:20:57.883  7552  7857 D PowerCheckerService: onBatteryChanged, mBatteryLevel = 56, status = 2, level = 56, plug = 2, scale = 100
06-05 18:20:57.884  2999  2999 D DynamicService:  ACTION_BATTERY_CHANGED change,USB plug = 2
06-05 18:20:57.885  7552  7645 D PowerKeeper.Thermal: mBatteryTemperature: 41
06-05 18:20:57.888  2992  2992 V DeviceStatisticsService: chargerType=2 batteryLevel=56 totalBatteryCapacity=4260400
06-05 18:20:57.888  2992  2992 D DeviceInfoHidlClient: isRadioOn()=true
06-05 18:20:57.888  2992  2992 I DeviceInfoHidlClient: isPowerInfoNeverSent=false batteryLevel=56 batteryLevelIndex=2 chargingMode=2 totalCapacity=4260400 powerSaveMode=false
06-05 18:20:58.080  2953  3093 I Unity   : [Spell Pooling]  Acquired: Card_Play_Ally_Zzz(Clone)(Clone)
06-05 18:20:58.107  2953  3093 I Unity   : [Spell Pooling]  Acquired: Card_Play_Ally_Zzz(Clone)(Clone)
06-05 18:20:58.178  4385  4385 D BoundBrokerSvc: onUnbind: Intent { act=com.google.android.gms.potokens.service.START pkg=com.google.android.gms cmp=com.google.android.gms/.chimera.GmsApiService }
06-05 18:20:58.559  1850  2553 D MIUIInput: [MotionEvent] publisher action=0x4, 5046606, channel '613871d com.miui.securitycenter (server)'
06-05 18:20:58.559  1850  2553 D MIUIInput: [MotionEvent] publisher action=0x4, 5046606, channel 'ef6ede1 com.miui.securitycenter (server)'
06-05 18:20:58.559  1850  2553 D MIUIInput: [MotionEvent] publisher action=0x0, 5046606, channel '1b9faa8 com.blizzard.wtcg.hearthstone/com.blizzard.wtcg.hearthstone.HearthstoneActivity (server)'
06-05 18:20:58.560  7693  7693 I GameBoxTouchListener: onTouch: 	mAdded=false	isLeftShowfalse
06-05 18:20:58.560  7693  7693 I GameBoxTouchListener: onTouch: 	mAdded=false	isLeftShowtrue
06-05 18:20:58.572   859   859 D Zygote  : Forked child process 7194
06-05 18:20:58.589  7194  7194 E lcomm.telephon: Not starting debugger since process cannot load the jdwp agent.
06-05 18:20:58.593  7194  7194 D ProcessState: Binder ioctl to enable oneway spam detection failed: Invalid argument
06-05 18:20:58.607  1850  2634 I MiuiNetworkPolicy: updateUidState uid = 10234, uidState = 10
06-05 18:20:58.614  5193  5217 W MQSService: CallerName:com.qualcomm.atfwd,calling Uid:10234
06-05 18:20:58.615  5193  5217 D MQSService: registerApplicationScoutThread pid = 7194, packageName = com.qualcomm.atfwd
06-05 18:20:58.616  7194  7194 D CompatibilityChangeReporter: Compat change id reported: 171979766; UID 10234; state: ENABLED
06-05 18:20:58.629  1850  2553 D MIUIInput: [MotionEvent] publisher action=0x1, 5046677, channel '1b9faa8 com.blizzard.wtcg.hearthstone/com.blizzard.wtcg.hearthstone.HearthstoneActivity (server)'
06-05 18:20:58.682  7194  7194 V GraphicsEnvironment: ANGLE Developer option for 'com.qualcomm.atfwd' set to: 'default'
06-05 18:20:58.688  7194  7194 D OpenGLRenderer: JNI_OnLoad success
06-05 18:20:58.688  7194  7194 I MiuiForceDarkConfig: setConfig density:2.750000, mainRule:0, secondaryRule:0, tertiaryRule:0
06-05 18:20:58.690  7194  7194 D NetworkSecurityConfig: No Network Security Config specified, using platform default
06-05 18:20:58.690  7194  7194 D NetworkSecurityConfig: No Network Security Config specified, using platform default
06-05 18:20:58.696  7194  7194 D AtFwdService: onCreate method
06-05 18:20:58.696  7194  7194 I AtCmdFwd: AtCmdFwd
06-05 18:20:58.701  7194  7222 D AtCkpdCmdHandler: De-queing command
06-05 18:20:58.702  7194  7194 D hw-ProcessState: Binder ioctl to enable oneway spam detection failed: Invalid argument
06-05 18:20:58.704  7194  7194 I HidlServiceManagement: Registered vendor.qti.hardware.radio.atcmdfwd@1.0::IAtCmdFwd/AtCmdFwdService
06-05 18:20:58.704  7194  7194 I android_os_HwBinder: HwBinder: Starting thread pool for AtCmdFwdService
06-05 18:20:58.897  1850  2553 D MIUIInput: [MotionEvent] publisher action=0x4, 5046943, channel '613871d com.miui.securitycenter (server)'
06-05 18:20:58.897  1850  2553 D MIUIInput: [MotionEvent] publisher action=0x4, 5046943, channel 'ef6ede1 com.miui.securitycenter (server)'
06-05 18:20:58.897  1850  2553 D MIUIInput: [MotionEvent] publisher action=0x0, 5046943, channel '1b9faa8 com.blizzard.wtcg.hearthstone/com.blizzard.wtcg.hearthstone.HearthstoneActivity (server)'
06-05 18:20:58.898  7693  7693 I GameBoxTouchListener: onTouch: 	mAdded=false	isLeftShowfalse
06-05 18:20:58.898  7693  7693 I GameBoxTouchListener: onTouch: 	mAdded=false	isLeftShowtrue
06-05 18:20:59.109  1850  2553 D MIUIInput: [MotionEvent] publisher action=0x1, 5047156, channel '1b9faa8 com.blizzard.wtcg.hearthstone/com.blizzard.wtcg.hearthstone.HearthstoneActivity (server)'
06-05 18:20:59.230  1850  2553 D MIUIInput: [MotionEvent] publisher action=0x4, 5047277, channel '613871d com.miui.securitycenter (server)'
06-05 18:20:59.230  1850  2553 D MIUIInput: [MotionEvent] publisher action=0x4, 5047277, channel 'ef6ede1 com.miui.securitycenter (server)'
06-05 18:20:59.231  1850  2553 D MIUIInput: [MotionEvent] publisher action=0x0, 5047277, channel '1b9faa8 com.blizzard.wtcg.hearthstone/com.blizzard.wtcg.hearthstone.HearthstoneActivity (server)'
06-05 18:20:59.231  7693  7693 I GameBoxTouchListener: onTouch: 	mAdded=false	isLeftShowfalse
06-05 18:20:59.232  7693  7693 I GameBoxTouchListener: onTouch: 	mAdded=false	isLeftShowtrue
06-05 18:20:59.285  1850  2553 D MIUIInput: [MotionEvent] publisher action=0x1, 5047332, channel '1b9faa8 com.blizzard.wtcg.hearthstone/com.blizzard.wtcg.hearthstone.HearthstoneActivity (server)'
06-05 18:20:59.711  1850  2553 D MIUIInput: [MotionEvent] publisher action=0x4, 5047758, channel '613871d com.miui.securitycenter (server)'
06-05 18:20:59.711  1850  2553 D MIUIInput: [MotionEvent] publisher action=0x4, 5047758, channel 'ef6ede1 com.miui.securitycenter (server)'
06-05 18:20:59.711  1850  2553 D MIUIInput: [MotionEvent] publisher action=0x0, 5047758, channel '1b9faa8 com.blizzard.wtcg.hearthstone/com.blizzard.wtcg.hearthstone.HearthstoneActivity (server)'
06-05 18:20:59.711  7693  7693 I GameBoxTouchListener: onTouch: 	mAdded=false	isLeftShowfalse
06-05 18:20:59.711  7693  7693 I GameBoxTouchListener: onTouch: 	mAdded=false	isLeftShowtrue
06-05 18:20:59.773  1850  2553 D MIUIInput: [MotionEvent] publisher action=0x1, 5047820, channel '1b9faa8 com.blizzard.wtcg.hearthstone/com.blizzard.wtcg.hearthstone.HearthstoneActivity (server)'
06-05 18:20:59.800  2953  3093 I Unity   : [Spell Pooling]  Acquired: Card_Play_Ally_Zzz(Clone)(Clone)
06-05 18:21:00.023  3019  3019 D KeyguardUpdateMonitor: received broadcast android.intent.action.TIME_TICK
06-05 18:21:00.043  1850  2553 D MIUIInput: [MotionEvent] publisher action=0x4, 5048089, channel '613871d com.miui.securitycenter (server)'
06-05 18:21:00.043  1850  2553 D MIUIInput: [MotionEvent] publisher action=0x4, 5048089, channel 'ef6ede1 com.miui.securitycenter (server)'
06-05 18:21:00.043  1850  2553 D MIUIInput: [MotionEvent] publisher action=0x0, 5048089, channel '1b9faa8 com.blizzard.wtcg.hearthstone/com.blizzard.wtcg.hearthstone.HearthstoneActivity (server)'
06-05 18:21:00.044  7693  7693 I GameBoxTouchListener: onTouch: 	mAdded=false	isLeftShowfalse
06-05 18:21:00.044  7693  7693 I GameBoxTouchListener: onTouch: 	mAdded=false	isLeftShowtrue
06-05 18:21:00.052  3019  3019 D KeyguardUpdateMonitor: handleTimeUpdate
06-05 18:21:00.119  1850  2553 D MIUIInput: [MotionEvent] publisher action=0x1, 5048166, channel '1b9faa8 com.blizzard.wtcg.hearthstone/com.blizzard.wtcg.hearthstone.HearthstoneActivity (server)'
06-05 18:21:00.177  7552  7931 D ThermalIECHandler: storeDataStyle: thermal_iec_monitor_persistence_data_style_iec_state; startIECTime: -1; IECScreenOffOverPeriodTime: -1
06-05 18:21:00.178  6316  6316 I BatteryInfoReceiver: ACTION_BATTERY_CHANGED
06-05 18:21:00.179  2999  2999 D DynamicService:  ACTION_BATTERY_CHANGED change,USB plug = 2
06-05 18:21:00.181  7552  7645 D PowerKeeper.Thermal: mBatteryTemperature: 41
06-05 18:21:00.182  7552  7857 D PowerCheckerService: onBatteryChanged, mBatteryLevel = 56, status = 2, level = 56, plug = 2, scale = 100
06-05 18:21:00.184  2992  2992 V DeviceStatisticsService: chargerType=2 batteryLevel=56 totalBatteryCapacity=4260100
06-05 18:21:00.185  2992  2992 D DeviceInfoHidlClient: isRadioOn()=true
06-05 18:21:00.185  2992  2992 I DeviceInfoHidlClient: isPowerInfoNeverSent=false batteryLevel=56 batteryLevelIndex=2 chargingMode=2 totalCapacity=4260100 powerSaveMode=false
06-05 18:21:00.758  1850  2553 D MIUIInput: [MotionEvent] publisher action=0x4, 5048805, channel '613871d com.miui.securitycenter (server)'
06-05 18:21:00.758  1850  2553 D MIUIInput: [MotionEvent] publisher action=0x4, 5048805, channel 'ef6ede1 com.miui.securitycenter (server)'
06-05 18:21:00.758  1850  2553 D MIUIInput: [MotionEvent] publisher action=0x0, 5048805, channel '1b9faa8 com.blizzard.wtcg.hearthstone/com.blizzard.wtcg.hearthstone.HearthstoneActivity (server)'
06-05 18:21:00.759  7693  7693 I GameBoxTouchListener: onTouch: 	mAdded=false	isLeftShowfalse
06-05 18:21:00.759  7693  7693 I GameBoxTouchListener: onTouch: 	mAdded=false	isLeftShowtrue
06-05 18:21:00.769  2953  3093 I Unity   : [Spell Pooling]  Acquired: Card_Hand_Ability_SpellPower_HintBurst(Clone)(Clone)
06-05 18:21:00.770  2953  3093 I Unity   : [Spell Pooling]  Acquired: Card_Hand_Ability_SpellPower_Hint(Clone)(Clone)
06-05 18:21:01.885  1850  2553 D MIUIInput: [MotionEvent] publisher action=0x1, 5049932, channel '1b9faa8 com.blizzard.wtcg.hearthstone/com.blizzard.wtcg.hearthstone.HearthstoneActivity (server)'
06-05 18:21:02.088  1850  2553 D MIUIInput: [MotionEvent] publisher action=0x4, 5050135, channel '613871d com.miui.securitycenter (server)'
06-05 18:21:02.089  1850  2553 D MIUIInput: [MotionEvent] publisher action=0x4, 5050135, channel 'ef6ede1 com.miui.securitycenter (server)'
06-05 18:21:02.089  1850  2553 D MIUIInput: [MotionEvent] publisher action=0x0, 5050135, channel '1b9faa8 com.blizzard.wtcg.hearthstone/com.blizzard.wtcg.hearthstone.HearthstoneActivity (server)'
06-05 18:21:02.090  7693  7693 I GameBoxTouchListener: onTouch: 	mAdded=false	isLeftShowfalse
06-05 18:21:02.090  7693  7693 I GameBoxTouchListener: onTouch: 	mAdded=false	isLeftShowtrue
06-05 18:21:02.132  1850  2553 D MIUIInput: [MotionEvent] publisher action=0x1, 5050179, channel '1b9faa8 com.blizzard.wtcg.hearthstone/com.blizzard.wtcg.hearthstone.HearthstoneActivity (server)'
06-05 18:21:02.711  1850  2553 D MIUIInput: [MotionEvent] publisher action=0x4, 5050758, channel '613871d com.miui.securitycenter (server)'
06-05 18:21:02.711  1850  2553 D MIUIInput: [MotionEvent] publisher action=0x4, 5050758, channel 'ef6ede1 com.miui.securitycenter (server)'
06-05 18:21:02.711  1850  2553 D MIUIInput: [MotionEvent] publisher action=0x0, 5050758, channel '1b9faa8 com.blizzard.wtcg.hearthstone/com.blizzard.wtcg.hearthstone.HearthstoneActivity (server)'
06-05 18:21:02.712  7693  7693 I GameBoxTouchListener: onTouch: 	mAdded=false	isLeftShowfalse
06-05 18:21:02.712  7693  7693 I GameBoxTouchListener: onTouch: 	mAdded=false	isLeftShowtrue
06-05 18:21:02.756  2999  3462 D MI_RIL_OEM_HOOK: onPkHookCommonMsg, msg_id = 65
06-05 18:21:02.756  2999  3462 D MI_RIL_OEM_HOOK: onGetHookMsgBytes, HOOK_HEAD_SIZE = 16, msg_len = 4
06-05 18:21:02.757  2999  3462 D MI_RIL_OEM_HOOK: onHookSendSync, phoneId = 0
06-05 18:21:02.757  2930  2930 D QcrilMsgTunnelIfaceManager: handleMessage what = 1
06-05 18:21:02.758  2930  2930 I QcrilOemhookMsgTunnel: [0]invokeOemRilRequestRaw: serial=2029 length=36
06-05 18:21:02.771  1850  2553 D MIUIInput: [MotionEvent] publisher action=0x1, 5050818, channel '1b9faa8 com.blizzard.wtcg.hearthstone/com.blizzard.wtcg.hearthstone.HearthstoneActivity (server)'
06-05 18:21:02.797  1793  2006 D XIAOMI_QCRIL: RIL[lib][xiaomi_extend_nvefs.c:52] xiaomi_qmi_result_map: xiaomi_qmi_result_map, old_result 0, new_result 0
06-05 18:21:02.797  2930  3267 I QcrilOemhookMsgTunnel: [0]processOemHookResponse serial no: 2029 error: 0length=16
06-05 18:21:02.798  2930  2930 D QcrilMsgTunnelIfaceManager: handleMessage what = 2
06-05 18:21:02.798  2999  3462 D QC_RIL_OEM_HOOK: sendOemRilRequestRaw returns value = 16
06-05 18:21:02.798  2999  3462 D ModemSarController_8250: type = 65, len = 4, value = 0
06-05 18:21:04.889  1850  2553 D MIUIInput: [MotionEvent] publisher action=0x4, 5052936, channel '613871d com.miui.securitycenter (server)'
06-05 18:21:04.889  1850  2553 D MIUIInput: [MotionEvent] publisher action=0x4, 5052936, channel 'ef6ede1 com.miui.securitycenter (server)'
06-05 18:21:04.889  1850  2553 D MIUIInput: [MotionEvent] publisher action=0x0, 5052936, channel '1b9faa8 com.blizzard.wtcg.hearthstone/com.blizzard.wtcg.hearthstone.HearthstoneActivity (server)'
06-05 18:21:04.889  7693  7693 I GameBoxTouchListener: onTouch: 	mAdded=false	isLeftShowfalse
06-05 18:21:04.889  7693  7693 I GameBoxTouchListener: onTouch: 	mAdded=false	isLeftShowtrue
06-05 18:21:04.948  1850  2553 D MIUIInput: [MotionEvent] publisher action=0x1, 5052995, channel '1b9faa8 com.blizzard.wtcg.hearthstone/com.blizzard.wtcg.hearthstone.HearthstoneActivity (server)'
06-05 18:21:05.924  1103  6927 I audioserver: setGameParameters keyvalue: xlog.volume.music.speaker=54
06-05 18:21:05.924   975  1043 D audio_hw_primary: adev_set_parameters: enter: xlog.volume.music.speaker=54
06-05 18:21:05.924   975  1043 V msm8974_platform: platform_set_parameters: enter: xlog.volume.music.speaker=54
06-05 18:21:05.924   975  1043 D audio_hw_hfp: hfp_set_parameters: enter
06-05 18:21:05.924   975  1043 D audio_hw_hfp: hfp_set_parameters: enter
06-05 18:21:05.924   975  1043 V a2dp_offload: end of a2dp setparam
06-05 18:21:05.924   975  1043 D audio_hw_cspl_cal: cirrus_cal_setparameters: enter 0xf3003600
06-05 18:21:05.924   975  1043 D audio_hw_extn: audio_extn_fm_set_parameters: Enter
06-05 18:21:05.924   975  1043 D audio_hw_hfp: hfp_set_parameters: enter
06-05 18:21:05.924   975  1043 V a2dp_offload: end of a2dp setparam
06-05 18:21:05.924   975  1043 D audio_hw_primary: adev_set_parameters: exit with code(0)
06-05 18:21:05.925  1103  6927 I audioserver: setGameParameters keyvalue: xlog.volume.music.speaker=54
06-05 18:21:05.925   975  1043 D audio_hw_primary: adev_set_parameters: enter: xlog.volume.music.speaker=54
06-05 18:21:05.925   975  1043 V msm8974_platform: platform_set_parameters: enter: xlog.volume.music.speaker=54
06-05 18:21:05.925   975  1043 D audio_hw_hfp: hfp_set_parameters: enter
06-05 18:21:05.925   975  1043 D audio_hw_hfp: hfp_set_parameters: enter
06-05 18:21:05.925   975  1043 V a2dp_offload: end of a2dp setparam
06-05 18:21:05.925   975  1043 D audio_hw_cspl_cal: cirrus_cal_setparameters: enter 0xf3003600
06-05 18:21:05.925   975  1043 D audio_hw_extn: audio_extn_fm_set_parameters: Enter
06-05 18:21:05.925   975  1043 D audio_hw_hfp: hfp_set_parameters: enter
06-05 18:21:05.925   975  1043 V a2dp_offload: end of a2dp setparam
06-05 18:21:05.926   975  1043 D audio_hw_primary: adev_set_parameters: exit with code(0)
06-05 18:21:06.069  6316  6316 I BatteryInfoReceiver: ACTION_BATTERY_CHANGED
06-05 18:21:06.072  2999  2999 D DynamicService:  ACTION_BATTERY_CHANGED change,USB plug = 2
06-05 18:21:06.073  7552  7645 D PowerKeeper.Thermal: mBatteryTemperature: 41
06-05 18:21:06.073  7552  7931 D ThermalIECHandler: storeDataStyle: thermal_iec_monitor_persistence_data_style_iec_state; startIECTime: -1; IECScreenOffOverPeriodTime: -1
06-05 18:21:06.075  2992  2992 V DeviceStatisticsService: chargerType=2 batteryLevel=56 totalBatteryCapacity=4259800
06-05 18:21:06.075  2992  2992 D DeviceInfoHidlClient: isRadioOn()=true
06-05 18:21:06.075  7552  7857 D PowerCheckerService: onBatteryChanged, mBatteryLevel = 56, status = 2, level = 56, plug = 2, scale = 100
06-05 18:21:06.076  2992  2992 I DeviceInfoHidlClient: isPowerInfoNeverSent=false batteryLevel=56 batteryLevelIndex=2 chargingMode=2 totalCapacity=4259800 powerSaveMode=false
06-05 18:21:07.450  1850  2553 D MIUIInput: [MotionEvent] publisher action=0x4, 5055497, channel '613871d com.miui.securitycenter (server)'
06-05 18:21:07.450  1850  2553 D MIUIInput: [MotionEvent] publisher action=0x4, 5055497, channel 'ef6ede1 com.miui.securitycenter (server)'
06-05 18:21:07.450  1850  2553 D MIUIInput: [MotionEvent] publisher action=0x0, 5055497, channel '1b9faa8 com.blizzard.wtcg.hearthstone/com.blizzard.wtcg.hearthstone.HearthstoneActivity (server)'
06-05 18:21:07.451  7693  7693 I GameBoxTouchListener: onTouch: 	mAdded=false	isLeftShowfalse
06-05 18:21:07.451  7693  7693 I GameBoxTouchListener: onTouch: 	mAdded=false	isLeftShowtrue
06-05 18:21:07.677  1850  2553 D MIUIInput: [MotionEvent] publisher action=0x1, 5055724, channel '1b9faa8 com.blizzard.wtcg.hearthstone/com.blizzard.wtcg.hearthstone.HearthstoneActivity (server)'
06-05 18:21:07.799  2999  3462 D MI_RIL_OEM_HOOK: onPkHookCommonMsg, msg_id = 65
06-05 18:21:07.799  2999  3462 D MI_RIL_OEM_HOOK: onGetHookMsgBytes, HOOK_HEAD_SIZE = 16, msg_len = 4
06-05 18:21:07.799  2999  3462 D MI_RIL_OEM_HOOK: onHookSendSync, phoneId = 0
06-05 18:21:07.800  2930  2930 D QcrilMsgTunnelIfaceManager: handleMessage what = 1
06-05 18:21:07.800  2930  2930 I QcrilOemhookMsgTunnel: [0]invokeOemRilRequestRaw: serial=2030 length=36
06-05 18:21:07.841  1793  2006 D XIAOMI_QCRIL: RIL[lib][xiaomi_extend_nvefs.c:52] xiaomi_qmi_result_map: xiaomi_qmi_result_map, old_result 0, new_result 0
06-05 18:21:07.842  2930  3267 I QcrilOemhookMsgTunnel: [0]processOemHookResponse serial no: 2030 error: 0length=16
06-05 18:21:07.843  2930  2930 D QcrilMsgTunnelIfaceManager: handleMessage what = 2
06-05 18:21:07.843  2999  3462 D QC_RIL_OEM_HOOK: sendOemRilRequestRaw returns value = 16
06-05 18:21:07.844  2999  3462 D ModemSarController_8250: type = 65, len = 4, value = 0
06-05 18:21:08.643  1850  2553 D MIUIInput: [MotionEvent] publisher action=0x4, 5056690, channel '613871d com.miui.securitycenter (server)'
06-05 18:21:08.643  1850  2553 D MIUIInput: [MotionEvent] publisher action=0x4, 5056690, channel 'ef6ede1 com.miui.securitycenter (server)'
06-05 18:21:08.643  1850  2553 D MIUIInput: [MotionEvent] publisher action=0x0, 5056690, channel '1b9faa8 com.blizzard.wtcg.hearthstone/com.blizzard.wtcg.hearthstone.HearthstoneActivity (server)'
06-05 18:21:08.643  7693  7693 I GameBoxTouchListener: onTouch: 	mAdded=false	isLeftShowfalse
06-05 18:21:08.644  7693  7693 I GameBoxTouchListener: onTouch: 	mAdded=false	isLeftShowtrue
06-05 18:21:08.694  1850  2553 D MIUIInput: [MotionEvent] publisher action=0x1, 5056741, channel '1b9faa8 com.blizzard.wtcg.hearthstone/com.blizzard.wtcg.hearthstone.HearthstoneActivity (server)'
06-05 18:21:08.942  1850  2553 D MIUIInput: [MotionEvent] publisher action=0x4, 5056989, channel '613871d com.miui.securitycenter (server)'
06-05 18:21:08.942  1850  2553 D MIUIInput: [MotionEvent] publisher action=0x4, 5056989, channel 'ef6ede1 com.miui.securitycenter (server)'
06-05 18:21:08.942  1850  2553 D MIUIInput: [MotionEvent] publisher action=0x0, 5056989, channel '1b9faa8 com.blizzard.wtcg.hearthstone/com.blizzard.wtcg.hearthstone.HearthstoneActivity (server)'
06-05 18:21:08.942  7693  7693 I GameBoxTouchListener: onTouch: 	mAdded=false	isLeftShowfalse
06-05 18:21:08.942  7693  7693 I GameBoxTouchListener: onTouch: 	mAdded=false	isLeftShowtrue
06-05 18:21:09.005  1850  2553 D MIUIInput: [MotionEvent] publisher action=0x1, 5057051, channel '1b9faa8 com.blizzard.wtcg.hearthstone/com.blizzard.wtcg.hearthstone.HearthstoneActivity (server)'
06-05 18:21:09.814  1850  2553 D MIUIInput: [MotionEvent] publisher action=0x4, 5057861, channel '613871d com.miui.securitycenter (server)'
06-05 18:21:09.814  1850  2553 D MIUIInput: [MotionEvent] publisher action=0x4, 5057861, channel 'ef6ede1 com.miui.securitycenter (server)'
06-05 18:21:09.814  1850  2553 D MIUIInput: [MotionEvent] publisher action=0x0, 5057861, channel '1b9faa8 com.blizzard.wtcg.hearthstone/com.blizzard.wtcg.hearthstone.HearthstoneActivity (server)'
06-05 18:21:09.815  7693  7693 I GameBoxTouchListener: onTouch: 	mAdded=false	isLeftShowfalse
06-05 18:21:09.816  7693  7693 I GameBoxTouchListener: onTouch: 	mAdded=false	isLeftShowtrue
06-05 18:21:09.868  1850  2553 D MIUIInput: [MotionEvent] publisher action=0x1, 5057915, channel '1b9faa8 com.blizzard.wtcg.hearthstone/com.blizzard.wtcg.hearthstone.HearthstoneActivity (server)'
06-05 18:21:10.291  6986  7024 E TestRunner: failed: grid_list_button_is_displayed(com.example.dogglers.ButtonTests)
06-05 18:21:10.292  6986  7024 E TestRunner: ----- begin exception -----
06-05 18:21:10.292  6986  7024 E TestRunner: java.lang.AssertionError: Activity never becomes requested state "[RESUMED, STARTED, CREATED, DESTROYED]" (last lifecycle transition = "PRE_ON_CREATE")
06-05 18:21:10.292  6986  7024 E TestRunner: 	at androidx.test.core.app.ActivityScenario.waitForActivityToBecomeAnyOf(ActivityScenario.java:338)
06-05 18:21:10.292  6986  7024 E TestRunner: 	at androidx.test.core.app.ActivityScenario.launchInternal(ActivityScenario.java:272)
06-05 18:21:10.292  6986  7024 E TestRunner: 	at androidx.test.core.app.ActivityScenario.launch(ActivityScenario.java:195)
06-05 18:21:10.292  6986  7024 E TestRunner: 	at androidx.test.ext.junit.rules.ActivityScenarioRule.lambda$new$0$ActivityScenarioRule(ActivityScenarioRule.java:70)
06-05 18:21:10.292  6986  7024 E TestRunner: 	at androidx.test.ext.junit.rules.ActivityScenarioRule$$Lambda$0.get(ActivityScenarioRule.java:70)
06-05 18:21:10.292  6986  7024 E TestRunner: 	at androidx.test.ext.junit.rules.ActivityScenarioRule.before(ActivityScenarioRule.java:103)
06-05 18:21:10.292  6986  7024 E TestRunner: 	at org.junit.rules.ExternalResource$1.evaluate(ExternalResource.java:46)
06-05 18:21:10.292  6986  7024 E TestRunner: 	at org.junit.rules.RunRules.evaluate(RunRules.java:20)
06-05 18:21:10.292  6986  7024 E TestRunner: 	at org.junit.runners.ParentRunner.runLeaf(ParentRunner.java:325)
06-05 18:21:10.292  6986  7024 E TestRunner: 	at org.junit.runners.BlockJUnit4ClassRunner.runChild(BlockJUnit4ClassRunner.java:78)
06-05 18:21:10.292  6986  7024 E TestRunner: 	at org.junit.runners.BlockJUnit4ClassRunner.runChild(BlockJUnit4ClassRunner.java:57)
06-05 18:21:10.292  6986  7024 E TestRunner: 	at org.junit.runners.ParentRunner$3.run(ParentRunner.java:290)
06-05 18:21:10.292  6986  7024 E TestRunner: 	at org.junit.runners.ParentRunner$1.schedule(ParentRunner.java:71)
06-05 18:21:10.292  6986  7024 E TestRunner: 	at org.junit.runners.ParentRunner.runChildren(ParentRunner.java:288)
06-05 18:21:10.292  6986  7024 E TestRunner: 	at org.junit.runners.ParentRunner.access$000(ParentRunner.java:58)
06-05 18:21:10.292  6986  7024 E TestRunner: 	at org.junit.runners.ParentRunner$2.evaluate(ParentRunner.java:268)
06-05 18:21:10.292  6986  7024 E TestRunner: 	at org.junit.runners.ParentRunner.run(ParentRunner.java:363)
06-05 18:21:10.292  6986  7024 E TestRunner: 	at androidx.test.ext.junit.runners.AndroidJUnit4.run(AndroidJUnit4.java:162)
06-05 18:21:10.292  6986  7024 E TestRunner: 	at org.junit.runners.Suite.runChild(Suite.java:128)
06-05 18:21:10.292  6986  7024 E TestRunner: 	at org.junit.runners.Suite.runChild(Suite.java:27)
06-05 18:21:10.292  6986  7024 E TestRunner: 	at org.junit.runners.ParentRunner$3.run(ParentRunner.java:290)
06-05 18:21:10.292  6986  7024 E TestRunner: 	at org.junit.runners.ParentRunner$1.schedule(ParentRunner.java:71)
06-05 18:21:10.292  6986  7024 E TestRunner: 	at org.junit.runners.ParentRunner.runChildren(ParentRunner.java:288)
06-05 18:21:10.292  6986  7024 E TestRunner: 	at org.junit.runners.ParentRunner.access$000(ParentRunner.java:58)
06-05 18:21:10.292  6986  7024 E TestRunner: 	at org.junit.runners.ParentRunner$2.evaluate(ParentRunner.java:268)
06-05 18:21:10.292  6986  7024 E TestRunner: 	at org.junit.runners.ParentRunner.run(ParentRunner.java:363)
06-05 18:21:10.292  6986  7024 E TestRunner: 	at org.junit.runner.JUnitCore.run(JUnitCore.java:137)
06-05 18:21:10.292  6986  7024 E TestRunner: 	at org.junit.runner.JUnitCore.run(JUnitCore.java:115)
06-05 18:21:10.292  6986  7024 E TestRunner: 	at androidx.test.internal.runner.TestExecutor.execute(TestExecutor.java:56)
06-05 18:21:10.292  6986  7024 E TestRunner: 	at androidx.test.runner.AndroidJUnitRunner.onStart(AndroidJUnitRunner.java:444)
06-05 18:21:10.292  6986  7024 E TestRunner: 	at android.app.Instrumentation$InstrumentationThread.run(Instrumentation.java:2248)
06-05 18:21:10.292  6986  7024 E TestRunner: ----- end exception -----
