06-05 18:23:51.447   975 19730 D audio_hw_primary: out_set_parameters: [hal_apptype] cannot find app type [-com.facebook.orca], return !
06-05 18:23:51.448  1103  1596 D APM_AudioPolicyManager: releaseOutput portId 400
06-05 18:23:51.448  1103  1596 D APM_AudioPolicyManager: releaseOutput() output 13, stream 1, session 5065 [uid=10375]
06-05 18:23:51.466  1010  2684 I sensors-hal: ssc_conn_event_cb:489, event[0] sensor:pedometer  Wakeup msg_id=129, ts=180818965425
06-05 18:23:51.494  7058  7058 D DecorView[]: getWindowModeFromSystem  windowmode is 1
06-05 18:23:51.641  3143  8918 W ChimeraUtils: Module com.google.android.gms.gcm has empty metadata display_name_string_id
06-05 18:23:51.671  7058  7058 D DecorView[]: getWindowModeFromSystem  windowmode is 1
06-05 18:23:51.708  1850  2634 I MiuiNetworkPolicy: updateUidState uid = 10188, uidState = 3
06-05 18:23:51.728  1850  2634 I MiuiNetworkPolicy: updateUidState uid = 10188, uidState = 5
06-05 18:23:51.794  7058  7071 I m.facebook.orc: Background concurrent copying GC freed 730894(29MB) AllocSpace objects, 36(896KB) LOS objects, 39% free, 36MB/60MB, paused 133us,81us total 156.707ms
06-05 18:23:51.806  7058  7073 W msgr.2sS: AsyncDrawable with id: 2131231210 (https://lookaside.facebook.com/ras/v2/?id=AQABcRraYCMD&cfg=d$2.75x)  wasn't hidden before it was GC'd. Please call setVisible(false, ___ ) in View.onDetachedFromWindow()
06-05 18:23:51.835  1757  2562 D BufferPoolAccessor2.0: bufferpool2 0xef81c0d8 : 0(0 size) total buffers - 0(0 size) used buffers - 44/52 (recycle/alloc) - 8/49 (fetch/transfer)
06-05 18:23:51.835  1757  2562 D BufferPoolAccessor2.0: evictor expired: 1, evicted: 1
06-05 18:23:51.837  1645  2234 D BufferPoolAccessor2.0: bufferpool2 0xb4000075caa8ba28 : 0(0 size) total buffers - 0(0 size) used buffers - 43/47 (recycle/alloc) - 4/47 (fetch/transfer)
06-05 18:23:51.837  1645  2234 D BufferPoolAccessor2.0: evictor expired: 1, evicted: 1
06-05 18:23:51.842  7058  7070 I m.facebook.orc: Compiler allocated 4155KB to compile void com.facebook.litho.ComponentTree.A09(com.facebook.litho.ComponentTree, X.1g2, X.272, java.lang.String, int, boolean)
06-05 18:23:51.967  1010  2684 I sensors-hal: ssc_conn_event_cb:489, event[0] sensor:pedometer  Wakeup msg_id=129, ts=180828565381
06-05 18:23:52.038  7058  7058 D DecorView[]: getWindowModeFromSystem  windowmode is 1
06-05 18:23:52.258  1850  2634 D MiuiNetworkPolicy: updateLimit mLimitEnabled=true,enabled=false,mNetworkPriorityMode=0
06-05 18:23:52.467  1010  2684 I sensors-hal: ssc_conn_event_cb:489, event[0] sensor:pedometer  Wakeup msg_id=129, ts=180838166274
06-05 18:23:52.514  7058  7058 D DecorView[]: getWindowModeFromSystem  windowmode is 1
06-05 18:23:52.521  1757  6932 D NuPlayerDriver: NuPlayerDriver(0xef8e2ce0) created, clientPid(7058)
06-05 18:23:52.533  1757  6932 I ExtendedNuUtils: printFileName fd(11) -> /data/app/~~VlTOWGyLaoynmM1TjPLWcA==/com.facebook.orca-ZmGq_5WISWgVH5PyHrZDZw==/base.apk
06-05 18:23:52.538  1757  8985 D GenericSource: FileSource remote
06-05 18:23:52.542  1560  8880 I MMParserExtractor: Created(0xb400007adb4feea0)
06-05 18:23:52.542  1560  8880 E MM_OSAL : FileSource::FileSource
06-05 18:23:52.542  1560  8880 E MM_OSAL : FileSource::FileSource m_bEveryThingOK 1
06-05 18:23:52.547  1560 26863 D MediaBufferGroup: creating MemoryDealer
06-05 18:23:52.547  7058  7058 D DecorView[]: getWindowModeFromSystem  windowmode is 1
06-05 18:23:52.556  7552  7652 I a       : uid:10375 change to active
06-05 18:23:52.558  1757  8984 I GenericSource: start
06-05 18:23:52.559  1757  8984 W Utils   : track of type 'audio/vorbis' does not publish channel mask, channel count 2
06-05 18:23:52.563  1757  8984 W Utils   : track of type 'audio/vorbis' does not publish channel mask, channel count 2
06-05 18:23:52.565   975 19730 D audio_hw_primary: adev_get_parameters:is_hw_dec_session_available
06-05 18:23:52.565   975 19730 D soundtrigger: audio_extn_sound_trigger_get_parameters input string<is_hw_dec_session_available=>
06-05 18:23:52.565   975 19730 D soundtrigger: extract_sm_handle input string <is_hw_dec_session_available=> param string <is_hw_dec_session_available=>
06-05 18:23:52.565   975 19730 D audio_hw_extn: audio_extn_fm_get_parameters: Enter
06-05 18:23:52.565   975 19730 D audio_hw_extn: audio_extn_get_parameters: returns
06-05 18:23:52.565   975 19730 V msm8974_platform: platform_get_parameters: exit: returns -
06-05 18:23:52.565   975 19730 D audio_hw_primary: adev_get_parameters: exit: returns -
06-05 18:23:52.565  1103  6927 I hash_map_utils: system/bt/osi/src/hash_map_utils.cc:81 hash_map_utils_dump_string_keys_string_values: key: 'is_hw_dec_session_available' value: 'audio/vorbis'
06-05 18:23:52.567  1757  8988 I MediaCodec: video box enabled in settings
06-05 18:23:52.567  1757  8988 I MediaCodec: init video box disabled for codec not supported
06-05 18:23:52.567  1757  8989 D CCodec  : allocate(c2.android.vorbis.decoder)
06-05 18:23:52.570  1757  8989 I CCodec  : setting up 'default' as default (vendor) store
06-05 18:23:52.570  1645  9716 V C2Store : in init
06-05 18:23:52.570  1645  9716 V C2Store : loading dll
06-05 18:23:52.574  1757  8989 I CCodec  : Created component [c2.android.vorbis.decoder]
06-05 18:23:52.575  1757  8989 D CCodecConfig: read media type: audio/vorbis
06-05 18:23:52.578  1757  8989 D ReflectedParamUpdater: extent() != 1 for single value type: algo.buffers.max-count.values
06-05 18:23:52.579  1757  8989 D ReflectedParamUpdater: extent() != 1 for single value type: output.subscribed-indices.values
06-05 18:23:52.579  1757  8989 D ReflectedParamUpdater: extent() != 1 for single value type: input.buffers.allocator-ids.values
06-05 18:23:52.579  1757  8989 D ReflectedParamUpdater: extent() != 1 for single value type: output.buffers.allocator-ids.values
06-05 18:23:52.579  1757  8989 D ReflectedParamUpdater: extent() != 1 for single value type: algo.buffers.allocator-ids.values
06-05 18:23:52.579  1757  8989 D ReflectedParamUpdater: extent() != 1 for single value type: output.buffers.pool-ids.values
06-05 18:23:52.579  1757  8989 D ReflectedParamUpdater: extent() != 1 for single value type: algo.buffers.pool-ids.values
06-05 18:23:52.581  1757  8989 I CCodecConfig: query failed after returning 7 values (BAD_INDEX)
06-05 18:23:52.581  1757  8989 D CCodecConfig: c2 config diff is Dict {
06-05 18:23:52.581  1757  8989 D CCodecConfig:   c2::u32 coded.bitrate.value = 64000
06-05 18:23:52.581  1757  8989 D CCodecConfig:   c2::u32 input.buffers.max-size.value = 32768
06-05 18:23:52.581  1757  8989 D CCodecConfig:   c2::u32 input.delay.value = 0
06-05 18:23:52.581  1757  8989 D CCodecConfig:   string input.media-type.value = "audio/vorbis"
06-05 18:23:52.581  1757  8989 D CCodecConfig:   string output.media-type.value = "audio/raw"
06-05 18:23:52.581  1757  8989 D CCodecConfig:   c2::u32 raw.channel-count.value = 1
06-05 18:23:52.581  1757  8989 D CCodecConfig:   c2::u32 raw.sample-rate.value = 48000
06-05 18:23:52.581  1757  8989 D CCodecConfig: }
06-05 18:23:52.583  1757  8989 D CCodec  : [c2.android.vorbis.decoder] buffers are bound to CCodec for this session
06-05 18:23:52.583  1757  8989 D CCodecConfig: no c2 equivalents for durationUs
06-05 18:23:52.583  1757  8989 D CCodecConfig: no c2 equivalents for csd-1
06-05 18:23:52.583  1757  8989 D CCodecConfig: no c2 equivalents for language
06-05 18:23:52.583  1757  8989 D CCodecConfig: no c2 equivalents for file-format
06-05 18:23:52.583  1757  8989 D CCodecConfig: no c2 equivalents for audiosession-id
06-05 18:23:52.583  1757  8989 D CCodecConfig: no c2 equivalents for flags
06-05 18:23:52.584  1757  8989 D CCodecConfig: config failed => CORRUPTED
06-05 18:23:52.584  1757  8989 D CCodecConfig: c2 config diff is   c2::u32 coded.bitrate.value = 80000
06-05 18:23:52.584  1757  8989 D CCodecConfig:   c2::u32 raw.channel-count.value = 2
06-05 18:23:52.585  1757  8989 W Codec2Client: query -- param skipped: index = 1107298332.
06-05 18:23:52.585  1757  8989 D CCodec  : setup formats input: AMessage(what = 0x00000000) = {
06-05 18:23:52.585  1757  8989 D CCodec  :   int32_t bitrate = 80000
06-05 18:23:52.585  1757  8989 D CCodec  :   int32_t channel-count = 2
06-05 18:23:52.585  1757  8989 D CCodec  :   int32_t max-input-size = 65307
06-05 18:23:52.585  1757  8989 D CCodec  :   string mime = "audio/vorbis"
06-05 18:23:52.585  1757  8989 D CCodec  :   int32_t sample-rate = 48000
06-05 18:23:52.585  1757  8989 D CCodec  : }
06-05 18:23:52.585  1757  8989 D CCodec  : setup formats output: AMessage(what = 0x00000000) = {
06-05 18:23:52.585  1757  8989 D CCodec  :   int32_t channel-count = 2
06-05 18:23:52.585  1757  8989 D CCodec  :   string mime = "audio/raw"
06-05 18:23:52.585  1757  8989 D CCodec  :   int32_t sample-rate = 48000
06-05 18:23:52.585  1757  8989 D CCodec  :   int32_t android._config-pcm-encoding = 2
06-05 18:23:52.585  1757  8989 D CCodec  : }
06-05 18:23:52.585  1757  8989 I CCodecConfig: query failed after returning 7 values (BAD_INDEX)
06-05 18:23:52.585  1757  8989 I MediaCodec: MediaCodec will operate in async mode
06-05 18:23:52.585  1757  8988 D MediaCodec: keep callback message for reclaim
06-05 18:23:52.586  1757  8989 W Codec2Client: query -- param skipped: index = 1342179345.
06-05 18:23:52.586  1757  8989 W Codec2Client: query -- param skipped: index = 2415921170.
06-05 18:23:52.587  1757  8989 D CCodecBufferChannel: [c2.android.vorbis.decoder#396] Created input block pool with allocatorID 16 => poolID 298 - OK (0)
06-05 18:23:52.587  1645  9716 D BufferPoolAccessor2.0: Destruction - bufferpool2 0xb4000075caa8ba28 cached: 0/0M, 0/0% in use; allocs: 47, 91% recycled; transfers: 47, 91% unfetched
06-05 18:23:52.588  1645  9612 D BufferPoolAccessor2.0: bufferpool2 0xb4000075ba514628 : 0(0 size) total buffers - 0(0 size) used buffers - 0/0 (recycle/alloc) - 0/0 (fetch/transfer)
06-05 18:23:52.589  1757 10530 D BufferPoolAccessor2.0: Destruction - bufferpool2 0xef81c0d8 cached: 0/0M, 0/0% in use; allocs: 52, 85% recycled; transfers: 49, 84% unfetched
06-05 18:23:52.589  7058  8275 D BufferPoolAccessor2.0: bufferpool2 0xb400007b3a6fb828 : 4(32768 size) total buffers - 4(32768 size) used buffers - 1/6 (recycle/alloc) - 1/2 (fetch/transfer)
06-05 18:23:52.589  1757  8989 I CCodecBufferChannel: [c2.android.vorbis.decoder#396] Created output block pool with allocatorID 16 => poolID 319 - OK
06-05 18:23:52.589  1757  8989 D CCodecBufferChannel: [c2.android.vorbis.decoder#396] Configured output block pool ids 319 => OK
06-05 18:23:52.589  1757  8989 D CCodecBufferChannel: [c2.android.vorbis.decoder#396] start: updating output delay 0
06-05 18:23:52.591  1645  8990 D SimpleC2Component: Using output block pool with poolID 319 => got 319 - 0
06-05 18:23:52.599  1757  8988 I ExtendedNuUtils: Both src and dst missing for bit-width
06-05 18:23:52.600  1757  8988 I ExtendedNuUtils: Overriding durationUs: with 64 bit src value 2000000
06-05 18:23:52.600  1757  8988 I ExtendedNuUtils: Both src and dst missing for channel-mask
06-05 18:23:52.602  1103  6927 D APM_AudioPolicyManager: selectOutput flags 0
06-05 18:23:52.602  1103  6927 D APM_AudioPolicyManager: selectOutput flags 0
06-05 18:23:52.602  1757  8987 D AudioTrack: set(sessionId=5073)
06-05 18:23:52.602  1757  8987 D AudioTrack: set(): streamType 1, sampleRate 48000, format 0x1, channelMask 0x3, frameCount 24000, flags #2, notificationFrames 0, sessionId 5073, transferType 0, uid 10375, pid 7058
06-05 18:23:52.603   975 19730 D audio_hw_primary: adev_get_parameters:audio_game_sound_volume_gap_switch
06-05 18:23:52.603   975 19730 D soundtrigger: audio_extn_sound_trigger_get_parameters input string<audio_game_sound_volume_gap_switch=>
06-05 18:23:52.603   975 19730 D soundtrigger: extract_sm_handle input string <audio_game_sound_volume_gap_switch=> param string <audio_game_sound_volume_gap_switch=>
06-05 18:23:52.603   975 19730 D audio_hw_extn: audio_extn_fm_get_parameters: Enter
06-05 18:23:52.603   975 19730 D audio_hw_extn: audio_extn_get_parameters: returns
06-05 18:23:52.603   975 19730 V msm8974_platform: platform_get_parameters: exit: returns - audio_game_sound_volume_gap_switch=off
06-05 18:23:52.603   975 19730 D audio_hw_primary: adev_get_parameters: exit: returns - audio_game_sound_volume_gap_switch=off
06-05 18:23:52.603  1103  6927 I hash_map_utils: system/bt/osi/src/hash_map_utils.cc:81 hash_map_utils_dump_string_keys_string_values: key: 'audio_game_sound_volume_gap_switch' value: ''
06-05 18:23:52.605  1103  6927 D MediaImpl: setPlaybackCaptureAllowed: playbackCaptureAllowed 1
06-05 18:23:52.606  1103  6927 D APM_AudioPolicyManager: getOutputForAttrInt()+ attributes={ Content type: AUDIO_CONTENT_TYPE_SONIFICATION Usage: AUDIO_USAGE_ASSISTANCE_SONIFICATION Source: AUDIO_SOURCE_DEFAULT Flags: 0x800 Tags:  } stream=AUDIO_STREAM_SYSTEM session 5073 output 0 selectedDeviceId 0 device AUDIO_DEVICE_NONE sampling rate 48000 format 0x1channel mask 0x3 flags 0x2 stream AUDIO_STREAM_SYSTEM uid 10375
06-05 18:23:52.607  1103  6927 D APM_AudioPolicyManager: getOutputForAttrInt() device {type:0x2,@:}, sampling rate 48000, format 0x1, channel mask 0x3, flags 0x2 stream AUDIO_STREAM_SYSTEM
06-05 18:23:52.609   975 19730 D audio_hw_primary: adev_get_parameters:vr_audio_mode_on
06-05 18:23:52.609   975 19730 I audio_hw_primary: getting vr mode to 0
06-05 18:23:52.609   975 19730 D audio_hw_primary: adev_get_parameters: exit: returns - vr_audio_mode_on=false
06-05 18:23:52.609  1103  6927 I hash_map_utils: system/bt/osi/src/hash_map_utils.cc:81 hash_map_utils_dump_string_keys_string_values: key: 'vr_audio_mode_on' value: ''
06-05 18:23:52.610  1103  6927 I AudioPolicyManagerCustom: VR mode is 0, switch to primary output if request is for fast|raw
06-05 18:23:52.610   975  2550 D audio_hw_primary: adev_get_parameters:audio_karaoke_running
06-05 18:23:52.610   975  2550 D audio_hw_primary: get para : audio_karaoke_running = false
06-05 18:23:52.610   975  2550 D soundtrigger: audio_extn_sound_trigger_get_parameters input string<audio_karaoke_running=>
06-05 18:23:52.610   975  2550 D soundtrigger: extract_sm_handle input string <audio_karaoke_running=> param string <audio_karaoke_running=>
06-05 18:23:52.610   975  2550 D audio_hw_extn: audio_extn_fm_get_parameters: Enter
06-05 18:23:52.610   975  2550 D audio_hw_extn: audio_extn_get_parameters: returns audio_karaoke_running=false
06-05 18:23:52.610   975  2550 V msm8974_platform: platform_get_parameters: exit: returns - audio_karaoke_running=false
06-05 18:23:52.610   975  2550 D audio_hw_primary: adev_get_parameters: exit: returns - audio_karaoke_running=false
06-05 18:23:52.610  1103  6927 I hash_map_utils: system/bt/osi/src/hash_map_utils.cc:81 hash_map_utils_dump_string_keys_string_values: key: 'audio_karaoke_running' value: ''
06-05 18:23:52.611  1103  6927 D APM_AudioPolicyManager: selectOutput flags 2
06-05 18:23:52.611  1103  6927 D APM_AudioPolicyManager: getOutputForAttrInt()- attributes={ Content type: AUDIO_CONTENT_TYPE_SONIFICATION Usage: AUDIO_USAGE_ASSISTANCE_SONIFICATION Source: AUDIO_SOURCE_DEFAULT Flags: 0x800 Tags:  } stream=AUDIO_STREAM_SYSTEM session 5073 output 13 selectedDeviceId 0 device {type:0x2,@:} sampling rate 48000 format 0x1channel mask 0x3 flags 0x2 stream AUDIO_STREAM_SYSTEM uid 10375
06-05 18:23:52.611  1103  6927 D APM_AudioPolicyManager: getOutputForAttr() returns output 13 requestedPortId 0 selectedDeviceId 3 for port ID 401
06-05 18:23:52.612  1103  6927 D AudioFlinger: Client defaulted notificationFrames to 12000 for frameCount 24000
06-05 18:23:52.614  1103  6927 D AF::TrackHandle: OpPlayAudio: track:411 usage:13 not muted
06-05 18:23:52.617  1103  6927 I AudioFlinger: create audiotrack for com.facebook.orca  uid 10375
06-05 18:23:52.617  1103  6927 I AudioFlinger: create audiotrack for com.facebook.orca  uid 10375
06-05 18:23:52.617  1103  6927 D AF::Track: Track(411): usage = 13 mbIsAttrNeedFade = 0
06-05 18:23:52.620  1757  8987 D AudioTrack: isWhiteListPackage() Uid 10375, package name com.facebook.orca
06-05 18:23:52.621  1757  8987 I AudioTrack: AudioTrack::setVolume L:1.000000 R:1.000000 and the pakage is com.facebook.orca
06-05 18:23:52.621  1103  2317 D AudioFlinger: updateWakeLockUids_l AudioOut_15 uids:
06-05 18:23:52.622  1757  8987 I AudioTrack: AudioTrack::setVolume L:1.000000 R:1.000000 and the pakage is com.facebook.orca
06-05 18:23:52.622  1103  2327 D AudioFlinger: updateWakeLockUids_l AudioOut_1D uids:
06-05 18:23:52.622  1103  2189 D AF::Track: setFadeType1 type = 1 mFadeType = 0 isFadeNeeded = 0
06-05 18:23:52.622  1103  1596 V AudioPolicyManagerImpl: notification filter: setNotificationFilter notificationFilterFeature=1
06-05 18:23:52.622  1103  1596 D AudioPolicyManagerImpl: notification filter: setNotificationFilter muteMaskInt=0
06-05 18:23:52.622  1103  2363 D AudioFlinger: updateWakeLockUids_l AudioOut_4D uids:
06-05 18:23:52.623  1103  2347 D AudioFlinger: updateWakeLockUids_l AudioOut_3D uids:
06-05 18:23:52.629  1757  6839 D NuPlayerDriver: NuPlayerDriver(0xef6e1f20) created, clientPid(7058)
06-05 18:23:52.630   975 19730 D audio_hw_primary: out_set_parameters: enter: usecase(1: low-latency-playback) kvpairs: appname=+com.facebook.orca
06-05 18:23:52.630   975 19730 D audio_hw_extn: audio_extn_fm_set_parameters: Enter
06-05 18:23:52.631   975 19730 D audio_hw_hfp: hfp_set_parameters: enter
06-05 18:23:52.631   975 19730 V a2dp_offload: end of a2dp setparam
06-05 18:23:52.631   975 19730 D audio_hw_primary: out_set_parameters: [hal_apptype] cannot find app type [+com.facebook.orca], return !
06-05 18:23:52.631  1103  1596 D APM_AudioPolicyManager: startOutput() output 13, stream 1, session 5073 appname com.facebook.orca uid 10375
06-05 18:23:52.632  1103  1596 D APM_AudioPolicyManager: getNewOutputDevices selected devices {type:0x2,@:}
06-05 18:23:52.632  1103  1596 D APM_AudioPolicyManager: setOutputDevices device {type:0x2,@:} delayMs 0 force 0
06-05 18:23:52.632  1103  1596 D APM_AudioPolicyManager: setOutputDevices() prevDevice {type:0x2,@:}
06-05 18:23:52.632  1103  1596 D AudioPolicyManagerCustom: checkAndSetVolume() set volumeSource 2 volume index 1 for device 0x2
06-05 18:23:52.632  1103  1596 D AudioPolicyManagerCustom: checkAndSetVolume() set volumeSource 2 volume index 1 for device 0x2, volumeDb=-23.062500
06-05 18:23:52.633  1103  1595 I audioserver: setGameParameters keyvalue: volume_change=1;flags=6
06-05 18:23:52.633   975 19730 D audio_hw_primary: adev_set_parameters: enter: flags=6;volume_change=1
06-05 18:23:52.633   975 19730 V msm8974_platform: platform_set_parameters: enter: flags=6;volume_change=1
06-05 18:23:52.633   975 19730 D audio_hw_hfp: hfp_set_parameters: enter
06-05 18:23:52.633   975 19730 D audio_hw_hfp: hfp_set_parameters: enter
06-05 18:23:52.633   975 19730 V a2dp_offload: end of a2dp setparam
06-05 18:23:52.633   975 19730 D audio_hw_cspl_cal: cirrus_cal_setparameters: enter 0xf3003600
06-05 18:23:52.633   975 19730 D audio_hw_extn: audio_extn_fm_set_parameters: Enter
06-05 18:23:52.633   975 19730 D audio_hw_hfp: hfp_set_parameters: enter
06-05 18:23:52.633   975 19730 V a2dp_offload: end of a2dp setparam
06-05 18:23:52.633   975 19730 D audio_hw_primary: adev_set_parameters: exit with code(0)
06-05 18:23:52.634  1103  2189 E audioserver: open /proc/1757/cmdline error
06-05 18:23:52.634  1103  2189 I audioserver: setAppName(), name=[], active=[1]
06-05 18:23:52.635   975 19730 V EffectMiSound: MiSound_command() start, cmdCode=24
06-05 18:23:52.635   975 19730 V EffectMiSound: MiSound_Command EFFECT_CMD_SET_APP_NAME: stream=1, name=+
06-05 18:23:52.635  1103  2311 D AudioFlinger: updateWakeLockUids_l AudioOut_D uids:10375
06-05 18:23:52.636  1757  8987 D AudioTrack: getTimestamp_l(401): device stall time corrected using current time 5220684047485
06-05 18:23:52.643  1757  6839 I ExtendedNuUtils: printFileName fd(24) -> /data/app/~~VlTOWGyLaoynmM1TjPLWcA==/com.facebook.orca-ZmGq_5WISWgVH5PyHrZDZw==/base.apk
06-05 18:23:52.648  1757  8995 D GenericSource: FileSource remote
06-05 18:23:52.651  1560  8880 I MMParserExtractor: Created(0xb400007adb4fd0e0)
06-05 18:23:52.653  1560  8880 D MediaBufferGroup: creating MemoryDealer
06-05 18:23:52.661  1757  8994 I GenericSource: start
06-05 18:23:52.662  1757  8994 W Utils   : track of type 'audio/vorbis' does not publish channel mask, channel count 2
06-05 18:23:52.664  1757  8994 W Utils   : track of type 'audio/vorbis' does not publish channel mask, channel count 2
06-05 18:23:52.667   975 19730 D audio_hw_primary: adev_get_parameters:is_hw_dec_session_available
06-05 18:23:52.667   975 19730 D soundtrigger: audio_extn_sound_trigger_get_parameters input string<is_hw_dec_session_available=>
06-05 18:23:52.667   975 19730 D soundtrigger: extract_sm_handle input string <is_hw_dec_session_available=> param string <is_hw_dec_session_available=>
06-05 18:23:52.667   975 19730 D audio_hw_extn: audio_extn_fm_get_parameters: Enter
06-05 18:23:52.667   975 19730 D audio_hw_extn: audio_extn_get_parameters: returns
06-05 18:23:52.667   975 19730 V msm8974_platform: platform_get_parameters: exit: returns -
06-05 18:23:52.667   975 19730 D audio_hw_primary: adev_get_parameters: exit: returns -
06-05 18:23:52.667  1103  6927 I hash_map_utils: system/bt/osi/src/hash_map_utils.cc:81 hash_map_utils_dump_string_keys_string_values: key: 'is_hw_dec_session_available' value: 'audio/vorbis'
06-05 18:23:52.669  1757  8998 I MediaCodec: video box enabled in settings
06-05 18:23:52.669  1757  8998 I MediaCodec: init video box disabled for codec not supported
06-05 18:23:52.670  1757  8999 D CCodec  : allocate(c2.android.vorbis.decoder)
06-05 18:23:52.673  1757  8999 I CCodec  : setting up 'default' as default (vendor) store
06-05 18:23:52.675  1757  8999 I CCodec  : Created component [c2.android.vorbis.decoder]
06-05 18:23:52.675  1757  8999 D CCodecConfig: read media type: audio/vorbis
06-05 18:23:52.678  1757  8999 D ReflectedParamUpdater: extent() != 1 for single value type: algo.buffers.max-count.values
06-05 18:23:52.679  1757  8999 D ReflectedParamUpdater: extent() != 1 for single value type: output.subscribed-indices.values
06-05 18:23:52.679  1757  8999 D ReflectedParamUpdater: extent() != 1 for single value type: input.buffers.allocator-ids.values
06-05 18:23:52.679  1757  8999 D ReflectedParamUpdater: extent() != 1 for single value type: output.buffers.allocator-ids.values
06-05 18:23:52.679  1757  8999 D ReflectedParamUpdater: extent() != 1 for single value type: algo.buffers.allocator-ids.values
06-05 18:23:52.679  1757  8999 D ReflectedParamUpdater: extent() != 1 for single value type: output.buffers.pool-ids.values
06-05 18:23:52.679  1757  8999 D ReflectedParamUpdater: extent() != 1 for single value type: algo.buffers.pool-ids.values
06-05 18:23:52.681  1757  8999 I CCodecConfig: query failed after returning 7 values (BAD_INDEX)
06-05 18:23:52.681  1757  8999 D CCodecConfig: c2 config diff is Dict {
06-05 18:23:52.681  1757  8999 D CCodecConfig:   c2::u32 coded.bitrate.value = 64000
06-05 18:23:52.681  1757  8999 D CCodecConfig:   c2::u32 input.buffers.max-size.value = 32768
06-05 18:23:52.681  1757  8999 D CCodecConfig:   c2::u32 input.delay.value = 0
06-05 18:23:52.681  1757  8999 D CCodecConfig:   string input.media-type.value = "audio/vorbis"
06-05 18:23:52.681  1757  8999 D CCodecConfig:   string output.media-type.value = "audio/raw"
06-05 18:23:52.681  1757  8999 D CCodecConfig:   c2::u32 raw.channel-count.value = 1
06-05 18:23:52.681  1757  8999 D CCodecConfig:   c2::u32 raw.sample-rate.value = 48000
06-05 18:23:52.681  1757  8999 D CCodecConfig: }
06-05 18:23:52.683  1757  8999 D CCodec  : [c2.android.vorbis.decoder] buffers are bound to CCodec for this session
06-05 18:23:52.683  1757  8999 D CCodecConfig: no c2 equivalents for durationUs
06-05 18:23:52.683  1757  8999 D CCodecConfig: no c2 equivalents for csd-1
06-05 18:23:52.683  1757  8999 D CCodecConfig: no c2 equivalents for language
06-05 18:23:52.683  1757  8999 D CCodecConfig: no c2 equivalents for file-format
06-05 18:23:52.683  1757  8999 D CCodecConfig: no c2 equivalents for audiosession-id
06-05 18:23:52.683  1757  8999 D CCodecConfig: no c2 equivalents for flags
06-05 18:23:52.684  1757  8999 D CCodecConfig: config failed => CORRUPTED
06-05 18:23:52.684  1757  8999 D CCodecConfig: c2 config diff is   c2::u32 coded.bitrate.value = 80000
06-05 18:23:52.684  1757  8999 D CCodecConfig:   c2::u32 raw.channel-count.value = 2
06-05 18:23:52.685  1757  8999 W Codec2Client: query -- param skipped: index = 1107298332.
06-05 18:23:52.685  1757  8999 D CCodec  : setup formats input: AMessage(what = 0x00000000) = {
06-05 18:23:52.685  1757  8999 D CCodec  :   int32_t bitrate = 80000
06-05 18:23:52.685  1757  8999 D CCodec  :   int32_t channel-count = 2
06-05 18:23:52.685  1757  8999 D CCodec  :   int32_t max-input-size = 65307
06-05 18:23:52.685  1757  8999 D CCodec  :   string mime = "audio/vorbis"
06-05 18:23:52.685  1757  8999 D CCodec  :   int32_t sample-rate = 48000
06-05 18:23:52.685  1757  8999 D CCodec  : }
06-05 18:23:52.685  1757  8999 D CCodec  : setup formats output: AMessage(what = 0x00000000) = {
06-05 18:23:52.685  1757  8999 D CCodec  :   int32_t channel-count = 2
06-05 18:23:52.685  1757  8999 D CCodec  :   string mime = "audio/raw"
06-05 18:23:52.685  1757  8999 D CCodec  :   int32_t sample-rate = 48000
06-05 18:23:52.685  1757  8999 D CCodec  :   int32_t android._config-pcm-encoding = 2
06-05 18:23:52.685  1757  8999 D CCodec  : }
06-05 18:23:52.685  1757  8999 I CCodecConfig: query failed after returning 7 values (BAD_INDEX)
06-05 18:23:52.686  1757  8999 I MediaCodec: MediaCodec will operate in async mode
06-05 18:23:52.686  1757  8998 D MediaCodec: keep callback message for reclaim
06-05 18:23:52.687  1757  8999 W Codec2Client: query -- param skipped: index = 1342179345.
06-05 18:23:52.687  1757  8999 W Codec2Client: query -- param skipped: index = 2415921170.
06-05 18:23:52.688  1757  8999 D CCodecBufferChannel: [c2.android.vorbis.decoder#905] Created input block pool with allocatorID 16 => poolID 299 - OK (0)
06-05 18:23:52.689  1757  8999 I CCodecBufferChannel: [c2.android.vorbis.decoder#905] Created output block pool with allocatorID 16 => poolID 320 - OK
06-05 18:23:52.689  1757  8999 D CCodecBufferChannel: [c2.android.vorbis.decoder#905] Configured output block pool ids 320 => OK
06-05 18:23:52.691  1757  8999 D CCodecBufferChannel: [c2.android.vorbis.decoder#905] start: updating output delay 0
06-05 18:23:52.693  1645  9000 D SimpleC2Component: Using output block pool with poolID 320 => got 320 - 0
06-05 18:23:52.699  1757  8998 I ExtendedNuUtils: Both src and dst missing for bit-width
06-05 18:23:52.699  1757  8998 I ExtendedNuUtils: Overriding durationUs: with 64 bit src value 2000000
06-05 18:23:52.699  1757  8998 I ExtendedNuUtils: Both src and dst missing for channel-mask
06-05 18:23:52.700  1103  6927 D APM_AudioPolicyManager: selectOutput flags 0
06-05 18:23:52.701  1103  2189 D APM_AudioPolicyManager: selectOutput flags 0
06-05 18:23:52.701  1757  8997 D AudioTrack: set(sessionId=5081)
06-05 18:23:52.701  1757  8997 D AudioTrack: set(): streamType 1, sampleRate 48000, format 0x1, channelMask 0x3, frameCount 24000, flags #2, notificationFrames 0, sessionId 5081, transferType 0, uid 10375, pid 7058
06-05 18:23:52.701   975 19730 D audio_hw_primary: adev_get_parameters:audio_game_sound_volume_gap_switch
06-05 18:23:52.701   975 19730 D soundtrigger: audio_extn_sound_trigger_get_parameters input string<audio_game_sound_volume_gap_switch=>
06-05 18:23:52.701   975 19730 D soundtrigger: extract_sm_handle input string <audio_game_sound_volume_gap_switch=> param string <audio_game_sound_volume_gap_switch=>
06-05 18:23:52.701   975 19730 D audio_hw_extn: audio_extn_fm_get_parameters: Enter
06-05 18:23:52.701   975 19730 D audio_hw_extn: audio_extn_get_parameters: returns
06-05 18:23:52.702   975 19730 V msm8974_platform: platform_get_parameters: exit: returns - audio_game_sound_volume_gap_switch=off
06-05 18:23:52.702   975 19730 D audio_hw_primary: adev_get_parameters: exit: returns - audio_game_sound_volume_gap_switch=off
06-05 18:23:52.702  1103  1103 I hash_map_utils: system/bt/osi/src/hash_map_utils.cc:81 hash_map_utils_dump_string_keys_string_values: key: 'audio_game_sound_volume_gap_switch' value: ''
06-05 18:23:52.704  1103  6927 D MediaImpl: setPlaybackCaptureAllowed: playbackCaptureAllowed 1
06-05 18:23:52.705  1103  6927 D APM_AudioPolicyManager: getOutputForAttrInt()+ attributes={ Content type: AUDIO_CONTENT_TYPE_SONIFICATION Usage: AUDIO_USAGE_ASSISTANCE_SONIFICATION Source: AUDIO_SOURCE_DEFAULT Flags: 0x800 Tags:  } stream=AUDIO_STREAM_SYSTEM session 5081 output 0 selectedDeviceId 0 device AUDIO_DEVICE_NONE sampling rate 48000 format 0x1channel mask 0x3 flags 0x2 stream AUDIO_STREAM_SYSTEM uid 10375
06-05 18:23:52.705  1103  6927 D APM_AudioPolicyManager: getOutputForAttrInt() device {type:0x2,@:}, sampling rate 48000, format 0x1, channel mask 0x3, flags 0x2 stream AUDIO_STREAM_SYSTEM
06-05 18:23:52.706   975 19730 D audio_hw_primary: adev_get_parameters:vr_audio_mode_on
06-05 18:23:52.706   975 19730 I audio_hw_primary: getting vr mode to 0
06-05 18:23:52.706   975 19730 D audio_hw_primary: adev_get_parameters: exit: returns - vr_audio_mode_on=false
06-05 18:23:52.706  1103  6927 I hash_map_utils: system/bt/osi/src/hash_map_utils.cc:81 hash_map_utils_dump_string_keys_string_values: key: 'vr_audio_mode_on' value: ''
06-05 18:23:52.707  1103  6927 I AudioPolicyManagerCustom: VR mode is 0, switch to primary output if request is for fast|raw
06-05 18:23:52.707   975  1043 D audio_hw_primary: adev_get_parameters:audio_karaoke_running
06-05 18:23:52.707   975  1043 D audio_hw_primary: get para : audio_karaoke_running = false
06-05 18:23:52.707   975  1043 D soundtrigger: audio_extn_sound_trigger_get_parameters input string<audio_karaoke_running=>
06-05 18:23:52.707   975  1043 D soundtrigger: extract_sm_handle input string <audio_karaoke_running=> param string <audio_karaoke_running=>
06-05 18:23:52.707   975  1043 D audio_hw_extn: audio_extn_fm_get_parameters: Enter
06-05 18:23:52.707   975  1043 D audio_hw_extn: audio_extn_get_parameters: returns audio_karaoke_running=false
06-05 18:23:52.707   975  1043 V msm8974_platform: platform_get_parameters: exit: returns - audio_karaoke_running=false
06-05 18:23:52.707   975  1043 D audio_hw_primary: adev_get_parameters: exit: returns - audio_karaoke_running=false
06-05 18:23:52.707  1103  6927 I hash_map_utils: system/bt/osi/src/hash_map_utils.cc:81 hash_map_utils_dump_string_keys_string_values: key: 'audio_karaoke_running' value: ''
06-05 18:23:52.708  1103  6927 D APM_AudioPolicyManager: selectOutput flags 2
06-05 18:23:52.708  1103  6927 D APM_AudioPolicyManager: getOutputForAttrInt()- attributes={ Content type: AUDIO_CONTENT_TYPE_SONIFICATION Usage: AUDIO_USAGE_ASSISTANCE_SONIFICATION Source: AUDIO_SOURCE_DEFAULT Flags: 0x800 Tags:  } stream=AUDIO_STREAM_SYSTEM session 5081 output 13 selectedDeviceId 0 device {type:0x2,@:} sampling rate 48000 format 0x1channel mask 0x3 flags 0x2 stream AUDIO_STREAM_SYSTEM uid 10375
06-05 18:23:52.708  1103  6927 D APM_AudioPolicyManager: getOutputForAttr() returns output 13 requestedPortId 0 selectedDeviceId 3 for port ID 402
06-05 18:23:52.709  1103  6927 D AudioFlinger: Client defaulted notificationFrames to 12000 for frameCount 24000
06-05 18:23:52.710  1103  6927 D AF::TrackHandle: OpPlayAudio: track:412 usage:13 not muted
06-05 18:23:52.712  1103  6927 I AudioFlinger: create audiotrack for com.facebook.orca  uid 10375
06-05 18:23:52.713  1103  6927 I AudioFlinger: create audiotrack for com.facebook.orca  uid 10375
06-05 18:23:52.713  1103  6927 D AF::Track: Track(412): usage = 13 mbIsAttrNeedFade = 0
06-05 18:23:52.715  1757  8997 D AudioTrack: isWhiteListPackage() Uid 10375, package name com.facebook.orca
06-05 18:23:52.716  1757  8997 I AudioTrack: AudioTrack::setVolume L:1.000000 R:1.000000 and the pakage is com.facebook.orca
06-05 18:23:52.717  1757  8997 I AudioTrack: AudioTrack::setVolume L:1.000000 R:1.000000 and the pakage is com.facebook.orca
06-05 18:23:52.717  1103  2189 D AF::Track: setFadeType1 type = 1 mFadeType = 0 isFadeNeeded = 0
06-05 18:23:52.718  1103  1596 V AudioPolicyManagerImpl: notification filter: setNotificationFilter notificationFilterFeature=1
06-05 18:23:52.718  1103  1596 D AudioPolicyManagerImpl: notification filter: setNotificationFilter muteMaskInt=0
06-05 18:23:52.731   975  2550 D audio_hw_primary: out_set_parameters: enter: usecase(1: low-latency-playback) kvpairs: appname=+com.facebook.orca
06-05 18:23:52.731   975  2550 D audio_hw_extn: audio_extn_fm_set_parameters: Enter
06-05 18:23:52.731   975  2550 D audio_hw_hfp: hfp_set_parameters: enter
06-05 18:23:52.731   975  2550 V a2dp_offload: end of a2dp setparam
06-05 18:23:52.731   975  2550 D audio_hw_primary: out_set_parameters: [hal_apptype] cannot find app type [+com.facebook.orca], return !
06-05 18:23:52.731  1103  1596 D APM_AudioPolicyManager: startOutput() output 13, stream 1, session 5081 appname com.facebook.orca uid 10375
06-05 18:23:52.732  1103  2189 E audioserver: open /proc/1757/cmdline error
06-05 18:23:52.732  1103  2189 I audioserver: setAppName(), name=[], active=[1]
06-05 18:23:52.733   975  2550 V EffectMiSound: MiSound_command() start, cmdCode=24
06-05 18:23:52.733   975  2550 V EffectMiSound: MiSound_Command EFFECT_CMD_SET_APP_NAME: stream=1, name=+
06-05 18:23:52.744  1103  2311 D AudioFlinger: updateWakeLockUids_l AudioOut_D uids:10375
06-05 18:23:52.745  1757  8997 D AudioTrack: getTimestamp_l(402): device stall time corrected using current time 5220793018058
06-05 18:23:52.968  1010  2684 I sensors-hal: ssc_conn_event_cb:489, event[0] sensor:pedometer  Wakeup msg_id=129, ts=180847766771
06-05 18:23:53.142  1850  2553 D MIUIInput: [MotionEvent] publisher action=0x4, 5221189, channel 'c058ab6 com.miui.securitycenter (server)'
06-05 18:23:53.142  1850  2553 D MIUIInput: [MotionEvent] publisher action=0x0, 5221189, channel 'acd0430 com.facebook.orca/com.facebook.orca.auth.StartScreenActivity (server)'
06-05 18:23:53.361  1850  6642 I HapticFeedbackUtil: 3,2
06-05 18:23:53.363  1103  2189 I audioserver: setGameParameters keyvalue: xlog.volume.music.speaker=54
06-05 18:23:53.364   975  2550 D audio_hw_primary: adev_set_parameters: enter: xlog.volume.music.speaker=54
06-05 18:23:53.369  1850  3606 D MiuiMultiWindowAdapter: MiuiMultiWindowAdapter::getFreeformIgnoreRequestOrientationList= [com.miui.player, com.sqw.setdl.mi, tv.danmaku.bili, air.tv.douyu.android, com.youku.phone, com.tencent.gamehelper.smoba, com.taobao.litetao, com.live.shuoqiudi]
06-05 18:23:53.369   975  2550 V msm8974_platform: platform_set_parameters: enter: xlog.volume.music.speaker=54
06-05 18:23:53.369   975  2550 D audio_hw_hfp: hfp_set_parameters: enter
06-05 18:23:53.369   975  2550 D audio_hw_hfp: hfp_set_parameters: enter
06-05 18:23:53.369   975  2550 V a2dp_offload: end of a2dp setparam
06-05 18:23:53.369   975  2550 D audio_hw_cspl_cal: cirrus_cal_setparameters: enter 0xf3003600
06-05 18:23:53.369   975  2550 D audio_hw_extn: audio_extn_fm_set_parameters: Enter
06-05 18:23:53.369   975  2550 D audio_hw_hfp: hfp_set_parameters: enter
06-05 18:23:53.369   975  2550 V a2dp_offload: end of a2dp setparam
06-05 18:23:53.369   975  2550 D audio_hw_primary: adev_set_parameters: exit with code(0)
06-05 18:23:53.369  1075  1075 D vendor.hardware.vibratorfeature: Vibrator perform effect 3
06-05 18:23:53.370  1075  1075 D vendor.hardware.vibratorfeature: uses mCurrMagnitudeExt 1.000000
06-05 18:23:53.370  1075  1075 D vendor.hardware.vibratorfeature: getAmplitudeFromEffectStrength 1.000000
06-05 18:23:53.370  1075  1075 D vendor.hardware.vibratorfeature: return from driver is 20
06-05 18:23:53.370  1075  1075 D vendor.hardware.vibratorfeature: playLengthMs is 70
06-05 18:23:53.370  1075  9002 D vendor.hardware.vibratorfeature: Starting perform on another thread
06-05 18:23:53.370  1075  1075 D vendor.hardware.vibratorfeature: configStrengthForEffect id : 3 , strength: 1.000000
06-05 18:23:53.388  1757  2661 D NuPlayerDriver: NuPlayerDriver(0xef8e2a60) created, clientPid(7058)
06-05 18:23:53.393  1757  2661 I ExtendedNuUtils: printFileName fd(73) -> /data/app/~~VlTOWGyLaoynmM1TjPLWcA==/com.facebook.orca-ZmGq_5WISWgVH5PyHrZDZw==/base.apk
06-05 18:23:53.397  1757  9005 D GenericSource: FileSource remote
06-05 18:23:53.401  1113  1113 D CompositionEngine: writeOutputDependentGeometryStateToHWC layer[com.facebook.orca/com.facebook.orca.auth.StartScreenActivity#0] set Z 134217728 miFodLayer 0x8000000
06-05 18:23:53.401  1113  1113 D CompositionEngine: writeOutputDependentGeometryStateToHWC layer[com.miui.securitycenter/.FloatingWindow#0] set Z 134217729 miFodLayer 0x8000000
06-05 18:23:53.401  1113  1113 D CompositionEngine: writeOutputDependentGeometryStateToHWC layer[StatusBar#0] set Z 134217730 miFodLayer 0x8000000
06-05 18:23:53.401  1113  1113 D CompositionEngine: writeOutputDependentGeometryStateToHWC layer[RoundCornerTop#0] set Z 134217731 miFodLayer 0x8000000
06-05 18:23:53.401  1113  1113 D CompositionEngine: writeOutputDependentGeometryStateToHWC layer[RoundCornerBottom#0] set Z 134217732 miFodLayer 0x8000000
06-05 18:23:53.402  1560  8880 I MMParserExtractor: Created(0xb400007adb4fd380)
06-05 18:23:53.405  1560  8880 E MM_OSAL : resetPlayback no need to reset
06-05 18:23:53.408  1560 17042 D MediaBufferGroup: creating MemoryDealer
06-05 18:23:53.414  1757  9004 I GenericSource: start
06-05 18:23:53.417  1757  9004 W Utils   : track of type 'audio/mp4a-latm' does not publish channel mask, channel count 1
06-05 18:23:53.417  1113  1113 D CompositionEngine: writeOutputDependentGeometryStateToHWC layer[com.facebook.orca/com.facebook.orca.auth.StartScreenActivity#0] set Z 134217728 miFodLayer 0x8000000
06-05 18:23:53.417  1113  1113 D CompositionEngine: writeOutputDependentGeometryStateToHWC layer[com.miui.securitycenter/.FloatingWindow#0] set Z 134217729 miFodLayer 0x8000000
06-05 18:23:53.417  1113  1113 D CompositionEngine: writeOutputDependentGeometryStateToHWC layer[StatusBar#0] set Z 134217730 miFodLayer 0x8000000
06-05 18:23:53.417  1113  1113 D CompositionEngine: writeOutputDependentGeometryStateToHWC layer[RoundCornerTop#0] set Z 134217731 miFodLayer 0x8000000
06-05 18:23:53.417  1113  1113 D CompositionEngine: writeOutputDependentGeometryStateToHWC layer[RoundCornerBottom#0] set Z 134217732 miFodLayer 0x8000000
06-05 18:23:53.418  1757  9004 W Utils   : track of type 'audio/mp4a-latm' does not publish channel mask, channel count 1
06-05 18:23:53.420   975  2550 D audio_hw_primary: adev_get_parameters:is_hw_dec_session_available
06-05 18:23:53.420   975  2550 D soundtrigger: audio_extn_sound_trigger_get_parameters input string<is_hw_dec_session_available=>
06-05 18:23:53.420   975  2550 D soundtrigger: extract_sm_handle input string <is_hw_dec_session_available=> param string <is_hw_dec_session_available=>
06-05 18:23:53.420   975  2550 D audio_hw_extn: audio_extn_fm_get_parameters: Enter
06-05 18:23:53.420   975  2550 D audio_hw_extn: audio_extn_get_parameters: returns
06-05 18:23:53.420   975  2550 V msm8974_platform: platform_get_parameters: exit: returns -
06-05 18:23:53.421   975  2550 D audio_hw_primary: adev_get_parameters: exit: returns -
06-05 18:23:53.421  1103  6927 I hash_map_utils: system/bt/osi/src/hash_map_utils.cc:81 hash_map_utils_dump_string_keys_string_values: key: 'is_hw_dec_session_available' value: 'audio/mp4a-latm'
06-05 18:23:53.424  1034  1034 E vendor.qti.hardware.perf@2.2-service: Unknown params
06-05 18:23:53.424  1034  1034 I ANDR-PERF-LM: LMPerfGlue: perfmodule_submit_request() 132: perfmodule_submit_request()
06-05 18:23:53.424  1034  1034 I ANDR-PERF-LM: Core: getInstance() 84: LM getInstance
06-05 18:23:53.424  1034  1034 D ANDR-PERF-LM: Feature: lookup() 101: Feature Name = AppClassifier, total featuers = 3, featureFound = 1
06-05 18:23:53.425  1757  9009 D MediaImpl: Open libozoaudio library = 0xa0e7e23 (/system_ext/lib/libozoaudio.so)
06-05 18:23:53.425  1757  9009 D MediaImpl: CSD config data: channels=1, samplerate=44100
06-05 18:23:53.425  1034  1034 D ANDR-PERF-LM: Feature: getData() 112: data.data = 0
06-05 18:23:53.425  1034  1034 I ANDR-PERF-LM: FeedbackAPI: getFeedback() 60: app:BufferTX - com.facebook.orca feature:AppClassifier feedback = 0
06-05 18:23:53.427  1757  9009 I MediaCodec: video box enabled in settings
06-05 18:23:53.427  1757  9009 I MediaCodec: init video box disabled for codec not supported
06-05 18:23:53.427  1757  9010 D CCodec  : allocate(c2.android.aac.decoder)
06-05 18:23:53.431  1757  9010 I CCodec  : setting up 'default' as default (vendor) store
06-05 18:23:53.433  1113  1113 D CompositionEngine: writeOutputDependentGeometryStateToHWC layer[com.facebook.orca/com.facebook.orca.auth.StartScreenActivity#0] set Z 134217728 miFodLayer 0x8000000
06-05 18:23:53.434  1113  1113 D CompositionEngine: writeOutputDependentGeometryStateToHWC layer[com.facebook.orca/com.facebook.orca.auth.StartScreenActivity#1] set Z 134217729 miFodLayer 0x8000000
06-05 18:23:53.434  1113  1113 D CompositionEngine: writeOutputDependentGeometryStateToHWC layer[com.miui.securitycenter/.FloatingWindow#0] set Z 134217730 miFodLayer 0x8000000
06-05 18:23:53.434  1113  1113 D CompositionEngine: writeOutputDependentGeometryStateToHWC layer[StatusBar#0] set Z 134217731 miFodLayer 0x8000000
06-05 18:23:53.434  1113  1113 D CompositionEngine: writeOutputDependentGeometryStateToHWC layer[RoundCornerTop#0] set Z 134217732 miFodLayer 0x8000000
06-05 18:23:53.434  1113  1113 D CompositionEngine: writeOutputDependentGeometryStateToHWC layer[RoundCornerBottom#0] set Z 134217733 miFodLayer 0x8000000
06-05 18:23:53.437  1757  9010 I CCodec  : Created component [c2.android.aac.decoder]
06-05 18:23:53.437  1757  9010 D CCodecConfig: read media type: audio/mp4a-latm
06-05 18:23:53.439  1757  9010 D ReflectedParamUpdater: extent() != 1 for single value type: algo.buffers.max-count.values
06-05 18:23:53.439  1757  9010 D ReflectedParamUpdater: extent() != 1 for single value type: output.subscribed-indices.values
06-05 18:23:53.440  1757  9010 D ReflectedParamUpdater: extent() != 1 for single value type: input.buffers.allocator-ids.values
06-05 18:23:53.440  1757  9010 D ReflectedParamUpdater: extent() != 1 for single value type: output.buffers.allocator-ids.values
06-05 18:23:53.440  1757  9010 D ReflectedParamUpdater: extent() != 1 for single value type: algo.buffers.allocator-ids.values
06-05 18:23:53.440  1075  9002 D vendor.hardware.vibratorfeature: Notifying perform complete
06-05 18:23:53.440  1757  9010 D ReflectedParamUpdater: extent() != 1 for single value type: output.buffers.pool-ids.values
06-05 18:23:53.440  1757  9010 D ReflectedParamUpdater: extent() != 1 for single value type: algo.buffers.pool-ids.values
06-05 18:23:53.441  1075  1075 D vendor.hardware.vibratorfeature: QTI Vibrator off
06-05 18:23:53.441  1075  1075 D DynamicEffectThread: pause
06-05 18:23:53.441  1075  1075 D DynamicEffectDevice: FFDevice pause
06-05 18:23:53.443  1757  9010 I CCodecConfig: query failed after returning 19 values (BAD_INDEX)
06-05 18:23:53.443  1757  9010 D CCodecConfig: c2 config diff is Dict {
06-05 18:23:53.443  1757  9010 D CCodecConfig:   c2::u32 coded.aac-packaging.value = 0
06-05 18:23:53.443  1757  9010 D CCodecConfig:   c2::u32 coded.bitrate.value = 64000
06-05 18:23:53.443  1757  9010 D CCodecConfig:   c2::u32 coded.pl.level = 0
06-05 18:23:53.443  1757  9010 D CCodecConfig:   c2::u32 coded.pl.profile = 8192
06-05 18:23:53.443  1757  9010 D CCodecConfig:   c2::i32 coding.drc.album-mode.value = 0
06-05 18:23:53.443  1757  9010 D CCodecConfig:   c2::float coding.drc.attenuation-factor.value = 1
06-05 18:23:53.443  1757  9010 D CCodecConfig:   c2::float coding.drc.boost-factor.value = 1
06-05 18:23:53.443  1757  9010 D CCodecConfig:   c2::i32 coding.drc.compression-mode.value = 3
06-05 18:23:53.443  1757  9010 D CCodecConfig:   c2::i32 coding.drc.effect-type.value = 3
06-05 18:23:53.443  1757  9010 D CCodecConfig:   c2::float coding.drc.encoded-level.value = 0.25
06-05 18:23:53.443  1757  9010 D CCodecConfig:   c2::float coding.drc.reference-level.value = -16
06-05 18:23:53.443  1757  9010 D CCodecConfig:   c2::u32 input.buffers.max-size.value = 8192
06-05 18:23:53.443  1757  9010 D CCodecConfig:   c2::u32 input.delay.value = 0
06-05 18:23:53.443  1757  9010 D CCodecConfig:   string input.media-type.value = "audio/mp4a-latm"
06-05 18:23:53.443  1757  9010 D CCodecConfig:   c2::u32 output.delay.value = 2
06-05 18:23:53.443  1757  9010 D CCodecConfig:   c2::float output.drc.output-loudness.value = 0.25
06-05 18:23:53.443  1757  9010 D CCodecConfig:   string output.media-type.value = "audio/raw"
06-05 18:23:53.443  1757  9010 D CCodecConfig:   c2::u32 raw.channel-count.value = 1
06-05 18:23:53.443  1757  9010 D CCodecConfig:   c2::u32 raw.max-channel-count.value = 8
06-05 18:23:53.443  1757  9010 D CCodecConfig:   c2::u32 raw.sample-rate.value = 44100
06-05 18:23:53.443  1757  9010 D CCodecConfig: }
06-05 18:23:53.444  5042  5042 I GoogleInputMethodService: GoogleInputMethodService.onFinishInput():3204
06-05 18:23:53.445  5042  5042 I GoogleInputMethodService: GoogleInputMethodService.updateDeviceLockedStatus():2100 checkRepeatedly = false, unlocked = true
06-05 18:23:53.445  5042  5042 I GoogleInputMethodService: GoogleInputMethodService.onStartInput():1903 onStartInput(EditorInfo{inputType=0x0(NULL) imeOptions=0x0 privateImeOptions=null actionName=UNSPECIFIED actionLabel=null actionId=0 initialSelStart=-1 initialSelEnd=-1 initialCapsMode=0x0 hintText=null label=null packageName=com.facebook.orca fieldId=-1 fieldName=null extras=null}, false)
06-05 18:23:53.445  5042  5042 I GoogleInputMethodService: GoogleInputMethodService.updateDeviceLockedStatus():2100 checkRepeatedly = true, unlocked = true
06-05 18:23:53.448  1757  9010 D CCodec  : [c2.android.aac.decoder] buffers are bound to CCodec for this session
06-05 18:23:53.449  1757  9010 D CCodecConfig: no c2 equivalents for durationUs
06-05 18:23:53.449  1757  9010 D CCodecConfig: no c2 equivalents for language
06-05 18:23:53.449  1757  9010 D CCodecConfig: no c2 equivalents for encoder-delay
06-05 18:23:53.449  1757  9010 D CCodecConfig: no c2 equivalents for encoder-padding
06-05 18:23:53.449  1757  9010 D CCodecConfig: no c2 equivalents for file-format
06-05 18:23:53.449  1757  9010 D CCodecConfig: no c2 equivalents for aac-format-adif
06-05 18:23:53.449  1757  9010 D CCodecConfig: no c2 equivalents for audiosession-id
06-05 18:23:53.449  1757  9010 D CCodecConfig: no c2 equivalents for flags
06-05 18:23:53.450  1757  9010 D CCodecConfig: config failed => CORRUPTED
06-05 18:23:53.450  1757  9010 W Codec2Client: query -- param skipped: index = 1107298332.
06-05 18:23:53.450  1757  9010 D CCodec  : setup formats input: AMessage(what = 0x00000000) = {
06-05 18:23:53.450  1757  9010 D CCodec  :   int32_t aac-drc-album-mode = 0
06-05 18:23:53.450  1757  9010 D CCodec  :   int32_t aac-drc-boost-level = 127
06-05 18:23:53.450  1757  9010 D CCodec  :   int32_t aac-drc-cut-level = 127
06-05 18:23:53.450  1757  9010 D CCodec  :   int32_t aac-drc-effect-type = 3
06-05 18:23:53.450  1757  9010 D CCodec  :   int32_t aac-drc-heavy-compression = 3
06-05 18:23:53.450  1757  9010 D CCodec  :   int32_t aac-encoded-target-level = -1
06-05 18:23:53.450  1757  9010 D CCodec  :   int32_t aac-max-output-channel_count = 8
06-05 18:23:53.450  1757  9010 D CCodec  :   int32_t aac-target-ref-level = 64
06-05 18:23:53.450  1757  9010 D CCodec  :   int32_t bitrate = 64000
06-05 18:23:53.450  1757  9010 D CCodec  :   int32_t channel-count = 1
06-05 18:23:53.450  1757  9010 D CCodec  :   int32_t level = 0
06-05 18:23:53.450  1757  9010 D CCodec  :   int32_t max-input-size = 65538
06-05 18:23:53.450  1757  9010 D CCodec  :   string mime = "audio/mp4a-latm"
06-05 18:23:53.450  1757  9010 D CCodec  :   int32_t profile = 2
06-05 18:23:53.450  1757  9010 D CCodec  :   int32_t sample-rate = 44100
06-05 18:23:53.450  1757  9010 D CCodec  : }
06-05 18:23:53.450  1757  9010 D CCodec  : setup formats output: AMessage(what = 0x00000000) = {
06-05 18:23:53.450  1757  9010 D CCodec  :   int32_t aac-drc-album-mode = 0
06-05 18:23:53.450  1757  9010 D CCodec  :   int32_t aac-drc-boost-level = 127
06-05 18:23:53.450  1757  9010 D CCodec  :   int32_t aac-drc-cut-level = 127
06-05 18:23:53.450  1757  9010 D CCodec  :   int32_t aac-drc-effect-type = 3
06-05 18:23:53.450  1757  9010 D CCodec  :   int32_t aac-drc-heavy-compression = 3
06-05 18:23:53.450  1757  9010 D CCodec  :   int32_t aac-drc-output-loudness = -1
06-05 18:23:53.450  1757  9010 D CCodec  :   int32_t aac-encoded-target-level = -1
06-05 18:23:53.450  1757  9010 D CCodec  :   int32_t aac-max-output-channel_count = 8
06-05 18:23:53.450  1757  9010 D CCodec  :   int32_t aac-target-ref-level = 64
06-05 18:23:53.450  1757  9010 D CCodec  :   int32_t channel-count = 1
06-05 18:23:53.450  1757  9010 D CCodec  :   string mime = "audio/raw"
06-05 18:23:53.450  1757  9010 D CCodec  :   int32_t sample-rate = 44100
06-05 18:23:53.450  1757  9010 D CCodec  :   int32_t encoder-delay = 2112
06-05 18:23:53.450  1757  9010 D CCodec  :   int32_t encoder-padding = 394
06-05 18:23:53.450  1757  9010 D CCodec  :   int32_t android._config-pcm-encoding = 2
06-05 18:23:53.450  1757  9010 D CCodec  : }
06-05 18:23:53.450  1757  9010 I CCodecConfig: query failed after returning 19 values (BAD_INDEX)
06-05 18:23:53.450  1113  1113 D CompositionEngine: writeOutputDependentGeometryStateToHWC layer[com.facebook.orca/com.facebook.orca.auth.StartScreenActivity#0] set Z 134217728 miFodLayer 0x8000000
