06-05 18:24:12.423  1850  5276 D MiuiMultiWindowAdapter: MiuiMultiWindowAdapter::getFreeformIgnoreRequestOrientationList= [com.miui.player, com.sqw.setdl.mi, tv.danmaku.bili, air.tv.douyu.android, com.youku.phone, com.tencent.gamehelper.smoba, com.taobao.litetao, com.live.shuoqiudi]
06-05 18:24:12.424  1034  1034 I ANDR-PERF-LM: LMPerfGlue: perfmodule_submit_request() 132: perfmodule_submit_request()
06-05 18:24:12.424  1034  1034 I ANDR-PERF-LM: Core: getInstance() 84: LM getInstance
06-05 18:24:12.424  1034  1034 I ANDR-PERF-LM: WQ: push() 59: LMTriggerQ push() size=0
06-05 18:24:12.424  1034  1034 I ANDR-PERF-LM: WQ: push() 61: LMTriggerQ push() done size=1
06-05 18:24:12.424  1034  1092 I ANDR-PERF-LM: WQ: pop() 42: LMTriggerQ pop() done size=0
06-05 18:24:12.424  1034  1092 I ANDR-PERF-LM: Core: lmMain() 373: Waiting on trigger Queue
06-05 18:24:12.424  1034  1092 I ANDR-PERF-LM: WQ: pop() 31: LMTriggerQ pop() size=0
06-05 18:24:12.424  1850  1941 D PerfImpl: perfGetWorkLoadType
06-05 18:24:12.424  1034  1034 E vendor.qti.hardware.perf@2.2-service: Unknown params
06-05 18:24:12.424  1034  1034 I ANDR-PERF-LM: LMPerfGlue: perfmodule_submit_request() 132: perfmodule_submit_request()
06-05 18:24:12.424  1034  1034 I ANDR-PERF-LM: Core: getInstance() 84: LM getInstance
06-05 18:24:12.424  1034  1034 D ANDR-PERF-LM: Feature: lookup() 101: Feature Name = AppClassifier, total featuers = 3, featureFound = 1
06-05 18:24:12.425  1034  1034 D ANDR-PERF-LM: Feature: getData() 112: data.data = 1
06-05 18:24:12.425  1034  1034 I ANDR-PERF-LM: FeedbackAPI: getFeedback() 60: app:com.facebook.orca feature:AppClassifier feedback = 1
06-05 18:24:12.425  1850  1941 D PerfImpl: perfDragBoost: com.facebook.orca, -1, 1
06-05 18:24:12.425  1034  1034 E vendor.qti.hardware.perf@2.2-service: Unknown params
06-05 18:24:12.428  3068  3068 W RecentsModel: getTaskInfoIgnoreFreeform   taskInfo=ComponentInfo{com.facebook.orca/com.facebook.orca.auth.StartScreenActivity}
06-05 18:24:12.428  3068  3068 E ZCLZCL  : onPointerEvent: homeVisible: false
06-05 18:24:12.428  3068  3068 E ZCLZCL_PERF: RecentsAndFSGestureUtils: isUseFsGestureV2Device IS_NOT_SUPPORT_GESTURE_V3_DEVICE: false
06-05 18:24:12.428  3068  3068 D NavStubView: current window mode:2 (1:home, 2:app, 3:recent-task, 4:keyguard, 5:quick-switch, 6:assistant, 7:one-hand)
06-05 18:24:12.428  3068  3068 D NavStubView: current state mode: StateMode.STATE_INIT
06-05 18:24:12.428  3068  3068 D NavStubView: current state mode: StateMode.STATE_INIT
06-05 18:24:12.428  3068  3068 W RecentsModel: getRunningTask
06-05 18:24:12.430  3068  3068 W RecentsModel: getTaskInfoIgnoreHomeAndFreeform   taskInfo=ComponentInfo{com.facebook.orca/com.facebook.orca.auth.StartScreenActivity}
06-05 18:24:12.430  3068  3289 D ActivityManagerWrapper: startRecentsActivityAtLeastS
06-05 18:24:12.430  3068  3068 E ZCLZCL_PERF: RecentsAndFSGestureUtils: isUseFsGestureV2Device IS_NOT_SUPPORT_GESTURE_V3_DEVICE: false
06-05 18:24:12.430  3068  3068 E ZCLZCL_PERF: RecentsAndFSGestureUtils: isUseFsGestureV2Device IS_NOT_SUPPORT_GESTURE_V3_DEVICE: false
06-05 18:24:12.430  3068  3068 E BlurUtils: fastBlur ratio=0.0   withAnim=false   sBlurRatioValue=0.0
06-05 18:24:12.430  3068  3068 E NavStubView: changeAlphaScaleForFsGesture: alpha=0.0   scale=0.75
06-05 18:24:12.430  3068  3068 E Launcher: changeViewByFsGestureState,  view=ForceTouchLayer,  alpha=0.0,  scale=0.75
06-05 18:24:12.431  3068  3068 D NavStubView: onPointEvent: rawX=650.7911   rawY=2372.6018   action=2   mIsInFsMode=false
06-05 18:24:12.431  3068  3068 D NavStubView: current window mode:2 (1:home, 2:app, 3:recent-task, 4:keyguard, 5:quick-switch, 6:assistant, 7:one-hand)
06-05 18:24:12.431  3068  3068 D NavStubView: NavStubView::initSmallWindowCrop
06-05 18:24:12.431  3068  3068 W GestureStateMachine: InitState msg=1
06-05 18:24:12.434  1850  2634 I MiuiNetworkPolicy: updateUidState uid = 10091, uidState = 2
06-05 18:24:12.436  1113  1113 D CompositionEngine: writeOutputDependentGeometryStateToHWC layer[com.facebook.orca/com.facebook.orca.auth.StartScreenActivity#0] set Z 134217728 miFodLayer 0x8000000
06-05 18:24:12.436  1113  1113 D CompositionEngine: writeOutputDependentGeometryStateToHWC layer[com.miui.securitycenter/.FloatingWindow#0] set Z 134217729 miFodLayer 0x8000000
06-05 18:24:12.436  1113  1113 D CompositionEngine: writeOutputDependentGeometryStateToHWC layer[StatusBar#0] set Z 134217730 miFodLayer 0x8000000
06-05 18:24:12.436  1113  1113 D CompositionEngine: writeOutputDependentGeometryStateToHWC layer[RoundCornerTop#0] set Z 134217731 miFodLayer 0x8000000
06-05 18:24:12.436  1113  1113 D CompositionEngine: writeOutputDependentGeometryStateToHWC layer[RoundCornerBottom#0] set Z 134217732 miFodLayer 0x8000000
06-05 18:24:12.437  3068  3068 D NavStubView: onTouchEvent:631.216 2306.7507 MotionEvent { action=ACTION_MOVE, actionButton=0, id[0]=0, x[0]=631.216, y[0]=-58.249268, toolType[0]=TOOL_TYPE_FINGER, buttonState=0, classification=NONE, metaState=0, flags=0x10000, edgeFlags=0x0, pointerCount=1, historySize=6, eventTime=5240477, downTime=5240396, deviceId=4, source=0x1002, displayId=0, eventId=238279285 }
06-05 18:24:12.438  3068  3068 W GestureStateMachine: AppDragState msg=3
06-05 18:24:12.438  3068  3068 D NavStubView: onPointEvent: rawX=631.216   rawY=2306.7507   action=2   mIsInFsMode=false
06-05 18:24:12.438  3068  3068 D NavStubView: current window mode:2 (1:home, 2:app, 3:recent-task, 4:keyguard, 5:quick-switch, 6:assistant, 7:one-hand)
06-05 18:24:12.441  3068  3068 D NavStubView: NavStubView::initSmallWindowCrop
06-05 18:24:12.449  3068  3310 W System.err: java.lang.NoSuchFieldException: android.view.RemoteAnimationTarget#packageName
06-05 18:24:12.449  3068  3310 W System.err: 	at miui.util.ReflectionUtils.findField(ReflectionUtils.java:105)
06-05 18:24:12.449  3068  3310 W System.err: 	at com.android.systemui.shared.recents.system.RemoteAnimationTargetCompat.<init>(RemoteAnimationTargetCompat.java:70)
06-05 18:24:12.449  3068  3310 W System.err: 	at com.android.systemui.shared.recents.system.RemoteAnimationTargetCompat.wrap(RemoteAnimationTargetCompat.java:86)
06-05 18:24:12.449  3068  3310 W System.err: 	at com.android.systemui.shared.recents.system.ActivityManagerWrapper$2.onAnimationStart(ActivityManagerWrapper.java:385)
06-05 18:24:12.449  3068  3310 W System.err: 	at com.android.systemui.shared.recents.IRecentsAnimationRunnerForAndroidS$Stub.onTransact(IRecentsAnimationRunnerForAndroidS.java:69)
06-05 18:24:12.449  3068  3310 W System.err: 	at android.os.Binder.execTransactInternal(Binder.java:1187)
06-05 18:24:12.449  3068  3310 W System.err: 	at android.os.Binder.execTransact(Binder.java:1146)
06-05 18:24:12.449  3068  3310 W System.err: java.lang.NoSuchFieldException: android.view.RemoteAnimationTarget#packageName
06-05 18:24:12.449  3068  3310 W System.err: 	at miui.util.ReflectionUtils.findField(ReflectionUtils.java:105)
06-05 18:24:12.449  3068  3310 W System.err: 	at com.android.systemui.shared.recents.system.RemoteAnimationTargetCompat.<init>(RemoteAnimationTargetCompat.java:70)
06-05 18:24:12.449  3068  3310 W System.err: 	at com.android.systemui.shared.recents.system.RemoteAnimationTargetCompat.wrap(RemoteAnimationTargetCompat.java:86)
06-05 18:24:12.449  3068  3310 W System.err: 	at com.android.systemui.shared.recents.system.ActivityManagerWrapper$2.onAnimationStart(ActivityManagerWrapper.java:385)
06-05 18:24:12.449  3068  3310 W System.err: 	at com.android.systemui.shared.recents.IRecentsAnimationRunnerForAndroidS$Stub.onTransact(IRecentsAnimationRunnerForAndroidS.java:69)
06-05 18:24:12.450  3068  3310 W System.err: 	at android.os.Binder.execTransactInternal(Binder.java:1187)
06-05 18:24:12.450  3068  3310 W System.err: 	at android.os.Binder.execTransact(Binder.java:1146)
06-05 18:24:12.450  3068  3310 E RecentsAnimationListenerImpl: onAnimationStart
06-05 18:24:12.450  3068  3310 E RecentsAnimationListenerImpl: onAnimationStart:taskId2   activityType=2   mode0
06-05 18:24:12.450  3068  3310 E RecentsAnimationListenerImpl: onAnimationStart:taskId2360   activityType=1   mode1
06-05 18:24:12.450  3068  3310 W RecentsModel: getRunningTask
06-05 18:24:12.453  1113  1113 D CompositionEngine: writeOutputDependentGeometryStateToHWC layer[Wallpaper BBQ wrapper#0] set Z 134217728 miFodLayer 0x8000000
06-05 18:24:12.453  1113  1113 D CompositionEngine: writeOutputDependentGeometryStateToHWC layer[com.facebook.orca/com.facebook.orca.auth.StartScreenActivity#0] set Z 134217729 miFodLayer 0x8000000
06-05 18:24:12.453  1113  1113 D CompositionEngine: writeOutputDependentGeometryStateToHWC layer[com.miui.securitycenter/.FloatingWindow#0] set Z 134217730 miFodLayer 0x8000000
06-05 18:24:12.453  1113  1113 D CompositionEngine: writeOutputDependentGeometryStateToHWC layer[StatusBar#0] set Z 134217731 miFodLayer 0x8000000
06-05 18:24:12.453  1113  1113 D CompositionEngine: writeOutputDependentGeometryStateToHWC layer[RoundCornerTop#0] set Z 134217732 miFodLayer 0x8000000
06-05 18:24:12.453  1113  1113 D CompositionEngine: writeOutputDependentGeometryStateToHWC layer[RoundCornerBottom#0] set Z 134217733 miFodLayer 0x8000000
06-05 18:24:12.453  3068  5880 D AppScoutStateMachine: 3068-ScoutStateMachinecreated
06-05 18:24:12.454  3068  3068 D NavStubView: onTouchEvent:624.875 2188.6768 MotionEvent { action=ACTION_MOVE, actionButton=0, id[0]=0, x[0]=624.875, y[0]=-176.32324, toolType[0]=TOOL_TYPE_FINGER, buttonState=0, classification=NONE, metaState=0, flags=0x20000, edgeFlags=0x0, pointerCount=1, historySize=6, eventTime=5240494, downTime=5240396, deviceId=4, source=0x1002, displayId=0, eventId=757690194 }
06-05 18:24:12.454  3068  3068 W GestureStateMachine: AppDragState msg=2
06-05 18:24:12.455  3068  3068 W GestureStateMachine: AppDragState msg=3
06-05 18:24:12.457  3068  3605 I RenderThread: RenderThread resumed
06-05 18:24:12.457  3068  3605 I RenderThread: All controllers paused.
06-05 18:24:12.457  3068  3605 I RenderThread: RenderThread paused, waiting for signal
06-05 18:24:12.459  1850  2553 D MIUIInput: [MotionEvent] publisher action=0x1, 5240505, channel 'e0aa643 GestureStub (server)'
06-05 18:24:12.460  2754  3190 W OpenGLRenderer: Surface doesn't have any previously queued frames, nothing to readback from
06-05 18:24:12.461  1850  1941 D PerfImpl: perfGetWorkLoadType
06-05 18:24:12.461  1034  1034 E vendor.qti.hardware.perf@2.2-service: Unknown params
06-05 18:24:12.461  1034  1034 I ANDR-PERF-LM: LMPerfGlue: perfmodule_submit_request() 132: perfmodule_submit_request()
06-05 18:24:12.461  1034  1034 I ANDR-PERF-LM: Core: getInstance() 84: LM getInstance
06-05 18:24:12.461  1034  1034 D ANDR-PERF-LM: Feature: lookup() 101: Feature Name = AppClassifier, total featuers = 3, featureFound = 1
06-05 18:24:12.461  1034  1034 D ANDR-PERF-LM: Feature: getData() 112: data.data = 1
06-05 18:24:12.461  1034  1034 I ANDR-PERF-LM: FeedbackAPI: getFeedback() 60: app:com.facebook.orca feature:AppClassifier feedback = 1
06-05 18:24:12.461  1850  1941 D PerfImpl: perfScrollBoost: com.facebook.orca, 1480, 1
06-05 18:24:12.461  1034  1034 E vendor.qti.hardware.perf@2.2-service: Unknown params
06-05 18:24:12.461  1034  1034 I ANDR-PERF-LM: LMPerfGlue: perfmodule_submit_request() 132: perfmodule_submit_request()
06-05 18:24:12.462  1034  1034 I ANDR-PERF-LM: Core: getInstance() 84: LM getInstance
06-05 18:24:12.462  1034  1034 I ANDR-PERF-LM: WQ: push() 59: LMTriggerQ push() size=0
06-05 18:24:12.462  1034  1034 I ANDR-PERF-LM: WQ: push() 61: LMTriggerQ push() done size=1
06-05 18:24:12.462  2754  2810 D HomeWallpaperRenderer: OFFSET  x: 0.0  y: 0.0
06-05 18:24:12.462  1034  1092 I ANDR-PERF-LM: WQ: pop() 42: LMTriggerQ pop() done size=0
06-05 18:24:12.462  1034  1092 I ANDR-PERF-LM: Core: lmMain() 373: Waiting on trigger Queue
06-05 18:24:12.462  1034  1092 I ANDR-PERF-LM: WQ: pop() 31: LMTriggerQ pop() size=0
06-05 18:24:12.462  2754  3190 W OpenGLRenderer: Surface doesn't have any previously queued frames, nothing to readback from
06-05 18:24:12.466  1850  1941 D PerfImpl: perfGetWorkLoadType
06-05 18:24:12.466  1034  1034 E vendor.qti.hardware.perf@2.2-service: Unknown params
06-05 18:24:12.466  1034  1034 I ANDR-PERF-LM: LMPerfGlue: perfmodule_submit_request() 132: perfmodule_submit_request()
06-05 18:24:12.466  1034  1034 I ANDR-PERF-LM: Core: getInstance() 84: LM getInstance
06-05 18:24:12.466  1034  1034 D ANDR-PERF-LM: Feature: lookup() 101: Feature Name = AppClassifier, total featuers = 3, featureFound = 1
06-05 18:24:12.466  1010  2684 I sensors-hal: ssc_conn_event_cb:489, event[0] sensor:pedometer  Wakeup msg_id=129, ts=181222164821
06-05 18:24:12.466  1034  1034 D ANDR-PERF-LM: Feature: getData() 112: data.data = 1
06-05 18:24:12.466  1034  1034 I ANDR-PERF-LM: FeedbackAPI: getFeedback() 60: app:com.facebook.orca feature:AppClassifier feedback = 1
06-05 18:24:12.466  1850  1941 D PerfImpl: perfScrollBoost: com.facebook.orca, -1, 4
06-05 18:24:12.466  1034  1034 E vendor.qti.hardware.perf@2.2-service: Unknown params
06-05 18:24:12.467  1034  1034 I ANDR-PERF-LM: LMPerfGlue: perfmodule_submit_request() 132: perfmodule_submit_request()
06-05 18:24:12.467  1034  1034 I ANDR-PERF-LM: Core: getInstance() 84: LM getInstance
06-05 18:24:12.467  1034  1034 I ANDR-PERF-LM: WQ: push() 59: LMTriggerQ push() size=0
06-05 18:24:12.467  1034  1034 I ANDR-PERF-LM: WQ: push() 61: LMTriggerQ push() done size=1
06-05 18:24:12.467  1850  1941 D PerfImpl: perfGetWorkLoadType
06-05 18:24:12.467  1034  1092 I ANDR-PERF-LM: WQ: pop() 42: LMTriggerQ pop() done size=0
06-05 18:24:12.467  1034  1092 I ANDR-PERF-LM: Core: lmMain() 373: Waiting on trigger Queue
06-05 18:24:12.467  1034  1092 I ANDR-PERF-LM: WQ: pop() 31: LMTriggerQ pop() size=0
06-05 18:24:12.467  1034  1034 E vendor.qti.hardware.perf@2.2-service: Unknown params
06-05 18:24:12.467  1034  1034 I ANDR-PERF-LM: LMPerfGlue: perfmodule_submit_request() 132: perfmodule_submit_request()
06-05 18:24:12.467  1034  1034 I ANDR-PERF-LM: Core: getInstance() 84: LM getInstance
06-05 18:24:12.467  1034  1034 D ANDR-PERF-LM: Feature: lookup() 101: Feature Name = AppClassifier, total featuers = 3, featureFound = 1
06-05 18:24:12.467  1034  1034 D ANDR-PERF-LM: Feature: getData() 112: data.data = 1
06-05 18:24:12.467  1034  1034 I ANDR-PERF-LM: FeedbackAPI: getFeedback() 60: app:com.facebook.orca feature:AppClassifier feedback = 1
06-05 18:24:12.467  1850  1941 D PerfImpl: perfLockRelease
06-05 18:24:12.470  1113  1113 D CompositionEngine: writeOutputDependentGeometryStateToHWC layer[Wallpaper BBQ wrapper#0] set Z 134217728 miFodLayer 0x8000000
06-05 18:24:12.470  1113  1113 D CompositionEngine: writeOutputDependentGeometryStateToHWC layer[com.facebook.orca/com.facebook.orca.auth.StartScreenActivity#0] set Z 134217729 miFodLayer 0x8000000
06-05 18:24:12.470  1113  1113 D CompositionEngine: writeOutputDependentGeometryStateToHWC layer[com.miui.securitycenter/.FloatingWindow#0] set Z 134217730 miFodLayer 0x8000000
06-05 18:24:12.470  1113  1113 D CompositionEngine: writeOutputDependentGeometryStateToHWC layer[StatusBar#0] set Z 134217731 miFodLayer 0x8000000
06-05 18:24:12.470  1113  1113 D CompositionEngine: writeOutputDependentGeometryStateToHWC layer[RoundCornerTop#0] set Z 134217732 miFodLayer 0x8000000
06-05 18:24:12.470  1113  1113 D CompositionEngine: writeOutputDependentGeometryStateToHWC layer[RoundCornerBottom#0] set Z 134217733 miFodLayer 0x8000000
06-05 18:24:12.471  1113  1113 D MI-SF   : notifyDfLauncherFlag flag=1
06-05 18:24:12.471  1057  1057 D DisplayFeatureHal: setFeatureEnable: FeatureId=FPS_SWITCH_STATE modeId=1 cookie=246
06-05 18:24:12.471  1057  1057 D DisplayFeatureHal: current wcg state 0, setting to 0
06-05 18:24:12.471  1057  1057 E DisplayFeatureHal: setFeatureEnable: failed to set fps(1)
06-05 18:24:12.471  1057  1057 I DisplayFeatureHal: setFeatureEnable: [FPS_SWITCH_STATE]: modeId:1, cookie:246, input_pending_fps:0
06-05 18:24:12.471  1113  1113 D MI-SF   : notifyDfLauncherFlag launcher changed[1]
06-05 18:24:12.471  1113  1113 D MI-SF   : Launcher Changed hasLauncher=1
06-05 18:24:12.471  5883  5883 W RenderThread: type=1400 audit(0.0:5856): avc: denied { search } for name="mcd" dev="dm-11" ino=714 scontext=u:r:priv_app:s0:c512,c768 tcontext=u:object_r:mcd_data_file:s0 tclass=dir permissive=0 app=com.google.android.googlequicksearchbox
06-05 18:24:12.473  3068  3310 W RecentsModel: getTaskInfoIgnoreHomeAndFreeform   taskInfo=ComponentInfo{com.facebook.orca/com.facebook.orca.auth.StartScreenActivity}
06-05 18:24:12.473  3068  3310 E RecentsAnimationListenerImpl: RecentsAnimationListenerImpl: onAnimationStart mRunningTaskTarget: com.android.systemui.shared.recents.system.RemoteAnimationTargetCompat@4286caf
06-05 18:24:12.473  3068  3310 E ClipAnimationHelper: updateSourceStack  mSourceInsets=Rect(0, 80 - 0, 0)   mSourceStackBounds=Rect(0, 0 - 1080, 2400)
06-05 18:24:12.473  3068  3310 E ClipAnimationHelper: updateTargetRect  mSourceRect=RectF(0.0, 80.0, 1080.0, 2482.3076)   mTargetRect=RectF(306.0, 80.0, 774.0, 1121.0)   mSourceWindowClipInsets=RectF(0.0, 80.0, 0.0, 0.0)   mHomeStackBounds=Rect(0, 0 - 1080, 2400)   targetRect=Rect(306, 80 - 774, 1121)
06-05 18:24:12.476  2754  3190 W OpenGLRenderer: Surface doesn't have any previously queued frames, nothing to readback from
06-05 18:24:12.477  3068  3068 D NavStubView: onTouchEvent:619.375 2124.875 MotionEvent { action=ACTION_MOVE, actionButton=0, id[0]=0, x[0]=619.375, y[0]=-240.125, toolType[0]=TOOL_TYPE_FINGER, buttonState=0, classification=NONE, metaState=0, flags=0x20000, edgeFlags=0x0, pointerCount=1, historySize=3, eventTime=5240503, downTime=5240396, deviceId=4, source=0x1002, displayId=0, eventId=892046437 }
06-05 18:24:12.478  3068  3068 D NavStubView: onTouchEvent:619.375 2124.875 MotionEvent { action=ACTION_UP, actionButton=0, id[0]=0, x[0]=619.375, y[0]=-240.125, toolType[0]=TOOL_TYPE_FINGER, buttonState=0, classification=NONE, metaState=0, flags=0x20000, edgeFlags=0x0, pointerCount=1, historySize=0, eventTime=5240505, downTime=5240396, deviceId=4, source=0x1002, displayId=0, eventId=1018865817 }
06-05 18:24:12.478  3068  3068 D NavStubView: ACTION_UP: mIsGestureStarted: true
06-05 18:24:12.478  3068  3068 D NavStubView: onPointEvent: rawX=624.875   rawY=2188.6768   action=2   mIsInFsMode=false
06-05 18:24:12.478  3068  3068 D NavStubView: current window mode:2 (1:home, 2:app, 3:recent-task, 4:keyguard, 5:quick-switch, 6:assistant, 7:one-hand)
06-05 18:24:12.479  3068  3068 W DimLayer: removeDimLayer
06-05 18:24:12.479  3068  3130 E StateBroadcastUtils: sendFsStateBroadCast state=crossSafeArea   channel=gesture
06-05 18:24:12.479  3068  3068 W DimLayer: createDimLayer
06-05 18:24:12.480  3068  3068 D NavStubView: NavStubView::initSmallWindowCrop
06-05 18:24:12.487  1113  1113 D CompositionEngine: writeOutputDependentGeometryStateToHWC layer[Wallpaper BBQ wrapper#0] set Z 134217728 miFodLayer 0x8000000
06-05 18:24:12.487  1113  1113 D CompositionEngine: writeOutputDependentGeometryStateToHWC layer[Launcher Dim#0] set Z 134217729 miFodLayer 0x8000000
06-05 18:24:12.487  1113  1113 D CompositionEngine: writeOutputDependentGeometryStateToHWC layer[com.facebook.orca/com.facebook.orca.auth.StartScreenActivity#0] set Z 134217730 miFodLayer 0x8000000
06-05 18:24:12.487  1113  1113 D CompositionEngine: writeOutputDependentGeometryStateToHWC layer[com.miui.securitycenter/.FloatingWindow#0] set Z 134217731 miFodLayer 0x8000000
06-05 18:24:12.487  1113  1113 D CompositionEngine: writeOutputDependentGeometryStateToHWC layer[StatusBar#0] set Z 134217732 miFodLayer 0x8000000
06-05 18:24:12.487  1113  1113 D CompositionEngine: writeOutputDependentGeometryStateToHWC layer[RoundCornerTop#0] set Z 134217733 miFodLayer 0x8000000
06-05 18:24:12.487  1113  1113 D CompositionEngine: writeOutputDependentGeometryStateToHWC layer[RoundCornerBottom#0] set Z 134217734 miFodLayer 0x8000000
06-05 18:24:12.488  5883  5901 I OpenGLRenderer: Davey! duration=6433ms; Flags=1, FrameTimelineVsyncId=488678, IntendedVsync=5234088171332, Vsync=5234088171332, InputEventId=1637133288, HandleInputStart=5234088540969, AnimationStart=5234088543157, PerformTraversalsStart=5234088544719, DrawStart=5234130715344, FrameDeadline=5234138171330, FrameInterval=5234088505865, FrameStartTime=16666666, SyncQueued=5234134734042, SyncStart=5234136042115, IssueDrawCommandsStart=5234136336334, SwapBuffers=5234137569198, FrameCompleted=5240522540810, DequeueBufferDuration=28750, QueueBufferDuration=1552240, GpuCompleted=5240522540810, SwapBuffersCompleted=5234140232011, DisplayPresentTime=0,
06-05 18:24:12.502  7058  7071 I m.facebook.orc: Background young concurrent copying GC freed 332636(13MB) AllocSpace objects, 27(788KB) LOS objects, 22% free, 47MB/61MB, paused 167us,54us total 114.060ms
06-05 18:24:12.503  1113  1113 D CompositionEngine: writeOutputDependentGeometryStateToHWC layer[Wallpaper BBQ wrapper#0] set Z 134217728 miFodLayer 0x8000000
06-05 18:24:12.503  1113  1113 D CompositionEngine: writeOutputDependentGeometryStateToHWC layer[Launcher Dim#0] set Z 134217729 miFodLayer 0x8000000
06-05 18:24:12.503  1113  1113 D CompositionEngine: writeOutputDependentGeometryStateToHWC layer[com.facebook.orca/com.facebook.orca.auth.StartScreenActivity#0] set Z 134217730 miFodLayer 0x8000000
06-05 18:24:12.503  1113  1113 D CompositionEngine: writeOutputDependentGeometryStateToHWC layer[com.miui.securitycenter/.FloatingWindow#0] set Z 134217731 miFodLayer 0x8000000
06-05 18:24:12.503  1113  1113 D CompositionEngine: writeOutputDependentGeometryStateToHWC layer[StatusBar#0] set Z 134217732 miFodLayer 0x8000000
06-05 18:24:12.503  1113  1113 D CompositionEngine: writeOutputDependentGeometryStateToHWC layer[RoundCornerTop#0] set Z 134217733 miFodLayer 0x8000000
06-05 18:24:12.503  1113  1113 D CompositionEngine: writeOutputDependentGeometryStateToHWC layer[RoundCornerBottom#0] set Z 134217734 miFodLayer 0x8000000
06-05 18:24:12.520  1113  1113 D CompositionEngine: writeOutputDependentGeometryStateToHWC layer[Wallpaper BBQ wrapper#0] set Z 134217728 miFodLayer 0x8000000
06-05 18:24:12.520  1113  1113 D CompositionEngine: writeOutputDependentGeometryStateToHWC layer[Launcher Dim#0] set Z 134217729 miFodLayer 0x8000000
06-05 18:24:12.520  1113  1113 D CompositionEngine: writeOutputDependentGeometryStateToHWC layer[com.facebook.orca/com.facebook.orca.auth.StartScreenActivity#0] set Z 134217730 miFodLayer 0x8000000
06-05 18:24:12.520  1113  1113 D CompositionEngine: writeOutputDependentGeometryStateToHWC layer[com.miui.securitycenter/.FloatingWindow#0] set Z 134217731 miFodLayer 0x8000000
06-05 18:24:12.520  1113  1113 D CompositionEngine: writeOutputDependentGeometryStateToHWC layer[StatusBar#0] set Z 134217732 miFodLayer 0x8000000
06-05 18:24:12.520  1113  1113 D CompositionEngine: writeOutputDependentGeometryStateToHWC layer[RoundCornerTop#0] set Z 134217733 miFodLayer 0x8000000
06-05 18:24:12.520  1113  1113 D CompositionEngine: writeOutputDependentGeometryStateToHWC layer[RoundCornerBottom#0] set Z 134217734 miFodLayer 0x8000000
06-05 18:24:12.549  3068  3078 W System  : A resource failed to call close.
06-05 18:24:12.549  3068  3078 W System  : A resource failed to call release.
06-05 18:24:12.549  3068  3078 W System  : A resource failed to call release.
06-05 18:24:12.549  3068  3078 W System  : A resource failed to call close.
06-05 18:24:12.550  3068  3078 W System  : A resource failed to call close.
06-05 18:24:12.550  3068  3078 W System  : A resource failed to call release.
06-05 18:24:12.550  3068  3078 W System  : A resource failed to call release.
06-05 18:24:12.552  1113  1113 D CompositionEngine: writeOutputDependentGeometryStateToHWC layer[Wallpaper BBQ wrapper#0] set Z 134217728 miFodLayer 0x8000000
06-05 18:24:12.552  1113  1113 D CompositionEngine: writeOutputDependentGeometryStateToHWC layer[Launcher Dim#0] set Z 134217729 miFodLayer 0x8000000
06-05 18:24:12.552  1113  1113 D CompositionEngine: writeOutputDependentGeometryStateToHWC layer[com.facebook.orca/com.facebook.orca.auth.StartScreenActivity#0] set Z 134217730 miFodLayer 0x8000000
06-05 18:24:12.552  1113  1113 D CompositionEngine: writeOutputDependentGeometryStateToHWC layer[com.miui.securitycenter/.FloatingWindow#0] set Z 134217731 miFodLayer 0x8000000
06-05 18:24:12.552  1113  1113 D CompositionEngine: writeOutputDependentGeometryStateToHWC layer[StatusBar#0] set Z 134217732 miFodLayer 0x8000000
06-05 18:24:12.552  1113  1113 D CompositionEngine: writeOutputDependentGeometryStateToHWC layer[RoundCornerTop#0] set Z 134217733 miFodLayer 0x8000000
06-05 18:24:12.552  1113  1113 D CompositionEngine: writeOutputDependentGeometryStateToHWC layer[RoundCornerBottom#0] set Z 134217734 miFodLayer 0x8000000
06-05 18:24:12.551  3068  3068 W RenderThread: type=1400 audit(0.0:5857): avc: denied { search } for name="mcd" dev="dm-11" ino=714 scontext=u:r:platform_app:s0:c512,c768 tcontext=u:object_r:mcd_data_file:s0 tclass=dir permissive=0 app=com.mi.android.globallauncher
06-05 18:24:12.559  3068  3068 D NavStubView: onPointEvent: rawX=619.375   rawY=2124.875   action=2   mIsInFsMode=false
06-05 18:24:12.559  3068  3068 D NavStubView: current window mode:2 (1:home, 2:app, 3:recent-task, 4:keyguard, 5:quick-switch, 6:assistant, 7:one-hand)
06-05 18:24:12.560  1850  1944 D PerfImpl: perfFirstDrawBoost: com.mi.android.globallauncher, 3068, 1
06-05 18:24:12.560  1034  1034 E vendor.qti.hardware.perf@2.2-service: Unknown params
06-05 18:24:12.560  1034  1034 I ANDR-PERF-LM: LMPerfGlue: perfmodule_submit_request() 132: perfmodule_submit_request()
06-05 18:24:12.560  1034  1034 I ANDR-PERF-LM: Core: getInstance() 84: LM getInstance
06-05 18:24:12.560  1034  1034 I ANDR-PERF-LM: WQ: push() 59: LMTriggerQ push() size=0
06-05 18:24:12.560  1034  1034 I ANDR-PERF-LM: WQ: push() 61: LMTriggerQ push() done size=1
06-05 18:24:12.560  3068  3068 D NavStubView: NavStubView::initSmallWindowCrop
06-05 18:24:12.561  1034  1092 I ANDR-PERF-LM: WQ: pop() 42: LMTriggerQ pop() done size=0
06-05 18:24:12.561  1034  1092 I ANDR-PERF-LM: Core: lmMain() 373: Waiting on trigger Queue
06-05 18:24:12.561  1034  1092 I ANDR-PERF-LM: WQ: pop() 31: LMTriggerQ pop() size=0
06-05 18:24:12.561  3068  3068 D NavStubView: onPointEvent: rawX=619.375   rawY=2124.875   action=1   mIsInFsMode=false
06-05 18:24:12.561  3068  3068 D NavStubView: current window mode:2 (1:home, 2:app, 3:recent-task, 4:keyguard, 5:quick-switch, 6:assistant, 7:one-hand)
06-05 18:24:12.561  3068  3068 D NavStubView: NavStubView::startSmallWindow
06-05 18:24:12.561  3068  3068 E NavStubView: exitSmallWindowCrop error
06-05 18:24:12.561  3068  3068 E NavStubView: isFastPullUp  mPivotLocY=2264   mFollowTailY=2384.5   TAIL_GAP=25   vx=0.037335534   vy=-9.015639
06-05 18:24:12.561  3068  3068 W GestureStateMachine: AppDragState msg=2
06-05 18:24:12.561  3068  3068 W GestureStateMachine: AppDragState msg=3
06-05 18:24:12.562  3068  3068 I RenderVsyncUpdater: All controllers paused.
06-05 18:24:12.562  3068  3068 W GestureStateMachine: AppDragState msg=3
06-05 18:24:12.562  3068  3068 W GestureStateMachine: AppDragState msg=5
06-05 18:24:12.562  3068  3068 E NavStubView: performAppToHome
06-05 18:24:12.564  3068  3068 E ZCLZCL_PERF: RecentsAndFSGestureUtils: isUseFsGestureV2Device IS_NOT_SUPPORT_GESTURE_V3_DEVICE: false
06-05 18:24:12.566  3068  3068 D StateManager: goToState  state=LauncherState   anim=true
06-05 18:24:12.567  3068  3068 E StateManager: setWorkspaceProperty  state=LauncherState
06-05 18:24:12.567  3068  3068 E StateManager: setShortcutMenuLayerProperty  state=LauncherState   alpha=1.0   scale=1.0
06-05 18:24:12.567  3068  3068 E RecentsViewStateController: setState: state=LauncherState   mIsIgnoreOverviewAnim=true
06-05 18:24:12.567  3068  3068 E BlurUtils: fastBlur ratio=0.0   withAnim=false   sBlurRatioValue=0.0
06-05 18:24:12.567  3068  3068 E BlurUtils: fastBlur ratio=0.0   withAnim=false   sBlurRatioValue=0.0
06-05 18:24:12.568  3068  3068 D NavStubView: ===>>>finalization executed from: performAppToHome
06-05 18:24:12.568  3068  3068 E RotationHelper: setCurrentTransitionRequest: request=0
06-05 18:24:12.568  3068  3068 E RotationHelper: notifyChange activityFlags=3
06-05 18:24:12.568  3068  3068 D NavStubView: current state mode: StateMode.STATE_INIT
06-05 18:24:12.569  1113  1113 D CompositionEngine: writeOutputDependentGeometryStateToHWC layer[Wallpaper BBQ wrapper#0] set Z 134217728 miFodLayer 0x8000000
06-05 18:24:12.569  1113  1113 D CompositionEngine: writeOutputDependentGeometryStateToHWC layer[Launcher Dim#0] set Z 134217729 miFodLayer 0x8000000
06-05 18:24:12.569  1113  1113 D CompositionEngine: writeOutputDependentGeometryStateToHWC layer[com.mi.android.globallauncher/com.miui.home.launcher.Launcher#1] set Z 134217730 miFodLayer 0x8000000
06-05 18:24:12.569  1113  1113 D CompositionEngine: writeOutputDependentGeometryStateToHWC layer[com.facebook.orca/com.facebook.orca.auth.StartScreenActivity#0] set Z 134217731 miFodLayer 0x8000000
06-05 18:24:12.569  1113  1113 D CompositionEngine: writeOutputDependentGeometryStateToHWC layer[com.miui.securitycenter/.FloatingWindow#0] set Z 134217732 miFodLayer 0x8000000
06-05 18:24:12.569  1113  1113 D CompositionEngine: writeOutputDependentGeometryStateToHWC layer[StatusBar#0] set Z 134217733 miFodLayer 0x8000000
06-05 18:24:12.569  1113  1113 D CompositionEngine: writeOutputDependentGeometryStateToHWC layer[RoundCornerTop#0] set Z 134217734 miFodLayer 0x8000000
06-05 18:24:12.569  1113  1113 D CompositionEngine: writeOutputDependentGeometryStateToHWC layer[RoundCornerBottom#0] set Z 134217735 miFodLayer 0x8000000
06-05 18:24:12.569  1850  3628 D MiuiMultiWindowAdapter: MiuiMultiWindowAdapter::getFreeformIgnoreRequestOrientationList= [com.miui.player, com.sqw.setdl.mi, tv.danmaku.bili, air.tv.douyu.android, com.youku.phone, com.tencent.gamehelper.smoba, com.taobao.litetao, com.live.shuoqiudi]
06-05 18:24:12.571  3019  3019 V ShadeControllerImpl: NotificationShadeWindow: com.android.systemui.statusbar.phone.NotificationShadeWindowView{b27f50a I.E...... ......ID 0,0-2400,1080} canPanelBeCollapsed(): false
06-05 18:24:12.572  3068  3316 D ReflectUtils: getMethod
06-05 18:24:12.572  3068  3316 D ReflectUtils: java.lang.NoSuchMethodException: android.view.SurfaceControl$Transaction.deferTransactionUntil [class android.view.SurfaceControl, class android.view.SurfaceControl, long]
06-05 18:24:12.572  3068  3316 D ReflectUtils: 	at java.lang.Class.getMethod(Class.java:2103)
06-05 18:24:12.572  3068  3316 D ReflectUtils: 	at java.lang.Class.getMethod(Class.java:1724)
06-05 18:24:12.572  3068  3316 D ReflectUtils: 	at com.android.systemui.shared.recents.utilities.ReflectUtils.getMethod(ReflectUtils.java:125)
06-05 18:24:12.572  3068  3316 D ReflectUtils: 	at com.android.systemui.shared.recents.utilities.ReflectUtils.invoke(ReflectUtils.java:25)
06-05 18:24:12.572  3068  3316 D ReflectUtils: 	at com.android.systemui.shared.recents.system.TransactionCompat.deferTransactionUntil(TransactionCompat.java:98)
06-05 18:24:12.572  3068  3316 D ReflectUtils: 	at com.android.systemui.shared.recents.system.SyncRtSurfaceTransactionApplierCompat.applyParams(SyncRtSurfaceTransactionApplierCompat.java:93)
06-05 18:24:12.572  3068  3316 D ReflectUtils: 	at com.android.systemui.shared.recents.system.SyncRtSurfaceTransactionApplierCompat.access$300(SyncRtSurfaceTransactionApplierCompat.java:39)
06-05 18:24:12.572  3068  3316 D ReflectUtils: 	at com.android.systemui.shared.recents.system.SyncRtSurfaceTransactionApplierCompat$2.onFrameDraw(SyncRtSurfaceTransactionApplierCompat.java:126)
06-05 18:24:12.572  3068  3316 D ReflectUtils: 	at android.view.ViewRootImpl.lambda$registerRtFrameCallback$0(ViewRootImpl.java:1440)
06-05 18:24:12.572  3068  3316 D ReflectUtils: 	at android.view.ViewRootImpl$$ExternalSyntheticLambda4.onFrameDraw(Unknown Source:2)
06-05 18:24:12.572  3068  3316 D ReflectUtils: 	at android.view.ThreadedRenderer.lambda$updateRootDisplayList$0(ThreadedRenderer.java:552)
06-05 18:24:12.572  3068  3316 D ReflectUtils: 	at android.view.ThreadedRenderer$$ExternalSyntheticLambda0.onFrameDraw(Unknown Source:2)
06-05 18:24:12.572  3068  3316 D ReflectUtils: getMethod
06-05 18:24:12.572  3068  3316 D ReflectUtils: java.lang.NoSuchMethodException: android.view.SurfaceControl$Transaction.deferTransactionUntil [class android.view.SurfaceControl, class android.view.SurfaceControl, long]
06-05 18:24:12.572  3068  3316 D ReflectUtils: 	at java.lang.Class.getMethod(Class.java:2103)
06-05 18:24:12.572  3068  3316 D ReflectUtils: 	at java.lang.Class.getMethod(Class.java:1724)
06-05 18:24:12.572  3068  3316 D ReflectUtils: 	at com.android.systemui.shared.recents.utilities.ReflectUtils.getMethod(ReflectUtils.java:125)
06-05 18:24:12.572  3068  3316 D ReflectUtils: 	at com.android.systemui.shared.recents.utilities.ReflectUtils.invoke(ReflectUtils.java:25)
06-05 18:24:12.572  3068  3316 D ReflectUtils: 	at com.android.systemui.shared.recents.system.TransactionCompat.deferTransactionUntil(TransactionCompat.java:98)
06-05 18:24:12.572  3068  3316 D ReflectUtils: 	at com.android.systemui.shared.recents.system.SyncRtSurfaceTransactionApplierCompat.applyParams(SyncRtSurfaceTransactionApplierCompat.java:93)
06-05 18:24:12.572  3068  3316 D ReflectUtils: 	at com.android.systemui.shared.recents.system.SyncRtSurfaceTransactionApplierCompat.access$300(SyncRtSurfaceTransactionApplierCompat.java:39)
06-05 18:24:12.572  3068  3316 D ReflectUtils: 	at com.android.systemui.shared.recents.system.SyncRtSurfaceTransactionApplierCompat$2.onFrameDraw(SyncRtSurfaceTransactionApplierCompat.java:126)
06-05 18:24:12.572  3068  3316 D ReflectUtils: 	at android.view.ViewRootImpl.lambda$registerRtFrameCallback$0(ViewRootImpl.java:1440)
06-05 18:24:12.572  3068  3316 D ReflectUtils: 	at android.view.ViewRootImpl$$ExternalSyntheticLambda4.onFrameDraw(Unknown Source:2)
06-05 18:24:12.572  3068  3316 D ReflectUtils: 	at android.view.ThreadedRenderer.lambda$updateRootDisplayList$0(ThreadedRenderer.java:552)
06-05 18:24:12.572  3068  3316 D ReflectUtils: 	at android.view.ThreadedRenderer$$ExternalSyntheticLambda0.onFrameDraw(Unknown Source:2)
06-05 18:24:12.573  3068  3316 D ReflectUtils: getMethod
06-05 18:24:12.573  3068  3316 D ReflectUtils: java.lang.NoSuchMethodException: android.view.SurfaceControl$Transaction.deferTransactionUntil [class android.view.SurfaceControl, class android.view.SurfaceControl, long]
06-05 18:24:12.573  3068  3316 D ReflectUtils: 	at java.lang.Class.getMethod(Class.java:2103)
06-05 18:24:12.573  3068  3316 D ReflectUtils: 	at java.lang.Class.getMethod(Class.java:1724)
06-05 18:24:12.573  3068  3316 D ReflectUtils: 	at com.android.systemui.shared.recents.utilities.ReflectUtils.getMethod(ReflectUtils.java:125)
06-05 18:24:12.573  3068  3316 D ReflectUtils: 	at com.android.systemui.shared.recents.utilities.ReflectUtils.invoke(ReflectUtils.java:25)
06-05 18:24:12.573  3068  3316 D ReflectUtils: 	at com.android.systemui.shared.recents.system.TransactionCompat.deferTransactionUntil(TransactionCompat.java:98)
06-05 18:24:12.573  3068  3316 D ReflectUtils: 	at com.android.systemui.shared.recents.system.SyncRtSurfaceTransactionApplierCompat.applyParams(SyncRtSurfaceTransactionApplierCompat.java:93)
06-05 18:24:12.573  3068  3316 D ReflectUtils: 	at com.android.systemui.shared.recents.system.SyncRtSurfaceTransactionApplierCompat.access$300(SyncRtSurfaceTransactionApplierCompat.java:39)
06-05 18:24:12.573  3068  3316 D ReflectUtils: 	at com.android.systemui.shared.recents.system.SyncRtSurfaceTransactionApplierCompat$2.onFrameDraw(SyncRtSurfaceTransactionApplierCompat.java:126)
06-05 18:24:12.573  3068  3316 D ReflectUtils: 	at android.view.ViewRootImpl.lambda$registerRtFrameCallback$0(ViewRootImpl.java:1440)
06-05 18:24:12.573  3068  3316 D ReflectUtils: 	at android.view.ViewRootImpl$$ExternalSyntheticLambda4.onFrameDraw(Unknown Source:2)
06-05 18:24:12.573  3068  3316 D ReflectUtils: 	at android.view.ThreadedRenderer.lambda$updateRootDisplayList$0(ThreadedRenderer.java:552)
06-05 18:24:12.573  3068  3316 D ReflectUtils: 	at android.view.ThreadedRenderer$$ExternalSyntheticLambda0.onFrameDraw(Unknown Source:2)
06-05 18:24:12.573  3068  3130 E StateBroadcastUtils: sendFsStateBroadCast state=toHome   channel=gesture
06-05 18:24:12.573  3068  3316 D ReflectUtils: getMethod
06-05 18:24:12.573  3068  3316 D ReflectUtils: java.lang.NoSuchMethodException: android.view.SurfaceControl$Transaction.deferTransactionUntil [class android.view.SurfaceControl, class android.view.SurfaceControl, long]
06-05 18:24:12.573  3068  3316 D ReflectUtils: 	at java.lang.Class.getMethod(Class.java:2103)
06-05 18:24:12.573  3068  3316 D ReflectUtils: 	at java.lang.Class.getMethod(Class.java:1724)
06-05 18:24:12.573  3068  3316 D ReflectUtils: 	at com.android.systemui.shared.recents.utilities.ReflectUtils.getMethod(ReflectUtils.java:125)
06-05 18:24:12.573  3068  3316 D ReflectUtils: 	at com.android.systemui.shared.recents.utilities.ReflectUtils.invoke(ReflectUtils.java:25)
06-05 18:24:12.573  3068  3316 D ReflectUtils: 	at com.android.systemui.shared.recents.system.TransactionCompat.deferTransactionUntil(TransactionCompat.java:98)
06-05 18:24:12.573  3068  3316 D ReflectUtils: 	at com.android.systemui.shared.recents.system.SyncRtSurfaceTransactionApplierCompat.applyParams(SyncRtSurfaceTransactionApplierCompat.java:93)
06-05 18:24:12.573  3068  3316 D ReflectUtils: 	at com.android.systemui.shared.recents.system.SyncRtSurfaceTransactionApplierCompat.access$300(SyncRtSurfaceTransactionApplierCompat.java:39)
06-05 18:24:12.573  3068  3316 D ReflectUtils: 	at com.android.systemui.shared.recents.system.SyncRtSurfaceTransactionApplierCompat$2.onFrameDraw(SyncRtSurfaceTransactionApplierCompat.java:126)
06-05 18:24:12.573  3068  3316 D ReflectUtils: 	at android.view.ViewRootImpl.lambda$registerRtFrameCallback$0(ViewRootImpl.java:1440)
06-05 18:24:12.573  3068  3316 D ReflectUtils: 	at android.view.ViewRootImpl$$ExternalSyntheticLambda4.onFrameDraw(Unknown Source:2)
06-05 18:24:12.573  3068  3316 D ReflectUtils: 	at android.view.ThreadedRenderer.lambda$updateRootDisplayList$0(ThreadedRenderer.java:552)
06-05 18:24:12.573  3068  3316 D ReflectUtils: 	at android.view.ThreadedRenderer$$ExternalSyntheticLambda0.onFrameDraw(Unknown Source:2)
06-05 18:24:12.573  3068  3316 D ReflectUtils: getMethod
06-05 18:24:12.573  3068  3316 D ReflectUtils: java.lang.NoSuchMethodException: android.view.SurfaceControl$Transaction.deferTransactionUntil [class android.view.SurfaceControl, class android.view.SurfaceControl, long]
06-05 18:24:12.573  3068  3316 D ReflectUtils: 	at java.lang.Class.getMethod(Class.java:2103)
06-05 18:24:12.573  3068  3316 D ReflectUtils: 	at java.lang.Class.getMethod(Class.java:1724)
06-05 18:24:12.573  3068  3316 D ReflectUtils: 	at com.android.systemui.shared.recents.utilities.ReflectUtils.getMethod(ReflectUtils.java:125)
06-05 18:24:12.573  3068  3316 D ReflectUtils: 	at com.android.systemui.shared.recents.utilities.ReflectUtils.invoke(ReflectUtils.java:25)
06-05 18:24:12.573  3068  3316 D ReflectUtils: 	at com.android.systemui.shared.recents.system.TransactionCompat.deferTransactionUntil(TransactionCompat.java:98)
06-05 18:24:12.573  3068  3316 D ReflectUtils: 	at com.android.systemui.shared.recents.system.SyncRtSurfaceTransactionApplierCompat.applyParams(SyncRtSurfaceTransactionApplierCompat.java:93)
06-05 18:24:12.573  3068  3316 D ReflectUtils: 	at com.android.systemui.shared.recents.system.SyncRtSurfaceTransactionApplierCompat.access$300(SyncRtSurfaceTransactionApplierCompat.java:39)
06-05 18:24:12.573  3068  3316 D ReflectUtils: 	at com.android.systemui.shared.recents.system.SyncRtSurfaceTransactionApplierCompat$2.onFrameDraw(SyncRtSurfaceTransactionApplierCompat.java:126)
06-05 18:24:12.573  3068  3316 D ReflectUtils: 	at android.view.ViewRootImpl.lambda$registerRtFrameCallback$0(ViewRootImpl.java:1440)
06-05 18:24:12.573  3068  3316 D ReflectUtils: 	at android.view.ViewRootImpl$$ExternalSyntheticLambda4.onFrameDraw(Unknown Source:2)
06-05 18:24:12.573  3068  3316 D ReflectUtils: 	at android.view.ThreadedRenderer.lambda$updateRootDisplayList$0(ThreadedRenderer.java:552)
06-05 18:24:12.573  3068  3316 D ReflectUtils: 	at android.view.ThreadedRenderer$$ExternalSyntheticLambda0.onFrameDraw(Unknown Source:2)
06-05 18:24:12.573  3068  3316 D ReflectUtils: getMethod
06-05 18:24:12.573  3068  3316 D ReflectUtils: java.lang.NoSuchMethodException: android.view.SurfaceControl$Transaction.deferTransactionUntil [class android.view.SurfaceControl, class android.view.SurfaceControl, long]
06-05 18:24:12.573  3068  3316 D ReflectUtils: 	at java.lang.Class.getMethod(Class.java:2103)
06-05 18:24:12.573  3068  3316 D ReflectUtils: 	at java.lang.Class.getMethod(Class.java:1724)
06-05 18:24:12.573  3068  3316 D ReflectUtils: 	at com.android.systemui.shared.recents.utilities.ReflectUtils.getMethod(ReflectUtils.java:125)
06-05 18:24:12.573  3068  3316 D ReflectUtils: 	at com.android.systemui.shared.recents.utilities.ReflectUtils.invoke(ReflectUtils.java:25)
06-05 18:24:12.573  3068  3316 D ReflectUtils: 	at com.android.systemui.shared.recents.system.TransactionCompat.deferTransactionUntil(TransactionCompat.java:98)
06-05 18:24:12.573  3068  3316 D ReflectUtils: 	at com.android.systemui.shared.recents.system.SyncRtSurfaceTransactionApplierCompat.applyParams(SyncRtSurfaceTransactionApplierCompat.java:93)
06-05 18:24:12.573  3068  3316 D ReflectUtils: 	at com.android.systemui.shared.recents.system.SyncRtSurfaceTransactionApplierCompat.access$300(SyncRtSurfaceTransactionApplierCompat.java:39)
06-05 18:24:12.573  3068  3316 D ReflectUtils: 	at com.android.systemui.shared.recents.system.SyncRtSurfaceTransactionApplierCompat$2.onFrameDraw(SyncRtSurfaceTransactionApplierCompat.java:126)
06-05 18:24:12.573  3068  3316 D ReflectUtils: 	at android.view.ViewRootImpl.lambda$registerRtFrameCallback$0(ViewRootImpl.java:1440)
06-05 18:24:12.573  3068  3316 D ReflectUtils: 	at android.view.ViewRootImpl$$ExternalSyntheticLambda4.onFrameDraw(Unknown Source:2)
06-05 18:24:12.573  3068  3316 D ReflectUtils: 	at android.view.ThreadedRenderer.lambda$updateRootDisplayList$0(ThreadedRenderer.java:552)
06-05 18:24:12.573  3068  3316 D ReflectUtils: 	at android.view.ThreadedRenderer$$ExternalSyntheticLambda0.onFrameDraw(Unknown Source:2)
06-05 18:24:12.573  7058  7373 W msgr.01X: CLOSE_SYSTEM_DIALOGS received, likely heading to background: fs_gesture
06-05 18:24:12.574  3068  3316 D ReflectUtils: getMethod
06-05 18:24:12.574  3068  3316 D ReflectUtils: java.lang.NoSuchMethodException: android.view.SurfaceControl$Transaction.deferTransactionUntil [class android.view.SurfaceControl, class android.view.SurfaceControl, long]
06-05 18:24:12.574  3068  3316 D ReflectUtils: 	at java.lang.Class.getMethod(Class.java:2103)
06-05 18:24:12.574  3068  3316 D ReflectUtils: 	at java.lang.Class.getMethod(Class.java:1724)
06-05 18:24:12.574  3068  3316 D ReflectUtils: 	at com.android.systemui.shared.recents.utilities.ReflectUtils.getMethod(ReflectUtils.java:125)
06-05 18:24:12.574  3068  3316 D ReflectUtils: 	at com.android.systemui.shared.recents.utilities.ReflectUtils.invoke(ReflectUtils.java:25)
06-05 18:24:12.574  3068  3316 D ReflectUtils: 	at com.android.systemui.shared.recents.system.TransactionCompat.deferTransactionUntil(TransactionCompat.java:98)
06-05 18:24:12.574  3068  3316 D ReflectUtils: 	at com.android.systemui.shared.recents.system.SyncRtSurfaceTransactionApplierCompat.applyParams(SyncRtSurfaceTransactionApplierCompat.java:93)
06-05 18:24:12.574  3068  3316 D ReflectUtils: 	at com.android.systemui.shared.recents.system.SyncRtSurfaceTransactionApplierCompat.access$300(SyncRtSurfaceTransactionApplierCompat.java:39)
06-05 18:24:12.574  3068  3316 D ReflectUtils: 	at com.android.systemui.shared.recents.system.SyncRtSurfaceTransactionApplierCompat$2.onFrameDraw(SyncRtSurfaceTransactionApplierCompat.java:126)
06-05 18:24:12.574  3068  3316 D ReflectUtils: 	at android.view.ViewRootImpl.lambda$registerRtFrameCallback$0(ViewRootImpl.java:1440)
06-05 18:24:12.574  3068  3316 D ReflectUtils: 	at android.view.ViewRootImpl$$ExternalSyntheticLambda4.onFrameDraw(Unknown Source:2)
06-05 18:24:12.574  3068  3316 D ReflectUtils: 	at android.view.ThreadedRenderer.lambda$updateRootDisplayList$0(ThreadedRenderer.java:552)
06-05 18:24:12.574  3068  3316 D ReflectUtils: 	at android.view.ThreadedRenderer$$ExternalSyntheticLambda0.onFrameDraw(Unknown Source:2)
06-05 18:24:12.574  3068  3316 D ReflectUtils: getMethod
06-05 18:24:12.574  3068  3316 D ReflectUtils: java.lang.NoSuchMethodException: android.view.SurfaceControl$Transaction.deferTransactionUntil [class android.view.SurfaceControl, class android.view.SurfaceControl, long]
06-05 18:24:12.574  3068  3316 D ReflectUtils: 	at java.lang.Class.getMethod(Class.java:2103)
06-05 18:24:12.574  3068  3316 D ReflectUtils: 	at java.lang.Class.getMethod(Class.java:1724)
06-05 18:24:12.574  3068  3316 D ReflectUtils: 	at com.android.systemui.shared.recents.utilities.ReflectUtils.getMethod(ReflectUtils.java:125)
06-05 18:24:12.574  3068  3316 D ReflectUtils: 	at com.android.systemui.shared.recents.utilities.ReflectUtils.invoke(ReflectUtils.java:25)
06-05 18:24:12.574  3068  3316 D ReflectUtils: 	at com.android.systemui.shared.recents.system.TransactionCompat.deferTransactionUntil(TransactionCompat.java:98)
06-05 18:24:12.574  3068  3316 D ReflectUtils: 	at com.android.systemui.shared.recents.system.SyncRtSurfaceTransactionApplierCompat.applyParams(SyncRtSurfaceTransactionApplierCompat.java:93)
06-05 18:24:12.574  3068  3316 D ReflectUtils: 	at com.android.systemui.shared.recents.system.SyncRtSurfaceTransactionApplierCompat.access$300(SyncRtSurfaceTransactionApplierCompat.java:39)
06-05 18:24:12.574  3068  3316 D ReflectUtils: 	at com.android.systemui.shared.recents.system.SyncRtSurfaceTransactionApplierCompat$2.onFrameDraw(SyncRtSurfaceTransactionApplierCompat.java:126)
06-05 18:24:12.574  3068  3316 D ReflectUtils: 	at android.view.ViewRootImpl.lambda$registerRtFrameCallback$0(ViewRootImpl.java:1440)
06-05 18:24:12.574  3068  3316 D ReflectUtils: 	at android.view.ViewRootImpl$$ExternalSyntheticLambda4.onFrameDraw(Unknown Source:2)
06-05 18:24:12.574  3068  3316 D ReflectUtils: 	at android.view.ThreadedRenderer.lambda$updateRootDisplayList$0(ThreadedRenderer.java:552)
06-05 18:24:12.574  3068  3316 D ReflectUtils: 	at android.view.ThreadedRenderer$$ExternalSyntheticLambda0.onFrameDraw(Unknown Source:2)
06-05 18:24:12.574  3068  3316 D ReflectUtils: getMethod
06-05 18:24:12.574  3068  3316 D ReflectUtils: java.lang.NoSuchMethodException: android.view.SurfaceControl$Transaction.deferTransactionUntil [class android.view.SurfaceControl, class android.view.SurfaceControl, long]
06-05 18:24:12.574  3068  3316 D ReflectUtils: 	at java.lang.Class.getMethod(Class.java:2103)
06-05 18:24:12.574  3068  3316 D ReflectUtils: 	at java.lang.Class.getMethod(Class.java:1724)
06-05 18:24:12.574  3068  3316 D ReflectUtils: 	at com.android.systemui.shared.recents.utilities.ReflectUtils.getMethod(ReflectUtils.java:125)
06-05 18:24:12.574  3068  3316 D ReflectUtils: 	at com.android.systemui.shared.recents.utilities.ReflectUtils.invoke(ReflectUtils.java:25)
06-05 18:24:12.574  3068  3316 D ReflectUtils: 	at com.android.systemui.shared.recents.system.TransactionCompat.deferTransactionUntil(TransactionCompat.java:98)
06-05 18:24:12.574  3068  3316 D ReflectUtils: 	at com.android.systemui.shared.recents.system.SyncRtSurfaceTransactionApplierCompat.applyParams(SyncRtSurfaceTransactionApplierCompat.java:93)
06-05 18:24:12.574  3068  3316 D ReflectUtils: 	at com.android.systemui.shared.recents.system.SyncRtSurfaceTransactionApplierCompat.access$300(SyncRtSurfaceTransactionApplierCompat.java:39)
06-05 18:24:12.574  3068  3316 D ReflectUtils: 	at com.android.systemui.shared.recents.system.SyncRtSurfaceTransactionApplierCompat$2.onFrameDraw(SyncRtSurfaceTransactionApplierCompat.java:126)
06-05 18:24:12.574  3068  3316 D ReflectUtils: 	at android.view.ViewRootImpl.lambda$registerRtFrameCallback$0(ViewRootImpl.java:1440)
06-05 18:24:12.574  3068  3316 D ReflectUtils: 	at android.view.ViewRootImpl$$ExternalSyntheticLambda4.onFrameDraw(Unknown Source:2)
06-05 18:24:12.574  3068  3316 D ReflectUtils: 	at android.view.ThreadedRenderer.lambda$updateRootDisplayList$0(ThreadedRenderer.java:552)
06-05 18:24:12.574  3068  3316 D ReflectUtils: 	at android.view.ThreadedRenderer$$ExternalSyntheticLambda0.onFrameDraw(Unknown Source:2)
06-05 18:24:12.574  3068  3316 D ReflectUtils: getMethod
06-05 18:24:12.574  3068  3316 D ReflectUtils: java.lang.NoSuchMethodException: android.view.SurfaceControl$Transaction.deferTransactionUntil [class android.view.SurfaceControl, class android.view.SurfaceControl, long]
06-05 18:24:12.574  3068  3316 D ReflectUtils: 	at java.lang.Class.getMethod(Class.java:2103)
06-05 18:24:12.574  3068  3316 D ReflectUtils: 	at java.lang.Class.getMethod(Class.java:1724)
06-05 18:24:12.574  3068  3316 D ReflectUtils: 	at com.android.systemui.shared.recents.utilities.ReflectUtils.getMethod(ReflectUtils.java:125)
06-05 18:24:12.574  3068  3316 D ReflectUtils: 	at com.android.systemui.shared.recents.utilities.ReflectUtils.invoke(ReflectUtils.java:25)
06-05 18:24:12.574  3068  3316 D ReflectUtils: 	at com.android.systemui.shared.recents.system.TransactionCompat.deferTransactionUntil(TransactionCompat.java:98)
06-05 18:24:12.574  3068  3316 D ReflectUtils: 	at com.android.systemui.shared.recents.system.SyncRtSurfaceTransactionApplierCompat.applyParams(SyncRtSurfaceTransactionApplierCompat.java:93)
06-05 18:24:12.574  3068  3316 D ReflectUtils: 	at com.android.systemui.shared.recents.system.SyncRtSurfaceTransactionApplierCompat.access$300(SyncRtSurfaceTransactionApplierCompat.java:39)
