06-05 18:24:42.673  3068  3315 D ReflectUtils: 	at android.view.ThreadedRenderer.lambda$updateRootDisplayList$0(ThreadedRenderer.java:552)
06-05 18:24:42.673  3068  3315 D ReflectUtils: 	at android.view.ThreadedRenderer$$ExternalSyntheticLambda0.onFrameDraw(Unknown Source:2)
06-05 18:24:42.688  1113  1113 D CompositionEngine: writeOutputDependentGeometryStateToHWC layer[Wallpaper BBQ wrapper#0] set Z 134217728 miFodLayer 0x8000000
06-05 18:24:42.688  1113  1113 D CompositionEngine: writeOutputDependentGeometryStateToHWC layer[com.mi.android.globallauncher/com.miui.home.launcher.Launcher#1] set Z 134217729 miFodLayer 0x8000000
06-05 18:24:42.688  1113  1113 D CompositionEngine: writeOutputDependentGeometryStateToHWC layer[Launcher Dim#0] set Z 134217730 miFodLayer 0x8000000
06-05 18:24:42.688  1113  1113 D CompositionEngine: writeOutputDependentGeometryStateToHWC layer[com.example.dogglers/com.example.dogglers.MainActivity#0] set Z 134217731 miFodLayer 0x8000000
06-05 18:24:42.688  1113  1113 D CompositionEngine: writeOutputDependentGeometryStateToHWC layer[Splash Screen com.example.dogglers#0] set Z 134217732 miFodLayer 0x8000000
06-05 18:24:42.688  1113  1113 D CompositionEngine: writeOutputDependentGeometryStateToHWC layer[com.miui.securitycenter/.FloatingWindow#0] set Z 134217733 miFodLayer 0x8000000
06-05 18:24:42.688  1113  1113 D CompositionEngine: writeOutputDependentGeometryStateToHWC layer[StatusBar#0] set Z 134217734 miFodLayer 0x8000000
06-05 18:24:42.688  1113  1113 D CompositionEngine: writeOutputDependentGeometryStateToHWC layer[RoundCornerTop#0] set Z 134217735 miFodLayer 0x8000000
06-05 18:24:42.688  1113  1113 D CompositionEngine: writeOutputDependentGeometryStateToHWC layer[RoundCornerBottom#0] set Z 134217736 miFodLayer 0x8000000
06-05 18:24:42.689  3068  3316 D ReflectUtils: getMethod
06-05 18:24:42.689  3068  3316 D ReflectUtils: java.lang.NoSuchMethodException: android.view.SurfaceControl$Transaction.deferTransactionUntil [class android.view.SurfaceControl, class android.view.SurfaceControl, long]
06-05 18:24:42.689  3068  3316 D ReflectUtils: 	at java.lang.Class.getMethod(Class.java:2103)
06-05 18:24:42.689  3068  3316 D ReflectUtils: 	at java.lang.Class.getMethod(Class.java:1724)
06-05 18:24:42.689  3068  3316 D ReflectUtils: 	at com.android.systemui.shared.recents.utilities.ReflectUtils.getMethod(ReflectUtils.java:125)
06-05 18:24:42.689  3068  3316 D ReflectUtils: 	at com.android.systemui.shared.recents.utilities.ReflectUtils.invoke(ReflectUtils.java:25)
06-05 18:24:42.689  3068  3316 D ReflectUtils: 	at com.android.systemui.shared.recents.system.TransactionCompat.deferTransactionUntil(TransactionCompat.java:98)
06-05 18:24:42.689  3068  3316 D ReflectUtils: 	at com.android.systemui.shared.recents.system.SyncRtSurfaceTransactionApplierCompat.applyParams(SyncRtSurfaceTransactionApplierCompat.java:93)
06-05 18:24:42.689  3068  3316 D ReflectUtils: 	at com.android.systemui.shared.recents.system.SyncRtSurfaceTransactionApplierCompat.access$300(SyncRtSurfaceTransactionApplierCompat.java:39)
06-05 18:24:42.689  3068  3316 D ReflectUtils: 	at com.android.systemui.shared.recents.system.SyncRtSurfaceTransactionApplierCompat$2.onFrameDraw(SyncRtSurfaceTransactionApplierCompat.java:126)
06-05 18:24:42.689  3068  3316 D ReflectUtils: 	at android.view.ViewRootImpl.lambda$registerRtFrameCallback$0(ViewRootImpl.java:1440)
06-05 18:24:42.689  3068  3316 D ReflectUtils: 	at android.view.ViewRootImpl$$ExternalSyntheticLambda4.onFrameDraw(Unknown Source:2)
06-05 18:24:42.689  3068  3316 D ReflectUtils: 	at android.view.ThreadedRenderer.lambda$updateRootDisplayList$0(ThreadedRenderer.java:552)
06-05 18:24:42.689  3068  3316 D ReflectUtils: 	at android.view.ThreadedRenderer$$ExternalSyntheticLambda0.onFrameDraw(Unknown Source:2)
06-05 18:24:42.689  3068  3316 D ReflectUtils: getMethod
06-05 18:24:42.689  3068  3316 D ReflectUtils: java.lang.NoSuchMethodException: android.view.SurfaceControl$Transaction.deferTransactionUntil [class android.view.SurfaceControl, class android.view.SurfaceControl, long]
06-05 18:24:42.689  3068  3316 D ReflectUtils: 	at java.lang.Class.getMethod(Class.java:2103)
06-05 18:24:42.689  3068  3316 D ReflectUtils: 	at java.lang.Class.getMethod(Class.java:1724)
06-05 18:24:42.689  3068  3316 D ReflectUtils: 	at com.android.systemui.shared.recents.utilities.ReflectUtils.getMethod(ReflectUtils.java:125)
06-05 18:24:42.689  3068  3316 D ReflectUtils: 	at com.android.systemui.shared.recents.utilities.ReflectUtils.invoke(ReflectUtils.java:25)
06-05 18:24:42.689  3068  3316 D ReflectUtils: 	at com.android.systemui.shared.recents.system.TransactionCompat.deferTransactionUntil(TransactionCompat.java:98)
06-05 18:24:42.689  3068  3316 D ReflectUtils: 	at com.android.systemui.shared.recents.system.SyncRtSurfaceTransactionApplierCompat.applyParams(SyncRtSurfaceTransactionApplierCompat.java:93)
06-05 18:24:42.689  3068  3316 D ReflectUtils: 	at com.android.systemui.shared.recents.system.SyncRtSurfaceTransactionApplierCompat.access$300(SyncRtSurfaceTransactionApplierCompat.java:39)
06-05 18:24:42.689  3068  3316 D ReflectUtils: 	at com.android.systemui.shared.recents.system.SyncRtSurfaceTransactionApplierCompat$2.onFrameDraw(SyncRtSurfaceTransactionApplierCompat.java:126)
06-05 18:24:42.689  3068  3316 D ReflectUtils: 	at android.view.ViewRootImpl.lambda$registerRtFrameCallback$0(ViewRootImpl.java:1440)
06-05 18:24:42.689  3068  3316 D ReflectUtils: 	at android.view.ViewRootImpl$$ExternalSyntheticLambda4.onFrameDraw(Unknown Source:2)
06-05 18:24:42.689  3068  3316 D ReflectUtils: 	at android.view.ThreadedRenderer.lambda$updateRootDisplayList$0(ThreadedRenderer.java:552)
06-05 18:24:42.689  3068  3316 D ReflectUtils: 	at android.view.ThreadedRenderer$$ExternalSyntheticLambda0.onFrameDraw(Unknown Source:2)
06-05 18:24:42.705  1113  1113 D CompositionEngine: writeOutputDependentGeometryStateToHWC layer[Wallpaper BBQ wrapper#0] set Z 134217728 miFodLayer 0x8000000
06-05 18:24:42.705  1113  1113 D CompositionEngine: writeOutputDependentGeometryStateToHWC layer[com.mi.android.globallauncher/com.miui.home.launcher.Launcher#1] set Z 134217729 miFodLayer 0x8000000
06-05 18:24:42.705  1113  1113 D CompositionEngine: writeOutputDependentGeometryStateToHWC layer[Launcher Dim#0] set Z 134217730 miFodLayer 0x8000000
06-05 18:24:42.705  1113  1113 D CompositionEngine: writeOutputDependentGeometryStateToHWC layer[com.example.dogglers/com.example.dogglers.MainActivity#0] set Z 134217731 miFodLayer 0x8000000
06-05 18:24:42.705  1113  1113 D CompositionEngine: writeOutputDependentGeometryStateToHWC layer[Splash Screen com.example.dogglers#0] set Z 134217732 miFodLayer 0x8000000
06-05 18:24:42.705  1113  1113 D CompositionEngine: writeOutputDependentGeometryStateToHWC layer[com.miui.securitycenter/.FloatingWindow#0] set Z 134217733 miFodLayer 0x8000000
06-05 18:24:42.705  1113  1113 D CompositionEngine: writeOutputDependentGeometryStateToHWC layer[StatusBar#0] set Z 134217734 miFodLayer 0x8000000
06-05 18:24:42.705  1113  1113 D CompositionEngine: writeOutputDependentGeometryStateToHWC layer[RoundCornerTop#0] set Z 134217735 miFodLayer 0x8000000
06-05 18:24:42.705  1113  1113 D CompositionEngine: writeOutputDependentGeometryStateToHWC layer[RoundCornerBottom#0] set Z 134217736 miFodLayer 0x8000000
06-05 18:24:42.705  3068  3315 D ReflectUtils: getMethod
06-05 18:24:42.705  3068  3315 D ReflectUtils: java.lang.NoSuchMethodException: android.view.SurfaceControl$Transaction.deferTransactionUntil [class android.view.SurfaceControl, class android.view.SurfaceControl, long]
06-05 18:24:42.705  3068  3315 D ReflectUtils: 	at java.lang.Class.getMethod(Class.java:2103)
06-05 18:24:42.705  3068  3315 D ReflectUtils: 	at java.lang.Class.getMethod(Class.java:1724)
06-05 18:24:42.705  3068  3315 D ReflectUtils: 	at com.android.systemui.shared.recents.utilities.ReflectUtils.getMethod(ReflectUtils.java:125)
06-05 18:24:42.705  3068  3315 D ReflectUtils: 	at com.android.systemui.shared.recents.utilities.ReflectUtils.invoke(ReflectUtils.java:25)
06-05 18:24:42.705  3068  3315 D ReflectUtils: 	at com.android.systemui.shared.recents.system.TransactionCompat.deferTransactionUntil(TransactionCompat.java:98)
06-05 18:24:42.705  3068  3315 D ReflectUtils: 	at com.android.systemui.shared.recents.system.SyncRtSurfaceTransactionApplierCompat.applyParams(SyncRtSurfaceTransactionApplierCompat.java:93)
06-05 18:24:42.705  3068  3315 D ReflectUtils: 	at com.android.systemui.shared.recents.system.SyncRtSurfaceTransactionApplierCompat.access$300(SyncRtSurfaceTransactionApplierCompat.java:39)
06-05 18:24:42.705  3068  3315 D ReflectUtils: 	at com.android.systemui.shared.recents.system.SyncRtSurfaceTransactionApplierCompat$2.onFrameDraw(SyncRtSurfaceTransactionApplierCompat.java:126)
06-05 18:24:42.705  3068  3315 D ReflectUtils: 	at android.view.ViewRootImpl.lambda$registerRtFrameCallback$0(ViewRootImpl.java:1440)
06-05 18:24:42.705  3068  3315 D ReflectUtils: 	at android.view.ViewRootImpl$$ExternalSyntheticLambda4.onFrameDraw(Unknown Source:2)
06-05 18:24:42.705  3068  3315 D ReflectUtils: 	at android.view.ThreadedRenderer.lambda$updateRootDisplayList$0(ThreadedRenderer.java:552)
06-05 18:24:42.705  3068  3315 D ReflectUtils: 	at android.view.ThreadedRenderer$$ExternalSyntheticLambda0.onFrameDraw(Unknown Source:2)
06-05 18:24:42.706  3068  3315 D ReflectUtils: getMethod
06-05 18:24:42.706  3068  3315 D ReflectUtils: java.lang.NoSuchMethodException: android.view.SurfaceControl$Transaction.deferTransactionUntil [class android.view.SurfaceControl, class android.view.SurfaceControl, long]
06-05 18:24:42.706  3068  3315 D ReflectUtils: 	at java.lang.Class.getMethod(Class.java:2103)
06-05 18:24:42.706  3068  3315 D ReflectUtils: 	at java.lang.Class.getMethod(Class.java:1724)
06-05 18:24:42.706  3068  3315 D ReflectUtils: 	at com.android.systemui.shared.recents.utilities.ReflectUtils.getMethod(ReflectUtils.java:125)
06-05 18:24:42.706  3068  3315 D ReflectUtils: 	at com.android.systemui.shared.recents.utilities.ReflectUtils.invoke(ReflectUtils.java:25)
06-05 18:24:42.706  3068  3315 D ReflectUtils: 	at com.android.systemui.shared.recents.system.TransactionCompat.deferTransactionUntil(TransactionCompat.java:98)
06-05 18:24:42.706  3068  3315 D ReflectUtils: 	at com.android.systemui.shared.recents.system.SyncRtSurfaceTransactionApplierCompat.applyParams(SyncRtSurfaceTransactionApplierCompat.java:93)
06-05 18:24:42.706  3068  3315 D ReflectUtils: 	at com.android.systemui.shared.recents.system.SyncRtSurfaceTransactionApplierCompat.access$300(SyncRtSurfaceTransactionApplierCompat.java:39)
06-05 18:24:42.706  3068  3315 D ReflectUtils: 	at com.android.systemui.shared.recents.system.SyncRtSurfaceTransactionApplierCompat$2.onFrameDraw(SyncRtSurfaceTransactionApplierCompat.java:126)
06-05 18:24:42.706  3068  3315 D ReflectUtils: 	at android.view.ViewRootImpl.lambda$registerRtFrameCallback$0(ViewRootImpl.java:1440)
06-05 18:24:42.706  3068  3315 D ReflectUtils: 	at android.view.ViewRootImpl$$ExternalSyntheticLambda4.onFrameDraw(Unknown Source:2)
06-05 18:24:42.706  3068  3315 D ReflectUtils: 	at android.view.ThreadedRenderer.lambda$updateRootDisplayList$0(ThreadedRenderer.java:552)
06-05 18:24:42.706  3068  3315 D ReflectUtils: 	at android.view.ThreadedRenderer$$ExternalSyntheticLambda0.onFrameDraw(Unknown Source:2)
06-05 18:24:42.721  1113  1113 D CompositionEngine: writeOutputDependentGeometryStateToHWC layer[Wallpaper BBQ wrapper#0] set Z 134217728 miFodLayer 0x8000000
06-05 18:24:42.721  1113  1113 D CompositionEngine: writeOutputDependentGeometryStateToHWC layer[com.mi.android.globallauncher/com.miui.home.launcher.Launcher#1] set Z 134217729 miFodLayer 0x8000000
06-05 18:24:42.721  1113  1113 D CompositionEngine: writeOutputDependentGeometryStateToHWC layer[Launcher Dim#0] set Z 134217730 miFodLayer 0x8000000
06-05 18:24:42.721  1113  1113 D CompositionEngine: writeOutputDependentGeometryStateToHWC layer[com.example.dogglers/com.example.dogglers.MainActivity#0] set Z 134217731 miFodLayer 0x8000000
06-05 18:24:42.721  1113  1113 D CompositionEngine: writeOutputDependentGeometryStateToHWC layer[Splash Screen com.example.dogglers#0] set Z 134217732 miFodLayer 0x8000000
06-05 18:24:42.721  1113  1113 D CompositionEngine: writeOutputDependentGeometryStateToHWC layer[com.miui.securitycenter/.FloatingWindow#0] set Z 134217733 miFodLayer 0x8000000
06-05 18:24:42.721  1113  1113 D CompositionEngine: writeOutputDependentGeometryStateToHWC layer[StatusBar#0] set Z 134217734 miFodLayer 0x8000000
06-05 18:24:42.721  1113  1113 D CompositionEngine: writeOutputDependentGeometryStateToHWC layer[RoundCornerTop#0] set Z 134217735 miFodLayer 0x8000000
06-05 18:24:42.722  1113  1113 D CompositionEngine: writeOutputDependentGeometryStateToHWC layer[RoundCornerBottom#0] set Z 134217736 miFodLayer 0x8000000
06-05 18:24:42.722  3068  3316 D ReflectUtils: getMethod
06-05 18:24:42.722  3068  3316 D ReflectUtils: java.lang.NoSuchMethodException: android.view.SurfaceControl$Transaction.deferTransactionUntil [class android.view.SurfaceControl, class android.view.SurfaceControl, long]
06-05 18:24:42.722  3068  3316 D ReflectUtils: 	at java.lang.Class.getMethod(Class.java:2103)
06-05 18:24:42.722  3068  3316 D ReflectUtils: 	at java.lang.Class.getMethod(Class.java:1724)
06-05 18:24:42.722  3068  3316 D ReflectUtils: 	at com.android.systemui.shared.recents.utilities.ReflectUtils.getMethod(ReflectUtils.java:125)
06-05 18:24:42.722  3068  3316 D ReflectUtils: 	at com.android.systemui.shared.recents.utilities.ReflectUtils.invoke(ReflectUtils.java:25)
06-05 18:24:42.722  3068  3316 D ReflectUtils: 	at com.android.systemui.shared.recents.system.TransactionCompat.deferTransactionUntil(TransactionCompat.java:98)
06-05 18:24:42.722  3068  3316 D ReflectUtils: 	at com.android.systemui.shared.recents.system.SyncRtSurfaceTransactionApplierCompat.applyParams(SyncRtSurfaceTransactionApplierCompat.java:93)
06-05 18:24:42.722  3068  3316 D ReflectUtils: 	at com.android.systemui.shared.recents.system.SyncRtSurfaceTransactionApplierCompat.access$300(SyncRtSurfaceTransactionApplierCompat.java:39)
06-05 18:24:42.722  3068  3316 D ReflectUtils: 	at com.android.systemui.shared.recents.system.SyncRtSurfaceTransactionApplierCompat$2.onFrameDraw(SyncRtSurfaceTransactionApplierCompat.java:126)
06-05 18:24:42.722  3068  3316 D ReflectUtils: 	at android.view.ViewRootImpl.lambda$registerRtFrameCallback$0(ViewRootImpl.java:1440)
06-05 18:24:42.722  3068  3316 D ReflectUtils: 	at android.view.ViewRootImpl$$ExternalSyntheticLambda4.onFrameDraw(Unknown Source:2)
06-05 18:24:42.722  3068  3316 D ReflectUtils: 	at android.view.ThreadedRenderer.lambda$updateRootDisplayList$0(ThreadedRenderer.java:552)
06-05 18:24:42.722  3068  3316 D ReflectUtils: 	at android.view.ThreadedRenderer$$ExternalSyntheticLambda0.onFrameDraw(Unknown Source:2)
06-05 18:24:42.723  3068  3316 D ReflectUtils: getMethod
06-05 18:24:42.723  3068  3316 D ReflectUtils: java.lang.NoSuchMethodException: android.view.SurfaceControl$Transaction.deferTransactionUntil [class android.view.SurfaceControl, class android.view.SurfaceControl, long]
06-05 18:24:42.723  3068  3316 D ReflectUtils: 	at java.lang.Class.getMethod(Class.java:2103)
06-05 18:24:42.723  3068  3316 D ReflectUtils: 	at java.lang.Class.getMethod(Class.java:1724)
06-05 18:24:42.723  3068  3316 D ReflectUtils: 	at com.android.systemui.shared.recents.utilities.ReflectUtils.getMethod(ReflectUtils.java:125)
06-05 18:24:42.723  3068  3316 D ReflectUtils: 	at com.android.systemui.shared.recents.utilities.ReflectUtils.invoke(ReflectUtils.java:25)
06-05 18:24:42.723  3068  3316 D ReflectUtils: 	at com.android.systemui.shared.recents.system.TransactionCompat.deferTransactionUntil(TransactionCompat.java:98)
06-05 18:24:42.723  3068  3316 D ReflectUtils: 	at com.android.systemui.shared.recents.system.SyncRtSurfaceTransactionApplierCompat.applyParams(SyncRtSurfaceTransactionApplierCompat.java:93)
06-05 18:24:42.723  3068  3316 D ReflectUtils: 	at com.android.systemui.shared.recents.system.SyncRtSurfaceTransactionApplierCompat.access$300(SyncRtSurfaceTransactionApplierCompat.java:39)
06-05 18:24:42.723  3068  3316 D ReflectUtils: 	at com.android.systemui.shared.recents.system.SyncRtSurfaceTransactionApplierCompat$2.onFrameDraw(SyncRtSurfaceTransactionApplierCompat.java:126)
06-05 18:24:42.723  3068  3316 D ReflectUtils: 	at android.view.ViewRootImpl.lambda$registerRtFrameCallback$0(ViewRootImpl.java:1440)
06-05 18:24:42.723  3068  3316 D ReflectUtils: 	at android.view.ViewRootImpl$$ExternalSyntheticLambda4.onFrameDraw(Unknown Source:2)
06-05 18:24:42.723  3068  3316 D ReflectUtils: 	at android.view.ThreadedRenderer.lambda$updateRootDisplayList$0(ThreadedRenderer.java:552)
06-05 18:24:42.723  3068  3316 D ReflectUtils: 	at android.view.ThreadedRenderer$$ExternalSyntheticLambda0.onFrameDraw(Unknown Source:2)
06-05 18:24:42.738  1113  1113 D CompositionEngine: writeOutputDependentGeometryStateToHWC layer[Wallpaper BBQ wrapper#0] set Z 134217728 miFodLayer 0x8000000
06-05 18:24:42.738  1113  1113 D CompositionEngine: writeOutputDependentGeometryStateToHWC layer[com.mi.android.globallauncher/com.miui.home.launcher.Launcher#1] set Z 134217729 miFodLayer 0x8000000
06-05 18:24:42.738  1113  1113 D CompositionEngine: writeOutputDependentGeometryStateToHWC layer[Launcher Dim#0] set Z 134217730 miFodLayer 0x8000000
06-05 18:24:42.738  1113  1113 D CompositionEngine: writeOutputDependentGeometryStateToHWC layer[com.example.dogglers/com.example.dogglers.MainActivity#0] set Z 134217731 miFodLayer 0x8000000
06-05 18:24:42.738  1113  1113 D CompositionEngine: writeOutputDependentGeometryStateToHWC layer[Splash Screen com.example.dogglers#0] set Z 134217732 miFodLayer 0x8000000
06-05 18:24:42.738  1113  1113 D CompositionEngine: writeOutputDependentGeometryStateToHWC layer[com.miui.securitycenter/.FloatingWindow#0] set Z 134217733 miFodLayer 0x8000000
06-05 18:24:42.738  1113  1113 D CompositionEngine: writeOutputDependentGeometryStateToHWC layer[StatusBar#0] set Z 134217734 miFodLayer 0x8000000
06-05 18:24:42.738  1113  1113 D CompositionEngine: writeOutputDependentGeometryStateToHWC layer[RoundCornerTop#0] set Z 134217735 miFodLayer 0x8000000
06-05 18:24:42.738  1113  1113 D CompositionEngine: writeOutputDependentGeometryStateToHWC layer[RoundCornerBottom#0] set Z 134217736 miFodLayer 0x8000000
06-05 18:24:42.738  3068  3315 D ReflectUtils: getMethod
06-05 18:24:42.738  3068  3315 D ReflectUtils: java.lang.NoSuchMethodException: android.view.SurfaceControl$Transaction.deferTransactionUntil [class android.view.SurfaceControl, class android.view.SurfaceControl, long]
06-05 18:24:42.738  3068  3315 D ReflectUtils: 	at java.lang.Class.getMethod(Class.java:2103)
06-05 18:24:42.738  3068  3315 D ReflectUtils: 	at java.lang.Class.getMethod(Class.java:1724)
06-05 18:24:42.738  3068  3315 D ReflectUtils: 	at com.android.systemui.shared.recents.utilities.ReflectUtils.getMethod(ReflectUtils.java:125)
06-05 18:24:42.738  3068  3315 D ReflectUtils: 	at com.android.systemui.shared.recents.utilities.ReflectUtils.invoke(ReflectUtils.java:25)
06-05 18:24:42.738  3068  3315 D ReflectUtils: 	at com.android.systemui.shared.recents.system.TransactionCompat.deferTransactionUntil(TransactionCompat.java:98)
06-05 18:24:42.738  3068  3315 D ReflectUtils: 	at com.android.systemui.shared.recents.system.SyncRtSurfaceTransactionApplierCompat.applyParams(SyncRtSurfaceTransactionApplierCompat.java:93)
06-05 18:24:42.738  3068  3315 D ReflectUtils: 	at com.android.systemui.shared.recents.system.SyncRtSurfaceTransactionApplierCompat.access$300(SyncRtSurfaceTransactionApplierCompat.java:39)
06-05 18:24:42.738  3068  3315 D ReflectUtils: 	at com.android.systemui.shared.recents.system.SyncRtSurfaceTransactionApplierCompat$2.onFrameDraw(SyncRtSurfaceTransactionApplierCompat.java:126)
06-05 18:24:42.738  3068  3315 D ReflectUtils: 	at android.view.ViewRootImpl.lambda$registerRtFrameCallback$0(ViewRootImpl.java:1440)
06-05 18:24:42.738  3068  3315 D ReflectUtils: 	at android.view.ViewRootImpl$$ExternalSyntheticLambda4.onFrameDraw(Unknown Source:2)
06-05 18:24:42.738  3068  3315 D ReflectUtils: 	at android.view.ThreadedRenderer.lambda$updateRootDisplayList$0(ThreadedRenderer.java:552)
06-05 18:24:42.738  3068  3315 D ReflectUtils: 	at android.view.ThreadedRenderer$$ExternalSyntheticLambda0.onFrameDraw(Unknown Source:2)
06-05 18:24:42.738  3068  3315 D ReflectUtils: getMethod
06-05 18:24:42.738  3068  3315 D ReflectUtils: java.lang.NoSuchMethodException: android.view.SurfaceControl$Transaction.deferTransactionUntil [class android.view.SurfaceControl, class android.view.SurfaceControl, long]
06-05 18:24:42.738  3068  3315 D ReflectUtils: 	at java.lang.Class.getMethod(Class.java:2103)
06-05 18:24:42.738  3068  3315 D ReflectUtils: 	at java.lang.Class.getMethod(Class.java:1724)
06-05 18:24:42.738  3068  3315 D ReflectUtils: 	at com.android.systemui.shared.recents.utilities.ReflectUtils.getMethod(ReflectUtils.java:125)
06-05 18:24:42.738  3068  3315 D ReflectUtils: 	at com.android.systemui.shared.recents.utilities.ReflectUtils.invoke(ReflectUtils.java:25)
06-05 18:24:42.738  3068  3315 D ReflectUtils: 	at com.android.systemui.shared.recents.system.TransactionCompat.deferTransactionUntil(TransactionCompat.java:98)
06-05 18:24:42.738  3068  3315 D ReflectUtils: 	at com.android.systemui.shared.recents.system.SyncRtSurfaceTransactionApplierCompat.applyParams(SyncRtSurfaceTransactionApplierCompat.java:93)
06-05 18:24:42.738  3068  3315 D ReflectUtils: 	at com.android.systemui.shared.recents.system.SyncRtSurfaceTransactionApplierCompat.access$300(SyncRtSurfaceTransactionApplierCompat.java:39)
06-05 18:24:42.738  3068  3315 D ReflectUtils: 	at com.android.systemui.shared.recents.system.SyncRtSurfaceTransactionApplierCompat$2.onFrameDraw(SyncRtSurfaceTransactionApplierCompat.java:126)
06-05 18:24:42.738  3068  3315 D ReflectUtils: 	at android.view.ViewRootImpl.lambda$registerRtFrameCallback$0(ViewRootImpl.java:1440)
06-05 18:24:42.738  3068  3315 D ReflectUtils: 	at android.view.ViewRootImpl$$ExternalSyntheticLambda4.onFrameDraw(Unknown Source:2)
06-05 18:24:42.738  3068  3315 D ReflectUtils: 	at android.view.ThreadedRenderer.lambda$updateRootDisplayList$0(ThreadedRenderer.java:552)
06-05 18:24:42.738  3068  3315 D ReflectUtils: 	at android.view.ThreadedRenderer$$ExternalSyntheticLambda0.onFrameDraw(Unknown Source:2)
06-05 18:24:42.754  3068  3068 E BlurUtils: fastBlur ratio=0.0   withAnim=false   sBlurRatioValue=0.0
06-05 18:24:42.754  1113  1113 D CompositionEngine: writeOutputDependentGeometryStateToHWC layer[Wallpaper BBQ wrapper#0] set Z 134217728 miFodLayer 0x8000000
06-05 18:24:42.754  1113  1113 D CompositionEngine: writeOutputDependentGeometryStateToHWC layer[com.mi.android.globallauncher/com.miui.home.launcher.Launcher#1] set Z 134217729 miFodLayer 0x8000000
06-05 18:24:42.754  1113  1113 D CompositionEngine: writeOutputDependentGeometryStateToHWC layer[Launcher Dim#0] set Z 134217730 miFodLayer 0x8000000
06-05 18:24:42.754  1113  1113 D CompositionEngine: writeOutputDependentGeometryStateToHWC layer[com.example.dogglers/com.example.dogglers.MainActivity#0] set Z 134217731 miFodLayer 0x8000000
06-05 18:24:42.755  1113  1113 D CompositionEngine: writeOutputDependentGeometryStateToHWC layer[Splash Screen com.example.dogglers#0] set Z 134217732 miFodLayer 0x8000000
06-05 18:24:42.755  1113  1113 D CompositionEngine: writeOutputDependentGeometryStateToHWC layer[com.miui.securitycenter/.FloatingWindow#0] set Z 134217733 miFodLayer 0x8000000
06-05 18:24:42.755  1113  1113 D CompositionEngine: writeOutputDependentGeometryStateToHWC layer[StatusBar#0] set Z 134217734 miFodLayer 0x8000000
06-05 18:24:42.755  1113  1113 D CompositionEngine: writeOutputDependentGeometryStateToHWC layer[RoundCornerTop#0] set Z 134217735 miFodLayer 0x8000000
06-05 18:24:42.755  1113  1113 D CompositionEngine: writeOutputDependentGeometryStateToHWC layer[RoundCornerBottom#0] set Z 134217736 miFodLayer 0x8000000
06-05 18:24:42.759  3068  3068 E LauncherAnimationRunner: finish: mFinishRunnable.run
06-05 18:24:42.761  3068  3316 D ReflectUtils: getMethod
06-05 18:24:42.761  3068  3316 D ReflectUtils: java.lang.NoSuchMethodException: android.view.SurfaceControl$Transaction.deferTransactionUntil [class android.view.SurfaceControl, class android.view.SurfaceControl, long]
06-05 18:24:42.761  3068  3316 D ReflectUtils: 	at java.lang.Class.getMethod(Class.java:2103)
06-05 18:24:42.761  3068  3316 D ReflectUtils: 	at java.lang.Class.getMethod(Class.java:1724)
06-05 18:24:42.761  3068  3316 D ReflectUtils: 	at com.android.systemui.shared.recents.utilities.ReflectUtils.getMethod(ReflectUtils.java:125)
06-05 18:24:42.761  3068  3316 D ReflectUtils: 	at com.android.systemui.shared.recents.utilities.ReflectUtils.invoke(ReflectUtils.java:25)
06-05 18:24:42.761  3068  3316 D ReflectUtils: 	at com.android.systemui.shared.recents.system.TransactionCompat.deferTransactionUntil(TransactionCompat.java:98)
06-05 18:24:42.761  3068  3316 D ReflectUtils: 	at com.android.systemui.shared.recents.system.SyncRtSurfaceTransactionApplierCompat.applyParams(SyncRtSurfaceTransactionApplierCompat.java:93)
06-05 18:24:42.761  3068  3316 D ReflectUtils: 	at com.android.systemui.shared.recents.system.SyncRtSurfaceTransactionApplierCompat.access$300(SyncRtSurfaceTransactionApplierCompat.java:39)
06-05 18:24:42.761  3068  3316 D ReflectUtils: 	at com.android.systemui.shared.recents.system.SyncRtSurfaceTransactionApplierCompat$2.onFrameDraw(SyncRtSurfaceTransactionApplierCompat.java:126)
06-05 18:24:42.761  3068  3316 D ReflectUtils: 	at android.view.ViewRootImpl.lambda$registerRtFrameCallback$0(ViewRootImpl.java:1440)
06-05 18:24:42.761  3068  3316 D ReflectUtils: 	at android.view.ViewRootImpl$$ExternalSyntheticLambda4.onFrameDraw(Unknown Source:2)
06-05 18:24:42.761  3068  3316 D ReflectUtils: 	at android.view.ThreadedRenderer.lambda$updateRootDisplayList$0(ThreadedRenderer.java:552)
06-05 18:24:42.761  3068  3316 D ReflectUtils: 	at android.view.ThreadedRenderer$$ExternalSyntheticLambda0.onFrameDraw(Unknown Source:2)
06-05 18:24:42.761  3068  3316 D ReflectUtils: getMethod
06-05 18:24:42.761  3068  3316 D ReflectUtils: java.lang.NoSuchMethodException: android.view.SurfaceControl$Transaction.deferTransactionUntil [class android.view.SurfaceControl, class android.view.SurfaceControl, long]
06-05 18:24:42.761  3068  3316 D ReflectUtils: 	at java.lang.Class.getMethod(Class.java:2103)
06-05 18:24:42.761  3068  3316 D ReflectUtils: 	at java.lang.Class.getMethod(Class.java:1724)
06-05 18:24:42.761  3068  3316 D ReflectUtils: 	at com.android.systemui.shared.recents.utilities.ReflectUtils.getMethod(ReflectUtils.java:125)
06-05 18:24:42.761  3068  3316 D ReflectUtils: 	at com.android.systemui.shared.recents.utilities.ReflectUtils.invoke(ReflectUtils.java:25)
06-05 18:24:42.761  3068  3316 D ReflectUtils: 	at com.android.systemui.shared.recents.system.TransactionCompat.deferTransactionUntil(TransactionCompat.java:98)
06-05 18:24:42.761  3068  3316 D ReflectUtils: 	at com.android.systemui.shared.recents.system.SyncRtSurfaceTransactionApplierCompat.applyParams(SyncRtSurfaceTransactionApplierCompat.java:93)
06-05 18:24:42.761  3068  3316 D ReflectUtils: 	at com.android.systemui.shared.recents.system.SyncRtSurfaceTransactionApplierCompat.access$300(SyncRtSurfaceTransactionApplierCompat.java:39)
06-05 18:24:42.761  3068  3316 D ReflectUtils: 	at com.android.systemui.shared.recents.system.SyncRtSurfaceTransactionApplierCompat$2.onFrameDraw(SyncRtSurfaceTransactionApplierCompat.java:126)
06-05 18:24:42.761  3068  3316 D ReflectUtils: 	at android.view.ViewRootImpl.lambda$registerRtFrameCallback$0(ViewRootImpl.java:1440)
06-05 18:24:42.761  3068  3316 D ReflectUtils: 	at android.view.ViewRootImpl$$ExternalSyntheticLambda4.onFrameDraw(Unknown Source:2)
06-05 18:24:42.761  3068  3316 D ReflectUtils: 	at android.view.ThreadedRenderer.lambda$updateRootDisplayList$0(ThreadedRenderer.java:552)
06-05 18:24:42.761  3068  3316 D ReflectUtils: 	at android.view.ThreadedRenderer$$ExternalSyntheticLambda0.onFrameDraw(Unknown Source:2)
06-05 18:24:42.761  7552  7931 I DisplayFrameSetting: homeToAppEnd pkg=com.example.dogglers
06-05 18:24:42.765  1850  2634 I MiuiNetworkPolicy: updateUidState uid = 10188, uidState = 3
06-05 18:24:42.765  1850  2634 I MiuiNetworkPolicy: updateUidState uid = 10109, uidState = 5
06-05 18:24:42.765  1850  2634 I MiuiNetworkPolicy: updateUidState uid = 10091, uidState = 5
06-05 18:24:42.772  1113  1113 D CompositionEngine: writeOutputDependentGeometryStateToHWC layer[Wallpaper BBQ wrapper#0] set Z 134217728 miFodLayer 0x8000000
06-05 18:24:42.772  1113  1113 D CompositionEngine: writeOutputDependentGeometryStateToHWC layer[com.mi.android.globallauncher/com.miui.home.launcher.Launcher#1] set Z 134217729 miFodLayer 0x8000000
06-05 18:24:42.772  1113  1113 D CompositionEngine: writeOutputDependentGeometryStateToHWC layer[Launcher Dim#0] set Z 134217730 miFodLayer 0x8000000
06-05 18:24:42.772  1113  1113 D CompositionEngine: writeOutputDependentGeometryStateToHWC layer[com.example.dogglers/com.example.dogglers.MainActivity#0] set Z 134217731 miFodLayer 0x8000000
06-05 18:24:42.772  1113  1113 D CompositionEngine: writeOutputDependentGeometryStateToHWC layer[com.miui.securitycenter/.FloatingWindow#0] set Z 134217732 miFodLayer 0x8000000
06-05 18:24:42.772  1113  1113 D CompositionEngine: writeOutputDependentGeometryStateToHWC layer[StatusBar#0] set Z 134217733 miFodLayer 0x8000000
06-05 18:24:42.772  1113  1113 D CompositionEngine: writeOutputDependentGeometryStateToHWC layer[RoundCornerTop#0] set Z 134217734 miFodLayer 0x8000000
06-05 18:24:42.772  1113  1113 D CompositionEngine: writeOutputDependentGeometryStateToHWC layer[RoundCornerBottom#0] set Z 134217735 miFodLayer 0x8000000
06-05 18:24:42.788  1113  1113 D CompositionEngine: writeOutputDependentGeometryStateToHWC layer[com.example.dogglers/com.example.dogglers.MainActivity#0] set Z 134217728 miFodLayer 0x8000000
06-05 18:24:42.788  1113  1113 D CompositionEngine: writeOutputDependentGeometryStateToHWC layer[com.miui.securitycenter/.FloatingWindow#0] set Z 134217729 miFodLayer 0x8000000
06-05 18:24:42.788  1113  1113 D CompositionEngine: writeOutputDependentGeometryStateToHWC layer[StatusBar#0] set Z 134217730 miFodLayer 0x8000000
06-05 18:24:42.788  1113  1113 D CompositionEngine: writeOutputDependentGeometryStateToHWC layer[RoundCornerTop#0] set Z 134217731 miFodLayer 0x8000000
06-05 18:24:42.788  1113  1113 D CompositionEngine: writeOutputDependentGeometryStateToHWC layer[RoundCornerBottom#0] set Z 134217732 miFodLayer 0x8000000
06-05 18:24:42.804  1113  1113 D CompositionEngine: writeOutputDependentGeometryStateToHWC layer[com.example.dogglers/com.example.dogglers.MainActivity#0] set Z 134217728 miFodLayer 0x8000000
06-05 18:24:42.804  1113  1113 D CompositionEngine: writeOutputDependentGeometryStateToHWC layer[com.miui.securitycenter/.FloatingWindow#0] set Z 134217729 miFodLayer 0x8000000
06-05 18:24:42.805  1113  1113 D CompositionEngine: writeOutputDependentGeometryStateToHWC layer[StatusBar#0] set Z 134217730 miFodLayer 0x8000000
06-05 18:24:42.805  1113  1113 D CompositionEngine: writeOutputDependentGeometryStateToHWC layer[RoundCornerTop#0] set Z 134217731 miFodLayer 0x8000000
06-05 18:24:42.805  1113  1113 D CompositionEngine: writeOutputDependentGeometryStateToHWC layer[RoundCornerBottom#0] set Z 134217732 miFodLayer 0x8000000
06-05 18:24:42.805  1113  1113 D MI-SF   : notifyDfLauncherFlag flag=0
06-05 18:24:42.807  1057  1057 D DisplayFeatureHal: setFeatureEnable: FeatureId=FPS_SWITCH_STATE modeId=0 cookie=246
06-05 18:24:42.807  1057  1057 D DisplayFeatureHal: current wcg state 0, setting to 0
06-05 18:24:42.807  1057  1057 E DisplayFeatureHal: setFeatureEnable: failed to set fps(0)
06-05 18:24:42.807  1057  1057 I DisplayFeatureHal: setFeatureEnable: [FPS_SWITCH_STATE]: modeId:0, cookie:246, input_pending_fps:0
06-05 18:24:42.807  1113  1113 D MI-SF   : notifyDfLauncherFlag launcher changed[0]
06-05 18:24:42.807  1113  1113 D MI-SF   : Launcher Changed hasLauncher=0
06-05 18:24:43.512  1850  2553 D MIUIInput: [MotionEvent] publisher action=0x4, 5271560, channel 'c058ab6 com.miui.securitycenter (server)'
06-05 18:24:43.513  1850  2553 D MIUIInput: [MotionEvent] publisher action=0x0, 5271560, channel '30ccaee com.example.dogglers/com.example.dogglers.MainActivity (server)'
06-05 18:24:43.516  6986  6986 W MirrorManager: this model don't Support
06-05 18:24:43.713  1850  1941 D PerfImpl: perfGetWorkLoadType
06-05 18:24:43.713  1034  1034 E vendor.qti.hardware.perf@2.2-service: Unknown params
06-05 18:24:43.713  1034  1034 I ANDR-PERF-LM: LMPerfGlue: perfmodule_submit_request() 132: perfmodule_submit_request()
06-05 18:24:43.713  1034  1034 I ANDR-PERF-LM: Core: getInstance() 84: LM getInstance
06-05 18:24:43.713  1034  1034 D ANDR-PERF-LM: Feature: lookup() 101: Feature Name = AppClassifier, total featuers = 3, featureFound = 1
06-05 18:24:43.713  1034  1034 D ANDR-PERF-LM: Feature: getData() 112: data.data = 1
06-05 18:24:43.713  1034  1034 I ANDR-PERF-LM: FeedbackAPI: getFeedback() 60: app:com.example.dogglers feature:AppClassifier feedback = 1
06-05 18:24:43.713  1850  1941 D PerfImpl: perfScrollBoost: com.example.dogglers, -1, 4
06-05 18:24:43.713  1034  1034 E vendor.qti.hardware.perf@2.2-service: Unknown params
06-05 18:24:43.714  1034  1034 I ANDR-PERF-LM: LMPerfGlue: perfmodule_submit_request() 132: perfmodule_submit_request()
06-05 18:24:43.714  1034  1034 I ANDR-PERF-LM: Core: getInstance() 84: LM getInstance
06-05 18:24:43.714  1034  1034 I ANDR-PERF-LM: WQ: push() 59: LMTriggerQ push() size=0
06-05 18:24:43.714  1034  1034 I ANDR-PERF-LM: WQ: push() 61: LMTriggerQ push() done size=1
06-05 18:24:43.714  1034  1092 I ANDR-PERF-LM: WQ: pop() 42: LMTriggerQ pop() done size=0
06-05 18:24:43.714  1034  1092 I ANDR-PERF-LM: Core: lmMain() 373: Waiting on trigger Queue
06-05 18:24:43.714  1034  1092 I ANDR-PERF-LM: WQ: pop() 31: LMTriggerQ pop() size=0
06-05 18:24:43.714  1850  1941 D PerfImpl: perfGetWorkLoadType
06-05 18:24:43.714  1034  1034 E vendor.qti.hardware.perf@2.2-service: Unknown params
06-05 18:24:43.714  1034  1034 I ANDR-PERF-LM: LMPerfGlue: perfmodule_submit_request() 132: perfmodule_submit_request()
06-05 18:24:43.714  1034  1034 I ANDR-PERF-LM: Core: getInstance() 84: LM getInstance
06-05 18:24:43.714  1034  1034 D ANDR-PERF-LM: Feature: lookup() 101: Feature Name = AppClassifier, total featuers = 3, featureFound = 1
06-05 18:24:43.714  1034  1034 D ANDR-PERF-LM: Feature: getData() 112: data.data = 1
06-05 18:24:43.714  1034  1034 I ANDR-PERF-LM: FeedbackAPI: getFeedback() 60: app:com.example.dogglers feature:AppClassifier feedback = 1
06-05 18:24:43.714  1850  1941 D PerfImpl: perfDragBoost: com.example.dogglers, -1, 1
06-05 18:24:43.714  1034  1034 E vendor.qti.hardware.perf@2.2-service: Unknown params
06-05 18:24:44.060  1850  2553 D MIUIInput: [MotionEvent] publisher action=0x1, 5272107, channel '30ccaee com.example.dogglers/com.example.dogglers.MainActivity (server)'
06-05 18:24:44.061  1850  1941 D PerfImpl: perfGetWorkLoadType
06-05 18:24:44.061  1034  1034 E vendor.qti.hardware.perf@2.2-service: Unknown params
06-05 18:24:44.061  1034  1034 I ANDR-PERF-LM: LMPerfGlue: perfmodule_submit_request() 132: perfmodule_submit_request()
06-05 18:24:44.061  1034  1034 I ANDR-PERF-LM: Core: getInstance() 84: LM getInstance
06-05 18:24:44.061  1034  1034 D ANDR-PERF-LM: Feature: lookup() 101: Feature Name = AppClassifier, total featuers = 3, featureFound = 1
06-05 18:24:44.061  1034  1034 D ANDR-PERF-LM: Feature: getData() 112: data.data = 1
06-05 18:24:44.061  1034  1034 I ANDR-PERF-LM: FeedbackAPI: getFeedback() 60: app:com.example.dogglers feature:AppClassifier feedback = 1
06-05 18:24:44.061  1850  1941 D PerfImpl: perfScrollBoost: com.example.dogglers, -1, 4
06-05 18:24:44.061  1034  1034 E vendor.qti.hardware.perf@2.2-service: Unknown params
06-05 18:24:44.062  1034  1034 I ANDR-PERF-LM: LMPerfGlue: perfmodule_submit_request() 132: perfmodule_submit_request()
06-05 18:24:44.062  1034  1034 I ANDR-PERF-LM: Core: getInstance() 84: LM getInstance
06-05 18:24:44.062  1034  1034 I ANDR-PERF-LM: WQ: push() 59: LMTriggerQ push() size=0
06-05 18:24:44.062  1034  1034 I ANDR-PERF-LM: WQ: push() 61: LMTriggerQ push() done size=1
06-05 18:24:44.062  1034  1092 I ANDR-PERF-LM: WQ: pop() 42: LMTriggerQ pop() done size=0
06-05 18:24:44.062  1034  1092 I ANDR-PERF-LM: Core: lmMain() 373: Waiting on trigger Queue
06-05 18:24:44.062  1034  1092 I ANDR-PERF-LM: WQ: pop() 31: LMTriggerQ pop() size=0
06-05 18:24:44.062  1850  1941 D PerfImpl: perfGetWorkLoadType
06-05 18:24:44.062  1034  1034 E vendor.qti.hardware.perf@2.2-service: Unknown params
06-05 18:24:44.062  1034  1034 I ANDR-PERF-LM: LMPerfGlue: perfmodule_submit_request() 132: perfmodule_submit_request()
06-05 18:24:44.062  1034  1034 I ANDR-PERF-LM: Core: getInstance() 84: LM getInstance
06-05 18:24:44.062  1034  1034 D ANDR-PERF-LM: Feature: lookup() 101: Feature Name = AppClassifier, total featuers = 3, featureFound = 1
06-05 18:24:44.062  1034  1034 D ANDR-PERF-LM: Feature: getData() 112: data.data = 1
06-05 18:24:44.062  1034  1034 I ANDR-PERF-LM: FeedbackAPI: getFeedback() 60: app:com.example.dogglers feature:AppClassifier feedback = 1
06-05 18:24:44.062  1850  1941 D PerfImpl: perfLockRelease
06-05 18:24:44.210  1850  2553 D MIUIInput: [MotionEvent] publisher action=0x4, 5272256, channel 'c058ab6 com.miui.securitycenter (server)'
06-05 18:24:44.210  1850  2553 D MIUIInput: [MotionEvent] publisher action=0x0, 5272256, channel '30ccaee com.example.dogglers/com.example.dogglers.MainActivity (server)'
06-05 18:24:44.425  1850  1941 D PerfImpl: perfGetWorkLoadType
06-05 18:24:44.425  1034  1034 E vendor.qti.hardware.perf@2.2-service: Unknown params
06-05 18:24:44.425  1034  1034 I ANDR-PERF-LM: LMPerfGlue: perfmodule_submit_request() 132: perfmodule_submit_request()
06-05 18:24:44.425  1034  1034 I ANDR-PERF-LM: Core: getInstance() 84: LM getInstance
06-05 18:24:44.425  1034  1034 D ANDR-PERF-LM: Feature: lookup() 101: Feature Name = AppClassifier, total featuers = 3, featureFound = 1
06-05 18:24:44.425  1034  1034 D ANDR-PERF-LM: Feature: getData() 112: data.data = 1
06-05 18:24:44.425  1034  1034 I ANDR-PERF-LM: FeedbackAPI: getFeedback() 60: app:com.example.dogglers feature:AppClassifier feedback = 1
06-05 18:24:44.425  1850  1941 D PerfImpl: perfScrollBoost: com.example.dogglers, -1, 4
06-05 18:24:44.426  1034  1034 E vendor.qti.hardware.perf@2.2-service: Unknown params
06-05 18:24:44.426  1034  1034 I ANDR-PERF-LM: LMPerfGlue: perfmodule_submit_request() 132: perfmodule_submit_request()
06-05 18:24:44.426  1034  1034 I ANDR-PERF-LM: Core: getInstance() 84: LM getInstance
06-05 18:24:44.426  1034  1034 I ANDR-PERF-LM: WQ: push() 59: LMTriggerQ push() size=0
06-05 18:24:44.426  1034  1034 I ANDR-PERF-LM: WQ: push() 61: LMTriggerQ push() done size=1
06-05 18:24:44.426  1034  1092 I ANDR-PERF-LM: WQ: pop() 42: LMTriggerQ pop() done size=0
06-05 18:24:44.426  1034  1092 I ANDR-PERF-LM: Core: lmMain() 373: Waiting on trigger Queue
06-05 18:24:44.426  1034  1092 I ANDR-PERF-LM: WQ: pop() 31: LMTriggerQ pop() size=0
06-05 18:24:44.426  1850  1941 D PerfImpl: perfGetWorkLoadType
06-05 18:24:44.426  1034  1034 E vendor.qti.hardware.perf@2.2-service: Unknown params
06-05 18:24:44.426  1034  1034 I ANDR-PERF-LM: LMPerfGlue: perfmodule_submit_request() 132: perfmodule_submit_request()
06-05 18:24:44.426  1034  1034 I ANDR-PERF-LM: Core: getInstance() 84: LM getInstance
06-05 18:24:44.426  1034  1034 D ANDR-PERF-LM: Feature: lookup() 101: Feature Name = AppClassifier, total featuers = 3, featureFound = 1
06-05 18:24:44.426  1034  1034 D ANDR-PERF-LM: Feature: getData() 112: data.data = 1
06-05 18:24:44.426  1034  1034 I ANDR-PERF-LM: FeedbackAPI: getFeedback() 60: app:com.example.dogglers feature:AppClassifier feedback = 1
06-05 18:24:44.426  1850  1941 D PerfImpl: perfDragBoost: com.example.dogglers, -1, 1
06-05 18:24:44.426  1034  1034 E vendor.qti.hardware.perf@2.2-service: Unknown params
06-05 18:24:44.496  1850  2634 I MiuiNetworkPolicy: updateUidState uid = 10099, uidState = 10
06-05 18:24:44.501  1850  2634 I MiuiNetworkPolicy: updateUidState uid = 10109, uidState = 15
06-05 18:24:44.630  1850  2553 D MIUIInput: [MotionEvent] publisher action=0x1, 5272677, channel '30ccaee com.example.dogglers/com.example.dogglers.MainActivity (server)'
06-05 18:24:44.632  1850  1941 D PerfImpl: perfGetWorkLoadType
06-05 18:24:44.632  1034  1034 E vendor.qti.hardware.perf@2.2-service: Unknown params
06-05 18:24:44.633  1034  1034 I ANDR-PERF-LM: LMPerfGlue: perfmodule_submit_request() 132: perfmodule_submit_request()
06-05 18:24:44.633  1034  1034 I ANDR-PERF-LM: Core: getInstance() 84: LM getInstance
06-05 18:24:44.633  1034  1034 D ANDR-PERF-LM: Feature: lookup() 101: Feature Name = AppClassifier, total featuers = 3, featureFound = 1
06-05 18:24:44.633  1034  1034 D ANDR-PERF-LM: Feature: getData() 112: data.data = 1
06-05 18:24:44.633  1034  1034 I ANDR-PERF-LM: FeedbackAPI: getFeedback() 60: app:com.example.dogglers feature:AppClassifier feedback = 1
06-05 18:24:44.634  1850  1941 D PerfImpl: perfScrollBoost: com.example.dogglers, -1, 4
06-05 18:24:44.634  1034  1034 E vendor.qti.hardware.perf@2.2-service: Unknown params
06-05 18:24:44.634  1034  1034 I ANDR-PERF-LM: LMPerfGlue: perfmodule_submit_request() 132: perfmodule_submit_request()
06-05 18:24:44.634  1034  1034 I ANDR-PERF-LM: Core: getInstance() 84: LM getInstance
06-05 18:24:44.634  1034  1034 I ANDR-PERF-LM: WQ: push() 59: LMTriggerQ push() size=0
06-05 18:24:44.635  1034  1034 I ANDR-PERF-LM: WQ: push() 61: LMTriggerQ push() done size=1
06-05 18:24:44.635  1034  1092 I ANDR-PERF-LM: WQ: pop() 42: LMTriggerQ pop() done size=0
06-05 18:24:44.635  1034  1092 I ANDR-PERF-LM: Core: lmMain() 373: Waiting on trigger Queue
06-05 18:24:44.635  1034  1092 I ANDR-PERF-LM: WQ: pop() 31: LMTriggerQ pop() size=0
06-05 18:24:44.635  1850  1941 D PerfImpl: perfGetWorkLoadType
06-05 18:24:44.635  1034  1034 E vendor.qti.hardware.perf@2.2-service: Unknown params
06-05 18:24:44.635  1034  1034 I ANDR-PERF-LM: LMPerfGlue: perfmodule_submit_request() 132: perfmodule_submit_request()
06-05 18:24:44.635  1034  1034 I ANDR-PERF-LM: Core: getInstance() 84: LM getInstance
06-05 18:24:44.635  1034  1034 D ANDR-PERF-LM: Feature: lookup() 101: Feature Name = AppClassifier, total featuers = 3, featureFound = 1
06-05 18:24:44.636  1034  1034 D ANDR-PERF-LM: Feature: getData() 112: data.data = 1
06-05 18:24:44.636  1034  1034 I ANDR-PERF-LM: FeedbackAPI: getFeedback() 60: app:com.example.dogglers feature:AppClassifier feedback = 1
06-05 18:24:44.636  1850  1941 D PerfImpl: perfLockRelease
06-05 18:24:44.645  1850  2625 D MiuiMultiWindowAdapter: getFreeformBlackList: Origin Logic
06-05 18:24:44.645  1850  2625 D MiuiMultiWindowAdapter: MiuiMultiWindowAdapter::getFreeformBlackList::sSmallWindowBlackList = [com.miui.securitycenter, com.miui.miservice, com.xiaomi.calendar, com.android.contacts, com.miui.mishare.connectivity, com.android.settings, com.android.printspooler, com.miui.backup, com.miui.huanji, com.miui.calculator, com.android.thememanager, com.mfashiongallery.emag, com.miui.virtualsim, com.miui.smarttravel, com.mi.health, com.android.camera, com.lbe.security.miui, com.miui.cleanmaster, com.miui.newhome, com.miui.voiceassist, com.android.phone, com.miui.yellowpage, com.android.updater, com.miui.tsmclient, com.miui.securitycore, com.xiaomi.account, com.xiaomi.shop, com.mipay.wallet, com.xiaomi.youpin, com.xiaomi.hm.health, com.miui.bugreport, com.xiaomi.mibrain.speech, com.xiaomi.mimoji, com.xiaomi.scanner, com.duokan.phone.remotecontroller, com.miui.hybrid, com.miui.video, com.miui.videoplayer, com.miui.fm, com.miui.packageinstaller, com.mi.android.globallauncher, com.mi.android.globallauncher-poco, com.google.android.dialer, com.google.android.apps.magazines, com.miui.compass, com.miui.greenguard, com.kiteguard, com.google.android.apps.prodcasts, com.google.ar.lens, com.xiangkan.android, com.android.bankabc, com.sohu.inputmethod.sogou, com.tencent.mtt, com.shyz.toutiao, com.netease.mc.mi, com.outfit7.talkingtomgoldrun.mi, com.doudz.mi, com.wepie.snake.new.mi, cn.jj, com.standddz002.mi, com.miHoYo.bh3.mi, com.qqgame.hlddz, com.happyelements.AndroidAnimal, com.minitech.miniworld.TMobile.mi, com.mfp.jelly.xiaomi, com.lilithgames.afk.mi, com.tencent.peng, com.teenpatti.hd.gold, blockpuzzle.jewelgames.jewelslegend, com.playgendary.tanks, com.chillingo.robberybobfree.android.row, com.episodeinteractive.android.catalog, com.playrix.township, com.ansangha.drdriving, com.google.android.youtube, com.gbits.atm.mi, com.tencent.tetris, com.sukhavati.gotoplaying.bubble.BubbleShooter.mint, com.block.puzzle.game.hippo.mi, com.youzu.bs.mi, com.baidu.BaiduMap, com.google.android.googlequicksearchbox, com.appsomniacs.da2, com.android.stk, com.feiyu.carrot3.mi, com.popcap.pvz2cthdxm, com.mxtech.videoplayer.ad, cn.cisc, com.kiloo.subwaysurf, com.cncyj.mostbrain, pdf.tap.scanner, com.og.ttddz.mi, com.ximalaya.ting.lite, com.google.android.apps.podcasts, com.google.android.apps.googleassistant, com.netease.onmyoji.mi, com.netease.onmyoji.bili, com.netease.mrzh.mi, com.netease.mrzh.bili, com.tencent.tmgp.yys.zqb, com.google.android.gm, com.google.android.calendar, com.android.chrome, com.google.android.apps.youtube.music, com.netease.pes.huawei, com.netease.pes.mi, com.netease.pes.bili, com.flyfish.supermario, com.picsart.studio, com.netease.dwrg.mi, com.netease.dwrg.bili, com.netease.dwrg.nearme.gamecenter, com.netease.dwrg, com.netease.dwrg.huawei, com.tencent.tmgp.dwrg, com.netease.dwrg.m4399, com.netease.dwrg.mz, com.netease.dwrg.aligames, com.netease.dwrg.baidu, com.netease.dwrg.qihoo, com.moji.mjweather, com.tencent.tmgp.kof98, com.netease.onmyoji, com.taobao.idlefish, com.ledou.mhhy.mi, com.hzfy.ddzbs.mi, com.qsmy.walkmonkey, com.fy.bzzbc.mi, com.dw.xprqj.mi]
06-05 18:24:44.650  1850  2625 D PerfImpl: perfColdLaunchBoost: android, -1, 1
06-05 18:24:44.650  1034  1034 E vendor.qti.hardware.perf@2.2-service: Unknown params
06-05 18:24:44.651  1034  1034 I ANDR-PERF-LM: LMPerfGlue: perfmodule_submit_request() 132: perfmodule_submit_request()
06-05 18:24:44.651  1034  1034 I ANDR-PERF-LM: Core: getInstance() 84: LM getInstance
06-05 18:24:44.651  1034  1034 I ANDR-PERF-LM: WQ: push() 59: LMTriggerQ push() size=0
06-05 18:24:44.651  1034  1034 I ANDR-PERF-LM: WQ: push() 61: LMTriggerQ push() done size=1
06-05 18:24:44.651  1034  1092 I ANDR-PERF-LM: WQ: pop() 42: LMTriggerQ pop() done size=0
06-05 18:24:44.651  1034  1092 I ANDR-PERF-LM: Core: lmMain() 381: Calling runAsync for AdaptLaunch
06-05 18:24:44.651  1034  1092 I ANDR-PERF-LM: Core: lmMain() 391: runAsync for AdaptLaunch returned
06-05 18:24:44.651  1034  1092 I ANDR-PERF-LM: Core: lmMain() 373: Waiting on trigger Queue
06-05 18:24:44.651  1034  1092 I ANDR-PERF-LM: WQ: pop() 31: LMTriggerQ pop() size=0
06-05 18:24:44.651  1034  1091 E ANDR-PERF-OPTSHANDLER: Min bounds check failed
06-05 18:24:44.651  1034  1091 E ANDR-PERF-OPTSHANDLER: Error! Perflock failed, invalid request value 255
06-05 18:24:44.651  1034  1091 E ANDR-PERF-RESOURCEQS: Failed to apply optimization [6, 6]
06-05 18:24:44.654  1113  1113 D CompositionEngine: writeOutputDependentGeometryStateToHWC layer[com.example.dogglers/com.example.dogglers.MainActivity#0] set Z 134217728 miFodLayer 0x8000000
06-05 18:24:44.654  1113  1113 D CompositionEngine: writeOutputDependentGeometryStateToHWC layer[com.miui.securitycenter/.FloatingWindow#0] set Z 134217729 miFodLayer 0x8000000
06-05 18:24:44.654  1113  1113 D CompositionEngine: writeOutputDependentGeometryStateToHWC layer[StatusBar#0] set Z 134217730 miFodLayer 0x8000000
06-05 18:24:44.654  1113  1113 D CompositionEngine: writeOutputDependentGeometryStateToHWC layer[RoundCornerTop#0] set Z 134217731 miFodLayer 0x8000000
06-05 18:24:44.654  1113  1113 D CompositionEngine: writeOutputDependentGeometryStateToHWC layer[RoundCornerBottom#0] set Z 134217732 miFodLayer 0x8000000
06-05 18:24:44.656  1850  2625 D PerfImpl: perfWarmLaunchBoost: com.example.dogglers, -1, 2
06-05 18:24:44.657  1034  1034 E vendor.qti.hardware.perf@2.2-service: Unknown params
06-05 18:24:44.657  1034  1091 E ANDR-PERF-OPTSHANDLER: Min bounds check failed
06-05 18:24:44.657  1034  1091 E ANDR-PERF-OPTSHANDLER: Error! Perflock failed, invalid request value 255
06-05 18:24:44.657  1034  1091 E ANDR-PERF-RESOURCEQS: Failed to apply optimization [6, 6]
06-05 18:24:44.663  6986  6986 D LifecycleMonitor: Lifecycle status change: com.example.dogglers.MainActivity@238125c in: PAUSED
06-05 18:24:44.663  6986  6986 V ActivityScenario: Update currentActivityStage to PAUSED, currentActivity=com.example.dogglers.MainActivity@238125c
06-05 18:24:44.663  6986  6986 V ActivityScenario: Update currentActivityStage to PAUSED, currentActivity=com.example.dogglers.MainActivity@238125c
06-05 18:24:44.664  6986  6986 V ActivityScenario: Update currentActivityStage to PAUSED, currentActivity=com.example.dogglers.MainActivity@238125c
06-05 18:24:44.664  6986  6986 V ActivityScenario: Update currentActivityStage to PAUSED, currentActivity=com.example.dogglers.MainActivity@238125c
06-05 18:24:44.664  6986  6986 V ActivityScenario: Update currentActivityStage to PAUSED, currentActivity=com.example.dogglers.MainActivity@238125c
