06-05 18:29:05.854  1582 11428 I OMX-VDEC-1080P: set_frame_rate: the current time is 182905
06-05 18:29:05.854  1582 11428 I OMX-VDEC-1080P: set_frame_rate: the current time is 182905
06-05 18:29:05.854  1582 11428 I OMX-VDEC-1080P: set_frame_rate: the current time is 182905
06-05 18:29:05.904  1582 11428 I OMX-VDEC-1080P: set_frame_rate: the current time is 182905
06-05 18:29:05.919  1582 11428 I OMX-VDEC-1080P: set_frame_rate: the current time is 182905
06-05 18:29:05.938  1582 11428 I OMX-VDEC-1080P: set_frame_rate: the current time is 182905
06-05 18:29:05.953  1582 11428 I OMX-VDEC-1080P: set_frame_rate: the current time is 182905
06-05 18:29:05.970  1582 11428 I OMX-VDEC-1080P: set_frame_rate: the current time is 182905
06-05 18:29:05.986  1582 11428 I OMX-VDEC-1080P: set_frame_rate: the current time is 182905
06-05 18:29:06.005  1582 11428 I OMX-VDEC-1080P: set_frame_rate: the current time is 182906
06-05 18:29:06.021  1582 11428 I OMX-VDEC-1080P: set_frame_rate: the current time is 182906
06-05 18:29:06.036  1582 11428 I OMX-VDEC-1080P: set_frame_rate: the current time is 182906
06-05 18:29:06.054  1582 11428 I OMX-VDEC-1080P: set_frame_rate: the current time is 182906
06-05 18:29:06.071  1582 11428 I OMX-VDEC-1080P: set_frame_rate: the current time is 182906
06-05 18:29:06.086  1582 11428 I OMX-VDEC-1080P: set_frame_rate: the current time is 182906
06-05 18:29:06.104  1582 11428 I OMX-VDEC-1080P: set_frame_rate: the current time is 182906
06-05 18:29:06.120  1582 11428 I OMX-VDEC-1080P: set_frame_rate: the current time is 182906
06-05 18:29:06.137  1582 11428 I OMX-VDEC-1080P: set_frame_rate: the current time is 182906
06-05 18:29:06.153  1582 11428 I OMX-VDEC-1080P: set_frame_rate: the current time is 182906
06-05 18:29:06.171  1582 11428 I OMX-VDEC-1080P: set_frame_rate: the current time is 182906
06-05 18:29:06.187  1582 11428 I OMX-VDEC-1080P: set_frame_rate: the current time is 182906
06-05 18:29:06.204  1582 11428 I OMX-VDEC-1080P: set_frame_rate: the current time is 182906
06-05 18:29:06.221  1582 11428 I OMX-VDEC-1080P: set_frame_rate: the current time is 182906
06-05 18:29:06.237  1582 11428 I OMX-VDEC-1080P: set_frame_rate: the current time is 182906
06-05 18:29:06.255  1582 11428 I OMX-VDEC-1080P: set_frame_rate: the current time is 182906
06-05 18:29:06.271  1582 11428 I OMX-VDEC-1080P: set_frame_rate: the current time is 182906
06-05 18:29:06.287  1582 11428 I OMX-VDEC-1080P: set_frame_rate: the current time is 182906
06-05 18:29:06.304  1582 11428 I OMX-VDEC-1080P: set_frame_rate: the current time is 182906
06-05 18:29:06.320  1582 11428 I OMX-VDEC-1080P: set_frame_rate: the current time is 182906
06-05 18:29:06.338  1582 11428 I OMX-VDEC-1080P: set_frame_rate: the current time is 182906
06-05 18:29:06.354  1582 11428 I OMX-VDEC-1080P: set_frame_rate: the current time is 182906
06-05 18:29:06.370  1582 11428 I OMX-VDEC-1080P: set_frame_rate: the current time is 182906
06-05 18:29:06.387  1582 11428 I OMX-VDEC-1080P: set_frame_rate: the current time is 182906
06-05 18:29:06.403  1582 11428 I OMX-VDEC-1080P: set_frame_rate: the current time is 182906
06-05 18:29:06.420  1582 11428 I OMX-VDEC-1080P: set_frame_rate: the current time is 182906
06-05 18:29:06.436  1582 11428 I OMX-VDEC-1080P: set_frame_rate: the current time is 182906
06-05 18:29:06.456  1582 11428 I OMX-VDEC-1080P: set_frame_rate: the current time is 182906
06-05 18:29:06.469  1582 11428 I OMX-VDEC-1080P: set_frame_rate: the current time is 182906
06-05 18:29:06.486  1582 11428 I OMX-VDEC-1080P: set_frame_rate: the current time is 182906
06-05 18:29:06.503  1582 11428 I OMX-VDEC-1080P: set_frame_rate: the current time is 182906
06-05 18:29:06.520  1582 11428 I OMX-VDEC-1080P: set_frame_rate: the current time is 182906
06-05 18:29:06.538  1582 11428 I OMX-VDEC-1080P: set_frame_rate: the current time is 182906
06-05 18:29:06.554  1582 11428 I OMX-VDEC-1080P: set_frame_rate: the current time is 182906
06-05 18:29:06.570  1582 11428 I OMX-VDEC-1080P: set_frame_rate: the current time is 182906
06-05 18:29:06.586  1582 11428 I OMX-VDEC-1080P: set_frame_rate: the current time is 182906
06-05 18:29:06.603  1582 11428 I OMX-VDEC-1080P: set_frame_rate: the current time is 182906
06-05 18:29:06.621  1582 11428 I OMX-VDEC-1080P: set_frame_rate: the current time is 182906
06-05 18:29:06.636  1582 11428 I OMX-VDEC-1080P: set_frame_rate: the current time is 182906
06-05 18:29:06.654  1582 11428 I OMX-VDEC-1080P: set_frame_rate: the current time is 182906
06-05 18:29:06.670  1582 11428 I OMX-VDEC-1080P: set_frame_rate: the current time is 182906
06-05 18:29:06.688  1582 11428 I OMX-VDEC-1080P: set_frame_rate: the current time is 182906
06-05 18:29:06.703  1582 11428 I OMX-VDEC-1080P: set_frame_rate: the current time is 182906
06-05 18:29:06.721  1582 11428 I OMX-VDEC-1080P: set_frame_rate: the current time is 182906
06-05 18:29:06.737  1582 11428 I OMX-VDEC-1080P: set_frame_rate: the current time is 182906
06-05 18:29:06.753  1582 11428 I OMX-VDEC-1080P: set_frame_rate: the current time is 182906
06-05 18:29:06.770  1582 11428 I OMX-VDEC-1080P: set_frame_rate: the current time is 182906
06-05 18:29:06.787  1582 11428 I OMX-VDEC-1080P: set_frame_rate: the current time is 182906
06-05 18:29:06.805  1582 11428 I OMX-VDEC-1080P: set_frame_rate: the current time is 182906
06-05 18:29:06.820  1582 11428 I OMX-VDEC-1080P: set_frame_rate: the current time is 182906
06-05 18:29:06.837  1582 11428 I OMX-VDEC-1080P: set_frame_rate: the current time is 182906
06-05 18:29:06.854  1582 11428 I OMX-VDEC-1080P: set_frame_rate: the current time is 182906
06-05 18:29:06.870  1582 11428 I OMX-VDEC-1080P: set_frame_rate: the current time is 182906
06-05 18:29:06.886  1582 11428 I OMX-VDEC-1080P: set_frame_rate: the current time is 182906
06-05 18:29:06.904  1582 11428 I OMX-VDEC-1080P: set_frame_rate: the current time is 182906
06-05 18:29:06.920  1582 11428 I OMX-VDEC-1080P: set_frame_rate: the current time is 182906
06-05 18:29:06.936  1582 11428 I OMX-VDEC-1080P: set_frame_rate: the current time is 182906
06-05 18:29:06.955  1582 11428 I OMX-VDEC-1080P: set_frame_rate: the current time is 182906
06-05 18:29:06.971  1582 11428 I OMX-VDEC-1080P: set_frame_rate: the current time is 182906
06-05 18:29:06.990  1582 11428 I OMX-VDEC-1080P: set_frame_rate: the current time is 182906
06-05 18:29:07.005  1582 11428 I OMX-VDEC-1080P: set_frame_rate: the current time is 182907
06-05 18:29:07.014  2999  3462 D MI_RIL_OEM_HOOK: onPkHookCommonMsg, msg_id = 65
06-05 18:29:07.014  2999  3462 D MI_RIL_OEM_HOOK: onGetHookMsgBytes, HOOK_HEAD_SIZE = 16, msg_len = 4
06-05 18:29:07.014  2999  3462 D MI_RIL_OEM_HOOK: onHookSendSync, phoneId = 0
06-05 18:29:07.014  2930  2930 D QcrilMsgTunnelIfaceManager: handleMessage what = 1
06-05 18:29:07.015  2930  2930 I QcrilOemhookMsgTunnel: [0]invokeOemRilRequestRaw: serial=2125 length=36
06-05 18:29:07.020  1582 11428 I OMX-VDEC-1080P: set_frame_rate: the current time is 182907
06-05 18:29:07.037  1582 11428 I OMX-VDEC-1080P: set_frame_rate: the current time is 182907
06-05 18:29:07.054  1582 11428 I OMX-VDEC-1080P: set_frame_rate: the current time is 182907
06-05 18:29:07.057  1793  2006 D XIAOMI_QCRIL: RIL[lib][xiaomi_extend_nvefs.c:52] xiaomi_qmi_result_map: xiaomi_qmi_result_map, old_result 0, new_result 0
06-05 18:29:07.058  2930  3267 I QcrilOemhookMsgTunnel: [0]processOemHookResponse serial no: 2125 error: 0length=16
06-05 18:29:07.058  2930  2930 D QcrilMsgTunnelIfaceManager: handleMessage what = 2
06-05 18:29:07.061  2999  3462 D QC_RIL_OEM_HOOK: sendOemRilRequestRaw returns value = 16
06-05 18:29:07.061  2999  3462 D ModemSarController_8250: type = 65, len = 4, value = 0
06-05 18:29:07.070  1582 11428 I OMX-VDEC-1080P: set_frame_rate: the current time is 182907
06-05 18:29:07.087  1582 11428 I OMX-VDEC-1080P: set_frame_rate: the current time is 182907
06-05 18:29:07.104  1582 11428 I OMX-VDEC-1080P: set_frame_rate: the current time is 182907
06-05 18:29:07.120  1582 11428 I OMX-VDEC-1080P: set_frame_rate: the current time is 182907
06-05 18:29:07.139  1582 11428 I OMX-VDEC-1080P: set_frame_rate: the current time is 182907
06-05 18:29:07.154  1582 11428 I OMX-VDEC-1080P: set_frame_rate: the current time is 182907
06-05 18:29:07.170  1582 11428 I OMX-VDEC-1080P: set_frame_rate: the current time is 182907
06-05 18:29:07.186  1582 11428 I OMX-VDEC-1080P: set_frame_rate: the current time is 182907
06-05 18:29:07.204  1582 11428 I OMX-VDEC-1080P: set_frame_rate: the current time is 182907
06-05 18:29:07.221  1582 11428 I OMX-VDEC-1080P: set_frame_rate: the current time is 182907
06-05 18:29:07.236  1582 11428 I OMX-VDEC-1080P: set_frame_rate: the current time is 182907
06-05 18:29:07.254  1582 11428 I OMX-VDEC-1080P: set_frame_rate: the current time is 182907
06-05 18:29:07.270  1582 11428 I OMX-VDEC-1080P: set_frame_rate: the current time is 182907
06-05 18:29:07.286  1582 11428 I OMX-VDEC-1080P: set_frame_rate: the current time is 182907
06-05 18:29:07.303  1582 11428 I OMX-VDEC-1080P: set_frame_rate: the current time is 182907
06-05 18:29:07.319  1582 11428 I OMX-VDEC-1080P: set_frame_rate: the current time is 182907
06-05 18:29:07.337  1582 11428 I OMX-VDEC-1080P: set_frame_rate: the current time is 182907
06-05 18:29:07.353  1582 11428 I OMX-VDEC-1080P: set_frame_rate: the current time is 182907
06-05 18:29:07.370  1582 11428 I OMX-VDEC-1080P: set_frame_rate: the current time is 182907
06-05 18:29:07.387  1582 11428 I OMX-VDEC-1080P: set_frame_rate: the current time is 182907
06-05 18:29:07.404  1582 11428 I OMX-VDEC-1080P: set_frame_rate: the current time is 182907
06-05 18:29:07.419  1582 11428 I OMX-VDEC-1080P: set_frame_rate: the current time is 182907
06-05 18:29:07.437  1582 11428 I OMX-VDEC-1080P: set_frame_rate: the current time is 182907
06-05 18:29:07.453  1582 11428 I OMX-VDEC-1080P: set_frame_rate: the current time is 182907
06-05 18:29:07.469  1582 11428 I OMX-VDEC-1080P: set_frame_rate: the current time is 182907
06-05 18:29:07.488  1582 11428 I OMX-VDEC-1080P: set_frame_rate: the current time is 182907
06-05 18:29:07.504  1582 11428 I OMX-VDEC-1080P: set_frame_rate: the current time is 182907
06-05 18:29:07.519  1582 11428 I OMX-VDEC-1080P: set_frame_rate: the current time is 182907
06-05 18:29:07.538  1582 11428 I OMX-VDEC-1080P: set_frame_rate: the current time is 182907
06-05 18:29:07.554  1582 11428 I OMX-VDEC-1080P: set_frame_rate: the current time is 182907
06-05 18:29:07.568  1582 11428 I OMX-VDEC-1080P: set_frame_rate: the current time is 182907
06-05 18:29:07.586  1582 11428 I OMX-VDEC-1080P: set_frame_rate: the current time is 182907
06-05 18:29:07.603  1582 11428 I OMX-VDEC-1080P: set_frame_rate: the current time is 182907
06-05 18:29:07.620  1582 11428 I OMX-VDEC-1080P: set_frame_rate: the current time is 182907
06-05 18:29:07.636  1582 11428 I OMX-VDEC-1080P: set_frame_rate: the current time is 182907
06-05 18:29:07.653  1582 11428 I OMX-VDEC-1080P: set_frame_rate: the current time is 182907
06-05 18:29:07.669  1582 11428 I OMX-VDEC-1080P: set_frame_rate: the current time is 182907
06-05 18:29:07.686  1582 11428 I OMX-VDEC-1080P: set_frame_rate: the current time is 182907
06-05 18:29:07.703  1582 11428 I OMX-VDEC-1080P: set_frame_rate: the current time is 182907
06-05 18:29:07.719  1582 11428 I OMX-VDEC-1080P: set_frame_rate: the current time is 182907
06-05 18:29:07.737  1582 11428 I OMX-VDEC-1080P: set_frame_rate: the current time is 182907
06-05 18:29:07.753  1582 11428 I OMX-VDEC-1080P: set_frame_rate: the current time is 182907
06-05 18:29:07.769  1582 11428 I OMX-VDEC-1080P: set_frame_rate: the current time is 182907
06-05 18:29:07.788  1582 11428 I OMX-VDEC-1080P: set_frame_rate: the current time is 182907
06-05 18:29:07.804  1582 11428 I OMX-VDEC-1080P: set_frame_rate: the current time is 182907
06-05 18:29:07.820  1582 11428 I OMX-VDEC-1080P: set_frame_rate: the current time is 182907
06-05 18:29:07.836  1582 11428 I OMX-VDEC-1080P: set_frame_rate: the current time is 182907
06-05 18:29:07.848  7058  8447 E msgr.msys: E[N mccw.liger]onEOF(524)=>read/eof
06-05 18:29:07.849  7058  7555 E msgr.msys: E[N WA]_WCCXMPPStreamDisconnectHandler(168)=>xmpp/disconnect: Error Domain=MCCWLigerStream Code=4
06-05 18:29:07.856  1582 11428 I OMX-VDEC-1080P: set_frame_rate: the current time is 182907
06-05 18:29:07.870  1582 11428 I OMX-VDEC-1080P: set_frame_rate: the current time is 182907
06-05 18:29:07.887  1582 11428 I OMX-VDEC-1080P: set_frame_rate: the current time is 182907
06-05 18:29:07.904  1582 11428 I OMX-VDEC-1080P: set_frame_rate: the current time is 182907
06-05 18:29:07.920  1582 11428 I OMX-VDEC-1080P: set_frame_rate: the current time is 182907
06-05 18:29:07.937  1582 11428 I OMX-VDEC-1080P: set_frame_rate: the current time is 182907
06-05 18:29:07.954  1582 11428 I OMX-VDEC-1080P: set_frame_rate: the current time is 182907
06-05 18:29:07.969  1582 11428 I OMX-VDEC-1080P: set_frame_rate: the current time is 182907
06-05 18:29:07.986  1850  2634 I MiuiNetworkPolicy: updateUidState uid = 1002, uidState = 10
06-05 18:29:07.989  1582 11428 I OMX-VDEC-1080P: set_frame_rate: the current time is 182907
06-05 18:29:07.989  1582 11428 I OMX-VDEC-1080P: set_frame_rate: the current time is 182907
06-05 18:29:07.989  1582 11428 I OMX-VDEC-1080P: set_frame_rate: the current time is 182907
06-05 18:29:07.998  1850  2634 I MiuiNetworkPolicy: updateUidState uid = 10146, uidState = 19
06-05 18:29:08.037  1582 11428 I OMX-VDEC-1080P: set_frame_rate: the current time is 182908
06-05 18:29:08.054  1582 11428 I OMX-VDEC-1080P: set_frame_rate: the current time is 182908
06-05 18:29:08.070  1582 11428 I OMX-VDEC-1080P: set_frame_rate: the current time is 182908
06-05 18:29:08.087  1582 11428 I OMX-VDEC-1080P: set_frame_rate: the current time is 182908
06-05 18:29:08.103  1582 11428 I OMX-VDEC-1080P: set_frame_rate: the current time is 182908
06-05 18:29:08.119  1582 11428 I OMX-VDEC-1080P: set_frame_rate: the current time is 182908
06-05 18:29:08.137  1582 11428 I OMX-VDEC-1080P: set_frame_rate: the current time is 182908
06-05 18:29:08.153  1582 11428 I OMX-VDEC-1080P: set_frame_rate: the current time is 182908
06-05 18:29:08.170  1582 11428 I OMX-VDEC-1080P: set_frame_rate: the current time is 182908
06-05 18:29:08.192  1582 11428 I OMX-VDEC-1080P: set_frame_rate: the current time is 182908
06-05 18:29:08.203  1582 11428 I OMX-VDEC-1080P: set_frame_rate: the current time is 182908
06-05 18:29:08.220  1582 11428 I OMX-VDEC-1080P: set_frame_rate: the current time is 182908
06-05 18:29:08.237  1582 11428 I OMX-VDEC-1080P: set_frame_rate: the current time is 182908
06-05 18:29:08.254  1582 11428 I OMX-VDEC-1080P: set_frame_rate: the current time is 182908
06-05 18:29:08.269  1582 11428 I OMX-VDEC-1080P: set_frame_rate: the current time is 182908
06-05 18:29:08.287  1582 11428 I OMX-VDEC-1080P: set_frame_rate: the current time is 182908
06-05 18:29:08.304  1582 11428 I OMX-VDEC-1080P: set_frame_rate: the current time is 182908
06-05 18:29:08.320  1582 11428 I OMX-VDEC-1080P: set_frame_rate: the current time is 182908
06-05 18:29:08.336  1582 11428 I OMX-VDEC-1080P: set_frame_rate: the current time is 182908
06-05 18:29:08.354  1582 11428 I OMX-VDEC-1080P: set_frame_rate: the current time is 182908
06-05 18:29:08.370  1582 11428 I OMX-VDEC-1080P: set_frame_rate: the current time is 182908
06-05 18:29:08.387  1582 11428 I OMX-VDEC-1080P: set_frame_rate: the current time is 182908
06-05 18:29:08.404  1582 11428 I OMX-VDEC-1080P: set_frame_rate: the current time is 182908
06-05 18:29:08.422  1582 11428 I OMX-VDEC-1080P: set_frame_rate: the current time is 182908
06-05 18:29:08.436  1582 11428 I OMX-VDEC-1080P: set_frame_rate: the current time is 182908
06-05 18:29:08.454  1582 11428 I OMX-VDEC-1080P: set_frame_rate: the current time is 182908
06-05 18:29:08.469  1582 11428 I OMX-VDEC-1080P: set_frame_rate: the current time is 182908
06-05 18:29:08.486  1582 11428 I OMX-VDEC-1080P: set_frame_rate: the current time is 182908
06-05 18:29:08.503  1582 11428 I OMX-VDEC-1080P: set_frame_rate: the current time is 182908
06-05 18:29:08.519  1582 11428 I OMX-VDEC-1080P: set_frame_rate: the current time is 182908
06-05 18:29:08.537  1582 11428 I OMX-VDEC-1080P: set_frame_rate: the current time is 182908
06-05 18:29:08.554  1582 11428 I OMX-VDEC-1080P: set_frame_rate: the current time is 182908
06-05 18:29:08.569  1582 11428 I OMX-VDEC-1080P: set_frame_rate: the current time is 182908
06-05 18:29:08.587  1582 11428 I OMX-VDEC-1080P: set_frame_rate: the current time is 182908
06-05 18:29:08.604  1582 11428 I OMX-VDEC-1080P: set_frame_rate: the current time is 182908
06-05 18:29:08.620  1582 11428 I OMX-VDEC-1080P: set_frame_rate: the current time is 182908
06-05 18:29:08.636  1582 11428 I OMX-VDEC-1080P: set_frame_rate: the current time is 182908
06-05 18:29:08.653  1582 11428 I OMX-VDEC-1080P: set_frame_rate: the current time is 182908
06-05 18:29:08.669  1582 11428 I OMX-VDEC-1080P: set_frame_rate: the current time is 182908
06-05 18:29:08.687  1582 11428 I OMX-VDEC-1080P: set_frame_rate: the current time is 182908
06-05 18:29:08.705  1582 11428 I OMX-VDEC-1080P: set_frame_rate: the current time is 182908
06-05 18:29:08.713  1850  2634 I MiuiNetworkPolicy: updateUidState uid = 10137, uidState = 19
06-05 18:29:08.719  1582 11428 I OMX-VDEC-1080P: set_frame_rate: the current time is 182908
06-05 18:29:08.737  1582 11428 I OMX-VDEC-1080P: set_frame_rate: the current time is 182908
06-05 18:29:08.754  1582 11428 I OMX-VDEC-1080P: set_frame_rate: the current time is 182908
06-05 18:29:08.770  1582 11428 I OMX-VDEC-1080P: set_frame_rate: the current time is 182908
06-05 18:29:08.787  1582 11428 I OMX-VDEC-1080P: set_frame_rate: the current time is 182908
06-05 18:29:08.805  1582 11428 I OMX-VDEC-1080P: set_frame_rate: the current time is 182908
06-05 18:29:08.821  1582 11428 I OMX-VDEC-1080P: set_frame_rate: the current time is 182908
06-05 18:29:08.836  1582 11428 I OMX-VDEC-1080P: set_frame_rate: the current time is 182908
06-05 18:29:08.854  1582 11428 I OMX-VDEC-1080P: set_frame_rate: the current time is 182908
06-05 18:29:08.869  1582 11428 I OMX-VDEC-1080P: set_frame_rate: the current time is 182908
06-05 18:29:08.888  1582 11428 I OMX-VDEC-1080P: set_frame_rate: the current time is 182908
06-05 18:29:08.904  1582 11428 I OMX-VDEC-1080P: set_frame_rate: the current time is 182908
06-05 18:29:08.921  1582 11428 I OMX-VDEC-1080P: set_frame_rate: the current time is 182908
06-05 18:29:08.939  1582 11428 I OMX-VDEC-1080P: set_frame_rate: the current time is 182908
06-05 18:29:08.954  1582 11428 I OMX-VDEC-1080P: set_frame_rate: the current time is 182908
06-05 18:29:08.971  1582 11428 I OMX-VDEC-1080P: set_frame_rate: the current time is 182908
06-05 18:29:08.991  1582 11428 I OMX-VDEC-1080P: set_frame_rate: the current time is 182908
06-05 18:29:09.004  1582 11428 I OMX-VDEC-1080P: set_frame_rate: the current time is 182909
06-05 18:29:09.020  7552  7931 D ThermalIECHandler: storeDataStyle: thermal_iec_monitor_persistence_data_style_iec_state; startIECTime: -1; IECScreenOffOverPeriodTime: -1
06-05 18:29:09.022  2999  2999 D DynamicService:  ACTION_BATTERY_CHANGED change,USB plug = 2
06-05 18:29:09.023  6316  6316 I BatteryInfoReceiver: ACTION_BATTERY_CHANGED
06-05 18:29:09.023  2992  2992 V DeviceStatisticsService: chargerType=2 batteryLevel=56 totalBatteryCapacity=4256700
06-05 18:29:09.023  2992  2992 D DeviceInfoHidlClient: isRadioOn()=true
06-05 18:29:09.023  2992  2992 I DeviceInfoHidlClient: isPowerInfoNeverSent=false batteryLevel=56 batteryLevelIndex=2 chargingMode=2 totalCapacity=4256700 powerSaveMode=false
06-05 18:29:09.025  1582 11428 I OMX-VDEC-1080P: set_frame_rate: the current time is 182909
06-05 18:29:09.027  7552  7645 D PowerKeeper.Thermal: mBatteryTemperature: 40
06-05 18:29:09.027  7552  7857 D PowerCheckerService: onBatteryChanged, mBatteryLevel = 56, status = 2, level = 56, plug = 2, scale = 100
06-05 18:29:09.036  1582 11428 I OMX-VDEC-1080P: set_frame_rate: the current time is 182909
06-05 18:29:09.053  1582 11428 I OMX-VDEC-1080P: set_frame_rate: the current time is 182909
06-05 18:29:09.061  1850  2634 I MiuiNetworkPolicy: updateUidState uid = 10121, uidState = 19
06-05 18:29:09.070  1582 11428 I OMX-VDEC-1080P: set_frame_rate: the current time is 182909
06-05 18:29:09.088  1582 11428 I OMX-VDEC-1080P: set_frame_rate: the current time is 182909
06-05 18:29:09.103  1582 11428 I OMX-VDEC-1080P: set_frame_rate: the current time is 182909
06-05 18:29:09.120  1582 11428 I OMX-VDEC-1080P: set_frame_rate: the current time is 182909
06-05 18:29:09.138  1582 11428 I OMX-VDEC-1080P: set_frame_rate: the current time is 182909
06-05 18:29:09.154  1582 11428 I OMX-VDEC-1080P: set_frame_rate: the current time is 182909
06-05 18:29:09.170  1582 11428 I OMX-VDEC-1080P: set_frame_rate: the current time is 182909
06-05 18:29:09.187  1582 11428 I OMX-VDEC-1080P: set_frame_rate: the current time is 182909
06-05 18:29:09.205  1582 11428 I OMX-VDEC-1080P: set_frame_rate: the current time is 182909
06-05 18:29:09.219  1582 11428 I OMX-VDEC-1080P: set_frame_rate: the current time is 182909
06-05 18:29:09.238  1582 11428 I OMX-VDEC-1080P: set_frame_rate: the current time is 182909
06-05 18:29:09.254  1582 11428 I OMX-VDEC-1080P: set_frame_rate: the current time is 182909
06-05 18:29:09.270  1582 11428 I OMX-VDEC-1080P: set_frame_rate: the current time is 182909
06-05 18:29:09.287  1582 11428 I OMX-VDEC-1080P: set_frame_rate: the current time is 182909
06-05 18:29:09.304  1582 11428 I OMX-VDEC-1080P: set_frame_rate: the current time is 182909
06-05 18:29:09.320  1582 11428 I OMX-VDEC-1080P: set_frame_rate: the current time is 182909
06-05 18:29:09.338  1582 11428 I OMX-VDEC-1080P: set_frame_rate: the current time is 182909
06-05 18:29:09.354  1582 11428 I OMX-VDEC-1080P: set_frame_rate: the current time is 182909
06-05 18:29:09.370  1582 11428 I OMX-VDEC-1080P: set_frame_rate: the current time is 182909
06-05 18:29:09.387  1582 11428 I OMX-VDEC-1080P: set_frame_rate: the current time is 182909
06-05 18:29:09.404  1582 11428 I OMX-VDEC-1080P: set_frame_rate: the current time is 182909
06-05 18:29:09.411  1850  2553 D MIUIInput: [MotionEvent] publisher action=0x4, 5537458, channel 'c058ab6 com.miui.securitycenter (server)'
06-05 18:29:09.411  7693  7693 I GameBoxTouchListener: onTouch: 	mAdded=false	isLeftShowtrue
06-05 18:29:09.411  1850  2553 D MIUIInput: [MotionEvent] publisher action=0x0, 5537458, channel 'f66205e com.ss.android.ugc.trill/com.ss.android.ugc.aweme.splash.SplashActivity (server)'
06-05 18:29:09.420  1582 11428 I OMX-VDEC-1080P: set_frame_rate: the current time is 182909
06-05 18:29:09.437  1582 11428 I OMX-VDEC-1080P: set_frame_rate: the current time is 182909
06-05 18:29:09.453  1582 11428 I OMX-VDEC-1080P: set_frame_rate: the current time is 182909
06-05 18:29:09.459  1850  2553 D MIUIInput: [MotionEvent] publisher action=0x1, 5537506, channel 'f66205e com.ss.android.ugc.trill/com.ss.android.ugc.aweme.splash.SplashActivity (server)'
06-05 18:29:09.470  1582 11428 I OMX-VDEC-1080P: set_frame_rate: the current time is 182909
06-05 18:29:09.483 18541 18541 D DecorView[]: getWindowModeFromSystem  windowmode is 1
06-05 18:29:09.486  1582 11428 I OMX-VDEC-1080P: set_frame_rate: the current time is 182909
06-05 18:29:09.503  1582 11428 I OMX-VDEC-1080P: set_frame_rate: the current time is 182909
06-05 18:29:09.520  1582 11428 I OMX-VDEC-1080P: set_frame_rate: the current time is 182909
06-05 18:29:09.536  1582 11428 I OMX-VDEC-1080P: set_frame_rate: the current time is 182909
06-05 18:29:09.554  1582 11428 I OMX-VDEC-1080P: set_frame_rate: the current time is 182909
06-05 18:29:09.569  1582 11428 I OMX-VDEC-1080P: set_frame_rate: the current time is 182909
06-05 18:29:09.587  1582 11428 I OMX-VDEC-1080P: set_frame_rate: the current time is 182909
06-05 18:29:09.604  1582 11428 I OMX-VDEC-1080P: set_frame_rate: the current time is 182909
06-05 18:29:09.622  1582 11428 I OMX-VDEC-1080P: set_frame_rate: the current time is 182909
06-05 18:29:09.637  1582 11428 I OMX-VDEC-1080P: set_frame_rate: the current time is 182909
06-05 18:29:09.654  1582 11428 I OMX-VDEC-1080P: set_frame_rate: the current time is 182909
06-05 18:29:09.669  1582 11428 I OMX-VDEC-1080P: set_frame_rate: the current time is 182909
06-05 18:29:09.687  1582 11428 I OMX-VDEC-1080P: set_frame_rate: the current time is 182909
06-05 18:29:09.701  1850  2553 D MIUIInput: [MotionEvent] publisher action=0x4, 5537748, channel 'c058ab6 com.miui.securitycenter (server)'
06-05 18:29:09.701  1850  2553 D MIUIInput: [MotionEvent] publisher action=0x0, 5537748, channel 'f66205e com.ss.android.ugc.trill/com.ss.android.ugc.aweme.splash.SplashActivity (server)'
06-05 18:29:09.702  7693  7693 I GameBoxTouchListener: onTouch: 	mAdded=false	isLeftShowtrue
06-05 18:29:09.706  1582 11428 I OMX-VDEC-1080P: set_frame_rate: the current time is 182909
06-05 18:29:09.719  1582 11428 I OMX-VDEC-1080P: set_frame_rate: the current time is 182909
06-05 18:29:09.736  1582 11428 I OMX-VDEC-1080P: set_frame_rate: the current time is 182909
06-05 18:29:09.746  1850  1941 D PerfImpl: perfGetWorkLoadType
06-05 18:29:09.747  1034  1034 E vendor.qti.hardware.perf@2.2-service: Unknown params
06-05 18:29:09.747  1034  1034 I ANDR-PERF-LM: LMPerfGlue: perfmodule_submit_request() 132: perfmodule_submit_request()
06-05 18:29:09.747  1034  1034 I ANDR-PERF-LM: Core: getInstance() 84: LM getInstance
06-05 18:29:09.747  1034  1034 D ANDR-PERF-LM: Feature: lookup() 101: Feature Name = AppClassifier, total featuers = 3, featureFound = 1
06-05 18:29:09.748  1034  1034 D ANDR-PERF-LM: Feature: getData() 112: data.data = 1
06-05 18:29:09.748  1034  1034 I ANDR-PERF-LM: FeedbackAPI: getFeedback() 60: app:com.ss.android.ugc.trill feature:AppClassifier feedback = 1
06-05 18:29:09.748  1850  1941 D PerfImpl: perfScrollBoost: com.ss.android.ugc.trill, -1, 4
06-05 18:29:09.748  1034  1034 E vendor.qti.hardware.perf@2.2-service: Unknown params
06-05 18:29:09.749  1034  1034 I ANDR-PERF-LM: LMPerfGlue: perfmodule_submit_request() 132: perfmodule_submit_request()
06-05 18:29:09.749  1034  1034 I ANDR-PERF-LM: Core: getInstance() 84: LM getInstance
06-05 18:29:09.749  1034  1034 I ANDR-PERF-LM: WQ: push() 59: LMTriggerQ push() size=0
06-05 18:29:09.749  1034  1034 I ANDR-PERF-LM: WQ: push() 61: LMTriggerQ push() done size=1
06-05 18:29:09.749  1034  1092 I ANDR-PERF-LM: WQ: pop() 42: LMTriggerQ pop() done size=0
06-05 18:29:09.749  1034  1092 I ANDR-PERF-LM: Core: lmMain() 373: Waiting on trigger Queue
06-05 18:29:09.749  1034  1092 I ANDR-PERF-LM: WQ: pop() 31: LMTriggerQ pop() size=0
06-05 18:29:09.750  1850  1941 D PerfImpl: perfGetWorkLoadType
06-05 18:29:09.750  1034  1034 E vendor.qti.hardware.perf@2.2-service: Unknown params
06-05 18:29:09.750  1034  1034 I ANDR-PERF-LM: LMPerfGlue: perfmodule_submit_request() 132: perfmodule_submit_request()
06-05 18:29:09.750  1034  1034 I ANDR-PERF-LM: Core: getInstance() 84: LM getInstance
06-05 18:29:09.750  1034  1034 D ANDR-PERF-LM: Feature: lookup() 101: Feature Name = AppClassifier, total featuers = 3, featureFound = 1
06-05 18:29:09.750  1034  1034 D ANDR-PERF-LM: Feature: getData() 112: data.data = 1
06-05 18:29:09.750  1034  1034 I ANDR-PERF-LM: FeedbackAPI: getFeedback() 60: app:com.ss.android.ugc.trill feature:AppClassifier feedback = 1
06-05 18:29:09.750  1850  1941 D PerfImpl: perfDragBoost: com.ss.android.ugc.trill, -1, 1
06-05 18:29:09.750  1034  1034 E vendor.qti.hardware.perf@2.2-service: Unknown params
06-05 18:29:09.754  1582 11428 I OMX-VDEC-1080P: set_frame_rate: the current time is 182909
06-05 18:29:09.767 18541 28778 W MessageQueue: Handler (android.os.Handler) {f78845b} sending message to a Handler on a dead thread
06-05 18:29:09.767 18541 28778 W MessageQueue: java.lang.IllegalStateException: Handler (android.os.Handler) {f78845b} sending message to a Handler on a dead thread
06-05 18:29:09.767 18541 28778 W MessageQueue: 	at android.os.MessageQueue.enqueueMessage(MessageQueue.java:569)
06-05 18:29:09.767 18541 28778 W MessageQueue: 	at android.os.Handler.enqueueMessage(Handler.java:778)
06-05 18:29:09.767 18541 28778 W MessageQueue: 	at android.os.Handler.sendMessageAtTime(Handler.java:727)
06-05 18:29:09.767 18541 28778 W MessageQueue: 	at android.os.Handler.sendMessageDelayed(Handler.java:697)
06-05 18:29:09.767 18541 28778 W MessageQueue: 	at android.os.Handler.post(Handler.java:427)
06-05 18:29:09.767 18541 28778 W MessageQueue: 	at X.HKP.LIZ(SourceFile:33751054)
06-05 18:29:09.767 18541 28778 W MessageQueue: 	at X.HKP.LIZ(SourceFile:16908295)
06-05 18:29:09.767 18541 28778 W MessageQueue: 	at X.Iuq.<init>(SourceFile:17039393)
06-05 18:29:09.767 18541 28778 W MessageQueue: 	at X.IuS.LIZ(SourceFile:67633363)
06-05 18:29:09.767 18541 28778 W MessageQueue: 	at X.IuS.<init>(SourceFile:50922652)
06-05 18:29:09.767 18541 28778 W MessageQueue: 	at X.6Z1.<init>(SourceFile:33816631)
06-05 18:29:09.767 18541 28778 W MessageQueue: 	at X.6U2.LJJIJIIJIL(SourceFile:590369)
06-05 18:29:09.767 18541 28778 W MessageQueue: 	at X.6U2.<init>(SourceFile:84279443)
06-05 18:29:09.767 18541 28778 W MessageQueue: 	at X.6LW.LIZ(SourceFile:17170525)
06-05 18:29:09.767 18541 28778 W MessageQueue: 	at X.6LV.LIZ(SourceFile:16973837)
06-05 18:29:09.767 18541 28778 W MessageQueue: 	at X.6Nc.LJJIJIIJI(SourceFile:262150)
06-05 18:29:09.767 18541 28778 W MessageQueue: 	at X.6Nc.LIZ(SourceFile:33947685)
06-05 18:29:09.767 18541 28778 W MessageQueue: 	at X.6Nc.LIZ(SourceFile:820)
06-05 18:29:09.767 18541 28778 W MessageQueue: 	at X.6Nc.LIZ(SourceFile:84411129)
06-05 18:29:09.767 18541 28778 W MessageQueue: 	at X.6Nc.LIZ(SourceFile:254)
06-05 18:29:09.767 18541 28778 W MessageQueue: 	at X.6Nc.LIZ(SourceFile:12250)
06-05 18:29:09.767 18541 28778 W MessageQueue: 	at X.6NK.handleMessage(SourceFile:17301743)
06-05 18:29:09.767 18541 28778 W MessageQueue: 	at android.os.Handler.dispatchMessage(Handler.java:106)
06-05 18:29:09.767 18541 28778 W MessageQueue: 	at android.os.Looper.loopOnce(Looper.java:210)
06-05 18:29:09.767 18541 28778 W MessageQueue: 	at android.os.Looper.loop(Looper.java:299)
06-05 18:29:09.767 18541 28778 W MessageQueue: 	at android.os.HandlerThread.run(HandlerThread.java:67)
06-05 18:29:09.769  1582 11428 I OMX-VDEC-1080P: set_frame_rate: the current time is 182909
06-05 18:29:09.770 18541 28778 W ttmdl   : <0x0,AVMDLManagerBridge.cpp,native_setIntValue,765>set key:709 value:0
06-05 18:29:09.770 18541 28778 W ttmdl   : <0x0,AVMDLog.cpp,set_alog_enable,38>set_alog_enable, 0
06-05 18:29:09.772 18541 28778 W MessageQueue: Handler (android.os.Handler) {f78845b} sending message to a Handler on a dead thread
06-05 18:29:09.772 18541 28778 W MessageQueue: java.lang.IllegalStateException: Handler (android.os.Handler) {f78845b} sending message to a Handler on a dead thread
06-05 18:29:09.772 18541 28778 W MessageQueue: 	at android.os.MessageQueue.enqueueMessage(MessageQueue.java:569)
06-05 18:29:09.772 18541 28778 W MessageQueue: 	at android.os.Handler.enqueueMessage(Handler.java:778)
06-05 18:29:09.772 18541 28778 W MessageQueue: 	at android.os.Handler.sendMessageAtTime(Handler.java:727)
06-05 18:29:09.772 18541 28778 W MessageQueue: 	at android.os.Handler.sendMessageDelayed(Handler.java:697)
06-05 18:29:09.772 18541 28778 W MessageQueue: 	at android.os.Handler.post(Handler.java:427)
06-05 18:29:09.772 18541 28778 W MessageQueue: 	at X.HKP.LIZ(SourceFile:33751054)
06-05 18:29:09.772 18541 28778 W MessageQueue: 	at X.HKP.LIZIZ(SourceFile:16908295)
06-05 18:29:09.772 18541 28778 W MessageQueue: 	at X.RPA.LIZ(SourceFile:17170456)
06-05 18:29:09.772 18541 28778 W MessageQueue: 	at X.IuS.LIZLLL(SourceFile:34078895)
06-05 18:29:09.772 18541 28778 W MessageQueue: 	at X.IuS.LJLJI(SourceFile:393264)
06-05 18:29:09.772 18541 28778 W MessageQueue: 	at X.IuS.LJJLJLI(SourceFile:393245)
06-05 18:29:09.772 18541 28778 W MessageQueue: 	at X.IuS.LJIIJJI(SourceFile:17170460)
06-05 18:29:09.772 18541 28778 W MessageQueue: 	at X.IuS.LIZ(SourceFile:5041)
06-05 18:29:09.772 18541 28778 W MessageQueue: 	at X.IuS.LIZIZ(SourceFile:50790422)
06-05 18:29:09.772 18541 28778 W MessageQueue: 	at X.IuS.LIZ(SourceFile:4903)
06-05 18:29:09.772 18541 28778 W MessageQueue: 	at X.6Z1.LIZ(SourceFile:1063)
06-05 18:29:09.772 18541 28778 W MessageQueue: 	at X.6U2.LIZ(SourceFile:84543345)
06-05 18:29:09.772 18541 28778 W MessageQueue: 	at X.6U2.LIZ(Unknown Source:0)
06-05 18:29:09.772 18541 28778 W MessageQueue: 	at X.6U2.LIZ(SourceFile:1438)
06-05 18:29:09.772 18541 28778 W MessageQueue: 	at X.6Nc.LIZ(SourceFile:1033)
06-05 18:29:09.772 18541 28778 W MessageQueue: 	at X.6Nc.LIZ(SourceFile:84411129)
06-05 18:29:09.772 18541 28778 W MessageQueue: 	at X.6Nc.LIZ(SourceFile:254)
06-05 18:29:09.772 18541 28778 W MessageQueue: 	at X.6Nc.LIZ(SourceFile:12250)
06-05 18:29:09.772 18541 28778 W MessageQueue: 	at X.6NK.handleMessage(SourceFile:17301743)
06-05 18:29:09.772 18541 28778 W MessageQueue: 	at android.os.Handler.dispatchMessage(Handler.java:106)
06-05 18:29:09.772 18541 28778 W MessageQueue: 	at android.os.Looper.loopOnce(Looper.java:210)
06-05 18:29:09.772 18541 28778 W MessageQueue: 	at android.os.Looper.loop(Looper.java:299)
06-05 18:29:09.772 18541 28778 W MessageQueue: 	at android.os.HandlerThread.run(HandlerThread.java:67)
06-05 18:29:09.776 18541 28778 W MessageQueue: Handler (android.os.Handler) {f78845b} sending message to a Handler on a dead thread
06-05 18:29:09.776 18541 28778 W MessageQueue: java.lang.IllegalStateException: Handler (android.os.Handler) {f78845b} sending message to a Handler on a dead thread
06-05 18:29:09.776 18541 28778 W MessageQueue: 	at android.os.MessageQueue.enqueueMessage(MessageQueue.java:569)
06-05 18:29:09.776 18541 28778 W MessageQueue: 	at android.os.Handler.enqueueMessage(Handler.java:778)
06-05 18:29:09.776 18541 28778 W MessageQueue: 	at android.os.Handler.sendMessageAtTime(Handler.java:727)
06-05 18:29:09.776 18541 28778 W MessageQueue: 	at android.os.Handler.sendMessageDelayed(Handler.java:697)
06-05 18:29:09.776 18541 28778 W MessageQueue: 	at android.os.Handler.post(Handler.java:427)
06-05 18:29:09.776 18541 28778 W MessageQueue: 	at X.HKP.LIZ(SourceFile:33751054)
06-05 18:29:09.776 18541 28778 W MessageQueue: 	at X.HKP.LIZ(SourceFile:16908295)
06-05 18:29:09.776 18541 28778 W MessageQueue: 	at X.RPA.LJFF(SourceFile:327795)
06-05 18:29:09.776 18541 28778 W MessageQueue: 	at X.IuS.LJIIJ(SourceFile:17236170)
06-05 18:29:09.776 18541 28778 W MessageQueue: 	at X.IuS.LJJJJL(SourceFile:262195)
06-05 18:29:09.776 18541 28778 W MessageQueue: 	at X.IuS.LJIIJJI(SourceFile:262186)
06-05 18:29:09.776 18541 28778 W MessageQueue: 	at X.6Z1.LJIIJJI(SourceFile:65538)
06-05 18:29:09.776 18541 28778 W MessageQueue: 	at X.6U2.LIZ(SourceFile:84545035)
06-05 18:29:09.776 18541 28778 W MessageQueue: 	at X.6U2.LIZ(Unknown Source:0)
06-05 18:29:09.776 18541 28778 W MessageQueue: 	at X.6U2.LIZ(SourceFile:1438)
06-05 18:29:09.776 18541 28778 W MessageQueue: 	at X.6Nc.LIZ(SourceFile:1033)
06-05 18:29:09.776 18541 28778 W MessageQueue: 	at X.6Nc.LIZ(SourceFile:84411129)
06-05 18:29:09.776 18541 28778 W MessageQueue: 	at X.6Nc.LIZ(SourceFile:254)
06-05 18:29:09.776 18541 28778 W MessageQueue: 	at X.6Nc.LIZ(SourceFile:12250)
06-05 18:29:09.776 18541 28778 W MessageQueue: 	at X.6NK.handleMessage(SourceFile:17301743)
06-05 18:29:09.776 18541 28778 W MessageQueue: 	at android.os.Handler.dispatchMessage(Handler.java:106)
06-05 18:29:09.776 18541 28778 W MessageQueue: 	at android.os.Looper.loopOnce(Looper.java:210)
06-05 18:29:09.776 18541 28778 W MessageQueue: 	at android.os.Looper.loop(Looper.java:299)
06-05 18:29:09.776 18541 28778 W MessageQueue: 	at android.os.HandlerThread.run(HandlerThread.java:67)
06-05 18:29:09.777 18541 28778 W ttmp    : set_logger_level:0
06-05 18:29:09.778 18541 19459 I ttmn    : <0x0,av_sort_queue.h,enableFixSort,17>AVSortQueue::enableFixSort:0
06-05 18:29:09.785  1850  2553 D MIUIInput: [MotionEvent] publisher action=0x1, 5537832, channel 'f66205e com.ss.android.ugc.trill/com.ss.android.ugc.aweme.splash.SplashActivity (server)'
06-05 18:29:09.786  1850  1941 D PerfImpl: perfGetWorkLoadType
06-05 18:29:09.786  1034  1034 E vendor.qti.hardware.perf@2.2-service: Unknown params
06-05 18:29:09.786  1034  1034 I ANDR-PERF-LM: LMPerfGlue: perfmodule_submit_request() 132: perfmodule_submit_request()
06-05 18:29:09.786  1034  1034 I ANDR-PERF-LM: Core: getInstance() 84: LM getInstance
06-05 18:29:09.786  1034  1034 D ANDR-PERF-LM: Feature: lookup() 101: Feature Name = AppClassifier, total featuers = 3, featureFound = 1
06-05 18:29:09.786  1034  1034 D ANDR-PERF-LM: Feature: getData() 112: data.data = 1
06-05 18:29:09.787  1034  1034 I ANDR-PERF-LM: FeedbackAPI: getFeedback() 60: app:com.ss.android.ugc.trill feature:AppClassifier feedback = 1
06-05 18:29:09.787  1850  1941 D PerfImpl: perfScrollBoost: com.ss.android.ugc.trill, 1714, 1
06-05 18:29:09.787  1034  1034 E vendor.qti.hardware.perf@2.2-service: Unknown params
06-05 18:29:09.787  1034  1034 I ANDR-PERF-LM: LMPerfGlue: perfmodule_submit_request() 132: perfmodule_submit_request()
06-05 18:29:09.787  1034  1034 I ANDR-PERF-LM: Core: getInstance() 84: LM getInstance
06-05 18:29:09.787  1034  1034 I ANDR-PERF-LM: WQ: push() 59: LMTriggerQ push() size=0
06-05 18:29:09.787  1034  1034 I ANDR-PERF-LM: WQ: push() 61: LMTriggerQ push() done size=1
06-05 18:29:09.787  1034  1092 I ANDR-PERF-LM: WQ: pop() 42: LMTriggerQ pop() done size=0
06-05 18:29:09.787  1034  1092 I ANDR-PERF-LM: Core: lmMain() 373: Waiting on trigger Queue
06-05 18:29:09.787  1034  1092 I ANDR-PERF-LM: WQ: pop() 31: LMTriggerQ pop() size=0
06-05 18:29:09.787 18541 19459 I MediaCodec: video box enabled in settings
06-05 18:29:09.787 18541 19459 I VideoBoxStub: VideoBoxStub::initVideobox
06-05 18:29:09.788  1850  1941 D PerfImpl: perfGetWorkLoadType
06-05 18:29:09.788  1034  1034 E vendor.qti.hardware.perf@2.2-service: Unknown params
06-05 18:29:09.788  1034  1034 I ANDR-PERF-LM: LMPerfGlue: perfmodule_submit_request() 132: perfmodule_submit_request()
06-05 18:29:09.788  1034  1034 I ANDR-PERF-LM: Core: getInstance() 84: LM getInstance
06-05 18:29:09.788  1034  1034 D ANDR-PERF-LM: Feature: lookup() 101: Feature Name = AppClassifier, total featuers = 3, featureFound = 1
06-05 18:29:09.788  1034  1034 D ANDR-PERF-LM: Feature: getData() 112: data.data = 1
06-05 18:29:09.788  1034  1034 I ANDR-PERF-LM: FeedbackAPI: getFeedback() 60: app:com.ss.android.ugc.trill feature:AppClassifier feedback = 1
06-05 18:29:09.788  1850  1941 D PerfImpl: perfScrollBoost: com.ss.android.ugc.trill, -1, 4
06-05 18:29:09.788  1034  1034 E vendor.qti.hardware.perf@2.2-service: Unknown params
06-05 18:29:09.788  1034  1034 I ANDR-PERF-LM: LMPerfGlue: perfmodule_submit_request() 132: perfmodule_submit_request()
06-05 18:29:09.788  1034  1034 I ANDR-PERF-LM: Core: getInstance() 84: LM getInstance
06-05 18:29:09.788  1034  1034 I ANDR-PERF-LM: WQ: push() 59: LMTriggerQ push() size=0
06-05 18:29:09.788  1034  1034 I ANDR-PERF-LM: WQ: push() 61: LMTriggerQ push() done size=1
06-05 18:29:09.788  1034  1092 I ANDR-PERF-LM: WQ: pop() 42: LMTriggerQ pop() done size=0
06-05 18:29:09.788  1034  1092 I ANDR-PERF-LM: Core: lmMain() 373: Waiting on trigger Queue
06-05 18:29:09.788  1034  1092 I ANDR-PERF-LM: WQ: pop() 31: LMTriggerQ pop() size=0
06-05 18:29:09.788  1850  1941 D PerfImpl: perfGetWorkLoadType
06-05 18:29:09.789  1034  1034 E vendor.qti.hardware.perf@2.2-service: Unknown params
06-05 18:29:09.789  1034  1034 I ANDR-PERF-LM: LMPerfGlue: perfmodule_submit_request() 132: perfmodule_submit_request()
06-05 18:29:09.789  1034  1034 I ANDR-PERF-LM: Core: getInstance() 84: LM getInstance
06-05 18:29:09.789  1034  1034 D ANDR-PERF-LM: Feature: lookup() 101: Feature Name = AppClassifier, total featuers = 3, featureFound = 1
06-05 18:29:09.789  1582 11428 I OMX-VDEC-1080P: set_frame_rate: the current time is 182909
06-05 18:29:09.789  1034  1034 D ANDR-PERF-LM: Feature: getData() 112: data.data = 1
06-05 18:29:09.789  1034  1034 I ANDR-PERF-LM: FeedbackAPI: getFeedback() 60: app:com.ss.android.ugc.trill feature:AppClassifier feedback = 1
06-05 18:29:09.789  1850  1941 D PerfImpl: perfLockRelease
06-05 18:29:09.787  1034  1034 W perf@2.2-servic: type=1400 audit(0.0:6067): avc: denied { search } for name="1575" dev="proc" ino=740416 scontext=u:r:vendor_hal_perf_default:s0 tcontext=u:r:vendor_perfservice:s0 tclass=dir permissive=0
06-05 18:29:09.787  1034  1034 W perf@2.2-servic: type=1400 audit(0.0:6068): avc: denied { search } for name="1575" dev="proc" ino=740416 scontext=u:r:vendor_hal_perf_default:s0 tcontext=u:r:vendor_perfservice:s0 tclass=dir permissive=0
06-05 18:29:09.792 18541 10707 W System.err: java.io.FileNotFoundException: /proc/stat: open failed: EACCES (Permission denied)
06-05 18:29:09.792 18541 10707 W System.err: 	at libcore.io.IoBridge.open(IoBridge.java:575)
06-05 18:29:09.792 18541 10707 W System.err: 	at java.io.RandomAccessFile.<init>(RandomAccessFile.java:289)
06-05 18:29:09.792 18541 10707 W System.err: 	at java.io.RandomAccessFile.<init>(RandomAccessFile.java:152)
06-05 18:29:09.792 18541 10707 W System.err: 	at X.6gK.LIZ(SourceFile:393238)
06-05 18:29:09.792 18541 10707 W System.err: 	at X.6gM.call(SourceFile:65536)
06-05 18:29:09.792 18541 10707 W System.err: 	at X.0BO.run(SourceFile:262166)
06-05 18:29:09.792 18541 10707 W System.err: 	at X.0fb.run(SourceFile:459005)
06-05 18:29:09.792 18541 10707 W System.err: 	at java.util.concurrent.ThreadPoolExecutor.runWorker(ThreadPoolExecutor.java:1167)
06-05 18:29:09.792 18541 10707 W System.err: 	at java.util.concurrent.ThreadPoolExecutor$Worker.run(ThreadPoolExecutor.java:641)
06-05 18:29:09.792 18541 10707 W System.err: 	at X.0ff.run(SourceFile:131081)
06-05 18:29:09.792 18541 10707 W System.err: 	at java.lang.Thread.run(Thread.java:920)
06-05 18:29:09.792 18541 10707 W System.err: Caused by: android.system.ErrnoException: open failed: EACCES (Permission denied)
06-05 18:29:09.792 18541 10707 W System.err: 	at libcore.io.Linux.open(Native Method)
06-05 18:29:09.792 18541 10707 W System.err: 	at libcore.io.ForwardingOs.open(ForwardingOs.java:567)
06-05 18:29:09.793 18541 10707 W System.err: 	at libcore.io.BlockGuardOs.open(BlockGuardOs.java:273)
06-05 18:29:09.793 18541 10707 W System.err: 	at libcore.io.ForwardingOs.open(ForwardingOs.java:567)
06-05 18:29:09.793 18541 10707 W System.err: 	at android.app.ActivityThread$AndroidOs.open(ActivityThread.java:7980)
06-05 18:29:09.793 18541 10707 W System.err: 	at libcore.io.IoBridge.open(IoBridge.java:561)
06-05 18:29:09.793 18541 10707 W System.err: 	... 10 more
06-05 18:29:09.793 18541 19459 I VideoBox: VideoBox::VideoBox
06-05 18:29:09.793 18541 19459 I VideoBox: initVideobox
06-05 18:29:09.793 18541 19459 I VideoBox: initVideobox going OMX.qcom.video.decoder.hevc
06-05 18:29:09.793 18541 19459 I VideoBox: initVideobox return false for platform is not support vpp
06-05 18:29:09.793 18541 19459 I VideoBoxStub: VideoBoxStub::releaseVideoBox
06-05 18:29:09.793 18541 19459 I VideoBox: VideoBox::~VideoBox
06-05 18:29:09.793 18541 19358 I ttmn    : <0x0,av_base_thread.cpp,run,306>ADecode-V86:thread to stop.mState:1431655765
06-05 18:29:09.794 18541 19362 I ttmn    : <0x0,av_base_thread.cpp,run,306>Reader-V86:thread to stop.mState:1431655765
06-05 18:29:09.794 18541 19361 I ttmn    : <0x0,normal_clock.cpp,resume,114>aclock test: resume, update time: 8007
06-05 18:29:09.794 18541 19361 I ttmn    : <0x0,av_base_thread.cpp,run,306>Player-V86:thread to stop.mState:1431655765
06-05 18:29:09.795 18541 19459 I MediaCodec: init video box disabled for init not supported
06-05 18:29:09.797  1582 11428 I OMX-VDEC-1080P: set_frame_rate: the current time is 182909
06-05 18:29:09.797  1582 11428 I OMX-VDEC-1080P: set_frame_rate: the current time is 182909
06-05 18:29:09.797  1582 11428 I OMX-VDEC-1080P: set_frame_rate: the current time is 182909
06-05 18:29:09.797 18541 19350 I ttmn    : <0x0,av_base_thread.cpp,run,306>VDecode-V86:thread to stop.mState:1431655768
06-05 18:29:09.797 18541 11469 I OMXClient: IOmx service obtained
06-05 18:29:09.797  1582 27120 I OMXMaster: makeComponentInstance(OMX.qcom.video.decoder.hevc) in android.hardwar process
06-05 18:29:09.798 18541 19474 I ttmn    : <0x0,av_base_thread.cpp,run,306>AGraph-V86:thread to stop.mState:1431655768
06-05 18:29:09.799  1582 11428 I OMX-VDEC-1080P: set_frame_rate: the current time is 182909
06-05 18:29:09.799 18541 19352 D AudioTrack:  pause(sessionID=5953)
06-05 18:29:09.799 18541 19352 D AudioTrack: pause(423): prior state:STATE_ACTIVE
06-05 18:29:09.799  1103  4045 D AF::Track: setFadeType1 type = 2 mFadeType = 0 isFadeNeeded = 0
06-05 18:29:09.799  1103  4045 E audioserver: open /proc/18541/cmdline error
06-05 18:29:09.799  1103  4045 I audioserver: setAppName(), name=[], active=[0]
06-05 18:29:09.799   975 28792 V EffectMiSound: MiSound_command() start, cmdCode=24
06-05 18:29:09.799   975 28792 V EffectMiSound: MiSound_Command EFFECT_CMD_SET_APP_NAME: stream=3, name=-
06-05 18:29:09.799  1582 27120 I OMX_VPP : Constructed VppOmxComponent
06-05 18:29:09.800  1582 27120 D PlatformConfig: getInstance: Enter
06-05 18:29:09.800  1582 27120 D PlatformConfig: getInt32 Config name: vidc_dec_log_in value: 0
06-05 18:29:09.800  1582 27120 D PlatformConfig: getInstance: Enter
06-05 18:29:09.800  1582 27120 D PlatformConfig: getInt32 Config name: vidc_dec_log_out value: 0
06-05 18:29:09.800  1582 27120 D PlatformConfig: getInstance: Enter
06-05 18:29:09.800  1582 27120 D PlatformConfig: getInt32 Config name: vidc_dec_sec_prefetch_size_internal value: 209715200
06-05 18:29:09.800  1582 27120 D PlatformConfig: getInstance: Enter
06-05 18:29:09.800  1582 27120 D PlatformConfig: getInt32 Config name: vidc_dec_sec_prefetch_size_output value: 13434880
06-05 18:29:09.800  1582 27120 D PlatformConfig: getInstance: Enter
06-05 18:29:09.800  1582 27120 D PlatformConfig: getInt32 Config name: vidc_perf_control_enable value: 0
06-05 18:29:09.800  1582 27120 D PlatformConfig: getInstance: Enter
06-05 18:29:09.800  1582 27120 D PlatformConfig: getInt32 Config name: vidc_dec_thumbnail_yuv_output value: 0
06-05 18:29:09.800  1582 27120 D PlatformConfig: getInstance: Enter
06-05 18:29:09.800  1582 27120 D PlatformConfig: getInt32: Returning default
06-05 18:29:09.800  1582 27120 D PlatformConfig: getInstance: Enter
06-05 18:29:09.800  1582 27120 D PlatformConfig: getInt32 Config name: vidc_dec_output_rate value: 120
06-05 18:29:09.800  1582 27120 I OMX-VDEC-1080P: component_init: OMX.qcom.video.decoder.hevc : fd=111
06-05 18:29:09.800  1582 27120 E OMX-VDEC-1080P: Unsupported output color format for c2d (2141391876)
06-05 18:29:09.800  1582 27120 E OMX-VDEC-1080P: Setting color format failed
06-05 18:29:09.801 18541 19460 I ttmn    : <0x0,av_base_thread.cpp,run,306>AOutlet-V86:thread to stop.mState:1431655768
06-05 18:29:09.801 18541 19472 I ttmn    : <0x0,av_base_thread.cpp,run,306>subtitle:thread to stop.mState:1431655768
06-05 18:29:09.801 18541 10896 D AudioTrack: stop(sessionID=5953)
06-05 18:29:09.801 18541 10896 D AudioTrack: stop(423): prior state:STATE_PAUSED
06-05 18:29:09.801 18541 10896 D AudioTrack: stop(423): called with 1066709 frames delivered
06-05 18:29:09.801  1103  4045 D AF::Track: setFadeType1 type = 2 mFadeType = 0 isFadeNeeded = 0
06-05 18:29:09.801  1103  4045 E audioserver: open /proc/18541/cmdline error
06-05 18:29:09.801  1103  4045 I audioserver: setAppName(), name=[], active=[0]
06-05 18:29:09.802  1582 27120 D PlatformConfig: getInstance: Enter
06-05 18:29:09.802  1582 27120 D PlatformConfig: getInt32: Returning default
06-05 18:29:09.802  1582 27120 D PlatformConfig: getInstance: Enter
06-05 18:29:09.802  1582 27120 D PlatformConfig: getInt32: Returning default
06-05 18:29:09.802   975 28792 V EffectMiSound: MiSound_command() start, cmdCode=24
06-05 18:29:09.802   975 28792 V EffectMiSound: MiSound_Command EFFECT_CMD_SET_APP_NAME: stream=3, name=-
06-05 18:29:09.802  1582 27120 I OMX-VDEC-1080P: omx_vdec::component_init() success : fd=111
06-05 18:29:09.802  1582 27120 I OMX_VPP : FRC is used
06-05 18:29:09.802  1582 27120 I OMX_VPP : AIE is used
06-05 18:29:09.802 18541 10896 D AudioTrack: ~AudioTrack(sessionID=5953)
06-05 18:29:09.802 18541 10896 D AudioTrack: stop(sessionID=5953)
06-05 18:29:09.802 18541 10896 D AudioTrack: stop(423): prior state:STATE_STOPPED
06-05 18:29:09.803  1582 27120 E OMX_VPP : unable to find area=vpp/config=frc.bypass.all, returning default=0
06-05 18:29:09.803  1582 27120 I OMX_VPP : component_init: fully completed with decoder(OMX.qcom.video.decoder.hevc)
06-05 18:29:09.803  1582 11428 I OMX-VDEC-1080P: set_frame_rate: the current time is 182909
06-05 18:29:09.803  1582 11428 I OMX-VDEC-1080P: set_frame_rate: the current time is 182909
06-05 18:29:09.804  1582 11428 I OMX-VDEC-1080P: set_frame_rate: the current time is 182909
06-05 18:29:09.804  1582 11428 I OMX-VDEC-1080P: set_frame_rate: the current time is 182909
06-05 18:29:09.805 18541 11467 D MediaCodecOpt: TryCall hook func called
06-05 18:29:09.805 18541 11467 D MediaCodecOpt: before call orig, retCode = 0
06-05 18:29:09.805 18541 11467 D MediaCodecOpt: after call orig, retCode = 0
06-05 18:29:09.805 18541 19459 I MediaCodec: configure : init video box disabled
06-05 18:29:09.805 18541 11467 D SurfaceUtils: connecting to surface 0x7aeaa0f010, reason connectToSurface
06-05 18:29:09.805 18541 11467 I MediaCodec: [OMX.qcom.video.decoder.hevc] setting surface generation to 18986074
06-05 18:29:09.805 18541 11467 D SurfaceUtils: disconnecting from surface 0x7aeaa0f010, reason connectToSurface(reconnect)
06-05 18:29:09.805 18541 11467 D SurfaceUtils: connecting to surface 0x7aeaa0f010, reason connectToSurface(reconnect)
06-05 18:29:09.806 18541 29532 W MessageQueue: Handler (android.os.Handler) {f78845b} sending message to a Handler on a dead thread
