06-05 18:28:09.650 18541 10745 W System.err: 	at java.util.concurrent.ThreadPoolExecutor$Worker.run(ThreadPoolExecutor.java:641)
06-05 18:28:09.650 18541 10745 W System.err: 	at X.0ff.run(SourceFile:131081)
06-05 18:28:09.650 18541 10745 W System.err: 	at java.lang.Thread.run(Thread.java:920)
06-05 18:28:09.650 18541 10745 W System.err: org.json.JSONException: No value for com.android.information
06-05 18:28:09.650 18541 10745 W System.err: 	at org.json.JSONObject.get(JSONObject.java:403)
06-05 18:28:09.650 18541 10745 W System.err: 	at org.json.JSONObject.getString(JSONObject.java:564)
06-05 18:28:09.650 18541 10745 W System.err: 	at X.6MB.LIZ(SourceFile:33816600)
06-05 18:28:09.650 18541 10745 W System.err: 	at X.6Lf.LIZJ(SourceFile:17039373)
06-05 18:28:09.650 18541 10745 W System.err: 	at X.8c8.LIZIZ(SourceFile:393243)
06-05 18:28:09.650 18541 10745 W System.err: 	at X.8cB.call(SourceFile:262146)
06-05 18:28:09.650 18541 10745 W System.err: 	at X.0BO.run(SourceFile:262166)
06-05 18:28:09.650 18541 10745 W System.err: 	at X.0fb.run(SourceFile:459005)
06-05 18:28:09.650 18541 10745 W System.err: 	at java.util.concurrent.ThreadPoolExecutor.runWorker(ThreadPoolExecutor.java:1167)
06-05 18:28:09.650 18541 10745 W System.err: 	at java.util.concurrent.ThreadPoolExecutor$Worker.run(ThreadPoolExecutor.java:641)
06-05 18:28:09.650 18541 10745 W System.err: 	at X.0ff.run(SourceFile:131081)
06-05 18:28:09.650 18541 10745 W System.err: 	at java.lang.Thread.run(Thread.java:920)
06-05 18:28:09.650 18541 10745 W System.err: org.json.JSONException: No value for com.apple.quicktime.information
06-05 18:28:09.650 18541 10745 W System.err: 	at org.json.JSONObject.get(JSONObject.java:403)
06-05 18:28:09.650 18541 10745 W System.err: 	at org.json.JSONObject.getString(JSONObject.java:564)
06-05 18:28:09.650 18541 10745 W System.err: 	at X.6MB.LIZ(SourceFile:33816600)
06-05 18:28:09.650 18541 10745 W System.err: 	at X.6Lf.LIZJ(SourceFile:17039373)
06-05 18:28:09.650 18541 10745 W System.err: 	at X.8c8.LIZIZ(SourceFile:393258)
06-05 18:28:09.650 18541 10745 W System.err: 	at X.8cB.call(SourceFile:262146)
06-05 18:28:09.650 18541 10745 W System.err: 	at X.0BO.run(SourceFile:262166)
06-05 18:28:09.650 18541 10745 W System.err: 	at X.0fb.run(SourceFile:459005)
06-05 18:28:09.650 18541 10745 W System.err: 	at java.util.concurrent.ThreadPoolExecutor.runWorker(ThreadPoolExecutor.java:1167)
06-05 18:28:09.650 18541 10745 W System.err: 	at java.util.concurrent.ThreadPoolExecutor$Worker.run(ThreadPoolExecutor.java:641)
06-05 18:28:09.650 18541 10745 W System.err: 	at X.0ff.run(SourceFile:131081)
06-05 18:28:09.650 18541 10745 W System.err: 	at java.lang.Thread.run(Thread.java:920)
06-05 18:28:09.655  1850  2634 I MiuiNetworkPolicy: updateUidState uid = 10188, uidState = 3
06-05 18:28:09.657  4385  4385 D BoundBrokerSvc: onBind: Intent { act=com.google.android.gms.measurement.START pkg=com.google.android.gms }
06-05 18:28:09.657  4385  4385 D BoundBrokerSvc: Loading bound service for intent: Intent { act=com.google.android.gms.measurement.START pkg=com.google.android.gms }
06-05 18:28:09.657   975   975 D audio_hw_primary: out_set_parameters: enter: usecase(0: deep-buffer-playback) kvpairs: appname=+com.ss.android.ugc.trill
06-05 18:28:09.658   975   975 D audio_hw_primary: [hal_apptype] out_set_parameters() +com.ss.android.ugc.trill [2 0x80 0x80 0x80]
06-05 18:28:09.658  1103  1596 D APM_AudioPolicyManager: startOutput() output 29, stream 3, session 5937 appname com.ss.android.ugc.trill uid 10383
06-05 18:28:09.658  1103  1103 E audioserver: open /proc/18541/cmdline error
06-05 18:28:09.658  1103  1103 I audioserver: setAppName(), name=[], active=[1]
06-05 18:28:09.658   975   975 V EffectMiSound: MiSound_command() start, cmdCode=24
06-05 18:28:09.658   975   975 V EffectMiSound: MiSound_Command EFFECT_CMD_SET_APP_NAME: stream=3, name=+
06-05 18:28:09.659  1103  2327 D AudioFlinger: updateWakeLockUids_l AudioOut_1D uids:10383
06-05 18:28:09.659 18541 19352 I AudioTrack: AudioTrack::setVolume L:1.000000 R:1.000000 and the pakage is com.ss.android.ugc.trill
06-05 18:28:09.661  1103  1103 I audioserver: setGameParameters keyvalue: xlog.volume.music.speaker=34
06-05 18:28:09.661   975   975 D audio_hw_primary: adev_set_parameters: enter: xlog.volume.music.speaker=34
06-05 18:28:09.661   975   975 V msm8974_platform: platform_set_parameters: enter: xlog.volume.music.speaker=34
06-05 18:28:09.661   975   975 D audio_hw_hfp: hfp_set_parameters: enter
06-05 18:28:09.661   975   975 D audio_hw_hfp: hfp_set_parameters: enter
06-05 18:28:09.661   975   975 V a2dp_offload: end of a2dp setparam
06-05 18:28:09.661   975   975 D audio_hw_cspl_cal: cirrus_cal_setparameters: enter 0xf3003600
06-05 18:28:09.661   975   975 D audio_hw_extn: audio_extn_fm_set_parameters: Enter
06-05 18:28:09.661   975   975 D audio_hw_hfp: hfp_set_parameters: enter
06-05 18:28:09.661   975   975 V a2dp_offload: end of a2dp setparam
06-05 18:28:09.661   975   975 D audio_hw_primary: adev_set_parameters: exit with code(0)
06-05 18:28:09.665 18541 10745 W System.err: java.io.FileNotFoundException: /proc/stat: open failed: EACCES (Permission denied)
06-05 18:28:09.665 18541 10745 W System.err: 	at libcore.io.IoBridge.open(IoBridge.java:575)
06-05 18:28:09.665 18541 10745 W System.err: 	at java.io.RandomAccessFile.<init>(RandomAccessFile.java:289)
06-05 18:28:09.665 18541 10745 W System.err: 	at java.io.RandomAccessFile.<init>(RandomAccessFile.java:152)
06-05 18:28:09.665 18541 10745 W System.err: 	at X.6gK.LIZ(SourceFile:393238)
06-05 18:28:09.665 18541 10745 W System.err: 	at X.6gM.call(SourceFile:65536)
06-05 18:28:09.665 18541 10745 W System.err: 	at X.0BO.run(SourceFile:262166)
06-05 18:28:09.665 18541 10745 W System.err: 	at X.0fb.run(SourceFile:459005)
06-05 18:28:09.665 18541 10745 W System.err: 	at java.util.concurrent.ThreadPoolExecutor.runWorker(ThreadPoolExecutor.java:1167)
06-05 18:28:09.665 18541 10745 W System.err: 	at java.util.concurrent.ThreadPoolExecutor$Worker.run(ThreadPoolExecutor.java:641)
06-05 18:28:09.665 18541 10745 W System.err: 	at X.0ff.run(SourceFile:131081)
06-05 18:28:09.665 18541 10745 W System.err: 	at java.lang.Thread.run(Thread.java:920)
06-05 18:28:09.665 18541 10745 W System.err: Caused by: android.system.ErrnoException: open failed: EACCES (Permission denied)
06-05 18:28:09.665 18541 10745 W System.err: 	at libcore.io.Linux.open(Native Method)
06-05 18:28:09.665 18541 10745 W System.err: 	at libcore.io.ForwardingOs.open(ForwardingOs.java:567)
06-05 18:28:09.665 18541 10745 W System.err: 	at libcore.io.BlockGuardOs.open(BlockGuardOs.java:273)
06-05 18:28:09.665 18541 10745 W System.err: 	at libcore.io.ForwardingOs.open(ForwardingOs.java:567)
06-05 18:28:09.665 18541 10745 W System.err: 	at android.app.ActivityThread$AndroidOs.open(ActivityThread.java:7980)
06-05 18:28:09.666 18541 10745 W System.err: 	at libcore.io.IoBridge.open(IoBridge.java:561)
06-05 18:28:09.666 18541 10745 W System.err: 	... 10 more
06-05 18:28:09.697  1103  2327 D AudioFlinger: updateWakeLockUids_l AudioOut_1D uids:10383
06-05 18:28:09.697  1103  1596 V APM::EffectDescriptor: setEffectEnabled(false) total CPU 0
06-05 18:28:09.697   975   975 D msm8974_platform: platform_split_snd_device: snd_device(2) num devices(1) new_snd_devices(0)
06-05 18:28:09.697  1103  1596 V APM::EffectDescriptor: unregisterEffect() effect Volume listener for Music, ID 779, memory 1 total memory 2
06-05 18:28:09.697  1103  1596 D APM_AudioPolicyManager: stopOutput portId 420
06-05 18:28:09.697  1103  1596 D APM_AudioPolicyManager: stopOutput() output 29, stream 3, session 5929
06-05 18:28:09.725 18541 18928 E lens_sdk: VideoOclSrGpuBackend::video size changed,w:540,h:960
06-05 18:28:09.725  1582 19468 I OMX_VPP : VppOmxComponent::registerVppFakeBuf buffer with size 14 id 13 ts=0 flags:0
06-05 18:28:09.737   975   975 D audio_hw_primary: out_set_parameters: enter: usecase(0: deep-buffer-playback) kvpairs: appname=-com.ss.android.ugc.trill
06-05 18:28:09.737   975   975 D audio_hw_primary: [hal_apptype] out_set_parameters() -com.ss.android.ugc.trill [1 0x80 0x80 0x80]
06-05 18:28:09.737  1103  1596 D APM_AudioPolicyManager: releaseOutput portId 420
06-05 18:28:09.737  1103  1596 D APM_AudioPolicyManager: releaseOutput() output 29, stream 3, session 5929 [uid=10383]
06-05 18:28:09.760  1582 11338 I OMX-VDEC-1080P: set_frame_rate: the current time is 182809
06-05 18:28:09.761  1582 11338 I OMX-VDEC-1080P: set_frame_rate: the current time is 182809
06-05 18:28:09.762  1582 11338 I OMX-VDEC-1080P: set_frame_rate: the current time is 182809
06-05 18:28:09.793  1582 19468 I OMX_VPP : VppOmxComponent::registerVppFakeBuf buffer with size 15 id 14 ts=0 flags:0
06-05 18:28:09.826  1582 11338 I OMX-VDEC-1080P: set_frame_rate: the current time is 182809
06-05 18:28:09.861  1582 11338 I OMX-VDEC-1080P: set_frame_rate: the current time is 182809
06-05 18:28:09.893  1582 11338 I OMX-VDEC-1080P: set_frame_rate: the current time is 182809
06-05 18:28:09.928  1582 11338 I OMX-VDEC-1080P: set_frame_rate: the current time is 182809
06-05 18:28:09.960  1582 11338 I OMX-VDEC-1080P: set_frame_rate: the current time is 182809
06-05 18:28:09.993  1582 11338 I OMX-VDEC-1080P: set_frame_rate: the current time is 182809
06-05 18:28:10.004 18541 10743 W System.err: org.json.JSONException: No value for information
06-05 18:28:10.004 18541 10743 W System.err: 	at org.json.JSONObject.get(JSONObject.java:403)
06-05 18:28:10.005 18541 10743 W System.err: 	at org.json.JSONObject.getString(JSONObject.java:564)
06-05 18:28:10.005 18541 10743 W System.err: 	at X.6MB.LIZ(SourceFile:33816600)
06-05 18:28:10.005 18541 10743 W System.err: 	at X.6Lf.LIZJ(SourceFile:17039373)
06-05 18:28:10.005 18541 10743 W System.err: 	at X.8c8.LIZIZ(SourceFile:393228)
06-05 18:28:10.005 18541 10743 W System.err: 	at X.8cB.call(SourceFile:262146)
06-05 18:28:10.005 18541 10743 W System.err: 	at X.0BO.run(SourceFile:262166)
06-05 18:28:10.005 18541 10743 W System.err: 	at X.0fb.run(SourceFile:459005)
06-05 18:28:10.005 18541 10743 W System.err: 	at java.util.concurrent.ThreadPoolExecutor.runWorker(ThreadPoolExecutor.java:1167)
06-05 18:28:10.005 18541 10743 W System.err: 	at java.util.concurrent.ThreadPoolExecutor$Worker.run(ThreadPoolExecutor.java:641)
06-05 18:28:10.005 18541 10743 W System.err: 	at X.0ff.run(SourceFile:131081)
06-05 18:28:10.005 18541 10743 W System.err: 	at java.lang.Thread.run(Thread.java:920)
06-05 18:28:10.005 18541 10743 W System.err: org.json.JSONException: No value for com.android.information
06-05 18:28:10.005 18541 10743 W System.err: 	at org.json.JSONObject.get(JSONObject.java:403)
06-05 18:28:10.005 18541 10743 W System.err: 	at org.json.JSONObject.getString(JSONObject.java:564)
06-05 18:28:10.005 18541 10743 W System.err: 	at X.6MB.LIZ(SourceFile:33816600)
06-05 18:28:10.005 18541 10743 W System.err: 	at X.6Lf.LIZJ(SourceFile:17039373)
06-05 18:28:10.005 18541 10743 W System.err: 	at X.8c8.LIZIZ(SourceFile:393243)
06-05 18:28:10.005 18541 10743 W System.err: 	at X.8cB.call(SourceFile:262146)
06-05 18:28:10.005 18541 10743 W System.err: 	at X.0BO.run(SourceFile:262166)
06-05 18:28:10.005 18541 10743 W System.err: 	at X.0fb.run(SourceFile:459005)
06-05 18:28:10.005 18541 10743 W System.err: 	at java.util.concurrent.ThreadPoolExecutor.runWorker(ThreadPoolExecutor.java:1167)
06-05 18:28:10.005 18541 10743 W System.err: 	at java.util.concurrent.ThreadPoolExecutor$Worker.run(ThreadPoolExecutor.java:641)
06-05 18:28:10.005 18541 10743 W System.err: 	at X.0ff.run(SourceFile:131081)
06-05 18:28:10.005 18541 10743 W System.err: 	at java.lang.Thread.run(Thread.java:920)
06-05 18:28:10.005 18541 10743 W System.err: org.json.JSONException: No value for com.apple.quicktime.information
06-05 18:28:10.005 18541 10743 W System.err: 	at org.json.JSONObject.get(JSONObject.java:403)
06-05 18:28:10.005 18541 10743 W System.err: 	at org.json.JSONObject.getString(JSONObject.java:564)
06-05 18:28:10.005 18541 10743 W System.err: 	at X.6MB.LIZ(SourceFile:33816600)
06-05 18:28:10.005 18541 10743 W System.err: 	at X.6Lf.LIZJ(SourceFile:17039373)
06-05 18:28:10.005 18541 10743 W System.err: 	at X.8c8.LIZIZ(SourceFile:393258)
06-05 18:28:10.005 18541 10743 W System.err: 	at X.8cB.call(SourceFile:262146)
06-05 18:28:10.005 18541 10743 W System.err: 	at X.0BO.run(SourceFile:262166)
06-05 18:28:10.005 18541 10743 W System.err: 	at X.0fb.run(SourceFile:459005)
06-05 18:28:10.005 18541 10743 W System.err: 	at java.util.concurrent.ThreadPoolExecutor.runWorker(ThreadPoolExecutor.java:1167)
06-05 18:28:10.005 18541 10743 W System.err: 	at java.util.concurrent.ThreadPoolExecutor$Worker.run(ThreadPoolExecutor.java:641)
06-05 18:28:10.005 18541 10743 W System.err: 	at X.0ff.run(SourceFile:131081)
06-05 18:28:10.005 18541 10743 W System.err: 	at java.lang.Thread.run(Thread.java:920)
06-05 18:28:10.008 18541 11343 I System.out: hit cache: lynx_card_i18n
06-05 18:28:10.017  4226  6018 I CarrierServices: [60] cfi.c: Connected state: [1], networkType: [WIFI]
06-05 18:28:10.027  1582 11338 I OMX-VDEC-1080P: set_frame_rate: the current time is 182810
06-05 18:28:10.060  1582 11338 I OMX-VDEC-1080P: set_frame_rate: the current time is 182810
06-05 18:28:10.066 18541 10926 I ttheif_dec: heif_info : data_size:891 is_grid:0 has_clap:0 is_seqence;0 cols:0 rows:0 width:360 height:368 angle:0.
06-05 18:28:10.093  1582 11338 I OMX-VDEC-1080P: set_frame_rate: the current time is 182810
06-05 18:28:10.127  1582 11338 I OMX-VDEC-1080P: set_frame_rate: the current time is 182810
06-05 18:28:10.162  1582 11338 I OMX-VDEC-1080P: set_frame_rate: the current time is 182810
06-05 18:28:10.194  1582 11338 I OMX-VDEC-1080P: set_frame_rate: the current time is 182810
06-05 18:28:10.228  1582 11338 I OMX-VDEC-1080P: set_frame_rate: the current time is 182810
06-05 18:28:10.260  1582 11338 I OMX-VDEC-1080P: set_frame_rate: the current time is 182810
06-05 18:28:10.294  1582 11338 I OMX-VDEC-1080P: set_frame_rate: the current time is 182810
06-05 18:28:10.327  1582 11338 I OMX-VDEC-1080P: set_frame_rate: the current time is 182810
06-05 18:28:10.360  1582 11338 I OMX-VDEC-1080P: set_frame_rate: the current time is 182810
06-05 18:28:10.395  1582 11338 I OMX-VDEC-1080P: set_frame_rate: the current time is 182810
06-05 18:28:10.428  1582 11338 I OMX-VDEC-1080P: set_frame_rate: the current time is 182810
06-05 18:28:10.460  1582 11338 I OMX-VDEC-1080P: set_frame_rate: the current time is 182810
06-05 18:28:10.494  1582 11338 I OMX-VDEC-1080P: set_frame_rate: the current time is 182810
06-05 18:28:10.527  1582 11338 I OMX-VDEC-1080P: set_frame_rate: the current time is 182810
06-05 18:28:10.562  1582 11338 I OMX-VDEC-1080P: set_frame_rate: the current time is 182810
06-05 18:28:10.594  1582 11338 I OMX-VDEC-1080P: set_frame_rate: the current time is 182810
06-05 18:28:10.627  1582 11338 I OMX-VDEC-1080P: set_frame_rate: the current time is 182810
06-05 18:28:10.661  1582 11338 I OMX-VDEC-1080P: set_frame_rate: the current time is 182810
06-05 18:28:10.694  1582 11338 I OMX-VDEC-1080P: set_frame_rate: the current time is 182810
06-05 18:28:10.727  1582 11338 I OMX-VDEC-1080P: set_frame_rate: the current time is 182810
06-05 18:28:10.762  1582 11338 I OMX-VDEC-1080P: set_frame_rate: the current time is 182810
06-05 18:28:10.794  1582 11338 I OMX-VDEC-1080P: set_frame_rate: the current time is 182810
06-05 18:28:10.827  1582 11338 I OMX-VDEC-1080P: set_frame_rate: the current time is 182810
06-05 18:28:10.861  1582 11338 I OMX-VDEC-1080P: set_frame_rate: the current time is 182810
06-05 18:28:10.894  1582 11338 I OMX-VDEC-1080P: set_frame_rate: the current time is 182810
06-05 18:28:10.928  1582 11338 I OMX-VDEC-1080P: set_frame_rate: the current time is 182810
06-05 18:28:10.961  1582 11338 I OMX-VDEC-1080P: set_frame_rate: the current time is 182810
06-05 18:28:10.995  1582 11338 I OMX-VDEC-1080P: set_frame_rate: the current time is 182810
06-05 18:28:11.028  1582 11338 I OMX-VDEC-1080P: set_frame_rate: the current time is 182811
06-05 18:28:11.064  1582 11338 I OMX-VDEC-1080P: set_frame_rate: the current time is 182811
06-05 18:28:11.096  1582 11338 I OMX-VDEC-1080P: set_frame_rate: the current time is 182811
06-05 18:28:11.130  1582 11338 I OMX-VDEC-1080P: set_frame_rate: the current time is 182811
06-05 18:28:11.164  1582 11338 I OMX-VDEC-1080P: set_frame_rate: the current time is 182811
06-05 18:28:11.197  1582 11338 I OMX-VDEC-1080P: set_frame_rate: the current time is 182811
06-05 18:28:11.230  1582 11338 I OMX-VDEC-1080P: set_frame_rate: the current time is 182811
06-05 18:28:11.271  1582 11338 I OMX-VDEC-1080P: set_frame_rate: the current time is 182811
06-05 18:28:11.298  1582 11338 I OMX-VDEC-1080P: set_frame_rate: the current time is 182811
06-05 18:28:11.330  1582 11338 I OMX-VDEC-1080P: set_frame_rate: the current time is 182811
06-05 18:28:11.364  1582 11338 I OMX-VDEC-1080P: set_frame_rate: the current time is 182811
06-05 18:28:11.397  1582 11338 I OMX-VDEC-1080P: set_frame_rate: the current time is 182811
06-05 18:28:11.430  1582 11338 I OMX-VDEC-1080P: set_frame_rate: the current time is 182811
06-05 18:28:11.463  1582 11338 I OMX-VDEC-1080P: set_frame_rate: the current time is 182811
06-05 18:28:11.498  1582 11338 I OMX-VDEC-1080P: set_frame_rate: the current time is 182811
06-05 18:28:11.530  1582 11338 I OMX-VDEC-1080P: set_frame_rate: the current time is 182811
06-05 18:28:11.533  2999  3462 D MI_RIL_OEM_HOOK: onPkHookCommonMsg, msg_id = 65
06-05 18:28:11.533  2999  3462 D MI_RIL_OEM_HOOK: onGetHookMsgBytes, HOOK_HEAD_SIZE = 16, msg_len = 4
06-05 18:28:11.533  2999  3462 D MI_RIL_OEM_HOOK: onHookSendSync, phoneId = 0
06-05 18:28:11.534  2930  2930 D QcrilMsgTunnelIfaceManager: handleMessage what = 1
06-05 18:28:11.534  2930  2930 I QcrilOemhookMsgTunnel: [0]invokeOemRilRequestRaw: serial=2114 length=36
06-05 18:28:11.565  1582 11338 I OMX-VDEC-1080P: set_frame_rate: the current time is 182811
06-05 18:28:11.570  1793  2006 D XIAOMI_QCRIL: RIL[lib][xiaomi_extend_nvefs.c:52] xiaomi_qmi_result_map: xiaomi_qmi_result_map, old_result 0, new_result 0
06-05 18:28:11.570  2930  3267 I QcrilOemhookMsgTunnel: [0]processOemHookResponse serial no: 2114 error: 0length=16
06-05 18:28:11.571  2930  2930 D QcrilMsgTunnelIfaceManager: handleMessage what = 2
06-05 18:28:11.573  2999  3462 D QC_RIL_OEM_HOOK: sendOemRilRequestRaw returns value = 16
06-05 18:28:11.573  2999  3462 D ModemSarController_8250: type = 65, len = 4, value = 0
06-05 18:28:11.597  1582 11338 I OMX-VDEC-1080P: set_frame_rate: the current time is 182811
06-05 18:28:11.616 18541 18552 E jato    : gc block end, 5479664,0
06-05 18:28:11.631  1582 11338 I OMX-VDEC-1080P: set_frame_rate: the current time is 182811
06-05 18:28:11.671  1582 11338 I OMX-VDEC-1080P: set_frame_rate: the current time is 182811
06-05 18:28:11.696  1582 11338 I OMX-VDEC-1080P: set_frame_rate: the current time is 182811
06-05 18:28:11.729  1582 11338 I OMX-VDEC-1080P: set_frame_rate: the current time is 182811
06-05 18:28:11.736  7552  7931 D ThermalIECHandler: storeDataStyle: thermal_iec_monitor_persistence_data_style_iec_state; startIECTime: -1; IECScreenOffOverPeriodTime: -1
06-05 18:28:11.736  2999  2999 D DynamicService:  ACTION_BATTERY_CHANGED change,USB plug = 2
06-05 18:28:11.736  6316  6316 I BatteryInfoReceiver: ACTION_BATTERY_CHANGED
06-05 18:28:11.737  7552  7857 D PowerCheckerService: onBatteryChanged, mBatteryLevel = 56, status = 2, level = 56, plug = 2, scale = 100
06-05 18:28:11.740  7552  7645 D PowerKeeper.Thermal: mBatteryTemperature: 40
06-05 18:28:11.741  2992  2992 V DeviceStatisticsService: chargerType=2 batteryLevel=56 totalBatteryCapacity=4254800
06-05 18:28:11.741  2992  2992 D DeviceInfoHidlClient: isRadioOn()=true
06-05 18:28:11.741  2992  2992 I DeviceInfoHidlClient: isPowerInfoNeverSent=false batteryLevel=56 batteryLevelIndex=2 chargingMode=2 totalCapacity=4254800 powerSaveMode=false
06-05 18:28:11.764  1582 11338 I OMX-VDEC-1080P: set_frame_rate: the current time is 182811
06-05 18:28:11.798  1582 11338 I OMX-VDEC-1080P: set_frame_rate: the current time is 182811
06-05 18:28:11.830  1582 11338 I OMX-VDEC-1080P: set_frame_rate: the current time is 182811
06-05 18:28:11.865  1582 11338 I OMX-VDEC-1080P: set_frame_rate: the current time is 182811
06-05 18:28:11.901  1582 11338 I OMX-VDEC-1080P: set_frame_rate: the current time is 182811
06-05 18:28:11.931  1582 11338 I OMX-VDEC-1080P: set_frame_rate: the current time is 182811
06-05 18:28:11.964  1582 11338 I OMX-VDEC-1080P: set_frame_rate: the current time is 182811
06-05 18:28:11.997  1582 11338 I OMX-VDEC-1080P: set_frame_rate: the current time is 182811
06-05 18:28:12.032  1582 11338 I OMX-VDEC-1080P: set_frame_rate: the current time is 182812
06-05 18:28:12.065  1582 11338 I OMX-VDEC-1080P: set_frame_rate: the current time is 182812
06-05 18:28:12.098  1582 11338 I OMX-VDEC-1080P: set_frame_rate: the current time is 182812
06-05 18:28:12.131  1582 11338 I OMX-VDEC-1080P: set_frame_rate: the current time is 182812
06-05 18:28:12.164  1582 11338 I OMX-VDEC-1080P: set_frame_rate: the current time is 182812
06-05 18:28:12.197  1582 11338 I OMX-VDEC-1080P: set_frame_rate: the current time is 182812
06-05 18:28:12.230  1582 11338 I OMX-VDEC-1080P: set_frame_rate: the current time is 182812
06-05 18:28:12.266  1582 11338 I OMX-VDEC-1080P: set_frame_rate: the current time is 182812
06-05 18:28:12.299  1582 11338 I OMX-VDEC-1080P: set_frame_rate: the current time is 182812
06-05 18:28:12.331  1582 11338 I OMX-VDEC-1080P: set_frame_rate: the current time is 182812
06-05 18:28:12.363  1582 11338 I OMX-VDEC-1080P: set_frame_rate: the current time is 182812
06-05 18:28:12.398  1582 11338 I OMX-VDEC-1080P: set_frame_rate: the current time is 182812
06-05 18:28:12.431  1582 11338 I OMX-VDEC-1080P: set_frame_rate: the current time is 182812
06-05 18:28:12.465  1582 11338 I OMX-VDEC-1080P: set_frame_rate: the current time is 182812
06-05 18:28:12.499  1582 11338 I OMX-VDEC-1080P: set_frame_rate: the current time is 182812
06-05 18:28:12.531  1582 11338 I OMX-VDEC-1080P: set_frame_rate: the current time is 182812
06-05 18:28:12.565  1582 11338 I OMX-VDEC-1080P: set_frame_rate: the current time is 182812
06-05 18:28:12.599  1582 11338 I OMX-VDEC-1080P: set_frame_rate: the current time is 182812
06-05 18:28:12.631  1582 11338 I OMX-VDEC-1080P: set_frame_rate: the current time is 182812
06-05 18:28:12.665  1582 11338 I OMX-VDEC-1080P: set_frame_rate: the current time is 182812
06-05 18:28:12.699  1582 11338 I OMX-VDEC-1080P: set_frame_rate: the current time is 182812
06-05 18:28:12.730  1582 11338 I OMX-VDEC-1080P: set_frame_rate: the current time is 182812
06-05 18:28:12.764  1582 11338 I OMX-VDEC-1080P: set_frame_rate: the current time is 182812
06-05 18:28:12.797  1582 11338 I OMX-VDEC-1080P: set_frame_rate: the current time is 182812
06-05 18:28:12.830  1582 11338 I OMX-VDEC-1080P: set_frame_rate: the current time is 182812
06-05 18:28:12.873  1582 11338 I OMX-VDEC-1080P: set_frame_rate: the current time is 182812
06-05 18:28:12.899  1582 11338 I OMX-VDEC-1080P: set_frame_rate: the current time is 182812
06-05 18:28:12.931  1582 11338 I OMX-VDEC-1080P: set_frame_rate: the current time is 182812
06-05 18:28:12.964  1582 11338 I OMX-VDEC-1080P: set_frame_rate: the current time is 182812
06-05 18:28:12.998  1582 11338 I OMX-VDEC-1080P: set_frame_rate: the current time is 182812
06-05 18:28:13.032  1582 11338 I OMX-VDEC-1080P: set_frame_rate: the current time is 182813
06-05 18:28:13.065  1582 11338 I OMX-VDEC-1080P: set_frame_rate: the current time is 182813
06-05 18:28:13.099  1582 11338 I OMX-VDEC-1080P: set_frame_rate: the current time is 182813
06-05 18:28:13.131  1582 11338 I OMX-VDEC-1080P: set_frame_rate: the current time is 182813
06-05 18:28:13.164  1582 11338 I OMX-VDEC-1080P: set_frame_rate: the current time is 182813
06-05 18:28:13.199  1582 11338 I OMX-VDEC-1080P: set_frame_rate: the current time is 182813
06-05 18:28:13.232  1582 11338 I OMX-VDEC-1080P: set_frame_rate: the current time is 182813
06-05 18:28:13.265  1582 11338 I OMX-VDEC-1080P: set_frame_rate: the current time is 182813
06-05 18:28:13.299  1582 11338 I OMX-VDEC-1080P: set_frame_rate: the current time is 182813
06-05 18:28:13.332  1582 11338 I OMX-VDEC-1080P: set_frame_rate: the current time is 182813
06-05 18:28:13.365  1582 11338 I OMX-VDEC-1080P: set_frame_rate: the current time is 182813
06-05 18:28:13.398  1582 11338 I OMX-VDEC-1080P: set_frame_rate: the current time is 182813
06-05 18:28:13.432  1582 11338 I OMX-VDEC-1080P: set_frame_rate: the current time is 182813
06-05 18:28:13.464  1582 11338 I OMX-VDEC-1080P: set_frame_rate: the current time is 182813
06-05 18:28:13.500  1582 11338 I OMX-VDEC-1080P: set_frame_rate: the current time is 182813
06-05 18:28:13.533  1582 11338 I OMX-VDEC-1080P: set_frame_rate: the current time is 182813
06-05 18:28:13.567  1582 11338 I OMX-VDEC-1080P: set_frame_rate: the current time is 182813
06-05 18:28:13.567  1582 11338 I OMX-VDEC-1080P: set_frame_rate: the current time is 182813
06-05 18:28:13.567  1582 11338 I OMX-VDEC-1080P: set_frame_rate: the current time is 182813
06-05 18:28:13.666  1582 11338 I OMX-VDEC-1080P: set_frame_rate: the current time is 182813
06-05 18:28:13.700  1582 11338 I OMX-VDEC-1080P: set_frame_rate: the current time is 182813
06-05 18:28:13.733  1582 11338 I OMX-VDEC-1080P: set_frame_rate: the current time is 182813
06-05 18:28:13.767  1582 11338 I OMX-VDEC-1080P: set_frame_rate: the current time is 182813
06-05 18:28:13.800  1582 11338 I OMX-VDEC-1080P: set_frame_rate: the current time is 182813
06-05 18:28:13.832  1582 11338 I OMX-VDEC-1080P: set_frame_rate: the current time is 182813
06-05 18:28:13.867  1582 11338 I OMX-VDEC-1080P: set_frame_rate: the current time is 182813
06-05 18:28:13.900  1582 11338 I OMX-VDEC-1080P: set_frame_rate: the current time is 182813
06-05 18:28:13.934  1582 11338 I OMX-VDEC-1080P: set_frame_rate: the current time is 182813
06-05 18:28:13.967  1582 11338 I OMX-VDEC-1080P: set_frame_rate: the current time is 182813
06-05 18:28:14.000  1582 11338 I OMX-VDEC-1080P: set_frame_rate: the current time is 182814
06-05 18:28:14.033  1582 11338 I OMX-VDEC-1080P: set_frame_rate: the current time is 182814
06-05 18:28:14.065  1582 11338 I OMX-VDEC-1080P: set_frame_rate: the current time is 182814
06-05 18:28:14.099  1582 11338 I OMX-VDEC-1080P: set_frame_rate: the current time is 182814
06-05 18:28:14.133  1582 11338 I OMX-VDEC-1080P: set_frame_rate: the current time is 182814
06-05 18:28:14.166  1582 11338 I OMX-VDEC-1080P: set_frame_rate: the current time is 182814
06-05 18:28:14.200  1582 11338 I OMX-VDEC-1080P: set_frame_rate: the current time is 182814
06-05 18:28:14.233  1582 11338 I OMX-VDEC-1080P: set_frame_rate: the current time is 182814
06-05 18:28:14.266  1582 11338 I OMX-VDEC-1080P: set_frame_rate: the current time is 182814
06-05 18:28:14.295  8163  8163 W CrashSDKBkgdHan: type=1400 audit(0.0:6049): avc: denied { read } for name="loadavg" dev="proc" ino=4026532259 scontext=u:r:untrusted_app:s0:c13,c257,c512,c768 tcontext=u:object_r:proc_loadavg:s0 tclass=file permissive=0 app=com.lazada.android
06-05 18:28:14.302  1582 11338 I OMX-VDEC-1080P: set_frame_rate: the current time is 182814
06-05 18:28:14.333  1582 11338 I OMX-VDEC-1080P: set_frame_rate: the current time is 182814
06-05 18:28:14.366  1582 11338 I OMX-VDEC-1080P: set_frame_rate: the current time is 182814
06-05 18:28:14.400  1582 11338 I OMX-VDEC-1080P: set_frame_rate: the current time is 182814
06-05 18:28:14.433  1582 11338 I OMX-VDEC-1080P: set_frame_rate: the current time is 182814
06-05 18:28:14.466  1582 11338 I OMX-VDEC-1080P: set_frame_rate: the current time is 182814
06-05 18:28:14.500  1582 11338 I OMX-VDEC-1080P: set_frame_rate: the current time is 182814
06-05 18:28:14.533  1582 11338 I OMX-VDEC-1080P: set_frame_rate: the current time is 182814
06-05 18:28:14.567  1582 11338 I OMX-VDEC-1080P: set_frame_rate: the current time is 182814
06-05 18:28:14.600  1582 11338 I OMX-VDEC-1080P: set_frame_rate: the current time is 182814
06-05 18:28:14.633  1582 11338 I OMX-VDEC-1080P: set_frame_rate: the current time is 182814
06-05 18:28:14.667  1582 11338 I OMX-VDEC-1080P: set_frame_rate: the current time is 182814
06-05 18:28:14.700  1582 11338 I OMX-VDEC-1080P: set_frame_rate: the current time is 182814
06-05 18:28:14.733  1582 11338 I OMX-VDEC-1080P: set_frame_rate: the current time is 182814
06-05 18:28:14.762  1850  2553 D MIUIInput: [MotionEvent] publisher action=0x4, 5482809, channel 'c058ab6 com.miui.securitycenter (server)'
06-05 18:28:14.762  1850  2553 D MIUIInput: [MotionEvent] publisher action=0x0, 5482809, channel 'f66205e com.ss.android.ugc.trill/com.ss.android.ugc.aweme.splash.SplashActivity (server)'
06-05 18:28:14.762  7693  7693 I GameBoxTouchListener: onTouch: 	mAdded=false	isLeftShowtrue
06-05 18:28:14.767  1850  2553 D MIUIInput: [MotionEvent] publisher action=0x1, 5482814, channel 'f66205e com.ss.android.ugc.trill/com.ss.android.ugc.aweme.splash.SplashActivity (server)'
06-05 18:28:14.767  1582 11338 I OMX-VDEC-1080P: set_frame_rate: the current time is 182814
06-05 18:28:14.800  1582 11338 I OMX-VDEC-1080P: set_frame_rate: the current time is 182814
06-05 18:28:14.833  1582 11338 I OMX-VDEC-1080P: set_frame_rate: the current time is 182814
06-05 18:28:14.867  1582 11338 I OMX-VDEC-1080P: set_frame_rate: the current time is 182814
06-05 18:28:14.900  1582 11338 I OMX-VDEC-1080P: set_frame_rate: the current time is 182814
06-05 18:28:14.934  1582 11338 I OMX-VDEC-1080P: set_frame_rate: the current time is 182814
06-05 18:28:14.967  1582 11338 I OMX-VDEC-1080P: set_frame_rate: the current time is 182814
06-05 18:28:15.000  1582 11338 I OMX-VDEC-1080P: set_frame_rate: the current time is 182815
06-05 18:28:15.035  1582 11338 I OMX-VDEC-1080P: set_frame_rate: the current time is 182815
06-05 18:28:15.066  1582 11338 I OMX-VDEC-1080P: set_frame_rate: the current time is 182815
06-05 18:28:15.102  1582 11338 I OMX-VDEC-1080P: set_frame_rate: the current time is 182815
06-05 18:28:15.135  1582 11338 I OMX-VDEC-1080P: set_frame_rate: the current time is 182815
06-05 18:28:15.167  1582 11338 I OMX-VDEC-1080P: set_frame_rate: the current time is 182815
06-05 18:28:15.202  1582 11338 I OMX-VDEC-1080P: set_frame_rate: the current time is 182815
06-05 18:28:15.235  1582 11338 I OMX-VDEC-1080P: set_frame_rate: the current time is 182815
06-05 18:28:15.268  1582 11338 I OMX-VDEC-1080P: set_frame_rate: the current time is 182815
06-05 18:28:15.302  1582 11338 I OMX-VDEC-1080P: set_frame_rate: the current time is 182815
06-05 18:28:15.335  1582 11338 I OMX-VDEC-1080P: set_frame_rate: the current time is 182815
06-05 18:28:15.368  1582 11338 I OMX-VDEC-1080P: set_frame_rate: the current time is 182815
06-05 18:28:15.402  1582 11338 I OMX-VDEC-1080P: set_frame_rate: the current time is 182815
06-05 18:28:15.435  1582 11338 I OMX-VDEC-1080P: set_frame_rate: the current time is 182815
06-05 18:28:15.468  1582 11338 I OMX-VDEC-1080P: set_frame_rate: the current time is 182815
06-05 18:28:15.511  1582 11338 I OMX-VDEC-1080P: set_frame_rate: the current time is 182815
06-05 18:28:15.534  1582 11338 I OMX-VDEC-1080P: set_frame_rate: the current time is 182815
06-05 18:28:15.568  1582 11338 I OMX-VDEC-1080P: set_frame_rate: the current time is 182815
06-05 18:28:15.602  1582 11338 I OMX-VDEC-1080P: set_frame_rate: the current time is 182815
06-05 18:28:15.634  1582 11338 I OMX-VDEC-1080P: set_frame_rate: the current time is 182815
06-05 18:28:15.668  1582 11338 I OMX-VDEC-1080P: set_frame_rate: the current time is 182815
06-05 18:28:15.701  1582 11338 I OMX-VDEC-1080P: set_frame_rate: the current time is 182815
06-05 18:28:15.738  1582 11338 I OMX-VDEC-1080P: set_frame_rate: the current time is 182815
06-05 18:28:15.768  1582 11338 I OMX-VDEC-1080P: set_frame_rate: the current time is 182815
06-05 18:28:15.801  1582 11338 I OMX-VDEC-1080P: set_frame_rate: the current time is 182815
06-05 18:28:15.834  1582 11338 I OMX-VDEC-1080P: set_frame_rate: the current time is 182815
06-05 18:28:15.868  1582 11338 I OMX-VDEC-1080P: set_frame_rate: the current time is 182815
06-05 18:28:15.901  1582 11338 I OMX-VDEC-1080P: set_frame_rate: the current time is 182815
06-05 18:28:15.936  1582 11338 I OMX-VDEC-1080P: set_frame_rate: the current time is 182815
06-05 18:28:15.968  1582 11338 I OMX-VDEC-1080P: set_frame_rate: the current time is 182815
06-05 18:28:16.001  1582 11338 I OMX-VDEC-1080P: set_frame_rate: the current time is 182816
06-05 18:28:16.035  1582 11338 I OMX-VDEC-1080P: set_frame_rate: the current time is 182816
06-05 18:28:16.068  1582 11338 I OMX-VDEC-1080P: set_frame_rate: the current time is 182816
06-05 18:28:16.101  1582 11338 I OMX-VDEC-1080P: set_frame_rate: the current time is 182816
06-05 18:28:16.136  1582 11338 I OMX-VDEC-1080P: set_frame_rate: the current time is 182816
06-05 18:28:16.168  1582 11338 I OMX-VDEC-1080P: set_frame_rate: the current time is 182816
06-05 18:28:16.202  1582 11338 I OMX-VDEC-1080P: set_frame_rate: the current time is 182816
06-05 18:28:16.236  1582 11338 I OMX-VDEC-1080P: set_frame_rate: the current time is 182816
06-05 18:28:16.270  1582 11338 I OMX-VDEC-1080P: set_frame_rate: the current time is 182816
06-05 18:28:16.312  1582 11338 I OMX-VDEC-1080P: set_frame_rate: the current time is 182816
06-05 18:28:16.334  1582 11338 I OMX-VDEC-1080P: set_frame_rate: the current time is 182816
06-05 18:28:16.367  1582 11338 I OMX-VDEC-1080P: set_frame_rate: the current time is 182816
06-05 18:28:16.402  1582 11338 I OMX-VDEC-1080P: set_frame_rate: the current time is 182816
06-05 18:28:16.434  1582 11338 I OMX-VDEC-1080P: set_frame_rate: the current time is 182816
06-05 18:28:16.467  1582 11338 I OMX-VDEC-1080P: set_frame_rate: the current time is 182816
06-05 18:28:16.503  1582 11338 I OMX-VDEC-1080P: set_frame_rate: the current time is 182816
06-05 18:28:16.535  1582 11338 I OMX-VDEC-1080P: set_frame_rate: the current time is 182816
06-05 18:28:16.569  1582 11338 I OMX-VDEC-1080P: set_frame_rate: the current time is 182816
06-05 18:28:16.574  2999  3462 D MI_RIL_OEM_HOOK: onPkHookCommonMsg, msg_id = 65
06-05 18:28:16.574  2999  3462 D MI_RIL_OEM_HOOK: onGetHookMsgBytes, HOOK_HEAD_SIZE = 16, msg_len = 4
06-05 18:28:16.574  2999  3462 D MI_RIL_OEM_HOOK: onHookSendSync, phoneId = 0
06-05 18:28:16.575  2930  2930 D QcrilMsgTunnelIfaceManager: handleMessage what = 1
06-05 18:28:16.575  2930  2930 I QcrilOemhookMsgTunnel: [0]invokeOemRilRequestRaw: serial=2115 length=36
06-05 18:28:16.602  1582 11338 I OMX-VDEC-1080P: set_frame_rate: the current time is 182816
06-05 18:28:16.614  1793  2006 D XIAOMI_QCRIL: RIL[lib][xiaomi_extend_nvefs.c:52] xiaomi_qmi_result_map: xiaomi_qmi_result_map, old_result 0, new_result 0
06-05 18:28:16.614  2930  3267 I QcrilOemhookMsgTunnel: [0]processOemHookResponse serial no: 2115 error: 0length=16
06-05 18:28:16.615  2930  2930 D QcrilMsgTunnelIfaceManager: handleMessage what = 2
06-05 18:28:16.617  2999  3462 D QC_RIL_OEM_HOOK: sendOemRilRequestRaw returns value = 16
06-05 18:28:16.617  2999  3462 D ModemSarController_8250: type = 65, len = 4, value = 0
06-05 18:28:16.636  1582 11338 I OMX-VDEC-1080P: set_frame_rate: the current time is 182816
06-05 18:28:16.668  1582 11338 I OMX-VDEC-1080P: set_frame_rate: the current time is 182816
06-05 18:28:16.702  1582 11338 I OMX-VDEC-1080P: set_frame_rate: the current time is 182816
06-05 18:28:16.735  1582 11338 I OMX-VDEC-1080P: set_frame_rate: the current time is 182816
06-05 18:28:16.770  1582 11338 I OMX-VDEC-1080P: set_frame_rate: the current time is 182816
06-05 18:28:16.801  1582 11338 I OMX-VDEC-1080P: set_frame_rate: the current time is 182816
06-05 18:28:16.835  1582 11338 I OMX-VDEC-1080P: set_frame_rate: the current time is 182816
06-05 18:28:16.869  1582 11338 I OMX-VDEC-1080P: set_frame_rate: the current time is 182816
06-05 18:28:16.902  1582 11338 I OMX-VDEC-1080P: set_frame_rate: the current time is 182816
06-05 18:28:16.937  1582 11338 I OMX-VDEC-1080P: set_frame_rate: the current time is 182816
06-05 18:28:16.970  1582 11338 I OMX-VDEC-1080P: set_frame_rate: the current time is 182816
06-05 18:28:17.003  1582 11338 I OMX-VDEC-1080P: set_frame_rate: the current time is 182817
06-05 18:28:17.036  1582 11338 I OMX-VDEC-1080P: set_frame_rate: the current time is 182817
06-05 18:28:17.069  1582 11338 I OMX-VDEC-1080P: set_frame_rate: the current time is 182817
06-05 18:28:17.112  1582 11338 I OMX-VDEC-1080P: set_frame_rate: the current time is 182817
06-05 18:28:17.137  1582 11338 I OMX-VDEC-1080P: set_frame_rate: the current time is 182817
06-05 18:28:17.170  1582 11338 I OMX-VDEC-1080P: set_frame_rate: the current time is 182817
06-05 18:28:17.204  1582 11338 I OMX-VDEC-1080P: set_frame_rate: the current time is 182817
06-05 18:28:17.237  1582 11338 I OMX-VDEC-1080P: set_frame_rate: the current time is 182817
06-05 18:28:17.269  1582 11338 I OMX-VDEC-1080P: set_frame_rate: the current time is 182817
06-05 18:28:17.304  1582 11338 I OMX-VDEC-1080P: set_frame_rate: the current time is 182817
06-05 18:28:17.335  1582 11338 I OMX-VDEC-1080P: set_frame_rate: the current time is 182817
06-05 18:28:17.368  1582 11338 I OMX-VDEC-1080P: set_frame_rate: the current time is 182817
06-05 18:28:17.404  1582 11338 I OMX-VDEC-1080P: set_frame_rate: the current time is 182817
06-05 18:28:17.436  1582 11338 I OMX-VDEC-1080P: set_frame_rate: the current time is 182817
06-05 18:28:17.438  1850  2553 D MIUIInput: [MotionEvent] publisher action=0x4, 5485485, channel 'c058ab6 com.miui.securitycenter (server)'
06-05 18:28:17.439  1850  2553 D MIUIInput: [MotionEvent] publisher action=0x0, 5485485, channel 'f66205e com.ss.android.ugc.trill/com.ss.android.ugc.aweme.splash.SplashActivity (server)'
06-05 18:28:17.440  7693  7693 I GameBoxTouchListener: onTouch: 	mAdded=false	isLeftShowtrue
06-05 18:28:17.442  1850  2553 D MIUIInput: [MotionEvent] publisher action=0x1, 5485489, channel 'f66205e com.ss.android.ugc.trill/com.ss.android.ugc.aweme.splash.SplashActivity (server)'
06-05 18:28:17.456 18541 18541 W System.err: java.lang.IllegalStateException: Observer X.AyY@c60324f was not registered.
06-05 18:28:17.456 18541 18541 W System.err: 	at android.database.Observable.unregisterObserver(Observable.java:69)
06-05 18:28:17.456 18541 18541 W System.err: 	at X.0BA.unregisterAdapterDataObserver(SourceFile:16842754)
06-05 18:28:17.456 18541 18541 W System.err: 	at X.AyW.registerAdapterDataObserver(SourceFile:16973836)
06-05 18:28:17.456 18541 18541 W System.err: 	at androidx.recyclerview.widget.RecyclerView.LIZ(SourceFile:50593826)
06-05 18:28:17.457 18541 18541 W System.err: 	at androidx.recyclerview.widget.RecyclerView.setAdapter(SourceFile:16908293)
06-05 18:28:17.457 18541 18541 W System.err: 	at com.ss.android.ugc.aweme.comment.ui.CommentListFragment.LJ(SourceFile:17301685)
06-05 18:28:17.457 18541 18541 W System.err: 	at com.ss.android.ugc.aweme.comment.ui.CommentListFragment.LIZJ(SourceFile:17170506)
06-05 18:28:17.457 18541 18541 W System.err: 	at com.ss.android.ugc.aweme.comment.ui.CommentListFragment.LIZ(SourceFile:554)
06-05 18:28:17.457 18541 18541 W System.err: 	at com.ss.android.ugc.aweme.comment.ui.CommentListPageFragment.LIZIZ(SourceFile:17236275)
06-05 18:28:17.457 18541 18541 W System.err: 	at com.ss.android.ugc.aweme.comment.ui.CommentListPageFragment.LIZ(SourceFile:50725065)
06-05 18:28:17.457 18541 18541 W System.err: 	at com.ss.android.ugc.aweme.comment.CommentServiceImpl.LIZ(SourceFile:50593795)
06-05 18:28:17.457 18541 18541 W System.err: 	at X.8w9.LIZ(SourceFile:17302001)
06-05 18:28:17.457 18541 18541 W System.err: 	at com.ss.android.ugc.aweme.feed.panel.BaseListFragmentPanel.LIZ(SourceFile:5037)
06-05 18:28:17.457 18541 18541 W System.err: 	at com.ss.android.ugc.aweme.feed.panel.BaseListFragmentPanel.LIZ(SourceFile:4984)
06-05 18:28:17.457 18541 18541 W System.err: 	at com.ss.android.ugc.aweme.feed.panel.BaseListFragmentPanel.LIZIZ(SourceFile:67305493)
06-05 18:28:17.457 18541 18541 W System.err: 	at com.ss.android.ugc.aweme.feed.panel.BaseListFragmentPanel.LIZ(SourceFile:4250)
06-05 18:28:17.457 18541 18541 W System.err: 	at X.86f.LIZ(SourceFile:17367088)
06-05 18:28:17.457 18541 18541 W System.err: 	at com.ss.android.ugc.aweme.feed.panel.BaseListFragmentPanel.LIZIZ(SourceFile:17235981)
06-05 18:28:17.457 18541 18541 W System.err: 	at com.ss.android.ugc.aweme.feed.panel.BaseListFragmentPanel.LIZ(SourceFile:514)
06-05 18:28:17.457 18541 18541 W System.err: 	at com.ss.android.ugc.aweme.feed.adapter.VideoViewCell.LIZ(SourceFile:33882182)
06-05 18:28:17.457 18541 18541 W System.err: 	at com.ss.android.ugc.aweme.feed.adapter.VideoViewCell.LIZ(SourceFile:52118)
06-05 18:28:17.457 18541 18541 W System.err: 	at com.ss.android.ugc.aweme.feed.adapter.VideoViewCell.onChanged(SourceFile:16842754)
06-05 18:28:17.457 18541 18541 W System.err: 	at X.Ahn$a.onChanged(SourceFile:16973839)
06-05 18:28:17.457 18541 18541 W System.err: 	at androidx.lifecycle.LiveData.considerNotify(SourceFile:17039389)
06-05 18:28:17.457 18541 18541 W System.err: 	at androidx.lifecycle.LiveData.dispatchingValue(SourceFile:17039410)
06-05 18:28:17.457 18541 18541 W System.err: 	at androidx.lifecycle.LiveData.setValue(SourceFile:16973838)
06-05 18:28:17.457 18541 18541 W System.err: 	at X.10c.setValue(SourceFile:16777216)
06-05 18:28:17.457 18541 18541 W System.err: 	at X.Ahn.setValue(SourceFile:16908294)
06-05 18:28:17.457 18541 18541 W System.err: 	at com.ss.android.ugc.aweme.arch.widgets.base.DataCenter.LIZ(SourceFile:33947710)
06-05 18:28:17.457 18541 18541 W System.err: 	at X.9Tg.LJFF(SourceFile:17301928)
06-05 18:28:17.458 18541 18541 W System.err: 	at X.9U4.onClick(SourceFile:16908295)
06-05 18:28:17.458 18541 18541 W System.err: 	at android.view.View.performClick(View.java:7750)
06-05 18:28:17.458 18541 18541 W System.err: 	at android.view.View.performClickInternal(View.java:7727)
06-05 18:28:17.458 18541 18541 W System.err: 	at android.view.View.access$3700(View.java:861)
06-05 18:28:17.458 18541 18541 W System.err: 	at android.view.View$PerformClick.run(View.java:29133)
06-05 18:28:17.458 18541 18541 W System.err: 	at android.os.Handler.handleCallback(Handler.java:938)
06-05 18:28:17.458 18541 18541 W System.err: 	at android.os.Handler.dispatchMessage(Handler.java:99)
06-05 18:28:17.458 18541 18541 W System.err: 	at android.os.Looper.loopOnce(Looper.java:210)
06-05 18:28:17.458 18541 18541 W System.err: 	at android.os.Looper.loop(Looper.java:299)
06-05 18:28:17.458 18541 18541 W System.err: 	at android.app.ActivityThread.main(ActivityThread.java:8105)
06-05 18:28:17.458 18541 18541 W System.err: 	at java.lang.reflect.Method.invoke(Native Method)
06-05 18:28:17.458 18541 18541 W System.err: 	at com.android.internal.os.RuntimeInit$MethodAndArgsCaller.run(RuntimeInit.java:556)
06-05 18:28:17.458 18541 18541 W System.err: 	at com.android.internal.os.ZygoteInit.main(ZygoteInit.java:1045)
06-05 18:28:17.469  1582 11338 I OMX-VDEC-1080P: set_frame_rate: the current time is 182817
06-05 18:28:17.471 18541 18541 D DecorView[]: getWindowModeFromSystem  windowmode is 1
06-05 18:28:17.503  1582 11338 I OMX-VDEC-1080P: set_frame_rate: the current time is 182817
06-05 18:28:17.535  1582 11338 I OMX-VDEC-1080P: set_frame_rate: the current time is 182817
06-05 18:28:17.570  1582 11338 I OMX-VDEC-1080P: set_frame_rate: the current time is 182817
06-05 18:28:17.603  1582 11338 I OMX-VDEC-1080P: set_frame_rate: the current time is 182817
06-05 18:28:17.636  1582 11338 I OMX-VDEC-1080P: set_frame_rate: the current time is 182817
06-05 18:28:17.669  1582 11338 I OMX-VDEC-1080P: set_frame_rate: the current time is 182817
06-05 18:28:17.703  1582 11338 I OMX-VDEC-1080P: set_frame_rate: the current time is 182817
06-05 18:28:17.736  1582 11338 I OMX-VDEC-1080P: set_frame_rate: the current time is 182817
06-05 18:28:17.769  1582 11338 I OMX-VDEC-1080P: set_frame_rate: the current time is 182817
06-05 18:28:17.803  1582 11338 I OMX-VDEC-1080P: set_frame_rate: the current time is 182817
06-05 18:28:17.836  1582 11338 I OMX-VDEC-1080P: set_frame_rate: the current time is 182817
06-05 18:28:17.836  1582 11338 I OMX-VDEC-1080P: set_frame_rate: the current time is 182817
06-05 18:28:17.836  1582 11338 I OMX-VDEC-1080P: set_frame_rate: the current time is 182817
06-05 18:28:17.936  1582 11338 I OMX-VDEC-1080P: set_frame_rate: the current time is 182817
06-05 18:28:17.969  1582 11338 I OMX-VDEC-1080P: set_frame_rate: the current time is 182817
06-05 18:28:18.003  1582 11338 I OMX-VDEC-1080P: set_frame_rate: the current time is 182818
06-05 18:28:18.037  1582 11338 I OMX-VDEC-1080P: set_frame_rate: the current time is 182818
06-05 18:28:18.069  1582 11338 I OMX-VDEC-1080P: set_frame_rate: the current time is 182818
06-05 18:28:18.103  1582 11338 I OMX-VDEC-1080P: set_frame_rate: the current time is 182818
06-05 18:28:18.137  1582 11338 I OMX-VDEC-1080P: set_frame_rate: the current time is 182818
06-05 18:28:18.170  1582 11338 I OMX-VDEC-1080P: set_frame_rate: the current time is 182818
06-05 18:28:18.203  1582 11338 I OMX-VDEC-1080P: set_frame_rate: the current time is 182818
06-05 18:28:18.237  1582 11338 I OMX-VDEC-1080P: set_frame_rate: the current time is 182818
06-05 18:28:18.269  1582 11338 I OMX-VDEC-1080P: set_frame_rate: the current time is 182818
06-05 18:28:18.304  1582 11338 I OMX-VDEC-1080P: set_frame_rate: the current time is 182818
06-05 18:28:18.337  1582 11338 I OMX-VDEC-1080P: set_frame_rate: the current time is 182818
06-05 18:28:18.369  1582 11338 I OMX-VDEC-1080P: set_frame_rate: the current time is 182818
06-05 18:28:18.403  1582 11338 I OMX-VDEC-1080P: set_frame_rate: the current time is 182818
06-05 18:28:18.437  1582 11338 I OMX-VDEC-1080P: set_frame_rate: the current time is 182818
06-05 18:28:18.470  1582 11338 I OMX-VDEC-1080P: set_frame_rate: the current time is 182818
06-05 18:28:18.504  1582 11338 I OMX-VDEC-1080P: set_frame_rate: the current time is 182818
06-05 18:28:18.538  1582 11338 I OMX-VDEC-1080P: set_frame_rate: the current time is 182818
06-05 18:28:18.571  1582 11338 I OMX-VDEC-1080P: set_frame_rate: the current time is 182818
06-05 18:28:18.604  1582 11338 I OMX-VDEC-1080P: set_frame_rate: the current time is 182818
06-05 18:28:18.636  1582 11338 I OMX-VDEC-1080P: set_frame_rate: the current time is 182818
06-05 18:28:18.671  1582 11338 I OMX-VDEC-1080P: set_frame_rate: the current time is 182818
06-05 18:28:18.712  1582 11338 I OMX-VDEC-1080P: set_frame_rate: the current time is 182818
06-05 18:28:18.738  1582 11338 I OMX-VDEC-1080P: set_frame_rate: the current time is 182818
06-05 18:28:18.771  1582 11338 I OMX-VDEC-1080P: set_frame_rate: the current time is 182818
06-05 18:28:18.805  1582 11338 I OMX-VDEC-1080P: set_frame_rate: the current time is 182818
06-05 18:28:18.837  1582 11338 I OMX-VDEC-1080P: set_frame_rate: the current time is 182818
06-05 18:28:18.858 18541 19352 E ttmn    : <audio_outlet.cpp,process,631>silence audio : 9266
06-05 18:28:18.871  1582 11338 I OMX-VDEC-1080P: set_frame_rate: the current time is 182818
06-05 18:28:18.905  1582 11338 I OMX-VDEC-1080P: set_frame_rate: the current time is 182818
06-05 18:28:18.940  1582 11338 I OMX-VDEC-1080P: set_frame_rate: the current time is 182818
06-05 18:28:18.972  1582 11338 I OMX-VDEC-1080P: set_frame_rate: the current time is 182818
06-05 18:28:19.004  1582 11338 I OMX-VDEC-1080P: set_frame_rate: the current time is 182819
06-05 18:28:19.038  1582 11338 I OMX-VDEC-1080P: set_frame_rate: the current time is 182819
06-05 18:28:19.071  1582 11338 I OMX-VDEC-1080P: set_frame_rate: the current time is 182819
06-05 18:28:19.105  1582 11338 I OMX-VDEC-1080P: set_frame_rate: the current time is 182819
06-05 18:28:19.140  1582 11338 I OMX-VDEC-1080P: set_frame_rate: the current time is 182819
06-05 18:28:19.172  1582 11338 I OMX-VDEC-1080P: set_frame_rate: the current time is 182819
06-05 18:28:19.206  1582 11338 I OMX-VDEC-1080P: set_frame_rate: the current time is 182819
06-05 18:28:19.239  1582 11338 I OMX-VDEC-1080P: set_frame_rate: the current time is 182819
06-05 18:28:19.271  1582 11338 I OMX-VDEC-1080P: set_frame_rate: the current time is 182819
06-05 18:28:19.305  1582 11338 I OMX-VDEC-1080P: set_frame_rate: the current time is 182819
06-05 18:28:19.338  1582 11338 I OMX-VDEC-1080P: set_frame_rate: the current time is 182819
06-05 18:28:19.372  1582 11338 I OMX-VDEC-1080P: set_frame_rate: the current time is 182819
06-05 18:28:19.405  1582 11338 I OMX-VDEC-1080P: set_frame_rate: the current time is 182819
06-05 18:28:19.438  1582 11338 I OMX-VDEC-1080P: set_frame_rate: the current time is 182819
06-05 18:28:19.471  1582 11338 I OMX-VDEC-1080P: set_frame_rate: the current time is 182819
06-05 18:28:19.505  1582 11338 I OMX-VDEC-1080P: set_frame_rate: the current time is 182819
06-05 18:28:19.539  1582 11338 I OMX-VDEC-1080P: set_frame_rate: the current time is 182819
06-05 18:28:19.573  1582 11338 I OMX-VDEC-1080P: set_frame_rate: the current time is 182819
06-05 18:28:19.605  1582 11338 I OMX-VDEC-1080P: set_frame_rate: the current time is 182819
06-05 18:28:19.638  1582 11338 I OMX-VDEC-1080P: set_frame_rate: the current time is 182819
06-05 18:28:19.672  1582 11338 I OMX-VDEC-1080P: set_frame_rate: the current time is 182819
06-05 18:28:19.705  1582 11338 I OMX-VDEC-1080P: set_frame_rate: the current time is 182819
06-05 18:28:19.738  1582 11338 I OMX-VDEC-1080P: set_frame_rate: the current time is 182819
06-05 18:28:19.772  1582 11338 I OMX-VDEC-1080P: set_frame_rate: the current time is 182819
06-05 18:28:19.805  1582 11338 I OMX-VDEC-1080P: set_frame_rate: the current time is 182819
06-05 18:28:19.838  1582 11338 I OMX-VDEC-1080P: set_frame_rate: the current time is 182819
06-05 18:28:19.872  1582 11338 I OMX-VDEC-1080P: set_frame_rate: the current time is 182819
