06-05 18:22:24.610  7784  8155 I sandbox.Render.NN.ServiceSetting: event Q CONNECT_COMPLETE <- P BIND_TO_CALLER
06-05 18:22:24.610  7784  8155 I sandbox.[Render.NN]ChildProcessConn@1: ChildProcessConnection onServiceConnected.
06-05 18:22:24.610  7784  8155 I sandbox.[Render.NN]ChildProcessConn@1: [orr] onServiceConnected, mConnectionParams is NULL.
06-05 18:22:24.610  7784  8155 I sandbox.[N]SpareChildConn: onChildStarted1 , service: com.taobao.uc.service.SandboxedPrivilegedProcessService0, sandboxed: true
06-05 18:22:24.625  8162  8162 I u4java_LibraryLoader_uc: loadLibrary webviewuc
06-05 18:22:24.627  8162  8162 W vilege_process0: type=1400 audit(0.0:5790): avc: granted { execute } for path="/data/data/com.lazada.android/app_ucmsdk/decompresses2/_1963416253/14020819_347130062000/lib/libwebviewuc.so" dev="dm-11" ino=420522 scontext=u:r:untrusted_app:s0:c13,c257,c512,c768 tcontext=u:object_r:app_data_file:s0:c13,c257,c512,c768 tclass=file app=com.lazada.android
06-05 18:22:24.639  8279  8279 W ps      : type=1400 audit(0.0:5791): avc: denied { read } for name="pid_max" dev="proc" ino=675543 scontext=u:r:untrusted_app:s0:c13,c257,c512,c768 tcontext=u:object_r:proc_pid_max:s0 tclass=file permissive=0 app=com.lazada.android
06-05 18:22:24.659  8163  8163 I JNI_OnLoad: ucCoreSoImplVersion: 3.22.1.205_220209151037
06-05 18:22:24.660  8163  8163 I u4java_LibraryLoader_uc: U4 core time to load native libraries: 56 ms (timestamps 2651-2707)
06-05 18:22:24.661  1850  2553 D MIUIInput: [MotionEvent] publisher action=0x4, 5132708, channel '613871d com.miui.securitycenter (server)'
06-05 18:22:24.661  1850  2553 D MIUIInput: [MotionEvent] publisher action=0x4, 5132708, channel 'ef6ede1 com.miui.securitycenter (server)'
06-05 18:22:24.661  1850  2553 D MIUIInput: [MotionEvent] publisher action=0x0, 5132708, channel '1b9faa8 com.blizzard.wtcg.hearthstone/com.blizzard.wtcg.hearthstone.HearthstoneActivity (server)'
06-05 18:22:24.661  7693  7693 I GameBoxTouchListener: onTouch: 	mAdded=false	isLeftShowfalse
06-05 18:22:24.661  7693  7693 I GameBoxTouchListener: onTouch: 	mAdded=false	isLeftShowtrue
06-05 18:22:24.664  8162  8162 I JNI_OnLoad: ucCoreSoImplVersion: 3.22.1.205_220209151037
06-05 18:22:24.666  8162  8162 I u4java_LibraryLoader_uc: U4 core time to load native libraries: 82 ms (timestamps 2631-2713)
06-05 18:22:24.666  8162  8162 I u4java_dlmalloc: mremap() is original disabled and change to enabled
06-05 18:22:24.684  7784  7784 I u4java_ucstartup: startChromiumLocked
06-05 18:22:24.686  7784  8281 I u4java_WebViewChromiumAwInit:  doNetworkInitializations end.
06-05 18:22:24.687  7784  8281 I u4java_WebViewChromiumAwInit: disable skia compatible, android version 12
06-05 18:22:24.687  7784  8281 I u4java_WebViewChromiumAwInit: initPlatSupportLibrary end.
06-05 18:22:24.688  7784  7784 I u4java_u4java: pathUtils getOrComputeDirectoryPaths
06-05 18:22:24.688  8163  8163 I u4java_dlmalloc: mremap() is original disabled and change to enabled
06-05 18:22:24.696  8163  8163 E resolve_sym_loader: initialize_if_needed, app_map: 0x7caf25c0e0, so_name: /system/bin/app_process64
06-05 18:22:24.700  7784  7784 I u4java_BrowserStartup: Initializing chromium process, singleProcess=false
06-05 18:22:24.707  8162  8162 E resolve_sym_loader: initialize_if_needed, app_map: 0x7caf25c0e0, so_name: /system/bin/app_process64
06-05 18:22:24.716  1850  2553 D MIUIInput: [MotionEvent] publisher action=0x1, 5132763, channel '1b9faa8 com.blizzard.wtcg.hearthstone/com.blizzard.wtcg.hearthstone.HearthstoneActivity (server)'
06-05 18:22:24.749  7784  8281 I u4native: [INFO:browser_main_loop.cc(2242)] BrowserMainLoop::PreMainMessageLoopStartOnNonUIThread
06-05 18:22:24.751  7784  7784 I u4native: [INFO:aw_browser_main_parts.cc(144)] AwBrowserMainParts::PreCreateThreads start
06-05 18:22:24.771  7784  8281 I u4native: [INFO:browser_main_loop.cc(2419)] BrowserMainLoop::BrowserThreadsStartedNonUIThread start
06-05 18:22:24.779  7784  8318 I cr.gpuproc: [display_compositor_thread_runner.cc(45) InitializeOnCompositorThread]
06-05 18:22:24.779  7784  8318 I cr.gpuproc: [display_compositor_thread.cc(38) EstablishGpuChannel]
06-05 18:22:24.779  7784  8318 I cr.gpuproc: [gpu_channel_host_factory_impl.cc(250) EstablishGpuChannel]
06-05 18:22:24.786  7784  8309 I cr.gpuproc: [gpu_process_host.cc(0x7c0e0bfd80,736) GpuProcessHost] in_process_: 0
06-05 18:22:24.791  8162  8162 W CrashSDKBkgdHan: type=1400 audit(0.0:5792): avc: denied { read } for name="loadavg" dev="proc" ino=4026532259 scontext=u:r:untrusted_app:s0:c13,c257,c512,c768 tcontext=u:object_r:proc_loadavg:s0 tclass=file permissive=0 app=com.lazada.android
06-05 18:22:24.792  7784  8156 I cr.sandbox: [aw_browser_terminator.cc(275) OnChildStart] OnChildStart
06-05 18:22:24.792  7784  8156 I u4native: [INFO:child_process_launcher_helper_android.cc(139)] gpu-process.sandbox 0, fd: 312, desc: MojoIPCChannel
06-05 18:22:24.793  7784  8156 I u4native: [INFO:child_process_launcher_helper_android.cc(139)] gpu-process.sandbox 1, fd: 296, desc: kAndroidWebViewMainPakDescriptor
06-05 18:22:24.793  7784  8156 I u4native: [INFO:child_process_launcher_helper_android.cc(139)] gpu-process.sandbox 2, fd: 294, desc: kAndroidWebView100PercentPakDescriptor
06-05 18:22:24.793  7784  8156 I u4native: [INFO:child_process_launcher_helper_android.cc(139)] gpu-process.sandbox 3, fd: 295, desc: kAndroidWebViewLocalePakDescriptor
06-05 18:22:24.793  7784  8156 I u4native: [INFO:child_process_launcher_helper_android.cc(139)] gpu-process.sandbox 4, fd: 317, desc: kAndroidWebViewCrashSignalDescriptor
06-05 18:22:24.793  7784  8156 I sandbox.ChildProcLH: createAndStart - process type: gpu-process
06-05 18:22:24.796  7784  8309 I cr.gpuproc: [gpu_process_host.cc(0x7c0e0bfd80,1016) EstablishGpuChannel] client_id: 1, begin
06-05 18:22:24.797  7784  8309 I cr.gpuproc: [gpu_process_host.cc(0x7c0e0bfd80,1045) EstablishGpuChannel] client_id: 1, call service EstablishGpuChannel
06-05 18:22:24.797  7784  8309 I cr.gpuproc: [gpu_process_host.cc(0x7c0e0bfd80,1060) EstablishGpuChannel] client_id: 1, end
06-05 18:22:24.798  7784  8309 I cr.gpuproc: [gpu_process_host.cc(0x7c0e0bfd80,1016) EstablishGpuChannel] client_id: 2, begin
06-05 18:22:24.798  7784  8309 I cr.gpuproc: [gpu_process_host.cc(0x7c0e0bfd80,1045) EstablishGpuChannel] client_id: 2, call service EstablishGpuChannel
06-05 18:22:24.798  7784  8309 I cr.gpuproc: [gpu_process_host.cc(0x7c0e0bfd80,1060) EstablishGpuChannel] client_id: 2, end
06-05 18:22:24.799  7784  7784 I cr.gpuproc: [gpu_client_impl.cc(0x7c0c3cd800,45) GpuClientImpl] client_id: 4
06-05 18:22:24.800  7784  7784 I sandbox.MPStats: onEstablishGpuChannelStart: false
06-05 18:22:24.801  7784  7784 I sandbox.GPU.ServiceSetting: event i ESTABLISH_GPU_CHANNEL_S <- Q CONNECT_COMPLETE
06-05 18:22:24.802  7784  8155 I cr.sandbox: [aw_browser_terminator.cc(275) OnChildStart] OnChildStart
06-05 18:22:24.804  7784  8155 I u4native: [INFO:child_process_launcher_helper_android.cc(139)] renderer.sandbox 0, fd: 325, desc: MojoIPCChannel
06-05 18:22:24.804  7784  8155 I u4native: [INFO:child_process_launcher_helper_android.cc(139)] renderer.sandbox 1, fd: 296, desc: kAndroidWebViewMainPakDescriptor
06-05 18:22:24.804  7784  8155 I u4native: [INFO:child_process_launcher_helper_android.cc(139)] renderer.sandbox 2, fd: 294, desc: kAndroidWebView100PercentPakDescriptor
06-05 18:22:24.804  7784  8155 I u4native: [INFO:child_process_launcher_helper_android.cc(139)] renderer.sandbox 3, fd: 295, desc: kAndroidWebViewLocalePakDescriptor
06-05 18:22:24.804  7784  8155 I u4native: [INFO:child_process_launcher_helper_android.cc(139)] renderer.sandbox 4, fd: 330, desc: kAndroidWebViewCrashSignalDescriptor
06-05 18:22:24.804  7784  8155 I u4native: [INFO:child_process_launcher_helper_android.cc(139)] renderer.sandbox 5, fd: 329, desc: assets/snapshot_blob_32.bin
06-05 18:22:24.804  7784  8155 I u4native: [INFO:child_process_launcher_helper_android.cc(139)] renderer.sandbox 6, fd: 331, desc: assets/snapshot_blob_64.bin
06-05 18:22:24.804  7784  8155 I sandbox.ChildProcLH: createAndStart - process type: renderer
06-05 18:22:24.805  7784  8155 I sandbox.ChildProcLH: start with SpareSandboxedConnection
06-05 18:22:24.805  7784  8155 I sandbox.ChildProcLU: notifyWarmUpStatus, status: SANDBOXED_ACTIVED
06-05 18:22:24.809  7784  7784 E u4java_WebViewChromiumAwInit:  startChromiumLocked postAwBrowserProcessStart notifyAll
06-05 18:22:24.812  7784  8309 I cr.gpuproc: [gpu_client_impl.cc(0x7c0c3cd800,189) EstablishGpuChannel] client_id: 4, begin
06-05 18:22:24.812  7784  8309 I cr.gpuproc: [gpu_process_host.cc(0x7c0e0bfd80,1016) EstablishGpuChannel] client_id: 4, begin
06-05 18:22:24.812  7784  8309 I cr.gpuproc: [gpu_process_host.cc(0x7c0e0bfd80,1045) EstablishGpuChannel] client_id: 4, call service EstablishGpuChannel
06-05 18:22:24.813  7784  8309 I cr.gpuproc: [gpu_process_host.cc(0x7c0e0bfd80,1060) EstablishGpuChannel] client_id: 4, end
06-05 18:22:24.813  7784  8309 I cr.gpuproc: [gpu_client_impl.cc(0x7c0c3cd800,230) EstablishGpuChannel] client_id: 4, end
06-05 18:22:24.817  7552  7931 D ThermalIECHandler: storeDataStyle: thermal_iec_monitor_persistence_data_style_iec_state; startIECTime: -1; IECScreenOffOverPeriodTime: -1
06-05 18:22:24.817  2999  2999 D DynamicService:  ACTION_BATTERY_CHANGED change,USB plug = 2
06-05 18:22:24.818  6316  6316 I BatteryInfoReceiver: ACTION_BATTERY_CHANGED
06-05 18:22:24.819  2992  2992 V DeviceStatisticsService: chargerType=2 batteryLevel=56 totalBatteryCapacity=4249900
06-05 18:22:24.819  2992  2992 D DeviceInfoHidlClient: isRadioOn()=true
06-05 18:22:24.819  2992  2992 I DeviceInfoHidlClient: isPowerInfoNeverSent=false batteryLevel=56 batteryLevelIndex=2 chargingMode=2 totalCapacity=4249900 powerSaveMode=false
06-05 18:22:24.819  7552  7857 D PowerCheckerService: onBatteryChanged, mBatteryLevel = 56, status = 2, level = 56, plug = 2, scale = 100
06-05 18:22:24.820  7552  7645 D PowerKeeper.Thermal: mBatteryTemperature: 42
06-05 18:22:24.851  7784  7784 I cr.ucmedia: [media_service_impl.cc(50) MediaServiceImpl] 0x7bfef81d50[0/1], web_contents_: 0x7bfef79600
06-05 18:22:24.856  7784  8156 I sandbox.GPU.ServiceSetting: event B LAUNCH_START     <- i ESTABLISH_GPU_CHANNEL_S
06-05 18:22:24.858  7784  8156 I sandbox.GPU.ServiceSetting: event W SETUP_CONNECTION <- B LAUNCH_START
06-05 18:22:24.858  7784  8156 I sandbox.[GPU]ChildProcessConn@2.WatchDog: start - timeout/retry = 5000/0, event/reason = 40/62
06-05 18:22:24.860  8163  8201 I sandbox.[GPU.Svc.7784]ChildProcessService: processConnectionBundle - mUseExportedService: true, mEnableSeccomp: false, isIsolatedProcess: false
06-05 18:22:24.861  7784  8156 I sandbox.GPU.ServiceSetting: event X SETUP_CONNECTING <- W SETUP_CONNECTION
06-05 18:22:24.862  7784  8156 I sandbox.[GPU]ChildProcessConn@2: SETUP_CONNECTION done
06-05 18:22:24.863  7784  8276 I sandbox.[GPU]ChildProcessConn@2: SETUP_CONNECTION_COMPLETE_A
06-05 18:22:24.865  7784  8155 I sandbox.Render.NN.ServiceSetting: event B LAUNCH_START     <- Q CONNECT_COMPLETE
06-05 18:22:24.865  7784  8155 I sandbox.Render.NN.ServiceSetting: event W SETUP_CONNECTION <- B LAUNCH_START
06-05 18:22:24.865  7784  8155 I sandbox.[Render.NN]ChildProcessConn@1.WatchDog: start - timeout/retry = 5000/0, event/reason = 40/62
06-05 18:22:24.866  7784  8155 I sandbox.Render.NN.ServiceSetting: event X SETUP_CONNECTING <- W SETUP_CONNECTION
06-05 18:22:24.866  7784  8155 I sandbox.[Render.NN]ChildProcessConn@1: SETUP_CONNECTION done
06-05 18:22:24.867  8162  8179 I sandbox.[Render.NN.Svc.7784]ChildProcessService: processConnectionBundle - mUseExportedService: true, mEnableSeccomp: false, isIsolatedProcess: false
06-05 18:22:24.871  7784  8276 I sandbox.[Render.NN]ChildProcessConn@1: SETUP_CONNECTION_COMPLETE_A
06-05 18:22:24.873  8163  8308 I sandbox.[GPU.Svc.7784]ChildProcessService: MainThread.run: before loadNativeLibrary: true
06-05 18:22:24.874  8163  8308 I u4java_CommandLine: enableNativeProxy A
06-05 18:22:24.874  1850  2648 D ConnectivityService: NetReassign [no changes]
06-05 18:22:24.875  8163  8308 I u4java_CommandLine: enableNativeProxy B - webview-sandboxed-renderer: 0, webview_gpu_process: 0, cl: org.chromium.base.CommandLine$NativeCommandLine@1df63f1
06-05 18:22:24.880  7784  8155 I sandbox.[Render.NN]ChildProcessConn@1: SETUP_CONNECTION_COMPLETE_B
06-05 18:22:24.881  7784  8155 I sandbox.[Render.NN]ChildProcessConn@1.WatchDog: cancel
06-05 18:22:24.881  7784  8155 I sandbox.Render.NN.ServiceSetting: event Y SETUP_CONNECTION_COMPLETE <- X SETUP_CONNECTING
06-05 18:22:24.882  8163  8191 I sandbox.[GPU.Svc.7784]ChildProcessService: onAppForegroundChanged: true
06-05 18:22:24.884  8162  8303 I sandbox.[Render.NN.Svc.7784]ChildProcessService: MainThread.run: before loadNativeLibrary: true
06-05 18:22:24.887  8162  8303 I u4java_CommandLine: enableNativeProxy A
06-05 18:22:24.888  8162  8303 I u4java_CommandLine: enableNativeProxy B - webview-sandboxed-renderer: 0, webview_gpu_process: 0, cl: org.chromium.base.CommandLine$NativeCommandLine@9f72bd6
06-05 18:22:24.890  7784  8155 I sandbox.Render.ChildProcessLauncher: on connect callback, pid=8162
06-05 18:22:24.890  7784  8155 I sandbox.ChildProcLU: setConnectionStatus, status: BOUNDED_NORMAL
06-05 18:22:24.891  7784  8155 I sandbox.WebViewEntry: connection status changed: normal <- none
06-05 18:22:24.891  7784  8155 I sandbox.ChildProcLH: updateBoundedConnectionStatus: BOUNDED_NORMAL
06-05 18:22:24.891  7784  8155 I cr.sandbox: [child_process_launcher_helper_android.cc(310) OnChildProcessStarted] renderer - handle: 8162
06-05 18:22:24.891  7784  8155 I cr.sandbox: [child_process_launcher_helper.cc(255) PostLaunchOnLauncherThread] renderer - OutgoingInvitation... 1
06-05 18:22:24.892  7784  8155 I cr.sandbox: [child_process_launcher_helper.cc(267) PostLaunchOnLauncherThread] renderer - OutgoingInvitation done.
06-05 18:22:24.892  7784  8155 I sandbox.[Render.NN]ChildProcessConn@1: SETUP_CONNECTION_COMPLETE_C
06-05 18:22:24.892  8162  8178 I sandbox.[Render.NN.Svc.7784]ChildProcessService: onAppForegroundChanged: true
06-05 18:22:24.900  7784  8156 I sandbox.[GPU]ChildProcessConn@2: SETUP_CONNECTION_COMPLETE_B
06-05 18:22:24.901  7784  8156 I sandbox.[GPU]ChildProcessConn@2.WatchDog: cancel
06-05 18:22:24.901  7784  8156 I sandbox.GPU.ServiceSetting: event Y SETUP_CONNECTION_COMPLETE <- X SETUP_CONNECTING
06-05 18:22:24.902  7784  8156 I sandbox.GPU.ChildProcessLauncher: on connect callback, pid=8163
06-05 18:22:24.903  7784  8156 I sandbox.ChildProcLU: setConnectionStatus, status: BOUNDED_NORMAL
06-05 18:22:24.903  7784  8156 I sandbox.WebViewEntry: connection status changed: normal <- normal
06-05 18:22:24.903  7784  8156 I sandbox.ChildProcLH: updateBoundedConnectionStatus: BOUNDED_NORMAL
06-05 18:22:24.903  7784  8156 I cr.sandbox: [child_process_launcher_helper_android.cc(310) OnChildProcessStarted] gpu-process - handle: 8163
06-05 18:22:24.903  7784  8156 I cr.sandbox: [child_process_launcher_helper.cc(255) PostLaunchOnLauncherThread] gpu-process - OutgoingInvitation... 1
06-05 18:22:24.903  7784  8156 I cr.sandbox: [child_process_launcher_helper.cc(267) PostLaunchOnLauncherThread] gpu-process - OutgoingInvitation done.
06-05 18:22:24.906  7784  8297 W .lazada.androi: Verification of java.lang.Object[] com.uc.wpk.UCDataFlow.a(int, java.lang.Object[]) took 139.861ms (40568.72 bytecodes/s) (104912B approximate peak alloc)
06-05 18:22:24.908  7784  8309 E cr.sandbox: [child_process_launcher.cc(91) Notify] A
06-05 18:22:24.909  7784  8309 I cr.gpuproc: [gpu_process_host.cc(0x7c0e0bfd80,1173) OnProcessLaunched]
06-05 18:22:24.909  7784  8156 I sandbox.[GPU]ChildProcessConn@2: SETUP_CONNECTION_COMPLETE_C
06-05 18:22:24.922  8162  8303 I sandbox.[Render.NN.Svc.7784]ChildProcessService: normal process, disable seccomp-bpf
06-05 18:22:24.923  8162  8303 I sandbox.[Render.NN.Svc.7784]ChildProcessService: MainThread.run: after loadNativeLibrary
06-05 18:22:24.923  8162  8303 I sandbox.[Render.NN.Svc.7784]ChildProcessService: MainThread.run: before MainThread.wait()
06-05 18:22:24.923  8162  8303 I sandbox.[Render.NN.Svc.7784]ChildProcessService: MainThread.run: after MainThread.wait(): 7
06-05 18:22:24.936  7784  8067 E update_UpdateDataSource: invoke mtop no update!
06-05 18:22:24.937  8163  8308 I sandbox.[GPU.Svc.7784]ChildProcessService: normal process, disable seccomp-bpf
06-05 18:22:24.937  8163  8308 I sandbox.[GPU.Svc.7784]ChildProcessService: MainThread.run: after loadNativeLibrary
06-05 18:22:24.938  8163  8308 I sandbox.[GPU.Svc.7784]ChildProcessService: MainThread.run: before MainThread.wait()
06-05 18:22:24.938  8163  8308 I sandbox.[GPU.Svc.7784]ChildProcessService: MainThread.run: after MainThread.wait(): 5
06-05 18:22:24.961  7784  7784 I sandbox.ProcessRestorer: Construct
06-05 18:22:24.961  7784  7784 I sandbox.ProcessRestorer: ProcessRestorer.onAppForegroundChanged(true)
06-05 18:22:24.964  8163  8308 I cr.sandbox.gpu: [gpu_main.cc(255) GpuMain] gpu_init_timeout: 20000, gpu_info_cache_enable: 1
06-05 18:22:24.971  8163  8308 E u4native: [ERROR:crash_sdk.cc(37)] CrashSDK::Init are called multiple times
06-05 18:22:24.971  8163  8308 I cr.sandbox.gpu: [gpu_main.cc(352) GpuMain]  18:22:24.971 352
06-05 18:22:24.971  8163  8308 I cr.sandbox.gpu: [gpu_main.cc(364) GpuMain] InitializeSkia... 18:22:24.971 352 1ms/364
06-05 18:22:24.971  7784  7784 E u4java_sandbox.WarmUpWebView: No longer needed
06-05 18:22:24.974  8163  8308 I cr.sandbox.gpu: [gpu_main.cc(366) GpuMain] InitializeSkia done. 18:22:24.971 352 1ms/364 3ms/366
06-05 18:22:24.974  8163  8308 I cr.sandbox.gpu: [gpu_main.cc(376) GpuMain] InitializeAndStartSandbox... 18:22:24.971 352 1ms/364 3ms/366 0ms/376
06-05 18:22:24.981  8162  8303 I u4native: [INFO:message_loop.cc(583)] ThreadWatchdog start to monitor thread: CrRendererMain, duration: 15000ms
06-05 18:22:24.983  8162  8303 I cr.sandbox.render: [process_setting.cc(47) SetProcMode] render process mode changed: -1(INVALID) -> 11(NORMAL_WITHOUT_SECCOMP)
06-05 18:22:24.987  8163  8308 I cr.gpuproc: [gl_surface_egl.cc(886) InitializeDisplay] begin
06-05 18:22:24.988  8163  8308 I AdrenoGLES-0: QUALCOMM build                   : d970ca5f2e, Ifead41f47e
06-05 18:22:24.988  8163  8308 I AdrenoGLES-0: Build Date                       : 07/14/21
06-05 18:22:24.988  8163  8308 I AdrenoGLES-0: OpenGL ES Shader Compiler Version: EV031.32.02.14
06-05 18:22:24.988  8163  8308 I AdrenoGLES-0: Local Branch                     :
06-05 18:22:24.988  8163  8308 I AdrenoGLES-0: Remote Branch                    :
06-05 18:22:24.988  8163  8308 I AdrenoGLES-0: Remote Branch                    :
06-05 18:22:24.988  8163  8308 I AdrenoGLES-0: Reconstruct Branch               :
06-05 18:22:24.988  8163  8308 I AdrenoGLES-0: Build Config                     : S P 10.0.7 AArch64
06-05 18:22:24.988  8163  8308 I AdrenoGLES-0: Driver Path                      : /vendor/lib64/egl/libGLESv2_adreno.so
06-05 18:22:24.990  8162  8303 I cr.sandbox.render: [child_thread_impl.cc(492) Init] IncomingInvitation...
06-05 18:22:24.991  8162  8303 I cr.sandbox.render: [child_thread_impl.cc(495) Init] IncomingInvitation done.
06-05 18:22:25.004  7784  7784 I cyclone.ucstartup: end create first export WebView
06-05 18:22:25.030  8163  8308 I AdrenoGLES-0: PFP: 0x016dd093, ME: 0x00000000
06-05 18:22:25.075  8163  8308 I cr.gpuproc: [gl_surface_egl.cc(973) InitializeDisplay] end, g_egl_display: 0xb400007be8bcec80
06-05 18:22:25.083  8163  8308 I cr.sandbox.gpu: [gpu_main.cc(379) GpuMain] InitializeAndStartSandbox done. 18:22:24.971 352 1ms/364 3ms/366 0ms/376 108ms/379
06-05 18:22:25.084  8163  8308 I cr.sandbox.gpu: [gpu_main.cc(398) GpuMain] new GpuChildThread... 18:22:24.971 352 1ms/364 3ms/366 0ms/376 108ms/379 1ms/398
06-05 18:22:25.085  8163  8308 I cr.sandbox.gpu: [child_thread_impl.cc(492) Init] IncomingInvitation...
06-05 18:22:25.085  8163  8308 I cr.sandbox.gpu: [child_thread_impl.cc(495) Init] IncomingInvitation done.
06-05 18:22:25.105  8163  8308 I cr.sandbox.gpu: [gpu_main.cc(401) GpuMain] new GpuChildThread done. 18:22:24.971 352 1ms/364 3ms/366 0ms/376 108ms/379 1ms/398 22ms/401
06-05 18:22:25.105  8163  8308 I cr.sandbox.gpu: [process_setting.cc(47) SetProcMode] gpu process mode changed: -1(INVALID) -> 2(ISOLATE)
06-05 18:22:25.126  8163  8350 I cr.gpuproc: [gpu_service_impl.cc(0x7c9fb046e0,736) EstablishGpuChannel] client_id: 1, post to IO Thread to EstablishGpuChannel
06-05 18:22:25.126  8163  8308 I cr.gpuproc: [gpu_service_impl.cc(0x7c9fb046e0,752) EstablishGpuChannel] client_id: 1, begin, call manager EstablishChannel
06-05 18:22:25.126  8163  8308 I cr.gpuproc: [gpu_service_impl.cc(0x7c9fb046e0,757) EstablishGpuChannel] client_id: 1, call Init
06-05 18:22:25.126  8163  8308 I cr.gpuproc: [gpu_service_impl.cc(0x7c9fb046e0,767) EstablishGpuChannel] client_id: 1, end and call callback
06-05 18:22:25.126  8163  8350 I cr.gpuproc: [gpu_service_impl.cc(0x7c9fb046e0,736) EstablishGpuChannel] client_id: 2, post to IO Thread to EstablishGpuChannel
06-05 18:22:25.127  8163  8308 I cr.gpuproc: [gpu_service_impl.cc(0x7c9fb046e0,752) EstablishGpuChannel] client_id: 2, begin, call manager EstablishChannel
06-05 18:22:25.127  8163  8308 I cr.gpuproc: [gpu_service_impl.cc(0x7c9fb046e0,757) EstablishGpuChannel] client_id: 2, call Init
06-05 18:22:25.127  8163  8308 I cr.gpuproc: [gpu_service_impl.cc(0x7c9fb046e0,767) EstablishGpuChannel] client_id: 2, end and call callback
06-05 18:22:25.127  8163  8350 I cr.gpuproc: [gpu_service_impl.cc(0x7c9fb046e0,736) EstablishGpuChannel] client_id: 4, post to IO Thread to EstablishGpuChannel
06-05 18:22:25.127  8163  8308 I cr.gpuproc: [gpu_service_impl.cc(0x7c9fb046e0,752) EstablishGpuChannel] client_id: 4, begin, call manager EstablishChannel
06-05 18:22:25.127  8163  8308 I cr.gpuproc: [gpu_service_impl.cc(0x7c9fb046e0,757) EstablishGpuChannel] client_id: 4, call Init
06-05 18:22:25.127  8163  8308 I cr.gpuproc: [gpu_service_impl.cc(0x7c9fb046e0,767) EstablishGpuChannel] client_id: 4, end and call callback
06-05 18:22:25.129  7784  8309 I cr.gpuproc: [gpu_process_host.cc(0x7c0e0bfd80,1123) OnChannelEstablished] client_id: 1, begin
06-05 18:22:25.129  7784  8309 I cr.gpuproc: [gpu_process_host.cc(0x7c0e0bfd80,1145) OnChannelEstablished] client_id: 1, end and call callback
06-05 18:22:25.130  7784  8309 I cr.gpuproc: [gpu_process_host.cc(0x7c0e0bfd80,1123) OnChannelEstablished] client_id: 2, begin
06-05 18:22:25.130  7784  8309 I cr.gpuproc: [gpu_process_host.cc(0x7c0e0bfd80,1145) OnChannelEstablished] client_id: 2, end and call callback
06-05 18:22:25.130  7784  8309 I cr.gpuproc: [gpu_channel_host_factory_impl.cc(131) OnEstablishedOnIO]
06-05 18:22:25.130  7784  8309 I cr.gpuproc: [gpu_channel_host_factory_impl.cc(154) FinishOnIO]
06-05 18:22:25.131  7784  8318 I cr.gpuproc: [gpu_channel_host_factory_impl.cc(168) FinishOnMain] finished: 0
06-05 18:22:25.131  7784  8318 I cr.gpuproc: [gpu_channel_host_factory_impl.cc(294) GpuChannelEstablished] gpu_channel: 0x7bfece7cf0
06-05 18:22:25.131  7784  8318 I cr.gpuproc: [display_compositor_thread.cc(46) OnGpuChannelEstablished] begin, gpu_channel: 0x7bfece7cf0/0x0
06-05 18:22:25.131  7784  8318 I cr.gpuproc: [display_compositor_context_provider.cc(29) GetDisplayCompositorSharedMemoryLimits] screen: 2400x1080
06-05 18:22:25.131  7784  8309 I cr.gpuproc: [gpu_process_host.cc(0x7c0e0bfd80,1123) OnChannelEstablished] client_id: 4, begin
06-05 18:22:25.131  7784  8318 I cr.gpuproc: [display_compositor_context_provider.cc(0x7c0e0b7af0,162) DisplayCompositorContextProvider] impl_count: 0, total attched: 0
06-05 18:22:25.131  7784  8309 I cr.gpuproc: [gpu_process_host.cc(0x7c0e0bfd80,1145) OnChannelEstablished] client_id: 4, end and call callback
06-05 18:22:25.131  7784  8318 I cr.gpuproc: [display_compositor_thread.cc(67) OnGpuChannelEstablished] end and call callback, provider: 0x7c0e0b7af0
06-05 18:22:25.131  7784  8309 I cr.gpuproc: [gpu_client_impl.cc(0x7c0c3cd800,104) OnEstablishGpuChannel] client_id: 4, begin, pre_establish: 1, status: 2
06-05 18:22:25.131  7784  8309 I sandbox.MPStats: onEstablishGpuChannelFinish: false
06-05 18:22:25.132  7784  8309 I sandbox.GPU.ServiceSetting: event j ESTABLISH_GPU_CHANNEL_F <- Y SETUP_CONNECTION_COMPLETE
06-05 18:22:25.132  7784  8309 I cr.gpuproc: [gpu_client_impl.cc(0x7c0c3cd800,169) OnEstablishGpuChannel] client_id: 4, end
06-05 18:22:25.155  7784  7784 I sandbox.MPStats: onLoadUrl, proc states: Render: 11/11/11 app, GPU: 2/2/2 app, foreground: true
06-05 18:22:25.187  7784  7784 I sandbox.AwContents: onWarmUpStatusChanged, status: SANDBOXED_ACTIVED
06-05 18:22:25.197  7784  7784 E cr.sandbox: [child_process_launcher.cc(91) Notify] A
06-05 18:22:25.200  7784  7784 I cr.sandbox.child_exit_observer_android: Observe begin
06-05 18:22:25.201  7784  7784 I cr.sandbox.child_exit_observer_android: Observe type: NOTIFICATION_RENDERER_PROCESS_CREATED
06-05 18:22:25.202  8162  8303 E chromium: UcAllocLarge V8 > 134217728
06-05 18:22:25.213  7784  7784 I sandbox.GPU.ServiceSetting: onProcessReady - desire: 2, got: 2, why: 0
06-05 18:22:25.238  7784  7784 I sandbox.MPStats: afterSetupMultiMode - com.lazada.android, foreground true
06-05 18:22:25.239  7784  7784 I cr.sandbox: [process_setting.cc(47) SetProcMode] gpu process mode changed: -1(INVALID) -> 2(ISOLATE)
06-05 18:22:25.240  7784  7784 I sandbox.AwContents: onProcessReady - GPU: 2/2/2 app, inCache: false - https://pages.lazada.com.ph/wow/gcp/rout...@e817a67
06-05 18:22:25.295  7784  7784 I u4native: [INFO:render_process_host_impl.cc(3476)] RenderProcessHostImpl::OnChannelConnected
06-05 18:22:25.295  1850  2553 D MIUIInput: [MotionEvent] publisher action=0x4, 5133342, channel '613871d com.miui.securitycenter (server)'
06-05 18:22:25.295  1850  2553 D MIUIInput: [MotionEvent] publisher action=0x4, 5133342, channel 'ef6ede1 com.miui.securitycenter (server)'
06-05 18:22:25.295  1850  2553 D MIUIInput: [MotionEvent] publisher action=0x0, 5133342, channel '1b9faa8 com.blizzard.wtcg.hearthstone/com.blizzard.wtcg.hearthstone.HearthstoneActivity (server)'
06-05 18:22:25.295  7693  7693 I GameBoxTouchListener: onTouch: 	mAdded=false	isLeftShowfalse
06-05 18:22:25.295  7693  7693 I GameBoxTouchListener: onTouch: 	mAdded=false	isLeftShowtrue
06-05 18:22:25.302  7784  7784 I sandbox.AwContents: onProcessReady - Render: 11/11/11 app, inCache: false - https://pages.lazada.com.ph/wow/gcp/rout...@e817a67
06-05 18:22:25.338  8162  8303 I cr.sandbox.render: [render_thread_impl.cc(1616) Init] RENDER_THREAD_READY, mode: 11.
06-05 18:22:25.351  7784  7784 I cr.sandbox: [process_setting.cc(47) SetProcMode] render process mode changed: -1(INVALID) -> 11(NORMAL_WITHOUT_SECCOMP)
06-05 18:22:25.352  7784  7784 I sandbox.Render.NN.ServiceSetting: onProcessReady - desire: 11, got: 11, why: 0
06-05 18:22:25.365  1850  2553 D MIUIInput: [MotionEvent] publisher action=0x1, 5133413, channel '1b9faa8 com.blizzard.wtcg.hearthstone/com.blizzard.wtcg.hearthstone.HearthstoneActivity (server)'
06-05 18:22:25.372  7784  8195 E u4java_sandbox.WarmUpWebView: startup ignored, status 4
06-05 18:22:25.373  7784  7784 I sandbox.WebViewRenderViewManager: update webview visible - foreground: true, visible webview count: 0
06-05 18:22:25.380  2953  3093 I Unity   : [Spell Pooling]  Acquired: Card_Play_Weapon_Death(Clone)(Clone)
06-05 18:22:25.384  2953  3093 I Unity   : [Spell Pooling]  Acquired: Card_Play_Weapon_SummonIn_Friendly(Clone)(Clone)
06-05 18:22:25.443  8162  8357 I u4native: [INFO:layer_tree_host_impl.cc(6140)] t2_stat, FinishT2Analysis, status:2, time_used_:0, frame_count_:0
06-05 18:22:25.449  8162  8303 E u4native: [ERROR:frame_loader.cc(1210)] PrepareForCommit, this:0x52f82cc8, IsLoadingMainFrame:1, document_loader_=0x52f84358, protect_provisional_loader_=0, detached_=0
06-05 18:22:25.467  1850  2553 D MIUIInput: [MotionEvent] publisher action=0x4, 5133515, channel '613871d com.miui.securitycenter (server)'
06-05 18:22:25.467  1850  2553 D MIUIInput: [MotionEvent] publisher action=0x4, 5133515, channel 'ef6ede1 com.miui.securitycenter (server)'
06-05 18:22:25.467  1850  2553 D MIUIInput: [MotionEvent] publisher action=0x0, 5133515, channel '1b9faa8 com.blizzard.wtcg.hearthstone/com.blizzard.wtcg.hearthstone.HearthstoneActivity (server)'
06-05 18:22:25.468  7693  7693 I GameBoxTouchListener: onTouch: 	mAdded=false	isLeftShowfalse
06-05 18:22:25.469  7693  7693 I GameBoxTouchListener: onTouch: 	mAdded=false	isLeftShowtrue
06-05 18:22:25.482  7784  8297 W .lazada.androi: Verification of void com.uc.wpk.UCDataFlow.run() took 526.132ms (16201.25 bytecodes/s) (176832B approximate peak alloc)
06-05 18:22:25.522  1850  2553 D MIUIInput: [MotionEvent] publisher action=0x1, 5133569, channel '1b9faa8 com.blizzard.wtcg.hearthstone/com.blizzard.wtcg.hearthstone.HearthstoneActivity (server)'
06-05 18:22:25.523  8162  8303 I cr.sandbox.render: [process_setting.cc(47) SetProcMode] gpu process mode changed: -1(INVALID) -> 2(ISOLATE)
06-05 18:22:25.528  8162  8303 I cr.gpuproc: [render_thread_impl.cc(2726) RequestNewLayerTreeFrameSink]
06-05 18:22:25.528  8162  8303 I cr.gpuproc: [render_thread_impl.cc(2630) EstablishGpuChannelSync] begin
06-05 18:22:25.528  8162  8303 I cr.gpuproc: [gpu.cc(361) EstablishGpuChannelSync] begin
06-05 18:22:25.528  7784  8309 I cr.gpuproc: [gpu_client_impl.cc(0x7c0c3cd800,189) EstablishGpuChannel] client_id: 4, begin
06-05 18:22:25.529  7784  8309 I cr.gpuproc: [gpu_client_impl.cc(0x7c0c3cd800,204) EstablishGpuChannel] client_id: 4, end, channel handle invalid
06-05 18:22:25.546  8162  8303 I cr.gpuproc: [gpu.cc(373) EstablishGpuChannelSync] end, gpu_channel_ id: 4
06-05 18:22:25.546  8162  8303 I cr.gpuproc: [render_thread_impl.cc(2634) EstablishGpuChannelSync] end and set gpu info
06-05 18:22:25.546  8162  8303 I cr.gpuproc: [render_thread_impl.cc(3103) SharedCompositorWorkerContextProvider]
06-05 18:22:25.546  8162  8303 I cr.gpuproc: [render_thread_impl.cc(2630) EstablishGpuChannelSync] begin
06-05 18:22:25.546  8162  8303 I cr.gpuproc: [gpu.cc(357) EstablishGpuChannelSync] use current channel(id: 4)
06-05 18:22:25.546  8162  8303 I cr.gpuproc: [render_thread_impl.cc(2634) EstablishGpuChannelSync] end and set gpu info
06-05 18:22:25.546  8162  8303 D u4native: [command_buffer_proxy_impl.cc(0x7c99e0bd00,69) CommandBufferProxyImpl]
06-05 18:22:25.546  8162  8303 D u4native: [command_buffer_proxy_impl.cc(0x7c99e0bd00,85) Initialize] begin
06-05 18:22:25.559  8163  8308 I cr.gpuproc: [gpu_channel.cc(0x7c9fbe2510,632) OnCreateCommandBuffer] begin, handle: 0, is_gpu_host: 0
06-05 18:22:25.559  8163  8308 I cr.gpuproc: [gles2_command_buffer_stub.cc(0x7c9ff40fe0,101) GLES2CommandBufferStub]
06-05 18:22:25.559  8163  8308 I cr.gpuproc: [gles2_command_buffer_stub.cc(0x7c9ff40fe0,113) Initialize]
06-05 18:22:25.588  8163  8308 I cr.gpuproc: [gpu_channel.cc(0x7c9fbe2510,720) OnCreateCommandBuffer] end
06-05 18:22:25.588  8162  8303 D u4native: [command_buffer_proxy_impl.cc(0x7c99e0bd00,163) Initialize] end, result: 0
06-05 18:22:25.590  8162  8357 D u4native: [command_buffer_proxy_impl.cc(0x7c9ff42730,69) CommandBufferProxyImpl]
06-05 18:22:25.590  8162  8357 D u4native: [command_buffer_proxy_impl.cc(0x7c9ff42730,85) Initialize] begin
06-05 18:22:25.590  8163  8308 I cr.gpuproc: [gpu_channel.cc(0x7c9fbe2510,632) OnCreateCommandBuffer] begin, handle: 0, is_gpu_host: 0
06-05 18:22:25.590  8163  8308 I cr.gpuproc: [gles2_command_buffer_stub.cc(0x7c9ff3fb70,101) GLES2CommandBufferStub]
06-05 18:22:25.590  8163  8308 I cr.gpuproc: [gles2_command_buffer_stub.cc(0x7c9ff3fb70,113) Initialize]
06-05 18:22:25.593  8162  8303 E u4native: [ERROR:frame_loader.cc(1210)] PrepareForCommit, this:0x52f928d0, IsLoadingMainFrame:1, document_loader_=0x52f93f60, protect_provisional_loader_=0, detached_=0
06-05 18:22:25.593  8163  8308 I cr.gpuproc: [gpu_channel.cc(0x7c9fbe2510,720) OnCreateCommandBuffer] end
06-05 18:22:25.594  8162  8357 D u4native: [command_buffer_proxy_impl.cc(0x7c9ff42730,163) Initialize] end, result: 0
06-05 18:22:25.595  8162  8357 I cr.gpuproc: [display.cc(0x7c9ff088e0,97) Initialize]
06-05 18:22:25.595  8162  8357 I cr.gpuproc: [display.cc(0x7c9ff088e0,221) InitializeRenderer]
06-05 18:22:25.595  8162  8357 I cr.gpuproc: [display.cc(0x7c9ff088e0,142) SetVisible] visible: 1
06-05 18:22:25.606  8162  8303 E u4native: [ERROR:frame_loader.cc(1180)] PrepareForCommit, this:0x52f928d0, IsLoadingMainFrame:1, document_loader_=0x52f93f60, protect_provisional_loader_=1, detached_=0
06-05 18:22:25.606  8162  8303 E u4native: [ERROR:frame_loader.cc(1210)] PrepareForCommit, this:0x52f928d0, IsLoadingMainFrame:1, document_loader_=0x52f96a10, protect_provisional_loader_=0, detached_=0
06-05 18:22:25.621  8162  8360 E chromium: UcAllocLarge V8 > 134217728
06-05 18:22:25.632  1850  2553 D MIUIInput: [MotionEvent] publisher action=0x4, 5133679, channel '613871d com.miui.securitycenter (server)'
06-05 18:22:25.632  1850  2553 D MIUIInput: [MotionEvent] publisher action=0x4, 5133679, channel 'ef6ede1 com.miui.securitycenter (server)'
06-05 18:22:25.632  1850  2553 D MIUIInput: [MotionEvent] publisher action=0x0, 5133679, channel '1b9faa8 com.blizzard.wtcg.hearthstone/com.blizzard.wtcg.hearthstone.HearthstoneActivity (server)'
06-05 18:22:25.632  7693  7693 I GameBoxTouchListener: onTouch: 	mAdded=false	isLeftShowfalse
06-05 18:22:25.632  7693  7693 I GameBoxTouchListener: onTouch: 	mAdded=false	isLeftShowtrue
06-05 18:22:25.678  1850  2553 D MIUIInput: [MotionEvent] publisher action=0x1, 5133725, channel '1b9faa8 com.blizzard.wtcg.hearthstone/com.blizzard.wtcg.hearthstone.HearthstoneActivity (server)'
06-05 18:22:25.710  8274  8362 E WeexCore: script_bridge_in_multi_process.cpp:115, thread isStarted and task_queue_thread_ 2891185408
06-05 18:22:25.721  8274  8362 E WeexCore: core_side_in_multi_process.cpp:48, thread isStarted and IPC 2891185408
06-05 18:22:25.722  8274  8362 E WeexCore: script_bridge_in_multi_process.cpp:260, weex env set engine_type is 6 6
06-05 18:22:25.722  8274  8363 E WeexCore: script_side_in_simple.cpp:33, Init QJS
06-05 18:22:25.738  7784  8027 E WeexCore: script_side_in_simple.cpp:33,Init QJS
06-05 18:22:25.754  7784  8309 I cr.sandbox: BrowserIOThread heartbeat, interval/index: 30s/0, render: 11(NORMAL_WITHOUT_SECCOMP), gpu: 2(FULL)
06-05 18:22:25.874  8162  8303 E u4native: [ERROR:frame_loader.cc(1180)] PrepareForCommit, this:0x52f82cc8, IsLoadingMainFrame:1, document_loader_=0x52f84358, protect_provisional_loader_=1, detached_=0
06-05 18:22:25.876  8162  8303 E u4native: [ERROR:frame_loader.cc(1210)] PrepareForCommit, this:0x52f82cc8, IsLoadingMainFrame:1, document_loader_=0x52f9a008, protect_provisional_loader_=0, detached_=0
06-05 18:22:25.895  1850  2553 D MIUIInput: [MotionEvent] publisher action=0x4, 5133942, channel '613871d com.miui.securitycenter (server)'
06-05 18:22:25.895  1850  2553 D MIUIInput: [MotionEvent] publisher action=0x4, 5133942, channel 'ef6ede1 com.miui.securitycenter (server)'
06-05 18:22:25.895  1850  2553 D MIUIInput: [MotionEvent] publisher action=0x0, 5133942, channel '1b9faa8 com.blizzard.wtcg.hearthstone/com.blizzard.wtcg.hearthstone.HearthstoneActivity (server)'
06-05 18:22:25.895  7693  7693 I GameBoxTouchListener: onTouch: 	mAdded=false	isLeftShowfalse
06-05 18:22:25.895  7693  7693 I GameBoxTouchListener: onTouch: 	mAdded=false	isLeftShowtrue
06-05 18:22:25.917  1850  2553 D MIUIInput: [MotionEvent] publisher action=0x1, 5133964, channel '1b9faa8 com.blizzard.wtcg.hearthstone/com.blizzard.wtcg.hearthstone.HearthstoneActivity (server)'
06-05 18:22:25.936  7784  8027 E weex    : initFrameWorkCount :1
06-05 18:22:25.988  1103  1103 I audioserver: setGameParameters keyvalue: xlog.volume.music.speaker=54
06-05 18:22:25.989   975  2575 D audio_hw_primary: adev_set_parameters: enter: xlog.volume.music.speaker=54
06-05 18:22:25.989   975  2575 V msm8974_platform: platform_set_parameters: enter: xlog.volume.music.speaker=54
06-05 18:22:25.989   975  2575 D audio_hw_hfp: hfp_set_parameters: enter
06-05 18:22:25.989   975  2575 D audio_hw_hfp: hfp_set_parameters: enter
06-05 18:22:25.989   975  2575 V a2dp_offload: end of a2dp setparam
06-05 18:22:25.989   975  2575 D audio_hw_cspl_cal: cirrus_cal_setparameters: enter 0xf3003600
06-05 18:22:25.989   975  2575 D audio_hw_extn: audio_extn_fm_set_parameters: Enter
06-05 18:22:25.989   975  2575 D audio_hw_hfp: hfp_set_parameters: enter
06-05 18:22:25.989   975  2575 V a2dp_offload: end of a2dp setparam
06-05 18:22:25.989   975  2575 D audio_hw_primary: adev_set_parameters: exit with code(0)
06-05 18:22:25.989  1103  1103 I audioserver: setGameParameters keyvalue: xlog.volume.music.speaker=54
06-05 18:22:25.990   975  2575 D audio_hw_primary: adev_set_parameters: enter: xlog.volume.music.speaker=54
06-05 18:22:25.990   975  2575 V msm8974_platform: platform_set_parameters: enter: xlog.volume.music.speaker=54
06-05 18:22:25.990   975  2575 D audio_hw_hfp: hfp_set_parameters: enter
06-05 18:22:25.990   975  2575 D audio_hw_hfp: hfp_set_parameters: enter
06-05 18:22:25.990   975  2575 V a2dp_offload: end of a2dp setparam
06-05 18:22:25.990   975  2575 D audio_hw_cspl_cal: cirrus_cal_setparameters: enter 0xf3003600
06-05 18:22:25.990   975  2575 D audio_hw_extn: audio_extn_fm_set_parameters: Enter
06-05 18:22:25.990   975  2575 D audio_hw_hfp: hfp_set_parameters: enter
06-05 18:22:25.990   975  2575 V a2dp_offload: end of a2dp setparam
06-05 18:22:25.990   975  2575 D audio_hw_primary: adev_set_parameters: exit with code(0)
06-05 18:22:25.994  7784  8027 W weex    : WXComponentRegistry Duplicate the Module name: bindingx
06-05 18:22:25.995  7784  8027 W weex    : WXComponentRegistry Duplicate the Module name: binding
06-05 18:22:25.995  7784  8027 W weex    : WXComponentRegistry Duplicate the Module name: expressionBinding
06-05 18:22:26.000  7784  8027 W weex    : WXComponentRegistry Duplicate the Module name: videokeyboard
06-05 18:22:26.009  7784  8027 W weex    : WXComponentRegistry Duplicate the Module name: videoutils
06-05 18:22:26.144  8163  8308 I cr.sandbox.gpu: GpuMainThread heartbeat, interval/index: 30/0
06-05 18:22:26.214  1850  2553 D MIUIInput: [MotionEvent] publisher action=0x4, 5134261, channel '613871d com.miui.securitycenter (server)'
06-05 18:22:26.214  1850  2553 D MIUIInput: [MotionEvent] publisher action=0x4, 5134261, channel 'ef6ede1 com.miui.securitycenter (server)'
06-05 18:22:26.214  1850  2553 D MIUIInput: [MotionEvent] publisher action=0x0, 5134261, channel '1b9faa8 com.blizzard.wtcg.hearthstone/com.blizzard.wtcg.hearthstone.HearthstoneActivity (server)'
06-05 18:22:26.215  7693  7693 I GameBoxTouchListener: onTouch: 	mAdded=false	isLeftShowfalse
06-05 18:22:26.216  7693  7693 I GameBoxTouchListener: onTouch: 	mAdded=false	isLeftShowtrue
06-05 18:22:26.260  1850  2553 D MIUIInput: [MotionEvent] publisher action=0x1, 5134307, channel '1b9faa8 com.blizzard.wtcg.hearthstone/com.blizzard.wtcg.hearthstone.HearthstoneActivity (server)'
06-05 18:22:26.346  8162  8343 I cr.sandbox.render: RenderIOThread heartbeat, interval/index: 30s/0, render: 11(NORMAL_WITHOUT_SECCOMP), gpu: 2(FULL)
06-05 18:22:26.502  1850  2553 D MIUIInput: [MotionEvent] publisher action=0x4, 5134548, channel '613871d com.miui.securitycenter (server)'
06-05 18:22:26.502  1850  2553 D MIUIInput: [MotionEvent] publisher action=0x4, 5134548, channel 'ef6ede1 com.miui.securitycenter (server)'
06-05 18:22:26.502  1850  2553 D MIUIInput: [MotionEvent] publisher action=0x0, 5134548, channel '1b9faa8 com.blizzard.wtcg.hearthstone/com.blizzard.wtcg.hearthstone.HearthstoneActivity (server)'
06-05 18:22:26.502  7693  7693 I GameBoxTouchListener: onTouch: 	mAdded=false	isLeftShowfalse
06-05 18:22:26.502  7693  7693 I GameBoxTouchListener: onTouch: 	mAdded=false	isLeftShowtrue
06-05 18:22:26.537  1850  2553 D MIUIInput: [MotionEvent] publisher action=0x1, 5134584, channel '1b9faa8 com.blizzard.wtcg.hearthstone/com.blizzard.wtcg.hearthstone.HearthstoneActivity (server)'
06-05 18:22:26.629  7784  7796 W .lazada.androi: Suspending all threads took: 7.826ms
06-05 18:22:26.643  2953  3093 I Unity   : [Spell Pooling]  Acquired: Card_Play_Weapon_Unsheathe(Clone)(Clone)
06-05 18:22:26.688  8162  8303 I cr.sandbox.render: RenderMainThread heartbeat, interval/index: 30s/0, render: 11(NORMAL_WITHOUT_SECCOMP), gpu: 2(FULL)
06-05 18:22:26.744  7784  7796 W .lazada.androi: Suspending all threads took: 27.287ms
06-05 18:22:26.746  7784  7798 W JavaBinder: BinderProxy is being destroyed but the application did not call unlinkToDeath to unlink all of its death recipients beforehand.  Releasing leaked death recipient: com.google.android.play.core.internal.e
06-05 18:22:26.746  7784  7798 I BpBinder: onLastStrongRef automatically unlinking death recipients: <uncached descriptor>
06-05 18:22:26.747  7784  8027 W weex    : WXComponentRegistry Duplicate the Module name: expressionBinding
06-05 18:22:26.755  7784  8027 W weex    : WXComponentRegistry Duplicate the Module name: binding
06-05 18:22:26.756  7784  8027 W weex    : WXComponentRegistry Duplicate the Module name: bindingx
06-05 18:22:26.761  7784  8027 W weex    : WXComponentRegistry Duplicate the Module name: navigator
06-05 18:22:26.767  7784  8027 W weex    : WXComponentRegistry Duplicate the Module name: navigationBar
06-05 18:22:26.772  7784  8027 W weex    : WXComponentRegistry Duplicate the Module name: location
06-05 18:22:26.785  7784  8027 W weex    : WXComponentRegistry Duplicate the Module name: userTrack
06-05 18:22:26.807  7784  8370 I u4java_SysUtils: initSystemWebViewVersion: EnableSameSiteCookieDegradation=false
06-05 18:22:26.809  7784  8027 W weex    : WXComponentRegistry Duplicate the Module name: user
06-05 18:22:27.026  1850  2553 D MIUIInput: [MotionEvent] publisher action=0x4, 5135073, channel '613871d com.miui.securitycenter (server)'
06-05 18:22:27.026  1850  2553 D MIUIInput: [MotionEvent] publisher action=0x4, 5135073, channel 'ef6ede1 com.miui.securitycenter (server)'
06-05 18:22:27.026  1850  2553 D MIUIInput: [MotionEvent] publisher action=0x0, 5135073, channel '1b9faa8 com.blizzard.wtcg.hearthstone/com.blizzard.wtcg.hearthstone.HearthstoneActivity (server)'
06-05 18:22:27.026  7693  7693 I GameBoxTouchListener: onTouch: 	mAdded=false	isLeftShowfalse
06-05 18:22:27.026  7693  7693 I GameBoxTouchListener: onTouch: 	mAdded=false	isLeftShowtrue
06-05 18:22:27.093  1850  2553 D MIUIInput: [MotionEvent] publisher action=0x1, 5135141, channel '1b9faa8 com.blizzard.wtcg.hearthstone/com.blizzard.wtcg.hearthstone.HearthstoneActivity (server)'
06-05 18:22:27.236  1850  2634 D MiuiNetworkPolicy: updateLimit mLimitEnabled=false,enabled=true,mNetworkPriorityMode=2
06-05 18:22:27.495  1850  2553 D MIUIInput: [MotionEvent] publisher action=0x4, 5135542, channel '613871d com.miui.securitycenter (server)'
06-05 18:22:27.495  1850  2553 D MIUIInput: [MotionEvent] publisher action=0x4, 5135542, channel 'ef6ede1 com.miui.securitycenter (server)'
06-05 18:22:27.495  1850  2553 D MIUIInput: [MotionEvent] publisher action=0x0, 5135542, channel '1b9faa8 com.blizzard.wtcg.hearthstone/com.blizzard.wtcg.hearthstone.HearthstoneActivity (server)'
06-05 18:22:27.495  7693  7693 I GameBoxTouchListener: onTouch: 	mAdded=false	isLeftShowfalse
06-05 18:22:27.495  7693  7693 I GameBoxTouchListener: onTouch: 	mAdded=false	isLeftShowtrue
06-05 18:22:27.547  1850  2553 D MIUIInput: [MotionEvent] publisher action=0x1, 5135593, channel '1b9faa8 com.blizzard.wtcg.hearthstone/com.blizzard.wtcg.hearthstone.HearthstoneActivity (server)'
06-05 18:22:27.563  7784  8326 E PROTODB : ProtoDB::Wal::Get is hooked, and this will be written to tlog
06-05 18:22:27.931  3019  3510 I android_os_HwBinder: HwBinder: Starting thread pool for getting: vendor.xiaomi.hardware.micharge@1.0::IMiCharge/default
06-05 18:22:27.933  1062  1128 E vendor.xiaomi.hardware.micharge@1.0-service: Failed to open node /sys/class/power_supply/wireless/reverse_chg_mode
06-05 18:22:27.933  1062  1128 I vendor.xiaomi.hardware.micharge@1.0-service: ReadFilePathValue path = /sys/class/power_supply/wireless/reverse_chg_mode value =
06-05 18:22:27.935  7552  7931 D ThermalIECHandler: storeDataStyle: thermal_iec_monitor_persistence_data_style_iec_state; startIECTime: -1; IECScreenOffOverPeriodTime: -1
06-05 18:22:27.936  2999  2999 D DynamicService:  ACTION_BATTERY_CHANGED change,USB plug = 2
06-05 18:22:27.936  6316  6316 I BatteryInfoReceiver: ACTION_BATTERY_CHANGED
06-05 18:22:27.937  7552  7645 D PowerKeeper.Thermal: mBatteryTemperature: 42
06-05 18:22:27.937  7552  7857 D PowerCheckerService: onBatteryChanged, mBatteryLevel = 56, status = 2, level = 56, plug = 2, scale = 100
06-05 18:22:27.939  2992  2992 V DeviceStatisticsService: chargerType=2 batteryLevel=56 totalBatteryCapacity=4249100
06-05 18:22:27.939  2992  2992 D DeviceInfoHidlClient: isRadioOn()=true
06-05 18:22:27.939  2992  2992 I DeviceInfoHidlClient: isPowerInfoNeverSent=false batteryLevel=56 batteryLevelIndex=2 chargingMode=2 totalCapacity=4249100 powerSaveMode=false
06-05 18:22:27.945  3019  3510 D DolbyAtomsSoundEffectTile: setListening: true
06-05 18:22:27.945  3019  3510 D DolbyAtomsSoundEffectTile: initDolbyAtomsEffect:
06-05 18:22:27.954  3019  3510 I DolbyAudioEffect: Creating a DolbyAudioEffect to global output mix!
06-05 18:22:27.954  3019  3510 I DiracUtils: new MiSoundUtils.
06-05 18:22:27.954  3019  3510 I MiSoundUtils: initialize, mInitialized=false
06-05 18:22:27.956  3019  3510 D DolbyAtomsSoundEffectTile: Registering receiver
06-05 18:22:27.961  3019  3510 I android_os_HwBinder: HwBinder: Starting thread pool for getting: vendor.xiaomi.hardware.micharge@1.0::IMiCharge/default
06-05 18:22:27.962  1062  1128 E vendor.xiaomi.hardware.micharge@1.0-service: Failed to open node /sys/class/power_supply/wireless/reverse_chg_mode
06-05 18:22:27.962  1062  1128 I vendor.xiaomi.hardware.micharge@1.0-service: ReadFilePathValue path = /sys/class/power_supply/wireless/reverse_chg_mode value =
06-05 18:22:27.962  3019  3510 D DolbyAtomsSoundEffectTile: refreshState:
06-05 18:22:27.963   975  2575 D DlbDlbEffect: effectCommand(handle=0xf202a000, cmdCode=8, cmdSize=16, pCmdData=0xf227a480, replySize=28, pReplyData=0xf32281a0)
06-05 18:22:27.980  3019  3510 D DolbyAtomsSoundEffectTile: setListening: false
06-05 18:22:27.980  3019  3510 D DolbyAtomsSoundEffectTile: Unregistering receiver
06-05 18:22:27.980  3019  3510 I MiSoundUtils: release, mInitialized=true
06-05 18:22:27.981  1103  1103 W AudioFlinger::EffectHandle: disconnect Effect handle 0xb400007d6ab9e5a0 disconnected after thread destruction
06-05 18:22:27.981  1103  1103 W AudioFlinger::EffectHandle: disconnect Effect handle 0xb400007d6ab9e500 disconnected after thread destruction
06-05 18:22:27.984  3019  3019 D Tile.MiuiCellularTile: setAllSubs [{id=1 iccId=896303170[****] simSlotIndex=0 carrierId=1654 displayName=TNT carrierName=TNT nameSource=1 iconTint=-16746133 mNumber=[****] dataRoaming=0 iconBitmap=android.graphics.Bitmap@3d9c771 mcc=515 mnc=03 countryIso=ph isEmbedded=false nativeAccessRules=null cardString=896303170[****] cardId=0 isOpportunistic=false groupUUID=null isGroupDisabled=false profileClass=-1 ehplmns=[] hplmns=[] subscriptionType=0 groupOwner=null carrierConfigAccessRules=null areUiccApplicationsEnabled=true}, {id=2 iccId=896342035[****] simSlotIndex=1 carrierId=1653 displayName=GOMO carrierName=GOMO nameSource=1 iconTint=-13408298 mNumber=[****] dataRoaming=0 iconBitmap=android.graphics.Bitmap@e48956 mcc=515 mnc=02 countryIso=ph isEmbedded=false nativeAccessRules=null cardString=896342035[****] cardId=1 isOpportunistic=false groupUUID=null isGroupDisabled=false profileClass=-1 ehplmns=[] hplmns=[51502] subscriptionType=0 groupOwner=null carrierConfigAccessRules=null areUiccApplicationsEnabled=true}]
06-05 18:22:27.984  3019  3019 D Tile.MiuiCellularTile: data usage callback null
06-05 18:22:27.984  3019  3019 D MiuiPhoneStatusBarPolicy: updateBluetooth: action = null
06-05 18:22:27.984  3019  3019 D MiuiPhoneStatusBarPolicy: hide bluetooth battery
06-05 18:22:27.985  3019  3019 D MiuiPhoneStatusBarPolicy: updateBluetooth: BluetoothFlowState = 0
06-05 18:22:27.991  3019  3510 D Tile.MiuiCellularTile: handleUpdateState: MULTI_SIM = true, mSimInfoRecordList.size() = 2, mShowDataUsage = false
06-05 18:22:27.997  3019  3510 D Tile.MiuiCellularTile: handleUpdateState: MULTI_SIM = true, mSimInfoRecordList.size() = 2, mShowDataUsage = false
06-05 18:22:27.999  3019  3510 D Tile.MiuiCellularTile: handleUpdateState: MULTI_SIM = true, mSimInfoRecordList.size() = 2, mShowDataUsage = false
06-05 18:22:28.002  3019  3510 D Tile.MiuiCellularTile: handleUpdateState: MULTI_SIM = true, mSimInfoRecordList.size() = 2, mShowDataUsage = false
06-05 18:22:28.004  3019  3510 D Tile.MiuiCellularTile: handleUpdateState: MULTI_SIM = true, mSimInfoRecordList.size() = 2, mShowDataUsage = false
06-05 18:22:28.010  3019  3510 D Tile.MiuiCellularTile: handleUpdateState: MULTI_SIM = true, mSimInfoRecordList.size() = 2, mShowDataUsage = false
06-05 18:22:28.239  2953  3093 I Unity   : [Spell Pooling]  Acquired: Card_Play_Weapon_Sheathe(Clone)(Clone)
06-05 18:22:28.516  2999  3462 D MI_RIL_OEM_HOOK: onPkHookCommonMsg, msg_id = 65
06-05 18:22:28.516  2999  3462 D MI_RIL_OEM_HOOK: onGetHookMsgBytes, HOOK_HEAD_SIZE = 16, msg_len = 4
06-05 18:22:28.516  2999  3462 D MI_RIL_OEM_HOOK: onHookSendSync, phoneId = 0
06-05 18:22:28.517  2930  2930 D QcrilMsgTunnelIfaceManager: handleMessage what = 1
06-05 18:22:28.517  2930  2930 I QcrilOemhookMsgTunnel: [0]invokeOemRilRequestRaw: serial=2046 length=36
06-05 18:22:28.556  1793  2006 D XIAOMI_QCRIL: RIL[lib][xiaomi_extend_nvefs.c:52] xiaomi_qmi_result_map: xiaomi_qmi_result_map, old_result 0, new_result 0
06-05 18:22:28.557  2930  3267 I QcrilOemhookMsgTunnel: [0]processOemHookResponse serial no: 2046 error: 0length=16
