06-05 18:21:43.348  1103  6927 D APM_AudioPolicyManager: selectOutput flags 2
06-05 18:21:43.348  1103  6927 D APM_AudioPolicyManager: getOutputForAttrInt()- attributes={ Content type: AUDIO_CONTENT_TYPE_SONIFICATION Usage: AUDIO_USAGE_NOTIFICATION Source: AUDIO_SOURCE_INVALID Flags: 0x800 Tags:  } stream=AUDIO_STREAM_NOTIFICATION session 4865 output 13 selectedDeviceId 0 device {type:0x2,@:} sampling rate 44100 format 0x1channel mask 0x3 flags 0x2 stream AUDIO_STREAM_NOTIFICATION uid 1000
06-05 18:21:43.348  1103  6927 D APM_AudioPolicyManager: getOutputForAttr() returns output 13 requestedPortId 0 selectedDeviceId 3 for port ID 397
06-05 18:21:43.350  1103  6927 D AudioFlinger: Client defaulted notificationFrames to 11025 for frameCount 22050
06-05 18:21:43.354  1103  6927 D AF::TrackHandle: OpPlayAudio: track:407 usage:5 not muted
06-05 18:21:43.358  1103  6927 I AudioFlinger: create audiotrack for com.android.settings  uid 1000
06-05 18:21:43.359  1103  6927 I AudioFlinger: create audiotrack for com.android.settings  uid 1000
06-05 18:21:43.359  1103  6927 D AF::Track: Track(407): usage = 5 mbIsAttrNeedFade = 0
06-05 18:21:43.365  1757  7577 D AudioTrack: isWhiteListPackage() Uid 1000, package name com.android.settings
06-05 18:21:43.369  1757  7577 I AudioTrack: AudioTrack::setVolume L:1.000000 R:1.000000 and the pakage is com.android.settings
06-05 18:21:43.371  1757  7577 I AudioTrack: AudioTrack::setVolume L:1.000000 R:1.000000 and the pakage is com.android.settings
06-05 18:21:43.371  1103  6927 D AF::Track: setFadeType1 type = 1 mFadeType = 0 isFadeNeeded = 0
06-05 18:21:43.372  1103  2363 D AudioFlinger: updateWakeLockUids_l AudioOut_4D uids:
06-05 18:21:43.372  1103  2327 D AudioFlinger: updateWakeLockUids_l AudioOut_1D uids:
06-05 18:21:43.372  1103  2317 D AudioFlinger: updateWakeLockUids_l AudioOut_15 uids:
06-05 18:21:43.373  1103  2347 D AudioFlinger: updateWakeLockUids_l AudioOut_3D uids:
06-05 18:21:43.377   975  1043 I EffectsFactory: EffectCreate() create_effect
06-05 18:21:43.378   975  2575 D msm8974_platform: platform_split_snd_device: snd_device(21) num devices(1) new_snd_devices(0)
06-05 18:21:43.379  1103  1596 V APM::EffectDescriptor: registerEffect() effect Volume listener for notification, io 13, session 4865 id 675
06-05 18:21:43.379  1103  1596 V APM::EffectDescriptor: registerEffect() memory 1, total memory 3
06-05 18:21:43.379  1103  1596 V APM::EffectDescriptor: setEffectEnabled(true) total CPU 0
06-05 18:21:43.379  1103  1596 V AudioPolicyManagerImpl: notification filter: setNotificationFilter notificationFilterFeature=1
06-05 18:21:43.379  1103  1596 D AudioPolicyManagerImpl: notification filter: setNotificationFilter muteMaskInt=0
06-05 18:21:43.379  1103  1596 D APM_AudioPolicyManager: startOutput() output 13, stream 5, session 4865 appname systemApp uid 1000
06-05 18:21:43.379  1103  1596 D APM_AudioPolicyManager: getNewOutputDevices selected devices {type:0x2,@:}
06-05 18:21:43.380  1103  1596 D APM_AudioPolicyManager: setOutputDevices device {type:0x2,@:} delayMs 0 force 0
06-05 18:21:43.380  1103  1596 D APM_AudioPolicyManager: setOutputDevices() prevDevice {type:0x2,@:}
06-05 18:21:43.382  1103  1596 D AudioPolicyManagerCustom: checkAndSetVolume() set volumeSource 7 volume index 1 for device 0x2
06-05 18:21:43.382  1103  1596 D AudioPolicyManagerCustom: checkAndSetVolume() set volumeSource 7 volume index 1 for device 0x2, volumeDb=-28.200001
06-05 18:21:43.387  1103  6927 E audioserver: open /proc/1757/cmdline error
06-05 18:21:43.387  1103  6927 I audioserver: setAppName(), name=[], active=[1]
06-05 18:21:43.387   975  1043 V EffectMiSound: MiSound_command() start, cmdCode=24
06-05 18:21:43.387   975  1043 V EffectMiSound: MiSound_Command EFFECT_CMD_SET_APP_NAME: stream=5, name=+
06-05 18:21:43.393  1103  2311 D AudioFlinger: updateWakeLockUids_l AudioOut_D uids:1000 10354
06-05 18:21:43.396  1757  7577 D AudioTrack: getTimestamp_l(397): device stall time corrected using current time 5091443861544
06-05 18:21:43.403  1103  6927 I audioserver: setGameParameters keyvalue: xlog.volume.music.speaker=54
06-05 18:21:43.403   975  1043 D audio_hw_primary: adev_set_parameters: enter: xlog.volume.music.speaker=54
06-05 18:21:43.403   975  1043 V msm8974_platform: platform_set_parameters: enter: xlog.volume.music.speaker=54
06-05 18:21:43.403   975  1043 D audio_hw_hfp: hfp_set_parameters: enter
06-05 18:21:43.403   975  1043 D audio_hw_hfp: hfp_set_parameters: enter
06-05 18:21:43.403   975  1043 V a2dp_offload: end of a2dp setparam
06-05 18:21:43.403   975  1043 D audio_hw_cspl_cal: cirrus_cal_setparameters: enter 0xf3003600
06-05 18:21:43.403   975  1043 D audio_hw_extn: audio_extn_fm_set_parameters: Enter
06-05 18:21:43.403   975  1043 D audio_hw_hfp: hfp_set_parameters: enter
06-05 18:21:43.403   975  1043 V a2dp_offload: end of a2dp setparam
06-05 18:21:43.403   975  1043 D audio_hw_primary: adev_set_parameters: exit with code(0)
06-05 18:21:44.204  1757  7579 D CCodecBufferChannel: [c2.android.vorbis.decoder#721] buffers after EOS ignored (0 us)
06-05 18:21:44.204  1757  7579 D CCodecBufferChannel: [c2.android.vorbis.decoder#721] buffers after EOS ignored (0 us)
06-05 18:21:44.205  1757  7577 D AudioTrack: stop(sessionID=4865)
06-05 18:21:44.205  1757  7577 D AudioTrack: stop(397): prior state:STATE_ACTIVE
06-05 18:21:44.205  1757  7577 D AudioTrack: stop(397): called with 52921 frames delivered
06-05 18:21:44.206  1103  6927 D AF::Track: setFadeType1 type = 2 mFadeType = 0 isFadeNeeded = 0
06-05 18:21:44.206  1103  6927 E audioserver: open /proc/1757/cmdline error
06-05 18:21:44.206  1103  6927 I audioserver: setAppName(), name=[], active=[0]
06-05 18:21:44.206   975  1043 V EffectMiSound: MiSound_command() start, cmdCode=24
06-05 18:21:44.206   975  1043 V EffectMiSound: MiSound_Command EFFECT_CMD_SET_APP_NAME: stream=5, name=-
06-05 18:21:44.684  1757  7577 D AudioTrack:  pause(sessionID=4865)
06-05 18:21:44.684  1757  7577 D AudioTrack: pause(397): prior state:STATE_STOPPED
06-05 18:21:44.686  1850  5955 I MediaFocusControl: abandonAudioFocus() from uid/pid 1000/3019 clientId=android.media.AudioManager@37b11bd
06-05 18:21:44.689  3019  7556 V MediaPlayer: resetDrmState:  mDrmInfo=null mDrmProvisioningThread=null mPrepareDrmInProgress=false mActiveDrmScheme=false
06-05 18:21:44.689  3019  7556 V MediaPlayer: cleanDrmObj: mDrmObj=null mDrmSessionId=null
06-05 18:21:44.689  1757  6839 D NuPlayerDriver: reset(0xef8df900) at state 6
06-05 18:21:44.689  1103  6927 I audioserver: setGameParameters keyvalue: xlog.volume.music.speaker=54
06-05 18:21:44.689  2953  2953 D MediaRouter: onRestoreRoute() : route=RouteInfo{ name=Phone, description=null, status=null, category=RouteCategory{ name=System types=ROUTE_TYPE_LIVE_AUDIO ROUTE_TYPE_LIVE_VIDEO  groupable=false }, supportedTypes=ROUTE_TYPE_LIVE_AUDIO ROUTE_TYPE_LIVE_VIDEO , presentationDisplay=null }
06-05 18:21:44.689  2953  2953 V MediaRouter: Selecting route: RouteInfo{ name=Phone, description=null, status=null, category=RouteCategory{ name=System types=ROUTE_TYPE_LIVE_AUDIO ROUTE_TYPE_LIVE_VIDEO  groupable=false }, supportedTypes=ROUTE_TYPE_LIVE_AUDIO ROUTE_TYPE_LIVE_VIDEO , presentationDisplay=null }
06-05 18:21:44.690   975  1043 D audio_hw_primary: adev_set_parameters: enter: xlog.volume.music.speaker=54
06-05 18:21:44.690   975  1043 V msm8974_platform: platform_set_parameters: enter: xlog.volume.music.speaker=54
06-05 18:21:44.690   975  1043 D audio_hw_hfp: hfp_set_parameters: enter
06-05 18:21:44.690   975  1043 D audio_hw_hfp: hfp_set_parameters: enter
06-05 18:21:44.690   975  1043 V a2dp_offload: end of a2dp setparam
06-05 18:21:44.690   975  1043 D audio_hw_cspl_cal: cirrus_cal_setparameters: enter 0xf3003600
06-05 18:21:44.690   975  1043 D audio_hw_extn: audio_extn_fm_set_parameters: Enter
06-05 18:21:44.690   975  1043 D audio_hw_hfp: hfp_set_parameters: enter
06-05 18:21:44.690   975  1043 V a2dp_offload: end of a2dp setparam
06-05 18:21:44.690   975  1043 D audio_hw_primary: adev_set_parameters: exit with code(0)
06-05 18:21:44.691  1757  7577 D AudioTrack:  pause(sessionID=4865)
06-05 18:21:44.691  1757  7577 D AudioTrack: pause(397): prior state:STATE_STOPPED
06-05 18:21:44.692  1757  7577 D AudioTrack: stop(sessionID=4865)
06-05 18:21:44.692  1757  7577 D AudioTrack: stop(397): prior state:STATE_FLUSHED
06-05 18:21:44.695  1103  6927 I audioserver: setGameParameters keyvalue: xlog.volume.music.speaker=54
06-05 18:21:44.695   975  1043 D audio_hw_primary: adev_set_parameters: enter: xlog.volume.music.speaker=54
06-05 18:21:44.695   975  1043 V msm8974_platform: platform_set_parameters: enter: xlog.volume.music.speaker=54
06-05 18:21:44.695   975  1043 D audio_hw_hfp: hfp_set_parameters: enter
06-05 18:21:44.695   975  1043 D audio_hw_hfp: hfp_set_parameters: enter
06-05 18:21:44.695   975  1043 V a2dp_offload: end of a2dp setparam
06-05 18:21:44.695   975  1043 D audio_hw_cspl_cal: cirrus_cal_setparameters: enter 0xf3003600
06-05 18:21:44.695   975  1043 D audio_hw_extn: audio_extn_fm_set_parameters: Enter
06-05 18:21:44.695   975  1043 D audio_hw_hfp: hfp_set_parameters: enter
06-05 18:21:44.695   975  1043 V a2dp_offload: end of a2dp setparam
06-05 18:21:44.695   975  1043 D audio_hw_primary: adev_set_parameters: exit with code(0)
06-05 18:21:44.697  1757  7579 I hw-BpHwBinder: onLastStrongRef automatically unlinking death recipients
06-05 18:21:44.697  1645  2780 I hw-BpHwBinder: onLastStrongRef automatically unlinking death recipients
06-05 18:21:44.701  1757  7577 D AudioTrack: ~AudioTrack(sessionID=4865)
06-05 18:21:44.702  1757  7577 D AudioTrack: stop(sessionID=4865)
06-05 18:21:44.702  1757  7577 D AudioTrack: stop(397): prior state:STATE_FLUSHED
06-05 18:21:44.702  1645  2780 V C2Store : in ~ComponentModule
06-05 18:21:44.702  1645  2780 V C2Store : unloading dll
06-05 18:21:44.705  1757  7558 D NuPlayerDriver: notifyResetComplete(0xef8df900)
06-05 18:21:44.705  1757  6839 W AMessage: failed to post message as target looper for handler 0 is gone.
06-05 18:21:44.713  1103  1596 V APM::EffectDescriptor: setEffectEnabled(false) total CPU 0
06-05 18:21:44.714  1103  2311 D AudioFlinger: updateWakeLockUids_l AudioOut_D uids:10354
06-05 18:21:44.715  1103  1596 V APM::EffectDescriptor: unregisterEffect() effect Volume listener for notification, ID 675, memory 1 total memory 2
06-05 18:21:44.715  1103  1596 D APM_AudioPolicyManager: stopOutput portId 397
06-05 18:21:44.715  1103  1596 D APM_AudioPolicyManager: stopOutput() output 13, stream 5, session 4865
06-05 18:21:44.716  1103  1596 D APM_AudioPolicyManager: getNewOutputDevices selected devices {type:0x2,@:}
06-05 18:21:44.716  1103  1596 D APM_AudioPolicyManager: setOutputDevices device {type:0x2,@:} delayMs 96 force 0
06-05 18:21:44.716  1103  1596 D APM_AudioPolicyManager: setOutputDevices() prevDevice {type:0x2,@:}
06-05 18:21:44.718  1103  1596 D APM_AudioPolicyManager: releaseOutput portId 397
06-05 18:21:44.718  1103  1596 D APM_AudioPolicyManager: releaseOutput() output 13, stream 5, session 4865 [uid=1000]
06-05 18:21:45.136  5883  5883 I GnpSdk  : [ChimeBroadcastReceiver] Intent received for action [com.google.android.c2dm.intent.RECEIVE] package [com.google.android.googlequicksearchbox].
06-05 18:21:45.137  5883  5883 I GnpSdk  : [ChimeBroadcastReceiver] Phenotype initialized.
06-05 18:21:45.153  5883  5883 I GnpSdk  : [ChimeBroadcastReceiver] Validation OK for action [com.google.android.c2dm.intent.RECEIVE].
06-05 18:21:45.154  5883  5883 I GnpSdk  : [ChimeExecutorApiImpl-Tiktok] Submitting Broadcast execution [135527080] to tiktok executor.
06-05 18:21:45.155  5883  7610 I GnpSdk  : [ChimeBroadcastReceiver] Executing action in BroadcastReceiver [com.google.android.c2dm.intent.RECEIVE].
06-05 18:21:45.333  5883  7610 I GnpSdk  : [ChimeExecutorApiImpl-Tiktok] Finished Broadcast execution [135527080].
06-05 18:21:45.345  5883  5883 I NotificationFullFlow: Step 1: GcmBroadcastReceiver:onReceive
06-05 18:21:45.349  5883  6250 I NotificationFullFlow: Step 2: GcsmState:handleClientEvent
06-05 18:21:45.362  5883  6250 E A       : Processing of GCM event failed.
06-05 18:21:45.362  5883  6250 E A       : java.lang.NullPointerException: No binary data in push message
06-05 18:21:45.362  5883  6250 E A       : 	at com.google.common.base.bb.a(PG:1)
06-05 18:21:45.362  5883  6250 E A       : 	at com.google.android.apps.gsa.staticplugins.az.k.a(PG:6)
06-05 18:21:45.362  5883  6250 E A       : 	at dagger.b.a.h.apply(PG:2)
06-05 18:21:45.362  5883  6250 E A       : 	at com.google.common.util.concurrent.h.e(PG:2)
06-05 18:21:45.362  5883  6250 E A       : 	at com.google.common.util.concurrent.j.run(PG:9)
06-05 18:21:45.362  5883  6250 E A       : 	at com.google.cd.h.a.q.run(PG:3)
06-05 18:21:45.362  5883  6250 E A       : 	at com.google.android.libraries.i.af.run(PG:1)
06-05 18:21:45.362  5883  6250 E A       : 	at com.google.android.libraries.i.an.run(PG:23)
06-05 18:21:45.362  5883  6250 E A       : 	at com.google.android.libraries.i.l.run(PG:2)
06-05 18:21:45.362  5883  6250 E A       : 	at com.google.android.libraries.i.q.run(PG:4)
06-05 18:21:45.362  5883  6250 E A       : 	at java.lang.Thread.run(Thread.java:920)
06-05 18:21:45.366  3143  3143 W GCM     : broadcast intent callback: result=CANCELLED forIntent { act=com.google.android.c2dm.intent.RECEIVE pkg=com.google.android.googlequicksearchbox (has extras) }
06-05 18:21:45.398  5883  6253 V ClearcutMetricXmitter: Transmission is done.
06-05 18:21:45.416  5883  6253 V ClearcutMetricXmitter: Transmission is done.
06-05 18:21:45.958  1103  1103 I audioserver: setGameParameters keyvalue: xlog.volume.music.speaker=54
06-05 18:21:45.958   975  2575 D audio_hw_primary: adev_set_parameters: enter: xlog.volume.music.speaker=54
06-05 18:21:45.958   975  2575 V msm8974_platform: platform_set_parameters: enter: xlog.volume.music.speaker=54
06-05 18:21:45.958   975  2575 D audio_hw_hfp: hfp_set_parameters: enter
06-05 18:21:45.958   975  2575 D audio_hw_hfp: hfp_set_parameters: enter
06-05 18:21:45.958   975  2575 V a2dp_offload: end of a2dp setparam
06-05 18:21:45.958   975  2575 D audio_hw_cspl_cal: cirrus_cal_setparameters: enter 0xf3003600
06-05 18:21:45.958   975  2575 D audio_hw_extn: audio_extn_fm_set_parameters: Enter
06-05 18:21:45.958   975  2575 D audio_hw_hfp: hfp_set_parameters: enter
06-05 18:21:45.958   975  2575 V a2dp_offload: end of a2dp setparam
06-05 18:21:45.958   975  2575 D audio_hw_primary: adev_set_parameters: exit with code(0)
06-05 18:21:45.959  1103  1103 I audioserver: setGameParameters keyvalue: xlog.volume.music.speaker=54
06-05 18:21:45.959   975  2575 D audio_hw_primary: adev_set_parameters: enter: xlog.volume.music.speaker=54
06-05 18:21:45.959   975  2575 V msm8974_platform: platform_set_parameters: enter: xlog.volume.music.speaker=54
06-05 18:21:45.959   975  2575 D audio_hw_hfp: hfp_set_parameters: enter
06-05 18:21:45.959   975  2575 D audio_hw_hfp: hfp_set_parameters: enter
06-05 18:21:45.959   975  2575 V a2dp_offload: end of a2dp setparam
06-05 18:21:45.959   975  2575 D audio_hw_cspl_cal: cirrus_cal_setparameters: enter 0xf3003600
06-05 18:21:45.959   975  2575 D audio_hw_extn: audio_extn_fm_set_parameters: Enter
06-05 18:21:45.959   975  2575 D audio_hw_hfp: hfp_set_parameters: enter
06-05 18:21:45.959   975  2575 V a2dp_offload: end of a2dp setparam
06-05 18:21:45.959   975  2575 D audio_hw_primary: adev_set_parameters: exit with code(0)
06-05 18:21:46.157  5883  6125 I A       : Cobalt: try to find ProjectConfig for given tags
06-05 18:21:46.157  5883  6125 W A       : Cobalt: couldn't find ProjectConfig for given tags
06-05 18:21:46.181  5883  6144 I A       : #sync
06-05 18:21:46.181  5883  6144 I A       : #fetchAndCacheCopy
06-05 18:21:46.201  1850  2799 D ConnectivityService: requestNetwork for uid/pid:10192/5883 activeRequest: null callbackRequest: 385 [NetworkRequest [ REQUEST id=386, [ Capabilities: INTERNET&NOT_RESTRICTED&TRUSTED&NOT_VCN_MANAGED Uid: 10192 RequestorUid: 10192 RequestorPkg: com.google.android.googlequicksearchbox UnderlyingNetworks: Null] ]] callback flags: 0 order: 2147483647
06-05 18:21:46.202  1850  2648 D ConnectivityService: NetReassign [386 : null  101]
06-05 18:21:46.208  1850  2636 D WifiNetworkFactory: got request NetworkRequest [ REQUEST id=386, [ Capabilities: INTERNET&NOT_RESTRICTED&TRUSTED&NOT_VCN_MANAGED Uid: 10192 RequestorUid: 10192 RequestorPkg: com.google.android.googlequicksearchbox UnderlyingNetworks: Null] ]
06-05 18:21:46.208  1850  2636 D UntrustedWifiNetworkFactory: got request NetworkRequest [ REQUEST id=386, [ Capabilities: INTERNET&NOT_RESTRICTED&TRUSTED&NOT_VCN_MANAGED Uid: 10192 RequestorUid: 10192 RequestorPkg: com.google.android.googlequicksearchbox UnderlyingNetworks: Null] ]
06-05 18:21:46.209  1850  2636 D OemPaidWifiNetworkFactory: got request NetworkRequest [ REQUEST id=386, [ Capabilities: INTERNET&NOT_RESTRICTED&TRUSTED&NOT_VCN_MANAGED Uid: 10192 RequestorUid: 10192 RequestorPkg: com.google.android.googlequicksearchbox UnderlyingNetworks: Null] ]
06-05 18:21:46.237  3143 11074 W Auth    : [GoogleAccountDataServiceImpl] Failed to delete an intermediate token as owning package is missing. [CONTEXT service_id=153 ]
06-05 18:21:46.241  5883  6144 I A       : #sync
06-05 18:21:46.241  5883  6144 I A       : #fetchAndCacheCopy
06-05 18:21:46.244  5883  6144 I A       : #sync
06-05 18:21:46.244  5883  6144 I A       : #fetchAndCacheCopy
06-05 18:21:46.245  5883  6282 E A       : #getPromoCopy failed
06-05 18:21:46.245  5883  6282 E A       : io.grpc.ey: UNKNOWN: Could not obtain auth token
06-05 18:21:46.245  5883  6282 E A       : 	at io.grpc.i.n.b(PG:6)
06-05 18:21:46.245  5883  6282 E A       : 	at com.google.apps.tiktok.f.ab.b(PG:1)
06-05 18:21:46.245  5883  6282 E A       : 	at com.google.frameworks.client.data.android.g.af.h(PG:9)
06-05 18:21:46.245  5883  6282 E A       : 	at com.google.frameworks.client.data.android.g.af.f(PG:3)
06-05 18:21:46.245  5883  6282 E A       : 	at com.google.frameworks.client.data.android.g.af.b(PG:1)
06-05 18:21:46.245  5883  6282 E A       : 	at com.google.frameworks.client.data.android.g.ao.run(PG:1)
06-05 18:21:46.245  5883  6282 E A       : 	at com.google.frameworks.client.data.android.g.ar.e(PG:4)
06-05 18:21:46.245  5883  6282 E A       : 	at com.google.frameworks.client.data.android.g.ar.b(PG:1)
06-05 18:21:46.245  5883  6282 E A       : 	at com.google.frameworks.client.data.android.g.y.run(PG:1)
06-05 18:21:46.245  5883  6282 E A       : 	at com.google.frameworks.client.data.android.g.q.run(PG:1)
06-05 18:21:46.245  5883  6282 E A       : 	at com.google.common.util.concurrent.dp.run(PG:4)
06-05 18:21:46.245  5883  6282 E A       : 	at com.google.common.util.concurrent.bf.execute(PG:1)
06-05 18:21:46.245  5883  6282 E A       : 	at com.google.frameworks.client.data.android.g.ab.execute(PG:1)
06-05 18:21:46.245  5883  6282 E A       : 	at com.google.common.util.concurrent.dq.execute(PG:5)
06-05 18:21:46.245  5883  6282 E A       : 	at com.google.frameworks.client.data.android.g.m.execute(PG:1)
06-05 18:21:46.245  5883  6282 E A       : 	at com.google.frameworks.client.data.android.g.ad.a(PG:2)
06-05 18:21:46.245  5883  6282 E A       : 	at com.google.frameworks.client.data.android.g.aj.a(PG:10)
06-05 18:21:46.245  5883  6282 E A       : 	at io.grpc.ay.a(PG:1)
06-05 18:21:46.245  5883  6282 E A       : 	at com.google.apps.tiktok.f.z.run(PG:4)
06-05 18:21:46.245  5883  6282 E A       : 	at com.google.apps.tiktok.tracing.ej.run(PG:2)
06-05 18:21:46.245  5883  6282 E A       : 	at com.google.apps.tiktok.f.aa.a(PG:2)
06-05 18:21:46.245  5883  6282 E A       : 	at io.grpc.i.o.g(PG:1)
06-05 18:21:46.245  5883  6282 E A       : 	at io.grpc.i.o.f(PG:1)
06-05 18:21:46.245  5883  6282 E A       : 	at io.grpc.i.o.a(PG:2)
06-05 18:21:46.245  5883  6282 E A       : 	at com.google.android.apps.search.googleapp.promomanager.d.e.a(PG:13)
06-05 18:21:46.245  5883  6282 E A       : 	at com.google.android.apps.search.googleapp.promomanager.e.a.b(PG:2)
06-05 18:21:46.245  5883  6282 E A       : 	at com.google.apps.tiktok.h.b.v.c(PG:25)
06-05 18:21:46.245  5883  6282 E A       : 	at com.google.apps.tiktok.h.b.s.call(Unknown Source:6)
06-05 18:21:46.245  5883  6282 E A       : 	at com.google.apps.tiktok.tracing.el.call(PG:2)
06-05 18:21:46.245  5883  6282 E A       : 	at com.google.apps.tiktok.h.b.t.a(Unknown Source:2)
06-05 18:21:46.245  5883  6282 E A       : 	at com.google.apps.tiktok.concurrent.aa.a(PG:1)
06-05 18:21:46.245  5883  6282 E A       : 	at com.google.common.util.concurrent.dy.a(PG:1)
06-05 18:21:46.245  5883  6282 E A       : 	at com.google.common.util.concurrent.cv.run(PG:4)
06-05 18:21:46.245  5883  6282 E A       : 	at com.google.common.util.concurrent.ea.run(PG:1)
06-05 18:21:46.245  5883  6282 E A       : 	at com.google.android.libraries.i.af.run(PG:1)
06-05 18:21:46.245  5883  6282 E A       : 	at com.google.android.libraries.i.an.run(PG:23)
06-05 18:21:46.245  5883  6282 E A       : 	at com.google.android.libraries.i.l.run(PG:2)
06-05 18:21:46.245  5883  6282 E A       : 	at com.google.android.libraries.i.q.run(PG:4)
06-05 18:21:46.245  5883  6282 E A       : 	at java.lang.Thread.run(Thread.java:920)
06-05 18:21:46.245  5883  6282 E A       : Caused by: java.lang.IllegalStateException: Cannot get auth token for account id: AccountId{id=1}
06-05 18:21:46.245  5883  6282 E A       : 	at com.google.apps.tiktok.f.i.apply(PG:1)
06-05 18:21:46.245  5883  6282 E A       : 	at com.google.apps.tiktok.tracing.ep.apply(PG:2)
06-05 18:21:46.245  5883  6282 E A       : 	at com.google.common.util.concurrent.h.e(PG:2)
06-05 18:21:46.245  5883  6282 E A       : 	at com.google.common.util.concurrent.j.run(PG:9)
06-05 18:21:46.245  5883  6282 E A       : 	... 5 more
06-05 18:21:46.246  5883  6144 I A       : #sync
06-05 18:21:46.249  3143 11228 W Auth    : [GoogleAccountDataServiceImpl] Failed to delete an intermediate token as owning package is missing. [CONTEXT service_id=153 ]
06-05 18:21:46.249  5883  6144 I A       : #fetchAndCacheCopy
06-05 18:21:46.255  3143 11074 W Auth    : [GoogleAccountDataServiceImpl] Failed to delete an intermediate token as owning package is missing. [CONTEXT service_id=153 ]
06-05 18:21:46.905  7276  7276 D CompatibilityChangeReporter: Compat change id reported: 160794467; UID 10269; state: DISABLED
06-05 18:21:47.006  6316  6316 I BatteryInfoReceiver: ACTION_BATTERY_CHANGED
06-05 18:21:47.007  7552  7931 D ThermalIECHandler: storeDataStyle: thermal_iec_monitor_persistence_data_style_iec_state; startIECTime: -1; IECScreenOffOverPeriodTime: -1
06-05 18:21:47.009  2992  2992 V DeviceStatisticsService: chargerType=2 batteryLevel=56 totalBatteryCapacity=4254600
06-05 18:21:47.009  2992  2992 D DeviceInfoHidlClient: isRadioOn()=true
06-05 18:21:47.009  2992  2992 I DeviceInfoHidlClient: isPowerInfoNeverSent=false batteryLevel=56 batteryLevelIndex=2 chargingMode=2 totalCapacity=4254600 powerSaveMode=false
06-05 18:21:47.010  2999  2999 D DynamicService:  ACTION_BATTERY_CHANGED change,USB plug = 2
06-05 18:21:47.010  7552  7857 D PowerCheckerService: onBatteryChanged, mBatteryLevel = 56, status = 2, level = 56, plug = 2, scale = 100
06-05 18:21:47.010  7552  7645 D PowerKeeper.Thermal: mBatteryTemperature: 42
06-05 18:21:47.018  7058  7542 I omnistore_android_logger: Deltas Received on queue messenger_montage_v2:100004557977805_amYMBdYgzrKM with 1 batch size starting at global id 84576
06-05 18:21:47.020  7058  7542 D omnistore_android_logger: TransactionResult Received on queue messenger_montage_v2:100004557977805_amYMBdYgzrKM with 1 transactions starting at global id 84576 upto clientVersionId 0
06-05 18:21:47.023  7058  7968 D omnistore_android_logger: TransactionReceiver::processSerializedJobSuccess for queue messenger_montage_v2:100004557977805_amYMBdYgzrKM, status 0, global id 84576client version id 0
06-05 18:21:47.024  7058  7968 D omnistore_android_logger: TransactionReceiver::applySuccessfulTransactionResult
06-05 18:21:47.028  1850  2553 D MIUIInput: [MotionEvent] publisher action=0x1, 5095075, channel '1b9faa8 com.blizzard.wtcg.hearthstone/com.blizzard.wtcg.hearthstone.HearthstoneActivity (server)'
06-05 18:21:47.034  7058  7968 D omnistore_android_logger: TransactionReceiver::processTransaction flush callbacks
06-05 18:21:47.130  1850  2634 I MiuiNetworkPolicy: updateUidState uid = 10291, uidState = 11
06-05 18:21:47.139  1850  2634 I MiuiNetworkPolicy: updateUidState uid = 10291, uidState = 19
06-05 18:21:47.439  1850  2634 I MiuiNetworkPolicy: updateUidState uid = 10081, uidState = 19
06-05 18:21:47.538  2999  3730 W TelephonyPermissions: reportAccessDeniedToReadIdentifiers:com.lazada.android:getSubscriberIdForSubscriber:1
06-05 18:21:48.151  2999  3462 D MI_RIL_OEM_HOOK: onPkHookCommonMsg, msg_id = 65
06-05 18:21:48.152  2999  3462 D MI_RIL_OEM_HOOK: onGetHookMsgBytes, HOOK_HEAD_SIZE = 16, msg_len = 4
06-05 18:21:48.152  2999  3462 D MI_RIL_OEM_HOOK: onHookSendSync, phoneId = 0
06-05 18:21:48.153  2930  2930 D QcrilMsgTunnelIfaceManager: handleMessage what = 1
06-05 18:21:48.153  2930  2930 I QcrilOemhookMsgTunnel: [0]invokeOemRilRequestRaw: serial=2038 length=36
06-05 18:21:48.206  1793  2006 D XIAOMI_QCRIL: RIL[lib][xiaomi_extend_nvefs.c:52] xiaomi_qmi_result_map: xiaomi_qmi_result_map, old_result 0, new_result 0
06-05 18:21:48.207  2930  3267 I QcrilOemhookMsgTunnel: [0]processOemHookResponse serial no: 2038 error: 0length=16
06-05 18:21:48.208  2930  2930 D QcrilMsgTunnelIfaceManager: handleMessage what = 2
06-05 18:21:48.209  2999  3462 D QC_RIL_OEM_HOOK: sendOemRilRequestRaw returns value = 16
06-05 18:21:48.209  2999  3462 D ModemSarController_8250: type = 65, len = 4, value = 0
06-05 18:21:48.301  1645  2234 D BufferPoolAccessor2.0: evictor expired: 1, evicted: 0
06-05 18:21:49.294  7552  7931 D ThermalIECHandler: storeDataStyle: thermal_iec_monitor_persistence_data_style_iec_state; startIECTime: -1; IECScreenOffOverPeriodTime: -1
06-05 18:21:49.294  2999  2999 D DynamicService:  ACTION_BATTERY_CHANGED change,USB plug = 2
06-05 18:21:49.297  6316  6316 I BatteryInfoReceiver: ACTION_BATTERY_CHANGED
06-05 18:21:49.298  2992  2992 V DeviceStatisticsService: chargerType=2 batteryLevel=56 totalBatteryCapacity=4254400
06-05 18:21:49.298  2992  2992 D DeviceInfoHidlClient: isRadioOn()=true
06-05 18:21:49.298  2992  2992 I DeviceInfoHidlClient: isPowerInfoNeverSent=false batteryLevel=56 batteryLevelIndex=2 chargingMode=2 totalCapacity=4254400 powerSaveMode=false
06-05 18:21:49.301  1757  2562 D BufferPoolAccessor2.0: evictor expired: 1, evicted: 0
06-05 18:21:49.303  7552  7645 D PowerKeeper.Thermal: mBatteryTemperature: 42
06-05 18:21:49.303  7552  7857 D PowerCheckerService: onBatteryChanged, mBatteryLevel = 56, status = 2, level = 56, plug = 2, scale = 100
06-05 18:21:50.188  1850  2553 D MIUIInput: [MotionEvent] publisher action=0x4, 5098235, channel '613871d com.miui.securitycenter (server)'
06-05 18:21:50.188  1850  2553 D MIUIInput: [MotionEvent] publisher action=0x4, 5098235, channel 'ef6ede1 com.miui.securitycenter (server)'
06-05 18:21:50.188  1850  2553 D MIUIInput: [MotionEvent] publisher action=0x0, 5098235, channel '1b9faa8 com.blizzard.wtcg.hearthstone/com.blizzard.wtcg.hearthstone.HearthstoneActivity (server)'
06-05 18:21:50.189  7693  7693 I GameBoxTouchListener: onTouch: 	mAdded=false	isLeftShowfalse
06-05 18:21:50.189  7693  7693 I GameBoxTouchListener: onTouch: 	mAdded=false	isLeftShowtrue
06-05 18:21:50.301  1757  2562 D BufferPoolAccessor2.0: bufferpool2 0xef81ba98 : 0(0 size) total buffers - 0(0 size) used buffers - 74/82 (recycle/alloc) - 8/156 (fetch/transfer)
06-05 18:21:50.301  1757  2562 D BufferPoolAccessor2.0: evictor expired: 1, evicted: 1
06-05 18:21:50.302  1645  2234 D BufferPoolAccessor2.0: bufferpool2 0xb4000075ba523628 : 0(0 size) total buffers - 0(0 size) used buffers - 72/76 (recycle/alloc) - 4/75 (fetch/transfer)
06-05 18:21:50.302  1645  2234 D BufferPoolAccessor2.0: evictor expired: 1, evicted: 1
06-05 18:21:50.566  1850  2553 D MIUIInput: [MotionEvent] publisher action=0x1, 5098613, channel '1b9faa8 com.blizzard.wtcg.hearthstone/com.blizzard.wtcg.hearthstone.HearthstoneActivity (server)'
06-05 18:21:51.957  7276  7356 D hw-ProcessState: Binder ioctl to enable oneway spam detection failed: Invalid argument
06-05 18:21:51.977  7276  7356 I DrmHal  : found instance=clearkey version=android.hardware.drm@1.3::IDrmFactory
06-05 18:21:51.977  7276  7356 I DrmHal  : found instance=widevine version=android.hardware.drm@1.3::IDrmFactory
06-05 18:21:51.990   991 13981 I WVCdm   : [app][com.lazada.android] calling virtual Return<void> wvdrm::hardware::drm::V1_3::widevine::WVDrmFactory::createPlugin(const hidl_array<uint8_t, 16> &, const android::hardware::hidl_string &, android::hardware::drm::V1_3::IDrmFactory::createPlugin_cb)
06-05 18:21:51.991   991 13981 D WVCdm   : Instantiating CDM.
06-05 18:21:52.001   991 13981 I WVCdm   : [cdm_engine.cpp(563):QueryStatus] Querying status
06-05 18:21:52.006   991 13981 I WVCdm   : [oemcrypto_adapter_dynamic.cpp(781):Initialize] Level 3 Build Info (v16): OEMCrypto Level3 Code 22590 May 28 2021 19:37:25
06-05 18:21:52.006   991  7646 I WVCdm   : [(0):] Level3 Library 22590 May 28 2021 19:37:25
06-05 18:21:52.021   991 13981 I WVCdm   : [oemcrypto_adapter_dynamic.cpp(795):Initialize] L3 Initialized. Trying L1.
06-05 18:21:52.039   991 13981 I QCOM-OEMCrypto: OEMCrypto_Initialize
06-05 18:21:52.044   991 13981 D QSEECOMAPI: QSEECom_get_handle sb_length = 0x64000
06-05 18:21:52.044   991 13981 D QSEECOMAPI: App is not loaded in QSEE
06-05 18:21:52.046   991 13981 E QSEECOMAPI: Error::Cannot open the file /vendor/firmware_mnt/image/widevine.mdt errno = 2
06-05 18:21:52.046   991 13981 E QSEECOMAPI: Error::Loading image failed with ret = -1
06-05 18:21:52.053   991 13981 D QSEECOMAPI: QSEECom_get_handle sb_length = 0x64000
06-05 18:21:52.054   991 13981 D QSEECOMAPI: App is not loaded in QSEE
06-05 18:21:52.080   991 13981 D QSEECOMAPI: Loaded image: APP id = 116
06-05 18:21:52.082   991 13981 I QCOM-OEMCrypto: ---------------Widevine OEMCrypto configuration-----------------
06-05 18:21:52.082   991 13981 I QCOM-OEMCrypto: TA-HLOS interface                    :   QSEECOM
06-05 18:21:52.082   991 13981 I QCOM-OEMCrypto: Crypto Engine SMMU Virtual Address   :   Yes
06-05 18:21:52.082   991 13981 I QCOM-OEMCrypto: Measure elapsed time                 :   No
06-05 18:21:52.082   991 13981 I QCOM-OEMCrypto: Inplace decryption for clear buffer  :   Yes
06-05 18:21:52.082   991 13981 I QCOM-OEMCrypto: Frame Assembly                       :   Yes
06-05 18:21:52.082   991 13981 I QCOM-OEMCrypto: Scratch buffer size                  :   4194304
06-05 18:21:52.082   991 13981 I QCOM-OEMCrypto: Decrypt hash tests                   :   No
06-05 18:21:52.082   991 13981 I QCOM-OEMCrypto: Secure buffer tests                  :   No
06-05 18:21:52.082   991 13981 I QCOM-OEMCrypto: ----------------------------------------------------------------
06-05 18:21:52.087   609   647 D DrmLibTime: got the req here! ret=0
06-05 18:21:52.087   609   647 D DrmLibTime: command id, time_cmd_id = 770
06-05 18:21:52.087   609   647 D DrmLibTime: time_getutcsec starts!
06-05 18:21:52.087   609   647 D DrmLibTime: QSEE Time Listener: time_getutcsec
06-05 18:21:52.087   609   647 D DrmLibTime: QSEE Time Listener: get_utc_seconds
06-05 18:21:52.087   609   647 D DrmLibTime: QSEE Time Listener: time_get_modem_time
06-05 18:21:52.087   609   647 D DrmLibTime: QSEE Time Listener: Checking if ATS_MODEM is set or not.
06-05 18:21:52.090   609   647 D QC-time-services: Lib:time_genoff_operation: pargs->base = 13
06-05 18:21:52.090   609   647 D QC-time-services: Lib:time_genoff_operation: pargs->operation = 2
06-05 18:21:52.090   609   647 D QC-time-services: Lib:time_genoff_operation: pargs->ts_val = 0
06-05 18:21:52.090   609   647 D QC-time-services: Lib:time_genoff_operation: Send to server  passed!!
06-05 18:21:52.091   850  1167 D QC-time-services: Daemon: Connection accepted:time_genoff
06-05 18:21:52.092   850  7651 D QC-time-services: Daemon:Received base = 13, unit = 1, operation = 2,value = 0
06-05 18:21:52.092   850  7651 D QC-time-services: Daemon:genoff_opr: Base = 13, val = 0, operation = 2
06-05 18:21:52.092   850  7651 D QC-time-services: offset is: 1 for base: 13
06-05 18:21:52.093   609   647 E QC-time-services: Receive Passed == base = 13, unit = 1, operation = 2, result = 0
06-05 18:21:52.093   609   647 D DrmLibTime: QSEE Time Listener: ATS_MODEM is set. Try to retrieve it.
06-05 18:21:52.093   850  1167 E QC-time-services: Daemon: Time-services: Waiting to acceptconnection
06-05 18:21:52.093   850  1167 D QC-time-services: Daemon: Connection accepted:time_genoff
06-05 18:21:52.094   850  7655 D QC-time-services: Daemon:Received base = 13, unit = 1, operation = 1,value = 0
06-05 18:21:52.094   850  7655 D QC-time-services: Daemon:genoff_opr: Base = 13, val = 0, operation = 1
06-05 18:21:52.094   850  7655 D QC-time-services: Daemon: genoff get for 13
06-05 18:21:52.094   850  7655 D QC-time-services: Daemon:Value read from QTimer mseconds = 9298283
06-05 18:21:52.094   850  7655 D QC-time-services: Daemon:Value read from RTC mseconds on boot = 28120974000
06-05 18:21:52.094   850  7655 D QC-time-services: Daemon:Value read from QTimer mseconds = 9298283
06-05 18:21:52.094   850  7655 D QC-time-services: Daemon:Value read from generic offset = 1626294251302
06-05 18:21:52.094   850  7655 D QC-time-services: Daemon:Delta read on boot mseconds = 28120961683
06-05 18:21:52.094   850  7655 D QC-time-services: Daemon:Final Time = 1654424511268
06-05 18:21:52.094   609   647 D DrmLibTime: QSEE Time Listener: Time GenOff - seconds: 1654424511
06-05 18:21:52.094   609   647 D DrmLibTime: time_getutcsec returns 0, sec = 1654424511; nsec = 0
06-05 18:21:52.094   609   647 D DrmLibTime: time_getutcsec finished!
06-05 18:21:52.094   609   647 D DrmLibTime: iotcl_continue_command finished! and return 0
06-05 18:21:52.094   609   647 D DrmLibTime: before calling ioctl to read the next time_cmd
06-05 18:21:52.095   850  1167 E QC-time-services: Daemon: Time-services: Waiting to acceptconnection
06-05 18:21:52.145  1850  2634 I MiuiNetworkPolicy: updateUidState uid = 10291, uidState = 11
06-05 18:21:52.153  1850  2634 I MiuiNetworkPolicy: updateUidState uid = 10291, uidState = 19
06-05 18:21:52.170   991 13981 I QCOM-OEMCrypto: Allocated all scratch buffers
06-05 18:21:52.170   991 13981 I QCOM-OEMCrypto: LibOEMCrypto version 1.30
06-05 18:21:52.170   991 13981 I QCOM-OEMCrypto: TA   version 1.89
06-05 18:21:52.170   991 13981 I QCOM-OEMCrypto: Api  version 16.3
06-05 18:21:52.181   991 13981 W WVCdm   : [oemcrypto_adapter_dynamic.cpp(994):LoadLevel1] Could not load L1 _oecc113.
06-05 18:21:52.181   991 13981 W WVCdm   : [oemcrypto_adapter_dynamic.cpp(995):LoadLevel1] Could not load L1 _oecc114.
06-05 18:21:52.181   991 13981 D WVCdm   : [oemcrypto_adapter_dynamic.cpp(814):Initialize] OEMCrypto_Initialize Level 1 success. I will use level 1.
06-05 18:21:52.181   991 13981 I WVCdm   : [oemcrypto_adapter_dynamic.cpp(817):Initialize] Level 1 Build Info (v16): Build Information: API_Version: 16.3 LibOEMCrypto_Version: 1.30 TA_Version: 1.89
06-05 18:21:52.184   991 13981 D WVCdm   : [crypto_session.cpp(334):Init] OEMCrypto version (default security level): 16.3
06-05 18:21:52.184   991 13981 D WVCdm   : [crypto_session.cpp(343):Init] OEMCrypto version (L3 security level): 16.3
06-05 18:21:52.184   991 13981 D WVCdm   : [crypto_session.cpp(763):Open] Opening crypto session: requested_security_level = Default
06-05 18:21:52.186   991 13981 I QCOM-OEMCrypto: Open session: 1000
06-05 18:21:52.187   991 13981 I WVCdm   : [usage_table_header.cpp(159):Init] Initializing usage table header: security_level = 1
06-05 18:21:52.187   991 13981 D WVCdm   : [usage_table_header.cpp(188):Init] Usage table capacity is unlimited: security_level = 1
06-05 18:21:52.192   991 13981 I WVCdm   : [usage_table_header.cpp(212):Init] Number of usage entries: 0
06-05 18:21:52.207  1850  2634 D MiuiNetworkPolicy: updateLimit mLimitEnabled=true,enabled=false,mNetworkPriorityMode=2
06-05 18:21:52.218  4385  4385 D BoundBrokerSvc: onUnbind: Intent { act=com.google.android.gms.measurement.START pkg=com.google.android.gms }
06-05 18:21:52.251   991 13981 I QCOM-OEMCrypto: Closed session: 1000
06-05 18:21:52.253   991   991 E WVCdm   : [wv_content_decryption_module.cpp(389):GetMetrics] Cdm Identifier not found
06-05 18:21:52.255   991   991 E WVCdm   : [wv_content_decryption_module.cpp(449):CloseCdm] Cdm Identifier not found
06-05 18:21:52.255   991   991 E WVCdm   : Failed to close cdm. status 12
06-05 18:21:52.258   991   991 I WVCdm   : [(0):] L3 Terminate.
06-05 18:21:52.258   991   991 I QCOM-OEMCrypto: OEMCrypto_Terminate
06-05 18:21:52.261   991   991 I QCOM-OEMCrypto: Freed all scratch buffers
06-05 18:21:52.263   991   991 D QSEECOMAPI: QSEECom_dealloc_memory
06-05 18:21:52.263   991   991 D QSEECOMAPI: QSEECom_shutdown_app, app_id = 116
06-05 18:21:52.271  7276  7356 I android:channe: Waiting for a blocking GC ClassLinker
06-05 18:21:52.337  7276  7356 I android:channe: WaitForGcToComplete blocked ClassLinker on Background for 66.238ms
06-05 18:21:52.358  7276  7356 W android:channe: Class com.alibaba.one.android.inner.BroadcastReceiverJniBridge failed lock verification and will run slower.
06-05 18:21:52.358  7276  7356 W android:channe: Common causes for lock verification issues are non-optimized dex code
06-05 18:21:52.358  7276  7356 W android:channe: and incorrect proguard optimizations.
06-05 18:21:52.387  1850  5955 W ServiceManager: Permission failure: android.permission.HIGH_SAMPLING_RATE_SENSORS from uid=10269 pid=7276
06-05 18:21:52.430   991   991 I WVCdm   : [app][com.lazada.android:channel] calling virtual Return<void> wvdrm::hardware::drm::V1_3::widevine::WVDrmFactory::createPlugin(const hidl_array<uint8_t, 16> &, const android::hardware::hidl_string &, android::hardware::drm::V1_3::IDrmFactory::createPlugin_cb)
06-05 18:21:52.430   991   991 D WVCdm   : Instantiating CDM.
06-05 18:21:52.431   991   991 I WVCdm   : [cdm_engine.cpp(563):QueryStatus] Querying status
06-05 18:21:52.431   991   991 I WVCdm   : [oemcrypto_adapter_dynamic.cpp(781):Initialize] Level 3 Build Info (v16): OEMCrypto Level3 Code 22590 May 28 2021 19:37:25
06-05 18:21:52.432   991  7670 I WVCdm   : [(0):] Level3 Library 22590 May 28 2021 19:37:25
06-05 18:21:52.437   991   991 I WVCdm   : [oemcrypto_adapter_dynamic.cpp(795):Initialize] L3 Initialized. Trying L1.
06-05 18:21:52.437   991   991 I QCOM-OEMCrypto: OEMCrypto_Initialize
06-05 18:21:52.437   991   991 D QSEECOMAPI: QSEECom_get_handle sb_length = 0x64000
06-05 18:21:52.437   991   991 D QSEECOMAPI: App is not loaded in QSEE
06-05 18:21:52.437   991   991 E QSEECOMAPI: Error::Cannot open the file /vendor/firmware_mnt/image/widevine.mdt errno = 2
06-05 18:21:52.437   991   991 E QSEECOMAPI: Error::Loading image failed with ret = -1
06-05 18:21:52.442   991   991 D QSEECOMAPI: QSEECom_get_handle sb_length = 0x64000
06-05 18:21:52.442   991   991 D QSEECOMAPI: App is not loaded in QSEE
06-05 18:21:52.463  3019  3019 D InterruptionStateProvider: No bubble up: not allowed to bubble: -1|android|26|null|1000
06-05 18:21:52.464  3019  3019 D InterruptionStateProvider: No bubble up: not allowed to bubble: 0|cz.appmine.poetizer|87527509|null|10291
06-05 18:21:52.464  3019  3019 D InterruptionStateProvider: No bubble up: not allowed to bubble: -1|android|27|null|1000
06-05 18:21:52.475   991   991 D QSEECOMAPI: Loaded image: APP id = 117
06-05 18:21:52.477   991   991 I QCOM-OEMCrypto: ---------------Widevine OEMCrypto configuration-----------------
06-05 18:21:52.477   991   991 I QCOM-OEMCrypto: TA-HLOS interface                    :   QSEECOM
06-05 18:21:52.477   991   991 I QCOM-OEMCrypto: Crypto Engine SMMU Virtual Address   :   Yes
06-05 18:21:52.477   991   991 I QCOM-OEMCrypto: Measure elapsed time                 :   No
06-05 18:21:52.477   991   991 I QCOM-OEMCrypto: Inplace decryption for clear buffer  :   Yes
06-05 18:21:52.477   991   991 I QCOM-OEMCrypto: Frame Assembly                       :   Yes
06-05 18:21:52.477   991   991 I QCOM-OEMCrypto: Scratch buffer size                  :   4194304
06-05 18:21:52.477   991   991 I QCOM-OEMCrypto: Decrypt hash tests                   :   No
06-05 18:21:52.477   991   991 I QCOM-OEMCrypto: Secure buffer tests                  :   No
06-05 18:21:52.477   991   991 I QCOM-OEMCrypto: ----------------------------------------------------------------
06-05 18:21:52.478   609   647 D DrmLibTime: got the req here! ret=0
06-05 18:21:52.478   609   647 D DrmLibTime: command id, time_cmd_id = 770
06-05 18:21:52.478   609   647 D DrmLibTime: time_getutcsec starts!
06-05 18:21:52.478   609   647 D DrmLibTime: QSEE Time Listener: time_getutcsec
06-05 18:21:52.478   609   647 D DrmLibTime: QSEE Time Listener: get_utc_seconds
06-05 18:21:52.478   609   647 D DrmLibTime: QSEE Time Listener: time_get_modem_time
06-05 18:21:52.478   609   647 D DrmLibTime: QSEE Time Listener: Checking if ATS_MODEM is set or not.
06-05 18:21:52.478   609   647 D QC-time-services: Lib:time_genoff_operation: pargs->base = 13
06-05 18:21:52.478   609   647 D QC-time-services: Lib:time_genoff_operation: pargs->operation = 2
06-05 18:21:52.478   609   647 D QC-time-services: Lib:time_genoff_operation: pargs->ts_val = 0
06-05 18:21:52.478   609   647 D QC-time-services: Lib:time_genoff_operation: Send to server  passed!!
06-05 18:21:52.478   850  1167 D QC-time-services: Daemon: Connection accepted:time_genoff
06-05 18:21:52.480   850  7671 D QC-time-services: Daemon:Received base = 13, unit = 1, operation = 2,value = 0
06-05 18:21:52.480   850  7671 D QC-time-services: Daemon:genoff_opr: Base = 13, val = 0, operation = 2
06-05 18:21:52.480   850  7671 D QC-time-services: offset is: 1 for base: 13
06-05 18:21:52.480   609   647 E QC-time-services: Receive Passed == base = 13, unit = 1, operation = 2, result = 0
06-05 18:21:52.480   609   647 D DrmLibTime: QSEE Time Listener: ATS_MODEM is set. Try to retrieve it.
06-05 18:21:52.481   850  1167 E QC-time-services: Daemon: Time-services: Waiting to acceptconnection
06-05 18:21:52.481   850  1167 D QC-time-services: Daemon: Connection accepted:time_genoff
06-05 18:21:52.482   850  7672 D QC-time-services: Daemon:Received base = 13, unit = 1, operation = 1,value = 0
06-05 18:21:52.482   850  7672 D QC-time-services: Daemon:genoff_opr: Base = 13, val = 0, operation = 1
06-05 18:21:52.482   850  7672 D QC-time-services: Daemon: genoff get for 13
06-05 18:21:52.482   850  7672 D QC-time-services: Daemon:Value read from QTimer mseconds = 9298671
06-05 18:21:52.482   850  7672 D QC-time-services: Daemon:Value read from RTC mseconds on boot = 28120974000
06-05 18:21:52.482   850  7672 D QC-time-services: Daemon:Value read from QTimer mseconds = 9298671
06-05 18:21:52.482   850  7672 D QC-time-services: Daemon:Value read from generic offset = 1626294251302
06-05 18:21:52.482   850  7672 D QC-time-services: Daemon:Delta read on boot mseconds = 28120961683
06-05 18:21:52.482   850  7672 D QC-time-services: Daemon:Final Time = 1654424511656
06-05 18:21:52.482   609   647 D DrmLibTime: QSEE Time Listener: Time GenOff - seconds: 1654424511
06-05 18:21:52.482   609   647 D DrmLibTime: time_getutcsec returns 0, sec = 1654424511; nsec = 0
06-05 18:21:52.482   609   647 D DrmLibTime: time_getutcsec finished!
06-05 18:21:52.482   609   647 D DrmLibTime: iotcl_continue_command finished! and return 0
06-05 18:21:52.482   609   647 D DrmLibTime: before calling ioctl to read the next time_cmd
06-05 18:21:52.484   850  1167 E QC-time-services: Daemon: Time-services: Waiting to acceptconnection
06-05 18:21:52.514   991   991 I QCOM-OEMCrypto: Allocated all scratch buffers
06-05 18:21:52.514   991   991 I QCOM-OEMCrypto: LibOEMCrypto version 1.30
06-05 18:21:52.514   991   991 I QCOM-OEMCrypto: TA   version 1.89
06-05 18:21:52.514   991   991 I QCOM-OEMCrypto: Api  version 16.3
06-05 18:21:52.514   991   991 W WVCdm   : [oemcrypto_adapter_dynamic.cpp(994):LoadLevel1] Could not load L1 _oecc113.
06-05 18:21:52.514   991   991 W WVCdm   : [oemcrypto_adapter_dynamic.cpp(995):LoadLevel1] Could not load L1 _oecc114.
06-05 18:21:52.514   991   991 D WVCdm   : [oemcrypto_adapter_dynamic.cpp(814):Initialize] OEMCrypto_Initialize Level 1 success. I will use level 1.
06-05 18:21:52.514   991   991 I WVCdm   : [oemcrypto_adapter_dynamic.cpp(817):Initialize] Level 1 Build Info (v16): Build Information: API_Version: 16.3 LibOEMCrypto_Version: 1.30 TA_Version: 1.89
06-05 18:21:52.515   991   991 D WVCdm   : [crypto_session.cpp(334):Init] OEMCrypto version (default security level): 16.3
06-05 18:21:52.516   991   991 D WVCdm   : [crypto_session.cpp(343):Init] OEMCrypto version (L3 security level): 16.3
06-05 18:21:52.516   991   991 D WVCdm   : [crypto_session.cpp(763):Open] Opening crypto session: requested_security_level = Default
06-05 18:21:52.517   991   991 I QCOM-OEMCrypto: Open session: 1000
06-05 18:21:52.518   991   991 I WVCdm   : [usage_table_header.cpp(159):Init] Initializing usage table header: security_level = 1
06-05 18:21:52.518   991   991 D WVCdm   : [usage_table_header.cpp(188):Init] Usage table capacity is unlimited: security_level = 1
06-05 18:21:52.518   991   991 I WVCdm   : [usage_table_header.cpp(212):Init] Number of usage entries: 0
06-05 18:21:52.555   991   991 I QCOM-OEMCrypto: Closed session: 1000
06-05 18:21:52.556   991   991 E WVCdm   : [wv_content_decryption_module.cpp(389):GetMetrics] Cdm Identifier not found
06-05 18:21:52.557   991   991 E WVCdm   : [wv_content_decryption_module.cpp(449):CloseCdm] Cdm Identifier not found
06-05 18:21:52.557   991   991 E WVCdm   : Failed to close cdm. status 12
06-05 18:21:52.558   991   991 I WVCdm   : [(0):] L3 Terminate.
06-05 18:21:52.558   991   991 I QCOM-OEMCrypto: OEMCrypto_Terminate
06-05 18:21:52.560   991   991 I QCOM-OEMCrypto: Freed all scratch buffers
06-05 18:21:52.560   991   991 D QSEECOMAPI: QSEECom_dealloc_memory
06-05 18:21:52.560   991   991 D QSEECOMAPI: QSEECom_shutdown_app, app_id = 117
06-05 18:21:52.562  7276  7667 I ValarMorghulis: 0ooo======3906^^^^/////////1752
06-05 18:21:52.981  7276  7634 W SQLiteLog: (28) double-quoted string literal: "ip"
06-05 18:21:52.981  7276  7634 W SQLiteLog: (28) double-quoted string literal: "result"
06-05 18:21:53.209  2999  3462 D MI_RIL_OEM_HOOK: onPkHookCommonMsg, msg_id = 65
06-05 18:21:53.209  2999  3462 D MI_RIL_OEM_HOOK: onGetHookMsgBytes, HOOK_HEAD_SIZE = 16, msg_len = 4
06-05 18:21:53.209  2999  3462 D MI_RIL_OEM_HOOK: onHookSendSync, phoneId = 0
06-05 18:21:53.210  2930  2930 D QcrilMsgTunnelIfaceManager: handleMessage what = 1
06-05 18:21:53.210  2930  2930 I QcrilOemhookMsgTunnel: [0]invokeOemRilRequestRaw: serial=2039 length=36
06-05 18:21:53.251  1793  2006 D XIAOMI_QCRIL: RIL[lib][xiaomi_extend_nvefs.c:52] xiaomi_qmi_result_map: xiaomi_qmi_result_map, old_result 0, new_result 0
06-05 18:21:53.253  2930  3267 I QcrilOemhookMsgTunnel: [0]processOemHookResponse serial no: 2039 error: 0length=16
06-05 18:21:53.253  2930  2930 D QcrilMsgTunnelIfaceManager: handleMessage what = 2
06-05 18:21:53.254  2999  3462 D QC_RIL_OEM_HOOK: sendOemRilRequestRaw returns value = 16
06-05 18:21:53.254  2999  3462 D ModemSarController_8250: type = 65, len = 4, value = 0
06-05 18:21:54.011  1850  2553 D MIUIInput: [MotionEvent] publisher action=0x4, 5102058, channel '613871d com.miui.securitycenter (server)'
06-05 18:21:54.011  1850  2553 D MIUIInput: [MotionEvent] publisher action=0x4, 5102058, channel 'ef6ede1 com.miui.securitycenter (server)'
06-05 18:21:54.011  1850  2553 D MIUIInput: [MotionEvent] publisher action=0x0, 5102058, channel '1b9faa8 com.blizzard.wtcg.hearthstone/com.blizzard.wtcg.hearthstone.HearthstoneActivity (server)'
06-05 18:21:54.012  7693  7693 I GameBoxTouchListener: onTouch: 	mAdded=false	isLeftShowfalse
06-05 18:21:54.012  7693  7693 I GameBoxTouchListener: onTouch: 	mAdded=false	isLeftShowtrue
06-05 18:21:54.025  2953  3093 I Unity   : [Spell Pooling]  Acquired: Card_Hand_Ability_SpellPower_HintBurst(Clone)(Clone)
06-05 18:21:54.026  2953  3093 I Unity   : [Spell Pooling]  Acquired: Card_Hand_Ability_SpellPower_Hint(Clone)(Clone)
06-05 18:21:54.081  7392  7392 I System.out: 2022-06-05 18:21:54 [main] sdk.chat.core.session.ChatSDK.activate()
06-05 18:21:54.082  7392  7392 I System.out: INFO: Module: FirebaseModule provided network adapter
06-05 18:21:54.082  7392  7392 I System.out: 2022-06-05 18:21:54 [main] sdk.chat.core.session.ChatSDK.activate()
06-05 18:21:54.082  7392  7392 I System.out: INFO: Module: UIModule provided interface adapter
06-05 18:21:54.085  7392  7450 I FirebaseAuth: [FirebaseAuth:] Preparing to create service connection to fallback implementation
06-05 18:21:54.148  7392  7392 I System.out: 2022-06-05 18:21:54 [main] sdk.chat.core.session.ChatSDK.activate()
06-05 18:21:54.148  7392  7392 I System.out: INFO: Module FirebaseModule activated successfully
06-05 18:21:54.148  7392  7392 I System.out: 2022-06-05 18:21:54 [main] sdk.chat.core.session.ChatSDK.activate()
06-05 18:21:54.148  7392  7392 I System.out: INFO: Module FirebaseUploadModule activated successfully
06-05 18:21:54.150  7392  7392 I System.out: 2022-06-05 18:21:54 [main] sdk.chat.core.session.ChatSDK.activate()
06-05 18:21:54.150  7392  7392 I System.out: INFO: Module FirebasePushModule activated successfully
06-05 18:21:54.153  7392  7392 I System.out: 2022-06-05 18:21:54 [main] sdk.chat.core.session.ChatSDK.activate()
06-05 18:21:54.153  7392  7392 I System.out: INFO: Module FirebaseTypingIndicatorModule activated successfully
06-05 18:21:54.155  7392  7392 I System.out: 2022-06-05 18:21:54 [main] sdk.chat.core.session.ChatSDK.activate()
