06-05 18:28:59.329  1582 11428 I OMX-VDEC-1080P: set_frame_rate: the current time is 182859
06-05 18:28:59.344  1582 11428 I OMX-VDEC-1080P: set_frame_rate: the current time is 182859
06-05 18:28:59.361  1582 11428 I OMX-VDEC-1080P: set_frame_rate: the current time is 182859
06-05 18:28:59.379  1582 11428 I OMX-VDEC-1080P: set_frame_rate: the current time is 182859
06-05 18:28:59.395  1582 11428 I OMX-VDEC-1080P: set_frame_rate: the current time is 182859
06-05 18:28:59.411  1582 11428 I OMX-VDEC-1080P: set_frame_rate: the current time is 182859
06-05 18:28:59.428  1582 11428 I OMX-VDEC-1080P: set_frame_rate: the current time is 182859
06-05 18:28:59.445  1582 11428 I OMX-VDEC-1080P: set_frame_rate: the current time is 182859
06-05 18:28:59.461  1582 11428 I OMX-VDEC-1080P: set_frame_rate: the current time is 182859
06-05 18:28:59.478  1582 11428 I OMX-VDEC-1080P: set_frame_rate: the current time is 182859
06-05 18:28:59.495  1582 11428 I OMX-VDEC-1080P: set_frame_rate: the current time is 182859
06-05 18:28:59.512  1582 11428 I OMX-VDEC-1080P: set_frame_rate: the current time is 182859
06-05 18:28:59.528  1582 11428 I OMX-VDEC-1080P: set_frame_rate: the current time is 182859
06-05 18:28:59.545  1582 11428 I OMX-VDEC-1080P: set_frame_rate: the current time is 182859
06-05 18:28:59.562  1582 11428 I OMX-VDEC-1080P: set_frame_rate: the current time is 182859
06-05 18:28:59.579  1582 11428 I OMX-VDEC-1080P: set_frame_rate: the current time is 182859
06-05 18:28:59.590  1103  2189 I audioserver: setGameParameters keyvalue: xlog.volume.music.speaker=44
06-05 18:28:59.590   975 28792 D audio_hw_primary: adev_set_parameters: enter: xlog.volume.music.speaker=44
06-05 18:28:59.590   975 28792 V msm8974_platform: platform_set_parameters: enter: xlog.volume.music.speaker=44
06-05 18:28:59.590   975 28792 D audio_hw_hfp: hfp_set_parameters: enter
06-05 18:28:59.591   975 28792 D audio_hw_hfp: hfp_set_parameters: enter
06-05 18:28:59.591   975 28792 V a2dp_offload: end of a2dp setparam
06-05 18:28:59.591   975 28792 D audio_hw_cspl_cal: cirrus_cal_setparameters: enter 0xf3003600
06-05 18:28:59.591   975 28792 D audio_hw_extn: audio_extn_fm_set_parameters: Enter
06-05 18:28:59.591   975 28792 D audio_hw_hfp: hfp_set_parameters: enter
06-05 18:28:59.591   975 28792 V a2dp_offload: end of a2dp setparam
06-05 18:28:59.591   975 28792 D audio_hw_primary: adev_set_parameters: exit with code(0)
06-05 18:28:59.594  1103  2189 I audioserver: setGameParameters keyvalue: xlog.volume.music.speaker=44
06-05 18:28:59.594   975 28792 D audio_hw_primary: adev_set_parameters: enter: xlog.volume.music.speaker=44
06-05 18:28:59.594   975 28792 V msm8974_platform: platform_set_parameters: enter: xlog.volume.music.speaker=44
06-05 18:28:59.594   975 28792 D audio_hw_hfp: hfp_set_parameters: enter
06-05 18:28:59.594   975 28792 D audio_hw_hfp: hfp_set_parameters: enter
06-05 18:28:59.594   975 28792 V a2dp_offload: end of a2dp setparam
06-05 18:28:59.594   975 28792 D audio_hw_cspl_cal: cirrus_cal_setparameters: enter 0xf3003600
06-05 18:28:59.594   975 28792 D audio_hw_extn: audio_extn_fm_set_parameters: Enter
06-05 18:28:59.594   975 28792 D audio_hw_hfp: hfp_set_parameters: enter
06-05 18:28:59.594   975 28792 V a2dp_offload: end of a2dp setparam
06-05 18:28:59.595   975 28792 D audio_hw_primary: adev_set_parameters: exit with code(0)
06-05 18:28:59.595  1582 11428 I OMX-VDEC-1080P: set_frame_rate: the current time is 182859
06-05 18:28:59.607  1850  2634 I MiuiNetworkPolicy: updateUidState uid = 10285, uidState = 10
06-05 18:28:59.614  1582 11428 I OMX-VDEC-1080P: set_frame_rate: the current time is 182859
06-05 18:28:59.617  1850  2634 I MiuiNetworkPolicy: updateUidState uid = 10285, uidState = 15
06-05 18:28:59.628  1582 11428 I OMX-VDEC-1080P: set_frame_rate: the current time is 182859
06-05 18:28:59.644  1582 11428 I OMX-VDEC-1080P: set_frame_rate: the current time is 182859
06-05 18:28:59.662  1582 11428 I OMX-VDEC-1080P: set_frame_rate: the current time is 182859
06-05 18:28:59.679  1582 11428 I OMX-VDEC-1080P: set_frame_rate: the current time is 182859
06-05 18:28:59.695  1582 11428 I OMX-VDEC-1080P: set_frame_rate: the current time is 182859
06-05 18:28:59.711  1582 11428 I OMX-VDEC-1080P: set_frame_rate: the current time is 182859
06-05 18:28:59.728  1582 11428 I OMX-VDEC-1080P: set_frame_rate: the current time is 182859
06-05 18:28:59.745  1582 11428 I OMX-VDEC-1080P: set_frame_rate: the current time is 182859
06-05 18:28:59.762  1582 11428 I OMX-VDEC-1080P: set_frame_rate: the current time is 182859
06-05 18:28:59.779  1582 11428 I OMX-VDEC-1080P: set_frame_rate: the current time is 182859
06-05 18:28:59.795  1582 11428 I OMX-VDEC-1080P: set_frame_rate: the current time is 182859
06-05 18:28:59.811  1582 11428 I OMX-VDEC-1080P: set_frame_rate: the current time is 182859
06-05 18:28:59.828  1582 11428 I OMX-VDEC-1080P: set_frame_rate: the current time is 182859
06-05 18:28:59.844  1582 11428 I OMX-VDEC-1080P: set_frame_rate: the current time is 182859
06-05 18:28:59.861  1582 11428 I OMX-VDEC-1080P: set_frame_rate: the current time is 182859
06-05 18:28:59.880  1582 11428 I OMX-VDEC-1080P: set_frame_rate: the current time is 182859
06-05 18:28:59.896  1582 11428 I OMX-VDEC-1080P: set_frame_rate: the current time is 182859
06-05 18:28:59.913  1582 11428 I OMX-VDEC-1080P: set_frame_rate: the current time is 182859
06-05 18:28:59.930  1582 11428 I OMX-VDEC-1080P: set_frame_rate: the current time is 182859
06-05 18:28:59.944  1582 11428 I OMX-VDEC-1080P: set_frame_rate: the current time is 182859
06-05 18:28:59.962  1582 11428 I OMX-VDEC-1080P: set_frame_rate: the current time is 182859
06-05 18:28:59.979  1582 11428 I OMX-VDEC-1080P: set_frame_rate: the current time is 182859
06-05 18:28:59.994  1582 11428 I OMX-VDEC-1080P: set_frame_rate: the current time is 182859
06-05 18:29:00.008  3019  3019 D KeyguardUpdateMonitor: received broadcast android.intent.action.TIME_TICK
06-05 18:29:00.012  1582 11428 I OMX-VDEC-1080P: set_frame_rate: the current time is 182900
06-05 18:29:00.020  3019  3019 D KeyguardUpdateMonitor: handleTimeUpdate
06-05 18:29:00.030  1582 11428 I OMX-VDEC-1080P: set_frame_rate: the current time is 182900
06-05 18:29:00.045  1582 11428 I OMX-VDEC-1080P: set_frame_rate: the current time is 182900
06-05 18:29:00.064  1582 11428 I OMX-VDEC-1080P: set_frame_rate: the current time is 182900
06-05 18:29:00.080  1582 11428 I OMX-VDEC-1080P: set_frame_rate: the current time is 182900
06-05 18:29:00.095  1582 11428 I OMX-VDEC-1080P: set_frame_rate: the current time is 182900
06-05 18:29:00.112  1582 11428 I OMX-VDEC-1080P: set_frame_rate: the current time is 182900
06-05 18:29:00.130  1582 11428 I OMX-VDEC-1080P: set_frame_rate: the current time is 182900
06-05 18:29:00.146  1582 11428 I OMX-VDEC-1080P: set_frame_rate: the current time is 182900
06-05 18:29:00.164  1582 11428 I OMX-VDEC-1080P: set_frame_rate: the current time is 182900
06-05 18:29:00.180  1582 11428 I OMX-VDEC-1080P: set_frame_rate: the current time is 182900
06-05 18:29:00.194  1582 11428 I OMX-VDEC-1080P: set_frame_rate: the current time is 182900
06-05 18:29:00.213  1582 11428 I OMX-VDEC-1080P: set_frame_rate: the current time is 182900
06-05 18:29:00.229  1582 11428 I OMX-VDEC-1080P: set_frame_rate: the current time is 182900
06-05 18:29:00.245  1582 11428 I OMX-VDEC-1080P: set_frame_rate: the current time is 182900
06-05 18:29:00.273  1582 11428 I OMX-VDEC-1080P: set_frame_rate: the current time is 182900
06-05 18:29:00.274  1582 11428 I OMX-VDEC-1080P: set_frame_rate: the current time is 182900
06-05 18:29:00.274  1582 11428 I OMX-VDEC-1080P: set_frame_rate: the current time is 182900
06-05 18:29:00.312  1582 11428 I OMX-VDEC-1080P: set_frame_rate: the current time is 182900
06-05 18:29:00.329  1582 11428 I OMX-VDEC-1080P: set_frame_rate: the current time is 182900
06-05 18:29:00.345  1582 11428 I OMX-VDEC-1080P: set_frame_rate: the current time is 182900
06-05 18:29:00.363  1582 11428 I OMX-VDEC-1080P: set_frame_rate: the current time is 182900
06-05 18:29:00.379  1582 11428 I OMX-VDEC-1080P: set_frame_rate: the current time is 182900
06-05 18:29:00.395  1582 11428 I OMX-VDEC-1080P: set_frame_rate: the current time is 182900
06-05 18:29:00.413  1582 11428 I OMX-VDEC-1080P: set_frame_rate: the current time is 182900
06-05 18:29:00.428  1582 11428 I OMX-VDEC-1080P: set_frame_rate: the current time is 182900
06-05 18:29:00.444  1582 11428 I OMX-VDEC-1080P: set_frame_rate: the current time is 182900
06-05 18:29:00.461  1582 11428 I OMX-VDEC-1080P: set_frame_rate: the current time is 182900
06-05 18:29:00.479  1582 11428 I OMX-VDEC-1080P: set_frame_rate: the current time is 182900
06-05 18:29:00.495  1582 11428 I OMX-VDEC-1080P: set_frame_rate: the current time is 182900
06-05 18:29:00.512  1582 11428 I OMX-VDEC-1080P: set_frame_rate: the current time is 182900
06-05 18:29:00.529  1582 11428 I OMX-VDEC-1080P: set_frame_rate: the current time is 182900
06-05 18:29:00.545  1582 11428 I OMX-VDEC-1080P: set_frame_rate: the current time is 182900
06-05 18:29:00.562  1582 11428 I OMX-VDEC-1080P: set_frame_rate: the current time is 182900
06-05 18:29:00.579  1582 11428 I OMX-VDEC-1080P: set_frame_rate: the current time is 182900
06-05 18:29:00.596  1582 11428 I OMX-VDEC-1080P: set_frame_rate: the current time is 182900
06-05 18:29:00.612  1582 11428 I OMX-VDEC-1080P: set_frame_rate: the current time is 182900
06-05 18:29:00.630  1582 11428 I OMX-VDEC-1080P: set_frame_rate: the current time is 182900
06-05 18:29:00.645  1582 11428 I OMX-VDEC-1080P: set_frame_rate: the current time is 182900
06-05 18:29:00.662  1582 11428 I OMX-VDEC-1080P: set_frame_rate: the current time is 182900
06-05 18:29:00.678  1582 11428 I OMX-VDEC-1080P: set_frame_rate: the current time is 182900
06-05 18:29:00.678  1582 11428 I OMX-VDEC-1080P: set_frame_rate: the current time is 182900
06-05 18:29:00.678  1582 11428 I OMX-VDEC-1080P: set_frame_rate: the current time is 182900
06-05 18:29:00.728  1582 11428 I OMX-VDEC-1080P: set_frame_rate: the current time is 182900
06-05 18:29:00.744  1582 11428 I OMX-VDEC-1080P: set_frame_rate: the current time is 182900
06-05 18:29:00.761  1582 11428 I OMX-VDEC-1080P: set_frame_rate: the current time is 182900
06-05 18:29:00.778  1582 11428 I OMX-VDEC-1080P: set_frame_rate: the current time is 182900
06-05 18:29:00.795  1582 11428 I OMX-VDEC-1080P: set_frame_rate: the current time is 182900
06-05 18:29:00.813  1582 11428 I OMX-VDEC-1080P: set_frame_rate: the current time is 182900
06-05 18:29:00.832  1582 11428 I OMX-VDEC-1080P: set_frame_rate: the current time is 182900
06-05 18:29:00.840  6316  6316 I BatteryInfoReceiver: ACTION_BATTERY_CHANGED
06-05 18:29:00.841  7552  7931 D ThermalIECHandler: storeDataStyle: thermal_iec_monitor_persistence_data_style_iec_state; startIECTime: -1; IECScreenOffOverPeriodTime: -1
06-05 18:29:00.843  2992  2992 V DeviceStatisticsService: chargerType=2 batteryLevel=56 totalBatteryCapacity=4256400
06-05 18:29:00.843  2992  2992 D DeviceInfoHidlClient: isRadioOn()=true
06-05 18:29:00.843  2992  2992 I DeviceInfoHidlClient: isPowerInfoNeverSent=false batteryLevel=56 batteryLevelIndex=2 chargingMode=2 totalCapacity=4256400 powerSaveMode=false
06-05 18:29:00.843  2999  2999 D DynamicService:  ACTION_BATTERY_CHANGED change,USB plug = 2
06-05 18:29:00.846  1582 11428 I OMX-VDEC-1080P: set_frame_rate: the current time is 182900
06-05 18:29:00.847  7552  7857 D PowerCheckerService: onBatteryChanged, mBatteryLevel = 56, status = 2, level = 56, plug = 2, scale = 100
06-05 18:29:00.847  7552  7645 D PowerKeeper.Thermal: mBatteryTemperature: 40
06-05 18:29:00.862  1582 11428 I OMX-VDEC-1080P: set_frame_rate: the current time is 182900
06-05 18:29:00.878  1582 11428 I OMX-VDEC-1080P: set_frame_rate: the current time is 182900
06-05 18:29:00.894  1582 11428 I OMX-VDEC-1080P: set_frame_rate: the current time is 182900
06-05 18:29:00.911  1582 11428 I OMX-VDEC-1080P: set_frame_rate: the current time is 182900
06-05 18:29:00.930  1582 11428 I OMX-VDEC-1080P: set_frame_rate: the current time is 182900
06-05 18:29:00.945  1582 11428 I OMX-VDEC-1080P: set_frame_rate: the current time is 182900
06-05 18:29:00.962  1582 11428 I OMX-VDEC-1080P: set_frame_rate: the current time is 182900
06-05 18:29:00.980  1582 11428 I OMX-VDEC-1080P: set_frame_rate: the current time is 182900
06-05 18:29:00.994  1582 11428 I OMX-VDEC-1080P: set_frame_rate: the current time is 182900
06-05 18:29:01.011  1582 11428 I OMX-VDEC-1080P: set_frame_rate: the current time is 182901
06-05 18:29:01.028  1582 11428 I OMX-VDEC-1080P: set_frame_rate: the current time is 182901
06-05 18:29:01.045  1582 11428 I OMX-VDEC-1080P: set_frame_rate: the current time is 182901
06-05 18:29:01.061  1582 11428 I OMX-VDEC-1080P: set_frame_rate: the current time is 182901
06-05 18:29:01.078  1582 11428 I OMX-VDEC-1080P: set_frame_rate: the current time is 182901
06-05 18:29:01.094  1582 11428 I OMX-VDEC-1080P: set_frame_rate: the current time is 182901
06-05 18:29:01.095  1582 11428 I OMX-VDEC-1080P: set_frame_rate: the current time is 182901
06-05 18:29:01.095  1582 11428 I OMX-VDEC-1080P: set_frame_rate: the current time is 182901
06-05 18:29:01.145  1582 11428 I OMX-VDEC-1080P: set_frame_rate: the current time is 182901
06-05 18:29:01.161  1582 11428 I OMX-VDEC-1080P: set_frame_rate: the current time is 182901
06-05 18:29:01.180  1582 11428 I OMX-VDEC-1080P: set_frame_rate: the current time is 182901
06-05 18:29:01.195  1582 11428 I OMX-VDEC-1080P: set_frame_rate: the current time is 182901
06-05 18:29:01.211  1582 11428 I OMX-VDEC-1080P: set_frame_rate: the current time is 182901
06-05 18:29:01.232  1582 11428 I OMX-VDEC-1080P: set_frame_rate: the current time is 182901
06-05 18:29:01.245  1582 11428 I OMX-VDEC-1080P: set_frame_rate: the current time is 182901
06-05 18:29:01.261  1582 11428 I OMX-VDEC-1080P: set_frame_rate: the current time is 182901
06-05 18:29:01.278  1582 11428 I OMX-VDEC-1080P: set_frame_rate: the current time is 182901
06-05 18:29:01.295  1582 11428 I OMX-VDEC-1080P: set_frame_rate: the current time is 182901
06-05 18:29:01.311  1582 11428 I OMX-VDEC-1080P: set_frame_rate: the current time is 182901
06-05 18:29:01.330  1582 11428 I OMX-VDEC-1080P: set_frame_rate: the current time is 182901
06-05 18:29:01.345  1582 11428 I OMX-VDEC-1080P: set_frame_rate: the current time is 182901
06-05 18:29:01.362  1582 11428 I OMX-VDEC-1080P: set_frame_rate: the current time is 182901
06-05 18:29:01.379  1582 11428 I OMX-VDEC-1080P: set_frame_rate: the current time is 182901
06-05 18:29:01.395  1582 11428 I OMX-VDEC-1080P: set_frame_rate: the current time is 182901
06-05 18:29:01.412  1582 11428 I OMX-VDEC-1080P: set_frame_rate: the current time is 182901
06-05 18:29:01.428  1582 11428 I OMX-VDEC-1080P: set_frame_rate: the current time is 182901
06-05 18:29:01.444  1850  2553 D MIUIInput: [MotionEvent] publisher action=0x4, 5529491, channel 'c058ab6 com.miui.securitycenter (server)'
06-05 18:29:01.445  1850  2553 D MIUIInput: [MotionEvent] publisher action=0x0, 5529491, channel 'f66205e com.ss.android.ugc.trill/com.ss.android.ugc.aweme.splash.SplashActivity (server)'
06-05 18:29:01.446  7693  7693 I GameBoxTouchListener: onTouch: 	mAdded=false	isLeftShowtrue
06-05 18:29:01.446  1582 11428 I OMX-VDEC-1080P: set_frame_rate: the current time is 182901
06-05 18:29:01.462  1582 11428 I OMX-VDEC-1080P: set_frame_rate: the current time is 182901
06-05 18:29:01.479  1582 11428 I OMX-VDEC-1080P: set_frame_rate: the current time is 182901
06-05 18:29:01.490  1850  2553 D MIUIInput: [MotionEvent] publisher action=0x1, 5529537, channel 'f66205e com.ss.android.ugc.trill/com.ss.android.ugc.aweme.splash.SplashActivity (server)'
06-05 18:29:01.495  1582 11428 I OMX-VDEC-1080P: set_frame_rate: the current time is 182901
06-05 18:29:01.499 18541 18541 W System.err: java.lang.IllegalStateException: Observer X.AyY@3e03d77 was not registered.
06-05 18:29:01.499 18541 18541 W System.err: 	at android.database.Observable.unregisterObserver(Observable.java:69)
06-05 18:29:01.499 18541 18541 W System.err: 	at X.0BA.unregisterAdapterDataObserver(SourceFile:16842754)
06-05 18:29:01.499 18541 18541 W System.err: 	at X.AyW.registerAdapterDataObserver(SourceFile:16973836)
06-05 18:29:01.499 18541 18541 W System.err: 	at androidx.recyclerview.widget.RecyclerView.LIZ(SourceFile:50593826)
06-05 18:29:01.499 18541 18541 W System.err: 	at androidx.recyclerview.widget.RecyclerView.setAdapter(SourceFile:16908293)
06-05 18:29:01.499 18541 18541 W System.err: 	at com.ss.android.ugc.aweme.comment.ui.CommentListFragment.LJ(SourceFile:17301685)
06-05 18:29:01.499 18541 18541 W System.err: 	at com.ss.android.ugc.aweme.comment.ui.CommentListFragment.LIZJ(SourceFile:17170506)
06-05 18:29:01.499 18541 18541 W System.err: 	at com.ss.android.ugc.aweme.comment.ui.CommentListFragment.LIZ(SourceFile:554)
06-05 18:29:01.500 18541 18541 W System.err: 	at com.ss.android.ugc.aweme.comment.ui.CommentListPageFragment.LIZIZ(SourceFile:17236275)
06-05 18:29:01.500 18541 18541 W System.err: 	at com.ss.android.ugc.aweme.comment.ui.CommentListPageFragment.LIZ(SourceFile:50725065)
06-05 18:29:01.500 18541 18541 W System.err: 	at com.ss.android.ugc.aweme.comment.CommentServiceImpl.LIZ(SourceFile:50593795)
06-05 18:29:01.500 18541 18541 W System.err: 	at X.8w9.LIZ(SourceFile:17302001)
06-05 18:29:01.500 18541 18541 W System.err: 	at com.ss.android.ugc.aweme.feed.panel.BaseListFragmentPanel.LIZ(SourceFile:5037)
06-05 18:29:01.500 18541 18541 W System.err: 	at com.ss.android.ugc.aweme.feed.panel.BaseListFragmentPanel.LIZ(SourceFile:4984)
06-05 18:29:01.500 18541 18541 W System.err: 	at com.ss.android.ugc.aweme.feed.panel.BaseListFragmentPanel.LIZIZ(SourceFile:67305493)
06-05 18:29:01.500 18541 18541 W System.err: 	at com.ss.android.ugc.aweme.feed.panel.BaseListFragmentPanel.LIZ(SourceFile:4250)
06-05 18:29:01.500 18541 18541 W System.err: 	at X.86f.LIZ(SourceFile:17367088)
06-05 18:29:01.500 18541 18541 W System.err: 	at com.ss.android.ugc.aweme.feed.panel.BaseListFragmentPanel.LIZIZ(SourceFile:17235981)
06-05 18:29:01.500 18541 18541 W System.err: 	at com.ss.android.ugc.aweme.feed.panel.BaseListFragmentPanel.LIZ(SourceFile:514)
06-05 18:29:01.500 18541 18541 W System.err: 	at com.ss.android.ugc.aweme.feed.adapter.VideoViewCell.LIZ(SourceFile:33882182)
06-05 18:29:01.500 18541 18541 W System.err: 	at com.ss.android.ugc.aweme.feed.adapter.VideoViewCell.LIZ(SourceFile:52118)
06-05 18:29:01.500 18541 18541 W System.err: 	at com.ss.android.ugc.aweme.feed.adapter.VideoViewCell.onChanged(SourceFile:16842754)
06-05 18:29:01.500 18541 18541 W System.err: 	at X.Ahn$a.onChanged(SourceFile:16973839)
06-05 18:29:01.500 18541 18541 W System.err: 	at androidx.lifecycle.LiveData.considerNotify(SourceFile:17039389)
06-05 18:29:01.500 18541 18541 W System.err: 	at androidx.lifecycle.LiveData.dispatchingValue(SourceFile:17039410)
06-05 18:29:01.500 18541 18541 W System.err: 	at androidx.lifecycle.LiveData.setValue(SourceFile:16973838)
06-05 18:29:01.500 18541 18541 W System.err: 	at X.10c.setValue(SourceFile:16777216)
06-05 18:29:01.500 18541 18541 W System.err: 	at X.Ahn.setValue(SourceFile:16908294)
06-05 18:29:01.500 18541 18541 W System.err: 	at com.ss.android.ugc.aweme.arch.widgets.base.DataCenter.LIZ(SourceFile:33947710)
06-05 18:29:01.500 18541 18541 W System.err: 	at X.9Tg.LJFF(SourceFile:17301928)
06-05 18:29:01.500 18541 18541 W System.err: 	at X.9U4.onClick(SourceFile:16908295)
06-05 18:29:01.500 18541 18541 W System.err: 	at android.view.View.performClick(View.java:7750)
06-05 18:29:01.500 18541 18541 W System.err: 	at android.view.View.performClickInternal(View.java:7727)
06-05 18:29:01.500 18541 18541 W System.err: 	at android.view.View.access$3700(View.java:861)
06-05 18:29:01.500 18541 18541 W System.err: 	at android.view.View$PerformClick.run(View.java:29133)
06-05 18:29:01.500 18541 18541 W System.err: 	at android.os.Handler.handleCallback(Handler.java:938)
06-05 18:29:01.500 18541 18541 W System.err: 	at android.os.Handler.dispatchMessage(Handler.java:99)
06-05 18:29:01.500 18541 18541 W System.err: 	at android.os.Looper.loopOnce(Looper.java:210)
06-05 18:29:01.500 18541 18541 W System.err: 	at android.os.Looper.loop(Looper.java:299)
06-05 18:29:01.500 18541 18541 W System.err: 	at android.app.ActivityThread.main(ActivityThread.java:8105)
06-05 18:29:01.500 18541 18541 W System.err: 	at java.lang.reflect.Method.invoke(Native Method)
06-05 18:29:01.501 18541 18541 W System.err: 	at com.android.internal.os.RuntimeInit$MethodAndArgsCaller.run(RuntimeInit.java:556)
06-05 18:29:01.501 18541 18541 W System.err: 	at com.android.internal.os.ZygoteInit.main(ZygoteInit.java:1045)
06-05 18:29:01.507 18541 18541 D DecorView[]: getWindowModeFromSystem  windowmode is 1
06-05 18:29:01.512  1582 11428 I OMX-VDEC-1080P: set_frame_rate: the current time is 182901
06-05 18:29:01.513  1582 11428 I OMX-VDEC-1080P: set_frame_rate: the current time is 182901
06-05 18:29:01.513  1582 11428 I OMX-VDEC-1080P: set_frame_rate: the current time is 182901
06-05 18:29:01.513  1582 11428 I OMX_VPP : OMX_EventBufferFlag 1
06-05 18:29:01.693  1582  9640 I OMX_VPP : send_command In 1 param1 -1
06-05 18:29:01.693  1582  9640 I OMX_VPP : send_command FakeFlush
06-05 18:29:01.693  1582  9640 I OMX_VPP : VppOmxComponent::clearVppFakeBufs size 15
06-05 18:29:01.693  1582  9640 I OMX_VPP : VppEvent 1
06-05 18:29:01.693  1582  9640 I OMX_VPP : FakeFlush e.flush_done.port:0
06-05 18:29:01.693  1582  9640 I OMX_VPP : VppOmxComponent::clearVppFakeBufs size 0
06-05 18:29:01.693  1582  9640 I OMX_VPP : VppEvent 1
06-05 18:29:01.693  1582  9640 I OMX_VPP : FakeFlush e.flush_done.port:1
06-05 18:29:01.694 18541 11418 W AHierarchicalStateMachine: Warning message AMessage(what = 'omxI') = {
06-05 18:29:01.694 18541 11418 W AHierarchicalStateMachine:   int32_t type = 0
06-05 18:29:01.694 18541 11418 W AHierarchicalStateMachine:   int32_t event = 4
06-05 18:29:01.694 18541 11418 W AHierarchicalStateMachine:   int32_t data1 = 1
06-05 18:29:01.694 18541 11418 W AHierarchicalStateMachine:   int32_t data2 = 1
06-05 18:29:01.694 18541 11418 W AHierarchicalStateMachine: } unhandled in root state.
06-05 18:29:01.696  1582  9640 I OMX_VPP : VppOmxComponent::registerVppFakeBuf buffer with size 1 id 0 ts=0 flags:0
06-05 18:29:01.697  1582 27120 I OMX_VPP : VppOmxComponent::registerVppFakeBuf buffer with size 2 id 1 ts=0 flags:0
06-05 18:29:01.697  1582 27120 I OMX_VPP : VppOmxComponent::registerVppFakeBuf buffer with size 3 id 2 ts=0 flags:0
06-05 18:29:01.697  1582 27120 I OMX_VPP : VppOmxComponent::registerVppFakeBuf buffer with size 4 id 3 ts=0 flags:0
06-05 18:29:01.699  1582  9640 I OMX_VPP : VppOmxComponent::registerVppFakeBuf buffer with size 5 id 4 ts=0 flags:0
06-05 18:29:01.699  1582  9640 I OMX_VPP : VppOmxComponent::registerVppFakeBuf buffer with size 6 id 5 ts=0 flags:0
06-05 18:29:01.700  1582 19624 I OMX_VPP : VppOmxComponent::registerVppFakeBuf buffer with size 7 id 6 ts=0 flags:0
06-05 18:29:01.700  1582 27120 I OMX_VPP : VppOmxComponent::registerVppFakeBuf buffer with size 8 id 7 ts=0 flags:0
06-05 18:29:01.700  1582  9640 I OMX_VPP : VppOmxComponent::registerVppFakeBuf buffer with size 9 id 8 ts=0 flags:0
06-05 18:29:01.700  1582 19624 I OMX_VPP : VppOmxComponent::registerVppFakeBuf buffer with size 10 id 9 ts=0 flags:0
06-05 18:29:01.701  1582 19624 I OMX_VPP : VppOmxComponent::registerVppFakeBuf buffer with size 11 id 10 ts=0 flags:0
06-05 18:29:01.701  1582 11247 I OMX_VPP : VppOmxComponent::registerVppFakeBuf buffer with size 12 id 11 ts=0 flags:0
06-05 18:29:01.701  1582 27120 I OMX_VPP : VppOmxComponent::registerVppFakeBuf buffer with size 13 id 12 ts=0 flags:0
06-05 18:29:01.701  1582 11247 I OMX_VPP : VppOmxComponent::registerVppFakeBuf buffer with size 14 id 13 ts=0 flags:0
06-05 18:29:01.702  1582 19776 I OMX_VPP : VppOmxComponent::registerVppFakeBuf buffer with size 15 id 14 ts=0 flags:0
06-05 18:29:01.708  1582 11428 I OMX-VDEC-1080P: set_frame_rate: the current time is 182901
06-05 18:29:01.708  1582 11428 I OMX-VDEC-1080P: set_frame_rate: the current time is 182901
06-05 18:29:01.709  1582 11428 I OMX-VDEC-1080P: set_frame_rate: the current time is 182901
06-05 18:29:01.710  1582 11428 I OMX-VDEC-1080P: set_frame_rate: the current time is 182901
06-05 18:29:01.711  1582 11428 I OMX-VDEC-1080P: set_frame_rate: the current time is 182901
06-05 18:29:01.711  1582 11428 I OMX-VDEC-1080P: set_frame_rate: the current time is 182901
06-05 18:29:01.713  1582 11428 I OMX-VDEC-1080P: set_frame_rate: the current time is 182901
06-05 18:29:01.714  1582 11428 I OMX-VDEC-1080P: set_frame_rate: the current time is 182901
06-05 18:29:01.715  1582 11428 I OMX-VDEC-1080P: set_frame_rate: the current time is 182901
06-05 18:29:01.769  1582 11428 I OMX-VDEC-1080P: set_frame_rate: the current time is 182901
06-05 18:29:01.802  1582 11428 I OMX-VDEC-1080P: set_frame_rate: the current time is 182901
06-05 18:29:01.823  1582 11428 I OMX-VDEC-1080P: set_frame_rate: the current time is 182901
06-05 18:29:01.836  1582 11428 I OMX-VDEC-1080P: set_frame_rate: the current time is 182901
06-05 18:29:01.853  1582 11428 I OMX-VDEC-1080P: set_frame_rate: the current time is 182901
06-05 18:29:01.870  1582 11428 I OMX-VDEC-1080P: set_frame_rate: the current time is 182901
06-05 18:29:01.887  1582 11428 I OMX-VDEC-1080P: set_frame_rate: the current time is 182901
06-05 18:29:01.903  1582 11428 I OMX-VDEC-1080P: set_frame_rate: the current time is 182901
06-05 18:29:01.919  1582 11428 I OMX-VDEC-1080P: set_frame_rate: the current time is 182901
06-05 18:29:01.939  1582 11428 I OMX-VDEC-1080P: set_frame_rate: the current time is 182901
06-05 18:29:01.953  1582 11428 I OMX-VDEC-1080P: set_frame_rate: the current time is 182901
06-05 18:29:01.970  1582 11428 I OMX-VDEC-1080P: set_frame_rate: the current time is 182901
06-05 18:29:01.971  2999  3462 D MI_RIL_OEM_HOOK: onPkHookCommonMsg, msg_id = 65
06-05 18:29:01.971  2999  3462 D MI_RIL_OEM_HOOK: onGetHookMsgBytes, HOOK_HEAD_SIZE = 16, msg_len = 4
06-05 18:29:01.971  2999  3462 D MI_RIL_OEM_HOOK: onHookSendSync, phoneId = 0
06-05 18:29:01.971  2930  2930 D QcrilMsgTunnelIfaceManager: handleMessage what = 1
06-05 18:29:01.972  2930  2930 I QcrilOemhookMsgTunnel: [0]invokeOemRilRequestRaw: serial=2124 length=36
06-05 18:29:01.986  1582 11428 I OMX-VDEC-1080P: set_frame_rate: the current time is 182901
06-05 18:29:02.003  1582 11428 I OMX-VDEC-1080P: set_frame_rate: the current time is 182902
06-05 18:29:02.010  1793  2006 D XIAOMI_QCRIL: RIL[lib][xiaomi_extend_nvefs.c:52] xiaomi_qmi_result_map: xiaomi_qmi_result_map, old_result 0, new_result 0
06-05 18:29:02.011  2930  3267 I QcrilOemhookMsgTunnel: [0]processOemHookResponse serial no: 2124 error: 0length=16
06-05 18:29:02.011  2930  2930 D QcrilMsgTunnelIfaceManager: handleMessage what = 2
06-05 18:29:02.013  2999  3462 D QC_RIL_OEM_HOOK: sendOemRilRequestRaw returns value = 16
06-05 18:29:02.013  2999  3462 D ModemSarController_8250: type = 65, len = 4, value = 0
06-05 18:29:02.019  1582 11428 I OMX-VDEC-1080P: set_frame_rate: the current time is 182902
06-05 18:29:02.036  1582 11428 I OMX-VDEC-1080P: set_frame_rate: the current time is 182902
06-05 18:29:02.054  1582 11428 I OMX-VDEC-1080P: set_frame_rate: the current time is 182902
06-05 18:29:02.070  1582 11428 I OMX-VDEC-1080P: set_frame_rate: the current time is 182902
06-05 18:29:02.087  1582 11428 I OMX-VDEC-1080P: set_frame_rate: the current time is 182902
06-05 18:29:02.103  1582 11428 I OMX-VDEC-1080P: set_frame_rate: the current time is 182902
06-05 18:29:02.120  1582 11428 I OMX-VDEC-1080P: set_frame_rate: the current time is 182902
06-05 18:29:02.136  1582 11428 I OMX-VDEC-1080P: set_frame_rate: the current time is 182902
06-05 18:29:02.154  1582 11428 I OMX-VDEC-1080P: set_frame_rate: the current time is 182902
06-05 18:29:02.169  1582 11428 I OMX-VDEC-1080P: set_frame_rate: the current time is 182902
06-05 18:29:02.187  1582 11428 I OMX-VDEC-1080P: set_frame_rate: the current time is 182902
06-05 18:29:02.204  1582 11428 I OMX-VDEC-1080P: set_frame_rate: the current time is 182902
06-05 18:29:02.219  1582 11428 I OMX-VDEC-1080P: set_frame_rate: the current time is 182902
06-05 18:29:02.236  1582 11428 I OMX-VDEC-1080P: set_frame_rate: the current time is 182902
06-05 18:29:02.254  1582 11428 I OMX-VDEC-1080P: set_frame_rate: the current time is 182902
06-05 18:29:02.270  1582 11428 I OMX-VDEC-1080P: set_frame_rate: the current time is 182902
06-05 18:29:02.287  1582 11428 I OMX-VDEC-1080P: set_frame_rate: the current time is 182902
06-05 18:29:02.303  1582 11428 I OMX-VDEC-1080P: set_frame_rate: the current time is 182902
06-05 18:29:02.319  1582 11428 I OMX-VDEC-1080P: set_frame_rate: the current time is 182902
06-05 18:29:02.338  1582 11428 I OMX-VDEC-1080P: set_frame_rate: the current time is 182902
06-05 18:29:02.354  1582 11428 I OMX-VDEC-1080P: set_frame_rate: the current time is 182902
06-05 18:29:02.369  1582 11428 I OMX-VDEC-1080P: set_frame_rate: the current time is 182902
06-05 18:29:02.386  1582 11428 I OMX-VDEC-1080P: set_frame_rate: the current time is 182902
06-05 18:29:02.405  1582 11428 I OMX-VDEC-1080P: set_frame_rate: the current time is 182902
06-05 18:29:02.421  1582 11428 I OMX-VDEC-1080P: set_frame_rate: the current time is 182902
06-05 18:29:02.439  1582 11428 I OMX-VDEC-1080P: set_frame_rate: the current time is 182902
06-05 18:29:02.454  1582 11428 I OMX-VDEC-1080P: set_frame_rate: the current time is 182902
06-05 18:29:02.469  1582 11428 I OMX-VDEC-1080P: set_frame_rate: the current time is 182902
06-05 18:29:02.488  1582 11428 I OMX-VDEC-1080P: set_frame_rate: the current time is 182902
06-05 18:29:02.504  1582 11428 I OMX-VDEC-1080P: set_frame_rate: the current time is 182902
06-05 18:29:02.521  1582 11428 I OMX-VDEC-1080P: set_frame_rate: the current time is 182902
06-05 18:29:02.538  1582 11428 I OMX-VDEC-1080P: set_frame_rate: the current time is 182902
06-05 18:29:02.554  1582 11428 I OMX-VDEC-1080P: set_frame_rate: the current time is 182902
06-05 18:29:02.570  1582 11428 I OMX-VDEC-1080P: set_frame_rate: the current time is 182902
06-05 18:29:02.587  1582 11428 I OMX-VDEC-1080P: set_frame_rate: the current time is 182902
06-05 18:29:02.603  1582 11428 I OMX-VDEC-1080P: set_frame_rate: the current time is 182902
06-05 18:29:02.619  1582 11428 I OMX-VDEC-1080P: set_frame_rate: the current time is 182902
06-05 18:29:02.637  1582 11428 I OMX-VDEC-1080P: set_frame_rate: the current time is 182902
06-05 18:29:02.653  1582 11428 I OMX-VDEC-1080P: set_frame_rate: the current time is 182902
06-05 18:29:02.669  1582 11428 I OMX-VDEC-1080P: set_frame_rate: the current time is 182902
06-05 18:29:02.686  1582 11428 I OMX-VDEC-1080P: set_frame_rate: the current time is 182902
06-05 18:29:02.704  1582 11428 I OMX-VDEC-1080P: set_frame_rate: the current time is 182902
06-05 18:29:02.720  1582 11428 I OMX-VDEC-1080P: set_frame_rate: the current time is 182902
06-05 18:29:02.737  1582 11428 I OMX-VDEC-1080P: set_frame_rate: the current time is 182902
06-05 18:29:02.755  1582 11428 I OMX-VDEC-1080P: set_frame_rate: the current time is 182902
06-05 18:29:02.770  1582 11428 I OMX-VDEC-1080P: set_frame_rate: the current time is 182902
06-05 18:29:02.787  1582 11428 I OMX-VDEC-1080P: set_frame_rate: the current time is 182902
06-05 18:29:02.804  1582 11428 I OMX-VDEC-1080P: set_frame_rate: the current time is 182902
06-05 18:29:02.820  1582 11428 I OMX-VDEC-1080P: set_frame_rate: the current time is 182902
06-05 18:29:02.836  1582 11428 I OMX-VDEC-1080P: set_frame_rate: the current time is 182902
06-05 18:29:02.854  1582 11428 I OMX-VDEC-1080P: set_frame_rate: the current time is 182902
06-05 18:29:02.869  1582 11428 I OMX-VDEC-1080P: set_frame_rate: the current time is 182902
06-05 18:29:02.887  1582 11428 I OMX-VDEC-1080P: set_frame_rate: the current time is 182902
06-05 18:29:02.905  1582 11428 I OMX-VDEC-1080P: set_frame_rate: the current time is 182902
06-05 18:29:02.921  1582 11428 I OMX-VDEC-1080P: set_frame_rate: the current time is 182902
06-05 18:29:02.936  1582 11428 I OMX-VDEC-1080P: set_frame_rate: the current time is 182902
06-05 18:29:02.955  1582 11428 I OMX-VDEC-1080P: set_frame_rate: the current time is 182902
06-05 18:29:02.971  1582 11428 I OMX-VDEC-1080P: set_frame_rate: the current time is 182902
06-05 18:29:02.987  1582 11428 I OMX-VDEC-1080P: set_frame_rate: the current time is 182902
06-05 18:29:03.004  1582 11428 I OMX-VDEC-1080P: set_frame_rate: the current time is 182903
06-05 18:29:03.020  1582 11428 I OMX-VDEC-1080P: set_frame_rate: the current time is 182903
06-05 18:29:03.037  1582 11428 I OMX-VDEC-1080P: set_frame_rate: the current time is 182903
06-05 18:29:03.055  1582 11428 I OMX-VDEC-1080P: set_frame_rate: the current time is 182903
06-05 18:29:03.070  1582 11428 I OMX-VDEC-1080P: set_frame_rate: the current time is 182903
06-05 18:29:03.087  1582 11428 I OMX-VDEC-1080P: set_frame_rate: the current time is 182903
06-05 18:29:03.104  1582 11428 I OMX-VDEC-1080P: set_frame_rate: the current time is 182903
06-05 18:29:03.120  1582 11428 I OMX-VDEC-1080P: set_frame_rate: the current time is 182903
06-05 18:29:03.137  1582 11428 I OMX-VDEC-1080P: set_frame_rate: the current time is 182903
06-05 18:29:03.153  1582 11428 I OMX-VDEC-1080P: set_frame_rate: the current time is 182903
06-05 18:29:03.170  1582 11428 I OMX-VDEC-1080P: set_frame_rate: the current time is 182903
06-05 18:29:03.187  1582 11428 I OMX-VDEC-1080P: set_frame_rate: the current time is 182903
06-05 18:29:03.204  1582 11428 I OMX-VDEC-1080P: set_frame_rate: the current time is 182903
06-05 18:29:03.220  1582 11428 I OMX-VDEC-1080P: set_frame_rate: the current time is 182903
06-05 18:29:03.237  1582 11428 I OMX-VDEC-1080P: set_frame_rate: the current time is 182903
06-05 18:29:03.254  1582 11428 I OMX-VDEC-1080P: set_frame_rate: the current time is 182903
06-05 18:29:03.269  1582 11428 I OMX-VDEC-1080P: set_frame_rate: the current time is 182903
06-05 18:29:03.287  1582 11428 I OMX-VDEC-1080P: set_frame_rate: the current time is 182903
06-05 18:29:03.304  1582 11428 I OMX-VDEC-1080P: set_frame_rate: the current time is 182903
06-05 18:29:03.320  1582 11428 I OMX-VDEC-1080P: set_frame_rate: the current time is 182903
06-05 18:29:03.337  1582 11428 I OMX-VDEC-1080P: set_frame_rate: the current time is 182903
06-05 18:29:03.353  1582 11428 I OMX-VDEC-1080P: set_frame_rate: the current time is 182903
06-05 18:29:03.370  1582 11428 I OMX-VDEC-1080P: set_frame_rate: the current time is 182903
06-05 18:29:03.386  1582 11428 I OMX-VDEC-1080P: set_frame_rate: the current time is 182903
06-05 18:29:03.404  1582 11428 I OMX-VDEC-1080P: set_frame_rate: the current time is 182903
06-05 18:29:03.419  1582 11428 I OMX-VDEC-1080P: set_frame_rate: the current time is 182903
06-05 18:29:03.439  1582 11428 I OMX-VDEC-1080P: set_frame_rate: the current time is 182903
06-05 18:29:03.453  1582 11428 I OMX-VDEC-1080P: set_frame_rate: the current time is 182903
06-05 18:29:03.469  1582 11428 I OMX-VDEC-1080P: set_frame_rate: the current time is 182903
06-05 18:29:03.486  1582 11428 I OMX-VDEC-1080P: set_frame_rate: the current time is 182903
06-05 18:29:03.504  1582 11428 I OMX-VDEC-1080P: set_frame_rate: the current time is 182903
06-05 18:29:03.519  1582 11428 I OMX-VDEC-1080P: set_frame_rate: the current time is 182903
06-05 18:29:03.537  1582 11428 I OMX-VDEC-1080P: set_frame_rate: the current time is 182903
06-05 18:29:03.555  1582 11428 I OMX-VDEC-1080P: set_frame_rate: the current time is 182903
06-05 18:29:03.570  1582 11428 I OMX-VDEC-1080P: set_frame_rate: the current time is 182903
06-05 18:29:03.587  1582 11428 I OMX-VDEC-1080P: set_frame_rate: the current time is 182903
06-05 18:29:03.603  1582 11428 I OMX-VDEC-1080P: set_frame_rate: the current time is 182903
06-05 18:29:03.620  1582 11428 I OMX-VDEC-1080P: set_frame_rate: the current time is 182903
06-05 18:29:03.637  1582 11428 I OMX-VDEC-1080P: set_frame_rate: the current time is 182903
06-05 18:29:03.637  1850  2553 D MIUIInput: [MotionEvent] publisher action=0x4, 5531684, channel 'c058ab6 com.miui.securitycenter (server)'
06-05 18:29:03.637  1850  2553 D MIUIInput: [MotionEvent] publisher action=0x0, 5531684, channel 'f66205e com.ss.android.ugc.trill/com.ss.android.ugc.aweme.splash.SplashActivity (server)'
06-05 18:29:03.638  7693  7693 I GameBoxTouchListener: onTouch: 	mAdded=false	isLeftShowtrue
06-05 18:29:03.653  1582 11428 I OMX-VDEC-1080P: set_frame_rate: the current time is 182903
06-05 18:29:03.669  1582 11428 I OMX-VDEC-1080P: set_frame_rate: the current time is 182903
06-05 18:29:03.674  1850  2553 D MIUIInput: [MotionEvent] publisher action=0x1, 5531721, channel 'f66205e com.ss.android.ugc.trill/com.ss.android.ugc.aweme.splash.SplashActivity (server)'
06-05 18:29:03.686  1582 11428 I OMX-VDEC-1080P: set_frame_rate: the current time is 182903
06-05 18:29:03.699 18541 18541 D DecorView[]: getWindowModeFromSystem  windowmode is 1
06-05 18:29:03.703  1582 11428 I OMX-VDEC-1080P: set_frame_rate: the current time is 182903
06-05 18:29:03.720  1582 11428 I OMX-VDEC-1080P: set_frame_rate: the current time is 182903
06-05 18:29:03.720  1582 11428 I OMX-VDEC-1080P: set_frame_rate: the current time is 182903
06-05 18:29:03.720  1582 11428 I OMX-VDEC-1080P: set_frame_rate: the current time is 182903
06-05 18:29:03.769  1582 11428 I OMX-VDEC-1080P: set_frame_rate: the current time is 182903
06-05 18:29:03.786  1582 11428 I OMX-VDEC-1080P: set_frame_rate: the current time is 182903
06-05 18:29:03.805  1582 11428 I OMX-VDEC-1080P: set_frame_rate: the current time is 182903
06-05 18:29:03.820  1582 11428 I OMX-VDEC-1080P: set_frame_rate: the current time is 182903
06-05 18:29:03.836  1582 11428 I OMX-VDEC-1080P: set_frame_rate: the current time is 182903
06-05 18:29:03.855  1582 11428 I OMX-VDEC-1080P: set_frame_rate: the current time is 182903
06-05 18:29:03.870  1582 11428 I OMX-VDEC-1080P: set_frame_rate: the current time is 182903
06-05 18:29:03.886  1582 11428 I OMX-VDEC-1080P: set_frame_rate: the current time is 182903
06-05 18:29:03.903  1582 11428 I OMX-VDEC-1080P: set_frame_rate: the current time is 182903
06-05 18:29:03.919  1582 11428 I OMX-VDEC-1080P: set_frame_rate: the current time is 182903
06-05 18:29:03.937  1582 11428 I OMX-VDEC-1080P: set_frame_rate: the current time is 182903
06-05 18:29:03.954  1582 11428 I OMX-VDEC-1080P: set_frame_rate: the current time is 182903
06-05 18:29:03.970  1582 11428 I OMX-VDEC-1080P: set_frame_rate: the current time is 182903
06-05 18:29:03.986  1582 11428 I OMX-VDEC-1080P: set_frame_rate: the current time is 182903
06-05 18:29:04.004  1582 11428 I OMX-VDEC-1080P: set_frame_rate: the current time is 182904
06-05 18:29:04.020  1582 11428 I OMX-VDEC-1080P: set_frame_rate: the current time is 182904
06-05 18:29:04.037  1582 11428 I OMX-VDEC-1080P: set_frame_rate: the current time is 182904
06-05 18:29:04.054  1582 11428 I OMX-VDEC-1080P: set_frame_rate: the current time is 182904
06-05 18:29:04.075  1582 11428 I OMX-VDEC-1080P: set_frame_rate: the current time is 182904
06-05 18:29:04.087  1582 11428 I OMX-VDEC-1080P: set_frame_rate: the current time is 182904
06-05 18:29:04.104  1582 11428 I OMX-VDEC-1080P: set_frame_rate: the current time is 182904
06-05 18:29:04.120  1582 11428 I OMX-VDEC-1080P: set_frame_rate: the current time is 182904
06-05 18:29:04.137  1582 11428 I OMX-VDEC-1080P: set_frame_rate: the current time is 182904
06-05 18:29:04.155  1582 11428 I OMX-VDEC-1080P: set_frame_rate: the current time is 182904
06-05 18:29:04.170  1582 11428 I OMX-VDEC-1080P: set_frame_rate: the current time is 182904
06-05 18:29:04.187  1582 11428 I OMX-VDEC-1080P: set_frame_rate: the current time is 182904
06-05 18:29:04.204  1582 11428 I OMX-VDEC-1080P: set_frame_rate: the current time is 182904
06-05 18:29:04.220  1582 11428 I OMX-VDEC-1080P: set_frame_rate: the current time is 182904
06-05 18:29:04.237  1582 11428 I OMX-VDEC-1080P: set_frame_rate: the current time is 182904
06-05 18:29:04.254  1582 11428 I OMX-VDEC-1080P: set_frame_rate: the current time is 182904
06-05 18:29:04.269  1582 11428 I OMX-VDEC-1080P: set_frame_rate: the current time is 182904
06-05 18:29:04.278  1850  2553 D MIUIInput: [MotionEvent] publisher action=0x4, 5532325, channel 'c058ab6 com.miui.securitycenter (server)'
06-05 18:29:04.278  1850  2553 D MIUIInput: [MotionEvent] publisher action=0x0, 5532325, channel 'f66205e com.ss.android.ugc.trill/com.ss.android.ugc.aweme.splash.SplashActivity (server)'
06-05 18:29:04.279  7693  7693 I GameBoxTouchListener: onTouch: 	mAdded=false	isLeftShowtrue
06-05 18:29:04.287  1582 11428 I OMX-VDEC-1080P: set_frame_rate: the current time is 182904
06-05 18:29:04.304  1582 11428 I OMX-VDEC-1080P: set_frame_rate: the current time is 182904
06-05 18:29:04.321  1582 11428 I OMX-VDEC-1080P: set_frame_rate: the current time is 182904
06-05 18:29:04.329  1850  2553 D MIUIInput: [MotionEvent] publisher action=0x1, 5532377, channel 'f66205e com.ss.android.ugc.trill/com.ss.android.ugc.aweme.splash.SplashActivity (server)'
06-05 18:29:04.341  1582 11428 I OMX-VDEC-1080P: set_frame_rate: the current time is 182904
06-05 18:29:04.342 18541 18541 D DecorView[]: getWindowModeFromSystem  windowmode is 1
06-05 18:29:04.347  8163  8163 W CrashSDKBkgdHan: type=1400 audit(0.0:6066): avc: denied { read } for name="loadavg" dev="proc" ino=4026532259 scontext=u:r:untrusted_app:s0:c13,c257,c512,c768 tcontext=u:object_r:proc_loadavg:s0 tclass=file permissive=0 app=com.lazada.android
06-05 18:29:04.353  1582 11428 I OMX-VDEC-1080P: set_frame_rate: the current time is 182904
06-05 18:29:04.370  1582 11428 I OMX-VDEC-1080P: set_frame_rate: the current time is 182904
06-05 18:29:04.390  1582 11428 I OMX-VDEC-1080P: set_frame_rate: the current time is 182904
06-05 18:29:04.403  1582 11428 I OMX-VDEC-1080P: set_frame_rate: the current time is 182904
06-05 18:29:04.419  1582 11428 I OMX-VDEC-1080P: set_frame_rate: the current time is 182904
06-05 18:29:04.437  1582 11428 I OMX-VDEC-1080P: set_frame_rate: the current time is 182904
06-05 18:29:04.454  1582 11428 I OMX-VDEC-1080P: set_frame_rate: the current time is 182904
06-05 18:29:04.477  1582 11428 I OMX-VDEC-1080P: set_frame_rate: the current time is 182904
06-05 18:29:04.486  1582 11428 I OMX-VDEC-1080P: set_frame_rate: the current time is 182904
06-05 18:29:04.503  1582 11428 I OMX-VDEC-1080P: set_frame_rate: the current time is 182904
06-05 18:29:04.520  1582 11428 I OMX-VDEC-1080P: set_frame_rate: the current time is 182904
06-05 18:29:04.538  1582 11428 I OMX-VDEC-1080P: set_frame_rate: the current time is 182904
06-05 18:29:04.553  1582 11428 I OMX-VDEC-1080P: set_frame_rate: the current time is 182904
06-05 18:29:04.570  1582 11428 I OMX-VDEC-1080P: set_frame_rate: the current time is 182904
06-05 18:29:04.586  1582 11428 I OMX-VDEC-1080P: set_frame_rate: the current time is 182904
06-05 18:29:04.603  1582 11428 I OMX-VDEC-1080P: set_frame_rate: the current time is 182904
06-05 18:29:04.620  1582 11428 I OMX-VDEC-1080P: set_frame_rate: the current time is 182904
06-05 18:29:04.637  1582 11428 I OMX-VDEC-1080P: set_frame_rate: the current time is 182904
06-05 18:29:04.654  1582 11428 I OMX-VDEC-1080P: set_frame_rate: the current time is 182904
06-05 18:29:04.670  1582 11428 I OMX-VDEC-1080P: set_frame_rate: the current time is 182904
06-05 18:29:04.686  1582 11428 I OMX-VDEC-1080P: set_frame_rate: the current time is 182904
06-05 18:29:04.703  1582 11428 I OMX-VDEC-1080P: set_frame_rate: the current time is 182904
06-05 18:29:04.725  1582 11428 I OMX-VDEC-1080P: set_frame_rate: the current time is 182904
06-05 18:29:04.737  1582 11428 I OMX-VDEC-1080P: set_frame_rate: the current time is 182904
06-05 18:29:04.753  1582 11428 I OMX-VDEC-1080P: set_frame_rate: the current time is 182904
06-05 18:29:04.769  1582 11428 I OMX-VDEC-1080P: set_frame_rate: the current time is 182904
06-05 18:29:04.787  1582 11428 I OMX-VDEC-1080P: set_frame_rate: the current time is 182904
06-05 18:29:04.805  1582 11428 I OMX-VDEC-1080P: set_frame_rate: the current time is 182904
06-05 18:29:04.820  1582 11428 I OMX-VDEC-1080P: set_frame_rate: the current time is 182904
06-05 18:29:04.837  1582 11428 I OMX-VDEC-1080P: set_frame_rate: the current time is 182904
06-05 18:29:04.853  1582 11428 I OMX-VDEC-1080P: set_frame_rate: the current time is 182904
06-05 18:29:04.870  1582 11428 I OMX-VDEC-1080P: set_frame_rate: the current time is 182904
06-05 18:29:04.888  1582 11428 I OMX-VDEC-1080P: set_frame_rate: the current time is 182904
06-05 18:29:04.904  1582 11428 I OMX-VDEC-1080P: set_frame_rate: the current time is 182904
06-05 18:29:04.921  1582 11428 I OMX-VDEC-1080P: set_frame_rate: the current time is 182904
06-05 18:29:04.939  1582 11428 I OMX-VDEC-1080P: set_frame_rate: the current time is 182904
06-05 18:29:04.954  1582 11428 I OMX-VDEC-1080P: set_frame_rate: the current time is 182904
06-05 18:29:04.970  1582 11428 I OMX-VDEC-1080P: set_frame_rate: the current time is 182904
06-05 18:29:04.987  1582 11428 I OMX-VDEC-1080P: set_frame_rate: the current time is 182904
06-05 18:29:05.004  1582 11428 I OMX-VDEC-1080P: set_frame_rate: the current time is 182905
06-05 18:29:05.021  1582 11428 I OMX-VDEC-1080P: set_frame_rate: the current time is 182905
06-05 18:29:05.038  1582 11428 I OMX-VDEC-1080P: set_frame_rate: the current time is 182905
06-05 18:29:05.054  1582 11428 I OMX-VDEC-1080P: set_frame_rate: the current time is 182905
06-05 18:29:05.070  1582 11428 I OMX-VDEC-1080P: set_frame_rate: the current time is 182905
06-05 18:29:05.086  1582 11428 I OMX-VDEC-1080P: set_frame_rate: the current time is 182905
06-05 18:29:05.104  1582 11428 I OMX-VDEC-1080P: set_frame_rate: the current time is 182905
06-05 18:29:05.121  1582 11428 I OMX-VDEC-1080P: set_frame_rate: the current time is 182905
06-05 18:29:05.138  1582 11428 I OMX-VDEC-1080P: set_frame_rate: the current time is 182905
06-05 18:29:05.155  1582 11428 I OMX-VDEC-1080P: set_frame_rate: the current time is 182905
06-05 18:29:05.171  1582 11428 I OMX-VDEC-1080P: set_frame_rate: the current time is 182905
06-05 18:29:05.187  1582 11428 I OMX-VDEC-1080P: set_frame_rate: the current time is 182905
06-05 18:29:05.204  1582 11428 I OMX-VDEC-1080P: set_frame_rate: the current time is 182905
06-05 18:29:05.220  1582 11428 I OMX-VDEC-1080P: set_frame_rate: the current time is 182905
06-05 18:29:05.236  1582 11428 I OMX-VDEC-1080P: set_frame_rate: the current time is 182905
06-05 18:29:05.254  1582 11428 I OMX-VDEC-1080P: set_frame_rate: the current time is 182905
06-05 18:29:05.270  1582 11428 I OMX-VDEC-1080P: set_frame_rate: the current time is 182905
06-05 18:29:05.287  1582 11428 I OMX-VDEC-1080P: set_frame_rate: the current time is 182905
06-05 18:29:05.303  1582 11428 I OMX-VDEC-1080P: set_frame_rate: the current time is 182905
06-05 18:29:05.319  1582 11428 I OMX-VDEC-1080P: set_frame_rate: the current time is 182905
06-05 18:29:05.336  1582 11428 I OMX-VDEC-1080P: set_frame_rate: the current time is 182905
06-05 18:29:05.354  1582 11428 I OMX-VDEC-1080P: set_frame_rate: the current time is 182905
06-05 18:29:05.370  1582 11428 I OMX-VDEC-1080P: set_frame_rate: the current time is 182905
06-05 18:29:05.387  1582 11428 I OMX-VDEC-1080P: set_frame_rate: the current time is 182905
06-05 18:29:05.403  1582 11428 I OMX-VDEC-1080P: set_frame_rate: the current time is 182905
06-05 18:29:05.419  1582 11428 I OMX-VDEC-1080P: set_frame_rate: the current time is 182905
06-05 18:29:05.436  1582 11428 I OMX-VDEC-1080P: set_frame_rate: the current time is 182905
06-05 18:29:05.454  1582 11428 I OMX-VDEC-1080P: set_frame_rate: the current time is 182905
06-05 18:29:05.469  1582 11428 I OMX-VDEC-1080P: set_frame_rate: the current time is 182905
06-05 18:29:05.486  1582 11428 I OMX-VDEC-1080P: set_frame_rate: the current time is 182905
06-05 18:29:05.504  1582 11428 I OMX-VDEC-1080P: set_frame_rate: the current time is 182905
06-05 18:29:05.519  1582 11428 I OMX-VDEC-1080P: set_frame_rate: the current time is 182905
06-05 18:29:05.537  1582 11428 I OMX-VDEC-1080P: set_frame_rate: the current time is 182905
06-05 18:29:05.554  1582 11428 I OMX-VDEC-1080P: set_frame_rate: the current time is 182905
06-05 18:29:05.570  1582 11428 I OMX-VDEC-1080P: set_frame_rate: the current time is 182905
06-05 18:29:05.587  1582 11428 I OMX-VDEC-1080P: set_frame_rate: the current time is 182905
06-05 18:29:05.604  1582 11428 I OMX-VDEC-1080P: set_frame_rate: the current time is 182905
06-05 18:29:05.620  1582 11428 I OMX-VDEC-1080P: set_frame_rate: the current time is 182905
06-05 18:29:05.637  1582 11428 I OMX-VDEC-1080P: set_frame_rate: the current time is 182905
06-05 18:29:05.654  1582 11428 I OMX-VDEC-1080P: set_frame_rate: the current time is 182905
06-05 18:29:05.670  1582 11428 I OMX-VDEC-1080P: set_frame_rate: the current time is 182905
06-05 18:29:05.687  1582 11428 I OMX-VDEC-1080P: set_frame_rate: the current time is 182905
06-05 18:29:05.703  1582 11428 I OMX-VDEC-1080P: set_frame_rate: the current time is 182905
06-05 18:29:05.720  1582 11428 I OMX-VDEC-1080P: set_frame_rate: the current time is 182905
06-05 18:29:05.737  1582 11428 I OMX-VDEC-1080P: set_frame_rate: the current time is 182905
06-05 18:29:05.754  1582 11428 I OMX-VDEC-1080P: set_frame_rate: the current time is 182905
06-05 18:29:05.770  1582 11428 I OMX-VDEC-1080P: set_frame_rate: the current time is 182905
06-05 18:29:05.786  1582 11428 I OMX-VDEC-1080P: set_frame_rate: the current time is 182905
06-05 18:29:05.804  1582 11428 I OMX-VDEC-1080P: set_frame_rate: the current time is 182905
06-05 18:29:05.820  1582 11428 I OMX-VDEC-1080P: set_frame_rate: the current time is 182905
06-05 18:29:05.837  1582 11428 I OMX-VDEC-1080P: set_frame_rate: the current time is 182905
