06-05 18:24:10.413  6986  7024 I TestRunner: started: vertical_list_button_is_displayed(com.example.dogglers.ButtonTests)
06-05 18:24:10.418  6986  7024 W Settings: Setting always_finish_activities has moved from android.provider.Settings.System to android.provider.Settings.Global, returning read-only value.
06-05 18:24:10.419  3068  3068 D NavStubView: onTouchEvent:651.01733 2182.0437 MotionEvent { action=ACTION_MOVE, actionButton=0, id[0]=0, x[0]=651.01733, y[0]=-182.9563, toolType[0]=TOOL_TYPE_FINGER, buttonState=0, classification=NONE, metaState=0, flags=0x20000, edgeFlags=0x0, pointerCount=1, historySize=3, eventTime=5238461, downTime=5238002, deviceId=4, source=0x1002, displayId=0, eventId=450866274 }
06-05 18:24:10.419  3068  3068 D NavStubView: onPointEvent: rawX=651.01733   rawY=2182.0437   action=2   mIsInFsMode=false
06-05 18:24:10.419  3068  3068 D NavStubView: current window mode:2 (1:home, 2:app, 3:recent-task, 4:keyguard, 5:quick-switch, 6:assistant, 7:one-hand)
06-05 18:24:10.422  3068  3068 D NavStubView: NavStubView::initSmallWindowCrop
06-05 18:24:10.422  3068  3068 W GestureStateMachine: AppDragState msg=3
06-05 18:24:10.424  3068  3068 W GestureStateMachine: AppDragState msg=2
06-05 18:24:10.427  1850  5276 D MiuiMultiWindowAdapter: getFreeformBlackList: Origin Logic
06-05 18:24:10.427  1850  5276 D MiuiMultiWindowAdapter: MiuiMultiWindowAdapter::getFreeformBlackList::sSmallWindowBlackList = [com.miui.securitycenter, com.miui.miservice, com.xiaomi.calendar, com.android.contacts, com.miui.mishare.connectivity, com.android.settings, com.android.printspooler, com.miui.backup, com.miui.huanji, com.miui.calculator, com.android.thememanager, com.mfashiongallery.emag, com.miui.virtualsim, com.miui.smarttravel, com.mi.health, com.android.camera, com.lbe.security.miui, com.miui.cleanmaster, com.miui.newhome, com.miui.voiceassist, com.android.phone, com.miui.yellowpage, com.android.updater, com.miui.tsmclient, com.miui.securitycore, com.xiaomi.account, com.xiaomi.shop, com.mipay.wallet, com.xiaomi.youpin, com.xiaomi.hm.health, com.miui.bugreport, com.xiaomi.mibrain.speech, com.xiaomi.mimoji, com.xiaomi.scanner, com.duokan.phone.remotecontroller, com.miui.hybrid, com.miui.video, com.miui.videoplayer, com.miui.fm, com.miui.packageinstaller, com.mi.android.globallauncher, com.mi.android.globallauncher-poco, com.google.android.dialer, com.google.android.apps.magazines, com.miui.compass, com.miui.greenguard, com.kiteguard, com.google.android.apps.prodcasts, com.google.ar.lens, com.xiangkan.android, com.android.bankabc, com.sohu.inputmethod.sogou, com.tencent.mtt, com.shyz.toutiao, com.netease.mc.mi, com.outfit7.talkingtomgoldrun.mi, com.doudz.mi, com.wepie.snake.new.mi, cn.jj, com.standddz002.mi, com.miHoYo.bh3.mi, com.qqgame.hlddz, com.happyelements.AndroidAnimal, com.minitech.miniworld.TMobile.mi, com.mfp.jelly.xiaomi, com.lilithgames.afk.mi, com.tencent.peng, com.teenpatti.hd.gold, blockpuzzle.jewelgames.jewelslegend, com.playgendary.tanks, com.chillingo.robberybobfree.android.row, com.episodeinteractive.android.catalog, com.playrix.township, com.ansangha.drdriving, com.google.android.youtube, com.gbits.atm.mi, com.tencent.tetris, com.sukhavati.gotoplaying.bubble.BubbleShooter.mint, com.block.puzzle.game.hippo.mi, com.youzu.bs.mi, com.baidu.BaiduMap, com.google.android.googlequicksearchbox, com.appsomniacs.da2, com.android.stk, com.feiyu.carrot3.mi, com.popcap.pvz2cthdxm, com.mxtech.videoplayer.ad, cn.cisc, com.kiloo.subwaysurf, com.cncyj.mostbrain, pdf.tap.scanner, com.og.ttddz.mi, com.ximalaya.ting.lite, com.google.android.apps.podcasts, com.google.android.apps.googleassistant, com.netease.onmyoji.mi, com.netease.onmyoji.bili, com.netease.mrzh.mi, com.netease.mrzh.bili, com.tencent.tmgp.yys.zqb, com.google.android.gm, com.google.android.calendar, com.android.chrome, com.google.android.apps.youtube.music, com.netease.pes.huawei, com.netease.pes.mi, com.netease.pes.bili, com.flyfish.supermario, com.picsart.studio, com.netease.dwrg.mi, com.netease.dwrg.bili, com.netease.dwrg.nearme.gamecenter, com.netease.dwrg, com.netease.dwrg.huawei, com.tencent.tmgp.dwrg, com.netease.dwrg.m4399, com.netease.dwrg.mz, com.netease.dwrg.aligames, com.netease.dwrg.baidu, com.netease.dwrg.qihoo, com.moji.mjweather, com.tencent.tmgp.kof98, com.netease.onmyoji, com.taobao.idlefish, com.ledou.mhhy.mi, com.hzfy.ddzbs.mi, com.qsmy.walkmonkey, com.fy.bzzbc.mi, com.dw.xprqj.mi]
06-05 18:24:10.435  3068  3068 D NavStubView: onTouchEvent:646.31134 2194.9897 MotionEvent { action=ACTION_MOVE, actionButton=0, id[0]=0, x[0]=646.31134, y[0]=-170.01025, toolType[0]=TOOL_TYPE_FINGER, buttonState=0, classification=NONE, metaState=0, flags=0x20000, edgeFlags=0x0, pointerCount=1, historySize=6, eventTime=5238478, downTime=5238002, deviceId=4, source=0x1002, displayId=0, eventId=670265977 }
06-05 18:24:10.436  1113  1113 D CompositionEngine: writeOutputDependentGeometryStateToHWC layer[Wallpaper BBQ wrapper#0] set Z 134217728 miFodLayer 0x8000000
06-05 18:24:10.436  1113  1113 D CompositionEngine: writeOutputDependentGeometryStateToHWC layer[Launcher Dim#0] set Z 134217729 miFodLayer 0x8000000
06-05 18:24:10.436  1113  1113 D CompositionEngine: writeOutputDependentGeometryStateToHWC layer[com.mi.android.globallauncher/com.miui.home.launcher.Launcher#1] set Z 134217730 miFodLayer 0x8000000
06-05 18:24:10.436  1113  1113 D CompositionEngine: writeOutputDependentGeometryStateToHWC layer[com.facebook.orca/com.facebook.orca.auth.StartScreenActivity#0] set Z 134217731 miFodLayer 0x8000000
06-05 18:24:10.436  1113  1113 D CompositionEngine: writeOutputDependentGeometryStateToHWC layer[com.miui.securitycenter/.FloatingWindow#0] set Z 134217732 miFodLayer 0x8000000
06-05 18:24:10.436  1113  1113 D CompositionEngine: writeOutputDependentGeometryStateToHWC layer[StatusBar#0] set Z 134217733 miFodLayer 0x8000000
06-05 18:24:10.436  1113  1113 D CompositionEngine: writeOutputDependentGeometryStateToHWC layer[RoundCornerTop#0] set Z 134217734 miFodLayer 0x8000000
06-05 18:24:10.436  1113  1113 D CompositionEngine: writeOutputDependentGeometryStateToHWC layer[RoundCornerBottom#0] set Z 134217735 miFodLayer 0x8000000
06-05 18:24:10.438  3068  3068 D NavStubView: onPointEvent: rawX=646.31134   rawY=2194.9897   action=2   mIsInFsMode=false
06-05 18:24:10.438  3068  3068 D NavStubView: current window mode:2 (1:home, 2:app, 3:recent-task, 4:keyguard, 5:quick-switch, 6:assistant, 7:one-hand)
06-05 18:24:10.438  3068  3316 D ReflectUtils: getMethod
06-05 18:24:10.438  3068  3316 D ReflectUtils: java.lang.NoSuchMethodException: android.view.SurfaceControl$Transaction.deferTransactionUntil [class android.view.SurfaceControl, class android.view.SurfaceControl, long]
06-05 18:24:10.438  3068  3316 D ReflectUtils: 	at java.lang.Class.getMethod(Class.java:2103)
06-05 18:24:10.438  3068  3316 D ReflectUtils: 	at java.lang.Class.getMethod(Class.java:1724)
06-05 18:24:10.438  3068  3316 D ReflectUtils: 	at com.android.systemui.shared.recents.utilities.ReflectUtils.getMethod(ReflectUtils.java:125)
06-05 18:24:10.438  3068  3316 D ReflectUtils: 	at com.android.systemui.shared.recents.utilities.ReflectUtils.invoke(ReflectUtils.java:25)
06-05 18:24:10.438  3068  3316 D ReflectUtils: 	at com.android.systemui.shared.recents.system.TransactionCompat.deferTransactionUntil(TransactionCompat.java:98)
06-05 18:24:10.438  3068  3316 D ReflectUtils: 	at com.android.systemui.shared.recents.system.SyncRtSurfaceTransactionApplierCompat.applyParams(SyncRtSurfaceTransactionApplierCompat.java:93)
06-05 18:24:10.438  3068  3316 D ReflectUtils: 	at com.android.systemui.shared.recents.system.SyncRtSurfaceTransactionApplierCompat.access$300(SyncRtSurfaceTransactionApplierCompat.java:39)
06-05 18:24:10.438  3068  3316 D ReflectUtils: 	at com.android.systemui.shared.recents.system.SyncRtSurfaceTransactionApplierCompat$2.onFrameDraw(SyncRtSurfaceTransactionApplierCompat.java:126)
06-05 18:24:10.438  3068  3316 D ReflectUtils: 	at android.view.ViewRootImpl.lambda$registerRtFrameCallback$0(ViewRootImpl.java:1440)
06-05 18:24:10.438  3068  3316 D ReflectUtils: 	at android.view.ViewRootImpl$$ExternalSyntheticLambda4.onFrameDraw(Unknown Source:2)
06-05 18:24:10.438  3068  3316 D ReflectUtils: 	at android.view.ThreadedRenderer.lambda$updateRootDisplayList$0(ThreadedRenderer.java:552)
06-05 18:24:10.438  3068  3316 D ReflectUtils: 	at android.view.ThreadedRenderer$$ExternalSyntheticLambda0.onFrameDraw(Unknown Source:2)
06-05 18:24:10.439  3068  3316 D ReflectUtils: getMethod
06-05 18:24:10.439  3068  3316 D ReflectUtils: java.lang.NoSuchMethodException: android.view.SurfaceControl$Transaction.deferTransactionUntil [class android.view.SurfaceControl, class android.view.SurfaceControl, long]
06-05 18:24:10.439  3068  3316 D ReflectUtils: 	at java.lang.Class.getMethod(Class.java:2103)
06-05 18:24:10.439  3068  3316 D ReflectUtils: 	at java.lang.Class.getMethod(Class.java:1724)
06-05 18:24:10.439  3068  3316 D ReflectUtils: 	at com.android.systemui.shared.recents.utilities.ReflectUtils.getMethod(ReflectUtils.java:125)
06-05 18:24:10.439  3068  3316 D ReflectUtils: 	at com.android.systemui.shared.recents.utilities.ReflectUtils.invoke(ReflectUtils.java:25)
06-05 18:24:10.439  3068  3316 D ReflectUtils: 	at com.android.systemui.shared.recents.system.TransactionCompat.deferTransactionUntil(TransactionCompat.java:98)
06-05 18:24:10.439  3068  3316 D ReflectUtils: 	at com.android.systemui.shared.recents.system.SyncRtSurfaceTransactionApplierCompat.applyParams(SyncRtSurfaceTransactionApplierCompat.java:93)
06-05 18:24:10.439  3068  3316 D ReflectUtils: 	at com.android.systemui.shared.recents.system.SyncRtSurfaceTransactionApplierCompat.access$300(SyncRtSurfaceTransactionApplierCompat.java:39)
06-05 18:24:10.439  3068  3316 D ReflectUtils: 	at com.android.systemui.shared.recents.system.SyncRtSurfaceTransactionApplierCompat$2.onFrameDraw(SyncRtSurfaceTransactionApplierCompat.java:126)
06-05 18:24:10.439  3068  3316 D ReflectUtils: 	at android.view.ViewRootImpl.lambda$registerRtFrameCallback$0(ViewRootImpl.java:1440)
06-05 18:24:10.439  3068  3316 D ReflectUtils: 	at android.view.ViewRootImpl$$ExternalSyntheticLambda4.onFrameDraw(Unknown Source:2)
06-05 18:24:10.439  3068  3316 D ReflectUtils: 	at android.view.ThreadedRenderer.lambda$updateRootDisplayList$0(ThreadedRenderer.java:552)
06-05 18:24:10.439  3068  3316 D ReflectUtils: 	at android.view.ThreadedRenderer$$ExternalSyntheticLambda0.onFrameDraw(Unknown Source:2)
06-05 18:24:10.439  3068  3068 D NavStubView: NavStubView::initSmallWindowCrop
06-05 18:24:10.439  3068  3068 W GestureStateMachine: AppDragState msg=3
06-05 18:24:10.439  3068  3068 W GestureStateMachine: AppDragState msg=2
06-05 18:24:10.452  3068  3068 D NavStubView: onTouchEvent:641.172 2215.4058 MotionEvent { action=ACTION_MOVE, actionButton=0, id[0]=0, x[0]=641.172, y[0]=-149.59424, toolType[0]=TOOL_TYPE_FINGER, buttonState=0, classification=NONE, metaState=0, flags=0x20000, edgeFlags=0x0, pointerCount=1, historySize=6, eventTime=5238494, downTime=5238002, deviceId=4, source=0x1002, displayId=0, eventId=423053226 }
06-05 18:24:10.453  1113  1113 D CompositionEngine: writeOutputDependentGeometryStateToHWC layer[Wallpaper BBQ wrapper#0] set Z 134217728 miFodLayer 0x8000000
06-05 18:24:10.453  1113  1113 D CompositionEngine: writeOutputDependentGeometryStateToHWC layer[Launcher Dim#0] set Z 134217729 miFodLayer 0x8000000
06-05 18:24:10.453  1113  1113 D CompositionEngine: writeOutputDependentGeometryStateToHWC layer[com.mi.android.globallauncher/com.miui.home.launcher.Launcher#1] set Z 134217730 miFodLayer 0x8000000
06-05 18:24:10.453  1113  1113 D CompositionEngine: writeOutputDependentGeometryStateToHWC layer[com.facebook.orca/com.facebook.orca.auth.StartScreenActivity#0] set Z 134217731 miFodLayer 0x8000000
06-05 18:24:10.453  1113  1113 D CompositionEngine: writeOutputDependentGeometryStateToHWC layer[com.miui.securitycenter/.FloatingWindow#0] set Z 134217732 miFodLayer 0x8000000
06-05 18:24:10.453  1113  1113 D CompositionEngine: writeOutputDependentGeometryStateToHWC layer[StatusBar#0] set Z 134217733 miFodLayer 0x8000000
06-05 18:24:10.453  1113  1113 D CompositionEngine: writeOutputDependentGeometryStateToHWC layer[RoundCornerTop#0] set Z 134217734 miFodLayer 0x8000000
06-05 18:24:10.453  1113  1113 D CompositionEngine: writeOutputDependentGeometryStateToHWC layer[RoundCornerBottom#0] set Z 134217735 miFodLayer 0x8000000
06-05 18:24:10.454  3068  3068 D NavStubView: onPointEvent: rawX=641.172   rawY=2215.4058   action=2   mIsInFsMode=false
06-05 18:24:10.454  3068  3068 D NavStubView: current window mode:2 (1:home, 2:app, 3:recent-task, 4:keyguard, 5:quick-switch, 6:assistant, 7:one-hand)
06-05 18:24:10.455  3068  3315 D ReflectUtils: getMethod
06-05 18:24:10.455  3068  3315 D ReflectUtils: java.lang.NoSuchMethodException: android.view.SurfaceControl$Transaction.deferTransactionUntil [class android.view.SurfaceControl, class android.view.SurfaceControl, long]
06-05 18:24:10.455  3068  3315 D ReflectUtils: 	at java.lang.Class.getMethod(Class.java:2103)
06-05 18:24:10.455  3068  3315 D ReflectUtils: 	at java.lang.Class.getMethod(Class.java:1724)
06-05 18:24:10.455  3068  3315 D ReflectUtils: 	at com.android.systemui.shared.recents.utilities.ReflectUtils.getMethod(ReflectUtils.java:125)
06-05 18:24:10.455  3068  3315 D ReflectUtils: 	at com.android.systemui.shared.recents.utilities.ReflectUtils.invoke(ReflectUtils.java:25)
06-05 18:24:10.455  3068  3315 D ReflectUtils: 	at com.android.systemui.shared.recents.system.TransactionCompat.deferTransactionUntil(TransactionCompat.java:98)
06-05 18:24:10.455  3068  3315 D ReflectUtils: 	at com.android.systemui.shared.recents.system.SyncRtSurfaceTransactionApplierCompat.applyParams(SyncRtSurfaceTransactionApplierCompat.java:93)
06-05 18:24:10.455  3068  3315 D ReflectUtils: 	at com.android.systemui.shared.recents.system.SyncRtSurfaceTransactionApplierCompat.access$300(SyncRtSurfaceTransactionApplierCompat.java:39)
06-05 18:24:10.455  3068  3315 D ReflectUtils: 	at com.android.systemui.shared.recents.system.SyncRtSurfaceTransactionApplierCompat$2.onFrameDraw(SyncRtSurfaceTransactionApplierCompat.java:126)
06-05 18:24:10.455  3068  3315 D ReflectUtils: 	at android.view.ViewRootImpl.lambda$registerRtFrameCallback$0(ViewRootImpl.java:1440)
06-05 18:24:10.455  3068  3315 D ReflectUtils: 	at android.view.ViewRootImpl$$ExternalSyntheticLambda4.onFrameDraw(Unknown Source:2)
06-05 18:24:10.455  3068  3315 D ReflectUtils: 	at android.view.ThreadedRenderer.lambda$updateRootDisplayList$0(ThreadedRenderer.java:552)
06-05 18:24:10.455  3068  3315 D ReflectUtils: 	at android.view.ThreadedRenderer$$ExternalSyntheticLambda0.onFrameDraw(Unknown Source:2)
06-05 18:24:10.455  3068  3315 D ReflectUtils: getMethod
06-05 18:24:10.455  3068  3315 D ReflectUtils: java.lang.NoSuchMethodException: android.view.SurfaceControl$Transaction.deferTransactionUntil [class android.view.SurfaceControl, class android.view.SurfaceControl, long]
06-05 18:24:10.455  3068  3315 D ReflectUtils: 	at java.lang.Class.getMethod(Class.java:2103)
06-05 18:24:10.455  3068  3315 D ReflectUtils: 	at java.lang.Class.getMethod(Class.java:1724)
06-05 18:24:10.455  3068  3315 D ReflectUtils: 	at com.android.systemui.shared.recents.utilities.ReflectUtils.getMethod(ReflectUtils.java:125)
06-05 18:24:10.455  3068  3315 D ReflectUtils: 	at com.android.systemui.shared.recents.utilities.ReflectUtils.invoke(ReflectUtils.java:25)
06-05 18:24:10.455  3068  3315 D ReflectUtils: 	at com.android.systemui.shared.recents.system.TransactionCompat.deferTransactionUntil(TransactionCompat.java:98)
06-05 18:24:10.455  3068  3315 D ReflectUtils: 	at com.android.systemui.shared.recents.system.SyncRtSurfaceTransactionApplierCompat.applyParams(SyncRtSurfaceTransactionApplierCompat.java:93)
06-05 18:24:10.455  3068  3315 D ReflectUtils: 	at com.android.systemui.shared.recents.system.SyncRtSurfaceTransactionApplierCompat.access$300(SyncRtSurfaceTransactionApplierCompat.java:39)
06-05 18:24:10.455  3068  3315 D ReflectUtils: 	at com.android.systemui.shared.recents.system.SyncRtSurfaceTransactionApplierCompat$2.onFrameDraw(SyncRtSurfaceTransactionApplierCompat.java:126)
06-05 18:24:10.455  3068  3315 D ReflectUtils: 	at android.view.ViewRootImpl.lambda$registerRtFrameCallback$0(ViewRootImpl.java:1440)
06-05 18:24:10.455  3068  3315 D ReflectUtils: 	at android.view.ViewRootImpl$$ExternalSyntheticLambda4.onFrameDraw(Unknown Source:2)
06-05 18:24:10.455  3068  3315 D ReflectUtils: 	at android.view.ThreadedRenderer.lambda$updateRootDisplayList$0(ThreadedRenderer.java:552)
06-05 18:24:10.455  3068  3315 D ReflectUtils: 	at android.view.ThreadedRenderer$$ExternalSyntheticLambda0.onFrameDraw(Unknown Source:2)
06-05 18:24:10.455  3068  3068 D NavStubView: NavStubView::initSmallWindowCrop
06-05 18:24:10.455  3068  3068 W GestureStateMachine: AppDragState msg=3
06-05 18:24:10.456  3068  3068 W GestureStateMachine: AppDragState msg=2
06-05 18:24:10.466  1010  2684 I sensors-hal: ssc_conn_event_cb:489, event[0] sensor:pedometer  Wakeup msg_id=129, ts=181183765492
06-05 18:24:10.467  1850  1910 I LatencyTracker: ACTION_START_RECENTS_ANIMATION latency=-857002896
06-05 18:24:10.468  3068  3068 D NavStubView: onTouchEvent:638.2564 2235.8445 MotionEvent { action=ACTION_MOVE, actionButton=0, id[0]=0, x[0]=638.2564, y[0]=-129.15552, toolType[0]=TOOL_TYPE_FINGER, buttonState=0, classification=NONE, metaState=0, flags=0x20000, edgeFlags=0x0, pointerCount=1, historySize=6, eventTime=5238511, downTime=5238002, deviceId=4, source=0x1002, displayId=0, eventId=117969637 }
06-05 18:24:10.469  3068  3068 D NavStubView: onPointEvent: rawX=638.2564   rawY=2235.8445   action=2   mIsInFsMode=false
06-05 18:24:10.469  3068  3068 D NavStubView: current window mode:2 (1:home, 2:app, 3:recent-task, 4:keyguard, 5:quick-switch, 6:assistant, 7:one-hand)
06-05 18:24:10.469  1113  1113 D CompositionEngine: writeOutputDependentGeometryStateToHWC layer[Wallpaper BBQ wrapper#0] set Z 134217728 miFodLayer 0x8000000
06-05 18:24:10.469  1113  1113 D CompositionEngine: writeOutputDependentGeometryStateToHWC layer[Launcher Dim#0] set Z 134217729 miFodLayer 0x8000000
06-05 18:24:10.469  1113  1113 D CompositionEngine: writeOutputDependentGeometryStateToHWC layer[com.mi.android.globallauncher/com.miui.home.launcher.Launcher#1] set Z 134217730 miFodLayer 0x8000000
06-05 18:24:10.470  1113  1113 D CompositionEngine: writeOutputDependentGeometryStateToHWC layer[com.facebook.orca/com.facebook.orca.auth.StartScreenActivity#0] set Z 134217731 miFodLayer 0x8000000
06-05 18:24:10.470  1113  1113 D CompositionEngine: writeOutputDependentGeometryStateToHWC layer[com.miui.securitycenter/.FloatingWindow#0] set Z 134217732 miFodLayer 0x8000000
06-05 18:24:10.470  1113  1113 D CompositionEngine: writeOutputDependentGeometryStateToHWC layer[StatusBar#0] set Z 134217733 miFodLayer 0x8000000
06-05 18:24:10.470  1113  1113 D CompositionEngine: writeOutputDependentGeometryStateToHWC layer[RoundCornerTop#0] set Z 134217734 miFodLayer 0x8000000
06-05 18:24:10.470  1113  1113 D CompositionEngine: writeOutputDependentGeometryStateToHWC layer[RoundCornerBottom#0] set Z 134217735 miFodLayer 0x8000000
06-05 18:24:10.470  3068  3316 D ReflectUtils: getMethod
06-05 18:24:10.470  3068  3316 D ReflectUtils: java.lang.NoSuchMethodException: android.view.SurfaceControl$Transaction.deferTransactionUntil [class android.view.SurfaceControl, class android.view.SurfaceControl, long]
06-05 18:24:10.470  3068  3316 D ReflectUtils: 	at java.lang.Class.getMethod(Class.java:2103)
06-05 18:24:10.470  3068  3316 D ReflectUtils: 	at java.lang.Class.getMethod(Class.java:1724)
06-05 18:24:10.470  3068  3316 D ReflectUtils: 	at com.android.systemui.shared.recents.utilities.ReflectUtils.getMethod(ReflectUtils.java:125)
06-05 18:24:10.470  3068  3316 D ReflectUtils: 	at com.android.systemui.shared.recents.utilities.ReflectUtils.invoke(ReflectUtils.java:25)
06-05 18:24:10.470  3068  3316 D ReflectUtils: 	at com.android.systemui.shared.recents.system.TransactionCompat.deferTransactionUntil(TransactionCompat.java:98)
06-05 18:24:10.470  3068  3316 D ReflectUtils: 	at com.android.systemui.shared.recents.system.SyncRtSurfaceTransactionApplierCompat.applyParams(SyncRtSurfaceTransactionApplierCompat.java:93)
06-05 18:24:10.470  3068  3316 D ReflectUtils: 	at com.android.systemui.shared.recents.system.SyncRtSurfaceTransactionApplierCompat.access$300(SyncRtSurfaceTransactionApplierCompat.java:39)
06-05 18:24:10.470  3068  3316 D ReflectUtils: 	at com.android.systemui.shared.recents.system.SyncRtSurfaceTransactionApplierCompat$2.onFrameDraw(SyncRtSurfaceTransactionApplierCompat.java:126)
06-05 18:24:10.470  3068  3316 D ReflectUtils: 	at android.view.ViewRootImpl.lambda$registerRtFrameCallback$0(ViewRootImpl.java:1440)
06-05 18:24:10.470  3068  3316 D ReflectUtils: 	at android.view.ViewRootImpl$$ExternalSyntheticLambda4.onFrameDraw(Unknown Source:2)
06-05 18:24:10.470  3068  3316 D ReflectUtils: 	at android.view.ThreadedRenderer.lambda$updateRootDisplayList$0(ThreadedRenderer.java:552)
06-05 18:24:10.470  3068  3316 D ReflectUtils: 	at android.view.ThreadedRenderer$$ExternalSyntheticLambda0.onFrameDraw(Unknown Source:2)
06-05 18:24:10.470  3068  3068 D NavStubView: NavStubView::initSmallWindowCrop
06-05 18:24:10.471  3068  3068 W GestureStateMachine: AppDragState msg=3
06-05 18:24:10.471  3068  3316 D ReflectUtils: getMethod
06-05 18:24:10.471  3068  3316 D ReflectUtils: java.lang.NoSuchMethodException: android.view.SurfaceControl$Transaction.deferTransactionUntil [class android.view.SurfaceControl, class android.view.SurfaceControl, long]
06-05 18:24:10.471  3068  3316 D ReflectUtils: 	at java.lang.Class.getMethod(Class.java:2103)
06-05 18:24:10.471  3068  3316 D ReflectUtils: 	at java.lang.Class.getMethod(Class.java:1724)
06-05 18:24:10.471  3068  3316 D ReflectUtils: 	at com.android.systemui.shared.recents.utilities.ReflectUtils.getMethod(ReflectUtils.java:125)
06-05 18:24:10.471  3068  3316 D ReflectUtils: 	at com.android.systemui.shared.recents.utilities.ReflectUtils.invoke(ReflectUtils.java:25)
06-05 18:24:10.471  3068  3316 D ReflectUtils: 	at com.android.systemui.shared.recents.system.TransactionCompat.deferTransactionUntil(TransactionCompat.java:98)
06-05 18:24:10.471  3068  3316 D ReflectUtils: 	at com.android.systemui.shared.recents.system.SyncRtSurfaceTransactionApplierCompat.applyParams(SyncRtSurfaceTransactionApplierCompat.java:93)
06-05 18:24:10.471  3068  3316 D ReflectUtils: 	at com.android.systemui.shared.recents.system.SyncRtSurfaceTransactionApplierCompat.access$300(SyncRtSurfaceTransactionApplierCompat.java:39)
06-05 18:24:10.471  3068  3316 D ReflectUtils: 	at com.android.systemui.shared.recents.system.SyncRtSurfaceTransactionApplierCompat$2.onFrameDraw(SyncRtSurfaceTransactionApplierCompat.java:126)
06-05 18:24:10.471  3068  3316 D ReflectUtils: 	at android.view.ViewRootImpl.lambda$registerRtFrameCallback$0(ViewRootImpl.java:1440)
06-05 18:24:10.471  3068  3316 D ReflectUtils: 	at android.view.ViewRootImpl$$ExternalSyntheticLambda4.onFrameDraw(Unknown Source:2)
06-05 18:24:10.471  3068  3316 D ReflectUtils: 	at android.view.ThreadedRenderer.lambda$updateRootDisplayList$0(ThreadedRenderer.java:552)
06-05 18:24:10.471  3068  3316 D ReflectUtils: 	at android.view.ThreadedRenderer$$ExternalSyntheticLambda0.onFrameDraw(Unknown Source:2)
06-05 18:24:10.485  3068  3068 D NavStubView: onTouchEvent:638.314 2254.0112 MotionEvent { action=ACTION_MOVE, actionButton=0, id[0]=0, x[0]=638.314, y[0]=-110.98877, toolType[0]=TOOL_TYPE_FINGER, buttonState=0, classification=NONE, metaState=0, flags=0x20000, edgeFlags=0x0, pointerCount=1, historySize=6, eventTime=5238527, downTime=5238002, deviceId=4, source=0x1002, displayId=0, eventId=987037119 }
06-05 18:24:10.486  1113  1113 D CompositionEngine: writeOutputDependentGeometryStateToHWC layer[Wallpaper BBQ wrapper#0] set Z 134217728 miFodLayer 0x8000000
06-05 18:24:10.486  1113  1113 D CompositionEngine: writeOutputDependentGeometryStateToHWC layer[Launcher Dim#0] set Z 134217729 miFodLayer 0x8000000
06-05 18:24:10.486  1113  1113 D CompositionEngine: writeOutputDependentGeometryStateToHWC layer[com.mi.android.globallauncher/com.miui.home.launcher.Launcher#1] set Z 134217730 miFodLayer 0x8000000
06-05 18:24:10.486  1113  1113 D CompositionEngine: writeOutputDependentGeometryStateToHWC layer[com.facebook.orca/com.facebook.orca.auth.StartScreenActivity#0] set Z 134217731 miFodLayer 0x8000000
06-05 18:24:10.486  1113  1113 D CompositionEngine: writeOutputDependentGeometryStateToHWC layer[com.miui.securitycenter/.FloatingWindow#0] set Z 134217732 miFodLayer 0x8000000
06-05 18:24:10.486  1113  1113 D CompositionEngine: writeOutputDependentGeometryStateToHWC layer[StatusBar#0] set Z 134217733 miFodLayer 0x8000000
06-05 18:24:10.486  1113  1113 D CompositionEngine: writeOutputDependentGeometryStateToHWC layer[RoundCornerTop#0] set Z 134217734 miFodLayer 0x8000000
06-05 18:24:10.486  1113  1113 D CompositionEngine: writeOutputDependentGeometryStateToHWC layer[RoundCornerBottom#0] set Z 134217735 miFodLayer 0x8000000
06-05 18:24:10.487  3068  3068 D NavStubView: onPointEvent: rawX=638.314   rawY=2254.0112   action=2   mIsInFsMode=false
06-05 18:24:10.487  3068  3068 D NavStubView: current window mode:2 (1:home, 2:app, 3:recent-task, 4:keyguard, 5:quick-switch, 6:assistant, 7:one-hand)
06-05 18:24:10.488  3068  3315 D ReflectUtils: getMethod
06-05 18:24:10.488  3068  3315 D ReflectUtils: java.lang.NoSuchMethodException: android.view.SurfaceControl$Transaction.deferTransactionUntil [class android.view.SurfaceControl, class android.view.SurfaceControl, long]
06-05 18:24:10.488  3068  3315 D ReflectUtils: 	at java.lang.Class.getMethod(Class.java:2103)
06-05 18:24:10.488  3068  3315 D ReflectUtils: 	at java.lang.Class.getMethod(Class.java:1724)
06-05 18:24:10.488  3068  3315 D ReflectUtils: 	at com.android.systemui.shared.recents.utilities.ReflectUtils.getMethod(ReflectUtils.java:125)
06-05 18:24:10.488  3068  3315 D ReflectUtils: 	at com.android.systemui.shared.recents.utilities.ReflectUtils.invoke(ReflectUtils.java:25)
06-05 18:24:10.488  3068  3315 D ReflectUtils: 	at com.android.systemui.shared.recents.system.TransactionCompat.deferTransactionUntil(TransactionCompat.java:98)
06-05 18:24:10.488  3068  3315 D ReflectUtils: 	at com.android.systemui.shared.recents.system.SyncRtSurfaceTransactionApplierCompat.applyParams(SyncRtSurfaceTransactionApplierCompat.java:93)
06-05 18:24:10.488  3068  3315 D ReflectUtils: 	at com.android.systemui.shared.recents.system.SyncRtSurfaceTransactionApplierCompat.access$300(SyncRtSurfaceTransactionApplierCompat.java:39)
06-05 18:24:10.488  3068  3315 D ReflectUtils: 	at com.android.systemui.shared.recents.system.SyncRtSurfaceTransactionApplierCompat$2.onFrameDraw(SyncRtSurfaceTransactionApplierCompat.java:126)
06-05 18:24:10.488  3068  3315 D ReflectUtils: 	at android.view.ViewRootImpl.lambda$registerRtFrameCallback$0(ViewRootImpl.java:1440)
06-05 18:24:10.488  3068  3315 D ReflectUtils: 	at android.view.ViewRootImpl$$ExternalSyntheticLambda4.onFrameDraw(Unknown Source:2)
06-05 18:24:10.488  3068  3315 D ReflectUtils: 	at android.view.ThreadedRenderer.lambda$updateRootDisplayList$0(ThreadedRenderer.java:552)
06-05 18:24:10.488  3068  3315 D ReflectUtils: 	at android.view.ThreadedRenderer$$ExternalSyntheticLambda0.onFrameDraw(Unknown Source:2)
06-05 18:24:10.488  3068  3315 D ReflectUtils: getMethod
06-05 18:24:10.488  3068  3315 D ReflectUtils: java.lang.NoSuchMethodException: android.view.SurfaceControl$Transaction.deferTransactionUntil [class android.view.SurfaceControl, class android.view.SurfaceControl, long]
06-05 18:24:10.488  3068  3315 D ReflectUtils: 	at java.lang.Class.getMethod(Class.java:2103)
06-05 18:24:10.488  3068  3315 D ReflectUtils: 	at java.lang.Class.getMethod(Class.java:1724)
06-05 18:24:10.488  3068  3315 D ReflectUtils: 	at com.android.systemui.shared.recents.utilities.ReflectUtils.getMethod(ReflectUtils.java:125)
06-05 18:24:10.488  3068  3315 D ReflectUtils: 	at com.android.systemui.shared.recents.utilities.ReflectUtils.invoke(ReflectUtils.java:25)
06-05 18:24:10.488  3068  3315 D ReflectUtils: 	at com.android.systemui.shared.recents.system.TransactionCompat.deferTransactionUntil(TransactionCompat.java:98)
06-05 18:24:10.488  3068  3315 D ReflectUtils: 	at com.android.systemui.shared.recents.system.SyncRtSurfaceTransactionApplierCompat.applyParams(SyncRtSurfaceTransactionApplierCompat.java:93)
06-05 18:24:10.488  3068  3315 D ReflectUtils: 	at com.android.systemui.shared.recents.system.SyncRtSurfaceTransactionApplierCompat.access$300(SyncRtSurfaceTransactionApplierCompat.java:39)
06-05 18:24:10.488  3068  3315 D ReflectUtils: 	at com.android.systemui.shared.recents.system.SyncRtSurfaceTransactionApplierCompat$2.onFrameDraw(SyncRtSurfaceTransactionApplierCompat.java:126)
06-05 18:24:10.488  3068  3315 D ReflectUtils: 	at android.view.ViewRootImpl.lambda$registerRtFrameCallback$0(ViewRootImpl.java:1440)
06-05 18:24:10.488  3068  3315 D ReflectUtils: 	at android.view.ViewRootImpl$$ExternalSyntheticLambda4.onFrameDraw(Unknown Source:2)
06-05 18:24:10.488  3068  3315 D ReflectUtils: 	at android.view.ThreadedRenderer.lambda$updateRootDisplayList$0(ThreadedRenderer.java:552)
06-05 18:24:10.488  3068  3315 D ReflectUtils: 	at android.view.ThreadedRenderer$$ExternalSyntheticLambda0.onFrameDraw(Unknown Source:2)
06-05 18:24:10.489  3068  3068 D NavStubView: NavStubView::initSmallWindowCrop
06-05 18:24:10.489  3068  3068 W GestureStateMachine: AppDragState msg=2
06-05 18:24:10.489  3068  3068 W GestureStateMachine: AppDragState msg=3
06-05 18:24:10.501  3068  3068 D NavStubView: onTouchEvent:639.6825 2272.7354 MotionEvent { action=ACTION_MOVE, actionButton=0, id[0]=0, x[0]=639.6825, y[0]=-92.26465, toolType[0]=TOOL_TYPE_FINGER, buttonState=0, classification=NONE, metaState=0, flags=0x20000, edgeFlags=0x0, pointerCount=1, historySize=6, eventTime=5238544, downTime=5238002, deviceId=4, source=0x1002, displayId=0, eventId=188970028 }
06-05 18:24:10.502  3068  3068 D NavStubView: onPointEvent: rawX=639.6825   rawY=2272.7354   action=2   mIsInFsMode=false
06-05 18:24:10.502  3068  3068 D NavStubView: current window mode:2 (1:home, 2:app, 3:recent-task, 4:keyguard, 5:quick-switch, 6:assistant, 7:one-hand)
06-05 18:24:10.503  1113  1113 D CompositionEngine: writeOutputDependentGeometryStateToHWC layer[Wallpaper BBQ wrapper#0] set Z 134217728 miFodLayer 0x8000000
06-05 18:24:10.503  1113  1113 D CompositionEngine: writeOutputDependentGeometryStateToHWC layer[Launcher Dim#0] set Z 134217729 miFodLayer 0x8000000
06-05 18:24:10.503  1113  1113 D CompositionEngine: writeOutputDependentGeometryStateToHWC layer[com.mi.android.globallauncher/com.miui.home.launcher.Launcher#1] set Z 134217730 miFodLayer 0x8000000
06-05 18:24:10.503  1113  1113 D CompositionEngine: writeOutputDependentGeometryStateToHWC layer[com.facebook.orca/com.facebook.orca.auth.StartScreenActivity#0] set Z 134217731 miFodLayer 0x8000000
06-05 18:24:10.503  1113  1113 D CompositionEngine: writeOutputDependentGeometryStateToHWC layer[com.miui.securitycenter/.FloatingWindow#0] set Z 134217732 miFodLayer 0x8000000
06-05 18:24:10.503  1113  1113 D CompositionEngine: writeOutputDependentGeometryStateToHWC layer[StatusBar#0] set Z 134217733 miFodLayer 0x8000000
06-05 18:24:10.503  1113  1113 D CompositionEngine: writeOutputDependentGeometryStateToHWC layer[RoundCornerTop#0] set Z 134217734 miFodLayer 0x8000000
06-05 18:24:10.503  1113  1113 D CompositionEngine: writeOutputDependentGeometryStateToHWC layer[RoundCornerBottom#0] set Z 134217735 miFodLayer 0x8000000
06-05 18:24:10.503  3068  3316 D ReflectUtils: getMethod
06-05 18:24:10.503  3068  3316 D ReflectUtils: java.lang.NoSuchMethodException: android.view.SurfaceControl$Transaction.deferTransactionUntil [class android.view.SurfaceControl, class android.view.SurfaceControl, long]
06-05 18:24:10.503  3068  3316 D ReflectUtils: 	at java.lang.Class.getMethod(Class.java:2103)
06-05 18:24:10.503  3068  3316 D ReflectUtils: 	at java.lang.Class.getMethod(Class.java:1724)
06-05 18:24:10.503  3068  3316 D ReflectUtils: 	at com.android.systemui.shared.recents.utilities.ReflectUtils.getMethod(ReflectUtils.java:125)
06-05 18:24:10.503  3068  3316 D ReflectUtils: 	at com.android.systemui.shared.recents.utilities.ReflectUtils.invoke(ReflectUtils.java:25)
06-05 18:24:10.503  3068  3316 D ReflectUtils: 	at com.android.systemui.shared.recents.system.TransactionCompat.deferTransactionUntil(TransactionCompat.java:98)
06-05 18:24:10.503  3068  3316 D ReflectUtils: 	at com.android.systemui.shared.recents.system.SyncRtSurfaceTransactionApplierCompat.applyParams(SyncRtSurfaceTransactionApplierCompat.java:93)
06-05 18:24:10.503  3068  3316 D ReflectUtils: 	at com.android.systemui.shared.recents.system.SyncRtSurfaceTransactionApplierCompat.access$300(SyncRtSurfaceTransactionApplierCompat.java:39)
06-05 18:24:10.503  3068  3316 D ReflectUtils: 	at com.android.systemui.shared.recents.system.SyncRtSurfaceTransactionApplierCompat$2.onFrameDraw(SyncRtSurfaceTransactionApplierCompat.java:126)
06-05 18:24:10.503  3068  3316 D ReflectUtils: 	at android.view.ViewRootImpl.lambda$registerRtFrameCallback$0(ViewRootImpl.java:1440)
06-05 18:24:10.503  3068  3316 D ReflectUtils: 	at android.view.ViewRootImpl$$ExternalSyntheticLambda4.onFrameDraw(Unknown Source:2)
06-05 18:24:10.503  3068  3316 D ReflectUtils: 	at android.view.ThreadedRenderer.lambda$updateRootDisplayList$0(ThreadedRenderer.java:552)
06-05 18:24:10.503  3068  3316 D ReflectUtils: 	at android.view.ThreadedRenderer$$ExternalSyntheticLambda0.onFrameDraw(Unknown Source:2)
06-05 18:24:10.503  3068  3316 D ReflectUtils: getMethod
06-05 18:24:10.503  3068  3316 D ReflectUtils: java.lang.NoSuchMethodException: android.view.SurfaceControl$Transaction.deferTransactionUntil [class android.view.SurfaceControl, class android.view.SurfaceControl, long]
06-05 18:24:10.503  3068  3316 D ReflectUtils: 	at java.lang.Class.getMethod(Class.java:2103)
06-05 18:24:10.503  3068  3316 D ReflectUtils: 	at java.lang.Class.getMethod(Class.java:1724)
06-05 18:24:10.503  3068  3316 D ReflectUtils: 	at com.android.systemui.shared.recents.utilities.ReflectUtils.getMethod(ReflectUtils.java:125)
06-05 18:24:10.503  3068  3316 D ReflectUtils: 	at com.android.systemui.shared.recents.utilities.ReflectUtils.invoke(ReflectUtils.java:25)
06-05 18:24:10.503  3068  3316 D ReflectUtils: 	at com.android.systemui.shared.recents.system.TransactionCompat.deferTransactionUntil(TransactionCompat.java:98)
06-05 18:24:10.503  3068  3316 D ReflectUtils: 	at com.android.systemui.shared.recents.system.SyncRtSurfaceTransactionApplierCompat.applyParams(SyncRtSurfaceTransactionApplierCompat.java:93)
06-05 18:24:10.503  3068  3316 D ReflectUtils: 	at com.android.systemui.shared.recents.system.SyncRtSurfaceTransactionApplierCompat.access$300(SyncRtSurfaceTransactionApplierCompat.java:39)
06-05 18:24:10.503  3068  3316 D ReflectUtils: 	at com.android.systemui.shared.recents.system.SyncRtSurfaceTransactionApplierCompat$2.onFrameDraw(SyncRtSurfaceTransactionApplierCompat.java:126)
06-05 18:24:10.503  3068  3316 D ReflectUtils: 	at android.view.ViewRootImpl.lambda$registerRtFrameCallback$0(ViewRootImpl.java:1440)
06-05 18:24:10.503  3068  3316 D ReflectUtils: 	at android.view.ViewRootImpl$$ExternalSyntheticLambda4.onFrameDraw(Unknown Source:2)
06-05 18:24:10.503  3068  3316 D ReflectUtils: 	at android.view.ThreadedRenderer.lambda$updateRootDisplayList$0(ThreadedRenderer.java:552)
06-05 18:24:10.503  3068  3316 D ReflectUtils: 	at android.view.ThreadedRenderer$$ExternalSyntheticLambda0.onFrameDraw(Unknown Source:2)
06-05 18:24:10.504  3068  3068 D NavStubView: NavStubView::initSmallWindowCrop
06-05 18:24:10.504  3068  3068 W GestureStateMachine: AppDragState msg=3
06-05 18:24:10.504  3068  3068 W GestureStateMachine: AppDragState msg=2
06-05 18:24:10.518  3068  3068 D NavStubView: onTouchEvent:643.125 2288.0 MotionEvent { action=ACTION_MOVE, actionButton=0, id[0]=0, x[0]=643.125, y[0]=-77.0, toolType[0]=TOOL_TYPE_FINGER, buttonState=0, classification=NONE, metaState=0, flags=0x20000, edgeFlags=0x0, pointerCount=1, historySize=5, eventTime=5238557, downTime=5238002, deviceId=4, source=0x1002, displayId=0, eventId=971240329 }
06-05 18:24:10.519  1113  1113 D CompositionEngine: writeOutputDependentGeometryStateToHWC layer[Wallpaper BBQ wrapper#0] set Z 134217728 miFodLayer 0x8000000
06-05 18:24:10.519  1113  1113 D CompositionEngine: writeOutputDependentGeometryStateToHWC layer[Launcher Dim#0] set Z 134217729 miFodLayer 0x8000000
06-05 18:24:10.519  1113  1113 D CompositionEngine: writeOutputDependentGeometryStateToHWC layer[com.mi.android.globallauncher/com.miui.home.launcher.Launcher#1] set Z 134217730 miFodLayer 0x8000000
06-05 18:24:10.519  1113  1113 D CompositionEngine: writeOutputDependentGeometryStateToHWC layer[com.facebook.orca/com.facebook.orca.auth.StartScreenActivity#0] set Z 134217731 miFodLayer 0x8000000
06-05 18:24:10.519  1113  1113 D CompositionEngine: writeOutputDependentGeometryStateToHWC layer[com.miui.securitycenter/.FloatingWindow#0] set Z 134217732 miFodLayer 0x8000000
06-05 18:24:10.519  1113  1113 D CompositionEngine: writeOutputDependentGeometryStateToHWC layer[StatusBar#0] set Z 134217733 miFodLayer 0x8000000
06-05 18:24:10.519  1113  1113 D CompositionEngine: writeOutputDependentGeometryStateToHWC layer[RoundCornerTop#0] set Z 134217734 miFodLayer 0x8000000
06-05 18:24:10.519  1113  1113 D CompositionEngine: writeOutputDependentGeometryStateToHWC layer[RoundCornerBottom#0] set Z 134217735 miFodLayer 0x8000000
06-05 18:24:10.520  3068  3068 D NavStubView: onPointEvent: rawX=643.125   rawY=2288.0   action=2   mIsInFsMode=false
06-05 18:24:10.520  3068  3068 D NavStubView: current window mode:2 (1:home, 2:app, 3:recent-task, 4:keyguard, 5:quick-switch, 6:assistant, 7:one-hand)
06-05 18:24:10.521  1850  2553 D MIUIInput: [MotionEvent] publisher action=0x1, 5238566, channel 'e0aa643 GestureStub (server)'
06-05 18:24:10.522  3068  3068 D NavStubView: NavStubView::initSmallWindowCrop
06-05 18:24:10.522  3068  3315 D ReflectUtils: getMethod
06-05 18:24:10.522  3068  3315 D ReflectUtils: java.lang.NoSuchMethodException: android.view.SurfaceControl$Transaction.deferTransactionUntil [class android.view.SurfaceControl, class android.view.SurfaceControl, long]
06-05 18:24:10.522  3068  3315 D ReflectUtils: 	at java.lang.Class.getMethod(Class.java:2103)
06-05 18:24:10.522  3068  3315 D ReflectUtils: 	at java.lang.Class.getMethod(Class.java:1724)
06-05 18:24:10.522  3068  3315 D ReflectUtils: 	at com.android.systemui.shared.recents.utilities.ReflectUtils.getMethod(ReflectUtils.java:125)
06-05 18:24:10.522  3068  3315 D ReflectUtils: 	at com.android.systemui.shared.recents.utilities.ReflectUtils.invoke(ReflectUtils.java:25)
06-05 18:24:10.522  3068  3315 D ReflectUtils: 	at com.android.systemui.shared.recents.system.TransactionCompat.deferTransactionUntil(TransactionCompat.java:98)
06-05 18:24:10.522  3068  3315 D ReflectUtils: 	at com.android.systemui.shared.recents.system.SyncRtSurfaceTransactionApplierCompat.applyParams(SyncRtSurfaceTransactionApplierCompat.java:93)
06-05 18:24:10.522  3068  3315 D ReflectUtils: 	at com.android.systemui.shared.recents.system.SyncRtSurfaceTransactionApplierCompat.access$300(SyncRtSurfaceTransactionApplierCompat.java:39)
06-05 18:24:10.522  3068  3315 D ReflectUtils: 	at com.android.systemui.shared.recents.system.SyncRtSurfaceTransactionApplierCompat$2.onFrameDraw(SyncRtSurfaceTransactionApplierCompat.java:126)
06-05 18:24:10.522  3068  3315 D ReflectUtils: 	at android.view.ViewRootImpl.lambda$registerRtFrameCallback$0(ViewRootImpl.java:1440)
06-05 18:24:10.522  3068  3315 D ReflectUtils: 	at android.view.ViewRootImpl$$ExternalSyntheticLambda4.onFrameDraw(Unknown Source:2)
06-05 18:24:10.522  3068  3315 D ReflectUtils: 	at android.view.ThreadedRenderer.lambda$updateRootDisplayList$0(ThreadedRenderer.java:552)
06-05 18:24:10.522  3068  3315 D ReflectUtils: 	at android.view.ThreadedRenderer$$ExternalSyntheticLambda0.onFrameDraw(Unknown Source:2)
06-05 18:24:10.522  1850  1941 D PerfImpl: perfGetWorkLoadType
06-05 18:24:10.522  3068  3315 D ReflectUtils: getMethod
06-05 18:24:10.522  3068  3315 D ReflectUtils: java.lang.NoSuchMethodException: android.view.SurfaceControl$Transaction.deferTransactionUntil [class android.view.SurfaceControl, class android.view.SurfaceControl, long]
06-05 18:24:10.522  3068  3315 D ReflectUtils: 	at java.lang.Class.getMethod(Class.java:2103)
06-05 18:24:10.522  3068  3315 D ReflectUtils: 	at java.lang.Class.getMethod(Class.java:1724)
06-05 18:24:10.522  3068  3315 D ReflectUtils: 	at com.android.systemui.shared.recents.utilities.ReflectUtils.getMethod(ReflectUtils.java:125)
06-05 18:24:10.522  3068  3315 D ReflectUtils: 	at com.android.systemui.shared.recents.utilities.ReflectUtils.invoke(ReflectUtils.java:25)
06-05 18:24:10.522  3068  3315 D ReflectUtils: 	at com.android.systemui.shared.recents.system.TransactionCompat.deferTransactionUntil(TransactionCompat.java:98)
06-05 18:24:10.522  3068  3315 D ReflectUtils: 	at com.android.systemui.shared.recents.system.SyncRtSurfaceTransactionApplierCompat.applyParams(SyncRtSurfaceTransactionApplierCompat.java:93)
06-05 18:24:10.522  3068  3315 D ReflectUtils: 	at com.android.systemui.shared.recents.system.SyncRtSurfaceTransactionApplierCompat.access$300(SyncRtSurfaceTransactionApplierCompat.java:39)
06-05 18:24:10.522  3068  3315 D ReflectUtils: 	at com.android.systemui.shared.recents.system.SyncRtSurfaceTransactionApplierCompat$2.onFrameDraw(SyncRtSurfaceTransactionApplierCompat.java:126)
06-05 18:24:10.522  3068  3315 D ReflectUtils: 	at android.view.ViewRootImpl.lambda$registerRtFrameCallback$0(ViewRootImpl.java:1440)
06-05 18:24:10.522  3068  3315 D ReflectUtils: 	at android.view.ViewRootImpl$$ExternalSyntheticLambda4.onFrameDraw(Unknown Source:2)
06-05 18:24:10.522  3068  3315 D ReflectUtils: 	at android.view.ThreadedRenderer.lambda$updateRootDisplayList$0(ThreadedRenderer.java:552)
06-05 18:24:10.522  3068  3315 D ReflectUtils: 	at android.view.ThreadedRenderer$$ExternalSyntheticLambda0.onFrameDraw(Unknown Source:2)
06-05 18:24:10.522  3068  3068 D NavStubView: onTouchEvent:642.625 2286.25 MotionEvent { action=ACTION_UP, actionButton=0, id[0]=0, x[0]=642.625, y[0]=-78.75, toolType[0]=TOOL_TYPE_FINGER, buttonState=0, classification=NONE, metaState=0, flags=0x20000, edgeFlags=0x0, pointerCount=1, historySize=0, eventTime=5238566, downTime=5238002, deviceId=4, source=0x1002, displayId=0, eventId=40081141 }
06-05 18:24:10.522  3068  3068 D NavStubView: ACTION_UP: mIsGestureStarted: true
06-05 18:24:10.522  1034  1034 E vendor.qti.hardware.perf@2.2-service: Unknown params
06-05 18:24:10.523  1034  1034 I ANDR-PERF-LM: LMPerfGlue: perfmodule_submit_request() 132: perfmodule_submit_request()
06-05 18:24:10.523  1034  1034 I ANDR-PERF-LM: Core: getInstance() 84: LM getInstance
06-05 18:24:10.523  1034  1034 D ANDR-PERF-LM: Feature: lookup() 101: Feature Name = AppClassifier, total featuers = 3, featureFound = 1
06-05 18:24:10.523  3068  3068 W GestureStateMachine: AppDragState msg=3
06-05 18:24:10.523  1034  1034 D ANDR-PERF-LM: Feature: getData() 112: data.data = 1
06-05 18:24:10.523  3068  3068 D NavStubView: onPointEvent: rawX=642.625   rawY=2286.25   action=1   mIsInFsMode=false
06-05 18:24:10.523  1034  1034 I ANDR-PERF-LM: FeedbackAPI: getFeedback() 60: app:com.facebook.orca feature:AppClassifier feedback = 1
06-05 18:24:10.523  1850  1941 D PerfImpl: perfScrollBoost: com.facebook.orca, 436, 1
06-05 18:24:10.523  3068  3068 D NavStubView: current window mode:2 (1:home, 2:app, 3:recent-task, 4:keyguard, 5:quick-switch, 6:assistant, 7:one-hand)
06-05 18:24:10.523  3068  3068 D NavStubView: NavStubView::startSmallWindow
06-05 18:24:10.523  1034  1034 E vendor.qti.hardware.perf@2.2-service: Unknown params
06-05 18:24:10.523  3068  3068 E NavStubView: exitSmallWindowCrop error
06-05 18:24:10.523  3068  3068 E NavStubView: isFastPullUp  mPivotLocY=2340   mFollowTailY=2316.148   TAIL_GAP=25   vx=0.23076054   vy=1.1290132
06-05 18:24:10.523  1034  1034 I ANDR-PERF-LM: LMPerfGlue: perfmodule_submit_request() 132: perfmodule_submit_request()
06-05 18:24:10.523  1034  1034 I ANDR-PERF-LM: Core: getInstance() 84: LM getInstance
06-05 18:24:10.523  1034  1034 I ANDR-PERF-LM: WQ: push() 59: LMTriggerQ push() size=0
06-05 18:24:10.523  1034  1034 I ANDR-PERF-LM: WQ: push() 61: LMTriggerQ push() done size=1
06-05 18:24:10.523  3068  3068 W GestureStateMachine: AppDragState msg=2
06-05 18:24:10.523  3068  3068 W GestureStateMachine: AppDragState msg=10
06-05 18:24:10.523  3068  3068 E NavStubView: performAppToApp
06-05 18:24:10.524  1850  1941 D PerfImpl: perfGetWorkLoadType
06-05 18:24:10.524  1034  1092 I ANDR-PERF-LM: WQ: pop() 42: LMTriggerQ pop() done size=0
06-05 18:24:10.524  1034  1034 E vendor.qti.hardware.perf@2.2-service: Unknown params
06-05 18:24:10.524  1034  1092 I ANDR-PERF-LM: Core: lmMain() 373: Waiting on trigger Queue
06-05 18:24:10.524  1034  1034 I ANDR-PERF-LM: LMPerfGlue: perfmodule_submit_request() 132: perfmodule_submit_request()
06-05 18:24:10.524  1034  1034 I ANDR-PERF-LM: Core: getInstance() 84: LM getInstance
06-05 18:24:10.524  1034  1092 I ANDR-PERF-LM: WQ: pop() 31: LMTriggerQ pop() size=0
06-05 18:24:10.524  1034  1034 D ANDR-PERF-LM: Feature: lookup() 101: Feature Name = AppClassifier, total featuers = 3, featureFound = 1
06-05 18:24:10.524  1034  1034 D ANDR-PERF-LM: Feature: getData() 112: data.data = 1
06-05 18:24:10.524  1034  1034 I ANDR-PERF-LM: FeedbackAPI: getFeedback() 60: app:com.facebook.orca feature:AppClassifier feedback = 1
06-05 18:24:10.524  1850  1941 D PerfImpl: perfScrollBoost: com.facebook.orca, -1, 4
06-05 18:24:10.524  3068  3068 D NavStubView: ===>>>finalization executed from: performAppToApp
06-05 18:24:10.524  3068  3068 E RotationHelper: setCurrentTransitionRequest: request=0
06-05 18:24:10.524  1034  1034 E vendor.qti.hardware.perf@2.2-service: Unknown params
06-05 18:24:10.524  3068  3068 E RotationHelper: notifyChange activityFlags=3
06-05 18:24:10.524  3068  3068 D NavStubView: current state mode: StateMode.STATE_INIT
06-05 18:24:10.524  1034  1034 I ANDR-PERF-LM: LMPerfGlue: perfmodule_submit_request() 132: perfmodule_submit_request()
06-05 18:24:10.524  1034  1034 I ANDR-PERF-LM: Core: getInstance() 84: LM getInstance
06-05 18:24:10.524  1034  1034 I ANDR-PERF-LM: WQ: push() 59: LMTriggerQ push() size=0
06-05 18:24:10.524  1034  1034 I ANDR-PERF-LM: WQ: push() 61: LMTriggerQ push() done size=1
06-05 18:24:10.525  1850  1941 D PerfImpl: perfGetWorkLoadType
06-05 18:24:10.525  1034  1034 E vendor.qti.hardware.perf@2.2-service: Unknown params
06-05 18:24:10.525  1034  1034 I ANDR-PERF-LM: LMPerfGlue: perfmodule_submit_request() 132: perfmodule_submit_request()
06-05 18:24:10.525  1034  1034 I ANDR-PERF-LM: Core: getInstance() 84: LM getInstance
06-05 18:24:10.525  1034  1034 D ANDR-PERF-LM: Feature: lookup() 101: Feature Name = AppClassifier, total featuers = 3, featureFound = 1
06-05 18:24:10.525  1034  1034 D ANDR-PERF-LM: Feature: getData() 112: data.data = 1
06-05 18:24:10.525  1034  1034 I ANDR-PERF-LM: FeedbackAPI: getFeedback() 60: app:com.facebook.orca feature:AppClassifier feedback = 1
06-05 18:24:10.525  1850  1941 D PerfImpl: perfLockRelease
06-05 18:24:10.525  1034  1092 I ANDR-PERF-LM: WQ: pop() 42: LMTriggerQ pop() done size=0
06-05 18:24:10.525  1034  1092 I ANDR-PERF-LM: Core: lmMain() 373: Waiting on trigger Queue
06-05 18:24:10.525  1034  1092 I ANDR-PERF-LM: WQ: pop() 31: LMTriggerQ pop() size=0
06-05 18:24:10.527  1850  6642 D MiuiMultiWindowAdapter: MiuiMultiWindowAdapter::getFreeformIgnoreRequestOrientationList= [com.miui.player, com.sqw.setdl.mi, tv.danmaku.bili, air.tv.douyu.android, com.youku.phone, com.tencent.gamehelper.smoba, com.taobao.litetao, com.live.shuoqiudi]
06-05 18:24:10.536  1113  1113 D CompositionEngine: writeOutputDependentGeometryStateToHWC layer[Wallpaper BBQ wrapper#0] set Z 134217728 miFodLayer 0x8000000
06-05 18:24:10.536  1113  1113 D CompositionEngine: writeOutputDependentGeometryStateToHWC layer[Launcher Dim#0] set Z 134217729 miFodLayer 0x8000000
06-05 18:24:10.536  1113  1113 D CompositionEngine: writeOutputDependentGeometryStateToHWC layer[com.mi.android.globallauncher/com.miui.home.launcher.Launcher#1] set Z 134217730 miFodLayer 0x8000000
06-05 18:24:10.536  1113  1113 D CompositionEngine: writeOutputDependentGeometryStateToHWC layer[com.facebook.orca/com.facebook.orca.auth.StartScreenActivity#0] set Z 134217731 miFodLayer 0x8000000
06-05 18:24:10.536  1113  1113 D CompositionEngine: writeOutputDependentGeometryStateToHWC layer[com.miui.securitycenter/.FloatingWindow#0] set Z 134217732 miFodLayer 0x8000000
06-05 18:24:10.536  1113  1113 D CompositionEngine: writeOutputDependentGeometryStateToHWC layer[StatusBar#0] set Z 134217733 miFodLayer 0x8000000
06-05 18:24:10.536  1113  1113 D CompositionEngine: writeOutputDependentGeometryStateToHWC layer[RoundCornerTop#0] set Z 134217734 miFodLayer 0x8000000
06-05 18:24:10.536  1113  1113 D CompositionEngine: writeOutputDependentGeometryStateToHWC layer[RoundCornerBottom#0] set Z 134217735 miFodLayer 0x8000000
06-05 18:24:10.536  3068  3068 W NavStubView: getHotSpaceHeight   height=35.75
06-05 18:24:10.536  3068  3068 D NavStubView: need render:false
06-05 18:24:10.537  3068  3316 D ReflectUtils: getMethod
06-05 18:24:10.537  3068  3316 D ReflectUtils: java.lang.NoSuchMethodException: android.view.SurfaceControl$Transaction.deferTransactionUntil [class android.view.SurfaceControl, class android.view.SurfaceControl, long]
06-05 18:24:10.537  3068  3316 D ReflectUtils: 	at java.lang.Class.getMethod(Class.java:2103)
