06-05 18:22:28.557  2930  2930 D QcrilMsgTunnelIfaceManager: handleMessage what = 2
06-05 18:22:28.557  2999  3462 D QC_RIL_OEM_HOOK: sendOemRilRequestRaw returns value = 16
06-05 18:22:28.558  2999  3462 D ModemSarController_8250: type = 65, len = 4, value = 0
06-05 18:22:28.590  8162  8303 E u4native: [ERROR:frame_loader.cc(1210)] PrepareForCommit, this:0x530b3820, IsLoadingMainFrame:1, document_loader_=0x530b4eb0, protect_provisional_loader_=0, detached_=0
06-05 18:22:28.593  8162  8303 E u4native: [ERROR:frame_loader.cc(1180)] PrepareForCommit, this:0x530b3820, IsLoadingMainFrame:1, document_loader_=0x530b4eb0, protect_provisional_loader_=1, detached_=0
06-05 18:22:28.593  8162  8303 E u4native: [ERROR:frame_loader.cc(1210)] PrepareForCommit, this:0x530b3820, IsLoadingMainFrame:1, document_loader_=0x530b7960, protect_provisional_loader_=0, detached_=0
06-05 18:22:28.626  7784  7904 V HighwayApp: The address of obj is 0x2b0a  2101.lzdmessage./lzdmessage.ud.init
06-05 18:22:28.626  7784  7904 V HighwayApp: The address of obj delete invalid Event is 0x2b0a
06-05 18:22:28.845  3754  3754 I BatteryController: notifyBatteryStatusChanged:  status: 2 isPlugged: 2 level: 55 wireState: 11 chargeSpeed: 0 mWiredChargeType: 0 mWirelessChargeType: 0 chargeDeviceType: 0 SUPPORT_BROADCAST_QUICK_CHARGE: true
06-05 18:22:28.846 29919 29919 I BatteryController: notifyBatteryStatusChanged:  status: 2 isPlugged: 2 level: 55 wireState: 11 chargeSpeed: 0 mWiredChargeType: 0 mWirelessChargeType: 0 chargeDeviceType: 0 SUPPORT_BROADCAST_QUICK_CHARGE: true
06-05 18:22:28.847  7552  7931 D ThermalIECHandler: storeDataStyle: thermal_iec_monitor_persistence_data_style_iec_state; startIECTime: -1; IECScreenOffOverPeriodTime: -1
06-05 18:22:28.849  2999  2999 D DynamicService:  ACTION_BATTERY_CHANGED change,USB plug = 2
06-05 18:22:28.849  6316  6316 I BatteryInfoReceiver: ACTION_BATTERY_CHANGED
06-05 18:22:28.851  7552  7857 D PowerCheckerService: onBatteryChanged, mBatteryLevel = 56, status = 2, level = 55, plug = 2, scale = 100
06-05 18:22:28.852  7552  7645 D PowerKeeper.Thermal: mBatteryTemperature: 42
06-05 18:22:28.852  6316 16714 W BatteryHistoryLoadMgr: getHistoryInfo begin
06-05 18:22:28.859  2992  2992 V DeviceStatisticsService: chargerType=2 batteryLevel=55 totalBatteryCapacity=4326200
06-05 18:22:28.860  2992  2992 D DeviceInfoHidlClient: isRadioOn()=true
06-05 18:22:28.860  2992  2992 I DeviceInfoHidlClient: isPowerInfoNeverSent=false batteryLevel=55 batteryLevelIndex=2 chargingMode=2 totalCapacity=4326200 powerSaveMode=false
06-05 18:22:28.880  3019  3019 D KeyguardUpdateMonitor: handleBatteryUpdate
06-05 18:22:28.883  3019  3019 I MiuiChargeController: checkBatteryStatus: wireState 11 status 2 plugged 2 chargeSpeed 0 maxChargingWattage 0 isRapidCharge false isSuperCharge false isStrongSuperCharge false isCarMode false mChargeDeviceType 0 mChargeDeviceForAnalytic -1 SUPPORT_NEW_ANIMATION true isChargeAnimationDisabled false
06-05 18:22:28.884  3019  3019 I MiuiChargeController: dealWithAnimationShow mWireState=11,wireState=11,mFastChargeChanged=true,mIsFastCharge=false,hasShowdChargeAnim=false
06-05 18:22:28.885  3019  3019 I MiuiChargeController:  dealWithAnimationShow ç›¸åŒ
06-05 18:22:28.886  6316  6668 I PowerCenterProvider: call METHOD_GET_BATTERY_INFO
06-05 18:22:28.886  6316  6668 W BatteryHistoryLoadMgr: getHistoryInfo begin
06-05 18:22:28.890   859   859 D Zygote  : Forked child process 8394
06-05 18:22:28.918  8394  8394 E roid.apps.turb: Not starting debugger since process cannot load the jdwp agent.
06-05 18:22:28.923  8394  8394 D ProcessState: Binder ioctl to enable oneway spam detection failed: Invalid argument
06-05 18:22:28.930  2953  3093 I Unity   : [Spell Pooling] Released: Card_Play_Weapon_SummonIn_Friendly(Clone)(Clone)
06-05 18:22:28.931  2953  3093 I Unity   : [Spell Pooling] Released: Card_Play_Weapon_Unsheathe(Clone)(Clone)
06-05 18:22:28.931  2953  3093 I Unity   : [Spell Pooling] Released: Card_Play_Weapon_Sheathe(Clone)(Clone)
06-05 18:22:28.931  2953  3093 I Unity   : [Spell Pooling] Released: Card_Play_Weapon_Damage(Clone)(Clone)
06-05 18:22:28.932  2953  3093 I Unity   : [Spell Pooling] Released: Card_Play_Weapon_Death(Clone)(Clone)
06-05 18:22:28.949  6316 16714 W BatteryHistoryLoadMgr: get firstHistoryInfo time: 240813078
06-05 18:22:28.950  6316 16714 D BatteryHistoryLoadMgr: getHistoryInfo end
06-05 18:22:28.950  6316 16714 I BatteryInfoReceiver: update charge detail 138
06-05 18:22:28.959  6316  6668 W BatteryHistoryLoadMgr: get firstHistoryInfo time: 240813078
06-05 18:22:28.959  6316  6668 D BatteryHistoryLoadMgr: getHistoryInfo end
06-05 18:22:28.963  1850  2634 I MiuiNetworkPolicy: updateUidState uid = 10184, uidState = 11
06-05 18:22:28.968  8394  8394 D CompatibilityChangeReporter: Compat change id reported: 171979766; UID 10184; state: ENABLED
06-05 18:22:28.969  5193  5217 W MQSService: CallerName:com.google.android.apps.turbo,calling Uid:10184
06-05 18:22:28.969  5193  5217 D MQSService: registerApplicationScoutThread pid = 8394, packageName = com.google.android.apps.turbo
06-05 18:22:28.986  6316 16714 I PowerUtils: Device name:alioth
06-05 18:22:28.986  6316 16714 W PowerUtils: should not use this capacity value 4520
06-05 18:22:28.987  6316  6668 I PowerUtils: Device name:alioth
06-05 18:22:28.987  6316  6668 W PowerUtils: should not use this capacity value 4520
06-05 18:22:28.988  6316 16714 I PowerUtils: Device name:alioth
06-05 18:22:28.989  6316 16714 W PowerUtils: should not use this capacity value 4520
06-05 18:22:28.992  6316  6668 I PowerUtils: Device name:alioth
06-05 18:22:28.992  6316  6668 W PowerUtils: should not use this capacity value 4520
06-05 18:22:28.995  6316 16714 I BatteryChargeTimeHelper: Use default time,  0.45 3h2m32s307ms
06-05 18:22:28.996  6316  6327 I tycenter.remot: Background young concurrent copying GC freed 26102(1730KB) AllocSpace objects, 6(632KB) LOS objects, 0% free, 14MB/14MB, paused 140us,2.830ms total 102.267ms
06-05 18:22:28.997  6316  6668 I BatteryChargeTimeHelper: Use default time,  0.45 3h2m32s307ms
06-05 18:22:29.000  6316  6668 I PowerUtils: Device name:alioth
06-05 18:22:29.001  6316  6668 W PowerUtils: should not use this capacity value 4520
06-05 18:22:29.003  3019  3019 I KeyguardIndicationInjector: handleChargeTextAnimation: false;powerPluggedIn=true
06-05 18:22:29.041  1850  2724 D ConnectivityService: Returning BLOCKED NetworkInfo to uid=10269
06-05 18:22:29.047  8162  8303 E u4native: [ERROR:frame_loader.cc(1377)] Detach, this:0x530b3820, IsLoadingMainFrame:1, document_loader_=0x530b7960, protect_provisional_loader_=0, detached_=0
06-05 18:22:29.064  8394  8394 V GraphicsEnvironment: ANGLE Developer option for 'com.google.android.apps.turbo' set to: 'default'
06-05 18:22:29.072  8394  8394 D OpenGLRenderer: JNI_OnLoad success
06-05 18:22:29.072  8394  8394 I MiuiForceDarkConfig: setConfig density:2.750000, mainRule:0, secondaryRule:0, tertiaryRule:0
06-05 18:22:29.076  8394  8394 D NetworkSecurityConfig: No Network Security Config specified, using platform default
06-05 18:22:29.076  8394  8394 D NetworkSecurityConfig: No Network Security Config specified, using platform default
06-05 18:22:29.115  5137  5137 I GsaVoiceInteractionSrv: #checkDspStatus
06-05 18:22:29.115  5137  5137 I GsaVoiceInteractionSrv: DSP available
06-05 18:22:29.128  1850  2634 I MiuiNetworkPolicy: updateUidState uid = 10184, uidState = 19
06-05 18:22:29.143  1850  2553 D MIUIInput: [MotionEvent] publisher action=0x4, 5137190, channel '613871d com.miui.securitycenter (server)'
06-05 18:22:29.143  1850  2553 D MIUIInput: [MotionEvent] publisher action=0x4, 5137190, channel 'ef6ede1 com.miui.securitycenter (server)'
06-05 18:22:29.143  1850  2553 D MIUIInput: [MotionEvent] publisher action=0x0, 5137190, channel '1b9faa8 com.blizzard.wtcg.hearthstone/com.blizzard.wtcg.hearthstone.HearthstoneActivity (server)'
06-05 18:22:29.145  7693  7693 I GameBoxTouchListener: onTouch: 	mAdded=false	isLeftShowfalse
06-05 18:22:29.146  7693  7693 I GameBoxTouchListener: onTouch: 	mAdded=false	isLeftShowtrue
06-05 18:22:29.215  7043  7250 W System.err: DEBUG: com.whatsapp.net.logging.a.a(WtLog.java:10) : Received Alert: Level 2 Description close_notify(0)
06-05 18:22:29.271  7043  8423 W System.err: INFO: com.whatsapp.net.logging.a.a(WtLog.java:10) : Start handshake.
06-05 18:22:29.342  7043  8423 W System.err: INFO: com.whatsapp.net.logging.a.a(WtLog.java:10) : Handshake complete : session_resumed false early_data_sent false early_data_accepted false client_cert_requested false time_ms 71
06-05 18:22:29.422  1850  2553 D MIUIInput: [MotionEvent] publisher action=0x1, 5137469, channel '1b9faa8 com.blizzard.wtcg.hearthstone/com.blizzard.wtcg.hearthstone.HearthstoneActivity (server)'
06-05 18:22:29.624  1850  2553 D MIUIInput: [MotionEvent] publisher action=0x4, 5137670, channel '613871d com.miui.securitycenter (server)'
06-05 18:22:29.624  1850  2553 D MIUIInput: [MotionEvent] publisher action=0x4, 5137670, channel 'ef6ede1 com.miui.securitycenter (server)'
06-05 18:22:29.624  1850  2553 D MIUIInput: [MotionEvent] publisher action=0x0, 5137670, channel '1b9faa8 com.blizzard.wtcg.hearthstone/com.blizzard.wtcg.hearthstone.HearthstoneActivity (server)'
06-05 18:22:29.625  7693  7693 I GameBoxTouchListener: onTouch: 	mAdded=false	isLeftShowfalse
06-05 18:22:29.625  7693  7693 I GameBoxTouchListener: onTouch: 	mAdded=false	isLeftShowtrue
06-05 18:22:29.705  1850  2553 D MIUIInput: [MotionEvent] publisher action=0x1, 5137752, channel '1b9faa8 com.blizzard.wtcg.hearthstone/com.blizzard.wtcg.hearthstone.HearthstoneActivity (server)'
06-05 18:22:29.917  1850  2553 D MIUIInput: [MotionEvent] publisher action=0x4, 5137964, channel '613871d com.miui.securitycenter (server)'
06-05 18:22:29.917  1850  2553 D MIUIInput: [MotionEvent] publisher action=0x4, 5137964, channel 'ef6ede1 com.miui.securitycenter (server)'
06-05 18:22:29.917  1850  2553 D MIUIInput: [MotionEvent] publisher action=0x0, 5137964, channel '1b9faa8 com.blizzard.wtcg.hearthstone/com.blizzard.wtcg.hearthstone.HearthstoneActivity (server)'
06-05 18:22:29.917  7693  7693 I GameBoxTouchListener: onTouch: 	mAdded=false	isLeftShowfalse
06-05 18:22:29.917  7693  7693 I GameBoxTouchListener: onTouch: 	mAdded=false	isLeftShowtrue
06-05 18:22:29.952  1850  2553 D MIUIInput: [MotionEvent] publisher action=0x1, 5137999, channel '1b9faa8 com.blizzard.wtcg.hearthstone/com.blizzard.wtcg.hearthstone.HearthstoneActivity (server)'
06-05 18:22:30.265  1850  2553 D MIUIInput: [MotionEvent] publisher action=0x4, 5138312, channel '613871d com.miui.securitycenter (server)'
06-05 18:22:30.266  1850  2553 D MIUIInput: [MotionEvent] publisher action=0x4, 5138312, channel 'ef6ede1 com.miui.securitycenter (server)'
06-05 18:22:30.266  1850  2553 D MIUIInput: [MotionEvent] publisher action=0x0, 5138312, channel '1b9faa8 com.blizzard.wtcg.hearthstone/com.blizzard.wtcg.hearthstone.HearthstoneActivity (server)'
06-05 18:22:30.266  7693  7693 I GameBoxTouchListener: onTouch: 	mAdded=false	isLeftShowfalse
06-05 18:22:30.266  7693  7693 I GameBoxTouchListener: onTouch: 	mAdded=false	isLeftShowtrue
06-05 18:22:30.331  1850  2553 D MIUIInput: [MotionEvent] publisher action=0x1, 5138378, channel '1b9faa8 com.blizzard.wtcg.hearthstone/com.blizzard.wtcg.hearthstone.HearthstoneActivity (server)'
06-05 18:22:30.603  1850  2553 D MIUIInput: [MotionEvent] publisher action=0x4, 5138650, channel '613871d com.miui.securitycenter (server)'
06-05 18:22:30.603  1850  2553 D MIUIInput: [MotionEvent] publisher action=0x4, 5138650, channel 'ef6ede1 com.miui.securitycenter (server)'
06-05 18:22:30.603  1850  2553 D MIUIInput: [MotionEvent] publisher action=0x0, 5138650, channel '1b9faa8 com.blizzard.wtcg.hearthstone/com.blizzard.wtcg.hearthstone.HearthstoneActivity (server)'
06-05 18:22:30.603  7693  7693 I GameBoxTouchListener: onTouch: 	mAdded=false	isLeftShowfalse
06-05 18:22:30.604  7693  7693 I GameBoxTouchListener: onTouch: 	mAdded=false	isLeftShowtrue
06-05 18:22:30.646  1850  2553 D MIUIInput: [MotionEvent] publisher action=0x1, 5138693, channel '1b9faa8 com.blizzard.wtcg.hearthstone/com.blizzard.wtcg.hearthstone.HearthstoneActivity (server)'
06-05 18:22:31.542  1850  2553 D MIUIInput: [MotionEvent] publisher action=0x4, 5139588, channel '613871d com.miui.securitycenter (server)'
06-05 18:22:31.542  1850  2553 D MIUIInput: [MotionEvent] publisher action=0x4, 5139588, channel 'ef6ede1 com.miui.securitycenter (server)'
06-05 18:22:31.542  1850  2553 D MIUIInput: [MotionEvent] publisher action=0x0, 5139588, channel '1b9faa8 com.blizzard.wtcg.hearthstone/com.blizzard.wtcg.hearthstone.HearthstoneActivity (server)'
06-05 18:22:31.542  7693  7693 I GameBoxTouchListener: onTouch: 	mAdded=false	isLeftShowfalse
06-05 18:22:31.542  7693  7693 I GameBoxTouchListener: onTouch: 	mAdded=false	isLeftShowtrue
06-05 18:22:31.603  1850  2553 D MIUIInput: [MotionEvent] publisher action=0x1, 5139650, channel '1b9faa8 com.blizzard.wtcg.hearthstone/com.blizzard.wtcg.hearthstone.HearthstoneActivity (server)'
06-05 18:22:31.819  7276  7276 W CrashSDKBkgdHan: type=1400 audit(0.0:5793): avc: denied { read } for name="loadavg" dev="proc" ino=4026532259 scontext=u:r:untrusted_app:s0:c13,c257,c512,c768 tcontext=u:object_r:proc_loadavg:s0 tclass=file permissive=0 app=com.lazada.android
06-05 18:22:31.963  1850  2553 D MIUIInput: [MotionEvent] publisher action=0x4, 5140010, channel '613871d com.miui.securitycenter (server)'
06-05 18:22:31.964  1850  2553 D MIUIInput: [MotionEvent] publisher action=0x4, 5140010, channel 'ef6ede1 com.miui.securitycenter (server)'
06-05 18:22:31.964  1850  2553 D MIUIInput: [MotionEvent] publisher action=0x0, 5140010, channel '1b9faa8 com.blizzard.wtcg.hearthstone/com.blizzard.wtcg.hearthstone.HearthstoneActivity (server)'
06-05 18:22:31.965  7693  7693 I GameBoxTouchListener: onTouch: 	mAdded=false	isLeftShowfalse
06-05 18:22:31.966  7693  7693 I GameBoxTouchListener: onTouch: 	mAdded=false	isLeftShowtrue
06-05 18:22:32.034  1850  2553 D MIUIInput: [MotionEvent] publisher action=0x1, 5140081, channel '1b9faa8 com.blizzard.wtcg.hearthstone/com.blizzard.wtcg.hearthstone.HearthstoneActivity (server)'
06-05 18:22:32.726  1850  2553 D MIUIInput: [MotionEvent] publisher action=0x4, 5140773, channel '613871d com.miui.securitycenter (server)'
06-05 18:22:32.726  1850  2553 D MIUIInput: [MotionEvent] publisher action=0x4, 5140773, channel 'ef6ede1 com.miui.securitycenter (server)'
06-05 18:22:32.726  1850  2553 D MIUIInput: [MotionEvent] publisher action=0x0, 5140773, channel '1b9faa8 com.blizzard.wtcg.hearthstone/com.blizzard.wtcg.hearthstone.HearthstoneActivity (server)'
06-05 18:22:32.726  7693  7693 I GameBoxTouchListener: onTouch: 	mAdded=false	isLeftShowfalse
06-05 18:22:32.726  7693  7693 I GameBoxTouchListener: onTouch: 	mAdded=false	isLeftShowtrue
06-05 18:22:33.312  1850  2553 D MIUIInput: [MotionEvent] publisher action=0x1, 5141359, channel '1b9faa8 com.blizzard.wtcg.hearthstone/com.blizzard.wtcg.hearthstone.HearthstoneActivity (server)'
06-05 18:22:33.513  1850  2553 D MIUIInput: [MotionEvent] publisher action=0x4, 5141560, channel '613871d com.miui.securitycenter (server)'
06-05 18:22:33.513  1850  2553 D MIUIInput: [MotionEvent] publisher action=0x4, 5141560, channel 'ef6ede1 com.miui.securitycenter (server)'
06-05 18:22:33.513  1850  2553 D MIUIInput: [MotionEvent] publisher action=0x0, 5141560, channel '1b9faa8 com.blizzard.wtcg.hearthstone/com.blizzard.wtcg.hearthstone.HearthstoneActivity (server)'
06-05 18:22:33.513  7693  7693 I GameBoxTouchListener: onTouch: 	mAdded=false	isLeftShowfalse
06-05 18:22:33.514  7693  7693 I GameBoxTouchListener: onTouch: 	mAdded=false	isLeftShowtrue
06-05 18:22:33.558  2999  3462 D MI_RIL_OEM_HOOK: onPkHookCommonMsg, msg_id = 65
06-05 18:22:33.558  2999  3462 D MI_RIL_OEM_HOOK: onGetHookMsgBytes, HOOK_HEAD_SIZE = 16, msg_len = 4
06-05 18:22:33.558  2999  3462 D MI_RIL_OEM_HOOK: onHookSendSync, phoneId = 0
06-05 18:22:33.559  2930  2930 D QcrilMsgTunnelIfaceManager: handleMessage what = 1
06-05 18:22:33.559  2930  2930 I QcrilOemhookMsgTunnel: [0]invokeOemRilRequestRaw: serial=2047 length=36
06-05 18:22:33.597  1793  2006 D XIAOMI_QCRIL: RIL[lib][xiaomi_extend_nvefs.c:52] xiaomi_qmi_result_map: xiaomi_qmi_result_map, old_result 0, new_result 0
06-05 18:22:33.598  2930  3267 I QcrilOemhookMsgTunnel: [0]processOemHookResponse serial no: 2047 error: 0length=16
06-05 18:22:33.598  2930  2930 D QcrilMsgTunnelIfaceManager: handleMessage what = 2
06-05 18:22:33.598  2999  3462 D QC_RIL_OEM_HOOK: sendOemRilRequestRaw returns value = 16
06-05 18:22:33.598  2999  3462 D ModemSarController_8250: type = 65, len = 4, value = 0
06-05 18:22:33.844  1850  2553 D MIUIInput: [MotionEvent] publisher action=0x1, 5141891, channel '1b9faa8 com.blizzard.wtcg.hearthstone/com.blizzard.wtcg.hearthstone.HearthstoneActivity (server)'
06-05 18:22:33.845  7784  7843 V HighwayApp: The address of obj is 0x23da  2101.WRK_UT_MODULE_TRACK.WRK_UT_MODULE_TRACK_WRK_JSSERVICE_RetryNetwork_Start
06-05 18:22:33.846  7784  7843 V HighwayApp: The address of obj delete invalid Event is 0x23da
06-05 18:22:34.015  1850  2553 D MIUIInput: [MotionEvent] publisher action=0x4, 5142062, channel '613871d com.miui.securitycenter (server)'
06-05 18:22:34.015  1850  2553 D MIUIInput: [MotionEvent] publisher action=0x4, 5142062, channel 'ef6ede1 com.miui.securitycenter (server)'
06-05 18:22:34.015  1850  2553 D MIUIInput: [MotionEvent] publisher action=0x0, 5142062, channel '1b9faa8 com.blizzard.wtcg.hearthstone/com.blizzard.wtcg.hearthstone.HearthstoneActivity (server)'
06-05 18:22:34.016  7693  7693 I GameBoxTouchListener: onTouch: 	mAdded=false	isLeftShowfalse
06-05 18:22:34.016  7693  7693 I GameBoxTouchListener: onTouch: 	mAdded=false	isLeftShowtrue
06-05 18:22:34.212  1850  2553 D MIUIInput: [MotionEvent] publisher action=0x1, 5142259, channel '1b9faa8 com.blizzard.wtcg.hearthstone/com.blizzard.wtcg.hearthstone.HearthstoneActivity (server)'
06-05 18:22:34.316  1850  2553 D MIUIInput: [MotionEvent] publisher action=0x4, 5142363, channel '613871d com.miui.securitycenter (server)'
06-05 18:22:34.317  1850  2553 D MIUIInput: [MotionEvent] publisher action=0x4, 5142363, channel 'ef6ede1 com.miui.securitycenter (server)'
06-05 18:22:34.317  1850  2553 D MIUIInput: [MotionEvent] publisher action=0x0, 5142363, channel '1b9faa8 com.blizzard.wtcg.hearthstone/com.blizzard.wtcg.hearthstone.HearthstoneActivity (server)'
06-05 18:22:34.317  7693  7693 I GameBoxTouchListener: onTouch: 	mAdded=false	isLeftShowfalse
06-05 18:22:34.317  7693  7693 I GameBoxTouchListener: onTouch: 	mAdded=false	isLeftShowtrue
06-05 18:22:35.062  1850  2553 D MIUIInput: [MotionEvent] publisher action=0x1, 5143109, channel '1b9faa8 com.blizzard.wtcg.hearthstone/com.blizzard.wtcg.hearthstone.HearthstoneActivity (server)'
06-05 18:22:36.004  1103  1103 I audioserver: setGameParameters keyvalue: xlog.volume.music.speaker=54
06-05 18:22:36.004   975  2575 D audio_hw_primary: adev_set_parameters: enter: xlog.volume.music.speaker=54
06-05 18:22:36.004   975  2575 V msm8974_platform: platform_set_parameters: enter: xlog.volume.music.speaker=54
06-05 18:22:36.004   975  2575 D audio_hw_hfp: hfp_set_parameters: enter
06-05 18:22:36.004   975  2575 D audio_hw_hfp: hfp_set_parameters: enter
06-05 18:22:36.004   975  2575 V a2dp_offload: end of a2dp setparam
06-05 18:22:36.004   975  2575 D audio_hw_cspl_cal: cirrus_cal_setparameters: enter 0xf3003600
06-05 18:22:36.004   975  2575 D audio_hw_extn: audio_extn_fm_set_parameters: Enter
06-05 18:22:36.004   975  2575 D audio_hw_hfp: hfp_set_parameters: enter
06-05 18:22:36.004   975  2575 V a2dp_offload: end of a2dp setparam
06-05 18:22:36.004   975  2575 D audio_hw_primary: adev_set_parameters: exit with code(0)
06-05 18:22:36.005  1103  1103 I audioserver: setGameParameters keyvalue: xlog.volume.music.speaker=54
06-05 18:22:36.005   975  2575 D audio_hw_primary: adev_set_parameters: enter: xlog.volume.music.speaker=54
06-05 18:22:36.005   975  2575 V msm8974_platform: platform_set_parameters: enter: xlog.volume.music.speaker=54
06-05 18:22:36.005   975  2575 D audio_hw_hfp: hfp_set_parameters: enter
06-05 18:22:36.005   975  2575 D audio_hw_hfp: hfp_set_parameters: enter
06-05 18:22:36.005   975  2575 V a2dp_offload: end of a2dp setparam
06-05 18:22:36.005   975  2575 D audio_hw_cspl_cal: cirrus_cal_setparameters: enter 0xf3003600
06-05 18:22:36.005   975  2575 D audio_hw_extn: audio_extn_fm_set_parameters: Enter
06-05 18:22:36.005   975  2575 D audio_hw_hfp: hfp_set_parameters: enter
06-05 18:22:36.005   975  2575 V a2dp_offload: end of a2dp setparam
06-05 18:22:36.005   975  2575 D audio_hw_primary: adev_set_parameters: exit with code(0)
06-05 18:22:36.041  7552  7931 D ThermalIECHandler: storeDataStyle: thermal_iec_monitor_persistence_data_style_iec_state; startIECTime: -1; IECScreenOffOverPeriodTime: -1
06-05 18:22:36.041  2999  2999 D DynamicService:  ACTION_BATTERY_CHANGED change,USB plug = 2
06-05 18:22:36.043  6316  6316 I BatteryInfoReceiver: ACTION_BATTERY_CHANGED
06-05 18:22:36.045  7552  7645 D PowerKeeper.Thermal: mBatteryTemperature: 42
06-05 18:22:36.046  7552  7857 D PowerCheckerService: onBatteryChanged, mBatteryLevel = 55, status = 2, level = 55, plug = 2, scale = 100
06-05 18:22:36.048  2992  2992 V DeviceStatisticsService: chargerType=2 batteryLevel=55 totalBatteryCapacity=4325500
06-05 18:22:36.048  2992  2992 D DeviceInfoHidlClient: isRadioOn()=true
06-05 18:22:36.048  2992  2992 I DeviceInfoHidlClient: isPowerInfoNeverSent=false batteryLevel=55 batteryLevelIndex=2 chargingMode=2 totalCapacity=4325500 powerSaveMode=false
06-05 18:22:36.333  7724  7951 I PlayCommon: [72] adlx.k(22): Preparing logs for uploading
06-05 18:22:36.340  7724  7951 I PlayCommon: [72] adlx.k(169): Connecting to server: https://play.googleapis.com/play/log?format=raw&proto_v2=true
06-05 18:22:36.682  1850  2553 D MIUIInput: [MotionEvent] publisher action=0x4, 5144729, channel '613871d com.miui.securitycenter (server)'
06-05 18:22:36.682  1850  2553 D MIUIInput: [MotionEvent] publisher action=0x4, 5144729, channel 'ef6ede1 com.miui.securitycenter (server)'
06-05 18:22:36.682  1850  2553 D MIUIInput: [MotionEvent] publisher action=0x0, 5144729, channel '1b9faa8 com.blizzard.wtcg.hearthstone/com.blizzard.wtcg.hearthstone.HearthstoneActivity (server)'
06-05 18:22:36.683  7693  7693 I GameBoxTouchListener: onTouch: 	mAdded=false	isLeftShowfalse
06-05 18:22:36.683  7693  7693 I GameBoxTouchListener: onTouch: 	mAdded=false	isLeftShowtrue
06-05 18:22:36.695  7724  7951 I PlayCommon: [72] adlx.k(202): Successfully uploaded logs.
06-05 18:22:36.772  1850  2553 D MIUIInput: [MotionEvent] publisher action=0x1, 5144819, channel '1b9faa8 com.blizzard.wtcg.hearthstone/com.blizzard.wtcg.hearthstone.HearthstoneActivity (server)'
06-05 18:22:36.972  1850  2553 D MIUIInput: [MotionEvent] publisher action=0x4, 5145019, channel '613871d com.miui.securitycenter (server)'
06-05 18:22:36.972  1850  2553 D MIUIInput: [MotionEvent] publisher action=0x4, 5145019, channel 'ef6ede1 com.miui.securitycenter (server)'
06-05 18:22:36.973  1850  2553 D MIUIInput: [MotionEvent] publisher action=0x0, 5145019, channel '1b9faa8 com.blizzard.wtcg.hearthstone/com.blizzard.wtcg.hearthstone.HearthstoneActivity (server)'
06-05 18:22:36.973  7693  7693 I GameBoxTouchListener: onTouch: 	mAdded=false	isLeftShowfalse
06-05 18:22:36.973  7693  7693 I GameBoxTouchListener: onTouch: 	mAdded=false	isLeftShowtrue
06-05 18:22:37.021  1850  2553 D MIUIInput: [MotionEvent] publisher action=0x1, 5145068, channel '1b9faa8 com.blizzard.wtcg.hearthstone/com.blizzard.wtcg.hearthstone.HearthstoneActivity (server)'
06-05 18:22:37.304  1850  2553 D MIUIInput: [MotionEvent] publisher action=0x4, 5145351, channel '613871d com.miui.securitycenter (server)'
06-05 18:22:37.305  1850  2553 D MIUIInput: [MotionEvent] publisher action=0x4, 5145351, channel 'ef6ede1 com.miui.securitycenter (server)'
06-05 18:22:37.305  1850  2553 D MIUIInput: [MotionEvent] publisher action=0x0, 5145351, channel '1b9faa8 com.blizzard.wtcg.hearthstone/com.blizzard.wtcg.hearthstone.HearthstoneActivity (server)'
06-05 18:22:37.305  7693  7693 I GameBoxTouchListener: onTouch: 	mAdded=false	isLeftShowfalse
06-05 18:22:37.305  7693  7693 I GameBoxTouchListener: onTouch: 	mAdded=false	isLeftShowtrue
06-05 18:22:37.353  1850  2553 D MIUIInput: [MotionEvent] publisher action=0x1, 5145400, channel '1b9faa8 com.blizzard.wtcg.hearthstone/com.blizzard.wtcg.hearthstone.HearthstoneActivity (server)'
06-05 18:22:37.958  7724  8340 I PlayCommon: [101] adlx.k(22): Preparing logs for uploading
06-05 18:22:37.961  7724  8340 W PlayCommon: [101] adlx.m(1): No account for auth token provided
06-05 18:22:37.962  7724  8340 I PlayCommon: [101] adlx.k(169): Connecting to server: https://play.googleapis.com/play/log?format=raw&proto_v2=true
06-05 18:22:38.069  7724  8340 I PlayCommon: [101] adlx.k(202): Successfully uploaded logs.
06-05 18:22:38.404  6316  6316 I BatteryInfoReceiver: ACTION_BATTERY_CHANGED
06-05 18:22:38.404  7552  7931 D ThermalIECHandler: storeDataStyle: thermal_iec_monitor_persistence_data_style_iec_state; startIECTime: -1; IECScreenOffOverPeriodTime: -1
06-05 18:22:38.404  2999  2999 D DynamicService:  ACTION_BATTERY_CHANGED change,USB plug = 2
06-05 18:22:38.409  2992  2992 V DeviceStatisticsService: chargerType=2 batteryLevel=55 totalBatteryCapacity=4325300
06-05 18:22:38.409  2992  2992 D DeviceInfoHidlClient: isRadioOn()=true
06-05 18:22:38.409  2992  2992 I DeviceInfoHidlClient: isPowerInfoNeverSent=false batteryLevel=55 batteryLevelIndex=2 chargingMode=2 totalCapacity=4325300 powerSaveMode=false
06-05 18:22:38.410  7552  7645 D PowerKeeper.Thermal: mBatteryTemperature: 42
06-05 18:22:38.410  7552  7857 D PowerCheckerService: onBatteryChanged, mBatteryLevel = 55, status = 2, level = 55, plug = 2, scale = 100
06-05 18:22:38.599  2999  3462 D MI_RIL_OEM_HOOK: onPkHookCommonMsg, msg_id = 65
06-05 18:22:38.599  2999  3462 D MI_RIL_OEM_HOOK: onGetHookMsgBytes, HOOK_HEAD_SIZE = 16, msg_len = 4
06-05 18:22:38.599  2999  3462 D MI_RIL_OEM_HOOK: onHookSendSync, phoneId = 0
06-05 18:22:38.599  2930  2930 D QcrilMsgTunnelIfaceManager: handleMessage what = 1
06-05 18:22:38.599  2930  2930 I QcrilOemhookMsgTunnel: [0]invokeOemRilRequestRaw: serial=2048 length=36
06-05 18:22:38.637  1793  2006 D XIAOMI_QCRIL: RIL[lib][xiaomi_extend_nvefs.c:52] xiaomi_qmi_result_map: xiaomi_qmi_result_map, old_result 0, new_result 0
06-05 18:22:38.638  2930  3267 I QcrilOemhookMsgTunnel: [0]processOemHookResponse serial no: 2048 error: 0length=16
06-05 18:22:38.638  2930  2930 D QcrilMsgTunnelIfaceManager: handleMessage what = 2
06-05 18:22:38.639  2999  3462 D QC_RIL_OEM_HOOK: sendOemRilRequestRaw returns value = 16
06-05 18:22:38.639  2999  3462 D ModemSarController_8250: type = 65, len = 4, value = 0
06-05 18:22:38.855  7552  7552 W PowerCheckerSer: type=1400 audit(0.0:5794): avc: denied { read } for name="stats" dev="sysfs" ino=64284 scontext=u:r:system_app:s0 tcontext=u:object_r:sysfs_ro:s0 tclass=file permissive=0
06-05 18:22:39.863   689  8427 I keystore2: keystore2::watchdog: Watchdog thread idle -> terminating. Have a great day.
06-05 18:22:40.335  6986  7024 E TestRunner: failed: clicking_grid_list_button_displays_grid_list(com.example.dogglers.ButtonTests)
06-05 18:22:40.335  6986  7024 E TestRunner: ----- begin exception -----
06-05 18:22:40.336  6986  7024 E TestRunner: java.lang.AssertionError: Activity never becomes requested state "[RESUMED, STARTED, CREATED, DESTROYED]" (last lifecycle transition = "PRE_ON_CREATE")
06-05 18:22:40.336  6986  7024 E TestRunner: 	at androidx.test.core.app.ActivityScenario.waitForActivityToBecomeAnyOf(ActivityScenario.java:338)
06-05 18:22:40.336  6986  7024 E TestRunner: 	at androidx.test.core.app.ActivityScenario.launchInternal(ActivityScenario.java:272)
06-05 18:22:40.336  6986  7024 E TestRunner: 	at androidx.test.core.app.ActivityScenario.launch(ActivityScenario.java:195)
06-05 18:22:40.336  6986  7024 E TestRunner: 	at androidx.test.ext.junit.rules.ActivityScenarioRule.lambda$new$0$ActivityScenarioRule(ActivityScenarioRule.java:70)
06-05 18:22:40.336  6986  7024 E TestRunner: 	at androidx.test.ext.junit.rules.ActivityScenarioRule$$Lambda$0.get(ActivityScenarioRule.java:70)
06-05 18:22:40.336  6986  7024 E TestRunner: 	at androidx.test.ext.junit.rules.ActivityScenarioRule.before(ActivityScenarioRule.java:103)
06-05 18:22:40.336  6986  7024 E TestRunner: 	at org.junit.rules.ExternalResource$1.evaluate(ExternalResource.java:46)
06-05 18:22:40.336  6986  7024 E TestRunner: 	at org.junit.rules.RunRules.evaluate(RunRules.java:20)
06-05 18:22:40.336  6986  7024 E TestRunner: 	at org.junit.runners.ParentRunner.runLeaf(ParentRunner.java:325)
06-05 18:22:40.336  6986  7024 E TestRunner: 	at org.junit.runners.BlockJUnit4ClassRunner.runChild(BlockJUnit4ClassRunner.java:78)
06-05 18:22:40.336  6986  7024 E TestRunner: 	at org.junit.runners.BlockJUnit4ClassRunner.runChild(BlockJUnit4ClassRunner.java:57)
06-05 18:22:40.336  6986  7024 E TestRunner: 	at org.junit.runners.ParentRunner$3.run(ParentRunner.java:290)
06-05 18:22:40.336  6986  7024 E TestRunner: 	at org.junit.runners.ParentRunner$1.schedule(ParentRunner.java:71)
06-05 18:22:40.336  6986  7024 E TestRunner: 	at org.junit.runners.ParentRunner.runChildren(ParentRunner.java:288)
06-05 18:22:40.336  6986  7024 E TestRunner: 	at org.junit.runners.ParentRunner.access$000(ParentRunner.java:58)
06-05 18:22:40.336  6986  7024 E TestRunner: 	at org.junit.runners.ParentRunner$2.evaluate(ParentRunner.java:268)
06-05 18:22:40.336  6986  7024 E TestRunner: 	at org.junit.runners.ParentRunner.run(ParentRunner.java:363)
06-05 18:22:40.336  6986  7024 E TestRunner: 	at androidx.test.ext.junit.runners.AndroidJUnit4.run(AndroidJUnit4.java:162)
06-05 18:22:40.336  6986  7024 E TestRunner: 	at org.junit.runners.Suite.runChild(Suite.java:128)
06-05 18:22:40.336  6986  7024 E TestRunner: 	at org.junit.runners.Suite.runChild(Suite.java:27)
06-05 18:22:40.336  6986  7024 E TestRunner: 	at org.junit.runners.ParentRunner$3.run(ParentRunner.java:290)
06-05 18:22:40.336  6986  7024 E TestRunner: 	at org.junit.runners.ParentRunner$1.schedule(ParentRunner.java:71)
06-05 18:22:40.336  6986  7024 E TestRunner: 	at org.junit.runners.ParentRunner.runChildren(ParentRunner.java:288)
06-05 18:22:40.336  6986  7024 E TestRunner: 	at org.junit.runners.ParentRunner.access$000(ParentRunner.java:58)
06-05 18:22:40.336  6986  7024 E TestRunner: 	at org.junit.runners.ParentRunner$2.evaluate(ParentRunner.java:268)
06-05 18:22:40.336  6986  7024 E TestRunner: 	at org.junit.runners.ParentRunner.run(ParentRunner.java:363)
06-05 18:22:40.336  6986  7024 E TestRunner: 	at org.junit.runner.JUnitCore.run(JUnitCore.java:137)
06-05 18:22:40.336  6986  7024 E TestRunner: 	at org.junit.runner.JUnitCore.run(JUnitCore.java:115)
06-05 18:22:40.336  6986  7024 E TestRunner: 	at androidx.test.internal.runner.TestExecutor.execute(TestExecutor.java:56)
06-05 18:22:40.336  6986  7024 E TestRunner: 	at androidx.test.runner.AndroidJUnitRunner.onStart(AndroidJUnitRunner.java:444)
06-05 18:22:40.336  6986  7024 E TestRunner: 	at android.app.Instrumentation$InstrumentationThread.run(Instrumentation.java:2248)
06-05 18:22:40.336  6986  7024 E TestRunner: ----- end exception -----
06-05 18:22:40.336  6986  7024 I TestRunner: finished: clicking_grid_list_button_displays_grid_list(com.example.dogglers.ButtonTests)
