06-05 18:28:19.904  1582 11338 I OMX-VDEC-1080P: set_frame_rate: the current time is 182819
06-05 18:28:19.909  6316  6316 I BatteryInfoReceiver: ACTION_BATTERY_CHANGED
06-05 18:28:19.911  7552  7931 D ThermalIECHandler: storeDataStyle: thermal_iec_monitor_persistence_data_style_iec_state; startIECTime: -1; IECScreenOffOverPeriodTime: -1
06-05 18:28:19.911  2999  2999 D DynamicService:  ACTION_BATTERY_CHANGED change,USB plug = 2
06-05 18:28:19.913  2992  2992 V DeviceStatisticsService: chargerType=2 batteryLevel=56 totalBatteryCapacity=4255000
06-05 18:28:19.913  2992  2992 D DeviceInfoHidlClient: isRadioOn()=true
06-05 18:28:19.913  2992  2992 I DeviceInfoHidlClient: isPowerInfoNeverSent=false batteryLevel=56 batteryLevelIndex=2 chargingMode=2 totalCapacity=4255000 powerSaveMode=false
06-05 18:28:19.914  7552  7645 D PowerKeeper.Thermal: mBatteryTemperature: 40
06-05 18:28:19.914  7552  7857 D PowerCheckerService: onBatteryChanged, mBatteryLevel = 56, status = 2, level = 56, plug = 2, scale = 100
06-05 18:28:19.939  1582 11338 I OMX-VDEC-1080P: set_frame_rate: the current time is 182819
06-05 18:28:19.972  1582 11338 I OMX-VDEC-1080P: set_frame_rate: the current time is 182819
06-05 18:28:20.005  1582 11338 I OMX-VDEC-1080P: set_frame_rate: the current time is 182820
06-05 18:28:20.039  1582 11338 I OMX-VDEC-1080P: set_frame_rate: the current time is 182820
06-05 18:28:20.072  1582 11338 I OMX-VDEC-1080P: set_frame_rate: the current time is 182820
06-05 18:28:20.105  1582 11338 I OMX-VDEC-1080P: set_frame_rate: the current time is 182820
06-05 18:28:20.141  1582 11338 I OMX-VDEC-1080P: set_frame_rate: the current time is 182820
06-05 18:28:20.171  1582 11338 I OMX-VDEC-1080P: set_frame_rate: the current time is 182820
06-05 18:28:20.206  1582 11338 I OMX-VDEC-1080P: set_frame_rate: the current time is 182820
06-05 18:28:20.240  1582 11338 I OMX-VDEC-1080P: set_frame_rate: the current time is 182820
06-05 18:28:20.272  1582 11338 I OMX-VDEC-1080P: set_frame_rate: the current time is 182820
06-05 18:28:20.306  1582 11338 I OMX-VDEC-1080P: set_frame_rate: the current time is 182820
06-05 18:28:20.339  1582 11338 I OMX-VDEC-1080P: set_frame_rate: the current time is 182820
06-05 18:28:20.372  1582 11338 I OMX-VDEC-1080P: set_frame_rate: the current time is 182820
06-05 18:28:20.408  1582 11338 I OMX-VDEC-1080P: set_frame_rate: the current time is 182820
06-05 18:28:20.440  1582 11338 I OMX-VDEC-1080P: set_frame_rate: the current time is 182820
06-05 18:28:20.446  1850  2553 D MIUIInput: [MotionEvent] publisher action=0x4, 5488493, channel 'c058ab6 com.miui.securitycenter (server)'
06-05 18:28:20.446  1850  2553 D MIUIInput: [MotionEvent] publisher action=0x0, 5488493, channel 'f66205e com.ss.android.ugc.trill/com.ss.android.ugc.aweme.splash.SplashActivity (server)'
06-05 18:28:20.448  7693  7693 I GameBoxTouchListener: onTouch: 	mAdded=false	isLeftShowtrue
06-05 18:28:20.471  1582 11338 I OMX-VDEC-1080P: set_frame_rate: the current time is 182820
06-05 18:28:20.507  1582 11338 I OMX-VDEC-1080P: set_frame_rate: the current time is 182820
06-05 18:28:20.509  1850  2553 D MIUIInput: [MotionEvent] publisher action=0x1, 5488555, channel 'f66205e com.ss.android.ugc.trill/com.ss.android.ugc.aweme.splash.SplashActivity (server)'
06-05 18:28:20.540  1582 11338 I OMX-VDEC-1080P: set_frame_rate: the current time is 182820
06-05 18:28:20.573  1582 11338 I OMX-VDEC-1080P: set_frame_rate: the current time is 182820
06-05 18:28:20.585 18541 18541 W InputMethodManager: Ignoring showSoftInput() as view=com.ss.android.ugc.aweme.views.mention.MentionEditText{295ce92 VFED..CL. .F....I. 0,0-0,0 #7f0a065f app:id/akz} is not served.
06-05 18:28:20.599 18541 18541 W droid.ugc.trill: type=1400 audit(0.0:6050): avc: denied { read } for name="u:object_r:qemu_hw_prop:s0" dev="tmpfs" ino=11971 scontext=u:r:untrusted_app:s0:c127,c257,c512,c768 tcontext=u:object_r:qemu_hw_prop:s0 tclass=file permissive=0 app=com.ss.android.ugc.trill
06-05 18:28:20.604 18541 18541 W libc    : Access denied finding property "qemu.hw.mainkeys"
06-05 18:28:20.604  1113  1113 D CompositionEngine: writeOutputDependentGeometryStateToHWC layer[com.ss.android.ugc.trill/com.ss.android.ugc.aweme.splash.SplashActivity#0] set Z 134217728 miFodLayer 0x8000000
06-05 18:28:20.604  1113  1113 D CompositionEngine: writeOutputDependentGeometryStateToHWC layer[com.miui.securitycenter/.FloatingWindow#0] set Z 134217729 miFodLayer 0x8000000
06-05 18:28:20.604  1113  1113 D CompositionEngine: writeOutputDependentGeometryStateToHWC layer[StatusBar#0] set Z 134217730 miFodLayer 0x8000000
06-05 18:28:20.604  1113  1113 D CompositionEngine: writeOutputDependentGeometryStateToHWC layer[RoundCornerTop#0] set Z 134217731 miFodLayer 0x8000000
06-05 18:28:20.604  1113  1113 D CompositionEngine: writeOutputDependentGeometryStateToHWC layer[RoundCornerBottom#0] set Z 134217732 miFodLayer 0x8000000
06-05 18:28:20.606  1582 11338 I OMX-VDEC-1080P: set_frame_rate: the current time is 182820
06-05 18:28:20.608 18541 18541 W libc    : Access denied finding property "qemu.hw.mainkeys"
06-05 18:28:20.607 18541 18541 W droid.ugc.trill: type=1400 audit(0.0:6051): avc: denied { read } for name="u:object_r:qemu_hw_prop:s0" dev="tmpfs" ino=11971 scontext=u:r:untrusted_app:s0:c127,c257,c512,c768 tcontext=u:object_r:qemu_hw_prop:s0 tclass=file permissive=0 app=com.ss.android.ugc.trill
06-05 18:28:20.620  1113  1113 D CompositionEngine: writeOutputDependentGeometryStateToHWC layer[com.ss.android.ugc.trill/com.ss.android.ugc.aweme.splash.SplashActivity#0] set Z 134217728 miFodLayer 0x8000000
06-05 18:28:20.620  1113  1113 D CompositionEngine: writeOutputDependentGeometryStateToHWC layer[com.miui.securitycenter/.FloatingWindow#0] set Z 134217729 miFodLayer 0x8000000
06-05 18:28:20.620  1113  1113 D CompositionEngine: writeOutputDependentGeometryStateToHWC layer[StatusBar#0] set Z 134217730 miFodLayer 0x8000000
06-05 18:28:20.620  1113  1113 D CompositionEngine: writeOutputDependentGeometryStateToHWC layer[RoundCornerTop#0] set Z 134217731 miFodLayer 0x8000000
06-05 18:28:20.620  1113  1113 D CompositionEngine: writeOutputDependentGeometryStateToHWC layer[RoundCornerBottom#0] set Z 134217732 miFodLayer 0x8000000
06-05 18:28:20.621 18541 18541 W libc    : Access denied finding property "qemu.hw.mainkeys"
06-05 18:28:20.621 18541 18541 W libc    : Access denied finding property "qemu.hw.mainkeys"
06-05 18:28:20.619 18541 18541 W droid.ugc.trill: type=1400 audit(0.0:6052): avc: denied { read } for name="u:object_r:qemu_hw_prop:s0" dev="tmpfs" ino=11971 scontext=u:r:untrusted_app:s0:c127,c257,c512,c768 tcontext=u:object_r:qemu_hw_prop:s0 tclass=file permissive=0 app=com.ss.android.ugc.trill
06-05 18:28:20.619 18541 18541 W droid.ugc.trill: type=1400 audit(0.0:6053): avc: denied { read } for name="u:object_r:qemu_hw_prop:s0" dev="tmpfs" ino=11971 scontext=u:r:untrusted_app:s0:c127,c257,c512,c768 tcontext=u:object_r:qemu_hw_prop:s0 tclass=file permissive=0 app=com.ss.android.ugc.trill
06-05 18:28:20.629  1034  1034 E vendor.qti.hardware.perf@2.2-service: Unknown params
06-05 18:28:20.630  1034  1034 I ANDR-PERF-LM: LMPerfGlue: perfmodule_submit_request() 132: perfmodule_submit_request()
06-05 18:28:20.630  1034  1034 I ANDR-PERF-LM: Core: getInstance() 84: LM getInstance
06-05 18:28:20.630  1034  1034 D ANDR-PERF-LM: Feature: lookup() 101: Feature Name = AppClassifier, total featuers = 3, featureFound = 1
06-05 18:28:20.630  1034  1034 D ANDR-PERF-LM: Feature: getData() 112: data.data = 0
06-05 18:28:20.630  1034  1034 I ANDR-PERF-LM: FeedbackAPI: getFeedback() 60: app:BufferTX - com.ss.android.ugc.trill feature:AppClassifier feedback = 0
06-05 18:28:20.637  1113  1113 D CompositionEngine: writeOutputDependentGeometryStateToHWC layer[com.ss.android.ugc.trill/com.ss.android.ugc.aweme.splash.SplashActivity#0] set Z 134217728 miFodLayer 0x8000000
06-05 18:28:20.637  1113  1113 D CompositionEngine: writeOutputDependentGeometryStateToHWC layer[com.miui.securitycenter/.FloatingWindow#0] set Z 134217729 miFodLayer 0x8000000
06-05 18:28:20.637  1113  1113 D CompositionEngine: writeOutputDependentGeometryStateToHWC layer[StatusBar#0] set Z 134217730 miFodLayer 0x8000000
06-05 18:28:20.637  1113  1113 D CompositionEngine: writeOutputDependentGeometryStateToHWC layer[RoundCornerTop#0] set Z 134217731 miFodLayer 0x8000000
06-05 18:28:20.637  1113  1113 D CompositionEngine: writeOutputDependentGeometryStateToHWC layer[RoundCornerBottom#0] set Z 134217732 miFodLayer 0x8000000
06-05 18:28:20.641  1582 11338 I OMX-VDEC-1080P: set_frame_rate: the current time is 182820
06-05 18:28:20.647  1034  1034 E vendor.qti.hardware.perf@2.2-service: Unknown params
06-05 18:28:20.647  1034  1034 I ANDR-PERF-LM: LMPerfGlue: perfmodule_submit_request() 132: perfmodule_submit_request()
06-05 18:28:20.647  1034  1034 I ANDR-PERF-LM: Core: getInstance() 84: LM getInstance
06-05 18:28:20.647  1034  1034 D ANDR-PERF-LM: Feature: lookup() 101: Feature Name = AppClassifier, total featuers = 3, featureFound = 1
06-05 18:28:20.648  1034  1034 D ANDR-PERF-LM: Feature: getData() 112: data.data = 0
06-05 18:28:20.648  1034  1034 I ANDR-PERF-LM: FeedbackAPI: getFeedback() 60: app:BufferTX - com.ss.android.ugc.trill feature:AppClassifier feedback = 0
06-05 18:28:20.654  1113  1113 D CompositionEngine: writeOutputDependentGeometryStateToHWC layer[com.ss.android.ugc.trill/com.ss.android.ugc.aweme.splash.SplashActivity#0] set Z 134217728 miFodLayer 0x8000000
06-05 18:28:20.654  1113  1113 D CompositionEngine: writeOutputDependentGeometryStateToHWC layer[com.ss.android.ugc.trill/com.ss.android.ugc.aweme.splash.SplashActivity#1] set Z 134217729 miFodLayer 0x8000000
06-05 18:28:20.654  1113  1113 D CompositionEngine: writeOutputDependentGeometryStateToHWC layer[com.miui.securitycenter/.FloatingWindow#0] set Z 134217730 miFodLayer 0x8000000
06-05 18:28:20.654  1113  1113 D CompositionEngine: writeOutputDependentGeometryStateToHWC layer[StatusBar#0] set Z 134217731 miFodLayer 0x8000000
06-05 18:28:20.654  1113  1113 D CompositionEngine: writeOutputDependentGeometryStateToHWC layer[RoundCornerTop#0] set Z 134217732 miFodLayer 0x8000000
06-05 18:28:20.654  1113  1113 D CompositionEngine: writeOutputDependentGeometryStateToHWC layer[RoundCornerBottom#0] set Z 134217733 miFodLayer 0x8000000
06-05 18:28:20.657  1034  1034 E vendor.qti.hardware.perf@2.2-service: Unknown params
06-05 18:28:20.657  1034  1034 I ANDR-PERF-LM: LMPerfGlue: perfmodule_submit_request() 132: perfmodule_submit_request()
06-05 18:28:20.657  1034  1034 I ANDR-PERF-LM: Core: getInstance() 84: LM getInstance
06-05 18:28:20.657  1034  1034 D ANDR-PERF-LM: Feature: lookup() 101: Feature Name = AppClassifier, total featuers = 3, featureFound = 1
06-05 18:28:20.658  1034  1034 D ANDR-PERF-LM: Feature: getData() 112: data.data = 0
06-05 18:28:20.658  1034  1034 I ANDR-PERF-LM: FeedbackAPI: getFeedback() 60: app:BufferTX - StatusBar feature:AppClassifier feedback = 0
06-05 18:28:20.671  1113  1113 D CompositionEngine: writeOutputDependentGeometryStateToHWC layer[com.ss.android.ugc.trill/com.ss.android.ugc.aweme.splash.SplashActivity#0] set Z 134217728 miFodLayer 0x8000000
06-05 18:28:20.671  1113  1113 D CompositionEngine: writeOutputDependentGeometryStateToHWC layer[com.ss.android.ugc.trill/com.ss.android.ugc.aweme.splash.SplashActivity#1] set Z 134217729 miFodLayer 0x8000000
06-05 18:28:20.671  1113  1113 D CompositionEngine: writeOutputDependentGeometryStateToHWC layer[com.miui.securitycenter/.FloatingWindow#0] set Z 134217730 miFodLayer 0x8000000
06-05 18:28:20.671  1113  1113 D CompositionEngine: writeOutputDependentGeometryStateToHWC layer[StatusBar#0] set Z 134217731 miFodLayer 0x8000000
06-05 18:28:20.671  1113  1113 D CompositionEngine: writeOutputDependentGeometryStateToHWC layer[RoundCornerTop#0] set Z 134217732 miFodLayer 0x8000000
06-05 18:28:20.671  1113  1113 D CompositionEngine: writeOutputDependentGeometryStateToHWC layer[RoundCornerBottom#0] set Z 134217733 miFodLayer 0x8000000
06-05 18:28:20.672  1582 11338 I OMX-VDEC-1080P: set_frame_rate: the current time is 182820
06-05 18:28:20.676  5042  5042 I GoogleInputMethodService: GoogleInputMethodService.onFinishInput():3204
06-05 18:28:20.676  7552  9688 D MirrorManager:  sendAcceptInput 1 0
06-05 18:28:20.677  5042  5042 I GoogleInputMethodService: GoogleInputMethodService.updateDeviceLockedStatus():2100 checkRepeatedly = false, unlocked = true
06-05 18:28:20.677  5042  5042 I GoogleInputMethodService: GoogleInputMethodService.onStartInput():1903 onStartInput(EditorInfo{inputType=0x20001(Normal) imeOptions=0x50000006 privateImeOptions=null actionName=DONE actionLabel=null actionId=0 initialSelStart=0 initialSelEnd=0 initialCapsMode=0x0 hintText=non-empty label=null packageName=com.ss.android.ugc.trill fieldId=2131363423 fieldName=null extras=null}, false)
06-05 18:28:20.677  5042  5042 I GoogleInputMethodService: GoogleInputMethodService.updateDeviceLockedStatus():2100 checkRepeatedly = true, unlocked = true
06-05 18:28:20.683  5042  5042 I GoogleInputMethodService: GoogleInputMethodService.onCreateInputView():1794 onCreateInputView()
06-05 18:28:20.687  1113  1113 D CompositionEngine: writeOutputDependentGeometryStateToHWC layer[com.ss.android.ugc.trill/com.ss.android.ugc.aweme.splash.SplashActivity#0] set Z 134217728 miFodLayer 0x8000000
06-05 18:28:20.687  1113  1113 D CompositionEngine: writeOutputDependentGeometryStateToHWC layer[com.ss.android.ugc.trill/com.ss.android.ugc.aweme.splash.SplashActivity#1] set Z 134217729 miFodLayer 0x8000000
06-05 18:28:20.687  1113  1113 D CompositionEngine: writeOutputDependentGeometryStateToHWC layer[com.miui.securitycenter/.FloatingWindow#0] set Z 134217730 miFodLayer 0x8000000
06-05 18:28:20.687  1113  1113 D CompositionEngine: writeOutputDependentGeometryStateToHWC layer[StatusBar#0] set Z 134217731 miFodLayer 0x8000000
06-05 18:28:20.687  1113  1113 D CompositionEngine: writeOutputDependentGeometryStateToHWC layer[RoundCornerTop#0] set Z 134217732 miFodLayer 0x8000000
06-05 18:28:20.687  1113  1113 D CompositionEngine: writeOutputDependentGeometryStateToHWC layer[RoundCornerBottom#0] set Z 134217733 miFodLayer 0x8000000
06-05 18:28:20.703  1113  1113 D CompositionEngine: writeOutputDependentGeometryStateToHWC layer[com.ss.android.ugc.trill/com.ss.android.ugc.aweme.splash.SplashActivity#0] set Z 134217728 miFodLayer 0x8000000
06-05 18:28:20.703  1113  1113 D CompositionEngine: writeOutputDependentGeometryStateToHWC layer[com.ss.android.ugc.trill/com.ss.android.ugc.aweme.splash.SplashActivity#1] set Z 134217729 miFodLayer 0x8000000
06-05 18:28:20.703  1113  1113 D CompositionEngine: writeOutputDependentGeometryStateToHWC layer[com.miui.securitycenter/.FloatingWindow#0] set Z 134217730 miFodLayer 0x8000000
06-05 18:28:20.703  1113  1113 D CompositionEngine: writeOutputDependentGeometryStateToHWC layer[StatusBar#0] set Z 134217731 miFodLayer 0x8000000
06-05 18:28:20.703  1113  1113 D CompositionEngine: writeOutputDependentGeometryStateToHWC layer[RoundCornerTop#0] set Z 134217732 miFodLayer 0x8000000
06-05 18:28:20.703  1113  1113 D CompositionEngine: writeOutputDependentGeometryStateToHWC layer[RoundCornerBottom#0] set Z 134217733 miFodLayer 0x8000000
06-05 18:28:20.706  1582 11338 I OMX-VDEC-1080P: set_frame_rate: the current time is 182820
06-05 18:28:20.719  1113  1113 D CompositionEngine: writeOutputDependentGeometryStateToHWC layer[com.ss.android.ugc.trill/com.ss.android.ugc.aweme.splash.SplashActivity#0] set Z 134217728 miFodLayer 0x8000000
06-05 18:28:20.719  1113  1113 D CompositionEngine: writeOutputDependentGeometryStateToHWC layer[com.ss.android.ugc.trill/com.ss.android.ugc.aweme.splash.SplashActivity#1] set Z 134217729 miFodLayer 0x8000000
06-05 18:28:20.719  1113  1113 D CompositionEngine: writeOutputDependentGeometryStateToHWC layer[com.miui.securitycenter/.FloatingWindow#0] set Z 134217730 miFodLayer 0x8000000
06-05 18:28:20.719  1113  1113 D CompositionEngine: writeOutputDependentGeometryStateToHWC layer[StatusBar#0] set Z 134217731 miFodLayer 0x8000000
06-05 18:28:20.719  1113  1113 D CompositionEngine: writeOutputDependentGeometryStateToHWC layer[RoundCornerTop#0] set Z 134217732 miFodLayer 0x8000000
06-05 18:28:20.719  1113  1113 D CompositionEngine: writeOutputDependentGeometryStateToHWC layer[RoundCornerBottom#0] set Z 134217733 miFodLayer 0x8000000
06-05 18:28:20.729  5042  5042 V RenderScript: User-backed allocation failed stride requirement, falling back to separate allocation
06-05 18:28:20.729  5042  5042 V RenderScript: User-backed allocation failed stride requirement, falling back to separate allocation
06-05 18:28:20.736  1113  1113 D CompositionEngine: writeOutputDependentGeometryStateToHWC layer[com.ss.android.ugc.trill/com.ss.android.ugc.aweme.splash.SplashActivity#0] set Z 134217728 miFodLayer 0x8000000
06-05 18:28:20.736  1113  1113 D CompositionEngine: writeOutputDependentGeometryStateToHWC layer[com.ss.android.ugc.trill/com.ss.android.ugc.aweme.splash.SplashActivity#1] set Z 134217729 miFodLayer 0x8000000
06-05 18:28:20.736  1113  1113 D CompositionEngine: writeOutputDependentGeometryStateToHWC layer[com.miui.securitycenter/.FloatingWindow#0] set Z 134217730 miFodLayer 0x8000000
06-05 18:28:20.736  1113  1113 D CompositionEngine: writeOutputDependentGeometryStateToHWC layer[StatusBar#0] set Z 134217731 miFodLayer 0x8000000
06-05 18:28:20.736  1113  1113 D CompositionEngine: writeOutputDependentGeometryStateToHWC layer[RoundCornerTop#0] set Z 134217732 miFodLayer 0x8000000
06-05 18:28:20.736  1113  1113 D CompositionEngine: writeOutputDependentGeometryStateToHWC layer[RoundCornerBottom#0] set Z 134217733 miFodLayer 0x8000000
06-05 18:28:20.739  5042  5042 I PropertyBackgroundImage: PropertyBackgroundImage.apply():38 Setting a background drawable. drawable:android.graphics.drawable.LayerDrawable@998008a, tag:.keyboard-background, visibility:8
06-05 18:28:20.741  1582 11338 I OMX-VDEC-1080P: set_frame_rate: the current time is 182820
06-05 18:28:20.746  5042  5042 I GoogleInputMethodService: GoogleInputMethodService.onStartInputView():2011 onStartInputView(EditorInfo{inputType=0x20001(Normal) imeOptions=0x50000006 privateImeOptions=null actionName=DONE actionLabel=null actionId=0 initialSelStart=0 initialSelEnd=0 initialCapsMode=0x0 hintText=non-empty label=null packageName=com.ss.android.ugc.trill fieldId=2131363423 fieldName=null extras=null}, false)
06-05 18:28:20.746  5042  5042 I GoogleInputMethodService: GoogleInputMethodService.updateDeviceLockedStatus():2100 checkRepeatedly = true, unlocked = true
06-05 18:28:20.752  1113  1113 D CompositionEngine: writeOutputDependentGeometryStateToHWC layer[com.ss.android.ugc.trill/com.ss.android.ugc.aweme.splash.SplashActivity#0] set Z 134217728 miFodLayer 0x8000000
06-05 18:28:20.752  1113  1113 D CompositionEngine: writeOutputDependentGeometryStateToHWC layer[com.ss.android.ugc.trill/com.ss.android.ugc.aweme.splash.SplashActivity#1] set Z 134217729 miFodLayer 0x8000000
06-05 18:28:20.752  1113  1113 D CompositionEngine: writeOutputDependentGeometryStateToHWC layer[com.miui.securitycenter/.FloatingWindow#0] set Z 134217730 miFodLayer 0x8000000
06-05 18:28:20.752  1113  1113 D CompositionEngine: writeOutputDependentGeometryStateToHWC layer[StatusBar#0] set Z 134217731 miFodLayer 0x8000000
06-05 18:28:20.752  1113  1113 D CompositionEngine: writeOutputDependentGeometryStateToHWC layer[RoundCornerTop#0] set Z 134217732 miFodLayer 0x8000000
06-05 18:28:20.752  1113  1113 D CompositionEngine: writeOutputDependentGeometryStateToHWC layer[RoundCornerBottom#0] set Z 134217733 miFodLayer 0x8000000
06-05 18:28:20.754  5042  5042 I KeyboardViewUtil: KeyboardViewUtil.getKeyboardHeightRatio():168 systemKeyboardHeightRatio:1.000000; userKeyboardHeightRatio:1.000000.
06-05 18:28:20.764  1850  2634 I MiuiNetworkPolicy: updateUidState uid = 10188, uidState = 3
06-05 18:28:20.766  5042  5065 I DeviceModeUtil: DeviceModeUtil.getDeviceMode():126 Get device mode phone by ui mode:1 and smallestScreenWidthDp:392
06-05 18:28:20.768  5042  5042 I LatinIme: LatinIme.<init>():334 Language = en-US
06-05 18:28:20.769  1113  1113 D CompositionEngine: writeOutputDependentGeometryStateToHWC layer[com.ss.android.ugc.trill/com.ss.android.ugc.aweme.splash.SplashActivity#0] set Z 134217728 miFodLayer 0x8000000
06-05 18:28:20.769  1113  1113 D CompositionEngine: writeOutputDependentGeometryStateToHWC layer[com.ss.android.ugc.trill/com.ss.android.ugc.aweme.splash.SplashActivity#1] set Z 134217729 miFodLayer 0x8000000
06-05 18:28:20.769  1113  1113 D CompositionEngine: writeOutputDependentGeometryStateToHWC layer[com.miui.securitycenter/.FloatingWindow#0] set Z 134217730 miFodLayer 0x8000000
06-05 18:28:20.769  1113  1113 D CompositionEngine: writeOutputDependentGeometryStateToHWC layer[StatusBar#0] set Z 134217731 miFodLayer 0x8000000
06-05 18:28:20.769  1113  1113 D CompositionEngine: writeOutputDependentGeometryStateToHWC layer[RoundCornerTop#0] set Z 134217732 miFodLayer 0x8000000
06-05 18:28:20.769  1113  1113 D CompositionEngine: writeOutputDependentGeometryStateToHWC layer[RoundCornerBottom#0] set Z 134217733 miFodLayer 0x8000000
06-05 18:28:20.771  5042  5042 I Delight5Facilitator: Delight5Facilitator.initializeForIme():780 initializeForIme() : Locale = [en_US], layout = qwerty
06-05 18:28:20.771  5042  5042 I AndroidIME: AbstractIme.onActivate():91 LatinIme.onActivate() : EditorInfo = inputType=0x20001(Normal) imeOptions=0x50000006 privateImeOptions=null actionName=DONE actionLabel=null actionId=0 initialSelStart=0 initialSelEnd=0 initialCapsMode=0x0 hintText=non-empty label=null packageName=com.ss.android.ugc.trill fieldId=2131363423 fieldName=null extras=null, IncognitoMode = false, DeviceLocked = false
06-05 18:28:20.772  1582 11338 I OMX-VDEC-1080P: set_frame_rate: the current time is 182820
06-05 18:28:20.785  1113  1113 D CompositionEngine: writeOutputDependentGeometryStateToHWC layer[com.ss.android.ugc.trill/com.ss.android.ugc.aweme.splash.SplashActivity#0] set Z 134217728 miFodLayer 0x8000000
06-05 18:28:20.785  1113  1113 D CompositionEngine: writeOutputDependentGeometryStateToHWC layer[com.ss.android.ugc.trill/com.ss.android.ugc.aweme.splash.SplashActivity#1] set Z 134217729 miFodLayer 0x8000000
06-05 18:28:20.785  1113  1113 D CompositionEngine: writeOutputDependentGeometryStateToHWC layer[com.miui.securitycenter/.FloatingWindow#0] set Z 134217730 miFodLayer 0x8000000
06-05 18:28:20.785  1113  1113 D CompositionEngine: writeOutputDependentGeometryStateToHWC layer[StatusBar#0] set Z 134217731 miFodLayer 0x8000000
06-05 18:28:20.785  1113  1113 D CompositionEngine: writeOutputDependentGeometryStateToHWC layer[RoundCornerTop#0] set Z 134217732 miFodLayer 0x8000000
06-05 18:28:20.785  1113  1113 D CompositionEngine: writeOutputDependentGeometryStateToHWC layer[RoundCornerBottom#0] set Z 134217733 miFodLayer 0x8000000
06-05 18:28:20.802  5042  5042 I VoiceInputManagerWrapper: VoiceInputManagerWrapper.cancelShutdown():55 cancelShutdown()
06-05 18:28:20.802  5042  5042 I VoiceInputManagerWrapper: VoiceInputManagerWrapper.syncLanguagePacks():67 syncLanguagePacks()
06-05 18:28:20.802  1113  1113 D CompositionEngine: writeOutputDependentGeometryStateToHWC layer[com.ss.android.ugc.trill/com.ss.android.ugc.aweme.splash.SplashActivity#0] set Z 134217728 miFodLayer 0x8000000
06-05 18:28:20.802  1113  1113 D CompositionEngine: writeOutputDependentGeometryStateToHWC layer[com.ss.android.ugc.trill/com.ss.android.ugc.aweme.splash.SplashActivity#1] set Z 134217729 miFodLayer 0x8000000
06-05 18:28:20.802  1113  1113 D CompositionEngine: writeOutputDependentGeometryStateToHWC layer[com.miui.securitycenter/.FloatingWindow#0] set Z 134217730 miFodLayer 0x8000000
06-05 18:28:20.802  1113  1113 D CompositionEngine: writeOutputDependentGeometryStateToHWC layer[StatusBar#0] set Z 134217731 miFodLayer 0x8000000
06-05 18:28:20.802  1113  1113 D CompositionEngine: writeOutputDependentGeometryStateToHWC layer[RoundCornerTop#0] set Z 134217732 miFodLayer 0x8000000
06-05 18:28:20.802  1113  1113 D CompositionEngine: writeOutputDependentGeometryStateToHWC layer[RoundCornerBottom#0] set Z 134217733 miFodLayer 0x8000000
06-05 18:28:20.803  5042 13215 I SpeechFactory: SpeechRecognitionFactory.maybeScheduleAutoPackDownloadForFallback():202 maybeScheduleAutoPackDownloadForFallback()
06-05 18:28:20.803  5042 13215 I FallbackOnDeviceRecognitionProvider: FallbackOnDeviceRecognitionProvider.maybeScheduleAutoPackDownload():196 maybeScheduleAutoPackDownload() for language tag en-US
06-05 18:28:20.803  5042 13215 I SpeechPackManager: SpeechPackManager.isPackAvailableToDownload():210 isPackAvailableToDownload() : LanguageTag = en-US : ManifestUrl = https://dl.google.com/android/voice/gboard/terse/superpacks-manifest-20210519.json
06-05 18:28:20.806  5042  5042 I LatinIme: LatinIme.updateEnableInlineSuggestionsOnDecoderSideFlags():1290 inline flag updated to:false
06-05 18:28:20.807  1582 11338 I OMX-VDEC-1080P: set_frame_rate: the current time is 182820
06-05 18:28:20.809  5042 11356 I FallbackOnDeviceRecognitionProvider: FallbackOnDeviceRecognitionProvider$1.onSuccess():204 auto download packs.
06-05 18:28:20.809  5042 11356 I SpeechPackManager: SpeechPackManager.syncPacks():314 syncPacks()
06-05 18:28:20.809  5042 11356 I SpeechPackManager: SpeechPackManager.registerManifest():440 registerManifest() : https://dl.google.com/android/voice/gboard/terse/superpacks-manifest-20210519.json
06-05 18:28:20.809  5042 11356 I SpeechPackManager: SpeechPackManager.lambda$registerManifest$4():447 registerManifest() : Reusing hash 1327534105
06-05 18:28:20.812  5042  5274 I SpeechPackSlicingStrategy: SpeechPackSlicingStrategy.getSlices():50 getSlices() : ForceUpdates = false : LanguageTags = [en-US]
06-05 18:28:20.812  5042  5274 I SpeechPackSlicingStrategy: SpeechPackSlicingStrategy.getSlices():64 getSlices(): slicing result: {slices=[{gboard-small-speech-packs:en-US-small-rnnt, W:C:*:*, bg}], last batch=true, sync metadata=false}
06-05 18:28:20.812  5042  5274 I SP      : Syncing gboard-small-speech-packs (1327534105) with slices: [{en-US-small-rnnt, W:C:*:*, bg}], metadata: false
06-05 18:28:20.818  1113  1113 D CompositionEngine: writeOutputDependentGeometryStateToHWC layer[com.ss.android.ugc.trill/com.ss.android.ugc.aweme.splash.SplashActivity#0] set Z 134217728 miFodLayer 0x8000000
06-05 18:28:20.818  1113  1113 D CompositionEngine: writeOutputDependentGeometryStateToHWC layer[com.ss.android.ugc.trill/com.ss.android.ugc.aweme.splash.SplashActivity#1] set Z 134217729 miFodLayer 0x8000000
06-05 18:28:20.818  1113  1113 D CompositionEngine: writeOutputDependentGeometryStateToHWC layer[com.miui.securitycenter/.FloatingWindow#0] set Z 134217730 miFodLayer 0x8000000
06-05 18:28:20.818  1113  1113 D CompositionEngine: writeOutputDependentGeometryStateToHWC layer[StatusBar#0] set Z 134217731 miFodLayer 0x8000000
06-05 18:28:20.818  1113  1113 D CompositionEngine: writeOutputDependentGeometryStateToHWC layer[RoundCornerTop#0] set Z 134217732 miFodLayer 0x8000000
06-05 18:28:20.818  1113  1113 D CompositionEngine: writeOutputDependentGeometryStateToHWC layer[RoundCornerBottom#0] set Z 134217733 miFodLayer 0x8000000
06-05 18:28:20.824  5042  5042 I KeyboardWrapper: KeyboardWrapper.consumeEvent():273 Skip consuming an event as current keyboard is deactivated (state=0, keyboard existence=false)
06-05 18:28:20.825  5042  5042 I KeyboardManager: KeyboardManager.requestKeyboard():146 Creating keyboard prime, imeId=ime_english_united_states, cacheKey=theme_border_top2dp_bottom4dp_stylesheet_noshadow_gsans_pillkey_silkpopup_phone
06-05 18:28:20.825  5042  5042 I DeviceModeUtil: DeviceModeUtil.getDeviceMode():126 Get device mode phone by ui mode:1 and smallestScreenWidthDp:392
06-05 18:28:20.826  5042  5042 I AndroidIME: KeyboardViewManager.updateKeyboardBackgroundFrameVisibility():353 Set background frame visibility. old:8, new:8
06-05 18:28:20.826  5042  5042 I NormalModeController: NormalModeController.getKeyboardBodyViewHolderPaddingBottom():111 currentPrimeKeyboardType:SOFT systemPaddingBottom:-1
06-05 18:28:20.826  5042  5042 I NormalModeController: NormalModeController.getKeyboardBodyViewHolderPaddingBottom():111 currentPrimeKeyboardType:SOFT systemPaddingBottom:-1
06-05 18:28:20.827  5042  5042 I AndroidIME: KeyboardViewManager.updateKeyboardBackgroundDrawableLevel():496 Set level to the background drawable: 10000
06-05 18:28:20.827  5042  5042 I AndroidIME: KeyboardViewManager.updateKeyboardBackgroundDrawableLevel():496 Set level to the background drawable: 10000
06-05 18:28:20.830  5042  5042 I VoiceImeExtension: VoiceImeExtension.shouldStartVoiceInputAutomatically():371 No private IME option set to start voice input.
06-05 18:28:20.835  1113  1113 D CompositionEngine: writeOutputDependentGeometryStateToHWC layer[com.ss.android.ugc.trill/com.ss.android.ugc.aweme.splash.SplashActivity#0] set Z 134217728 miFodLayer 0x8000000
06-05 18:28:20.835  1113  1113 D CompositionEngine: writeOutputDependentGeometryStateToHWC layer[com.ss.android.ugc.trill/com.ss.android.ugc.aweme.splash.SplashActivity#1] set Z 134217729 miFodLayer 0x8000000
06-05 18:28:20.835  1113  1113 D CompositionEngine: writeOutputDependentGeometryStateToHWC layer[com.miui.securitycenter/.FloatingWindow#0] set Z 134217730 miFodLayer 0x8000000
06-05 18:28:20.835  1113  1113 D CompositionEngine: writeOutputDependentGeometryStateToHWC layer[StatusBar#0] set Z 134217731 miFodLayer 0x8000000
06-05 18:28:20.835  1113  1113 D CompositionEngine: writeOutputDependentGeometryStateToHWC layer[RoundCornerTop#0] set Z 134217732 miFodLayer 0x8000000
06-05 18:28:20.835  1113  1113 D CompositionEngine: writeOutputDependentGeometryStateToHWC layer[RoundCornerBottom#0] set Z 134217733 miFodLayer 0x8000000
06-05 18:28:20.838  1582 11338 I OMX-VDEC-1080P: set_frame_rate: the current time is 182820
06-05 18:28:20.842  1850  5878 D SurfaceControl: nativeSetScreenProjection ===> setScreenProjection
06-05 18:28:20.851  5042  5274 I SP      : Sync for gboard-small-speech-packs succeeded in 42 ms: no changes
06-05 18:28:20.851  5042  5274 I SP      : GC for 'gboard-small-speech-packs' (10) with ttl of 0 ms took 0 ms (0/0/0)
06-05 18:28:20.851  1113  1113 D CompositionEngine: writeOutputDependentGeometryStateToHWC layer[com.ss.android.ugc.trill/com.ss.android.ugc.aweme.splash.SplashActivity#0] set Z 134217728 miFodLayer 0x8000000
06-05 18:28:20.851  1113  1113 D CompositionEngine: writeOutputDependentGeometryStateToHWC layer[com.ss.android.ugc.trill/com.ss.android.ugc.aweme.splash.SplashActivity#1] set Z 134217729 miFodLayer 0x8000000
06-05 18:28:20.851  1113  1113 D CompositionEngine: writeOutputDependentGeometryStateToHWC layer[com.miui.securitycenter/.FloatingWindow#0] set Z 134217730 miFodLayer 0x8000000
06-05 18:28:20.851  1113  1113 D CompositionEngine: writeOutputDependentGeometryStateToHWC layer[StatusBar#0] set Z 134217731 miFodLayer 0x8000000
06-05 18:28:20.851  1113  1113 D CompositionEngine: writeOutputDependentGeometryStateToHWC layer[RoundCornerTop#0] set Z 134217732 miFodLayer 0x8000000
06-05 18:28:20.851  1113  1113 D CompositionEngine: writeOutputDependentGeometryStateToHWC layer[RoundCornerBottom#0] set Z 134217733 miFodLayer 0x8000000
06-05 18:28:20.853  5042 11356 I SpeechPackManager: SpeechPackManager$3.onSuccess():426 updatePackSetCacheAsync() : Updated the PackSet cache
06-05 18:28:20.866  4385  4385 D BoundBrokerSvc: onBind: Intent { act=com.google.firebase.dynamiclinks.service.START pkg=com.google.android.gms }
06-05 18:28:20.866  4385  4385 D BoundBrokerSvc: Loading bound service for intent: Intent { act=com.google.firebase.dynamiclinks.service.START pkg=com.google.android.gms }
06-05 18:28:20.868  1113  1113 D CompositionEngine: writeOutputDependentGeometryStateToHWC layer[com.ss.android.ugc.trill/com.ss.android.ugc.aweme.splash.SplashActivity#0] set Z 134217728 miFodLayer 0x8000000
06-05 18:28:20.869  1113  1113 D CompositionEngine: writeOutputDependentGeometryStateToHWC layer[com.ss.android.ugc.trill/com.ss.android.ugc.aweme.splash.SplashActivity#1] set Z 134217729 miFodLayer 0x8000000
06-05 18:28:20.869  1113  1113 D CompositionEngine: writeOutputDependentGeometryStateToHWC layer[com.miui.securitycenter/.FloatingWindow#0] set Z 134217730 miFodLayer 0x8000000
06-05 18:28:20.869  1113  1113 D CompositionEngine: writeOutputDependentGeometryStateToHWC layer[StatusBar#0] set Z 134217731 miFodLayer 0x8000000
06-05 18:28:20.869  1113  1113 D CompositionEngine: writeOutputDependentGeometryStateToHWC layer[RoundCornerTop#0] set Z 134217732 miFodLayer 0x8000000
06-05 18:28:20.869  1113  1113 D CompositionEngine: writeOutputDependentGeometryStateToHWC layer[RoundCornerBottom#0] set Z 134217733 miFodLayer 0x8000000
06-05 18:28:20.872  1582 11338 I OMX-VDEC-1080P: set_frame_rate: the current time is 182820
06-05 18:28:20.885  1113  1113 D CompositionEngine: writeOutputDependentGeometryStateToHWC layer[com.ss.android.ugc.trill/com.ss.android.ugc.aweme.splash.SplashActivity#0] set Z 134217728 miFodLayer 0x8000000
06-05 18:28:20.885  1113  1113 D CompositionEngine: writeOutputDependentGeometryStateToHWC layer[com.ss.android.ugc.trill/com.ss.android.ugc.aweme.splash.SplashActivity#1] set Z 134217729 miFodLayer 0x8000000
06-05 18:28:20.885  1113  1113 D CompositionEngine: writeOutputDependentGeometryStateToHWC layer[com.miui.securitycenter/.FloatingWindow#0] set Z 134217730 miFodLayer 0x8000000
06-05 18:28:20.885  1113  1113 D CompositionEngine: writeOutputDependentGeometryStateToHWC layer[StatusBar#0] set Z 134217731 miFodLayer 0x8000000
06-05 18:28:20.885  1113  1113 D CompositionEngine: writeOutputDependentGeometryStateToHWC layer[RoundCornerTop#0] set Z 134217732 miFodLayer 0x8000000
06-05 18:28:20.885  1113  1113 D CompositionEngine: writeOutputDependentGeometryStateToHWC layer[RoundCornerBottom#0] set Z 134217733 miFodLayer 0x8000000
06-05 18:28:20.901  1113  1113 D CompositionEngine: writeOutputDependentGeometryStateToHWC layer[com.ss.android.ugc.trill/com.ss.android.ugc.aweme.splash.SplashActivity#0] set Z 134217728 miFodLayer 0x8000000
06-05 18:28:20.901  1113  1113 D CompositionEngine: writeOutputDependentGeometryStateToHWC layer[com.ss.android.ugc.trill/com.ss.android.ugc.aweme.splash.SplashActivity#1] set Z 134217729 miFodLayer 0x8000000
06-05 18:28:20.901  1113  1113 D CompositionEngine: writeOutputDependentGeometryStateToHWC layer[com.miui.securitycenter/.FloatingWindow#0] set Z 134217730 miFodLayer 0x8000000
06-05 18:28:20.901  1113  1113 D CompositionEngine: writeOutputDependentGeometryStateToHWC layer[StatusBar#0] set Z 134217731 miFodLayer 0x8000000
06-05 18:28:20.901  1113  1113 D CompositionEngine: writeOutputDependentGeometryStateToHWC layer[RoundCornerTop#0] set Z 134217732 miFodLayer 0x8000000
06-05 18:28:20.901  1113  1113 D CompositionEngine: writeOutputDependentGeometryStateToHWC layer[RoundCornerBottom#0] set Z 134217733 miFodLayer 0x8000000
06-05 18:28:20.905  1582 11338 I OMX-VDEC-1080P: set_frame_rate: the current time is 182820
06-05 18:28:20.915  5042  5042 I KeyboardViewHelper: KeyboardViewHelper.getView():166 Get view with height ratio:1.000000
06-05 18:28:20.939  1582 11338 I OMX-VDEC-1080P: set_frame_rate: the current time is 182820
06-05 18:28:20.951  5042  5042 I KeyboardViewUtil: KeyboardViewUtil.calculateMaxKeyboardBodyHeight():44 leave 344 height for app when screen height:2400, header height:121 and isFullscreenMode:false, so the max keyboard body height is:1935
06-05 18:28:20.951  5042  5042 I SoftKeyboardView: SoftKeyboardView.setMaxHeight():733 Set max keyboard height:1935.
06-05 18:28:20.955  5042  5042 I DeviceModeUtil: DeviceModeUtil.getDeviceMode():126 Get device mode phone by ui mode:1 and smallestScreenWidthDp:392
06-05 18:28:20.955  5042  5042 I DeviceModeUtil: DeviceModeUtil.getDeviceMode():126 Get device mode phone by ui mode:1 and smallestScreenWidthDp:392
06-05 18:28:20.956  5042  5042 I DeviceModeUtil: DeviceModeUtil.getDeviceMode():126 Get device mode phone by ui mode:1 and smallestScreenWidthDp:392
06-05 18:28:20.957  5042  5042 I DeviceModeUtil: DeviceModeUtil.getDeviceMode():126 Get device mode phone by ui mode:1 and smallestScreenWidthDp:392
06-05 18:28:20.957  5042  5042 I KeyboardViewUtil: KeyboardViewUtil.calculateMaxKeyboardBodyHeight():44 leave 344 height for app when screen height:2400, header height:121 and isFullscreenMode:false, so the max keyboard body height is:1935
06-05 18:28:20.957  5042  5042 I DeviceModeUtil: DeviceModeUtil.getDeviceMode():126 Get device mode phone by ui mode:1 and smallestScreenWidthDp:392
06-05 18:28:20.967  5042  5042 I AndroidIME: KeyboardViewManager.updateKeyboardBackgroundFrameVisibility():353 Set background frame visibility. old:8, new:0
06-05 18:28:20.967  5042  5042 W View    : requestLayout() improperly called by com.google.android.libraries.inputmethod.widgets.ShrinkableFrameView{8a83700 V.E...... ......I. 0,0-0,0 #7f0b040f app:id/0_resource_name_obfuscated} during layout: running second layout pass
06-05 18:28:20.968  5042  5042 D SurfaceView: UPDATE null, mIsCastMode = false
06-05 18:28:20.969  5042  5042 I ScaleBitmapDrawable: ScaleBitmapDrawable.draw():255 drawable:ejy@a619b39, level:10000, drawingMatrix:[2.7382812, 0.0, 0.0][0.0, 2.7382812, 0.0][0.0, 0.0, 1.0]
06-05 18:28:20.969  5042  5042 I ScaleBitmapDrawable: ScaleBitmapDrawable.draw():255 drawable:ejy@ff0a57e, level:10000, drawingMatrix:[1.3691406, 0.0, 0.0][0.0, 1.3691406, 0.0][0.0, 0.0, 1.0]
06-05 18:28:20.973  1582 11338 I OMX-VDEC-1080P: set_frame_rate: the current time is 182820
06-05 18:28:20.981  1034  1034 E vendor.qti.hardware.perf@2.2-service: Unknown params
06-05 18:28:20.981  1034  1034 I ANDR-PERF-LM: LMPerfGlue: perfmodule_submit_request() 132: perfmodule_submit_request()
06-05 18:28:20.981  1034  1034 I ANDR-PERF-LM: Core: getInstance() 84: LM getInstance
06-05 18:28:20.981  1034  1034 D ANDR-PERF-LM: Feature: lookup() 101: Feature Name = AppClassifier, total featuers = 3, featureFound = 1
06-05 18:28:20.981  1034  1034 D ANDR-PERF-LM: Feature: getData() 112: data.data = 0
06-05 18:28:20.981  1034  1034 I ANDR-PERF-LM: FeedbackAPI: getFeedback() 60: app:BufferTX - InputMethod feature:AppClassifier feedback = 0
06-05 18:28:20.984  1113  1113 D CompositionEngine: writeOutputDependentGeometryStateToHWC layer[com.ss.android.ugc.trill/com.ss.android.ugc.aweme.splash.SplashActivity#0] set Z 134217728 miFodLayer 0x8000000
06-05 18:28:20.984  1113  1113 D CompositionEngine: writeOutputDependentGeometryStateToHWC layer[com.ss.android.ugc.trill/com.ss.android.ugc.aweme.splash.SplashActivity#1] set Z 134217729 miFodLayer 0x8000000
06-05 18:28:20.984  1113  1113 D CompositionEngine: writeOutputDependentGeometryStateToHWC layer[com.miui.securitycenter/.FloatingWindow#0] set Z 134217730 miFodLayer 0x8000000
06-05 18:28:20.984  1113  1113 D CompositionEngine: writeOutputDependentGeometryStateToHWC layer[StatusBar#0] set Z 134217731 miFodLayer 0x8000000
06-05 18:28:20.984  1113  1113 D CompositionEngine: writeOutputDependentGeometryStateToHWC layer[RoundCornerTop#0] set Z 134217732 miFodLayer 0x8000000
06-05 18:28:20.984  1113  1113 D CompositionEngine: writeOutputDependentGeometryStateToHWC layer[RoundCornerBottom#0] set Z 134217733 miFodLayer 0x8000000
06-05 18:28:20.985 18541 18541 D InsetsController: show(ime(), fromIme=true)
06-05 18:28:20.986  5042  5042 I NormalModeController: NormalModeController.getKeyboardBodyViewHolderPaddingBottom():111 currentPrimeKeyboardType:SOFT systemPaddingBottom:-1
06-05 18:28:20.987  5042  6529 I Delight5Decoder: Delight5DecoderWrapper.setKeyboardLayout():433 setKeyboardLayout()
06-05 18:28:20.997  5042  6529 I Delight5Decoder: Delight5DecoderWrapper.setKeyboardLayout():433 setKeyboardLayout()
06-05 18:28:20.997  5042  5042 I AndroidIME: KeyboardViewManager.updateKeyboardBodyViewHolderPaddingBottom():584 Set finalPaddingBottom = 0 while keyboardBottomGapFromScreen = 0; navigationHeight = 0
06-05 18:28:20.997  5042  5042 I AndroidIME: KeyboardViewManager.saveKeyboardBottomGap():278 realScreenHeight: 0 screenHeightInInches: 6.091371
06-05 18:28:20.997  5042  5042 I AndroidIME: keyboardHolderHeight: 701 navigationHeight: 0
06-05 18:28:20.997  5042  5042 I AndroidIME: getKeyboardBodyViewHolderPaddingBottom(): 0 getKeyboardBottomGapFromScreen(): 0
06-05 18:28:20.997  5042  5042 I AndroidIME: keyboardBottomGap: 0 bodyViewHolderBottomPadding: 0
06-05 18:28:20.997  5042  5042 I AndroidIME: decorViewStableInsetBottom: 0 updated: false
06-05 18:28:20.995 18541 18541 W droid.ugc.trill: type=1400 audit(0.0:6054): avc: denied { read } for name="u:object_r:qemu_hw_prop:s0" dev="tmpfs" ino=11971 scontext=u:r:untrusted_app:s0:c127,c257,c512,c768 tcontext=u:object_r:qemu_hw_prop:s0 tclass=file permissive=0 app=com.ss.android.ugc.trill
06-05 18:28:21.000 18541 18541 W libc    : Access denied finding property "qemu.hw.mainkeys"
06-05 18:28:21.000  1113  1113 D CompositionEngine: writeOutputDependentGeometryStateToHWC layer[com.ss.android.ugc.trill/com.ss.android.ugc.aweme.splash.SplashActivity#0] set Z 134217728 miFodLayer 0x8000000
06-05 18:28:21.000  1113  1113 D CompositionEngine: writeOutputDependentGeometryStateToHWC layer[com.ss.android.ugc.trill/com.ss.android.ugc.aweme.splash.SplashActivity#1] set Z 134217729 miFodLayer 0x8000000
06-05 18:28:21.000  1113  1113 D CompositionEngine: writeOutputDependentGeometryStateToHWC layer[com.miui.securitycenter/.FloatingWindow#0] set Z 134217730 miFodLayer 0x8000000
06-05 18:28:21.000  1113  1113 D CompositionEngine: writeOutputDependentGeometryStateToHWC layer[StatusBar#0] set Z 134217731 miFodLayer 0x8000000
06-05 18:28:21.000  1113  1113 D CompositionEngine: writeOutputDependentGeometryStateToHWC layer[RoundCornerTop#0] set Z 134217732 miFodLayer 0x8000000
06-05 18:28:21.000  1113  1113 D CompositionEngine: writeOutputDependentGeometryStateToHWC layer[RoundCornerBottom#0] set Z 134217733 miFodLayer 0x8000000
06-05 18:28:21.001 18541 18541 W libc    : Access denied finding property "qemu.hw.mainkeys"
06-05 18:28:21.005  1582 11338 I OMX-VDEC-1080P: set_frame_rate: the current time is 182821
06-05 18:28:21.011 18541 18541 V TextView: sendCursorInfo support:false
06-05 18:28:21.017  1113  1113 D CompositionEngine: writeOutputDependentGeometryStateToHWC layer[com.ss.android.ugc.trill/com.ss.android.ugc.aweme.splash.SplashActivity#0] set Z 134217728 miFodLayer 0x8000000
06-05 18:28:21.017  1113  1113 D CompositionEngine: writeOutputDependentGeometryStateToHWC layer[com.ss.android.ugc.trill/com.ss.android.ugc.aweme.splash.SplashActivity#1] set Z 134217729 miFodLayer 0x8000000
06-05 18:28:21.017  1113  1113 D CompositionEngine: writeOutputDependentGeometryStateToHWC layer[com.miui.securitycenter/.FloatingWindow#0] set Z 134217730 miFodLayer 0x8000000
06-05 18:28:21.017  1113  1113 D CompositionEngine: writeOutputDependentGeometryStateToHWC layer[StatusBar#0] set Z 134217731 miFodLayer 0x8000000
06-05 18:28:21.017  1113  1113 D CompositionEngine: writeOutputDependentGeometryStateToHWC layer[RoundCornerTop#0] set Z 134217732 miFodLayer 0x8000000
06-05 18:28:21.017  1113  1113 D CompositionEngine: writeOutputDependentGeometryStateToHWC layer[RoundCornerBottom#0] set Z 134217733 miFodLayer 0x8000000
06-05 18:28:21.021  4385  4385 D BoundBrokerSvc: onBind: Intent { act=com.google.android.gms.common.BIND_SHARED_PREFS pkg=com.google.android.gms }
06-05 18:28:21.021  4385  4385 D BoundBrokerSvc: Loading bound service for intent: Intent { act=com.google.android.gms.common.BIND_SHARED_PREFS pkg=com.google.android.gms }
06-05 18:28:21.023 18541 18541 W libc    : Access denied finding property "qemu.hw.mainkeys"
06-05 18:28:21.024 18541 18541 W libc    : Access denied finding property "qemu.hw.mainkeys"
06-05 18:28:21.024  5042  5042 W TooltipLifecycleManager: TooltipLifecycleManager.dismissTooltips():159 Tooltip with id spell_check_add_to_dictionary not found in tooltipManager.
06-05 18:28:21.027 18541 18541 W libc    : Access denied finding property "qemu.hw.mainkeys"
06-05 18:28:21.027 18541 18541 W libc    : Access denied finding property "qemu.hw.mainkeys"
06-05 18:28:21.034  1113  1113 D CompositionEngine: writeOutputDependentGeometryStateToHWC layer[com.ss.android.ugc.trill/com.ss.android.ugc.aweme.splash.SplashActivity#0] set Z 134217728 miFodLayer 0x8000000
06-05 18:28:21.034  1113  1113 D CompositionEngine: writeOutputDependentGeometryStateToHWC layer[com.ss.android.ugc.trill/com.ss.android.ugc.aweme.splash.SplashActivity#1] set Z 134217729 miFodLayer 0x8000000
06-05 18:28:21.034  1113  1113 D CompositionEngine: writeOutputDependentGeometryStateToHWC layer[InputMethod#0] set Z 134217730 miFodLayer 0x8000000
06-05 18:28:21.034  1113  1113 D CompositionEngine: writeOutputDependentGeometryStateToHWC layer[com.miui.securitycenter/.FloatingWindow#0] set Z 134217731 miFodLayer 0x8000000
06-05 18:28:21.034  1113  1113 D CompositionEngine: writeOutputDependentGeometryStateToHWC layer[StatusBar#0] set Z 134217732 miFodLayer 0x8000000
06-05 18:28:21.034  1113  1113 D CompositionEngine: writeOutputDependentGeometryStateToHWC layer[RoundCornerTop#0] set Z 134217733 miFodLayer 0x8000000
06-05 18:28:21.034  1113  1113 D CompositionEngine: writeOutputDependentGeometryStateToHWC layer[RoundCornerBottom#0] set Z 134217734 miFodLayer 0x8000000
06-05 18:28:21.035  4385  4385 D BoundBrokerSvc: onUnbind: Intent { act=com.google.android.gms.common.BIND_SHARED_PREFS pkg=com.google.android.gms }
06-05 18:28:21.040  1582 11338 I OMX-VDEC-1080P: set_frame_rate: the current time is 182821
06-05 18:28:21.043  4385  4385 D BoundBrokerSvc: onBind: Intent { act=com.google.android.gms.common.BIND_SHARED_PREFS pkg=com.google.android.gms }
06-05 18:28:21.044  4385  4385 D BoundBrokerSvc: Loading bound service for intent: Intent { act=com.google.android.gms.common.BIND_SHARED_PREFS pkg=com.google.android.gms }
06-05 18:28:21.047  4385  4385 D BoundBrokerSvc: onUnbind: Intent { act=com.google.android.gms.common.BIND_SHARED_PREFS pkg=com.google.android.gms }
06-05 18:28:21.050  1113  1113 D CompositionEngine: writeOutputDependentGeometryStateToHWC layer[com.ss.android.ugc.trill/com.ss.android.ugc.aweme.splash.SplashActivity#0] set Z 134217728 miFodLayer 0x8000000
06-05 18:28:21.050  1113  1113 D CompositionEngine: writeOutputDependentGeometryStateToHWC layer[com.ss.android.ugc.trill/com.ss.android.ugc.aweme.splash.SplashActivity#1] set Z 134217729 miFodLayer 0x8000000
06-05 18:28:21.050  1113  1113 D CompositionEngine: writeOutputDependentGeometryStateToHWC layer[InputMethod#0] set Z 134217730 miFodLayer 0x8000000
06-05 18:28:21.050  1113  1113 D CompositionEngine: writeOutputDependentGeometryStateToHWC layer[com.miui.securitycenter/.FloatingWindow#0] set Z 134217731 miFodLayer 0x8000000
06-05 18:28:21.050  1113  1113 D CompositionEngine: writeOutputDependentGeometryStateToHWC layer[StatusBar#0] set Z 134217732 miFodLayer 0x8000000
06-05 18:28:21.050  1113  1113 D CompositionEngine: writeOutputDependentGeometryStateToHWC layer[RoundCornerTop#0] set Z 134217733 miFodLayer 0x8000000
06-05 18:28:21.050  1113  1113 D CompositionEngine: writeOutputDependentGeometryStateToHWC layer[RoundCornerBottom#0] set Z 134217734 miFodLayer 0x8000000
06-05 18:28:21.067  1113  1113 D CompositionEngine: writeOutputDependentGeometryStateToHWC layer[com.ss.android.ugc.trill/com.ss.android.ugc.aweme.splash.SplashActivity#0] set Z 134217728 miFodLayer 0x8000000
06-05 18:28:21.067  1113  1113 D CompositionEngine: writeOutputDependentGeometryStateToHWC layer[com.ss.android.ugc.trill/com.ss.android.ugc.aweme.splash.SplashActivity#1] set Z 134217729 miFodLayer 0x8000000
06-05 18:28:21.067  1113  1113 D CompositionEngine: writeOutputDependentGeometryStateToHWC layer[InputMethod#0] set Z 134217730 miFodLayer 0x8000000
06-05 18:28:21.067  1113  1113 D CompositionEngine: writeOutputDependentGeometryStateToHWC layer[com.miui.securitycenter/.FloatingWindow#0] set Z 134217731 miFodLayer 0x8000000
06-05 18:28:21.067  1113  1113 D CompositionEngine: writeOutputDependentGeometryStateToHWC layer[StatusBar#0] set Z 134217732 miFodLayer 0x8000000
06-05 18:28:21.067  1113  1113 D CompositionEngine: writeOutputDependentGeometryStateToHWC layer[RoundCornerTop#0] set Z 134217733 miFodLayer 0x8000000
06-05 18:28:21.067  1113  1113 D CompositionEngine: writeOutputDependentGeometryStateToHWC layer[RoundCornerBottom#0] set Z 134217734 miFodLayer 0x8000000
06-05 18:28:21.074  1582 11338 I OMX-VDEC-1080P: set_frame_rate: the current time is 182821
06-05 18:28:21.083  1113  1113 D CompositionEngine: writeOutputDependentGeometryStateToHWC layer[com.ss.android.ugc.trill/com.ss.android.ugc.aweme.splash.SplashActivity#0] set Z 134217728 miFodLayer 0x8000000
06-05 18:28:21.084  1113  1113 D CompositionEngine: writeOutputDependentGeometryStateToHWC layer[com.ss.android.ugc.trill/com.ss.android.ugc.aweme.splash.SplashActivity#1] set Z 134217729 miFodLayer 0x8000000
06-05 18:28:21.084  1113  1113 D CompositionEngine: writeOutputDependentGeometryStateToHWC layer[InputMethod#0] set Z 134217730 miFodLayer 0x8000000
06-05 18:28:21.084  1113  1113 D CompositionEngine: writeOutputDependentGeometryStateToHWC layer[com.miui.securitycenter/.FloatingWindow#0] set Z 134217731 miFodLayer 0x8000000
06-05 18:28:21.084  1113  1113 D CompositionEngine: writeOutputDependentGeometryStateToHWC layer[StatusBar#0] set Z 134217732 miFodLayer 0x8000000
06-05 18:28:21.084  1113  1113 D CompositionEngine: writeOutputDependentGeometryStateToHWC layer[RoundCornerTop#0] set Z 134217733 miFodLayer 0x8000000
06-05 18:28:21.084  1113  1113 D CompositionEngine: writeOutputDependentGeometryStateToHWC layer[RoundCornerBottom#0] set Z 134217734 miFodLayer 0x8000000
06-05 18:28:21.102  1113  1113 D CompositionEngine: writeOutputDependentGeometryStateToHWC layer[com.ss.android.ugc.trill/com.ss.android.ugc.aweme.splash.SplashActivity#0] set Z 134217728 miFodLayer 0x8000000
