06-05 18:28:45.577  1582 19781 I OMX_VPP : get_parameter counts 33 28
06-05 18:28:45.577  1582 27120 I OMX_VPP : FRAME WIDTH 576 FRAME HEIGHT 576
06-05 18:28:45.577  1582 27120 I OMX_VPP : get_parameter counts 33 28
06-05 18:28:45.577  1582 11247 E OMXNodeInstance: getConfig(0xf1026204:qcom.decoder.hevc, ??(0x7f000062)) ERROR: UnsupportedSetting(0x80001019)
06-05 18:28:45.579  1582 11247 I OMX_VPP : send_command In 2 param1 1
06-05 18:28:45.579  1582 11247 I OMX_VPP : send_command FakeFlush VPP_PORT_INPUT
06-05 18:28:45.579  1582 11247 I OMX_VPP : VppOmxComponent::clearVppFakeBufs size 2
06-05 18:28:45.579  1582 11247 I OMX_VPP : VppEvent 1
06-05 18:28:45.579  1582 11247 I OMX_VPP : FakeFlush e.flush_done.port:0
06-05 18:28:45.579  1582 11247 I OMX_VPP : send_command FakeFlush VPP_PORT_OUTPUT
06-05 18:28:45.579  1582 11247 I OMX_VPP : VppOmxComponent::clearVppFakeBufs size 0
06-05 18:28:45.579  1582 11247 I OMX_VPP : VppEvent 1
06-05 18:28:45.579  1582 11247 I OMX_VPP : FakeFlush e.flush_done.port:1
06-05 18:28:45.583  1582 11428 I OMX_VPP : Port Disable send flush to VPP library
06-05 18:28:45.583  1582  9640 I OMX_VPP : send_command In 3 param1 1
06-05 18:28:45.583  1582  9640 I OMX_VPP : ClearBuffers VPP_PORT_OUTPUT
06-05 18:28:45.584  1582 27120 I OMX_VPP : FRAME WIDTH 576 FRAME HEIGHT 576
06-05 18:28:45.584  1582 27120 I OMX_VPP : get_parameter counts 27 27
06-05 18:28:45.584  1582  9640 I OMX_VPP : FRAME WIDTH 576 FRAME HEIGHT 576
06-05 18:28:45.584  1582  9640 I OMX_VPP : get_parameter counts 27 27
06-05 18:28:45.584  1582 11247 E OMX-VDEC-1080P: Extension: OMX.google.android.index.AndroidNativeBufferConsumerUsage not implemented
06-05 18:28:45.584 18541 11418 D SurfaceUtils: set up nativeWindow 0x7b53945010 for 576x576, color 0x7fa30c06, rotation 0, usage 0x20402900
06-05 18:28:45.585  1582 19624 I OMX_VPP : RegisterClientBuffer: omxBuf=0xf113df10, id=0, obdIdx=0, invalid=0, omxHdr=0xf112ba00, vppBuf=0xf113df20, handle=0xf13a24d8, pool=0
06-05 18:28:45.585  1582 19624 I OMX_VPP : RegisterClientBuffer: omxBuf=0xf113fdb0, id=1, obdIdx=0, invalid=0, omxHdr=0xf112ba50, vppBuf=0xf113fdc0, handle=0xf13a24d0, pool=0
06-05 18:28:45.585  1582 19624 I OMX_VPP : RegisterClientBuffer: omxBuf=0xf113fe90, id=2, obdIdx=0, invalid=0, omxHdr=0xf112baa0, vppBuf=0xf113fea0, handle=0xf13a24e0, pool=0
06-05 18:28:45.585  1582 19624 I OMX_VPP : RegisterClientBuffer: omxBuf=0xf1140360, id=3, obdIdx=0, invalid=0, omxHdr=0xf112baf0, vppBuf=0xf1140370, handle=0xf13a24e8, pool=0
06-05 18:28:45.585  1582 19624 I OMX_VPP : RegisterClientBuffer: omxBuf=0xf113c3f0, id=4, obdIdx=0, invalid=0, omxHdr=0xf112bb40, vppBuf=0xf113c400, handle=0xf13a2000, pool=0
06-05 18:28:45.585  1582 19624 I OMX_VPP : RegisterClientBuffer: omxBuf=0xf113c460, id=5, obdIdx=0, invalid=0, omxHdr=0xf112bb90, vppBuf=0xf113c470, handle=0xf13a2030, pool=0
06-05 18:28:45.585  1582 19624 I OMX_VPP : RegisterClientBuffer: omxBuf=0xf113c690, id=6, obdIdx=0, invalid=0, omxHdr=0xf112bbe0, vppBuf=0xf113c6a0, handle=0xf13a2058, pool=0
06-05 18:28:45.585  1582 19624 I OMX_VPP : RegisterClientBuffer: omxBuf=0xf113c700, id=7, obdIdx=0, invalid=0, omxHdr=0xf112bc30, vppBuf=0xf113c710, handle=0xf13a2078, pool=0
06-05 18:28:45.585  1582 19624 I OMX_VPP : RegisterClientBuffer: omxBuf=0xf113c770, id=8, obdIdx=0, invalid=0, omxHdr=0xf112bc80, vppBuf=0xf113c780, handle=0xf13a2088, pool=0
06-05 18:28:45.585  1582 19624 I OMX_VPP : RegisterClientBuffer: omxBuf=0xf113ccb0, id=9, obdIdx=0, invalid=0, omxHdr=0xf112bcd0, vppBuf=0xf113ccc0, handle=0xf13a2098, pool=0
06-05 18:28:45.586  1582 19624 I OMX_VPP : RegisterClientBuffer: omxBuf=0xf113cd20, id=10, obdIdx=0, invalid=0, omxHdr=0xf112bd20, vppBuf=0xf113cd30, handle=0xf13a20a0, pool=0
06-05 18:28:45.586  1582 19624 I OMX_VPP : RegisterClientBuffer: omxBuf=0xf113cee0, id=11, obdIdx=0, invalid=0, omxHdr=0xf112bd70, vppBuf=0xf113cef0, handle=0xf13a20a8, pool=0
06-05 18:28:45.586  1582 11247 I OMX_VPP : RegisterClientBuffer: omxBuf=0xf1141390, id=12, obdIdx=0, invalid=0, omxHdr=0xf112bdc0, vppBuf=0xf11413a0, handle=0xf13a2250, pool=0
06-05 18:28:45.586  1582 19624 I OMX_VPP : RegisterClientBuffer: omxBuf=0xf113d180, id=13, obdIdx=0, invalid=0, omxHdr=0xf112be10, vppBuf=0xf113d190, handle=0xf13a20b8, pool=0
06-05 18:28:45.586  1582 11247 I OMX_VPP : RegisterClientBuffer: omxBuf=0xf113fd40, id=14, obdIdx=0, invalid=0, omxHdr=0xf112be60, vppBuf=0xf113fd50, handle=0xf13a2330, pool=0
06-05 18:28:45.586  1582 19624 I OMX_VPP : RegisterClientBuffer: omxBuf=0xf113d420, id=15, obdIdx=0, invalid=0, omxHdr=0xf112beb0, vppBuf=0xf113d430, handle=0xf13a2100, pool=0
06-05 18:28:45.586  1582 27120 I OMX_VPP : RegisterClientBuffer: omxBuf=0xf1140de0, id=16, obdIdx=0, invalid=0, omxHdr=0xf112bf00, vppBuf=0xf1140df0, handle=0xf13a2258, pool=0
06-05 18:28:45.586  1582 11247 I OMX_VPP : RegisterClientBuffer: omxBuf=0xf113d7a0, id=17, obdIdx=0, invalid=0, omxHdr=0xf112bf50, vppBuf=0xf113d7b0, handle=0xf13a2338, pool=0
06-05 18:28:45.586  1582 19624 I OMX_VPP : RegisterClientBuffer: omxBuf=0xf113d960, id=18, obdIdx=0, invalid=0, omxHdr=0xf112bfa0, vppBuf=0xf113d970, handle=0xf13a2120, pool=0
06-05 18:28:45.586  1582 27120 I OMX_VPP : RegisterClientBuffer: omxBuf=0xf113c380, id=19, obdIdx=0, invalid=0, omxHdr=0xf112bff0, vppBuf=0xf113c390, handle=0xf13a2458, pool=0
06-05 18:28:45.587  1582 11247 I OMX_VPP : RegisterClientBuffer: omxBuf=0xf113d2d0, id=20, obdIdx=0, invalid=0, omxHdr=0xf112c040, vppBuf=0xf113d2e0, handle=0xf13a2278, pool=0
06-05 18:28:45.587  1582 19624 I OMX_VPP : RegisterClientBuffer: omxBuf=0xf113dc70, id=21, obdIdx=0, invalid=0, omxHdr=0xf112c090, vppBuf=0xf113dc80, handle=0xf13a2138, pool=0
06-05 18:28:45.587  1582 27120 I OMX_VPP : RegisterClientBuffer: omxBuf=0xf113e5a0, id=22, obdIdx=0, invalid=0, omxHdr=0xf112c0e0, vppBuf=0xf113e5b0, handle=0xf13a2418, pool=0
06-05 18:28:45.587  1582 19624 I OMX_VPP : RegisterClientBuffer: omxBuf=0xf113e370, id=23, obdIdx=0, invalid=0, omxHdr=0xf112c130, vppBuf=0xf113e380, handle=0xf13a2150, pool=0
06-05 18:28:45.587  1582 11247 I OMX_VPP : RegisterClientBuffer: omxBuf=0xf113d810, id=24, obdIdx=0, invalid=0, omxHdr=0xf112c180, vppBuf=0xf113d820, handle=0xf13a2348, pool=0
06-05 18:28:45.587  1582 19624 I OMX_VPP : RegisterClientBuffer: omxBuf=0xf113d8f0, id=25, obdIdx=0, invalid=0, omxHdr=0xf112c1d0, vppBuf=0xf113d900, handle=0xf13a2160, pool=0
06-05 18:28:45.587  1582  9640 I OMX_VPP : RegisterClientBuffer: omxBuf=0xf1140670, id=26, obdIdx=0, invalid=0, omxHdr=0xf112c220, vppBuf=0xf1140680, handle=0xf13a2328, pool=0
06-05 18:28:45.587  1582 19624 I OMX_VPP : RegisterClientBuffer: omxBuf=0xf113e450, id=27, obdIdx=0, invalid=0, omxHdr=0xf112c270, vppBuf=0xf113e460, handle=0xf13a2178, pool=0
06-05 18:28:45.587  1582 27120 I OMX_VPP : RegisterClientBuffer: omxBuf=0xf113e6f0, id=28, obdIdx=0, invalid=0, omxHdr=0xf112c2c0, vppBuf=0xf113e700, handle=0xf13a2460, pool=0
06-05 18:28:45.587  1582  9640 I OMX_VPP : RegisterClientBuffer: omxBuf=0xf113c540, id=29, obdIdx=0, invalid=0, omxHdr=0xf112c310, vppBuf=0xf113c550, handle=0xf13a2220, pool=0
06-05 18:28:45.588  1582 19624 I OMX_VPP : RegisterClientBuffer: omxBuf=0xf113e840, id=30, obdIdx=0, invalid=0, omxHdr=0xf112c360, vppBuf=0xf113e850, handle=0xf13a2180, pool=0
06-05 18:28:45.588  1582 11428 I OMX_VPP : Got PortEnable done for vdec out
06-05 18:28:45.588  1582 11247 I OMX_VPP : RegisterClientBuffer: omxBuf=0xf113f020, id=31, obdIdx=0, invalid=0, omxHdr=0xf112c3b0, vppBuf=0xf113f030, handle=0xf13a2370, pool=0
06-05 18:28:45.589  1582 11247 I OMX_VPP : VppOmxComponent::registerVppFakeBuf buffer with size 1 id 0 ts=0 flags:0
06-05 18:28:45.591  1582 11428 I OMX-VDEC-1080P: set_frame_rate: the current time is 182845
06-05 18:28:45.591  1582 11428 I OMX-VDEC-1080P: set_frame_rate: the current time is 182845
06-05 18:28:45.592  1582 11428 I OMX-VDEC-1080P: set_frame_rate: the current time is 182845
06-05 18:28:45.592  1582 11428 I OMX-VDEC-1080P: set_frame_rate: the current time is 182845
06-05 18:28:45.593  1582 11428 I OMX-VDEC-1080P: set_frame_rate: the current time is 182845
06-05 18:28:45.593  1582 11428 I OMX_VPP : bypass vpp for fps overload: set vpp prop fps = 58
06-05 18:28:45.593  1080 27881 E vpp-ipc_service: vppSetVidProp (359): vpp_set_vid_prop returned error, u32=5
06-05 18:28:45.593  1582 11247 I OMX_VPP : VppOmxComponent::registerVppFakeBuf buffer with size 2 id 1 ts=0 flags:0
06-05 18:28:45.593  1582 11428 E OMX_VPP : bypass vpp setVidProp(operating rate) failed return 5
06-05 18:28:45.593  1582 11428 I OMX-VDEC-1080P: set_frame_rate: the current time is 182845
06-05 18:28:45.594  1582 11247 I OMX_VPP : VppOmxComponent::registerVppFakeBuf buffer with size 3 id 2 ts=0 flags:0
06-05 18:28:45.594  1582 27120 I OMX_VPP : FRAME WIDTH 576 FRAME HEIGHT 576
06-05 18:28:45.594  1582 27120 I OMX_VPP : get_parameter counts 32 27
06-05 18:28:45.594  1582 27120 I OMX_VPP : FRAME WIDTH 576 FRAME HEIGHT 576
06-05 18:28:45.594  1582 27120 I OMX_VPP : get_parameter counts 32 27
06-05 18:28:45.594  1582 27120 E OMXNodeInstance: getConfig(0xf1026204:qcom.decoder.hevc, ??(0x7f000062)) ERROR: UnsupportedSetting(0x80001019)
06-05 18:28:45.596  1582  9640 I OMX_VPP : VppOmxComponent::registerVppFakeBuf buffer with size 4 id 3 ts=0 flags:0
06-05 18:28:45.597  1582 11247 I OMX_VPP : VppOmxComponent::registerVppFakeBuf buffer with size 5 id 4 ts=0 flags:0
06-05 18:28:45.597  1582 11247 I OMX_VPP : VppOmxComponent::registerVppFakeBuf buffer with size 6 id 5 ts=0 flags:0
06-05 18:28:45.598  1582 27120 I OMX_VPP : VppOmxComponent::registerVppFakeBuf buffer with size 7 id 6 ts=0 flags:0
06-05 18:28:45.598  1103  9745 D APM_AudioPolicyManager: selectOutput flags 8
06-05 18:28:45.598  1103  9745 D APM_AudioPolicyManager: selectOutput flags 8
06-05 18:28:45.598  1582 27120 I OMX_VPP : VppOmxComponent::registerVppFakeBuf buffer with size 8 id 7 ts=0 flags:0
06-05 18:28:45.598  1103  9745 D APM_AudioPolicyManager: selectOutput flags 8
06-05 18:28:45.599 18541 19460 D AudioTrack: set(sessionId=0)
06-05 18:28:45.599 18541 19460 D AudioTrack: set(): streamType -1, sampleRate 44100, format 0x1, channelMask 0x3, frameCount 3536, flags #0, notificationFrames 0, sessionId 0, transferType 3, uid -1, pid -1
06-05 18:28:45.599  1582 19624 I OMX_VPP : VppOmxComponent::registerVppFakeBuf buffer with size 9 id 8 ts=0 flags:0
06-05 18:28:45.599   975   975 D audio_hw_primary: adev_get_parameters:audio_game_sound_volume_gap_switch
06-05 18:28:45.599   975   975 D soundtrigger: audio_extn_sound_trigger_get_parameters input string<audio_game_sound_volume_gap_switch=>
06-05 18:28:45.599   975   975 D soundtrigger: extract_sm_handle input string <audio_game_sound_volume_gap_switch=> param string <audio_game_sound_volume_gap_switch=>
06-05 18:28:45.599   975   975 D audio_hw_extn: audio_extn_fm_get_parameters: Enter
06-05 18:28:45.599   975   975 D audio_hw_extn: audio_extn_get_parameters: returns
06-05 18:28:45.599   975   975 V msm8974_platform: platform_get_parameters: exit: returns - audio_game_sound_volume_gap_switch=off
06-05 18:28:45.599   975   975 D audio_hw_primary: adev_get_parameters: exit: returns - audio_game_sound_volume_gap_switch=off
06-05 18:28:45.599  1103  9745 I hash_map_utils: system/bt/osi/src/hash_map_utils.cc:81 hash_map_utils_dump_string_keys_string_values: key: 'audio_game_sound_volume_gap_switch' value: ''
06-05 18:28:45.599  1582  9640 I OMX_VPP : VppOmxComponent::registerVppFakeBuf buffer with size 10 id 9 ts=0 flags:0
06-05 18:28:45.600  1582 27120 E OMX-VDEC-1080P: Extension: OMX.QTI.index.config.video.getdsmode not implemented
06-05 18:28:45.600  1103  9745 D MediaImpl: setPlaybackCaptureAllowed: playbackCaptureAllowed 1
06-05 18:28:45.601  1582  9640 I OMX_VPP : VppOmxComponent::registerVppFakeBuf buffer with size 11 id 10 ts=0 flags:0
06-05 18:28:45.601  1103  9745 D APM_AudioPolicyManager: getOutputForAttrInt()+ attributes={ Content type: AUDIO_CONTENT_TYPE_MUSIC Usage: AUDIO_USAGE_MEDIA Source: AUDIO_SOURCE_DEFAULT Flags: 0x800 Tags:  } stream=AUDIO_STREAM_MUSIC session 5953 output 0 selectedDeviceId 0 device AUDIO_DEVICE_NONE sampling rate 44100 format 0x1channel mask 0x3 flags 0 stream AUDIO_STREAM_MUSIC uid 10383
06-05 18:28:45.601  1103  9745 D APM_AudioPolicyManager: getOutputForAttrInt() device {type:0x2,@:}, sampling rate 44100, format 0x1, channel mask 0x3, flags 0 stream AUDIO_STREAM_MUSIC
06-05 18:28:45.602  1582 11428 I OMX-VDEC-1080P: set_frame_rate: the current time is 182845
06-05 18:28:45.602   975   975 D audio_hw_primary: adev_get_parameters:vr_audio_mode_on
06-05 18:28:45.602   975   975 I audio_hw_primary: getting vr mode to 0
06-05 18:28:45.602   975   975 D audio_hw_primary: adev_get_parameters: exit: returns - vr_audio_mode_on=false
06-05 18:28:45.602  1103  9745 I hash_map_utils: system/bt/osi/src/hash_map_utils.cc:81 hash_map_utils_dump_string_keys_string_values: key: 'vr_audio_mode_on' value: ''
06-05 18:28:45.602  1103  9745 I AudioPolicyManagerCustom: VR mode is 0, switch to primary output if request is for fast|raw
06-05 18:28:45.603  1582 11428 I OMX-VDEC-1080P: set_frame_rate: the current time is 182845
06-05 18:28:45.604 18541 19352 I ttmn    : <0x0,sub_formater.cpp,parseSubPathInfo,312>subtitle: subInfo: {"list":[{"url":"https:\/\/v16.tiktokcdn.com\/5e3525cb6c7768e7d303ff6c859658bc\/629cd99e\/video\/tos\/alisg\/tos-alisg-pv-0037\/6f2e2d9c24c64448b9cb35604ff00d69\/?a=1180&ch=0&cr=3&dr=0&lr=all&cd=0%7C0%7C0%7C3&cv=1&br=8462&bt=4231&btag=40000&ds=3&ft=ARfEtBEpqFGmo0PZytbfkVQMB0n42KJ&mime_type=video_mp4&qs=13&rc=Mzg3ZmY6ZjMzZDMzODczNEBpMzg3ZmY6ZjMzZDMzODczNEBzYWdncjRvc2JgLS1kMS1zYSNzYWdncjRvc2JgLS1kMS1zcw%3D%3D&l=2022060510275701009908104819180C5E","language_id":2,"format":"webvtt","language
06-05 18:28:45.604 18541 19352 I ttmn    : <0x0,sub_formater.cpp,parseSubPathInfo,386>subtitle: parse idx: 0, sub id: 215300241, language_id: 2, langauge: eng-US, format: webvtt, url: https://v16.tiktokcdn.com/5e3525cb6c7768e7d303ff6c859658bc/629cd99e/video/tos/alisg/tos-alisg-pv-0037/6f2e2d9c24c64448b9cb35604ff00d69/?a=1180&ch=0&cr=3&dr=0&lr=all&cd=0%7C0%7C0%7C3&cv=1&br=8462&bt=4231&btag=40000&ds=3&ft=ARfEtBEpqFGmo0PZytbfkVQMB0n42KJ&mime_type=video_mp4&qs=13&rc=Mzg3ZmY6ZjMzZDMzODczNEBpMzg3ZmY6ZjMzZDMzODczNEBzYWdncjRvc2JgLS1kMS1zYSNzYWdncjRvc2JgLS1kMS1zcw%3D%3D&l=202206051027570100990810481
06-05 18:28:45.605   975   975 D audio_hw_primary: adev_get_parameters:audio_karaoke_running
06-05 18:28:45.605   975   975 D audio_hw_primary: get para : audio_karaoke_running = false
06-05 18:28:45.605   975   975 D soundtrigger: audio_extn_sound_trigger_get_parameters input string<audio_karaoke_running=>
06-05 18:28:45.605   975   975 D soundtrigger: extract_sm_handle input string <audio_karaoke_running=> param string <audio_karaoke_running=>
06-05 18:28:45.605   975   975 D audio_hw_extn: audio_extn_fm_get_parameters: Enter
06-05 18:28:45.605   975   975 D audio_hw_extn: audio_extn_get_parameters: returns audio_karaoke_running=false
06-05 18:28:45.605   975   975 V msm8974_platform: platform_get_parameters: exit: returns - audio_karaoke_running=false
06-05 18:28:45.605   975   975 D audio_hw_primary: adev_get_parameters: exit: returns - audio_karaoke_running=false
06-05 18:28:45.605  1103  9745 I hash_map_utils: system/bt/osi/src/hash_map_utils.cc:81 hash_map_utils_dump_string_keys_string_values: key: 'audio_karaoke_running' value: ''
06-05 18:28:45.605  1582 11428 I OMX-VDEC-1080P: set_frame_rate: the current time is 182845
06-05 18:28:45.606  1103  9745 I AudioPolicyManagerCustom: setting force DEEP buffer now
06-05 18:28:45.606  1103  9745 D APM_AudioPolicyManager: selectOutput flags 8
06-05 18:28:45.606  1103  9745 D APM_AudioPolicyManager: getOutputForAttrInt()- attributes={ Content type: AUDIO_CONTENT_TYPE_MUSIC Usage: AUDIO_USAGE_MEDIA Source: AUDIO_SOURCE_DEFAULT Flags: 0x800 Tags:  } stream=AUDIO_STREAM_MUSIC session 5953 output 29 selectedDeviceId 0 device {type:0x2,@:} sampling rate 44100 format 0x1channel mask 0x3 flags 0x8 stream AUDIO_STREAM_MUSIC uid 10383
06-05 18:28:45.606  1103  9745 D APM_AudioPolicyManager: getOutputForAttr() returns output 29 requestedPortId 0 selectedDeviceId 3 for port ID 423
06-05 18:28:45.606  1582  9640 I OMX_VPP : VppOmxComponent::registerVppFakeBuf buffer with size 12 id 11 ts=0 flags:0
06-05 18:28:45.606  1582 11428 I OMX-VDEC-1080P: set_frame_rate: the current time is 182845
06-05 18:28:45.607  1582 27120 I OMX_VPP : VppOmxComponent::registerVppFakeBuf buffer with size 13 id 12 ts=0 flags:0
06-05 18:28:45.607  1103  9745 I AudioFlinger: create audiotrack for com.ss.android.ugc.trill  uid 10383
06-05 18:28:45.607  1103  9745 D AudioFlinger: Client defaulted notificationFrames to 1768 for frameCount 3536
06-05 18:28:45.608  1103  9745 D AF::TrackHandle: OpPlayAudio: track:433 usage:1 not muted
06-05 18:28:45.608  1103  9745 I AudioFlinger: create audiotrack for com.ss.android.ugc.trill  uid 10383
06-05 18:28:45.609  1103  9745 I AudioFlinger: create audiotrack for com.ss.android.ugc.trill  uid 10383
06-05 18:28:45.609  1103  9745 D AF::Track: Track(433): usage = 1 mbIsAttrNeedFade = 1
06-05 18:28:45.610 18541 19460 D AudioTrack: isWhiteListPackage() Uid 10383, package name com.ss.android.ugc.trill
06-05 18:28:45.611 18541 19460 W AudioTrack: Use of stream types is deprecated for operations other than volume control
06-05 18:28:45.611 18541 19460 W AudioTrack: See the documentation of AudioTrack() for what to use instead with android.media.AudioAttributes to qualify your playback use case
06-05 18:28:45.611 18541 19460 I AudioTrack: AudioTrack::setVolume L:1.000000 R:1.000000 and the pakage is com.ss.android.ugc.trill
06-05 18:28:45.611  1103  2311 D AudioFlinger: updateWakeLockUids_l AudioOut_D uids:
06-05 18:28:45.611  1103  2317 D AudioFlinger: updateWakeLockUids_l AudioOut_15 uids:
06-05 18:28:45.611  1103  9745 D AF::Track: setFadeType1 type = 1 mFadeType = 0 isFadeNeeded = 0
06-05 18:28:45.611  1103  2347 D AudioFlinger: updateWakeLockUids_l AudioOut_3D uids:
06-05 18:28:45.612  1103  2363 D AudioFlinger: updateWakeLockUids_l AudioOut_4D uids:
06-05 18:28:45.614   975   975 I EffectsFactory: EffectCreate() create_effect
06-05 18:28:45.615  1103  2189 I audioserver: setGameParameters keyvalue: xlog.volume.music.speaker=34
06-05 18:28:45.615  1103  1596 V APM::EffectDescriptor: registerEffect() effect Volume listener for Music, io 29, session 5953 id 803
06-05 18:28:45.615  1103  1596 V APM::EffectDescriptor: registerEffect() memory 1, total memory 3
06-05 18:28:45.615   975 28792 D audio_hw_primary: adev_set_parameters: enter: xlog.volume.music.speaker=34
06-05 18:28:45.615   975 28792 V msm8974_platform: platform_set_parameters: enter: xlog.volume.music.speaker=34
06-05 18:28:45.615   975 28792 D audio_hw_hfp: hfp_set_parameters: enter
06-05 18:28:45.615   975 28792 D audio_hw_hfp: hfp_set_parameters: enter
06-05 18:28:45.615   975 28792 V a2dp_offload: end of a2dp setparam
06-05 18:28:45.615   975 28792 D audio_hw_cspl_cal: cirrus_cal_setparameters: enter 0xf3003600
06-05 18:28:45.615   975 28792 D audio_hw_extn: audio_extn_fm_set_parameters: Enter
06-05 18:28:45.615   975 28792 D audio_hw_hfp: hfp_set_parameters: enter
06-05 18:28:45.615   975 28792 V a2dp_offload: end of a2dp setparam
06-05 18:28:45.615   975 28792 D audio_hw_primary: adev_set_parameters: exit with code(0)
06-05 18:28:45.615  1103  1596 V APM::EffectDescriptor: setEffectEnabled(true) total CPU 0
06-05 18:28:45.616  1103  1596 V AudioPolicyManagerImpl: notification filter: setNotificationFilter notificationFilterFeature=1
06-05 18:28:45.616  1103  1596 D AudioPolicyManagerImpl: notification filter: setNotificationFilter muteMaskInt=0
06-05 18:28:45.617   975 28792 D audio_hw_primary: out_set_parameters: enter: usecase(0: deep-buffer-playback) kvpairs: appname=+com.ss.android.ugc.trill
06-05 18:28:45.617   975 28792 D audio_hw_primary: [hal_apptype] out_set_parameters() +com.ss.android.ugc.trill [2 0x80 0x80 0x80]
06-05 18:28:45.617  1103  1596 D APM_AudioPolicyManager: startOutput() output 29, stream 3, session 5953 appname com.ss.android.ugc.trill uid 10383
06-05 18:28:45.617  1103  9745 E audioserver: open /proc/18541/cmdline error
06-05 18:28:45.617  1103  9745 I audioserver: setAppName(), name=[], active=[1]
06-05 18:28:45.617   975 28792 V EffectMiSound: MiSound_command() start, cmdCode=24
06-05 18:28:45.617   975 28792 V EffectMiSound: MiSound_Command EFFECT_CMD_SET_APP_NAME: stream=3, name=+
06-05 18:28:45.618  1103  2327 D AudioFlinger: updateWakeLockUids_l AudioOut_1D uids:10383
06-05 18:28:45.618 18541 19460 I AudioTrack: AudioTrack::setVolume L:1.000000 R:1.000000 and the pakage is com.ss.android.ugc.trill
06-05 18:28:45.621  1103  9745 I audioserver: setGameParameters keyvalue: xlog.volume.music.speaker=34
06-05 18:28:45.621   975   975 D audio_hw_primary: adev_set_parameters: enter: xlog.volume.music.speaker=34
06-05 18:28:45.621   975   975 V msm8974_platform: platform_set_parameters: enter: xlog.volume.music.speaker=34
06-05 18:28:45.621   975   975 D audio_hw_hfp: hfp_set_parameters: enter
06-05 18:28:45.621   975   975 D audio_hw_hfp: hfp_set_parameters: enter
06-05 18:28:45.621   975   975 V a2dp_offload: end of a2dp setparam
06-05 18:28:45.621   975   975 D audio_hw_cspl_cal: cirrus_cal_setparameters: enter 0xf3003600
06-05 18:28:45.621   975   975 D audio_hw_extn: audio_extn_fm_set_parameters: Enter
06-05 18:28:45.621   975   975 D audio_hw_hfp: hfp_set_parameters: enter
06-05 18:28:45.621   975   975 V a2dp_offload: end of a2dp setparam
06-05 18:28:45.621   975   975 D audio_hw_primary: adev_set_parameters: exit with code(0)
06-05 18:28:45.636 18541 18541 W System.err: org.json.JSONException: No value for information
06-05 18:28:45.636 18541 18541 W System.err: 	at org.json.JSONObject.get(JSONObject.java:403)
06-05 18:28:45.636 18541 18541 W System.err: 	at org.json.JSONObject.getString(JSONObject.java:564)
06-05 18:28:45.636 18541 18541 W System.err: 	at X.6MB.LIZ(SourceFile:33816600)
06-05 18:28:45.636 18541 18541 W System.err: 	at X.6Lf.LIZJ(SourceFile:17039373)
06-05 18:28:45.636 18541 18541 W System.err: 	at X.8c9.LIZ(SourceFile:327690)
06-05 18:28:45.636 18541 18541 W System.err: 	at X.KAf.LIZ(SourceFile:3603)
06-05 18:28:45.636 18541 18541 W System.err: 	at X.KAf.LJIIL(SourceFile:17039402)
06-05 18:28:45.636 18541 18541 W System.err: 	at X.KAf.LJJIJIIJI(SourceFile:590862)
06-05 18:28:45.636 18541 18541 W System.err: 	at com.ss.android.ugc.aweme.feed.adapter.VideoViewCell.onRenderReady(SourceFile:17301542)
06-05 18:28:45.636 18541 18541 W System.err: 	at X.6B8.LIZ(SourceFile:1393)
06-05 18:28:45.636 18541 18541 W System.err: 	at X.6C1.run(SourceFile:65540)
06-05 18:28:45.636 18541 18541 W System.err: 	at android.os.Handler.handleCallback(Handler.java:938)
06-05 18:28:45.636 18541 18541 W System.err: 	at android.os.Handler.dispatchMessage(Handler.java:99)
06-05 18:28:45.636 18541 18541 W System.err: 	at android.os.Looper.loopOnce(Looper.java:210)
06-05 18:28:45.636 18541 18541 W System.err: 	at android.os.Looper.loop(Looper.java:299)
06-05 18:28:45.636 18541 18541 W System.err: 	at android.app.ActivityThread.main(ActivityThread.java:8105)
06-05 18:28:45.636 18541 18541 W System.err: 	at java.lang.reflect.Method.invoke(Native Method)
06-05 18:28:45.636 18541 18541 W System.err: 	at com.android.internal.os.RuntimeInit$MethodAndArgsCaller.run(RuntimeInit.java:556)
06-05 18:28:45.636 18541 18541 W System.err: 	at com.android.internal.os.ZygoteInit.main(ZygoteInit.java:1045)
06-05 18:28:45.637 18541 18541 W System.err: org.json.JSONException: No value for com.android.information
06-05 18:28:45.637 18541 18541 W System.err: 	at org.json.JSONObject.get(JSONObject.java:403)
06-05 18:28:45.637 18541 18541 W System.err: 	at org.json.JSONObject.getString(JSONObject.java:564)
06-05 18:28:45.637 18541 18541 W System.err: 	at X.6MB.LIZ(SourceFile:33816600)
06-05 18:28:45.637 18541 18541 W System.err: 	at X.6Lf.LIZJ(SourceFile:17039373)
06-05 18:28:45.637 18541 18541 W System.err: 	at X.8c9.LIZ(SourceFile:327698)
06-05 18:28:45.637 18541 18541 W System.err: 	at X.KAf.LIZ(SourceFile:3603)
06-05 18:28:45.637 18541 18541 W System.err: 	at X.KAf.LJIIL(SourceFile:17039402)
06-05 18:28:45.637 18541 18541 W System.err: 	at X.KAf.LJJIJIIJI(SourceFile:590862)
06-05 18:28:45.637 18541 18541 W System.err: 	at com.ss.android.ugc.aweme.feed.adapter.VideoViewCell.onRenderReady(SourceFile:17301542)
06-05 18:28:45.637 18541 18541 W System.err: 	at X.6B8.LIZ(SourceFile:1393)
06-05 18:28:45.637 18541 18541 W System.err: 	at X.6C1.run(SourceFile:65540)
06-05 18:28:45.637 18541 18541 W System.err: 	at android.os.Handler.handleCallback(Handler.java:938)
06-05 18:28:45.637 18541 18541 W System.err: 	at android.os.Handler.dispatchMessage(Handler.java:99)
06-05 18:28:45.637 18541 18541 W System.err: 	at android.os.Looper.loopOnce(Looper.java:210)
06-05 18:28:45.637 18541 18541 W System.err: 	at android.os.Looper.loop(Looper.java:299)
06-05 18:28:45.637 18541 18541 W System.err: 	at android.app.ActivityThread.main(ActivityThread.java:8105)
06-05 18:28:45.637 18541 18541 W System.err: 	at java.lang.reflect.Method.invoke(Native Method)
06-05 18:28:45.637 18541 18541 W System.err: 	at com.android.internal.os.RuntimeInit$MethodAndArgsCaller.run(RuntimeInit.java:556)
06-05 18:28:45.637 18541 18541 W System.err: 	at com.android.internal.os.ZygoteInit.main(ZygoteInit.java:1045)
06-05 18:28:45.637 18541 18541 W System.err: org.json.JSONException: No value for com.apple.quicktime.information
06-05 18:28:45.637 18541 18541 W System.err: 	at org.json.JSONObject.get(JSONObject.java:403)
06-05 18:28:45.637 18541 18541 W System.err: 	at org.json.JSONObject.getString(JSONObject.java:564)
06-05 18:28:45.637 18541 18541 W System.err: 	at X.6MB.LIZ(SourceFile:33816600)
06-05 18:28:45.637 18541 18541 W System.err: 	at X.6Lf.LIZJ(SourceFile:17039373)
06-05 18:28:45.637 18541 18541 W System.err: 	at X.8c9.LIZ(SourceFile:327706)
06-05 18:28:45.637 18541 18541 W System.err: 	at X.KAf.LIZ(SourceFile:3603)
06-05 18:28:45.637 18541 18541 W System.err: 	at X.KAf.LJIIL(SourceFile:17039402)
06-05 18:28:45.637 18541 18541 W System.err: 	at X.KAf.LJJIJIIJI(SourceFile:590862)
06-05 18:28:45.637 18541 18541 W System.err: 	at com.ss.android.ugc.aweme.feed.adapter.VideoViewCell.onRenderReady(SourceFile:17301542)
06-05 18:28:45.637 18541 18541 W System.err: 	at X.6B8.LIZ(SourceFile:1393)
06-05 18:28:45.637 18541 18541 W System.err: 	at X.6C1.run(SourceFile:65540)
06-05 18:28:45.637 18541 18541 W System.err: 	at android.os.Handler.handleCallback(Handler.java:938)
06-05 18:28:45.637 18541 18541 W System.err: 	at android.os.Handler.dispatchMessage(Handler.java:99)
06-05 18:28:45.637 18541 18541 W System.err: 	at android.os.Looper.loopOnce(Looper.java:210)
06-05 18:28:45.637 18541 18541 W System.err: 	at android.os.Looper.loop(Looper.java:299)
06-05 18:28:45.637 18541 18541 W System.err: 	at android.app.ActivityThread.main(ActivityThread.java:8105)
06-05 18:28:45.637 18541 18541 W System.err: 	at java.lang.reflect.Method.invoke(Native Method)
06-05 18:28:45.637 18541 18541 W System.err: 	at com.android.internal.os.RuntimeInit$MethodAndArgsCaller.run(RuntimeInit.java:556)
06-05 18:28:45.637 18541 18541 W System.err: 	at com.android.internal.os.ZygoteInit.main(ZygoteInit.java:1045)
06-05 18:28:45.638 18541 10727 W System.err: org.json.JSONException: No value for information
06-05 18:28:45.638 18541 10727 W System.err: 	at org.json.JSONObject.get(JSONObject.java:403)
06-05 18:28:45.638 18541 10727 W System.err: 	at org.json.JSONObject.getString(JSONObject.java:564)
06-05 18:28:45.638 18541 10727 W System.err: 	at X.6MB.LIZ(SourceFile:33816600)
06-05 18:28:45.638 18541 10727 W System.err: 	at X.6Lf.LIZJ(SourceFile:17039373)
06-05 18:28:45.638 18541 10727 W System.err: 	at X.8c8.LIZIZ(SourceFile:393228)
06-05 18:28:45.638 18541 10727 W System.err: 	at X.8cB.call(SourceFile:262146)
06-05 18:28:45.638 18541 10727 W System.err: 	at X.0BO.run(SourceFile:262166)
06-05 18:28:45.638 18541 10727 W System.err: 	at X.0fb.run(SourceFile:459005)
06-05 18:28:45.638 18541 10727 W System.err: 	at java.util.concurrent.ThreadPoolExecutor.runWorker(ThreadPoolExecutor.java:1167)
06-05 18:28:45.638 18541 10727 W System.err: 	at java.util.concurrent.ThreadPoolExecutor$Worker.run(ThreadPoolExecutor.java:641)
06-05 18:28:45.638 18541 10727 W System.err: 	at X.0ff.run(SourceFile:131081)
06-05 18:28:45.638 18541 10727 W System.err: 	at java.lang.Thread.run(Thread.java:920)
06-05 18:28:45.638 18541 10727 W System.err: org.json.JSONException: No value for com.android.information
06-05 18:28:45.638 18541 10727 W System.err: 	at org.json.JSONObject.get(JSONObject.java:403)
06-05 18:28:45.638 18541 10727 W System.err: 	at org.json.JSONObject.getString(JSONObject.java:564)
06-05 18:28:45.638 18541 10727 W System.err: 	at X.6MB.LIZ(SourceFile:33816600)
06-05 18:28:45.638 18541 10727 W System.err: 	at X.6Lf.LIZJ(SourceFile:17039373)
06-05 18:28:45.638 18541 10727 W System.err: 	at X.8c8.LIZIZ(SourceFile:393243)
06-05 18:28:45.638 18541 10727 W System.err: 	at X.8cB.call(SourceFile:262146)
06-05 18:28:45.638 18541 10727 W System.err: 	at X.0BO.run(SourceFile:262166)
06-05 18:28:45.638 18541 10727 W System.err: 	at X.0fb.run(SourceFile:459005)
06-05 18:28:45.638 18541 10727 W System.err: 	at java.util.concurrent.ThreadPoolExecutor.runWorker(ThreadPoolExecutor.java:1167)
06-05 18:28:45.638 18541 10727 W System.err: 	at java.util.concurrent.ThreadPoolExecutor$Worker.run(ThreadPoolExecutor.java:641)
06-05 18:28:45.638 18541 10727 W System.err: 	at X.0ff.run(SourceFile:131081)
06-05 18:28:45.638 18541 10727 W System.err: 	at java.lang.Thread.run(Thread.java:920)
06-05 18:28:45.639 18541 10727 W System.err: org.json.JSONException: No value for com.apple.quicktime.information
06-05 18:28:45.639 18541 10727 W System.err: 	at org.json.JSONObject.get(JSONObject.java:403)
06-05 18:28:45.639 18541 10727 W System.err: 	at org.json.JSONObject.getString(JSONObject.java:564)
06-05 18:28:45.639 18541 10727 W System.err: 	at X.6MB.LIZ(SourceFile:33816600)
06-05 18:28:45.639 18541 10727 W System.err: 	at X.6Lf.LIZJ(SourceFile:17039373)
06-05 18:28:45.639 18541 10727 W System.err: 	at X.8c8.LIZIZ(SourceFile:393258)
06-05 18:28:45.639 18541 10727 W System.err: 	at X.8cB.call(SourceFile:262146)
06-05 18:28:45.639 18541 10727 W System.err: 	at X.0BO.run(SourceFile:262166)
06-05 18:28:45.639 18541 10727 W System.err: 	at X.0fb.run(SourceFile:459005)
06-05 18:28:45.639 18541 10727 W System.err: 	at java.util.concurrent.ThreadPoolExecutor.runWorker(ThreadPoolExecutor.java:1167)
06-05 18:28:45.639 18541 10727 W System.err: 	at java.util.concurrent.ThreadPoolExecutor$Worker.run(ThreadPoolExecutor.java:641)
06-05 18:28:45.639 18541 10727 W System.err: 	at X.0ff.run(SourceFile:131081)
06-05 18:28:45.639 18541 10727 W System.err: 	at java.lang.Thread.run(Thread.java:920)
06-05 18:28:45.644  1582  9640 I OMX_VPP : VppOmxComponent::registerVppFakeBuf buffer with size 14 id 13 ts=0 flags:0
06-05 18:28:45.653 18541 10707 W System.err: java.io.FileNotFoundException: /proc/stat: open failed: EACCES (Permission denied)
06-05 18:28:45.653 18541 10707 W System.err: 	at libcore.io.IoBridge.open(IoBridge.java:575)
06-05 18:28:45.653 18541 10707 W System.err: 	at java.io.RandomAccessFile.<init>(RandomAccessFile.java:289)
06-05 18:28:45.653 18541 10707 W System.err: 	at java.io.RandomAccessFile.<init>(RandomAccessFile.java:152)
06-05 18:28:45.653 18541 10707 W System.err: 	at X.6gK.LIZ(SourceFile:393238)
06-05 18:28:45.653 18541 10707 W System.err: 	at X.6gM.call(SourceFile:65536)
06-05 18:28:45.653 18541 10707 W System.err: 	at X.0BO.run(SourceFile:262166)
06-05 18:28:45.653 18541 10707 W System.err: 	at X.0fb.run(SourceFile:459005)
06-05 18:28:45.653 18541 10707 W System.err: 	at java.util.concurrent.ThreadPoolExecutor.runWorker(ThreadPoolExecutor.java:1167)
06-05 18:28:45.653 18541 10707 W System.err: 	at java.util.concurrent.ThreadPoolExecutor$Worker.run(ThreadPoolExecutor.java:641)
06-05 18:28:45.653 18541 10707 W System.err: 	at X.0ff.run(SourceFile:131081)
06-05 18:28:45.653 18541 10707 W System.err: 	at java.lang.Thread.run(Thread.java:920)
06-05 18:28:45.653 18541 10707 W System.err: Caused by: android.system.ErrnoException: open failed: EACCES (Permission denied)
06-05 18:28:45.653 18541 10707 W System.err: 	at libcore.io.Linux.open(Native Method)
06-05 18:28:45.653 18541 10707 W System.err: 	at libcore.io.ForwardingOs.open(ForwardingOs.java:567)
06-05 18:28:45.653 18541 10707 W System.err: 	at libcore.io.BlockGuardOs.open(BlockGuardOs.java:273)
06-05 18:28:45.653 18541 10707 W System.err: 	at libcore.io.ForwardingOs.open(ForwardingOs.java:567)
06-05 18:28:45.653 18541 10707 W System.err: 	at android.app.ActivityThread$AndroidOs.open(ActivityThread.java:7980)
06-05 18:28:45.653 18541 10707 W System.err: 	at libcore.io.IoBridge.open(IoBridge.java:561)
06-05 18:28:45.654 18541 10707 W System.err: 	... 10 more
06-05 18:28:45.657  1103  1596 V APM::EffectDescriptor: setEffectEnabled(false) total CPU 0
06-05 18:28:45.657  1103  2327 D AudioFlinger: updateWakeLockUids_l AudioOut_1D uids:10383
06-05 18:28:45.658   975   975 D msm8974_platform: platform_split_snd_device: snd_device(2) num devices(1) new_snd_devices(0)
06-05 18:28:45.658  1103  1596 V APM::EffectDescriptor: unregisterEffect() effect Volume listener for Music, ID 795, memory 1 total memory 2
06-05 18:28:45.658  1103  1596 D APM_AudioPolicyManager: stopOutput portId 422
06-05 18:28:45.658  1103  1596 D APM_AudioPolicyManager: stopOutput() output 29, stream 3, session 5945
06-05 18:28:45.676  1582 11428 I OMX-VDEC-1080P: set_frame_rate: the current time is 182845
06-05 18:28:45.678  1582 11428 I OMX-VDEC-1080P: set_frame_rate: the current time is 182845
06-05 18:28:45.679  1582 11428 I OMX-VDEC-1080P: set_frame_rate: the current time is 182845
06-05 18:28:45.696   975 28792 D audio_hw_primary: out_set_parameters: enter: usecase(0: deep-buffer-playback) kvpairs: appname=-com.ss.android.ugc.trill
06-05 18:28:45.696   975 28792 D audio_hw_primary: [hal_apptype] out_set_parameters() -com.ss.android.ugc.trill [1 0x80 0x80 0x80]
06-05 18:28:45.697  1103  1596 D APM_AudioPolicyManager: releaseOutput portId 422
06-05 18:28:45.697  1103  1596 D APM_AudioPolicyManager: releaseOutput() output 29, stream 3, session 5945 [uid=10383]
06-05 18:28:45.706  1582  9640 I OMX_VPP : VppOmxComponent::registerVppFakeBuf buffer with size 15 id 14 ts=0 flags:0
06-05 18:28:45.711  1582 11428 I OMX-VDEC-1080P: set_frame_rate: the current time is 182845
06-05 18:28:45.727  1582 11428 I OMX-VDEC-1080P: set_frame_rate: the current time is 182845
06-05 18:28:45.744  1582 11428 I OMX-VDEC-1080P: set_frame_rate: the current time is 182845
06-05 18:28:45.761  1582 11428 I OMX-VDEC-1080P: set_frame_rate: the current time is 182845
06-05 18:28:45.777  1582 11428 I OMX-VDEC-1080P: set_frame_rate: the current time is 182845
06-05 18:28:45.794  1582 11428 I OMX-VDEC-1080P: set_frame_rate: the current time is 182845
06-05 18:28:45.811  1582 11428 I OMX-VDEC-1080P: set_frame_rate: the current time is 182845
06-05 18:28:45.827  1582 11428 I OMX-VDEC-1080P: set_frame_rate: the current time is 182845
06-05 18:28:45.843  1582 11428 I OMX-VDEC-1080P: set_frame_rate: the current time is 182845
06-05 18:28:45.861  1582 11428 I OMX-VDEC-1080P: set_frame_rate: the current time is 182845
06-05 18:28:45.877 18541 10727 W System.err: org.json.JSONException: No value for information
06-05 18:28:45.877 18541 10727 W System.err: 	at org.json.JSONObject.get(JSONObject.java:403)
06-05 18:28:45.877 18541 10727 W System.err: 	at org.json.JSONObject.getString(JSONObject.java:564)
06-05 18:28:45.877 18541 10727 W System.err: 	at X.6MB.LIZ(SourceFile:33816600)
06-05 18:28:45.877 18541 10727 W System.err: 	at X.6Lf.LIZJ(SourceFile:17039373)
06-05 18:28:45.877 18541 10727 W System.err: 	at X.8c8.LIZIZ(SourceFile:393228)
06-05 18:28:45.877 18541 10727 W System.err: 	at X.8cB.call(SourceFile:262146)
06-05 18:28:45.877 18541 10727 W System.err: 	at X.0BO.run(SourceFile:262166)
06-05 18:28:45.877 18541 10727 W System.err: 	at X.0fb.run(SourceFile:459005)
06-05 18:28:45.877 18541 10727 W System.err: 	at java.util.concurrent.ThreadPoolExecutor.runWorker(ThreadPoolExecutor.java:1167)
06-05 18:28:45.877 18541 10727 W System.err: 	at java.util.concurrent.ThreadPoolExecutor$Worker.run(ThreadPoolExecutor.java:641)
06-05 18:28:45.877 18541 10727 W System.err: 	at X.0ff.run(SourceFile:131081)
06-05 18:28:45.877 18541 10727 W System.err: 	at java.lang.Thread.run(Thread.java:920)
06-05 18:28:45.877 18541 10727 W System.err: org.json.JSONException: No value for com.android.information
06-05 18:28:45.877 18541 10727 W System.err: 	at org.json.JSONObject.get(JSONObject.java:403)
06-05 18:28:45.877 18541 10727 W System.err: 	at org.json.JSONObject.getString(JSONObject.java:564)
06-05 18:28:45.877 18541 10727 W System.err: 	at X.6MB.LIZ(SourceFile:33816600)
06-05 18:28:45.877 18541 10727 W System.err: 	at X.6Lf.LIZJ(SourceFile:17039373)
06-05 18:28:45.877 18541 10727 W System.err: 	at X.8c8.LIZIZ(SourceFile:393243)
06-05 18:28:45.877 18541 10727 W System.err: 	at X.8cB.call(SourceFile:262146)
06-05 18:28:45.877 18541 10727 W System.err: 	at X.0BO.run(SourceFile:262166)
06-05 18:28:45.877 18541 10727 W System.err: 	at X.0fb.run(SourceFile:459005)
06-05 18:28:45.877 18541 10727 W System.err: 	at java.util.concurrent.ThreadPoolExecutor.runWorker(ThreadPoolExecutor.java:1167)
06-05 18:28:45.877 18541 10727 W System.err: 	at java.util.concurrent.ThreadPoolExecutor$Worker.run(ThreadPoolExecutor.java:641)
06-05 18:28:45.877  1582 11428 I OMX-VDEC-1080P: set_frame_rate: the current time is 182845
06-05 18:28:45.877 18541 10727 W System.err: 	at X.0ff.run(SourceFile:131081)
06-05 18:28:45.877 18541 10727 W System.err: 	at java.lang.Thread.run(Thread.java:920)
06-05 18:28:45.877 18541 10727 W System.err: org.json.JSONException: No value for com.apple.quicktime.information
06-05 18:28:45.877 18541 10727 W System.err: 	at org.json.JSONObject.get(JSONObject.java:403)
06-05 18:28:45.877 18541 10727 W System.err: 	at org.json.JSONObject.getString(JSONObject.java:564)
06-05 18:28:45.877 18541 10727 W System.err: 	at X.6MB.LIZ(SourceFile:33816600)
06-05 18:28:45.877 18541 10727 W System.err: 	at X.6Lf.LIZJ(SourceFile:17039373)
06-05 18:28:45.877 18541 10727 W System.err: 	at X.8c8.LIZIZ(SourceFile:393258)
06-05 18:28:45.877 18541 10727 W System.err: 	at X.8cB.call(SourceFile:262146)
06-05 18:28:45.877 18541 10727 W System.err: 	at X.0BO.run(SourceFile:262166)
06-05 18:28:45.877 18541 10727 W System.err: 	at X.0fb.run(SourceFile:459005)
06-05 18:28:45.877 18541 10727 W System.err: 	at java.util.concurrent.ThreadPoolExecutor.runWorker(ThreadPoolExecutor.java:1167)
06-05 18:28:45.878 18541 10727 W System.err: 	at java.util.concurrent.ThreadPoolExecutor$Worker.run(ThreadPoolExecutor.java:641)
06-05 18:28:45.878 18541 10727 W System.err: 	at X.0ff.run(SourceFile:131081)
06-05 18:28:45.878 18541 10727 W System.err: 	at java.lang.Thread.run(Thread.java:920)
06-05 18:28:45.895  1582 11428 I OMX-VDEC-1080P: set_frame_rate: the current time is 182845
06-05 18:28:45.911  1582 11428 I OMX-VDEC-1080P: set_frame_rate: the current time is 182845
06-05 18:28:45.927  1582 11428 I OMX-VDEC-1080P: set_frame_rate: the current time is 182845
06-05 18:28:45.943  1582 11428 I OMX-VDEC-1080P: set_frame_rate: the current time is 182845
06-05 18:28:45.961  1582 11428 I OMX-VDEC-1080P: set_frame_rate: the current time is 182845
06-05 18:28:45.977  1582 11428 I OMX-VDEC-1080P: set_frame_rate: the current time is 182845
06-05 18:28:45.994  1582 11428 I OMX-VDEC-1080P: set_frame_rate: the current time is 182845
06-05 18:28:46.010  1582 11428 I OMX-VDEC-1080P: set_frame_rate: the current time is 182846
06-05 18:28:46.027  1582 11428 I OMX-VDEC-1080P: set_frame_rate: the current time is 182846
06-05 18:28:46.044  1582 11428 I OMX-VDEC-1080P: set_frame_rate: the current time is 182846
06-05 18:28:46.056 18541 10926 I ttheif_dec: heif_info : data_size:5832 is_grid:0 has_clap:0 is_seqence;0 cols:0 rows:0 width:360 height:640 angle:0.
06-05 18:28:46.061  1582 11428 I OMX-VDEC-1080P: set_frame_rate: the current time is 182846
06-05 18:28:46.077  1582 11428 I OMX-VDEC-1080P: set_frame_rate: the current time is 182846
06-05 18:28:46.094  1582 11428 I OMX-VDEC-1080P: set_frame_rate: the current time is 182846
06-05 18:28:46.111  1582 11428 I OMX-VDEC-1080P: set_frame_rate: the current time is 182846
06-05 18:28:46.126  1582 11428 I OMX-VDEC-1080P: set_frame_rate: the current time is 182846
06-05 18:28:46.144  1582 11428 I OMX-VDEC-1080P: set_frame_rate: the current time is 182846
06-05 18:28:46.161  1582 11428 I OMX-VDEC-1080P: set_frame_rate: the current time is 182846
06-05 18:28:46.177  1582 11428 I OMX-VDEC-1080P: set_frame_rate: the current time is 182846
06-05 18:28:46.193  1582 11428 I OMX-VDEC-1080P: set_frame_rate: the current time is 182846
06-05 18:28:46.211  1582 11428 I OMX-VDEC-1080P: set_frame_rate: the current time is 182846
06-05 18:28:46.227  1582 11428 I OMX-VDEC-1080P: set_frame_rate: the current time is 182846
06-05 18:28:46.244  1582 11428 I OMX-VDEC-1080P: set_frame_rate: the current time is 182846
06-05 18:28:46.261  1582 11428 I OMX-VDEC-1080P: set_frame_rate: the current time is 182846
06-05 18:28:46.277  1582 11428 I OMX-VDEC-1080P: set_frame_rate: the current time is 182846
06-05 18:28:46.294  1582 11428 I OMX-VDEC-1080P: set_frame_rate: the current time is 182846
06-05 18:28:46.311  1582 11428 I OMX-VDEC-1080P: set_frame_rate: the current time is 182846
06-05 18:28:46.327  1582 11428 I OMX-VDEC-1080P: set_frame_rate: the current time is 182846
06-05 18:28:46.344  1582 11428 I OMX-VDEC-1080P: set_frame_rate: the current time is 182846
06-05 18:28:46.361  1582 11428 I OMX-VDEC-1080P: set_frame_rate: the current time is 182846
06-05 18:28:46.377  1582 11428 I OMX-VDEC-1080P: set_frame_rate: the current time is 182846
06-05 18:28:46.394  1582 11428 I OMX-VDEC-1080P: set_frame_rate: the current time is 182846
06-05 18:28:46.411  1582 11428 I OMX-VDEC-1080P: set_frame_rate: the current time is 182846
06-05 18:28:46.427  1582 11428 I OMX-VDEC-1080P: set_frame_rate: the current time is 182846
06-05 18:28:46.444  1582 11428 I OMX-VDEC-1080P: set_frame_rate: the current time is 182846
06-05 18:28:46.461  1582 11428 I OMX-VDEC-1080P: set_frame_rate: the current time is 182846
06-05 18:28:46.477  1582 11428 I OMX-VDEC-1080P: set_frame_rate: the current time is 182846
06-05 18:28:46.488 18541 18552 E jato    : gc block end, 5513945,590
06-05 18:28:46.494  1582 11428 I OMX-VDEC-1080P: set_frame_rate: the current time is 182846
06-05 18:28:46.511  1582 11428 I OMX-VDEC-1080P: set_frame_rate: the current time is 182846
06-05 18:28:46.531  1582 11428 I OMX-VDEC-1080P: set_frame_rate: the current time is 182846
06-05 18:28:46.544  1582 11428 I OMX-VDEC-1080P: set_frame_rate: the current time is 182846
06-05 18:28:46.561  1582 11428 I OMX-VDEC-1080P: set_frame_rate: the current time is 182846
06-05 18:28:46.578  1582 11428 I OMX-VDEC-1080P: set_frame_rate: the current time is 182846
06-05 18:28:46.595  1582 11428 I OMX-VDEC-1080P: set_frame_rate: the current time is 182846
06-05 18:28:46.611  1582 11428 I OMX-VDEC-1080P: set_frame_rate: the current time is 182846
06-05 18:28:46.627  1582 11428 I OMX-VDEC-1080P: set_frame_rate: the current time is 182846
06-05 18:28:46.645  1582 11428 I OMX-VDEC-1080P: set_frame_rate: the current time is 182846
06-05 18:28:46.662  1582 11428 I OMX-VDEC-1080P: set_frame_rate: the current time is 182846
06-05 18:28:46.677  1582 11428 I OMX-VDEC-1080P: set_frame_rate: the current time is 182846
06-05 18:28:46.694  1582 11428 I OMX-VDEC-1080P: set_frame_rate: the current time is 182846
06-05 18:28:46.711  1582 11428 I OMX-VDEC-1080P: set_frame_rate: the current time is 182846
06-05 18:28:46.728  1582 11428 I OMX-VDEC-1080P: set_frame_rate: the current time is 182846
06-05 18:28:46.748  1582 11428 I OMX-VDEC-1080P: set_frame_rate: the current time is 182846
06-05 18:28:46.762  1582 11428 I OMX-VDEC-1080P: set_frame_rate: the current time is 182846
06-05 18:28:46.777  1582 11428 I OMX-VDEC-1080P: set_frame_rate: the current time is 182846
06-05 18:28:46.794  1582 11428 I OMX-VDEC-1080P: set_frame_rate: the current time is 182846
06-05 18:28:46.812  1582 11428 I OMX-VDEC-1080P: set_frame_rate: the current time is 182846
06-05 18:28:46.827  1582 11428 I OMX-VDEC-1080P: set_frame_rate: the current time is 182846
06-05 18:28:46.841  2999  3462 D MI_RIL_OEM_HOOK: onPkHookCommonMsg, msg_id = 65
06-05 18:28:46.841  2999  3462 D MI_RIL_OEM_HOOK: onGetHookMsgBytes, HOOK_HEAD_SIZE = 16, msg_len = 4
06-05 18:28:46.841  2999  3462 D MI_RIL_OEM_HOOK: onHookSendSync, phoneId = 0
06-05 18:28:46.841  2930  2930 D QcrilMsgTunnelIfaceManager: handleMessage what = 1
06-05 18:28:46.841  2930  2930 I QcrilOemhookMsgTunnel: [0]invokeOemRilRequestRaw: serial=2121 length=36
06-05 18:28:46.845  1582 11428 I OMX-VDEC-1080P: set_frame_rate: the current time is 182846
06-05 18:28:46.861  1582 11428 I OMX-VDEC-1080P: set_frame_rate: the current time is 182846
06-05 18:28:46.877  1582 11428 I OMX-VDEC-1080P: set_frame_rate: the current time is 182846
06-05 18:28:46.880  1793  2006 D XIAOMI_QCRIL: RIL[lib][xiaomi_extend_nvefs.c:52] xiaomi_qmi_result_map: xiaomi_qmi_result_map, old_result 0, new_result 0
06-05 18:28:46.880  2930  3267 I QcrilOemhookMsgTunnel: [0]processOemHookResponse serial no: 2121 error: 0length=16
06-05 18:28:46.880  2930  2930 D QcrilMsgTunnelIfaceManager: handleMessage what = 2
06-05 18:28:46.881  2999  3462 D QC_RIL_OEM_HOOK: sendOemRilRequestRaw returns value = 16
06-05 18:28:46.881  2999  3462 D ModemSarController_8250: type = 65, len = 4, value = 0
06-05 18:28:46.895  1582 11428 I OMX-VDEC-1080P: set_frame_rate: the current time is 182846
06-05 18:28:46.911  1582 11428 I OMX-VDEC-1080P: set_frame_rate: the current time is 182846
06-05 18:28:46.927  1582 11428 I OMX-VDEC-1080P: set_frame_rate: the current time is 182846
06-05 18:28:46.944  1582 11428 I OMX-VDEC-1080P: set_frame_rate: the current time is 182846
06-05 18:28:46.961  1582 11428 I OMX-VDEC-1080P: set_frame_rate: the current time is 182846
06-05 18:28:46.977  1582 11428 I OMX-VDEC-1080P: set_frame_rate: the current time is 182846
06-05 18:28:46.994  1582 11428 I OMX-VDEC-1080P: set_frame_rate: the current time is 182846
06-05 18:28:47.011  1582 11428 I OMX-VDEC-1080P: set_frame_rate: the current time is 182847
06-05 18:28:47.028  1582 11428 I OMX-VDEC-1080P: set_frame_rate: the current time is 182847
06-05 18:28:47.045  1582 11428 I OMX-VDEC-1080P: set_frame_rate: the current time is 182847
06-05 18:28:47.064  1582 11428 I OMX-VDEC-1080P: set_frame_rate: the current time is 182847
06-05 18:28:47.078  1582 11428 I OMX-VDEC-1080P: set_frame_rate: the current time is 182847
06-05 18:28:47.095  1582 11428 I OMX-VDEC-1080P: set_frame_rate: the current time is 182847
06-05 18:28:47.112  1582 11428 I OMX-VDEC-1080P: set_frame_rate: the current time is 182847
06-05 18:28:47.128  1582 11428 I OMX-VDEC-1080P: set_frame_rate: the current time is 182847
06-05 18:28:47.145  1582 11428 I OMX-VDEC-1080P: set_frame_rate: the current time is 182847
06-05 18:28:47.163  1582 11428 I OMX-VDEC-1080P: set_frame_rate: the current time is 182847
06-05 18:28:47.180  1582 11428 I OMX-VDEC-1080P: set_frame_rate: the current time is 182847
06-05 18:28:47.195  1582 11428 I OMX-VDEC-1080P: set_frame_rate: the current time is 182847
06-05 18:28:47.212  1582 11428 I OMX-VDEC-1080P: set_frame_rate: the current time is 182847
06-05 18:28:47.228  1582 11428 I OMX-VDEC-1080P: set_frame_rate: the current time is 182847
06-05 18:28:47.245  1582 11428 I OMX-VDEC-1080P: set_frame_rate: the current time is 182847
06-05 18:28:47.264  1582 11428 I OMX-VDEC-1080P: set_frame_rate: the current time is 182847
06-05 18:28:47.278  1582 11428 I OMX-VDEC-1080P: set_frame_rate: the current time is 182847
06-05 18:28:47.298  1582 11428 I OMX-VDEC-1080P: set_frame_rate: the current time is 182847
06-05 18:28:47.312  1582 11428 I OMX-VDEC-1080P: set_frame_rate: the current time is 182847
06-05 18:28:47.329  1582 11428 I OMX-VDEC-1080P: set_frame_rate: the current time is 182847
06-05 18:28:47.346  1582 11428 I OMX-VDEC-1080P: set_frame_rate: the current time is 182847
06-05 18:28:47.363  1582 11428 I OMX-VDEC-1080P: set_frame_rate: the current time is 182847
06-05 18:28:47.380  1582 11428 I OMX-VDEC-1080P: set_frame_rate: the current time is 182847
06-05 18:28:47.396  1582 11428 I OMX-VDEC-1080P: set_frame_rate: the current time is 182847
06-05 18:28:47.412  1582 11428 I OMX-VDEC-1080P: set_frame_rate: the current time is 182847
06-05 18:28:47.429  1582 11428 I OMX-VDEC-1080P: set_frame_rate: the current time is 182847
06-05 18:28:47.446  1582 11428 I OMX-VDEC-1080P: set_frame_rate: the current time is 182847
06-05 18:28:47.462  1582 11428 I OMX-VDEC-1080P: set_frame_rate: the current time is 182847
06-05 18:28:47.478  1582 11428 I OMX-VDEC-1080P: set_frame_rate: the current time is 182847
06-05 18:28:47.496  1582 11428 I OMX-VDEC-1080P: set_frame_rate: the current time is 182847
06-05 18:28:47.513  1582 11428 I OMX-VDEC-1080P: set_frame_rate: the current time is 182847
06-05 18:28:47.528  1582 11428 I OMX-VDEC-1080P: set_frame_rate: the current time is 182847
06-05 18:28:47.546  1582 11428 I OMX-VDEC-1080P: set_frame_rate: the current time is 182847
06-05 18:28:47.564  1582 11428 I OMX-VDEC-1080P: set_frame_rate: the current time is 182847
06-05 18:28:47.579  1582 11428 I OMX-VDEC-1080P: set_frame_rate: the current time is 182847
06-05 18:28:47.579  1582 11428 I OMX-VDEC-1080P: set_frame_rate: the current time is 182847
06-05 18:28:47.579  1582 11428 I OMX-VDEC-1080P: set_frame_rate: the current time is 182847
06-05 18:28:47.629  1582 11428 I OMX-VDEC-1080P: set_frame_rate: the current time is 182847
