06-05 18:29:25.200  1582  5405 I OMX_VPP : VppOmxComponent::registerVppFakeBuf buffer with size 4 id 3 ts=0 flags:0
06-05 18:29:25.202  1582  5405 I OMX_VPP : VppOmxComponent::registerVppFakeBuf buffer with size 5 id 4 ts=0 flags:0
06-05 18:29:25.202  1582 18912 I OMX_VPP : VppOmxComponent::registerVppFakeBuf buffer with size 6 id 5 ts=0 flags:0
06-05 18:29:25.202  1582  9640 I OMX_VPP : VppOmxComponent::registerVppFakeBuf buffer with size 7 id 6 ts=0 flags:0
06-05 18:29:25.202  1582 18912 I OMX_VPP : VppOmxComponent::registerVppFakeBuf buffer with size 8 id 7 ts=0 flags:0
06-05 18:29:25.203  1582 18912 I OMX_VPP : VppOmxComponent::registerVppFakeBuf buffer with size 9 id 8 ts=0 flags:0
06-05 18:29:25.203  1582 18912 I OMX_VPP : VppOmxComponent::registerVppFakeBuf buffer with size 10 id 9 ts=0 flags:0
06-05 18:29:25.203  1582  9640 I OMX_VPP : VppOmxComponent::registerVppFakeBuf buffer with size 11 id 10 ts=0 flags:0
06-05 18:29:25.203  1582  5405 I OMX_VPP : VppOmxComponent::registerVppFakeBuf buffer with size 12 id 11 ts=0 flags:0
06-05 18:29:25.204  1582  9640 I OMX_VPP : VppOmxComponent::registerVppFakeBuf buffer with size 13 id 12 ts=0 flags:0
06-05 18:29:25.204  1582  9640 I OMX_VPP : VppOmxComponent::registerVppFakeBuf buffer with size 14 id 13 ts=0 flags:0
06-05 18:29:25.205  1582 19624 I OMX_VPP : VppOmxComponent::registerVppFakeBuf buffer with size 15 id 14 ts=0 flags:0
06-05 18:29:25.211  1582 11519 I OMX-VDEC-1080P: set_frame_rate: the current time is 182925
06-05 18:29:25.211  1582 11519 I OMX-VDEC-1080P: set_frame_rate: the current time is 182925
06-05 18:29:25.212  1582 11519 I OMX-VDEC-1080P: set_frame_rate: the current time is 182925
06-05 18:29:25.214  1582 11519 I OMX-VDEC-1080P: set_frame_rate: the current time is 182925
06-05 18:29:25.214  1582 11519 I OMX-VDEC-1080P: set_frame_rate: the current time is 182925
06-05 18:29:25.215  1582 11519 I OMX-VDEC-1080P: set_frame_rate: the current time is 182925
06-05 18:29:25.217  1582 11519 I OMX-VDEC-1080P: set_frame_rate: the current time is 182925
06-05 18:29:25.219  1582 11519 I OMX-VDEC-1080P: set_frame_rate: the current time is 182925
06-05 18:29:25.219  1582 11519 I OMX-VDEC-1080P: set_frame_rate: the current time is 182925
06-05 18:29:25.266  1582 11519 I OMX-VDEC-1080P: set_frame_rate: the current time is 182925
06-05 18:29:25.307  1582 11519 I OMX-VDEC-1080P: set_frame_rate: the current time is 182925
06-05 18:29:25.333  1582 11519 I OMX-VDEC-1080P: set_frame_rate: the current time is 182925
06-05 18:29:25.366  1582 11519 I OMX-VDEC-1080P: set_frame_rate: the current time is 182925
06-05 18:29:25.396  2999  2999 D DynamicService:  ACTION_BATTERY_CHANGED change,USB plug = 2
06-05 18:29:25.397  6316  6316 I BatteryInfoReceiver: ACTION_BATTERY_CHANGED
06-05 18:29:25.400  7552  7931 D ThermalIECHandler: storeDataStyle: thermal_iec_monitor_persistence_data_style_iec_state; startIECTime: -1; IECScreenOffOverPeriodTime: -1
06-05 18:29:25.400  7552  7857 D PowerCheckerService: onBatteryChanged, mBatteryLevel = 56, status = 2, level = 56, plug = 2, scale = 100
06-05 18:29:25.401  7552  7645 D PowerKeeper.Thermal: mBatteryTemperature: 40
06-05 18:29:25.402  2992  2992 V DeviceStatisticsService: chargerType=2 batteryLevel=56 totalBatteryCapacity=4256300
06-05 18:29:25.402  2992  2992 D DeviceInfoHidlClient: isRadioOn()=true
06-05 18:29:25.402  2992  2992 I DeviceInfoHidlClient: isPowerInfoNeverSent=false batteryLevel=56 batteryLevelIndex=2 chargingMode=2 totalCapacity=4256300 powerSaveMode=false
06-05 18:29:25.404  1582 11519 I OMX-VDEC-1080P: set_frame_rate: the current time is 182925
06-05 18:29:25.433  1582 11519 I OMX-VDEC-1080P: set_frame_rate: the current time is 182925
06-05 18:29:25.467  1582 11519 I OMX-VDEC-1080P: set_frame_rate: the current time is 182925
06-05 18:29:25.503  1582 11519 I OMX-VDEC-1080P: set_frame_rate: the current time is 182925
06-05 18:29:25.519  4226  6018 I CarrierServices: [60] cfi.c: Connected state: [1], networkType: [WIFI]
06-05 18:29:25.533  1582 11519 I OMX-VDEC-1080P: set_frame_rate: the current time is 182925
06-05 18:29:25.566  1582 11519 I OMX-VDEC-1080P: set_frame_rate: the current time is 182925
06-05 18:29:25.599  1582 11519 I OMX-VDEC-1080P: set_frame_rate: the current time is 182925
06-05 18:29:25.633  1582 11519 I OMX-VDEC-1080P: set_frame_rate: the current time is 182925
06-05 18:29:25.667  1582 11519 I OMX-VDEC-1080P: set_frame_rate: the current time is 182925
06-05 18:29:25.700  1582 11519 I OMX-VDEC-1080P: set_frame_rate: the current time is 182925
06-05 18:29:25.734  1582 11519 I OMX-VDEC-1080P: set_frame_rate: the current time is 182925
06-05 18:29:25.767  1582 11519 I OMX-VDEC-1080P: set_frame_rate: the current time is 182925
06-05 18:29:25.800  1582 11519 I OMX-VDEC-1080P: set_frame_rate: the current time is 182925
06-05 18:29:25.834  1582 11519 I OMX-VDEC-1080P: set_frame_rate: the current time is 182925
06-05 18:29:25.867  1582 11519 I OMX-VDEC-1080P: set_frame_rate: the current time is 182925
06-05 18:29:25.871  7784  8309 I cr.sandbox: BrowserIOThread heartbeat, interval/index: 30s/14, render: 11(NORMAL_WITHOUT_SECCOMP), gpu: 2(FULL)
06-05 18:29:25.900  1582 11519 I OMX-VDEC-1080P: set_frame_rate: the current time is 182925
06-05 18:29:25.934  1582 11519 I OMX-VDEC-1080P: set_frame_rate: the current time is 182925
06-05 18:29:25.968  1582 11519 I OMX-VDEC-1080P: set_frame_rate: the current time is 182925
06-05 18:29:26.000  1582 11519 I OMX-VDEC-1080P: set_frame_rate: the current time is 182925
06-05 18:29:26.034  1582 11519 I OMX-VDEC-1080P: set_frame_rate: the current time is 182926
06-05 18:29:26.067  1582 11519 I OMX-VDEC-1080P: set_frame_rate: the current time is 182926
06-05 18:29:26.100  1582 11519 I OMX-VDEC-1080P: set_frame_rate: the current time is 182926
06-05 18:29:26.122  4385  4385 D BoundBrokerSvc: onUnbind: Intent { act=com.google.android.gms.measurement.START pkg=com.google.android.gms }
06-05 18:29:26.124  1850  2634 I MiuiNetworkPolicy: updateUidState uid = 10188, uidState = 5
06-05 18:29:26.135  1582 11519 I OMX-VDEC-1080P: set_frame_rate: the current time is 182926
06-05 18:29:26.167  1582 11519 I OMX-VDEC-1080P: set_frame_rate: the current time is 182926
06-05 18:29:26.201  1582 11519 I OMX-VDEC-1080P: set_frame_rate: the current time is 182926
06-05 18:29:26.234  1582 11519 I OMX-VDEC-1080P: set_frame_rate: the current time is 182926
06-05 18:29:26.268  1582 11519 I OMX-VDEC-1080P: set_frame_rate: the current time is 182926
06-05 18:29:26.299  1582 11519 I OMX-VDEC-1080P: set_frame_rate: the current time is 182926
06-05 18:29:26.334  1582 11519 I OMX-VDEC-1080P: set_frame_rate: the current time is 182926
06-05 18:29:26.368  1582 11519 I OMX-VDEC-1080P: set_frame_rate: the current time is 182926
06-05 18:29:26.401  1582 11519 I OMX-VDEC-1080P: set_frame_rate: the current time is 182926
06-05 18:29:26.433  8162  8343 I cr.sandbox.render: RenderIOThread heartbeat, interval/index: 30s/14, render: 11(NORMAL_WITHOUT_SECCOMP), gpu: 2(FULL)
06-05 18:29:26.434  1582 11519 I OMX-VDEC-1080P: set_frame_rate: the current time is 182926
06-05 18:29:26.466  1582 11519 I OMX-VDEC-1080P: set_frame_rate: the current time is 182926
06-05 18:29:26.501  1582 11519 I OMX-VDEC-1080P: set_frame_rate: the current time is 182926
06-05 18:29:26.535  1582 11519 I OMX-VDEC-1080P: set_frame_rate: the current time is 182926
06-05 18:29:26.568  1582 11519 I OMX-VDEC-1080P: set_frame_rate: the current time is 182926
06-05 18:29:26.601  1582 11519 I OMX-VDEC-1080P: set_frame_rate: the current time is 182926
06-05 18:29:26.618  8163  8308 I cr.sandbox.gpu: GpuMainThread heartbeat, interval/index: 30/14
06-05 18:29:26.634  1582 11519 I OMX-VDEC-1080P: set_frame_rate: the current time is 182926
06-05 18:29:26.667  1582 11519 I OMX-VDEC-1080P: set_frame_rate: the current time is 182926
06-05 18:29:26.700  1582 11519 I OMX-VDEC-1080P: set_frame_rate: the current time is 182926
06-05 18:29:26.734  1582 11519 I OMX-VDEC-1080P: set_frame_rate: the current time is 182926
06-05 18:29:26.766  1582 11519 I OMX-VDEC-1080P: set_frame_rate: the current time is 182926
06-05 18:29:26.799  1582 11519 I OMX-VDEC-1080P: set_frame_rate: the current time is 182926
06-05 18:29:26.833  1582 11519 I OMX-VDEC-1080P: set_frame_rate: the current time is 182926
06-05 18:29:26.867  1582 11519 I OMX-VDEC-1080P: set_frame_rate: the current time is 182926
06-05 18:29:26.900  1582 11519 I OMX-VDEC-1080P: set_frame_rate: the current time is 182926
06-05 18:29:26.934  1582 11519 I OMX-VDEC-1080P: set_frame_rate: the current time is 182926
06-05 18:29:26.967  1582 11519 I OMX-VDEC-1080P: set_frame_rate: the current time is 182926
06-05 18:29:26.990  8162  8303 I cr.sandbox.render: RenderMainThread heartbeat, interval/index: 30s/14, render: 11(NORMAL_WITHOUT_SECCOMP), gpu: 2(FULL)
06-05 18:29:26.999  1582 11519 I OMX-VDEC-1080P: set_frame_rate: the current time is 182926
06-05 18:29:27.033  1582 11519 I OMX-VDEC-1080P: set_frame_rate: the current time is 182927
06-05 18:29:27.067  1582 11519 I OMX-VDEC-1080P: set_frame_rate: the current time is 182927
06-05 18:29:27.100  1582 11519 I OMX-VDEC-1080P: set_frame_rate: the current time is 182927
06-05 18:29:27.134  1582 11519 I OMX-VDEC-1080P: set_frame_rate: the current time is 182927
06-05 18:29:27.166  1582 11519 I OMX-VDEC-1080P: set_frame_rate: the current time is 182927
06-05 18:29:27.176  2999  3462 D MI_RIL_OEM_HOOK: onPkHookCommonMsg, msg_id = 65
06-05 18:29:27.176  2999  3462 D MI_RIL_OEM_HOOK: onGetHookMsgBytes, HOOK_HEAD_SIZE = 16, msg_len = 4
06-05 18:29:27.177  2999  3462 D MI_RIL_OEM_HOOK: onHookSendSync, phoneId = 0
06-05 18:29:27.178  2930  2930 D QcrilMsgTunnelIfaceManager: handleMessage what = 1
06-05 18:29:27.178  2930  2930 I QcrilOemhookMsgTunnel: [0]invokeOemRilRequestRaw: serial=2129 length=36
06-05 18:29:27.199  1582 11519 I OMX-VDEC-1080P: set_frame_rate: the current time is 182927
06-05 18:29:27.219  1793  2006 D XIAOMI_QCRIL: RIL[lib][xiaomi_extend_nvefs.c:52] xiaomi_qmi_result_map: xiaomi_qmi_result_map, old_result 0, new_result 0
06-05 18:29:27.220  2930  3267 I QcrilOemhookMsgTunnel: [0]processOemHookResponse serial no: 2129 error: 0length=16
06-05 18:29:27.220  2930  2930 D QcrilMsgTunnelIfaceManager: handleMessage what = 2
06-05 18:29:27.223  2999  3462 D QC_RIL_OEM_HOOK: sendOemRilRequestRaw returns value = 16
06-05 18:29:27.223  2999  3462 D ModemSarController_8250: type = 65, len = 4, value = 0
06-05 18:29:27.233  1582 11519 I OMX-VDEC-1080P: set_frame_rate: the current time is 182927
06-05 18:29:27.266  1582 11519 I OMX-VDEC-1080P: set_frame_rate: the current time is 182927
06-05 18:29:27.300  1582 11519 I OMX-VDEC-1080P: set_frame_rate: the current time is 182927
06-05 18:29:27.326  1850  2634 D MiuiNetworkPolicy: updateLimit mLimitEnabled=false,enabled=true,mNetworkPriorityMode=0
06-05 18:29:27.334  1582 11519 I OMX-VDEC-1080P: set_frame_rate: the current time is 182927
06-05 18:29:27.366  1582 11519 I OMX-VDEC-1080P: set_frame_rate: the current time is 182927
06-05 18:29:27.399  1582 11519 I OMX-VDEC-1080P: set_frame_rate: the current time is 182927
06-05 18:29:27.433  1582 11519 I OMX-VDEC-1080P: set_frame_rate: the current time is 182927
06-05 18:29:27.467  1582 11519 I OMX-VDEC-1080P: set_frame_rate: the current time is 182927
06-05 18:29:27.500  1582 11519 I OMX-VDEC-1080P: set_frame_rate: the current time is 182927
06-05 18:29:27.534  1582 11519 I OMX-VDEC-1080P: set_frame_rate: the current time is 182927
06-05 18:29:27.567  1582 11519 I OMX-VDEC-1080P: set_frame_rate: the current time is 182927
06-05 18:29:27.599  1582 11519 I OMX-VDEC-1080P: set_frame_rate: the current time is 182927
06-05 18:29:27.634  1582 11519 I OMX-VDEC-1080P: set_frame_rate: the current time is 182927
06-05 18:29:27.667  1582 11519 I OMX-VDEC-1080P: set_frame_rate: the current time is 182927
06-05 18:29:27.686  2999  2999 D DynamicService:  ACTION_BATTERY_CHANGED change,USB plug = 2
06-05 18:29:27.687  2992  2992 V DeviceStatisticsService: chargerType=2 batteryLevel=56 totalBatteryCapacity=4256400
06-05 18:29:27.687  2992  2992 D DeviceInfoHidlClient: isRadioOn()=true
06-05 18:29:27.687  2992  2992 I DeviceInfoHidlClient: isPowerInfoNeverSent=false batteryLevel=56 batteryLevelIndex=2 chargingMode=2 totalCapacity=4256400 powerSaveMode=false
06-05 18:29:27.687  7552  7931 D ThermalIECHandler: storeDataStyle: thermal_iec_monitor_persistence_data_style_iec_state; startIECTime: -1; IECScreenOffOverPeriodTime: -1
06-05 18:29:27.687  6316  6316 I BatteryInfoReceiver: ACTION_BATTERY_CHANGED
06-05 18:29:27.688  7552  7857 D PowerCheckerService: onBatteryChanged, mBatteryLevel = 56, status = 2, level = 56, plug = 2, scale = 100
06-05 18:29:27.689  7552  7645 D PowerKeeper.Thermal: mBatteryTemperature: 40
06-05 18:29:27.699  1582 11519 I OMX-VDEC-1080P: set_frame_rate: the current time is 182927
06-05 18:29:27.734  1582 11519 I OMX-VDEC-1080P: set_frame_rate: the current time is 182927
06-05 18:29:27.767  1582 11519 I OMX-VDEC-1080P: set_frame_rate: the current time is 182927
06-05 18:29:27.799  1582 11519 I OMX-VDEC-1080P: set_frame_rate: the current time is 182927
06-05 18:29:27.833  1582 11519 I OMX-VDEC-1080P: set_frame_rate: the current time is 182927
06-05 18:29:27.867  1582 11519 I OMX-VDEC-1080P: set_frame_rate: the current time is 182927
06-05 18:29:27.899  1582 11519 I OMX-VDEC-1080P: set_frame_rate: the current time is 182927
06-05 18:29:27.933  1582 11519 I OMX-VDEC-1080P: set_frame_rate: the current time is 182927
06-05 18:29:27.967  1582 11519 I OMX-VDEC-1080P: set_frame_rate: the current time is 182927
06-05 18:29:28.000  1582 11519 I OMX-VDEC-1080P: set_frame_rate: the current time is 182928
06-05 18:29:28.026  1103  1103 I audioserver: setGameParameters keyvalue: xlog.volume.music.speaker=34
06-05 18:29:28.026   975  2550 D audio_hw_primary: adev_set_parameters: enter: xlog.volume.music.speaker=34
06-05 18:29:28.027   975  2550 V msm8974_platform: platform_set_parameters: enter: xlog.volume.music.speaker=34
06-05 18:29:28.027   975  2550 D audio_hw_hfp: hfp_set_parameters: enter
06-05 18:29:28.027   975  2550 D audio_hw_hfp: hfp_set_parameters: enter
06-05 18:29:28.027   975  2550 V a2dp_offload: end of a2dp setparam
06-05 18:29:28.027   975  2550 D audio_hw_cspl_cal: cirrus_cal_setparameters: enter 0xf3003600
06-05 18:29:28.027   975  2550 D audio_hw_extn: audio_extn_fm_set_parameters: Enter
06-05 18:29:28.027   975  2550 D audio_hw_hfp: hfp_set_parameters: enter
06-05 18:29:28.027   975  2550 V a2dp_offload: end of a2dp setparam
06-05 18:29:28.027   975  2550 D audio_hw_primary: adev_set_parameters: exit with code(0)
06-05 18:29:28.029  1103  1103 I audioserver: setGameParameters keyvalue: xlog.volume.music.speaker=34
06-05 18:29:28.029   975  2550 D audio_hw_primary: adev_set_parameters: enter: xlog.volume.music.speaker=34
06-05 18:29:28.029   975  2550 V msm8974_platform: platform_set_parameters: enter: xlog.volume.music.speaker=34
06-05 18:29:28.029   975  2550 D audio_hw_hfp: hfp_set_parameters: enter
06-05 18:29:28.029   975  2550 D audio_hw_hfp: hfp_set_parameters: enter
06-05 18:29:28.029   975  2550 V a2dp_offload: end of a2dp setparam
06-05 18:29:28.029   975  2550 D audio_hw_cspl_cal: cirrus_cal_setparameters: enter 0xf3003600
06-05 18:29:28.029   975  2550 D audio_hw_extn: audio_extn_fm_set_parameters: Enter
06-05 18:29:28.029   975  2550 D audio_hw_hfp: hfp_set_parameters: enter
06-05 18:29:28.029   975  2550 V a2dp_offload: end of a2dp setparam
06-05 18:29:28.029   975  2550 D audio_hw_primary: adev_set_parameters: exit with code(0)
06-05 18:29:28.034  1582 11519 I OMX-VDEC-1080P: set_frame_rate: the current time is 182928
06-05 18:29:28.043  1850  2634 I MiuiNetworkPolicy: updateUidState uid = 10285, uidState = 10
06-05 18:29:28.051  1850  2634 I MiuiNetworkPolicy: updateUidState uid = 10285, uidState = 15
06-05 18:29:28.067  1582 11519 I OMX-VDEC-1080P: set_frame_rate: the current time is 182928
06-05 18:29:28.099  1582 11519 I OMX-VDEC-1080P: set_frame_rate: the current time is 182928
06-05 18:29:28.134  1582 11519 I OMX-VDEC-1080P: set_frame_rate: the current time is 182928
06-05 18:29:28.166  1582 11519 I OMX-VDEC-1080P: set_frame_rate: the current time is 182928
06-05 18:29:28.199  1582 11519 I OMX-VDEC-1080P: set_frame_rate: the current time is 182928
06-05 18:29:28.234  1582 11519 I OMX-VDEC-1080P: set_frame_rate: the current time is 182928
06-05 18:29:28.266  1582 11519 I OMX-VDEC-1080P: set_frame_rate: the current time is 182928
06-05 18:29:28.300  1582 11519 I OMX-VDEC-1080P: set_frame_rate: the current time is 182928
06-05 18:29:28.335  1582 11519 I OMX-VDEC-1080P: set_frame_rate: the current time is 182928
06-05 18:29:28.366  1582 11519 I OMX-VDEC-1080P: set_frame_rate: the current time is 182928
06-05 18:29:28.399  1582 11519 I OMX-VDEC-1080P: set_frame_rate: the current time is 182928
06-05 18:29:28.434  1582 11519 I OMX-VDEC-1080P: set_frame_rate: the current time is 182928
06-05 18:29:28.467  1582 11519 I OMX-VDEC-1080P: set_frame_rate: the current time is 182928
06-05 18:29:28.500  1582 11519 I OMX-VDEC-1080P: set_frame_rate: the current time is 182928
06-05 18:29:28.533  1582 11519 I OMX-VDEC-1080P: set_frame_rate: the current time is 182928
06-05 18:29:28.553  4226  6018 I CarrierServices: [60] cfi.c: Connected state: [1], networkType: [WIFI]
06-05 18:29:28.566  1582 11519 I OMX-VDEC-1080P: set_frame_rate: the current time is 182928
06-05 18:29:28.571  7043 11601 W fbservices:PreloadedFbnsService: network state changed, sending preemptive ping.
06-05 18:29:28.600  1582 11519 I OMX-VDEC-1080P: set_frame_rate: the current time is 182928
06-05 18:29:28.637  1582 11519 I OMX-VDEC-1080P: set_frame_rate: the current time is 182928
06-05 18:29:28.667  1582 11519 I OMX-VDEC-1080P: set_frame_rate: the current time is 182928
06-05 18:29:28.701  1582 11519 I OMX-VDEC-1080P: set_frame_rate: the current time is 182928
06-05 18:29:28.734  1582 11519 I OMX-VDEC-1080P: set_frame_rate: the current time is 182928
06-05 18:29:28.767  1582 11519 I OMX-VDEC-1080P: set_frame_rate: the current time is 182928
06-05 18:29:28.801  1582 11519 I OMX-VDEC-1080P: set_frame_rate: the current time is 182928
06-05 18:29:28.833  1582 11519 I OMX-VDEC-1080P: set_frame_rate: the current time is 182928
06-05 18:29:28.867  1582 11519 I OMX-VDEC-1080P: set_frame_rate: the current time is 182928
06-05 18:29:28.901  1582 11519 I OMX-VDEC-1080P: set_frame_rate: the current time is 182928
06-05 18:29:28.933  1582 11519 I OMX-VDEC-1080P: set_frame_rate: the current time is 182928
06-05 18:29:28.969  1582 11519 I OMX-VDEC-1080P: set_frame_rate: the current time is 182928
06-05 18:29:28.999  1582 11519 I OMX-VDEC-1080P: set_frame_rate: the current time is 182928
06-05 18:29:29.034  1582 11519 I OMX-VDEC-1080P: set_frame_rate: the current time is 182929
06-05 18:29:29.066  1582 11519 I OMX-VDEC-1080P: set_frame_rate: the current time is 182929
06-05 18:29:29.100  1582 11519 I OMX-VDEC-1080P: set_frame_rate: the current time is 182929
06-05 18:29:29.134  1582 11519 I OMX-VDEC-1080P: set_frame_rate: the current time is 182929
06-05 18:29:29.135  1582 11519 I OMX-VDEC-1080P: set_frame_rate: the current time is 182929
06-05 18:29:29.135  1582 11519 I OMX-VDEC-1080P: set_frame_rate: the current time is 182929
06-05 18:29:29.234  1582 11519 I OMX-VDEC-1080P: set_frame_rate: the current time is 182929
06-05 18:29:29.266  1582 11519 I OMX-VDEC-1080P: set_frame_rate: the current time is 182929
06-05 18:29:29.299  1582 11519 I OMX-VDEC-1080P: set_frame_rate: the current time is 182929
06-05 18:29:29.334  1582 11519 I OMX-VDEC-1080P: set_frame_rate: the current time is 182929
06-05 18:29:29.367  1582 11519 I OMX-VDEC-1080P: set_frame_rate: the current time is 182929
06-05 18:29:29.400  1582 11519 I OMX-VDEC-1080P: set_frame_rate: the current time is 182929
06-05 18:29:29.434  1582 11519 I OMX-VDEC-1080P: set_frame_rate: the current time is 182929
06-05 18:29:29.467  1582 11519 I OMX-VDEC-1080P: set_frame_rate: the current time is 182929
06-05 18:29:29.499  1582 11519 I OMX-VDEC-1080P: set_frame_rate: the current time is 182929
06-05 18:29:29.534  1582 11519 I OMX-VDEC-1080P: set_frame_rate: the current time is 182929
06-05 18:29:29.567  1582 11519 I OMX-VDEC-1080P: set_frame_rate: the current time is 182929
06-05 18:29:29.599  1582 11519 I OMX-VDEC-1080P: set_frame_rate: the current time is 182929
06-05 18:29:29.633  1582 11519 I OMX-VDEC-1080P: set_frame_rate: the current time is 182929
06-05 18:29:29.666  1582 11519 I OMX-VDEC-1080P: set_frame_rate: the current time is 182929
06-05 18:29:29.700  1582 11519 I OMX-VDEC-1080P: set_frame_rate: the current time is 182929
06-05 18:29:29.734  1582 11519 I OMX-VDEC-1080P: set_frame_rate: the current time is 182929
06-05 18:29:29.767  1582 11519 I OMX-VDEC-1080P: set_frame_rate: the current time is 182929
06-05 18:29:29.800  1582 11519 I OMX-VDEC-1080P: set_frame_rate: the current time is 182929
06-05 18:29:29.834  1582 11519 I OMX-VDEC-1080P: set_frame_rate: the current time is 182929
06-05 18:29:29.867  1582 11519 I OMX-VDEC-1080P: set_frame_rate: the current time is 182929
06-05 18:29:29.900  1582 11519 I OMX-VDEC-1080P: set_frame_rate: the current time is 182929
06-05 18:29:29.933  1582 11519 I OMX-VDEC-1080P: set_frame_rate: the current time is 182929
06-05 18:29:29.966  1582 11519 I OMX-VDEC-1080P: set_frame_rate: the current time is 182929
06-05 18:29:30.000  1582 11519 I OMX-VDEC-1080P: set_frame_rate: the current time is 182930
06-05 18:29:30.034  1582 11519 I OMX-VDEC-1080P: set_frame_rate: the current time is 182930
06-05 18:29:30.067  1582 11519 I OMX-VDEC-1080P: set_frame_rate: the current time is 182930
06-05 18:29:30.100  1582 11519 I OMX-VDEC-1080P: set_frame_rate: the current time is 182930
06-05 18:29:30.134  1582 11519 I OMX-VDEC-1080P: set_frame_rate: the current time is 182930
06-05 18:29:30.166  1582 11519 I OMX-VDEC-1080P: set_frame_rate: the current time is 182930
06-05 18:29:30.200  1582 11519 I OMX-VDEC-1080P: set_frame_rate: the current time is 182930
06-05 18:29:30.233  1582 11519 I OMX-VDEC-1080P: set_frame_rate: the current time is 182930
06-05 18:29:30.270  1582 11519 I OMX-VDEC-1080P: set_frame_rate: the current time is 182930
06-05 18:29:30.301  1582 11519 I OMX-VDEC-1080P: set_frame_rate: the current time is 182930
06-05 18:29:30.334  1582 11519 I OMX-VDEC-1080P: set_frame_rate: the current time is 182930
06-05 18:29:30.369  1582 11519 I OMX-VDEC-1080P: set_frame_rate: the current time is 182930
06-05 18:29:30.402  1582 11519 I OMX-VDEC-1080P: set_frame_rate: the current time is 182930
06-05 18:29:30.436  1582 11519 I OMX-VDEC-1080P: set_frame_rate: the current time is 182930
06-05 18:29:30.468  1582 11519 I OMX-VDEC-1080P: set_frame_rate: the current time is 182930
06-05 18:29:30.501  1582 11519 I OMX-VDEC-1080P: set_frame_rate: the current time is 182930
06-05 18:29:30.534  1582 11519 I OMX-VDEC-1080P: set_frame_rate: the current time is 182930
06-05 18:29:30.568  1582 11519 I OMX-VDEC-1080P: set_frame_rate: the current time is 182930
06-05 18:29:30.601  1582 11519 I OMX-VDEC-1080P: set_frame_rate: the current time is 182930
06-05 18:29:30.633  1582 11519 I OMX-VDEC-1080P: set_frame_rate: the current time is 182930
06-05 18:29:30.667  1582 11519 I OMX-VDEC-1080P: set_frame_rate: the current time is 182930
06-05 18:29:30.700  1582 11519 I OMX-VDEC-1080P: set_frame_rate: the current time is 182930
06-05 18:29:30.734  1582 11519 I OMX-VDEC-1080P: set_frame_rate: the current time is 182930
06-05 18:29:30.767  1582 11519 I OMX-VDEC-1080P: set_frame_rate: the current time is 182930
06-05 18:29:30.801  1582 11519 I OMX-VDEC-1080P: set_frame_rate: the current time is 182930
06-05 18:29:30.834  1582 11519 I OMX-VDEC-1080P: set_frame_rate: the current time is 182930
06-05 18:29:30.867  1582 11519 I OMX-VDEC-1080P: set_frame_rate: the current time is 182930
06-05 18:29:30.901  1582 11519 I OMX-VDEC-1080P: set_frame_rate: the current time is 182930
06-05 18:29:30.934  1582 11519 I OMX-VDEC-1080P: set_frame_rate: the current time is 182930
06-05 18:29:30.966  1582 11519 I OMX-VDEC-1080P: set_frame_rate: the current time is 182930
06-05 18:29:30.999  1582 11519 I OMX-VDEC-1080P: set_frame_rate: the current time is 182930
06-05 18:29:31.034  1582 11519 I OMX-VDEC-1080P: set_frame_rate: the current time is 182931
06-05 18:29:31.067  1582 11519 I OMX-VDEC-1080P: set_frame_rate: the current time is 182931
06-05 18:29:31.100  1582 11519 I OMX-VDEC-1080P: set_frame_rate: the current time is 182931
06-05 18:29:31.134  1582 11519 I OMX-VDEC-1080P: set_frame_rate: the current time is 182931
06-05 18:29:31.167  1582 11519 I OMX-VDEC-1080P: set_frame_rate: the current time is 182931
06-05 18:29:31.199  1582 11519 I OMX-VDEC-1080P: set_frame_rate: the current time is 182931
06-05 18:29:31.233  1582 11519 I OMX-VDEC-1080P: set_frame_rate: the current time is 182931
06-05 18:29:31.266  1582 11519 I OMX-VDEC-1080P: set_frame_rate: the current time is 182931
06-05 18:29:31.299  1582 11519 I OMX-VDEC-1080P: set_frame_rate: the current time is 182931
06-05 18:29:31.333  1582 11519 I OMX-VDEC-1080P: set_frame_rate: the current time is 182931
06-05 18:29:31.366  1582 11519 I OMX-VDEC-1080P: set_frame_rate: the current time is 182931
06-05 18:29:31.399  1582 11519 I OMX-VDEC-1080P: set_frame_rate: the current time is 182931
06-05 18:29:31.434  1582 11519 I OMX-VDEC-1080P: set_frame_rate: the current time is 182931
06-05 18:29:31.466  1582 11519 I OMX-VDEC-1080P: set_frame_rate: the current time is 182931
06-05 18:29:31.500  1582 11519 I OMX-VDEC-1080P: set_frame_rate: the current time is 182931
06-05 18:29:31.533  1582 11519 I OMX-VDEC-1080P: set_frame_rate: the current time is 182931
06-05 18:29:31.575  1582 11519 I OMX-VDEC-1080P: set_frame_rate: the current time is 182931
06-05 18:29:31.585  4226  6018 I CarrierServices: [60] cfi.c: Connected state: [1], networkType: [WIFI]
06-05 18:29:31.599  1582 11519 I OMX-VDEC-1080P: set_frame_rate: the current time is 182931
06-05 18:29:31.633  1582 11519 I OMX-VDEC-1080P: set_frame_rate: the current time is 182931
06-05 18:29:31.668  1582 11519 I OMX-VDEC-1080P: set_frame_rate: the current time is 182931
06-05 18:29:31.699  1582 11519 I OMX-VDEC-1080P: set_frame_rate: the current time is 182931
06-05 18:29:31.734  1582 11519 I OMX-VDEC-1080P: set_frame_rate: the current time is 182931
06-05 18:29:31.766  1582 11519 I OMX-VDEC-1080P: set_frame_rate: the current time is 182931
06-05 18:29:31.800  1582 11519 I OMX-VDEC-1080P: set_frame_rate: the current time is 182931
06-05 18:29:31.836  1582 11519 I OMX-VDEC-1080P: set_frame_rate: the current time is 182931
06-05 18:29:31.865  1582 11519 I OMX-VDEC-1080P: set_frame_rate: the current time is 182931
06-05 18:29:31.899  1582 11519 I OMX-VDEC-1080P: set_frame_rate: the current time is 182931
06-05 18:29:31.933  1582 11519 I OMX-VDEC-1080P: set_frame_rate: the current time is 182931
06-05 18:29:31.966  1582 11519 I OMX-VDEC-1080P: set_frame_rate: the current time is 182931
06-05 18:29:32.000  1582 11519 I OMX-VDEC-1080P: set_frame_rate: the current time is 182932
06-05 18:29:32.033  1582 11519 I OMX-VDEC-1080P: set_frame_rate: the current time is 182932
06-05 18:29:32.067  1582 11519 I OMX-VDEC-1080P: set_frame_rate: the current time is 182932
06-05 18:29:32.100  1582 11519 I OMX-VDEC-1080P: set_frame_rate: the current time is 182932
06-05 18:29:32.134  1582 11519 I OMX-VDEC-1080P: set_frame_rate: the current time is 182932
06-05 18:29:32.167  1582 11519 I OMX-VDEC-1080P: set_frame_rate: the current time is 182932
06-05 18:29:32.200  1582 11519 I OMX-VDEC-1080P: set_frame_rate: the current time is 182932
06-05 18:29:32.223  2999  3462 D MI_RIL_OEM_HOOK: onPkHookCommonMsg, msg_id = 65
06-05 18:29:32.223  2999  3462 D MI_RIL_OEM_HOOK: onGetHookMsgBytes, HOOK_HEAD_SIZE = 16, msg_len = 4
06-05 18:29:32.223  2999  3462 D MI_RIL_OEM_HOOK: onHookSendSync, phoneId = 0
06-05 18:29:32.224  2930  2930 D QcrilMsgTunnelIfaceManager: handleMessage what = 1
06-05 18:29:32.224  2930  2930 I QcrilOemhookMsgTunnel: [0]invokeOemRilRequestRaw: serial=2130 length=36
06-05 18:29:32.234  1582 11519 I OMX-VDEC-1080P: set_frame_rate: the current time is 182932
06-05 18:29:32.267  1793  2006 D XIAOMI_QCRIL: RIL[lib][xiaomi_extend_nvefs.c:52] xiaomi_qmi_result_map: xiaomi_qmi_result_map, old_result 0, new_result 0
06-05 18:29:32.268  2930  3267 I QcrilOemhookMsgTunnel: [0]processOemHookResponse serial no: 2130 error: 0length=16
06-05 18:29:32.268  1582 11519 I OMX-VDEC-1080P: set_frame_rate: the current time is 182932
06-05 18:29:32.268  2930  2930 D QcrilMsgTunnelIfaceManager: handleMessage what = 2
06-05 18:29:32.270  2999  3462 D QC_RIL_OEM_HOOK: sendOemRilRequestRaw returns value = 16
06-05 18:29:32.270  2999  3462 D ModemSarController_8250: type = 65, len = 4, value = 0
06-05 18:29:32.301  1582 11519 I OMX-VDEC-1080P: set_frame_rate: the current time is 182932
06-05 18:29:32.334  1582 11519 I OMX-VDEC-1080P: set_frame_rate: the current time is 182932
06-05 18:29:32.367  1582 11519 I OMX-VDEC-1080P: set_frame_rate: the current time is 182932
06-05 18:29:32.401  1582 11519 I OMX-VDEC-1080P: set_frame_rate: the current time is 182932
06-05 18:29:32.435  1582 11519 I OMX-VDEC-1080P: set_frame_rate: the current time is 182932
06-05 18:29:32.467  1582 11519 I OMX-VDEC-1080P: set_frame_rate: the current time is 182932
06-05 18:29:32.502  1582 11519 I OMX-VDEC-1080P: set_frame_rate: the current time is 182932
06-05 18:29:32.534  1582 11519 I OMX-VDEC-1080P: set_frame_rate: the current time is 182932
06-05 18:29:32.568  1582 11519 I OMX-VDEC-1080P: set_frame_rate: the current time is 182932
06-05 18:29:32.601  1582 11519 I OMX-VDEC-1080P: set_frame_rate: the current time is 182932
06-05 18:29:32.635  1582 11519 I OMX-VDEC-1080P: set_frame_rate: the current time is 182932
06-05 18:29:32.667  1582 11519 I OMX-VDEC-1080P: set_frame_rate: the current time is 182932
06-05 18:29:32.701  1582 11519 I OMX-VDEC-1080P: set_frame_rate: the current time is 182932
06-05 18:29:32.734  1582 11519 I OMX-VDEC-1080P: set_frame_rate: the current time is 182932
06-05 18:29:32.767  1582 11519 I OMX-VDEC-1080P: set_frame_rate: the current time is 182932
06-05 18:29:32.801  1582 11519 I OMX-VDEC-1080P: set_frame_rate: the current time is 182932
06-05 18:29:32.834  1582 11519 I OMX-VDEC-1080P: set_frame_rate: the current time is 182932
06-05 18:29:32.866  1582 11519 I OMX-VDEC-1080P: set_frame_rate: the current time is 182932
06-05 18:29:32.901  1582 11519 I OMX-VDEC-1080P: set_frame_rate: the current time is 182932
06-05 18:29:32.935  1582 11519 I OMX-VDEC-1080P: set_frame_rate: the current time is 182932
06-05 18:29:32.967  1582 11519 I OMX-VDEC-1080P: set_frame_rate: the current time is 182932
06-05 18:29:33.000  1582 11519 I OMX-VDEC-1080P: set_frame_rate: the current time is 182933
06-05 18:29:33.034  1582 11519 I OMX-VDEC-1080P: set_frame_rate: the current time is 182933
06-05 18:29:33.067  1582 11519 I OMX-VDEC-1080P: set_frame_rate: the current time is 182933
06-05 18:29:33.102  1582 11519 I OMX-VDEC-1080P: set_frame_rate: the current time is 182933
06-05 18:29:33.134  1582 11519 I OMX-VDEC-1080P: set_frame_rate: the current time is 182933
06-05 18:29:33.167  1582 11519 I OMX-VDEC-1080P: set_frame_rate: the current time is 182933
06-05 18:29:33.201  1582 11519 I OMX-VDEC-1080P: set_frame_rate: the current time is 182933
06-05 18:29:33.234  1582 11519 I OMX-VDEC-1080P: set_frame_rate: the current time is 182933
06-05 18:29:33.266  1582 11519 I OMX-VDEC-1080P: set_frame_rate: the current time is 182933
06-05 18:29:33.300  1582 11519 I OMX-VDEC-1080P: set_frame_rate: the current time is 182933
06-05 18:29:33.334  1582 11519 I OMX-VDEC-1080P: set_frame_rate: the current time is 182933
06-05 18:29:33.367  1582 11519 I OMX-VDEC-1080P: set_frame_rate: the current time is 182933
06-05 18:29:33.400  1582 11519 I OMX-VDEC-1080P: set_frame_rate: the current time is 182933
06-05 18:29:33.401  1582 11519 I OMX-VDEC-1080P: set_frame_rate: the current time is 182933
06-05 18:29:33.401  1582 11519 I OMX-VDEC-1080P: set_frame_rate: the current time is 182933
06-05 18:29:33.499  1582 11519 I OMX-VDEC-1080P: set_frame_rate: the current time is 182933
06-05 18:29:33.533  1582 11519 I OMX-VDEC-1080P: set_frame_rate: the current time is 182933
06-05 18:29:33.568  1582 11519 I OMX-VDEC-1080P: set_frame_rate: the current time is 182933
06-05 18:29:33.585  6316  6316 I BatteryInfoReceiver: ACTION_BATTERY_CHANGED
06-05 18:29:33.586  2999  2999 D DynamicService:  ACTION_BATTERY_CHANGED change,USB plug = 2
06-05 18:29:33.588  7552  7931 D ThermalIECHandler: storeDataStyle: thermal_iec_monitor_persistence_data_style_iec_state; startIECTime: -1; IECScreenOffOverPeriodTime: -1
06-05 18:29:33.590  7552  7645 D PowerKeeper.Thermal: mBatteryTemperature: 40
06-05 18:29:33.591  7552  7857 D PowerCheckerService: onBatteryChanged, mBatteryLevel = 56, status = 2, level = 56, plug = 2, scale = 100
06-05 18:29:33.591  2992  2992 V DeviceStatisticsService: chargerType=2 batteryLevel=56 totalBatteryCapacity=4256700
06-05 18:29:33.591  2992  2992 D DeviceInfoHidlClient: isRadioOn()=true
06-05 18:29:33.591  2992  2992 I DeviceInfoHidlClient: isPowerInfoNeverSent=false batteryLevel=56 batteryLevelIndex=2 chargingMode=2 totalCapacity=4256700 powerSaveMode=false
06-05 18:29:33.599  1582 11519 I OMX-VDEC-1080P: set_frame_rate: the current time is 182933
06-05 18:29:33.633  1582 11519 I OMX-VDEC-1080P: set_frame_rate: the current time is 182933
06-05 18:29:33.667  1582 11519 I OMX-VDEC-1080P: set_frame_rate: the current time is 182933
06-05 18:29:33.700  1582 11519 I OMX-VDEC-1080P: set_frame_rate: the current time is 182933
06-05 18:29:33.699  7784  7784 W CrashSDKBkgdHan: type=1400 audit(0.0:6078): avc: denied { read } for name="loadavg" dev="proc" ino=4026532259 scontext=u:r:untrusted_app:s0:c13,c257,c512,c768 tcontext=u:object_r:proc_loadavg:s0 tclass=file permissive=0 app=com.lazada.android
06-05 18:29:33.734  1582 11519 I OMX-VDEC-1080P: set_frame_rate: the current time is 182933
06-05 18:29:33.769  1582 11519 I OMX-VDEC-1080P: set_frame_rate: the current time is 182933
06-05 18:29:33.800  1582 11519 I OMX-VDEC-1080P: set_frame_rate: the current time is 182933
06-05 18:29:33.834  1582 11519 I OMX-VDEC-1080P: set_frame_rate: the current time is 182933
06-05 18:29:33.867  1582 11519 I OMX-VDEC-1080P: set_frame_rate: the current time is 182933
06-05 18:29:33.900  1582 11519 I OMX-VDEC-1080P: set_frame_rate: the current time is 182933
06-05 18:29:33.934  1582 11519 I OMX-VDEC-1080P: set_frame_rate: the current time is 182933
06-05 18:29:33.934  1582 11519 I OMX-VDEC-1080P: set_frame_rate: the current time is 182933
06-05 18:29:33.934  1582 11519 I OMX-VDEC-1080P: set_frame_rate: the current time is 182933
06-05 18:29:33.934  1582 11519 I OMX_VPP : OMX_EventBufferFlag 1
06-05 18:29:34.299  1582 19623 I OMX_VPP : send_command In 1 param1 -1
06-05 18:29:34.299  1582 19623 I OMX_VPP : send_command FakeFlush
06-05 18:29:34.299  1582 19623 I OMX_VPP : VppOmxComponent::clearVppFakeBufs size 15
06-05 18:29:34.300  1582 19623 I OMX_VPP : VppEvent 1
06-05 18:29:34.300  1582 19623 I OMX_VPP : FakeFlush e.flush_done.port:0
06-05 18:29:34.300  1582 19623 I OMX_VPP : VppOmxComponent::clearVppFakeBufs size 0
06-05 18:29:34.300  1582 19623 I OMX_VPP : VppEvent 1
06-05 18:29:34.300  1582 19623 I OMX_VPP : FakeFlush e.flush_done.port:1
06-05 18:29:34.301 18541 11517 W AHierarchicalStateMachine: Warning message AMessage(what = 'omxI') = {
06-05 18:29:34.301 18541 11517 W AHierarchicalStateMachine:   int32_t type = 0
06-05 18:29:34.301 18541 11517 W AHierarchicalStateMachine:   int32_t event = 4
06-05 18:29:34.301 18541 11517 W AHierarchicalStateMachine:   int32_t data1 = 1
06-05 18:29:34.301 18541 11517 W AHierarchicalStateMachine:   int32_t data2 = 1
06-05 18:29:34.301 18541 11517 W AHierarchicalStateMachine: } unhandled in root state.
06-05 18:29:34.303  1582 19623 I OMX_VPP : VppOmxComponent::registerVppFakeBuf buffer with size 1 id 0 ts=0 flags:0
06-05 18:29:34.303  1582  5405 I OMX_VPP : VppOmxComponent::registerVppFakeBuf buffer with size 2 id 1 ts=0 flags:0
06-05 18:29:34.304  1582 18912 I OMX_VPP : VppOmxComponent::registerVppFakeBuf buffer with size 3 id 2 ts=0 flags:0
06-05 18:29:34.304  1582 19624 I OMX_VPP : VppOmxComponent::registerVppFakeBuf buffer with size 4 id 3 ts=0 flags:0
06-05 18:29:34.305  1582 19623 I OMX_VPP : VppOmxComponent::registerVppFakeBuf buffer with size 5 id 4 ts=0 flags:0
06-05 18:29:34.306  1582 19623 I OMX_VPP : VppOmxComponent::registerVppFakeBuf buffer with size 6 id 5 ts=0 flags:0
06-05 18:29:34.306  1582 19623 I OMX_VPP : VppOmxComponent::registerVppFakeBuf buffer with size 7 id 6 ts=0 flags:0
06-05 18:29:34.307  1582 19623 I OMX_VPP : VppOmxComponent::registerVppFakeBuf buffer with size 8 id 7 ts=0 flags:0
06-05 18:29:34.307  1582 19623 I OMX_VPP : VppOmxComponent::registerVppFakeBuf buffer with size 9 id 8 ts=0 flags:0
06-05 18:29:34.307  1582 19623 I OMX_VPP : VppOmxComponent::registerVppFakeBuf buffer with size 10 id 9 ts=0 flags:0
06-05 18:29:34.307  1582 19623 I OMX_VPP : VppOmxComponent::registerVppFakeBuf buffer with size 11 id 10 ts=0 flags:0
06-05 18:29:34.308  1582 19623 I OMX_VPP : VppOmxComponent::registerVppFakeBuf buffer with size 12 id 11 ts=0 flags:0
06-05 18:29:34.308  1582 19623 I OMX_VPP : VppOmxComponent::registerVppFakeBuf buffer with size 13 id 12 ts=0 flags:0
06-05 18:29:34.308  1582 19623 I OMX_VPP : VppOmxComponent::registerVppFakeBuf buffer with size 14 id 13 ts=0 flags:0
06-05 18:29:34.310  1582 19776 I OMX_VPP : VppOmxComponent::registerVppFakeBuf buffer with size 15 id 14 ts=0 flags:0
06-05 18:29:34.315  1582 11519 I OMX-VDEC-1080P: set_frame_rate: the current time is 182934
06-05 18:29:34.316  1582 11519 I OMX-VDEC-1080P: set_frame_rate: the current time is 182934
06-05 18:29:34.317  1582 11519 I OMX-VDEC-1080P: set_frame_rate: the current time is 182934
06-05 18:29:34.319  1582 11519 I OMX-VDEC-1080P: set_frame_rate: the current time is 182934
06-05 18:29:34.319  1582 11519 I OMX-VDEC-1080P: set_frame_rate: the current time is 182934
06-05 18:29:34.325  1582 11519 I OMX-VDEC-1080P: set_frame_rate: the current time is 182934
06-05 18:29:34.325  1582 11519 I OMX-VDEC-1080P: set_frame_rate: the current time is 182934
06-05 18:29:34.325  1582 11519 I OMX-VDEC-1080P: set_frame_rate: the current time is 182934
06-05 18:29:34.325  1582 11519 I OMX-VDEC-1080P: set_frame_rate: the current time is 182934
06-05 18:29:34.357  1582 11519 I OMX-VDEC-1080P: set_frame_rate: the current time is 182934
06-05 18:29:34.389  1582 11519 I OMX-VDEC-1080P: set_frame_rate: the current time is 182934
06-05 18:29:34.423  1582 11519 I OMX-VDEC-1080P: set_frame_rate: the current time is 182934
06-05 18:29:34.458  1582 11519 I OMX-VDEC-1080P: set_frame_rate: the current time is 182934
06-05 18:29:34.490  1582 11519 I OMX-VDEC-1080P: set_frame_rate: the current time is 182934
06-05 18:29:34.524  1582 11519 I OMX-VDEC-1080P: set_frame_rate: the current time is 182934
06-05 18:29:34.558  1582 11519 I OMX-VDEC-1080P: set_frame_rate: the current time is 182934
06-05 18:29:34.591  1582 11519 I OMX-VDEC-1080P: set_frame_rate: the current time is 182934
06-05 18:29:34.625  1582 11519 I OMX-VDEC-1080P: set_frame_rate: the current time is 182934
06-05 18:29:34.658  1582 11519 I OMX-VDEC-1080P: set_frame_rate: the current time is 182934
06-05 18:29:34.690  1582 11519 I OMX-VDEC-1080P: set_frame_rate: the current time is 182934
06-05 18:29:34.724  1582 11519 I OMX-VDEC-1080P: set_frame_rate: the current time is 182934
06-05 18:29:34.759  1582 11519 I OMX-VDEC-1080P: set_frame_rate: the current time is 182934
06-05 18:29:34.791  1582 11519 I OMX-VDEC-1080P: set_frame_rate: the current time is 182934
06-05 18:29:34.825  1582 11519 I OMX-VDEC-1080P: set_frame_rate: the current time is 182934
06-05 18:29:34.859  1582 11519 I OMX-VDEC-1080P: set_frame_rate: the current time is 182934
06-05 18:29:34.891  1582 11519 I OMX-VDEC-1080P: set_frame_rate: the current time is 182934
06-05 18:29:34.925  1582 11519 I OMX-VDEC-1080P: set_frame_rate: the current time is 182934
06-05 18:29:34.959  1582 11519 I OMX-VDEC-1080P: set_frame_rate: the current time is 182934
06-05 18:29:34.991  1582 11519 I OMX-VDEC-1080P: set_frame_rate: the current time is 182934
06-05 18:29:35.016  1850  2553 D MIUIInput: [MotionEvent] publisher action=0x4, 5563063, channel 'c058ab6 com.miui.securitycenter (server)'
06-05 18:29:35.016  1850  2553 D MIUIInput: [MotionEvent] publisher action=0x0, 5563063, channel 'f66205e com.ss.android.ugc.trill/com.ss.android.ugc.aweme.splash.SplashActivity (server)'
06-05 18:29:35.019  7693  7693 I GameBoxTouchListener: onTouch: 	mAdded=false	isLeftShowtrue
06-05 18:29:35.025  1582 11519 I OMX-VDEC-1080P: set_frame_rate: the current time is 182935
06-05 18:29:35.043  1850  1941 D PerfImpl: perfGetWorkLoadType
06-05 18:29:35.043  1034  1034 E vendor.qti.hardware.perf@2.2-service: Unknown params
06-05 18:29:35.043  1034  1034 I ANDR-PERF-LM: LMPerfGlue: perfmodule_submit_request() 132: perfmodule_submit_request()
06-05 18:29:35.043  1034  1034 I ANDR-PERF-LM: Core: getInstance() 84: LM getInstance
06-05 18:29:35.043  1034  1034 D ANDR-PERF-LM: Feature: lookup() 101: Feature Name = AppClassifier, total featuers = 3, featureFound = 1
06-05 18:29:35.044  1034  1034 D ANDR-PERF-LM: Feature: getData() 112: data.data = 1
06-05 18:29:35.044  1034  1034 I ANDR-PERF-LM: FeedbackAPI: getFeedback() 60: app:com.ss.android.ugc.trill feature:AppClassifier feedback = 1
06-05 18:29:35.045  1850  1941 D PerfImpl: perfScrollBoost: com.ss.android.ugc.trill, -1, 4
06-05 18:29:35.045  1034  1034 E vendor.qti.hardware.perf@2.2-service: Unknown params
06-05 18:29:35.046  1034  1034 I ANDR-PERF-LM: LMPerfGlue: perfmodule_submit_request() 132: perfmodule_submit_request()
06-05 18:29:35.047  1034  1034 I ANDR-PERF-LM: Core: getInstance() 84: LM getInstance
06-05 18:29:35.047  1034  1034 I ANDR-PERF-LM: WQ: push() 59: LMTriggerQ push() size=0
06-05 18:29:35.047  1034  1034 I ANDR-PERF-LM: WQ: push() 61: LMTriggerQ push() done size=1
06-05 18:29:35.047  1034  1092 I ANDR-PERF-LM: WQ: pop() 42: LMTriggerQ pop() done size=0
06-05 18:29:35.047  1034  1092 I ANDR-PERF-LM: Core: lmMain() 373: Waiting on trigger Queue
06-05 18:29:35.047  1034  1092 I ANDR-PERF-LM: WQ: pop() 31: LMTriggerQ pop() size=0
06-05 18:29:35.047  1850  1941 D PerfImpl: perfGetWorkLoadType
06-05 18:29:35.047  1034  1034 E vendor.qti.hardware.perf@2.2-service: Unknown params
06-05 18:29:35.047  1034  1034 I ANDR-PERF-LM: LMPerfGlue: perfmodule_submit_request() 132: perfmodule_submit_request()
06-05 18:29:35.047  1034  1034 I ANDR-PERF-LM: Core: getInstance() 84: LM getInstance
06-05 18:29:35.047  1034  1034 D ANDR-PERF-LM: Feature: lookup() 101: Feature Name = AppClassifier, total featuers = 3, featureFound = 1
06-05 18:29:35.047  1034  1034 D ANDR-PERF-LM: Feature: getData() 112: data.data = 1
06-05 18:29:35.047  1034  1034 I ANDR-PERF-LM: FeedbackAPI: getFeedback() 60: app:com.ss.android.ugc.trill feature:AppClassifier feedback = 1
06-05 18:29:35.047  1850  1941 D PerfImpl: perfDragBoost: com.ss.android.ugc.trill, -1, 1
06-05 18:29:35.047  1034  1034 E vendor.qti.hardware.perf@2.2-service: Unknown params
06-05 18:29:35.062  1582 11519 I OMX-VDEC-1080P: set_frame_rate: the current time is 182935
06-05 18:29:35.086  1850  2553 D MIUIInput: [MotionEvent] publisher action=0x1, 5563133, channel 'f66205e com.ss.android.ugc.trill/com.ss.android.ugc.aweme.splash.SplashActivity (server)'
06-05 18:29:35.087  1850  1941 D PerfImpl: perfGetWorkLoadType
06-05 18:29:35.087  1034  1034 E vendor.qti.hardware.perf@2.2-service: Unknown params
06-05 18:29:35.087  1034  1034 I ANDR-PERF-LM: LMPerfGlue: perfmodule_submit_request() 132: perfmodule_submit_request()
06-05 18:29:35.087  1034  1034 I ANDR-PERF-LM: Core: getInstance() 84: LM getInstance
06-05 18:29:35.087  1034  1034 D ANDR-PERF-LM: Feature: lookup() 101: Feature Name = AppClassifier, total featuers = 3, featureFound = 1
06-05 18:29:35.087  1034  1034 D ANDR-PERF-LM: Feature: getData() 112: data.data = 1
06-05 18:29:35.087  1034  1034 I ANDR-PERF-LM: FeedbackAPI: getFeedback() 60: app:com.ss.android.ugc.trill feature:AppClassifier feedback = 1
06-05 18:29:35.088  1850  1941 D PerfImpl: perfScrollBoost: com.ss.android.ugc.trill, 1989, 1
06-05 18:29:35.088  1034  1034 E vendor.qti.hardware.perf@2.2-service: Unknown params
06-05 18:29:35.088  1034  1034 I ANDR-PERF-LM: LMPerfGlue: perfmodule_submit_request() 132: perfmodule_submit_request()
06-05 18:29:35.088  1034  1034 I ANDR-PERF-LM: Core: getInstance() 84: LM getInstance
06-05 18:29:35.088  1034  1034 I ANDR-PERF-LM: WQ: push() 59: LMTriggerQ push() size=0
06-05 18:29:35.088  1034  1034 I ANDR-PERF-LM: WQ: push() 61: LMTriggerQ push() done size=1
06-05 18:29:35.089  1034  1092 I ANDR-PERF-LM: WQ: pop() 42: LMTriggerQ pop() done size=0
06-05 18:29:35.089  1034  1092 I ANDR-PERF-LM: Core: lmMain() 373: Waiting on trigger Queue
06-05 18:29:35.089  1034  1092 I ANDR-PERF-LM: WQ: pop() 31: LMTriggerQ pop() size=0
06-05 18:29:35.089  1850  1941 D PerfImpl: perfGetWorkLoadType
06-05 18:29:35.089  1034  1034 E vendor.qti.hardware.perf@2.2-service: Unknown params
06-05 18:29:35.089  1034  1034 I ANDR-PERF-LM: LMPerfGlue: perfmodule_submit_request() 132: perfmodule_submit_request()
06-05 18:29:35.089  1034  1034 I ANDR-PERF-LM: Core: getInstance() 84: LM getInstance
06-05 18:29:35.089  1034  1034 D ANDR-PERF-LM: Feature: lookup() 101: Feature Name = AppClassifier, total featuers = 3, featureFound = 1
06-05 18:29:35.089  1034  1034 D ANDR-PERF-LM: Feature: getData() 112: data.data = 1
06-05 18:29:35.090  1034  1034 I ANDR-PERF-LM: FeedbackAPI: getFeedback() 60: app:com.ss.android.ugc.trill feature:AppClassifier feedback = 1
06-05 18:29:35.083  1034  1034 W perf@2.2-servic: type=1400 audit(0.0:6079): avc: denied { search } for name="1575" dev="proc" ino=736877 scontext=u:r:vendor_hal_perf_default:s0 tcontext=u:r:vendor_perfservice:s0 tclass=dir permissive=0
06-05 18:29:35.083  1034  1034 W perf@2.2-servic: type=1400 audit(0.0:6080): avc: denied { search } for name="1575" dev="proc" ino=736877 scontext=u:r:vendor_hal_perf_default:s0 tcontext=u:r:vendor_perfservice:s0 tclass=dir permissive=0
06-05 18:29:35.090  1850  1941 D PerfImpl: perfScrollBoost: com.ss.android.ugc.trill, -1, 4
06-05 18:29:35.090  1034  1034 E vendor.qti.hardware.perf@2.2-service: Unknown params
06-05 18:29:35.090  1034  1034 I ANDR-PERF-LM: LMPerfGlue: perfmodule_submit_request() 132: perfmodule_submit_request()
06-05 18:29:35.090  1034  1034 I ANDR-PERF-LM: Core: getInstance() 84: LM getInstance
06-05 18:29:35.090  1034  1034 I ANDR-PERF-LM: WQ: push() 59: LMTriggerQ push() size=0
06-05 18:29:35.090  1034  1034 I ANDR-PERF-LM: WQ: push() 61: LMTriggerQ push() done size=1
06-05 18:29:35.091  1034  1092 I ANDR-PERF-LM: WQ: pop() 42: LMTriggerQ pop() done size=0
06-05 18:29:35.091  1034  1092 I ANDR-PERF-LM: Core: lmMain() 373: Waiting on trigger Queue
06-05 18:29:35.091  1034  1092 I ANDR-PERF-LM: WQ: pop() 31: LMTriggerQ pop() size=0
06-05 18:29:35.091  1850  1941 D PerfImpl: perfGetWorkLoadType
06-05 18:29:35.091  1034  1034 E vendor.qti.hardware.perf@2.2-service: Unknown params
06-05 18:29:35.091  1034  1034 I ANDR-PERF-LM: LMPerfGlue: perfmodule_submit_request() 132: perfmodule_submit_request()
06-05 18:29:35.091  1034  1034 I ANDR-PERF-LM: Core: getInstance() 84: LM getInstance
06-05 18:29:35.091  1034  1034 D ANDR-PERF-LM: Feature: lookup() 101: Feature Name = AppClassifier, total featuers = 3, featureFound = 1
06-05 18:29:35.091  1034  1034 D ANDR-PERF-LM: Feature: getData() 112: data.data = 1
06-05 18:29:35.091  1034  1034 I ANDR-PERF-LM: FeedbackAPI: getFeedback() 60: app:com.ss.android.ugc.trill feature:AppClassifier feedback = 1
06-05 18:29:35.091  1850  1941 D PerfImpl: perfLockRelease
06-05 18:29:35.093  1582 19624 I OMX_VPP : VppOmxComponent::registerVppFakeBuf buffer with size 9 id 8 ts=0 flags:0
06-05 18:29:35.093  1582 11519 I OMX-VDEC-1080P: set_frame_rate: the current time is 182935
06-05 18:29:35.094  1582 19623 I OMX_VPP : VppOmxComponent::registerVppFakeBuf buffer with size 10 id 9 ts=0 flags:0
06-05 18:29:35.095 18541 19350 W [mammon] : [mammon] [mammon_business_ttplayer_open] effect name is climiter
06-05 18:29:35.095 18541 19350 W [mammon] : [mammon] CLimiter/SetGate 0.995
06-05 18:29:35.095 18541 19350 W [mammon] : [mammon] CLimiter/SetPreGaindB -1, 0.891251
06-05 18:29:35.095 18541 19350 W [mammon] : [mammon] source_lufs has no matching parameters
06-05 18:29:35.095 18541 19350 W [mammon] : [mammon] source_peak has no matching parameters
06-05 18:29:35.095 18541 19350 W [mammon] : [mammon] target_lufs has no matching parameters
06-05 18:29:35.095 18541 10743 W System.err: java.io.FileNotFoundException: /proc/stat: open failed: EACCES (Permission denied)
06-05 18:29:35.095 18541 10743 W System.err: 	at libcore.io.IoBridge.open(IoBridge.java:575)
06-05 18:29:35.095 18541 10743 W System.err: 	at java.io.RandomAccessFile.<init>(RandomAccessFile.java:289)
06-05 18:29:35.095 18541 10743 W System.err: 	at java.io.RandomAccessFile.<init>(RandomAccessFile.java:152)
06-05 18:29:35.095 18541 10743 W System.err: 	at X.6gK.LIZ(SourceFile:393238)
06-05 18:29:35.095 18541 10743 W System.err: 	at X.6gM.call(SourceFile:65536)
06-05 18:29:35.095  1582 19624 I OMX_VPP : VppOmxComponent::registerVppFakeBuf buffer with size 11 id 10 ts=0 flags:0
06-05 18:29:35.095 18541 10743 W System.err: 	at X.0BO.run(SourceFile:262166)
06-05 18:29:35.095 18541 10743 W System.err: 	at X.0fb.run(SourceFile:459005)
06-05 18:29:35.095 18541 10743 W System.err: 	at java.util.concurrent.ThreadPoolExecutor.runWorker(ThreadPoolExecutor.java:1167)
06-05 18:29:35.095 18541 10743 W System.err: 	at java.util.concurrent.ThreadPoolExecutor$Worker.run(ThreadPoolExecutor.java:641)
