06-05 18:20:25.268  6986  7024 I TestRunner: started: grid_list_button_is_displayed(com.example.dogglers.ButtonTests)
06-05 18:20:25.277  6986  7024 W Settings: Setting always_finish_activities has moved from android.provider.Settings.System to android.provider.Settings.Global, returning read-only value.
06-05 18:20:25.278  5528  7026 D MiCloudSyncAdapterBase: check_sync_error_refactor
06-05 18:20:25.278  5528  7026 D MiCloudSyncAdapterBase: onPerformSync: ---sync start---
06-05 18:20:25.278  5528  7026 D MiCloudSyncAdapterBase: authority: com.android.contacts, extras: Bundle[{}]
06-05 18:20:25.278  5528  7026 D SyncStatUtil: performSyncPhoneState:
06-05 18:20:25.279  5618  5646 D OpenApiStatProvider: insert:
06-05 18:20:25.282  5528  7026 I SyncLogSender: Create sync log sender: file.
06-05 18:20:25.283  5647  5705 I [com.android.contacts,5528]:SyncLog[com.android.contacts]: Start Sync:{authority:com.android.contacts, start:2022-06-05 18:20:25, extras:{micloud_force=false,force=false,ignore_backoff=false,upload=false}}
06-05 18:20:25.286  5528  7026 D SyncInfoProviderBase: queryCount, uri: content://com.android.contacts/raw_contacts
06-05 18:20:25.286  6986  7024 D CompatibilityChangeReporter: Compat change id reported: 160794467; UID 10438; state: ENABLED
06-05 18:20:25.288 31931  4346 I ContactsProvider: Contacts query: CPID=5528, CallingPackage = com.miui.micloudsync User=0
06-05 18:20:25.289  1850  1908 D MiuiMultiWindowAdapter: getFreeformBlackList: Origin Logic
06-05 18:20:25.290  1850  1908 D MiuiMultiWindowAdapter: MiuiMultiWindowAdapter::getFreeformBlackList::sSmallWindowBlackList = [com.miui.securitycenter, com.miui.miservice, com.xiaomi.calendar, com.android.contacts, com.miui.mishare.connectivity, com.android.settings, com.android.printspooler, com.miui.backup, com.miui.huanji, com.miui.calculator, com.android.thememanager, com.mfashiongallery.emag, com.miui.virtualsim, com.miui.smarttravel, com.mi.health, com.android.camera, com.lbe.security.miui, com.miui.cleanmaster, com.miui.newhome, com.miui.voiceassist, com.android.phone, com.miui.yellowpage, com.android.updater, com.miui.tsmclient, com.miui.securitycore, com.xiaomi.account, com.xiaomi.shop, com.mipay.wallet, com.xiaomi.youpin, com.xiaomi.hm.health, com.miui.bugreport, com.xiaomi.mibrain.speech, com.xiaomi.mimoji, com.xiaomi.scanner, com.duokan.phone.remotecontroller, com.miui.hybrid, com.miui.video, com.miui.videoplayer, com.miui.fm, com.miui.packageinstaller, com.mi.android.globallauncher, com.mi.android.globallauncher-poco, com.google.android.dialer, com.google.android.apps.magazines, com.miui.compass, com.miui.greenguard, com.kiteguard, com.google.android.apps.prodcasts, com.google.ar.lens, com.xiangkan.android, com.android.bankabc, com.sohu.inputmethod.sogou, com.tencent.mtt, com.shyz.toutiao, com.netease.mc.mi, com.outfit7.talkingtomgoldrun.mi, com.doudz.mi, com.wepie.snake.new.mi, cn.jj, com.standddz002.mi, com.miHoYo.bh3.mi, com.qqgame.hlddz, com.happyelements.AndroidAnimal, com.minitech.miniworld.TMobile.mi, com.mfp.jelly.xiaomi, com.lilithgames.afk.mi, com.tencent.peng, com.teenpatti.hd.gold, blockpuzzle.jewelgames.jewelslegend, com.playgendary.tanks, com.chillingo.robberybobfree.android.row, com.episodeinteractive.android.catalog, com.playrix.township, com.ansangha.drdriving, com.google.android.youtube, com.gbits.atm.mi, com.tencent.tetris, com.sukhavati.gotoplaying.bubble.BubbleShooter.mint, com.block.puzzle.game.hippo.mi, com.youzu.bs.mi, com.baidu.BaiduMap, com.google.android.googlequicksearchbox, com.appsomniacs.da2, com.android.stk, com.feiyu.carrot3.mi, com.popcap.pvz2cthdxm, com.mxtech.videoplayer.ad, cn.cisc, com.kiloo.subwaysurf, com.cncyj.mostbrain, pdf.tap.scanner, com.og.ttddz.mi, com.ximalaya.ting.lite, com.google.android.apps.podcasts, com.google.android.apps.googleassistant, com.netease.onmyoji.mi, com.netease.onmyoji.bili, com.netease.mrzh.mi, com.netease.mrzh.bili, com.tencent.tmgp.yys.zqb, com.google.android.gm, com.google.android.calendar, com.android.chrome, com.google.android.apps.youtube.music, com.netease.pes.huawei, com.netease.pes.mi, com.netease.pes.bili, com.flyfish.supermario, com.picsart.studio, com.netease.dwrg.mi, com.netease.dwrg.bili, com.netease.dwrg.nearme.gamecenter, com.netease.dwrg, com.netease.dwrg.huawei, com.tencent.tmgp.dwrg, com.netease.dwrg.m4399, com.netease.dwrg.mz, com.netease.dwrg.aligames, com.netease.dwrg.baidu, com.netease.dwrg.qihoo, com.moji.mjweather, com.tencent.tmgp.kof98, com.netease.onmyoji, com.taobao.idlefish, com.ledou.mhhy.mi, com.hzfy.ddzbs.mi, com.qsmy.walkmonkey, com.fy.bzzbc.mi, com.dw.xprqj.mi]
06-05 18:20:25.296  5528  7026 D SyncInfoProviderBase: queryCount, uri: content://com.android.contacts/raw_contacts
06-05 18:20:25.298 31931  4346 I ContactsProvider: Contacts query: CPID=5528, CallingPackage = com.miui.micloudsync User=0
06-05 18:20:25.304  5528  7026 D SyncInfoProviderBase: queryCount, uri: content://com.android.contacts/raw_contact_entities?caller_is_syncadapter=true
06-05 18:20:25.307 31931  6895 I ContactsProvider: Contacts query: CPID=5528, CallingPackage = com.miui.micloudsync User=0
06-05 18:20:25.311  5647  5705 I [com.android.contacts,5528]:SyncLog[com.android.contacts]: Before Sync: SyncDataInfo[com.android.contacts]  {synced count:0, unsynced count:0, unsynced secret count:-1, unsynced wifi only count:0}
06-05 18:20:25.314  5528  7026 D MiCloudResolver: isSyncPausing: authority: com.android.contacts
06-05 18:20:25.316  5528  7026 D MiCloudResolver: getResumeTime: authority: com.android.contacts
06-05 18:20:25.316  5528  7026 D SyncContentUtils: isPauseExceptAuthority: authority: com.android.contacts
06-05 18:20:25.317  5618  5646 D MiCloudProvider: query sync pause except
06-05 18:20:25.318  5528  7026 E SyncContentUtils: isPauseExceptAuthority: error cursor is null or query fail, cursor is null?no
06-05 18:20:25.319  5528  7026 D SyncContentUtils: loadResumeTime: authority: com.android.contacts
06-05 18:20:25.319  5618  5646 D MiCloudProvider: query sync pause
06-05 18:20:25.321  5528  7026 E SyncContentUtils: loadResumeTime: error cursor is null or query fail
06-05 18:20:25.321  5528  7026 D SyncContentUtils: loadResumeTime: authority: _all
06-05 18:20:25.321  5618  5975 D MiCloudProvider: query sync pause
06-05 18:20:25.322  5528  7026 E SyncContentUtils: loadResumeTime: error cursor is null or query fail
06-05 18:20:25.323  5528  7026 V MiCloudSyncAdapterBase: onPerformSync: getting auth token. authority: com.android.contacts
06-05 18:20:25.329  1850  2634 I MiuiNetworkPolicy: updateUidState uid = 10086, uidState = 8
06-05 18:20:25.331  5528  7026 I CloudServiceSync.CallLabelOperations: IS_SUPPORT_LABEL = false
06-05 18:20:25.332  5528  7026 I ##XLogger##: com.miui.micloudsync.util.ExLog::i@SourceFile:77, thread:88--CloudServiceSync.CallLabelOperations, IS_SUPPORT_LABEL = false
06-05 18:20:25.337  5528  7026 D MiProfileSyncer: isMiProfileUpgraded(): false, miProfileDeleted = false
06-05 18:20:25.338  5528  7026 D CloudServiceSync.ContactsSyncAdapter: onPerformMiCloudSync(): upgraded=false, pushName=null
06-05 18:20:25.338  5528  7026 D ##XLogger##: com.miui.micloudsync.util.ExLog::d@SourceFile:68, thread:88--CloudServiceSync.ContactsSyncAdapter, onPerformMiCloudSync(): upgraded=false, pushName=null
06-05 18:20:25.338  5647  5705 I [com.android.contacts,5528]:ContactsSyncAdapter: onPerformMiCloudSync(): upgraded=false,pushName=null
06-05 18:20:25.341 31931  4346 I ContactsProvider: Contacts query: CPID=5528, CallingPackage = com.miui.micloudsync User=0
06-05 18:20:25.343  5528  7026 D CloudServiceSync.ContactsSyncAdapter: onPerformMiCloudSync(): mSyncExtraInfo=FuydibamYBYAFgAWABYAFgAiJsK_ibAwAsgBAA
06-05 18:20:25.343  5528  7026 D ##XLogger##: com.miui.micloudsync.util.ExLog::d@SourceFile:68, thread:88--CloudServiceSync.ContactsSyncAdapter, onPerformMiCloudSync(): mSyncExtraInfo=FuydibamYBYAFgAWABYAFgAiJsK_ibAwAsgBAA
06-05 18:20:25.344  5647  5705 I [com.android.contacts,5528]:ContactsSyncAdapter: onPerformMiCloudSync(): mSyncExtraInfo=FuydibamYBYAFgAWABYAFgAiJsK_ibAwAsgBAA
06-05 18:20:25.344  5528  7026 D CloudServiceSync.ProfileSyncManager: performSyncMyProfile(): begin...
06-05 18:20:25.344  5528  7026 D ##XLogger##: com.miui.micloudsync.util.ExLog::begin@SourceFile:29, thread:88--CloudServiceSync.ProfileSyncManager, performSyncMyProfile(): begin...
06-05 18:20:25.346 31931  4346 I ContactsProvider: Contacts query: CPID=5528, CallingPackage = com.miui.micloudsync User=0
06-05 18:20:25.396  5528  7026 I CloudServiceSync.ProfileSyncManager: processDirtyRawProfile(): no dirty profile to upload
06-05 18:20:25.396  5528  7026 I ##XLogger##: com.miui.micloudsync.util.ExLog::i@SourceFile:77, thread:88--CloudServiceSync.ProfileSyncManager, processDirtyRawProfile(): no dirty profile to upload
06-05 18:20:25.398 31931  4346 I ContactsProvider: Contacts query: CPID=5528, CallingPackage = com.miui.micloudsync User=0
06-05 18:20:25.410  5528  7026 D CloudServiceSync.ContactsSyncAdapter: parseSyncKey(): syncStateData=0, watermark=0
06-05 18:20:25.410  5528  7026 D ##XLogger##: com.miui.micloudsync.util.ExLog::d@SourceFile:68, thread:88--CloudServiceSync.ContactsSyncAdapter, parseSyncKey(): syncStateData=0, watermark=0
06-05 18:20:25.411  5528  7026 D CloudServiceSync.ProfileSyncManager: processSyncProfile(): lastSyncMarker=0
06-05 18:20:25.411  5528  7026 D ##XLogger##: com.miui.micloudsync.util.ExLog::d@SourceFile:68, thread:88--CloudServiceSync.ProfileSyncManager, processSyncProfile(): lastSyncMarker=0
06-05 18:20:25.418  5528  7026 I ##XLogger##: com.xiaomi.micloudsdk.request.utils.CloudRelocationUtils::updateRequestHost@SourceFile:317, thread:88--Micloud, Original URL: http://micardapi.micloud.xiaomi.net/mic/micard/v3/user/full/default.
06-05 18:20:25.418  5528  7026 I ##XLogger##: com.xiaomi.micloudsdk.request.utils.CloudRelocationUtils::updateRequestHost@SourceFile:322, thread:88--Micloud, New URL: https://us.micardapi.micloud.xiaomi.net.
06-05 18:20:25.419  5528  7026 I ##XLogger##: com.xiaomi.micloudsdk.request.utils.CloudRelocationUtils::updateRequestHost@SourceFile:329, thread:88--Micloud, Final URL: https://us.micardapi.micloud.xiaomi.net/mic/micard/v3/user/full/default.
06-05 18:20:25.433  1850  2634 I MiuiNetworkPolicy: updateUidState uid = 10162, uidState = 8
06-05 18:20:25.443  5528  5528 I RemoteMethodInvoker: RemoteMethodInvoker connects remote service .XiaomiAccountService
06-05 18:20:25.451  1850  2634 I MiuiNetworkPolicy: updateUidState uid = 10162, uidState = 10
06-05 18:20:25.452  1850  2634 I MiuiNetworkPolicy: updateUidState uid = 10162, uidState = 19
06-05 18:20:25.498  2953  3093 W Unity   : Card.OnSpellStateFinished_CustomDeath() - spell TSCFX_Whirlpool_CustomDeath(Clone) (Spell) on Card [entityName=Colaque's Shell id=311 zone=GRAVEYARD zonePos=0 cardId=TSC_026t player=2] has no Actor ancestor
06-05 18:20:25.498  2953  3093 W Unity   : (Filename: ./Runtime/Export/Debug/Debug.bindings.h Line: 39)
06-05 18:20:25.498  2953  3093 W Unity   :
06-05 18:20:25.499  2953  3093 I Unity   : [Spell Pooling] Released: Card_Play_Ally_Zzz(Clone)(Clone)
06-05 18:20:25.499  2953  3093 I Unity   : [Spell Pooling] Released: Card_Play_Ally_Taunt(Clone)(Clone)
06-05 18:20:25.499  2953  3093 I Unity   : [Spell Pooling] Released: Card_Play_Ally_DamageSplat(Clone)(Clone)
06-05 18:20:25.573  1850  5380 W ActivityManager: Sending non-protected broadcast action_temp_state_change from system 7552:com.miui.powerkeeper/1000 pkg com.miui.powerkeeper. Callers=
06-05 18:20:25.573  1850  5380 W ActivityManager: Sending non-protected broadcast action_temp_state_change from system 7552:com.miui.powerkeeper/1000 pkg com.miui.powerkeeper. Callers=
06-05 18:20:25.611   999  1023 I qdlights: thermal dimming: success to open /sys/class/backlight/panel0-backlight/brightness_clone
06-05 18:20:25.612   999  1023 I qdlights: thermal dimming: thermal_lv[2048] thermal_cur_bl = [193]
06-05 18:20:25.612   999  1023 I qdlights: thermal dimming: loop begin
06-05 18:20:25.612   999   999 I qdlights: thermal dimming: get thermal_target!
06-05 18:20:25.668  2953  3093 W Unity   : Card.OnSpellStateFinished_CustomDeath() - spell TSCFX_Whirlpool_CustomDeath(Clone) (Spell) on Card [entityName=The Leviathan id=273 zone=GRAVEYARD zonePos=0 cardId=TSC_030 player=2] has no Actor ancestor
06-05 18:20:25.668  2953  3093 W Unity   : (Filename: ./Runtime/Export/Debug/Debug.bindings.h Line: 39)
06-05 18:20:25.668  2953  3093 W Unity   :
06-05 18:20:25.668  2953  3093 W Unity   : Card.OnSpellStateFinished_CustomDeath() - spell TSCFX_Whirlpool_CustomDeath(Clone) (Spell) on Card [entityName=The Leviathan's Claw id=300 zone=GRAVEYARD zonePos=0 cardId=TSC_030t2 player=2] has no Actor ancestor
06-05 18:20:25.668  2953  3093 W Unity   : (Filename: ./Runtime/Export/Debug/Debug.bindings.h Line: 39)
06-05 18:20:25.668  2953  3093 W Unity   :
06-05 18:20:25.669  2953  3093 I Unity   : [Spell Pooling] Released: Card_Play_Ally_Enchantment_Positive(Clone)(Clone)
06-05 18:20:25.670  2953  3093 I Unity   : [Spell Pooling] Released: Card_Play_Ally_Enchantment_Negative(Clone)(Clone)
06-05 18:20:25.670  2953  3093 I Unity   : [Spell Pooling] Released: Card_Play_Ally_Enchantment_Neutral(Clone)(Clone)
06-05 18:20:25.670  2953  3093 I Unity   : [Spell Pooling] Released: Card_Play_Ally_Trigger_Quick(Clone)(Clone)
06-05 18:20:25.670  2953  3093 I Unity   : [Spell Pooling] Released: Card_Play_Ally_BattleCry(Clone)(Clone)
06-05 18:20:25.670  2953  3093 I Unity   : [Spell Pooling] Released: Card_Play_Ally_Friendly_Attack(Clone)(Clone)
06-05 18:20:25.671  2953  3093 I Unity   : [Spell Pooling] Released: Card_Play_Ally_DamageSplat(Clone)(Clone)
06-05 18:20:25.671  2953  3093 I Unity   : [Spell Pooling] Released: Card_Play_Ally_Zzz(Clone)(Clone)
06-05 18:20:25.672  2953  3093 I Unity   : [Spell Pooling] Released: Card_Play_Ally_Trigger_Quick(Clone)(Clone)
06-05 18:20:25.672  2953  3093 I Unity   : [Spell Pooling] Released: Card_Play_Ally_Friendly_Attack(Clone)(Clone)
06-05 18:20:25.673  2953  3093 I Unity   : [Spell Pooling] Released: Card_Play_Ally_DamageSplat(Clone)(Clone)
06-05 18:20:25.673  2953  3093 I Unity   : [Spell Pooling] Released: Card_Play_Ally_Zzz(Clone)(Clone)
06-05 18:20:25.763  5528  7026 D CloudServiceSync.ProfileSyncManager: performSyncMyProfile(): end...
06-05 18:20:25.764  5528  7026 D ##XLogger##: com.miui.micloudsync.util.ExLog::end@SourceFile:38, thread:88--CloudServiceSync.ProfileSyncManager, performSyncMyProfile(): end...
06-05 18:20:25.765  5528  7026 D CloudServiceSync.ContactManager: notifyContactSyncState(): state=SYNC_CONTACTS_STATE_BEGIN, info=null
06-05 18:20:25.765  5528  7026 D ##XLogger##: com.miui.micloudsync.util.ExLog::d@SourceFile:59, thread:88--CloudServiceSync.ContactManager, notifyContactSyncState(): state=SYNC_CONTACTS_STATE_BEGIN, info=null
06-05 18:20:25.770 31931  4346 I ContactsProvider: Contacts update: CPID=5528, CallingPackage = com.miui.micloudsync User=0
06-05 18:20:25.770 31931  4346 I ContactsProvider: Update() MI_CLOUD_SYNC_CONTACTS_STATE : state=SYNC_CONTACTS_STATE_BEGIN, info=null
06-05 18:20:25.777  5528  7026 D CloudServiceSync.ContactManager: clearSyncTag(): begin...
06-05 18:20:25.778  5528  7026 D ##XLogger##: com.miui.micloudsync.util.ExLog::begin@SourceFile:29, thread:88--CloudServiceSync.ContactManager, clearSyncTag(): begin...
06-05 18:20:25.781 31931  6413 I ContactsProvider: Contacts query: CPID=5528, CallingPackage = com.miui.micloudsync User=0
06-05 18:20:25.790 31931  6413 I ContactsProvider: Contacts query: CPID=5528, CallingPackage = com.miui.micloudsync User=0
06-05 18:20:25.797  5528  7026 D CloudServiceSync.ContactManager: clearSyncTag(): end...
06-05 18:20:25.797  5528  7026 D ##XLogger##: com.miui.micloudsync.util.ExLog::end@SourceFile:38, thread:88--CloudServiceSync.ContactManager, clearSyncTag(): end...
06-05 18:20:25.800 31931  4346 I ContactsProvider: Contacts query: CPID=5528, CallingPackage = com.miui.micloudsync User=0
06-05 18:20:25.802  5528  7026 D CloudServiceSync.ContactsSyncAdapter: parseSyncKey(): syncStateData={"syncTag":"0","syncExtraInfo":"FuydibamYBYAFgAWABYAFgAiJsK_ibAwAsgBAA","syncVersion":"3"}, watermark=0
06-05 18:20:25.802  5528  7026 D ##XLogger##: com.miui.micloudsync.util.ExLog::d@SourceFile:68, thread:88--CloudServiceSync.ContactsSyncAdapter, parseSyncKey(): syncStateData={"syncTag":"0","syncExtraInfo":"FuydibamYBYAFgAWABYAFgAiJsK_ibAwAsgBAA","syncVersion":"3"}, watermark=0
06-05 18:20:25.803  5647  5705 I [com.android.contacts,5528]:ContactsSyncAdapter: lastSyncMarker:0;shouldFullSync:false
06-05 18:20:25.808  5528  7026 D CloudServiceSync.ContactsSyncAdapter: processSyncContact(): begin...
06-05 18:20:25.808  5528  7026 D ##XLogger##: com.miui.micloudsync.util.ExLog::begin@SourceFile:29, thread:88--CloudServiceSync.ContactsSyncAdapter, processSyncContact(): begin...
06-05 18:20:25.809  5528  7026 D CloudServiceSync.ContactsSyncAdapter: processSyncContact(): sync...
06-05 18:20:25.809  5528  7026 D ##XLogger##: com.miui.micloudsync.util.ExLog::d@SourceFile:68, thread:88--CloudServiceSync.ContactsSyncAdapter, processSyncContact(): sync...
06-05 18:20:25.810  5647  5705 I [com.android.contacts,5528]:ContactsSyncAdapter: processSyncContact(): sync...
06-05 18:20:25.814 31931  4346 I ContactsProvider: Contacts query: CPID=5528, CallingPackage = com.miui.micloudsync User=0
06-05 18:20:25.818  5528  7026 D CloudServiceSync.ContactsSyncAdapter: parseSyncKey(): syncStateData={"syncTag":"0","syncExtraInfo":"FuydibamYBYAFgAWABYAFgAiJsK_ibAwAsgBAA","syncVersion":"3"}, watermark=0
06-05 18:20:25.818  5528  7026 D ##XLogger##: com.miui.micloudsync.util.ExLog::d@SourceFile:68, thread:88--CloudServiceSync.ContactsSyncAdapter, parseSyncKey(): syncStateData={"syncTag":"0","syncExtraInfo":"FuydibamYBYAFgAWABYAFgAiJsK_ibAwAsgBAA","syncVersion":"3"}, watermark=0
06-05 18:20:25.819  5528  7026 W CloudServiceSync.ContactsSyncAdapter: processSyncContact(): sync with watermark 0
06-05 18:20:25.819  5528  7026 W ##XLogger##: com.miui.micloudsync.util.ExLog::w@SourceFile:113, thread:88--CloudServiceSync.ContactsSyncAdapter, processSyncContact(): sync with watermark 0
06-05 18:20:25.820  5647  5705 I [com.android.contacts,5528]:ContactsSyncAdapter: processSyncContact(): sync with watermark  0
06-05 18:20:25.825  5528  7026 I ##XLogger##: com.xiaomi.micloudsdk.request.utils.CloudRelocationUtils::updateRequestHost@SourceFile:317, thread:88--Micloud, Original URL: http://contactapi.micloud.xiaomi.net/mic/contact/v3/user/full.
06-05 18:20:25.826  5528  7026 I ##XLogger##: com.xiaomi.micloudsdk.request.utils.CloudRelocationUtils::updateRequestHost@SourceFile:322, thread:88--Micloud, New URL: https://us.contactapi.micloud.xiaomi.net.
06-05 18:20:25.826  5528  7026 I ##XLogger##: com.xiaomi.micloudsdk.request.utils.CloudRelocationUtils::updateRequestHost@SourceFile:329, thread:88--Micloud, Final URL: https://us.contactapi.micloud.xiaomi.net/mic/contact/v3/user/full.
06-05 18:20:25.837  5528  5547 W System  : A resource failed to call close.
06-05 18:20:25.841  1850  2634 I MiuiNetworkPolicy: updateUidState uid = 10162, uidState = 8
06-05 18:20:25.847  5528  5528 I RemoteMethodInvoker: RemoteMethodInvoker connects remote service .XiaomiAccountService
06-05 18:20:25.853  1850  2634 I MiuiNetworkPolicy: updateUidState uid = 10162, uidState = 10
06-05 18:20:25.860  1850  2634 I MiuiNetworkPolicy: updateUidState uid = 10162, uidState = 19
06-05 18:20:25.885  1103  1103 I audioserver: setGameParameters keyvalue: xlog.volume.music.speaker=54
06-05 18:20:25.886   975  1043 D audio_hw_primary: adev_set_parameters: enter: xlog.volume.music.speaker=54
06-05 18:20:25.886   975  1043 V msm8974_platform: platform_set_parameters: enter: xlog.volume.music.speaker=54
06-05 18:20:25.886   975  1043 D audio_hw_hfp: hfp_set_parameters: enter
06-05 18:20:25.886   975  1043 D audio_hw_hfp: hfp_set_parameters: enter
06-05 18:20:25.886   975  1043 V a2dp_offload: end of a2dp setparam
06-05 18:20:25.886   975  1043 D audio_hw_cspl_cal: cirrus_cal_setparameters: enter 0xf3003600
06-05 18:20:25.886   975  1043 D audio_hw_extn: audio_extn_fm_set_parameters: Enter
06-05 18:20:25.886   975  1043 D audio_hw_hfp: hfp_set_parameters: enter
06-05 18:20:25.886   975  1043 V a2dp_offload: end of a2dp setparam
06-05 18:20:25.886   975  1043 D audio_hw_primary: adev_set_parameters: exit with code(0)
06-05 18:20:25.886  1103  1103 I audioserver: setGameParameters keyvalue: xlog.volume.music.speaker=54
06-05 18:20:25.886   975  1043 D audio_hw_primary: adev_set_parameters: enter: xlog.volume.music.speaker=54
06-05 18:20:25.886   975  1043 V msm8974_platform: platform_set_parameters: enter: xlog.volume.music.speaker=54
06-05 18:20:25.886   975  1043 D audio_hw_hfp: hfp_set_parameters: enter
06-05 18:20:25.886   975  1043 D audio_hw_hfp: hfp_set_parameters: enter
06-05 18:20:25.886   975  1043 V a2dp_offload: end of a2dp setparam
06-05 18:20:25.886   975  1043 D audio_hw_cspl_cal: cirrus_cal_setparameters: enter 0xf3003600
06-05 18:20:25.887   975  1043 D audio_hw_extn: audio_extn_fm_set_parameters: Enter
06-05 18:20:25.887   975  1043 D audio_hw_hfp: hfp_set_parameters: enter
06-05 18:20:25.887   975  1043 V a2dp_offload: end of a2dp setparam
06-05 18:20:25.887   975  1043 D audio_hw_primary: adev_set_parameters: exit with code(0)
06-05 18:20:25.974  2953  3093 W Unity   : Card.OnSpellStateFinished_CustomDeath() - spell TSCFX_Whirlpool_CustomDeath(Clone) (Spell) on Card [entityName=Colaque id=283 zone=GRAVEYARD zonePos=0 cardId=TSC_026 player=2] has no Actor ancestor
06-05 18:20:25.974  2953  3093 W Unity   : (Filename: ./Runtime/Export/Debug/Debug.bindings.h Line: 39)
06-05 18:20:25.974  2953  3093 W Unity   :
06-05 18:20:25.975  2953  3093 I Unity   : [Spell Pooling] Released: Card_Play_Ally_Zzz(Clone)(Clone)
06-05 18:20:25.975  2953  3093 I Unity   : [Spell Pooling] Released: Card_Play_Ally_BattleCry(Clone)(Clone)
06-05 18:20:25.975  2953  3093 I Unity   : [Spell Pooling] Released: Card_Play_Ally_Friendly_Attack(Clone)(Clone)
06-05 18:20:25.976  2953  3093 I Unity   : [Spell Pooling] Released: Card_Play_Ally_DamageSplat(Clone)(Clone)
06-05 18:20:26.015   689  6256 I keystore2: keystore2::watchdog: Watchdog thread idle -> terminating. Have a great day.
06-05 18:20:26.089 31931 31931 I CallLogProvider: CallLog changed, send calllogbackup BroadCast
06-05 18:20:26.114  5528  7026 D CloudServiceSync.ContactsSyncAdapter: processSyncContact(): lastPage=true, syncExtraInfo=FvjYiramYBYAFgAWABYAFgAiJsK_ibAwAsgBAA
06-05 18:20:26.114  5528  7026 D ##XLogger##: com.miui.micloudsync.util.ExLog::d@SourceFile:68, thread:88--CloudServiceSync.ContactsSyncAdapter, processSyncContact(): lastPage=true, syncExtraInfo=FvjYiramYBYAFgAWABYAFgAiJsK_ibAwAsgBAA
06-05 18:20:26.116  5528  7026 W CloudServiceSync.ContactsSyncAdapter: syncContact(): contactSize=0
06-05 18:20:26.116  5647  5705 I [com.android.contacts,5528]:ContactsSyncAdapter: processSyncContact(): lastPage=  true;syncExtraInfo=FvjYiramYBYAFgAWABYAFgAiJsK_ibAwAsgBAA
06-05 18:20:26.116  5528  7026 W ##XLogger##: com.miui.micloudsync.util.ExLog::w@SourceFile:113, thread:88--CloudServiceSync.ContactsSyncAdapter, syncContact(): contactSize=0
06-05 18:20:26.117  5647  5705 I [com.android.contacts,5528]:ContactsSyncAdapter: syncContact(): contactSize= 0
06-05 18:20:26.117  5647  5705 I [com.android.contacts,5528]:ContactsSyncAdapter: syncContact(): insertNum=0;deleteNum=0;updateNum=0
06-05 18:20:26.117  5528  7026 D CloudServiceSync.ContactsSyncAdapter: setSyncState(): syncStateUri=content://com.android.contacts/syncstate
06-05 18:20:26.117  5528  7026 D ##XLogger##: com.miui.micloudsync.util.ExLog::d@SourceFile:68, thread:88--CloudServiceSync.ContactsSyncAdapter, setSyncState(): syncStateUri=content://com.android.contacts/syncstate
06-05 18:20:26.118  5528  7026 D CloudServiceSync.ContactsSyncAdapter: buildSyncStateData(): {"syncTag":"0","syncExtraInfo":"FvjYiramYBYAFgAWABYAFgAiJsK_ibAwAsgBAA","syncVersion":"3"}
06-05 18:20:26.118  5528  7026 D ##XLogger##: com.miui.micloudsync.util.ExLog::d@SourceFile:68, thread:88--CloudServiceSync.ContactsSyncAdapter, buildSyncStateData(): {"syncTag":"0","syncExtraInfo":"FvjYiramYBYAFgAWABYAFgAiJsK_ibAwAsgBAA","syncVersion":"3"}
06-05 18:20:26.118  5528  7026 D CloudServiceSync.ContactsSyncAdapter: setSyncState(): newSyncState={"syncTag":"0","syncExtraInfo":"FvjYiramYBYAFgAWABYAFgAiJsK_ibAwAsgBAA","syncVersion":"3"}
06-05 18:20:26.119  5528  7026 D ##XLogger##: com.miui.micloudsync.util.ExLog::d@SourceFile:68, thread:88--CloudServiceSync.ContactsSyncAdapter, setSyncState(): newSyncState={"syncTag":"0","syncExtraInfo":"FvjYiramYBYAFgAWABYAFgAiJsK_ibAwAsgBAA","syncVersion":"3"}
06-05 18:20:26.122 31931  6895 I ContactsProvider: Contacts insert: CPID=5528, CallingPackage = com.miui.micloudsync User=0
06-05 18:20:26.124  5042  5042 I ContactsDataManager: ContactsDataManager.onContentChanged():155 onContentChanged()
06-05 18:20:26.125  5042  5042 I EmailDataManager: EmailDataManager.onContentChanged():115 onContentChanged()
06-05 18:20:26.125  3143  3143 I NearbySharing: The contact book (uri: content://com.android.contacts) has been modified. [CONTEXT service_id=194 ]
06-05 18:20:26.125  3143  3143 I NearbySharing: Ignoring the contact book change, as we're already batching the request. [CONTEXT service_id=194 ]
06-05 18:20:26.129 31931 32211 I ContactsProvider: Contacts query: CPID=5528, CallingPackage = com.miui.micloudsync User=0
06-05 18:20:26.131 31931  6895 I ContactsProvider: Contacts query: CPID=1850, CallingPackage = android User=0
06-05 18:20:26.133  5528  7026 D CloudServiceSync.ContactsSyncAdapter: setSyncState(): new sync state {"syncTag":"0","syncExtraInfo":"FvjYiramYBYAFgAWABYAFgAiJsK_ibAwAsgBAA","syncVersion":"3"} save successful, current sync state {"syncTag":"0","syncExtraInfo":"FvjYiramYBYAFgAWABYAFgAiJsK_ibAwAsgBAA","syncVersion":"3"}
06-05 18:20:26.133 31931  6895 D SyncAccountUtils: getSelectionWritableAccountTypes(): readonly types: ('org.telegram.messenger','com.google.android.apps.tachyon','com.facebook.messenger')
06-05 18:20:26.133  5528  7026 D ##XLogger##: com.miui.micloudsync.util.ExLog::d@SourceFile:68, thread:88--CloudServiceSync.ContactsSyncAdapter, setSyncState(): new sync state {"syncTag":"0","syncExtraInfo":"FvjYiramYBYAFgAWABYAFgAiJsK_ibAwAsgBAA","syncVersion":"3"} save successful, current sync state {"syncTag":"0","syncExtraInfo":"FvjYiramYBYAFgAWABYAFgAiJsK_ibAwAsgBAA","syncVersion":"3"}
06-05 18:20:26.134  5647  5705 I [com.android.contacts,5528]:ContactsSyncAdapter: contactsSync：validCloudContactNum = 0,localUpdateContactNum = 0
06-05 18:20:26.137  5528  7026 D SyncInfoProviderBase: queryCount, uri: content://com.android.contacts/raw_contacts
06-05 18:20:26.140 31931  6413 I ContactsProvider: Contacts query: CPID=5528, CallingPackage = com.miui.micloudsync User=0
06-05 18:20:26.147  5528  7026 D SyncInfoProviderBase: queryCount, uri: content://com.android.contacts/raw_contacts
06-05 18:20:26.152 31931 32211 I ContactsProvider: Contacts query: CPID=5528, CallingPackage = com.miui.micloudsync User=0
06-05 18:20:26.163  5528  7026 D SyncInfoProviderBase: queryCount, uri: content://com.android.contacts/raw_contact_entities?caller_is_syncadapter=true
06-05 18:20:26.166 31931  6413 I ContactsProvider: Contacts query: CPID=5528, CallingPackage = com.miui.micloudsync User=0
06-05 18:20:26.171  5528  7026 D CloudServiceSync.ContactsSyncAdapter: processSyncContact(): end...
06-05 18:20:26.171  5528  7026 D ##XLogger##: com.miui.micloudsync.util.ExLog::end@SourceFile:38, thread:88--CloudServiceSync.ContactsSyncAdapter, processSyncContact(): end...
06-05 18:20:26.171  5647  5705 I [com.android.contacts,5528]:ContactsSyncAdapter: doResync Before SyncInfo: SyncDataInfo[com.android.contacts]  {synced count:0, unsynced count:0, unsynced secret count:-1, unsynced wifi only count:0}
06-05 18:20:26.173  5647  5705 I [com.android.contacts,5528]:ContactsSyncAdapter: processSyncContact end
06-05 18:20:26.173  5647  5705 I [com.android.contacts,5528]:ContactsSyncAdapter: processSyncPhoto begin
06-05 18:20:26.174 31931  6413 I ContactsProvider: Contacts query: CPID=5528, CallingPackage = com.miui.micloudsync User=0
06-05 18:20:26.176  3143  5551 I NetworkScheduler.Stats: Task com.google.android.gms/com.google.android.gms.icing.proxy.IcingInternalCorporaUpdateService started execution. cause:9 exec_start_elapsed_seconds: 9207 [CONTEXT service_id=218 ]
06-05 18:20:26.180  5528  7026 I CloudServiceSync.ContactsSyncAdapter: processSyncPhoto(): no photos to sync
06-05 18:20:26.180  5528  7026 I ##XLogger##: com.miui.micloudsync.util.ExLog::i@SourceFile:77, thread:88--CloudServiceSync.ContactsSyncAdapter, processSyncPhoto(): no photos to sync
06-05 18:20:26.184  5647  5705 I [com.android.contacts,5528]:ContactsSyncAdapter: processSyncPhoto(): no photos to sync
06-05 18:20:26.188  3143  6806 I NetworkScheduler.Stats: Task com.google.android.gms/com.google.android.gms.icing.proxy.IcingInternalCorporaUpdateService finished executing. cause:9 result: 1 elapsed_millis: 33 uptime_millis: 33 exec_start_elapsed_seconds: 9207 [CONTEXT service_id=218 ]
06-05 18:20:26.189  5528  7026 D CloudServiceSync.ContactsSyncAdapter: onPerformMiCloudSync(): set PREF_KEY_SHOULD_FULL_SYNC to false
06-05 18:20:26.189  5528  7026 D ##XLogger##: com.miui.micloudsync.util.ExLog::d@SourceFile:59, thread:88--CloudServiceSync.ContactsSyncAdapter, onPerformMiCloudSync(): set PREF_KEY_SHOULD_FULL_SYNC to false
06-05 18:20:26.189  1850  2553 D MIUIInput: [MotionEvent] publisher action=0x1, 5014236, channel '1b9faa8 com.blizzard.wtcg.hearthstone/com.blizzard.wtcg.hearthstone.HearthstoneActivity (server)'
06-05 18:20:26.191  5647  5705 I [com.android.contacts,5528]:ContactsSyncAdapter: onPerformMiCloudSync(): set PREF_KEY_SHOULD_FULL_SYNC to false
06-05 18:20:26.196  5528  7026 D SyncInfoProviderBase: queryCount, uri: content://com.android.contacts/raw_contacts
06-05 18:20:26.200 31931  6413 I ContactsProvider: Contacts query: CPID=5528, CallingPackage = com.miui.micloudsync User=0
06-05 18:20:26.206  5528  7026 D SyncInfoProviderBase: queryCount, uri: content://com.android.contacts/raw_contacts
06-05 18:20:26.208 31931 32211 I ContactsProvider: Contacts query: CPID=5528, CallingPackage = com.miui.micloudsync User=0
06-05 18:20:26.215  5528  7026 D SyncInfoProviderBase: queryCount, uri: content://com.android.contacts/raw_contact_entities?caller_is_syncadapter=true
06-05 18:20:26.217 31931 32211 I ContactsProvider: Contacts query: CPID=5528, CallingPackage = com.miui.micloudsync User=0
06-05 18:20:26.221  5647  5705 I [com.android.contacts,5528]:ContactsSyncAdapter: RemoveDuplicateContacts Before SyncInfo: SyncDataInfo[com.android.contacts]  {synced count:0, unsynced count:0, unsynced secret count:-1, unsynced wifi only count:0}
06-05 18:20:26.223 31931 32211 I ContactsProvider: Contacts query: CPID=5528, CallingPackage = com.miui.micloudsync User=0
06-05 18:20:26.230 31931  6413 I ContactsProvider: Contacts query: CPID=5528, CallingPackage = com.miui.micloudsync User=0
06-05 18:20:26.236 31931 32211 I ContactsProvider: Contacts query: CPID=5528, CallingPackage = com.miui.micloudsync User=0
06-05 18:20:26.241  5528  7026 D SyncInfoProviderBase: queryCount, uri: content://com.android.contacts/raw_contacts
06-05 18:20:26.243 31931 32211 I ContactsProvider: Contacts query: CPID=5528, CallingPackage = com.miui.micloudsync User=0
06-05 18:20:26.251  5528  7026 D SyncInfoProviderBase: queryCount, uri: content://com.android.contacts/raw_contacts
06-05 18:20:26.253 31931 32211 I ContactsProvider: Contacts query: CPID=5528, CallingPackage = com.miui.micloudsync User=0
06-05 18:20:26.260  5528  7026 D SyncInfoProviderBase: queryCount, uri: content://com.android.contacts/raw_contact_entities?caller_is_syncadapter=true
06-05 18:20:26.262 31931  6413 I ContactsProvider: Contacts query: CPID=5528, CallingPackage = com.miui.micloudsync User=0
06-05 18:20:26.267  5647  5705 I [com.android.contacts,5528]:ContactsSyncAdapter: RemoveDuplicateContacts after SyncInfo: SyncDataInfo[com.android.contacts]  {synced count:0, unsynced count:0, unsynced secret count:-1, unsynced wifi only count:0}
06-05 18:20:26.268  5528  7026 D CloudServiceSync.ContactsSyncAdapter: processDirtyGroups(): begin...
06-05 18:20:26.268  5528  7026 D ##XLogger##: com.miui.micloudsync.util.ExLog::begin@SourceFile:29, thread:88--CloudServiceSync.ContactsSyncAdapter, processDirtyGroups(): begin...
06-05 18:20:26.270 31931 32211 I ContactsProvider: Contacts query: CPID=5528, CallingPackage = com.miui.micloudsync User=0
06-05 18:20:26.276  5528  7026 D CloudServiceSync.ContactsSyncAdapter: processDirtyGroups(): end...
06-05 18:20:26.277  5528  7026 D ##XLogger##: com.miui.micloudsync.util.ExLog::end@SourceFile:38, thread:88--CloudServiceSync.ContactsSyncAdapter, processDirtyGroups(): end...
06-05 18:20:26.277  5528  7026 D CloudServiceSync.ContactsSyncAdapter: localSyncVersion: -1;currentVersion: -1；isMerge：false
06-05 18:20:26.277  5528  7026 D ##XLogger##: com.miui.micloudsync.util.ExLog::d@SourceFile:59, thread:88--CloudServiceSync.ContactsSyncAdapter, localSyncVersion: -1;currentVersion: -1；isMerge：false
06-05 18:20:26.278  5647  5705 I [com.android.contacts,5528]:ContactsSyncAdapter: localSyncVersion: -1;currentVersion: -1；isMerge： false
06-05 18:20:26.280  5528  7026 D CloudServiceSync.ContactsSyncAdapter: processUnSyncedDisplayPhoto(): begin...
06-05 18:20:26.280  5528  7026 D ##XLogger##: com.miui.micloudsync.util.ExLog::begin@SourceFile:29, thread:88--CloudServiceSync.ContactsSyncAdapter, processUnSyncedDisplayPhoto(): begin...
06-05 18:20:26.281  5647  5705 I [com.android.contacts,5528]:ContactsSyncAdapter: processUnSyncedDisplayPhoto begin
06-05 18:20:26.282  5528  7026 D CloudServiceSync.ContactsSyncAdapter: processUnSyncedDisplayPhoto(): end...
06-05 18:20:26.282  5528  7026 D ##XLogger##: com.miui.micloudsync.util.ExLog::end@SourceFile:38, thread:88--CloudServiceSync.ContactsSyncAdapter, processUnSyncedDisplayPhoto(): end...
06-05 18:20:26.282  5647  5705 I [com.android.contacts,5528]:ContactsSyncAdapter: processUnSyncedDisplayPhoto end
06-05 18:20:26.282  5528  7026 D CloudServiceSync.ContactsSyncAdapter: processDirtyRawContact(): begin...
06-05 18:20:26.282  5528  7026 D ##XLogger##: com.miui.micloudsync.util.ExLog::begin@SourceFile:29, thread:88--CloudServiceSync.ContactsSyncAdapter, processDirtyRawContact(): begin...
06-05 18:20:26.283  5528  7026 D CloudServiceSync.ContactsSyncAdapter: processDirtyRawContact's merge status : false
06-05 18:20:26.283  5528  7026 D ##XLogger##: com.miui.micloudsync.util.ExLog::d@SourceFile:59, thread:88--CloudServiceSync.ContactsSyncAdapter, processDirtyRawContact's merge status : false
06-05 18:20:26.286  1850  2553 D MIUIInput: [MotionEvent] publisher action=0x4, 5014333, channel '613871d com.miui.securitycenter (server)'
06-05 18:20:26.286  1850  2553 D MIUIInput: [MotionEvent] publisher action=0x4, 5014333, channel 'ef6ede1 com.miui.securitycenter (server)'
06-05 18:20:26.286  1850  2553 D MIUIInput: [MotionEvent] publisher action=0x0, 5014333, channel '1b9faa8 com.blizzard.wtcg.hearthstone/com.blizzard.wtcg.hearthstone.HearthstoneActivity (server)'
06-05 18:20:26.286 31931  6413 I ContactsProvider: Contacts query: CPID=5528, CallingPackage = com.miui.micloudsync User=0
06-05 18:20:26.286  7693  7693 I GameBoxTouchListener: onTouch: 	mAdded=false	isLeftShowfalse
06-05 18:20:26.287  7693  7693 I GameBoxTouchListener: onTouch: 	mAdded=false	isLeftShowtrue
06-05 18:20:26.294  5528  7026 D CloudServiceSync.ContactManager: getDirtyContacts(): begin...
06-05 18:20:26.294  5528  7026 D ##XLogger##: com.miui.micloudsync.util.ExLog::begin@SourceFile:29, thread:88--CloudServiceSync.ContactManager, getDirtyContacts(): begin...
06-05 18:20:26.296  5528  7026 D CloudServiceSync.ContactManager: getDirtyContacts(): end...
06-05 18:20:26.296  5528  7026 D ##XLogger##: com.miui.micloudsync.util.ExLog::end@SourceFile:38, thread:88--CloudServiceSync.ContactManager, getDirtyContacts(): end...
06-05 18:20:26.297  5528  7026 D CloudServiceSync.ContactManager: getDirtyContacts(): dirty contacts count is 0
06-05 18:20:26.297  5528  7026 D ##XLogger##: com.miui.micloudsync.util.ExLog::d@SourceFile:68, thread:88--CloudServiceSync.ContactManager, getDirtyContacts(): dirty contacts count is 0
06-05 18:20:26.298  5647  5705 I [com.android.contacts,5528]:ContactsSyncAdapter: processDirtyRawContact size=0
06-05 18:20:26.298  5528  7026 D CloudServiceSync.ContactsSyncAdapter: processDirtyRawContact(): end...
06-05 18:20:26.299  5647  5705 I [com.android.contacts,5528]:ContactsSyncAdapter: processDirtyRawContact uploadLocalContactsNum=0;cloudReturnContactsNum=0
06-05 18:20:26.299  5528  7026 D ##XLogger##: com.miui.micloudsync.util.ExLog::end@SourceFile:38, thread:88--CloudServiceSync.ContactsSyncAdapter, processDirtyRawContact(): end...
06-05 18:20:26.299  5528  7026 D CloudServiceSync.CallLabelManager: processCallLaber(): begin...
06-05 18:20:26.300  5528  7026 D ##XLogger##: com.miui.micloudsync.util.ExLog::begin@SourceFile:29, thread:88--CloudServiceSync.CallLabelManager, processCallLaber(): begin...
06-05 18:20:26.302 31931  6413 I ContactsProvider: Contacts query: CPID=5528, CallingPackage = com.miui.micloudsync User=0
06-05 18:20:26.305  5528  7026 D CloudServiceSync.CallLabelManager: processDirtyCallLabel(): end...
06-05 18:20:26.306  5528  7026 D ##XLogger##: com.miui.micloudsync.util.ExLog::end@SourceFile:38, thread:88--CloudServiceSync.CallLabelManager, processDirtyCallLabel(): end...
06-05 18:20:26.306  5528  7026 D CloudServiceSync.ContactsSyncAdapter: processSyncContact(): begin...
06-05 18:20:26.306  5528  7026 D ##XLogger##: com.miui.micloudsync.util.ExLog::begin@SourceFile:29, thread:88--CloudServiceSync.ContactsSyncAdapter, processSyncContact(): begin...
06-05 18:20:26.307  5528  7026 D CloudServiceSync.ContactsSyncAdapter: processSyncContact(): sync...
06-05 18:20:26.307  5528  7026 D ##XLogger##: com.miui.micloudsync.util.ExLog::d@SourceFile:68, thread:88--CloudServiceSync.ContactsSyncAdapter, processSyncContact(): sync...
06-05 18:20:26.308  5647  5705 I [com.android.contacts,5528]:ContactsSyncAdapter: processSyncContact(): sync...
06-05 18:20:26.311 31931  6413 I ContactsProvider: Contacts query: CPID=5528, CallingPackage = com.miui.micloudsync User=0
06-05 18:20:26.313  5528  7026 D CloudServiceSync.ContactsSyncAdapter: parseSyncKey(): syncStateData={"syncTag":"0","syncExtraInfo":"FvjYiramYBYAFgAWABYAFgAiJsK_ibAwAsgBAA","syncVersion":"3"}, watermark=0
06-05 18:20:26.313  5528  7026 D ##XLogger##: com.miui.micloudsync.util.ExLog::d@SourceFile:68, thread:88--CloudServiceSync.ContactsSyncAdapter, parseSyncKey(): syncStateData={"syncTag":"0","syncExtraInfo":"FvjYiramYBYAFgAWABYAFgAiJsK_ibAwAsgBAA","syncVersion":"3"}, watermark=0
06-05 18:20:26.314  5528  7026 W CloudServiceSync.ContactsSyncAdapter: processSyncContact(): sync with watermark 0
06-05 18:20:26.314  5528  7026 W ##XLogger##: com.miui.micloudsync.util.ExLog::w@SourceFile:113, thread:88--CloudServiceSync.ContactsSyncAdapter, processSyncContact(): sync with watermark 0
06-05 18:20:26.315  5647  5705 I [com.android.contacts,5528]:ContactsSyncAdapter: processSyncContact(): sync with watermark  0
06-05 18:20:26.317  5528  5547 W System  : A resource failed to call close.
06-05 18:20:26.323  5528  7026 I ##XLogger##: com.xiaomi.micloudsdk.request.utils.CloudRelocationUtils::updateRequestHost@SourceFile:317, thread:88--Micloud, Original URL: http://contactapi.micloud.xiaomi.net/mic/contact/v3/user/full.
06-05 18:20:26.323  5528  7026 I ##XLogger##: com.xiaomi.micloudsdk.request.utils.CloudRelocationUtils::updateRequestHost@SourceFile:322, thread:88--Micloud, New URL: https://us.contactapi.micloud.xiaomi.net.
06-05 18:20:26.323  5528  7026 I ##XLogger##: com.xiaomi.micloudsdk.request.utils.CloudRelocationUtils::updateRequestHost@SourceFile:329, thread:88--Micloud, Final URL: https://us.contactapi.micloud.xiaomi.net/mic/contact/v3/user/full.
06-05 18:20:26.337  1850  2634 I MiuiNetworkPolicy: updateUidState uid = 10162, uidState = 8
06-05 18:20:26.370  5528  5528 I RemoteMethodInvoker: RemoteMethodInvoker connects remote service .XiaomiAccountService
06-05 18:20:26.379  1850  2634 I MiuiNetworkPolicy: updateUidState uid = 10162, uidState = 10
06-05 18:20:26.382  1850  2634 I MiuiNetworkPolicy: updateUidState uid = 10162, uidState = 19
06-05 18:20:26.485  2953  3093 W Unity   : Card.OnSpellStateFinished_CustomDeath() - spell TSCFX_Whirlpool_CustomDeath(Clone) (Spell) on Card [entityName=The Rat King id=251 zone=GRAVEYARD zonePos=0 cardId=SW_323 player=2] has no Actor ancestor
06-05 18:20:26.485  2953  3093 W Unity   : (Filename: ./Runtime/Export/Debug/Debug.bindings.h Line: 39)
06-05 18:20:26.485  2953  3093 W Unity   :
06-05 18:20:26.486  2953  3093 I Unity   : [Spell Pooling] Released: Card_Play_Ally_BattleCry(Clone)(Clone)
06-05 18:20:26.487  2953  3093 I Unity   : [Spell Pooling] Released: Card_Play_Ally_Zzz(Clone)(Clone)
06-05 18:20:26.487  2953  3093 I Unity   : [Spell Pooling] Released: Card_Play_Ally_Friendly_Attack(Clone)(Clone)
06-05 18:20:26.487  2953  3093 I Unity   : [Spell Pooling] Released: Card_Play_Ally_DamageSplat(Clone)(Clone)
06-05 18:20:26.488  4385  4385 D BoundBrokerSvc: onUnbind: Intent { act=com.google.android.gms.people.contactssync.service.START dat=chimera-action:com.google.android.gms.people.contactssync.service.START cmp=com.google.android.gms/.chimera.GmsBoundBrokerService }
06-05 18:20:26.513  1850  2553 D MIUIInput: [MotionEvent] publisher action=0x1, 5014560, channel '1b9faa8 com.blizzard.wtcg.hearthstone/com.blizzard.wtcg.hearthstone.HearthstoneActivity (server)'
06-05 18:20:26.517  2953  3247 W Unity   : The referenced script (Unknown) on this Behaviour is missing!
06-05 18:20:26.517  2953  3247 W Unity   : (Filename:  Line: 199)
06-05 18:20:26.517  2953  3247 W Unity   :
06-05 18:20:26.518  2953  3247 W Unity   : The referenced script on this Behaviour (Game Object '<null>') is missing!
06-05 18:20:26.518  2953  3247 W Unity   : (Filename:  Line: 334)
06-05 18:20:26.518  2953  3247 W Unity   :
06-05 18:20:26.518  2953  3247 W Unity   : The referenced script (Unknown) on this Behaviour is missing!
06-05 18:20:26.518  2953  3247 W Unity   : (Filename:  Line: 199)
06-05 18:20:26.518  2953  3247 W Unity   :
06-05 18:20:26.518  2953  3247 W Unity   : The referenced script on this Behaviour (Game Object '<null>') is missing!
06-05 18:20:26.518  2953  3247 W Unity   : (Filename:  Line: 334)
06-05 18:20:26.518  2953  3247 W Unity   :
06-05 18:20:26.518  2953  3247 W Unity   : The referenced script (Unknown) on this Behaviour is missing!
06-05 18:20:26.518  2953  3247 W Unity   : (Filename:  Line: 199)
06-05 18:20:26.518  2953  3247 W Unity   :
06-05 18:20:26.518  2953  3247 W Unity   : The referenced script on this Behaviour (Game Object '<null>') is missing!
06-05 18:20:26.518  2953  3247 W Unity   : (Filename:  Line: 334)
06-05 18:20:26.518  2953  3247 W Unity   :
06-05 18:20:26.518  2953  3247 W Unity   : The referenced script (Unknown) on this Behaviour is missing!
06-05 18:20:26.518  2953  3247 W Unity   : (Filename:  Line: 199)
06-05 18:20:26.518  2953  3247 W Unity   :
06-05 18:20:26.519  2953  3247 W Unity   : The referenced script on this Behaviour (Game Object '<null>') is missing!
06-05 18:20:26.519  2953  3247 W Unity   : (Filename:  Line: 334)
06-05 18:20:26.519  2953  3247 W Unity   :
06-05 18:20:26.519  2953  3247 W Unity   : The referenced script (Unknown) on this Behaviour is missing!
06-05 18:20:26.519  2953  3247 W Unity   : (Filename:  Line: 199)
06-05 18:20:26.519  2953  3247 W Unity   :
06-05 18:20:26.519  2953  3247 W Unity   : The referenced script on this Behaviour (Game Object '<null>') is missing!
06-05 18:20:26.519  2953  3247 W Unity   : (Filename:  Line: 334)
06-05 18:20:26.519  2953  3247 W Unity   :
06-05 18:20:26.519  2953  3247 W Unity   : The referenced script (Unknown) on this Behaviour is missing!
06-05 18:20:26.519  2953  3247 W Unity   : (Filename:  Line: 199)
06-05 18:20:26.519  2953  3247 W Unity   :
06-05 18:20:26.519  2953  3247 W Unity   : The referenced script on this Behaviour (Game Object '<null>') is missing!
06-05 18:20:26.519  2953  3247 W Unity   : (Filename:  Line: 334)
06-05 18:20:26.519  2953  3247 W Unity   :
06-05 18:20:26.519  2953  3247 W Unity   : The referenced script (Unknown) on this Behaviour is missing!
06-05 18:20:26.519  2953  3247 W Unity   : (Filename:  Line: 199)
06-05 18:20:26.519  2953  3247 W Unity   :
06-05 18:20:26.520  2953  3247 W Unity   : The referenced script on this Behaviour (Game Object '<null>') is missing!
06-05 18:20:26.520  2953  3247 W Unity   : (Filename:  Line: 334)
06-05 18:20:26.520  2953  3247 W Unity   :
06-05 18:20:26.520  2953  3247 W Unity   : The referenced script (Unknown) on this Behaviour is missing!
06-05 18:20:26.520  2953  3247 W Unity   : (Filename:  Line: 199)
06-05 18:20:26.520  2953  3247 W Unity   :
06-05 18:20:26.520  2953  3247 W Unity   : The referenced script on this Behaviour (Game Object '<null>') is missing!
06-05 18:20:26.520  2953  3247 W Unity   : (Filename:  Line: 334)
06-05 18:20:26.520  2953  3247 W Unity   :
06-05 18:20:26.520  2953  3247 W Unity   : The referenced script (Unknown) on this Behaviour is missing!
06-05 18:20:26.520  2953  3247 W Unity   : (Filename:  Line: 199)
06-05 18:20:26.520  2953  3247 W Unity   :
06-05 18:20:26.521  2953  3247 W Unity   : The referenced script on this Behaviour (Game Object '<null>') is missing!
06-05 18:20:26.521  2953  3247 W Unity   : (Filename:  Line: 334)
06-05 18:20:26.521  2953  3247 W Unity   :
06-05 18:20:26.521  2953  3247 W Unity   : The referenced script (Unknown) on this Behaviour is missing!
06-05 18:20:26.521  2953  3247 W Unity   : (Filename:  Line: 199)
06-05 18:20:26.521  2953  3247 W Unity   :
06-05 18:20:26.522  2953  3247 W Unity   : The referenced script on this Behaviour (Game Object '<null>') is missing!
06-05 18:20:26.522  2953  3247 W Unity   : (Filename:  Line: 334)
06-05 18:20:26.522  2953  3247 W Unity   :
06-05 18:20:26.522  2953  3247 W Unity   : The referenced script (Unknown) on this Behaviour is missing!
06-05 18:20:26.522  2953  3247 W Unity   : (Filename:  Line: 199)
06-05 18:20:26.522  2953  3247 W Unity   :
06-05 18:20:26.522  2953  3247 W Unity   : The referenced script on this Behaviour (Game Object '<null>') is missing!
06-05 18:20:26.522  2953  3247 W Unity   : (Filename:  Line: 334)
06-05 18:20:26.522  2953  3247 W Unity   :
06-05 18:20:26.522  2953  3247 W Unity   : The referenced script (Unknown) on this Behaviour is missing!
06-05 18:20:26.522  2953  3247 W Unity   : (Filename:  Line: 199)
06-05 18:20:26.522  2953  3247 W Unity   :
06-05 18:20:26.522  2953  3247 W Unity   : The referenced script on this Behaviour (Game Object '<null>') is missing!
06-05 18:20:26.522  2953  3247 W Unity   : (Filename:  Line: 334)
06-05 18:20:26.522  2953  3247 W Unity   :
06-05 18:20:26.522  2953  3247 W Unity   : The referenced script (Unknown) on this Behaviour is missing!
06-05 18:20:26.522  2953  3247 W Unity   : (Filename:  Line: 199)
06-05 18:20:26.522  2953  3247 W Unity   :
06-05 18:20:26.523  2953  3247 W Unity   : The referenced script on this Behaviour (Game Object '<null>') is missing!
06-05 18:20:26.523  2953  3247 W Unity   : (Filename:  Line: 334)
06-05 18:20:26.523  2953  3247 W Unity   :
06-05 18:20:26.523  2953  3247 W Unity   : The referenced script (Unknown) on this Behaviour is missing!
06-05 18:20:26.523  2953  3247 W Unity   : (Filename:  Line: 199)
06-05 18:20:26.523  2953  3247 W Unity   :
06-05 18:20:26.523  2953  3247 W Unity   : The referenced script on this Behaviour (Game Object '<null>') is missing!
06-05 18:20:26.523  2953  3247 W Unity   : (Filename:  Line: 334)
06-05 18:20:26.523  2953  3247 W Unity   :
06-05 18:20:26.523  2953  3247 W Unity   : The referenced script (Unknown) on this Behaviour is missing!
06-05 18:20:26.523  2953  3247 W Unity   : (Filename:  Line: 199)
06-05 18:20:26.523  2953  3247 W Unity   :
06-05 18:20:26.523  2953  3247 W Unity   : The referenced script on this Behaviour (Game Object '<null>') is missing!
06-05 18:20:26.523  2953  3247 W Unity   : (Filename:  Line: 334)
06-05 18:20:26.523  2953  3247 W Unity   :
06-05 18:20:26.523  2953  3247 W Unity   : The referenced script (Unknown) on this Behaviour is missing!
06-05 18:20:26.523  2953  3247 W Unity   : (Filename:  Line: 199)
06-05 18:20:26.523  2953  3247 W Unity   :
06-05 18:20:26.524  2953  3247 W Unity   : The referenced script on this Behaviour (Game Object '<null>') is missing!
06-05 18:20:26.524  2953  3247 W Unity   : (Filename:  Line: 334)
06-05 18:20:26.524  2953  3247 W Unity   :
06-05 18:20:26.524  2953  3247 W Unity   : The referenced script (Unknown) on this Behaviour is missing!
06-05 18:20:26.524  2953  3247 W Unity   : (Filename:  Line: 199)
06-05 18:20:26.524  2953  3247 W Unity   :
06-05 18:20:26.525  2953  3247 W Unity   : The referenced script on this Behaviour (Game Object '<null>') is missing!
06-05 18:20:26.525  2953  3247 W Unity   : (Filename:  Line: 334)
06-05 18:20:26.525  2953  3247 W Unity   :
06-05 18:20:26.525  2953  3247 W Unity   : The referenced script (Unknown) on this Behaviour is missing!
06-05 18:20:26.525  2953  3247 W Unity   : (Filename:  Line: 199)
06-05 18:20:26.525  2953  3247 W Unity   :
06-05 18:20:26.525  2953  3247 W Unity   : The referenced script on this Behaviour (Game Object '<null>') is missing!
06-05 18:20:26.525  2953  3247 W Unity   : (Filename:  Line: 334)
06-05 18:20:26.525  2953  3247 W Unity   :
06-05 18:20:26.525  2953  3247 W Unity   : The referenced script (Unknown) on this Behaviour is missing!
06-05 18:20:26.525  2953  3247 W Unity   : (Filename:  Line: 199)
06-05 18:20:26.525  2953  3247 W Unity   :
