06-05 18:23:07.171  1113  1113 D CompositionEngine: writeOutputDependentGeometryStateToHWC layer[SurfaceView[com.blizzard.wtcg.hearthstone/com.blizzard.wtcg.hearthstone.HearthstoneActivity](BLAST)#0] set Z 134217729 miFodLayer 0x8000000
06-05 18:23:07.171  1113  1113 D CompositionEngine: writeOutputDependentGeometryStateToHWC layer[com.miui.securitycenter/.FloatingWindow#1] set Z 134217730 miFodLayer 0x8000000
06-05 18:23:07.171  1113  1113 D CompositionEngine: writeOutputDependentGeometryStateToHWC layer[com.miui.securitycenter/.FloatingWindow#0] set Z 134217731 miFodLayer 0x8000000
06-05 18:23:07.171  1113  1113 D CompositionEngine: writeOutputDependentGeometryStateToHWC layer[RoundCornerTop#0] set Z 134217732 miFodLayer 0x8000000
06-05 18:23:07.171  1113  1113 D CompositionEngine: writeOutputDependentGeometryStateToHWC layer[RoundCornerBottom#0] set Z 134217733 miFodLayer 0x8000000
06-05 18:23:07.179  1034  1034 E vendor.qti.hardware.perf@2.2-service: Unknown params
06-05 18:23:07.179  1034  1034 I ANDR-PERF-LM: LMPerfGlue: perfmodule_submit_request() 132: perfmodule_submit_request()
06-05 18:23:07.179  1034  1034 I ANDR-PERF-LM: Core: getInstance() 84: LM getInstance
06-05 18:23:07.179  1034  1034 D ANDR-PERF-LM: Feature: lookup() 101: Feature Name = AppClassifier, total featuers = 3, featureFound = 1
06-05 18:23:07.179  1034  1034 D ANDR-PERF-LM: Feature: getData() 112: data.data = 0
06-05 18:23:07.179  1034  1034 I ANDR-PERF-LM: FeedbackAPI: getFeedback() 60: app:BufferTX - RotationLayer feature:AppClassifier feedback = 0
06-05 18:23:07.188  1113  1113 D CompositionEngine: writeOutputDependentGeometryStateToHWC layer[RotationLayer#0] set Z 134217728 miFodLayer 0x8000000
06-05 18:23:07.188  1113  1113 D CompositionEngine: writeOutputDependentGeometryStateToHWC layer[RoundCornerTop#0] set Z 134217729 miFodLayer 0x8000000
06-05 18:23:07.188  1113  1113 D CompositionEngine: writeOutputDependentGeometryStateToHWC layer[RoundCornerBottom#0] set Z 134217730 miFodLayer 0x8000000
06-05 18:23:07.204  1113  1113 D CompositionEngine: writeOutputDependentGeometryStateToHWC layer[RotationLayer#0] set Z 134217728 miFodLayer 0x8000000
06-05 18:23:07.204  1113  1113 D CompositionEngine: writeOutputDependentGeometryStateToHWC layer[RoundCornerTop#0] set Z 134217729 miFodLayer 0x8000000
06-05 18:23:07.204  1113  1113 D CompositionEngine: writeOutputDependentGeometryStateToHWC layer[RoundCornerBottom#0] set Z 134217730 miFodLayer 0x8000000
06-05 18:23:07.213  1850  2799 I android_os_HwBinder: HwBinder: Starting thread pool for getting: vendor.xiaomi.hardware.touchfeature@1.0::ITouchFeature/default
06-05 18:23:07.213  1074  1074 D TouchFeature: setModeValue mode:8, value:0
06-05 18:23:07.226  5042  5042 I DeviceModeUtil: DeviceModeUtil.getDeviceMode():126 Get device mode phone by ui mode:1 and smallestScreenWidthDp:392
06-05 18:23:07.228  2754  2754 D ImageWallpaper:  updateSurfaceSizeOnScreenChange width: 1080 height: 2400
06-05 18:23:07.229  5042  5042 W GoogleInputMethodService: GoogleInputMethodService.onConfigurationChanged():1591 onConfigurationChanged() : NewConfig = {1.0 515mcc3mnc [en_US] ldltr sw392dp w392dp h827dp 440dpi nrml long hdr widecg port night finger -keyb/v/h -nav/h winConfig={ mBounds=Rect(0, 0 - 1080, 2400) mAppBounds=Rect(0, 80 - 1080, 2356) mMaxBounds=Rect(0, 0 - 1080, 2400) mWindowingMode=fullscreen mDisplayWindowingMode=fullscreen mActivityType=undefined mAlwaysOnTop=undefined mRotation=ROTATION_0} as.3 s.514 fontWeightAdjustment=0 themeChanged=0 themeChangedFlags=0 extraData = Bundle[{}] dt/?}
06-05 18:23:07.230  2754  3816 D KeyguardWallpaperRenderer: com.miui.miwallpaper.wallpaperservice.glwallpaper.KeyguardWallpaperRenderer@226a133reportSurfaceSize 1080 : 2400
06-05 18:23:07.231  2754  2754 D MiuiKeyguardWallpaperRemoteService:  onConfigurationchanged {1.0 515mcc3mnc [en_US] ldltr sw392dp w392dp h827dp 440dpi nrml long hdr widecg port night finger -keyb/v/h -nav/h winConfig={ mBounds=Rect(0, 0 - 1080, 2400) mAppBounds=Rect(0, 80 - 1080, 2356) mMaxBounds=Rect(0, 0 - 1080, 2400) mWindowingMode=fullscreen mDisplayWindowingMode=fullscreen mActivityType=undefined mAlwaysOnTop=undefined mRotation=ROTATION_0} as.3 s.511 fontWeightAdjustment=0 themeChanged=0 themeChangedFlags=0 extraData = Bundle[{}] dt/?}
06-05 18:23:07.232  8271  8307 W d.process.medi: Reducing the number of considered missed Gc histogram windows from 128 to 100
06-05 18:23:07.232  5042  5042 I AbstractOpenableExtension: AbstractOpenableExtension.maybeDestroyExistingKeyboardGroupManager():510 Destroy existing keyboard group manager in dvs
06-05 18:23:07.232  5042  5042 I AbstractOpenableExtension: AbstractOpenableExtension.createKeyboardGroupManagerListenableFuture():122 Create keyboard group manager listenable future in dvs
06-05 18:23:07.233  2754  2810 D HomeWallpaperRenderer: com.miui.miwallpaper.wallpaperservice.HomeWallpaperRenderer@133addbreportSurfaceSize 1080 : 2400
06-05 18:23:07.233  5042  5042 I AbstractOpenableExtension: AbstractOpenableExtension.maybeDestroyExistingKeyboardGroupManager():510 Destroy existing keyboard group manager in cjp
06-05 18:23:07.233  5042  5042 I AbstractOpenableExtension: AbstractOpenableExtension.createKeyboardGroupManagerListenableFuture():122 Create keyboard group manager listenable future in cjp
06-05 18:23:07.235  5042  5042 I AbstractOpenableExtension: AbstractOpenableExtension.maybeDestroyExistingKeyboardGroupManager():510 Destroy existing keyboard group manager in dui
06-05 18:23:07.235  5042  5042 I AbstractOpenableExtension: AbstractOpenableExtension.createKeyboardGroupManagerListenableFuture():122 Create keyboard group manager listenable future in dui
06-05 18:23:07.235  5042  5042 I AbstractOpenableExtension: AbstractOpenableExtension.maybeDestroyExistingKeyboardGroupManager():510 Destroy existing keyboard group manager in dwy
06-05 18:23:07.235  5042  5042 I AbstractOpenableExtension: AbstractOpenableExtension.createKeyboardGroupManagerListenableFuture():122 Create keyboard group manager listenable future in dwy
06-05 18:23:07.236  5042  5042 I DeviceModeUtil: DeviceModeUtil.getDeviceMode():126 Get device mode phone by ui mode:1 and smallestScreenWidthDp:392
06-05 18:23:07.242  5042  5042 I NormalModeController: NormalModeController.getKeyboardBodyViewHolderPaddingBottom():111 currentPrimeKeyboardType:SOFT systemPaddingBottom:-1
06-05 18:23:07.239     1     1 W /system/bin/init: type=1107 audit(0.0:5801): uid=0 auid=4294967295 ses=4294967295 subj=u:r:init:s0 msg='avc: denied { set } for property=persist.vendor.freeform.cam.orientation pid=1850 uid=1000 gid=1000 scontext=u:r:system_server:s0 tcontext=u:object_r:vendor_default_prop:s0 tclass=property_service permissive=0'
06-05 18:23:07.243  1850  2799 W libc    : Unable to set property "persist.vendor.freeform.cam.orientation" to "0": error code: 0x18
06-05 18:23:07.243  1850  2799 W libc    : Unable to set property "persist.vendor.freeform.cam.orientation" to "0": error code: 0x18
06-05 18:23:07.239     1     1 W /system/bin/init: type=1107 audit(0.0:5802): uid=0 auid=4294967295 ses=4294967295 subj=u:r:init:s0 msg='avc: denied { set } for property=persist.vendor.freeform.cam.orientation pid=1850 uid=1000 gid=1000 scontext=u:r:system_server:s0 tcontext=u:object_r:vendor_default_prop:s0 tclass=property_service permissive=0'
06-05 18:23:07.244  5042  8473 I KeyboardGroupDefParser: KeyboardGroupDefParser.parseKeyboardGroupDef():87 parseKeyboardGroupDef() 2132214024 -> 0_resource_name_obfuscated : WaitTime = 2 ms : RunTime = 6 ms
06-05 18:23:07.245  5042  8471 I KeyboardGroupDefParser: KeyboardGroupDefParser.parseKeyboardGroupDef():87 parseKeyboardGroupDef() 2132214023 -> 0_resource_name_obfuscated : WaitTime = 0 ms : RunTime = 11 ms
06-05 18:23:07.248  1850  2691 D CameraBlackCoveredManager: mForegroundPackage = com.mi.android.globallauncher mOccupiedPackage = com.miui.face
06-05 18:23:07.249 11029 11044 D AutoInstallService: onForegroundInfoChanged: com.mi.android.globallauncher
06-05 18:23:07.249  7552  9688 D GreenifyCheckerStatsd: onForegroundInfoChanged: com.mi.android.globallauncher
06-05 18:23:07.249  6316  6905 I ProcessMonitor: onForegroundInfoChanged: ForegroundInfo{mForegroundPackageName='com.mi.android.globallauncher', mForegroundUid=10091, mForegroundPid=3068, mLastForegroundPackageName='com.blizzard.wtcg.hearthstone', mLastForegroundUid=10354, mLastForegroundPid=2953, mMultiWindowForegroundPackageName='null', mMultiWindowForegroundUid=-1, mFlags=0}
06-05 18:23:07.249  5306 11630 I SLAToast: foreground uid:10091, isColdStart:false, isLinkTurboEnable:false
06-05 18:23:07.249  7552  7991 D PerfEngineController: ForegroundInfo{mForegroundPackageName='com.mi.android.globallauncher', mForegroundUid=10091, mForegroundPid=3068, mLastForegroundPackageName='com.blizzard.wtcg.hearthstone', mLastForegroundUid=10354, mLastForegroundPid=2953, mMultiWindowForegroundPackageName='null', mMultiWindowForegroundUid=-1, mFlags=0}
06-05 18:23:07.249  6316  6905 I GameBoosterService: onForegroundInfoChanged: Cur=com.mi.android.globallauncher	 last=com.blizzard.wtcg.hearthstone
06-05 18:23:07.249  5042  8472 I KeyboardGroupDefParser: KeyboardGroupDefParser.parseKeyboardGroupDef():87 parseKeyboardGroupDef() 2132214017 -> 0_resource_name_obfuscated : WaitTime = 3 ms : RunTime = 12 ms
06-05 18:23:07.250  6316  6905 D GameBoosterService: onGameStatusChange foreground:ForegroundInfo{mForegroundPackageName='com.mi.android.globallauncher', mForegroundUid=10091, mForegroundPid=3068, mLastForegroundPackageName='com.blizzard.wtcg.hearthstone', mLastForegroundUid=10354, mLastForegroundPid=2953, mMultiWindowForegroundPackageName='null', mMultiWindowForegroundUid=-1, mFlags=0}
06-05 18:23:07.250  6316  6905 I GameBoosterService: onForegroundInfoChanged: Exit
06-05 18:23:07.250  6316  6905 I VideoBoxUtils: isSupportVideoBox: true
06-05 18:23:07.250  6316  6905 I VideoToolBoxService: onForegroundInfoChanged: Exit Vtb
06-05 18:23:07.250  6316  7541 I GameBoosterService: game exit app...
06-05 18:23:07.250  7576  7609 I GST     : forePkg: com.mi.android.globallauncher, preForePkg: com.blizzard.wtcg.hearthstone
06-05 18:23:07.250  5042  8470 I KeyboardGroupDefParser: KeyboardGroupDefParser.parseKeyboardGroupDef():87 parseKeyboardGroupDef() 2132214019 -> 0_resource_name_obfuscated : WaitTime = 1 ms : RunTime = 10 ms
06-05 18:23:07.250  7552  7650 I ThermalInfoCollector: collectForgroundAppsInfo: com.blizzard.wtcg.hearthstone
06-05 18:23:07.250  7552  7894 D LS-ForegroundStatusManager: handleMessage ForegroundInfoChanged. pkg = com.mi.android.globallauncher, uid = 10091, mCurrentForegroundUid = 10354
06-05 18:23:07.250  7552  7894 D LS-ForegroundStatusManager: onForegroundChanged mCurrentForegroundUid = 10354, new uid = 10091
06-05 18:23:07.247  7552  7552 W ThermalInfoColl: type=1400 audit(0.0:5803): avc: denied { read } for name="show_fb_showall" dev="proc" ino=4026532312 scontext=u:r:system_app:s0 tcontext=u:object_r:proc:s0 tclass=file permissive=0
06-05 18:23:07.251  7552  7650 E CpuruntimeResource: getPkgRuntimeInfo exception: /proc/package/pkg/show_fb_showall: open failed: EACCES (Permission denied)
06-05 18:23:07.251  7552  7931 I DisplayFrameSetting: setScreenEffect pkg=com.mi.android.globallauncher fps=60 cookie=244
06-05 18:23:07.252  1057  1057 D DisplayFeatureHal: setFeatureEnable: FeatureId=FPS_SWITCH_STATE modeId=60 cookie=244
06-05 18:23:07.252  1057  1057 D DisplayFeatureHal: current wcg state 0, setting to 0
06-05 18:23:07.252  1057  1057 I DisplayFeatureHal: preHandleFpsSwitch: Default app set input_fps[60], current_fps[60], cookie[244], mSmartFpsEnable[0]
06-05 18:23:07.252  1057  1057 I DisplayFeatureHal: preHandleFpsSwitch: pending fps(60)
06-05 18:23:07.252  1057  1057 I DisplayFeatureHal: setFeatureEnable: [FPS_SWITCH_STATE]: modeId:60, cookie:244, input_pending_fps:60
06-05 18:23:07.252  1057  1501 I DisplayFeatureHal: HandleFpsSwitch: pending_fps[60], current_fps[60], doze_pending_fps[0], mSmartFpsEnable[0]
06-05 18:23:07.252  1057  1501 I DisplayFeatureHal: HandleFpsSwitch: smart[60], settings[60], thermal[60], power[0], video[0], game[0], app[60], last_module[Default]
06-05 18:23:07.253  7552  7931 D PowerModeHandler: mThermalId =0
06-05 18:23:07.253  7552  7931 D ThermalIECHandler: IECAll48Allowed: false; IECMonitorAllowed: false; IECTestState: false
06-05 18:23:07.254  7552  7931 I ThermalSwitchHandler: writeThermalId success id=0
06-05 18:23:07.260  1850  3576 W ActivityManager: Sending non-protected broadcast action_toast_booster_fail from system 6316:com.miui.securitycenter.remote/1000 pkg com.miui.securitycenter. Callers=
06-05 18:23:07.260  1850  3576 W ActivityManager: Sending non-protected broadcast action_toast_booster_fail from system 6316:com.miui.securitycenter.remote/1000 pkg com.miui.securitycenter. Callers=
06-05 18:23:07.261  5042  5042 I DeviceModeUtil: DeviceModeUtil.getDeviceMode():126 Get device mode phone by ui mode:1 and smallestScreenWidthDp:392
06-05 18:23:07.261  6316  7541 I GameBoosterService: mIsAntiKeyboard...stop
06-05 18:23:07.261  5042  5042 I DeviceModeUtil: DeviceModeUtil.getDeviceMode():126 Get device mode phone by ui mode:1 and smallestScreenWidthDp:392
06-05 18:23:07.261  5042  5042 I DeviceModeUtil: DeviceModeUtil.getDeviceMode():126 Get device mode phone by ui mode:1 and smallestScreenWidthDp:392
06-05 18:23:07.261  5042  5042 I DeviceModeUtil: DeviceModeUtil.getDeviceMode():126 Get device mode phone by ui mode:1 and smallestScreenWidthDp:392
06-05 18:23:07.261  5042  5042 I DeviceModeUtil: DeviceModeUtil.getDeviceMode():126 Get device mode phone by ui mode:1 and smallestScreenWidthDp:392
06-05 18:23:07.261  5042  5042 I DeviceModeUtil: DeviceModeUtil.getDeviceMode():126 Get device mode phone by ui mode:1 and smallestScreenWidthDp:392
06-05 18:23:07.262  5042  5042 I GoogleInputMethodService: GoogleInputMethodService.initializeKeyboardTheme():1381 Apply keyboard theme: theme_border_top2dp_bottom4dp_stylesheet_noshadow_gsans_pillkey_silkpopup_phone_zip_user_theme_package_001650850474010_00.zip_port
06-05 18:23:07.265  6316  7541 I GameBoxService: close
06-05 18:23:07.266  1850  1944 W system_server: Long monitor contention with owner Binder:1850_7 (2799) at android.content.pm.ApplicationInfo com.android.server.wm.WindowProcessUtils.getMultiWindowForegroundAppInfoLocked(com.android.server.wm.ActivityTaskManagerService)(WindowProcessUtils.java:336) waiters=0 in void com.android.server.wm.WindowAnimator.lambda$new$1$WindowAnimator(long) for 140ms
06-05 18:23:07.270  5042  5042 I DeviceModeUtil: DeviceModeUtil.getDeviceMode():126 Get device mode phone by ui mode:1 and smallestScreenWidthDp:392
06-05 18:23:07.271  1113  1113 D CompositionEngine: writeOutputDependentGeometryStateToHWC layer[RotationLayer#0] set Z 134217728 miFodLayer 0x8000000
06-05 18:23:07.271  1113  1113 D CompositionEngine: writeOutputDependentGeometryStateToHWC layer[RoundCornerTop#0] set Z 134217729 miFodLayer 0x8000000
06-05 18:23:07.271  1113  1113 D CompositionEngine: writeOutputDependentGeometryStateToHWC layer[RoundCornerBottom#0] set Z 134217730 miFodLayer 0x8000000
06-05 18:23:07.271  5042  5042 I InputMethodEntryManager: InputMethodEntryManager.startLoadingInputMethodEntrySettings():780 Start loading input method entry settings: [LanguageTagVariantTuple{languageTag=en-US, variant=qwerty}]
06-05 18:23:07.272  7693  7693 I GameBoxWindowManager: ac:action_toast_booster_fail
06-05 18:23:07.272  7693  7693 I GameBoxWindowManager: exitDockMode: 1
06-05 18:23:07.273  5042  5042 I InputMethodEntryManager: InputMethodEntryManager.updateInputMethodEntrySettingsLoadingTask():868 update loading task with resetImplicitlyEnabledEntries is false
06-05 18:23:07.273  5042  5042 I NormalModeController: NormalModeController.getKeyboardBodyViewHolderPaddingBottom():111 currentPrimeKeyboardType:SOFT systemPaddingBottom:-1
06-05 18:23:07.276  7552  7931 D ThermalIECHandler: storeDataStyle: thermal_iec_monitor_persistence_data_style_iec_state; startIECTime: -1; IECScreenOffOverPeriodTime: -1
06-05 18:23:07.276  7552  7931 D ThermalIECHandler: storeDataStyle: thermal_iec_monitor_persistence_data_style_iec_state; startIECTime: -1; IECScreenOffOverPeriodTime: -1
06-05 18:23:07.276  7693  7693 I DockWindowManager: createFloatView: [com.miui.gamebooster.windowmanager.h.o(Unknown Source:12), com.miui.gamebooster.windowmanager.h.c(Unknown Source:76), com.miui.gamebooster.service.DockWindowManagerService.a(Unknown Source:29), com.miui.gamebooster.service.DockWindowManagerService$GameBoosterWindowBinder.a(Unknown Source:2), com.miui.gamebooster.service.c.run(Unknown Source:4), android.os.Handler.handleCallback(Handler.java:938), android.os.Handler.dispatchMessage(Handler.java:99), android.os.Looper.loopOnce(Looper.java:210), android.os.Looper.loop(Looper.java:299), android.app.ActivityThread.main(ActivityThread.java:8105), java.lang.reflect.Method.invoke(Native Method), com.android.internal.os.RuntimeInit$MethodAndArgsCaller.run(RuntimeInit.java:556), com.android.internal.os.ZygoteInit.main(ZygoteInit.java:1045)]
06-05 18:23:07.277  7693  7693 I DockWindowManager: createFloatView: isServiceStarted =true	isMonitorViewAdded: true
06-05 18:23:07.277  7693  7693 I DockFeature: isSupportDock: isSupportFreeform=true	isPhone=true	isAboveMiui125=true	isMiuiLite=false	isDevBuild=false	isNoteSupport=true
06-05 18:23:07.283  1103  1103 I audioserver: setGameParameters keyvalue: audio_game_package_name=com.blizzard.wtcg.hearthstone;audio_game_sound_effect_switch=off
06-05 18:23:07.283   975  2575 D audio_hw_primary: adev_set_parameters: enter: audio_game_package_name=com.blizzard.wtcg.hearthstone;audio_game_sound_effect_switch=off
06-05 18:23:07.283   975  2575 I send_data_to_xlog: get_phone_output_device_type the type is speaker
06-05 18:23:07.283   975  2575 D send_data_to_xlog: send_gameMode_data_to_xlog, speaker, com.blizzard.wtcg.hearthstone
06-05 18:23:07.283   975  2575 V xlog_client:  xlog_send  msg_id: 14
06-05 18:23:07.283   975  2575 V xlog_client:  xlog_send
06-05 18:23:07.283   975  2575 V xlog_client: xlog_open fd = 70
06-05 18:23:07.283   975  2575 D xlog_client: xlog_format_msg: send msg 14
06-05 18:23:07.283   975  2575 D xlog_client: _xlog_write_flat_msg: send msg {"name":"game_audio_device","audio_event":{"game_audio_device":"speaker","game_audio_app_name":"com.blizzard.wtcg.hearthstone", "game_audio_volume":"5"},"dgt":"null","audio_ext":"null" }
06-05 18:23:07.283   975  2575 V xlog_client: xlog_close 70
06-05 18:23:07.283   975  2575 V msm8974_platform: platform_set_parameters: enter: audio_game_package_name=com.blizzard.wtcg.hearthstone;audio_game_sound_effect_switch=off
06-05 18:23:07.283  2754  2754 D MiuiKeyguardPictorialWallpaper:  onSurfaceChanged : (1080, 2400) mFoldDisplayRect: Rect(0, 0 - 1080, 2400)
06-05 18:23:07.285  2754  2754 D MiuiKeyguardPictorialWallpaper:  onSurfaceChanged width: 1080 height: 2400java.lang.Throwable
06-05 18:23:07.285  2754  2754 D MiuiKeyguardPictorialWallpaper: 	at com.miui.miwallpaper.wallpaperservice.MiuiKeyguardPictorialWallpaper$PictorialEngine.onSurfaceChanged(MiuiKeyguardPictorialWallpaper.java:488)
06-05 18:23:07.285  2754  2754 D MiuiKeyguardPictorialWallpaper: 	at android.service.wallpaper.WallpaperService$Engine.updateSurface(WallpaperService.java:1147)
06-05 18:23:07.285  2754  2754 D MiuiKeyguardPictorialWallpaper: 	at android.service.wallpaper.WallpaperService$IWallpaperEngineWrapper.executeMessage(WallpaperService.java:2149)
06-05 18:23:07.285  2754  2754 D MiuiKeyguardPictorialWallpaper: 	at com.android.internal.os.HandlerCaller$MyHandler.handleMessage(HandlerCaller.java:44)
06-05 18:23:07.285  2754  2754 D MiuiKeyguardPictorialWallpaper: 	at android.os.Handler.dispatchMessage(Handler.java:106)
06-05 18:23:07.285  2754  2754 D MiuiKeyguardPictorialWallpaper: 	at android.os.Looper.loopOnce(Looper.java:210)
06-05 18:23:07.285  2754  2754 D MiuiKeyguardPictorialWallpaper: 	at android.os.Looper.loop(Looper.java:299)
06-05 18:23:07.285  2754  2754 D MiuiKeyguardPictorialWallpaper: 	at android.app.ActivityThread.main(ActivityThread.java:8105)
06-05 18:23:07.285  2754  2754 D MiuiKeyguardPictorialWallpaper: 	at java.lang.reflect.Method.invoke(Native Method)
06-05 18:23:07.285  2754  2754 D MiuiKeyguardPictorialWallpaper: 	at com.android.internal.os.RuntimeInit$MethodAndArgsCaller.run(RuntimeInit.java:556)
06-05 18:23:07.285  2754  2754 D MiuiKeyguardPictorialWallpaper: 	at com.android.internal.os.ZygoteInit.main(ZygoteInit.java:1045)
06-05 18:23:07.285  2754  2754 D MiuiKeyguardPictorialWallpaper:  onSurfaceRedrawNeede
06-05 18:23:07.285  2754  3816 D ImageGLWallpaper:  scissor: Rect(0, 0 - 1080, 2400) displayPoint: Point(1080, 2400) isScrollWithScreen: false
06-05 18:23:07.285  2754  3816 D ImageGLWallpaper:  heightDiffRatio 0.0
06-05 18:23:07.285  2754  3816 D ImageGLWallpaper:  widthDiffRatio 0.0
06-05 18:23:07.285  2754  3190 W OpenGLRenderer: Surface doesn't have any previously queued frames, nothing to readback from
06-05 18:23:07.285  2754  3816 D ImageGLWallpaper:  mCurrentTexCoordinate [0.0, 1.0, 1.0, 1.0, 1.0, 0.0, 1.0, 0.0, 0.0, 0.0, 0.0, 1.0]
06-05 18:23:07.287  1113  1113 D CompositionEngine: writeOutputDependentGeometryStateToHWC layer[RotationLayer#0] set Z 134217728 miFodLayer 0x8000000
06-05 18:23:07.287  1113  1113 D CompositionEngine: writeOutputDependentGeometryStateToHWC layer[RoundCornerTop#0] set Z 134217729 miFodLayer 0x8000000
06-05 18:23:07.287  1113  1113 D CompositionEngine: writeOutputDependentGeometryStateToHWC layer[RoundCornerBottom#0] set Z 134217730 miFodLayer 0x8000000
06-05 18:23:07.288   975  2575 D msm8974_platform: keep audio volume
06-05 18:23:07.288   975  2575 D msm8974_platform: update_device_for_game
06-05 18:23:07.288   975  2575 D audio_hw_primary: select_devices for use case (low-latency-playback in:0 out:21 device:2)
06-05 18:23:07.288   975  2575 D audio_hw_primary: select_devices: changing use case low-latency-playback output device from(21: speaker, acdb 10024) to (2: speaker, acdb 10011)
06-05 18:23:07.288   975  2575 D ultrasound_extn: ultrasound_select_devices_pre ultrasound_enabled:0 usecase(low-latency-playback), devices:2 in_snd_device(0, ), out_snd_device(2, speaker)
06-05 18:23:07.288   975  2575 D ultrasound_extn: dump_usecase_list: start ======================================
06-05 18:23:07.288   975  2575 D ultrasound_extn: dump_usecase_list: enter sensor_activated:0 hw_port_enabled:0 suspended:0
06-05 18:23:07.288   975  2575 D ultrasound_extn: dump_usecase_list: select_devices_pre usecase[#0]:(1, low-latency-playback) in_dev:(0, ) out_dv:(21, speaker)
06-05 18:23:07.288   975  2575 D ultrasound_extn: dump_usecase_list: end ======================================
06-05 18:23:07.288   975  2575 D audio_hw_primary: disable_audio_route: reset and update mixer path: low-latency-playback speaker
06-05 18:23:07.288  2754  3816 D MiuiKeyguardPictorialWallpaper:  needSetupAgain++++ true mEglHelper.hasEglContext true  mEglHelper.hasEglSurface true ischangescreen false
06-05 18:23:07.290  5042  5042 I DeviceModeUtil: DeviceModeUtil.getDeviceMode():126 Get device mode phone by ui mode:1 and smallestScreenWidthDp:392
06-05 18:23:07.291  5042  5042 I KeyboardViewUtil: KeyboardViewUtil.getKeyboardHeightRatio():168 systemKeyboardHeightRatio:1.000000; userKeyboardHeightRatio:1.000000.
06-05 18:23:07.292  2754  3816 W MiuiKeyguardPictorialWallpaper:  create pictorial wallpaper surface !! java.lang.Throwable
06-05 18:23:07.292  2754  3816 W MiuiKeyguardPictorialWallpaper: 	at com.miui.miwallpaper.wallpaperservice.MiuiKeyguardPictorialWallpaper$PictorialEngine.preRenderInternal(MiuiKeyguardPictorialWallpaper.java:551)
06-05 18:23:07.292  2754  3816 W MiuiKeyguardPictorialWallpaper: 	at com.miui.miwallpaper.wallpaperservice.MiuiKeyguardPictorialWallpaper$PictorialEngine.preRender(MiuiKeyguardPictorialWallpaper.java:516)
06-05 18:23:07.292  2754  3816 W MiuiKeyguardPictorialWallpaper: 	at com.miui.miwallpaper.wallpaperservice.MiuiKeyguardPictorialWallpaper$PictorialEngine.lambda$onSurfaceRedrawNeeded$11$MiuiKeyguardPictorialWallpaper$PictorialEngine(MiuiKeyguardPictorialWallpaper.java:504)
06-05 18:23:07.292  2754  3816 W MiuiKeyguardPictorialWallpaper: 	at com.miui.miwallpaper.wallpaperservice.-$$Lambda$MiuiKeyguardPictorialWallpaper$PictorialEngine$6SZrlo9-Wh_AL-Xhe2_kdZxKaj8.run(Unknown Source:2)
06-05 18:23:07.292  2754  3816 W MiuiKeyguardPictorialWallpaper: 	at android.os.Handler.handleCallback(Handler.java:938)
06-05 18:23:07.292  2754  3816 W MiuiKeyguardPictorialWallpaper: 	at android.os.Handler.dispatchMessage(Handler.java:99)
06-05 18:23:07.292  2754  3816 W MiuiKeyguardPictorialWallpaper: 	at android.os.Looper.loopOnce(Looper.java:210)
06-05 18:23:07.292  2754  3816 W MiuiKeyguardPictorialWallpaper: 	at android.os.Looper.loop(Looper.java:299)
06-05 18:23:07.292  2754  3816 W MiuiKeyguardPictorialWallpaper: 	at android.os.HandlerThread.run(HandlerThread.java:67)
06-05 18:23:07.292  2754  3816 D KeyguardWallpaperRenderer: onSurfaceCreated
06-05 18:23:07.292  2754  3816 D KeyguardWallpaperRenderer: should reload : false
06-05 18:23:07.292  2754  3816 D ImageGLWallpaper:  scissor: Rect(0, 0 - 1080, 2400) displayPoint: Point(1080, 2400) isScrollWithScreen: false
06-05 18:23:07.292  2754  3816 D ImageGLWallpaper:  heightDiffRatio 0.0
06-05 18:23:07.292  2754  3816 D ImageGLWallpaper:  widthDiffRatio 0.0
06-05 18:23:07.292  2754  3816 D ImageGLWallpaper:  mCurrentTexCoordinate [0.0, 1.0, 1.0, 1.0, 1.0, 0.0, 1.0, 0.0, 0.0, 0.0, 0.0, 1.0]
06-05 18:23:07.292  2754  3816 D KeyguardWallpaperRenderer: onSurfaceCreated 2
06-05 18:23:07.293  3068  3068 W NavStubView: getHotSpaceHeight   height=35.75
06-05 18:23:07.293  3068  3068 D NavStubView: need render:false
06-05 18:23:07.294  3068  3068 D NavStubView: gatherTransparentRegion: need render w:1080  h:35
06-05 18:23:07.294  3068  3068 W NavStubView: onComputeInternalInsets  bounds=Rect(0, 0 - 1080, 35)   mHideGestureLine=true   mIsShowNavBar=true
06-05 18:23:07.295  3019  3553 I ScreenDecorations: Drawing rot 3, but display is at rot 0. Restarting draw
06-05 18:23:07.296  3019  3019 D StatusBar: disable<e i a s b h r c s > disable2<q i n >
06-05 18:23:07.297  3019  3019 D CollapsedStatusBarFragment: adjustDisableFlags: mStatusBarView.getState() = 0 mHideIconsForBouncer = false mWereIconsJustHidden = false, mWakeUpCoordinator.getNotificationsFullyHidden = false, mIsExpanded = false, mBypassController.getBypassEnabled = false, mStatusBarStateController.getState() = 0, mKeyguardStateController.isKeyguardGoingAway() = false, mHeadsUpManager.hasPinnedHeadsUp = false, mIsLaunchAnimationRunning = false, mHideIconsDuringLaunchAnimation = true, isFullWidth()false, mShowIconsWhenExpanded = false, mControlPanelExpand = false
06-05 18:23:07.298  3068  3068 E NavStubView: changeAlphaScaleForFsGesture: alpha=0.89945185   scale=0.97486293
06-05 18:23:07.298  3068  3068 E Launcher: changeViewByFsGestureState,  view=ForceTouchLayer,  alpha=0.89945185,  scale=0.97486293
06-05 18:23:07.298  7693  7693 I GameBoxWindowManager: voice service...stop
06-05 18:23:07.298  7693  7693 I CollimatorUtils: unbind gunservice
06-05 18:23:07.298  7693  7693 I CollimatorUtils: stopGunService
06-05 18:23:07.299  3068  3289 D GestureStubView: resetRenderProperty: setSize
06-05 18:23:07.299  3068  3289 D GestureStubView: resetRenderProperty: setSize
06-05 18:23:07.302  7693  7693 D BinderManager: action:com.miui.gamebooster.service.GameBoosterServices   bindCount : 0
06-05 18:23:07.302  7693  7693 D BinderManager: BinderManager execute releaseService
06-05 18:23:07.303  1113  1113 D CompositionEngine: writeOutputDependentGeometryStateToHWC layer[RotationLayer#0] set Z 134217728 miFodLayer 0x8000000
06-05 18:23:07.303  1113  1113 D CompositionEngine: writeOutputDependentGeometryStateToHWC layer[RoundCornerTop#0] set Z 134217729 miFodLayer 0x8000000
06-05 18:23:07.303  1113  1113 D CompositionEngine: writeOutputDependentGeometryStateToHWC layer[RoundCornerBottom#0] set Z 134217730 miFodLayer 0x8000000
06-05 18:23:07.305  7693  7693 I MiLinkUtils: stopCast not init, ignore
06-05 18:23:07.305 18573 18601 I ActiveFloatingManager: dismissActiveFloatingCard
06-05 18:23:07.305  7693  7693 I GameBoxWindowManager: unregisterBroadcast:true
06-05 18:23:07.306  7693  7693 I DockWindowManager: modifyTouchHandler: 4	left=android.view.View{e52fa6d V.ED..... ......ID 0,0-56,218}	right=android.view.View{ef006a2 V.ED..... ......ID 0,0-28,218}
06-05 18:23:07.306  2754  2754 D ImageWallpaper: onSurfaceRedrawNeede:
06-05 18:23:07.306  2754  3190 W OpenGLRenderer: Surface doesn't have any previously queued frames, nothing to readback from
06-05 18:23:07.307  2754  3190 W OpenGLRenderer: Surface doesn't have any previously queued frames, nothing to readback from
06-05 18:23:07.307  2754  2810 D HomeWallpaperRenderer: OFFSET  x: 0.0  y: 0.0
06-05 18:23:07.309  2953  3093 I Unity   : Application paused: True
06-05 18:23:07.311  5042  5042 I GoogleInputMethodService: GoogleInputMethodService.onStartInput():1903 onStartInput(EditorInfo{inputType=0x0(NULL) imeOptions=0x0 privateImeOptions=null actionName=UNSPECIFIED actionLabel=null actionId=0 initialSelStart=-1 initialSelEnd=-1 initialCapsMode=0x0 hintText=null label=null packageName=com.blizzard.wtcg.hearthstone fieldId=2131230992 fieldName=null extras=null}, true)
06-05 18:23:07.311  5042  5042 I GoogleInputMethodService: GoogleInputMethodService.updateDeviceLockedStatus():2100 checkRepeatedly = true, unlocked = true
06-05 18:23:07.311  5042  5042 W SessionManager: SessionManager.beginSession():53 Try to begin an already begun session [INPUT_SESSION], end it first
06-05 18:23:07.313  5042  5042 I AbstractOpenableExtension: AbstractOpenableExtension$3.onSuccess():523 KeyboardGroupManager destroyed in dvs.
06-05 18:23:07.313  5042  5042 I AbstractOpenableExtension: AbstractOpenableExtension$3.onSuccess():523 KeyboardGroupManager destroyed in cjp.
06-05 18:23:07.313  5042  5042 I AbstractOpenableExtension: AbstractOpenableExtension$3.onSuccess():523 KeyboardGroupManager destroyed in dui.
06-05 18:23:07.313  5042  5042 I AbstractOpenableExtension: AbstractOpenableExtension$3.onSuccess():523 KeyboardGroupManager destroyed in dwy.
06-05 18:23:07.314  2754  3816 D KeyguardWallpaperRenderer: com.miui.miwallpaper.wallpaperservice.glwallpaper.KeyguardWallpaperRenderer@226a133reportSurfaceSize 1080 : 2400
06-05 18:23:07.314  2754  3816 V WallpaperTexture: WallpaperTexture: release 0xf2535bb, refCount=0
06-05 18:23:07.314  2754  3816 D ImageGLWallpaper:  scissor: Rect(0, 0 - 1080, 2400) displayPoint: Point(1080, 2400) isScrollWithScreen: false
06-05 18:23:07.314  2754  3816 D ImageGLWallpaper:  heightDiffRatio 0.0
06-05 18:23:07.314  2754  3816 D ImageGLWallpaper:  widthDiffRatio 0.0
06-05 18:23:07.314  2754  3816 D ImageGLWallpaper:  mCurrentTexCoordinate [0.0, 1.0, 1.0, 1.0, 1.0, 0.0, 1.0, 0.0, 0.0, 0.0, 0.0, 1.0]
06-05 18:23:07.314  2754  3816 D KeyguardWallpaperRenderer: onDrawFrame
06-05 18:23:07.315  3019  3553 I ScreenDecorations: Drawing rot 3, but display is at rot 0. Restarting draw
06-05 18:23:07.315  3019  3553 I ScreenDecorations: Drawing rot 3, but display is at rot 0. Restarting draw
06-05 18:23:07.315  3019  3553 I ScreenDecorations: Drawing rot 3, but display is at rot 0. Restarting draw
06-05 18:23:07.316  1034  1034 E vendor.qti.hardware.perf@2.2-service: Unknown params
06-05 18:23:07.316  1034  1034 I ANDR-PERF-LM: LMPerfGlue: perfmodule_submit_request() 132: perfmodule_submit_request()
06-05 18:23:07.316  1034  1034 I ANDR-PERF-LM: Core: getInstance() 84: LM getInstance
06-05 18:23:07.316  1034  1034 D ANDR-PERF-LM: Feature: lookup() 101: Feature Name = AppClassifier, total featuers = 3, featureFound = 1
06-05 18:23:07.316  1034  1034 D ANDR-PERF-LM: Feature: getData() 112: data.data = 0
06-05 18:23:07.316  1034  1034 I ANDR-PERF-LM: FeedbackAPI: getFeedback() 60: app:BufferTX - GestureStub feature:AppClassifier feedback = 0
06-05 18:23:07.319  3068  3081 I OpenGLRenderer: Davey! duration=1273317ms; Flags=0, FrameTimelineVsyncId=330926, IntendedVsync=3902025888967, Vsync=3902025888967, InputEventId=752051207, HandleInputStart=3902028559550, AnimationStart=3902028561321, PerformTraversalsStart=3902028561790, DrawStart=3902051607154, FrameDeadline=3902059222299, FrameInterval=3902028542936, FrameStartTime=16666666, SyncQueued=3902051637936, SyncStart=3902051679186, IssueDrawCommandsStart=3902051715331, SwapBuffers=3902052759498, FrameCompleted=5175343662085, DequeueBufferDuration=795157, QueueBufferDuration=55782, GpuCompleted=5175343662085, SwapBuffersCompleted=3902053204081, DisplayPresentTime=0,
06-05 18:23:07.319  3019  3553 I ScreenDecorations: Drawing rot 3, but display is at rot 0. Restarting draw
06-05 18:23:07.320  3019  3553 I ScreenDecorations: Drawing rot 3, but display is at rot 0. Restarting draw
06-05 18:23:07.320  1113  1113 D CompositionEngine: writeOutputDependentGeometryStateToHWC layer[RotationLayer#0] set Z 134217728 miFodLayer 0x8000000
06-05 18:23:07.320  1113  1113 D CompositionEngine: writeOutputDependentGeometryStateToHWC layer[RoundCornerTop#0] set Z 134217729 miFodLayer 0x8000000
06-05 18:23:07.320  1113  1113 D CompositionEngine: writeOutputDependentGeometryStateToHWC layer[RoundCornerBottom#0] set Z 134217730 miFodLayer 0x8000000
06-05 18:23:07.320  5042  5042 I GoogleInputMethodService: GoogleInputMethodService.lambda$setDecorViewApplyWindowInsetsListener$10():1100 update screenHeightWithoutNaviBar to: 2400
06-05 18:23:07.321  5042  5042 I GoogleInputMethodService: GoogleInputMethodService.lambda$setDecorViewApplyWindowInsetsListener$10():1106 update max height when insets changes
06-05 18:23:07.321  2953  3093 W Unity   : [BattleNet] [] Warn 06/05/2022 10:23 >> Application was paused. (D:\builders\work\source\23.4.0\Pegasus\Client\Contrib\LocalUnityPackages\BGS\Package\Runtime\BGS Client Integration\Service\Wrapper\BattleNetCSharp.cs ApplicationWasPaused:863) (Void ApplicationPaused() at :0)
06-05 18:23:07.321  2953  3093 W Unity   : (Filename: ./Runtime/Export/Debug/Debug.bindings.h Line: 39)
06-05 18:23:07.321  2953  3093 W Unity   :
06-05 18:23:07.322  2754  3816 D MiuiKeyguardPictorialWallpaper: scheduleFinishRendering
06-05 18:23:07.322  2754  2754 D MiuiKeyguardPictorialWallpaper:  onSurfaceRedrawNeede
06-05 18:23:07.322  1034  1034 E vendor.qti.hardware.perf@2.2-service: Unknown params
06-05 18:23:07.322  1034  1034 I ANDR-PERF-LM: LMPerfGlue: perfmodule_submit_request() 132: perfmodule_submit_request()
06-05 18:23:07.322  1034  1034 I ANDR-PERF-LM: Core: getInstance() 84: LM getInstance
06-05 18:23:07.322  1034  1034 D ANDR-PERF-LM: Feature: lookup() 101: Feature Name = AppClassifier, total featuers = 3, featureFound = 1
06-05 18:23:07.323  1034  1034 D ANDR-PERF-LM: Feature: getData() 112: data.data = 0
06-05 18:23:07.323  1034  1034 I ANDR-PERF-LM: FeedbackAPI: getFeedback() 60: app:BufferTX - Wallpaper BBQ wrapper feature:AppClassifier feedback = 0
06-05 18:23:07.325  3068  3068 D NavStubView: gatherTransparentRegion: need render w:1080  h:35
06-05 18:23:07.325  3068  3068 W NavStubView: onComputeInternalInsets  bounds=Rect(0, 0 - 1080, 35)   mHideGestureLine=true   mIsShowNavBar=true
06-05 18:23:07.326  3068  3289 D GestureStubView: gatherTransparentRegion: need render w:54  h:1440
06-05 18:23:07.327  2754  3816 D KeyguardWallpaperRenderer: OFFSET  x: 0.0  y: 0.0
06-05 18:23:07.328  3068  3068 D NavStubView: onSystemUiFlagsChanged  mIsShowStatusBar = true
06-05 18:23:07.334  1034  1034 E vendor.qti.hardware.perf@2.2-service: Unknown params
06-05 18:23:07.334  1034  1034 I ANDR-PERF-LM: LMPerfGlue: perfmodule_submit_request() 132: perfmodule_submit_request()
06-05 18:23:07.334  1034  1034 I ANDR-PERF-LM: Core: getInstance() 84: LM getInstance
06-05 18:23:07.334  1034  1034 D ANDR-PERF-LM: Feature: lookup() 101: Feature Name = AppClassifier, total featuers = 3, featureFound = 1
06-05 18:23:07.334  1034  1034 D ANDR-PERF-LM: Feature: getData() 112: data.data = 0
06-05 18:23:07.334  1034  1034 I ANDR-PERF-LM: FeedbackAPI: getFeedback() 60: app:BufferTX - GestureStubRight feature:AppClassifier feedback = 0
06-05 18:23:07.335  5883  5902 I OpenGLRenderer: Davey! duration=991749ms; Flags=0, FrameTimelineVsyncId=364571, IntendedVsync=4183609445338, Vsync=4183609445338, InputEventId=0, HandleInputStart=4183611653297, AnimationStart=4183611654651, PerformTraversalsStart=4183611655953, DrawStart=4183612204495, FrameDeadline=4183642778670, FrameInterval=4183611635172, FrameStartTime=16666666, SyncQueued=4183612927984, SyncStart=4183612992932, IssueDrawCommandsStart=4183613112516, SwapBuffers=4183618861995, FrameCompleted=5175359286825, DequeueBufferDuration=4711823, QueueBufferDuration=1205729, GpuCompleted=5175359286825, SwapBuffersCompleted=4183620829755, DisplayPresentTime=3328260429871391276,
06-05 18:23:07.336  3019  3553 I ScreenDecorations: Drawing rot 3, but display is at rot 0. Restarting draw
06-05 18:23:07.336  3019  3553 I ScreenDecorations: Drawing rot 3, but display is at rot 0. Restarting draw
06-05 18:23:07.337  1113  1113 D CompositionEngine: writeOutputDependentGeometryStateToHWC layer[RotationLayer#0] set Z 134217728 miFodLayer 0x8000000
06-05 18:23:07.337  1113  1113 D CompositionEngine: writeOutputDependentGeometryStateToHWC layer[RoundCornerTop#0] set Z 134217729 miFodLayer 0x8000000
06-05 18:23:07.337  1113  1113 D CompositionEngine: writeOutputDependentGeometryStateToHWC layer[RoundCornerBottom#0] set Z 134217730 miFodLayer 0x8000000
06-05 18:23:07.339  5042  5042 I InputMethodEntryManager: InputMethodEntryManager$5.onSuccess():887 Success load entries: [LanguageTagVariantTuple{languageTag=en-US, variant=qwerty}], resetImplicitlyEnabledEntries=false
06-05 18:23:07.339  5042  5042 I AbstractOpenableExtension: AbstractOpenableExtension.maybeDestroyExistingKeyboardGroupManager():510 Destroy existing keyboard group manager in dvs
06-05 18:23:07.340  5042  5042 I AbstractOpenableExtension: AbstractOpenableExtension.createKeyboardGroupManagerListenableFuture():122 Create keyboard group manager listenable future in dvs
06-05 18:23:07.340  5042  5042 I AbstractOpenableExtension: AbstractOpenableExtension.maybeDestroyExistingKeyboardGroupManager():510 Destroy existing keyboard group manager in cjp
06-05 18:23:07.340  5042  5042 I AbstractOpenableExtension: AbstractOpenableExtension.createKeyboardGroupManagerListenableFuture():122 Create keyboard group manager listenable future in cjp
06-05 18:23:07.340  5042  5042 I AbstractOpenableExtension: AbstractOpenableExtension.maybeDestroyExistingKeyboardGroupManager():510 Destroy existing keyboard group manager in dui
06-05 18:23:07.340  5042  5042 I AbstractOpenableExtension: AbstractOpenableExtension.createKeyboardGroupManagerListenableFuture():122 Create keyboard group manager listenable future in dui
06-05 18:23:07.340  5042  5042 I AbstractOpenableExtension: AbstractOpenableExtension.maybeDestroyExistingKeyboardGroupManager():510 Destroy existing keyboard group manager in dwy
06-05 18:23:07.340  5042  5042 I AbstractOpenableExtension: AbstractOpenableExtension.createKeyboardGroupManagerListenableFuture():122 Create keyboard group manager listenable future in dwy
06-05 18:23:07.340  5042  5042 I DeviceModeUtil: DeviceModeUtil.getDeviceMode():126 Get device mode phone by ui mode:1 and smallestScreenWidthDp:392
06-05 18:23:07.341  3068  3068 D DecorView[]: getWindowModeFromSystem  windowmode is 1
06-05 18:23:07.342  5042  8473 I KeyboardGroupDefParser: KeyboardGroupDefParser.parseKeyboardGroupDef():87 parseKeyboardGroupDef() 2132214019 -> 0_resource_name_obfuscated : WaitTime = 0 ms : RunTime = 1 ms
06-05 18:23:07.342  5042  8472 I KeyboardGroupDefParser: KeyboardGroupDefParser.parseKeyboardGroupDef():87 parseKeyboardGroupDef() 2132214017 -> 0_resource_name_obfuscated : WaitTime = 0 ms : RunTime = 2 ms
06-05 18:23:07.342  5042  8470 I KeyboardGroupDefParser: KeyboardGroupDefParser.parseKeyboardGroupDef():87 parseKeyboardGroupDef() 2132214024 -> 0_resource_name_obfuscated : WaitTime = 1 ms : RunTime = 1 ms
06-05 18:23:07.342  5042  8474 I KeyboardGroupDefParser: KeyboardGroupDefParser.parseKeyboardGroupDef():87 parseKeyboardGroupDef() 2132214023 -> 0_resource_name_obfuscated : WaitTime = 0 ms : RunTime = 3 ms
06-05 18:23:07.343  5042  5042 I DeviceModeUtil: DeviceModeUtil.getDeviceMode():126 Get device mode phone by ui mode:1 and smallestScreenWidthDp:392
06-05 18:23:07.343  5042  5042 I DeviceModeUtil: DeviceModeUtil.getDeviceMode():126 Get device mode phone by ui mode:1 and smallestScreenWidthDp:392
06-05 18:23:07.343  5042  5042 I DeviceModeUtil: DeviceModeUtil.getDeviceMode():126 Get device mode phone by ui mode:1 and smallestScreenWidthDp:392
06-05 18:23:07.343  5042  5042 I DeviceModeUtil: DeviceModeUtil.getDeviceMode():126 Get device mode phone by ui mode:1 and smallestScreenWidthDp:392
06-05 18:23:07.344  5042  5042 I DeviceModeUtil: DeviceModeUtil.getDeviceMode():126 Get device mode phone by ui mode:1 and smallestScreenWidthDp:392
06-05 18:23:07.344  5042  5042 I DeviceModeUtil: DeviceModeUtil.getDeviceMode():126 Get device mode phone by ui mode:1 and smallestScreenWidthDp:392
06-05 18:23:07.344  5042  5042 I GoogleInputMethodService: GoogleInputMethodService.initializeKeyboardTheme():1381 Apply keyboard theme: theme_border_top2dp_bottom4dp_stylesheet_noshadow_gsans_pillkey_silkpopup_phone_zip_user_theme_package_001650850474010_00.zip_port
06-05 18:23:07.345  3068  3068 D ScreenElementRoot: resume
06-05 18:23:07.346  5042  5042 I DictionarySuperpacksManager: DictionarySuperpacksManager$1.onEnabledInputMethodEntriesChanged():60 onEnabledInputMethodEntriesChanged
06-05 18:23:07.346  5042  5042 I AbstractOpenableExtension: AbstractOpenableExtension$3.onSuccess():523 KeyboardGroupManager destroyed in dvs.
06-05 18:23:07.346  5042  5042 I AbstractOpenableExtension: AbstractOpenableExtension$3.onSuccess():523 KeyboardGroupManager destroyed in cjp.
06-05 18:23:07.346  5042  5042 I AbstractOpenableExtension: AbstractOpenableExtension$3.onSuccess():523 KeyboardGroupManager destroyed in dui.
06-05 18:23:07.346  5042  5274 I SP      : Registering content_cache.2022032306, url: https://www.gstatic.com/android/keyboard/modelpack/contentcache/202203230635/superpacks_manifest.json, constraints: W:*:*:*, flags: bg, requested: 2022032306, current: 2022032306
06-05 18:23:07.346  3068  3605 I RenderThread: RenderThread resumed
06-05 18:23:07.347  3068  3605 I RenderThread: All controllers paused.
06-05 18:23:07.347  3068  3605 I RenderThread: RenderThread paused, waiting for signal
06-05 18:23:07.347  5042  5042 I AbstractOpenableExtension: AbstractOpenableExtension$3.onSuccess():523 KeyboardGroupManager destroyed in dwy.
06-05 18:23:07.347  1034  1034 E vendor.qti.hardware.perf@2.2-service: Unknown params
06-05 18:23:07.347  1034  1034 I ANDR-PERF-LM: LMPerfGlue: perfmodule_submit_request() 132: perfmodule_submit_request()
06-05 18:23:07.347  1034  1034 I ANDR-PERF-LM: Core: getInstance() 84: LM getInstance
06-05 18:23:07.347  1034  1034 D ANDR-PERF-LM: Feature: lookup() 101: Feature Name = AppClassifier, total featuers = 3, featureFound = 1
06-05 18:23:07.347  1034  1034 D ANDR-PERF-LM: Feature: getData() 112: data.data = 0
06-05 18:23:07.347  1034  1034 I ANDR-PERF-LM: FeedbackAPI: getFeedback() 60: app:BufferTX - com.miui.securitycenter feature:AppClassifier feedback = 0
06-05 18:23:07.351  3068  3068 E NavStubView: changeAlphaScaleForFsGesture: alpha=0.95674103   scale=0.9891853
06-05 18:23:07.351  3068  3068 E Launcher: changeViewByFsGestureState,  view=ForceTouchLayer,  alpha=0.95674103,  scale=0.9891853
06-05 18:23:07.353  1113  1113 D CompositionEngine: writeOutputDependentGeometryStateToHWC layer[RotationLayer#0] set Z 134217728 miFodLayer 0x8000000
06-05 18:23:07.353  1113  1113 D CompositionEngine: writeOutputDependentGeometryStateToHWC layer[RoundCornerTop#0] set Z 134217729 miFodLayer 0x8000000
06-05 18:23:07.353  1113  1113 D CompositionEngine: writeOutputDependentGeometryStateToHWC layer[RoundCornerBottom#0] set Z 134217730 miFodLayer 0x8000000
06-05 18:23:07.353  3068  3081 I OpenGLRenderer: Davey! duration=1267669ms; Flags=0, FrameTimelineVsyncId=331487, IntendedVsync=3907704496352, Vsync=3907704496352, InputEventId=0, HandleInputStart=3907705593350, AnimationStart=3907705594079, PerformTraversalsStart=3907705594756, DrawStart=3907719672829, FrameDeadline=3907737829684, FrameInterval=3907705585850, FrameStartTime=16666666, SyncQueued=3907719698611, SyncStart=3907719741579, IssueDrawCommandsStart=3907719783402, SwapBuffers=3907720287986, FrameCompleted=5175374162137, DequeueBufferDuration=310469, QueueBufferDuration=317552, GpuCompleted=5175374162137, SwapBuffersCompleted=3907720991736, DisplayPresentTime=0,
06-05 18:23:07.355  3019  3553 I ScreenDecorations: Drawing rot 3, but display is at rot 0. Restarting draw
06-05 18:23:07.355  3019  3553 I ScreenDecorations: Drawing rot 3, but display is at rot 0. Restarting draw
06-05 18:23:07.355  3068  3289 D GestureStubView: gatherTransparentRegion: need render w:54  h:1440
06-05 18:23:07.356  3068  3068 E BlurUtils: fastBlur ratio=0.0   withAnim=false   sBlurRatioValue=0.0
06-05 18:23:07.359  3068  3068 E BlurUtils: fastBlur ratio=0.0   withAnim=false   sBlurRatioValue=0.0
06-05 18:23:07.360  3068  3068 E BlurUtils: fastBlur ratio=0.0   withAnim=false   sBlurRatioValue=0.0
06-05 18:23:07.360  7552  7931 I DisplayFrameSetting: homeToAppEnd pkg=com.mi.android.globallauncher
06-05 18:23:07.360  3068  3068 E BlurUtils: fastBlur ratio=0.0   withAnim=false   sBlurRatioValue=0.0
06-05 18:23:07.360  1034  1034 E vendor.qti.hardware.perf@2.2-service: Unknown params
06-05 18:23:07.360  1034  1034 I ANDR-PERF-LM: LMPerfGlue: perfmodule_submit_request() 132: perfmodule_submit_request()
06-05 18:23:07.360  1034  1034 I ANDR-PERF-LM: Core: getInstance() 84: LM getInstance
06-05 18:23:07.360  1034  1034 D ANDR-PERF-LM: Feature: lookup() 101: Feature Name = AppClassifier, total featuers = 3, featureFound = 1
06-05 18:23:07.361  1034  1034 D ANDR-PERF-LM: Feature: getData() 112: data.data = 0
06-05 18:23:07.361  1034  1034 I ANDR-PERF-LM: FeedbackAPI: getFeedback() 60: app:BufferTX - GestureStubLeft feature:AppClassifier feedback = 0
06-05 18:23:07.361  3068  3289 D GestureStubView: gatherTransparentRegion: need render w:54  h:1440
06-05 18:23:07.363  3068  3289 D GestureStubView: gatherTransparentRegion: need render w:54  h:1440
06-05 18:23:07.367  4385  4385 D BoundBrokerSvc: onBind: Intent { act=com.google.android.gms.measurement.START pkg=com.google.android.gms }
06-05 18:23:07.367  4385  4385 D BoundBrokerSvc: Loading bound service for intent: Intent { act=com.google.android.gms.measurement.START pkg=com.google.android.gms }
06-05 18:23:07.369  3068  3289 D GestureStubView: gatherTransparentRegion: need render w:54  h:1440
06-05 18:23:07.369  3019  3553 I ScreenDecorations: Drawing rot 3, but display is at rot 0. Restarting draw
06-05 18:23:07.369  3019  3553 I ScreenDecorations: Drawing rot 3, but display is at rot 0. Restarting draw
06-05 18:23:07.369  1113  1113 D CompositionEngine: writeOutputDependentGeometryStateToHWC layer[RotationLayer#0] set Z 134217728 miFodLayer 0x8000000
06-05 18:23:07.369  1113  1113 D CompositionEngine: writeOutputDependentGeometryStateToHWC layer[RoundCornerTop#0] set Z 134217729 miFodLayer 0x8000000
06-05 18:23:07.369  1113  1113 D CompositionEngine: writeOutputDependentGeometryStateToHWC layer[RoundCornerBottom#0] set Z 134217730 miFodLayer 0x8000000
06-05 18:23:07.372  5137  5137 I GsaVoiceInteractionSrv: Handling ACTION_START_HOTWORD
06-05 18:23:07.373  2754  2754 D MiuiKeyguardPictorialWallpaper:  onSurfaceRedrawNeede
06-05 18:23:07.373  3019  3019 D QSControlCenterTileLayout: setExpanded:false
06-05 18:23:07.374  3068  3068 D ForceTouchLayer: fitSystemWindows mInsets: Rect(0, 80 - 80, 0),insets: Rect(0, 80 - 0, 0)
06-05 18:23:07.374  2754  3816 D KeyguardWallpaperRenderer: OFFSET  x: 0.0  y: 0.0
06-05 18:23:07.374  3068  3068 D RecentsContainer: onApplyWindowInsets, insets=WindowInsets{
06-05 18:23:07.374  3068  3068 D RecentsContainer:     statusBars=Insets{left=0, top=80, right=0, bottom=0} max=Insets{left=0, top=80, right=0, bottom=0} vis=true
06-05 18:23:07.374  3068  3068 D RecentsContainer:     navigationBars=Insets{left=0, top=0, right=0, bottom=0} max=null vis=false
06-05 18:23:07.374  3068  3068 D RecentsContainer:     captionBar=Insets{left=0, top=0, right=0, bottom=0} max=null vis=false
06-05 18:23:07.374  3068  3068 D RecentsContainer:     ime=Insets{left=0, top=0, right=0, bottom=0} max=null vis=false
06-05 18:23:07.374  3068  3068 D RecentsContainer:     systemGestures=Insets{left=0, top=113, right=0, bottom=0} max=Insets{left=0, top=113, right=0, bottom=0} vis=true
06-05 18:23:07.374  3068  3068 D RecentsContainer:     mandatorySystemGestures=Insets{left=0, top=113, right=0, bottom=0} max=Insets{left=0, top=113, right=0, bottom=0} vis=true
06-05 18:23:07.374  3068  3068 D RecentsContainer:     tappableElement=Insets{left=0, top=80, right=0, bottom=0} max=Insets{left=0, top=80, right=0, bottom=0} vis=true
06-05 18:23:07.374  3068  3068 D RecentsContainer:     displayCutout=Insets{left=0, top=80, right=0, bottom=0} max=Insets{left=0, top=80, right=0, bottom=0} vis=true
06-05 18:23:07.374  3068  3068 D RecentsContainer:     windowDecor=null max=null vis=false
06-05 18:23:07.374  3068  3068 D RecentsContainer:     cutout=DisplayCutout{insets=Rect(0, 80 - 0, 0) waterfall=Insets{left=0, top=0, right=0, bottom=0} boundingRect={Bounds=[Rect(0, 0 - 0, 0), Rect(513, 0 - 567, 80), Rect(0, 0 - 0, 0), Rect(0, 0 - 0, 0)]} cutoutPathParserInfo={CutoutPathParserInfo{displayWidth=1080 displayHeight=2400 density={2.75} cutoutSpec={M 0,0 H -27 V 80 H 27 V 0 H 0 Z} rotation={0} scale={1.0}}}}
