06-05 18:29:18.163  1582 11519 I OMX-VDEC-1080P: set_frame_rate: the current time is 182918
06-05 18:29:18.197  1582 11519 I OMX-VDEC-1080P: set_frame_rate: the current time is 182918
06-05 18:29:18.230  1582 11519 I OMX-VDEC-1080P: set_frame_rate: the current time is 182918
06-05 18:29:18.263  1582 11519 I OMX-VDEC-1080P: set_frame_rate: the current time is 182918
06-05 18:29:18.297  1582 11519 I OMX-VDEC-1080P: set_frame_rate: the current time is 182918
06-05 18:29:18.330  1582 11519 I OMX-VDEC-1080P: set_frame_rate: the current time is 182918
06-05 18:29:18.363  1582 11519 I OMX-VDEC-1080P: set_frame_rate: the current time is 182918
06-05 18:29:18.397  1582 11519 I OMX-VDEC-1080P: set_frame_rate: the current time is 182918
06-05 18:29:18.430  1582 11519 I OMX-VDEC-1080P: set_frame_rate: the current time is 182918
06-05 18:29:18.463  1582 11519 I OMX-VDEC-1080P: set_frame_rate: the current time is 182918
06-05 18:29:18.497  1582 11519 I OMX-VDEC-1080P: set_frame_rate: the current time is 182918
06-05 18:29:18.530  1582 11519 I OMX-VDEC-1080P: set_frame_rate: the current time is 182918
06-05 18:29:18.563  1582 11519 I OMX-VDEC-1080P: set_frame_rate: the current time is 182918
06-05 18:29:18.597  1582 11519 I OMX-VDEC-1080P: set_frame_rate: the current time is 182918
06-05 18:29:18.630  1582 11519 I OMX-VDEC-1080P: set_frame_rate: the current time is 182918
06-05 18:29:18.663  1582 11519 I OMX-VDEC-1080P: set_frame_rate: the current time is 182918
06-05 18:29:18.699  1582 11519 I OMX-VDEC-1080P: set_frame_rate: the current time is 182918
06-05 18:29:18.729  1582 11519 I OMX-VDEC-1080P: set_frame_rate: the current time is 182918
06-05 18:29:18.763  1582 11519 I OMX-VDEC-1080P: set_frame_rate: the current time is 182918
06-05 18:29:18.798  1582 11519 I OMX-VDEC-1080P: set_frame_rate: the current time is 182918
06-05 18:29:18.830  1582 11519 I OMX-VDEC-1080P: set_frame_rate: the current time is 182918
06-05 18:29:18.863  1582 11519 I OMX-VDEC-1080P: set_frame_rate: the current time is 182918
06-05 18:29:18.899  1582 11519 I OMX-VDEC-1080P: set_frame_rate: the current time is 182918
06-05 18:29:18.931  1582 11519 I OMX-VDEC-1080P: set_frame_rate: the current time is 182918
06-05 18:29:18.963  1582 11519 I OMX-VDEC-1080P: set_frame_rate: the current time is 182918
06-05 18:29:18.997  1582 11519 I OMX-VDEC-1080P: set_frame_rate: the current time is 182918
06-05 18:29:19.030  1582 11519 I OMX-VDEC-1080P: set_frame_rate: the current time is 182919
06-05 18:29:19.064  1582 11519 I OMX-VDEC-1080P: set_frame_rate: the current time is 182919
06-05 18:29:19.101  1582 11519 I OMX-VDEC-1080P: set_frame_rate: the current time is 182919
06-05 18:29:19.131  1582 11519 I OMX-VDEC-1080P: set_frame_rate: the current time is 182919
06-05 18:29:19.163  1582 11519 I OMX-VDEC-1080P: set_frame_rate: the current time is 182919
06-05 18:29:19.198  1582 11519 I OMX-VDEC-1080P: set_frame_rate: the current time is 182919
06-05 18:29:19.230  1582 11519 I OMX-VDEC-1080P: set_frame_rate: the current time is 182919
06-05 18:29:19.263  1582 11519 I OMX-VDEC-1080P: set_frame_rate: the current time is 182919
06-05 18:29:19.299  1582 11519 I OMX-VDEC-1080P: set_frame_rate: the current time is 182919
06-05 18:29:19.332  1582 11519 I OMX-VDEC-1080P: set_frame_rate: the current time is 182919
06-05 18:29:19.364  1582 11519 I OMX-VDEC-1080P: set_frame_rate: the current time is 182919
06-05 18:29:19.397  1582 11519 I OMX-VDEC-1080P: set_frame_rate: the current time is 182919
06-05 18:29:19.430  1582 11519 I OMX-VDEC-1080P: set_frame_rate: the current time is 182919
06-05 18:29:19.471  1582 11519 I OMX-VDEC-1080P: set_frame_rate: the current time is 182919
06-05 18:29:19.491  4226  6018 I CarrierServices: [60] cfi.c: Connected state: [1], networkType: [WIFI]
06-05 18:29:19.498  1582 11519 I OMX-VDEC-1080P: set_frame_rate: the current time is 182919
06-05 18:29:19.505  1850  2553 D MIUIInput: [MotionEvent] publisher action=0x4, 5547552, channel 'c058ab6 com.miui.securitycenter (server)'
06-05 18:29:19.505  7693  7693 I GameBoxTouchListener: onTouch: 	mAdded=false	isLeftShowtrue
06-05 18:29:19.506  1850  2553 D MIUIInput: [MotionEvent] publisher action=0x0, 5547552, channel 'f66205e com.ss.android.ugc.trill/com.ss.android.ugc.aweme.splash.SplashActivity (server)'
06-05 18:29:19.530  1582 11519 I OMX-VDEC-1080P: set_frame_rate: the current time is 182919
06-05 18:29:19.562  1582 11519 I OMX-VDEC-1080P: set_frame_rate: the current time is 182919
06-05 18:29:19.582  1850  1941 D PerfImpl: perfGetWorkLoadType
06-05 18:29:19.582  1034  1034 E vendor.qti.hardware.perf@2.2-service: Unknown params
06-05 18:29:19.583  1034  1034 I ANDR-PERF-LM: LMPerfGlue: perfmodule_submit_request() 132: perfmodule_submit_request()
06-05 18:29:19.583  1034  1034 I ANDR-PERF-LM: Core: getInstance() 84: LM getInstance
06-05 18:29:19.583  1034  1034 D ANDR-PERF-LM: Feature: lookup() 101: Feature Name = AppClassifier, total featuers = 3, featureFound = 1
06-05 18:29:19.583  1034  1034 D ANDR-PERF-LM: Feature: getData() 112: data.data = 1
06-05 18:29:19.583  1034  1034 I ANDR-PERF-LM: FeedbackAPI: getFeedback() 60: app:com.ss.android.ugc.trill feature:AppClassifier feedback = 1
06-05 18:29:19.583  1850  1941 D PerfImpl: perfScrollBoost: com.ss.android.ugc.trill, -1, 4
06-05 18:29:19.583  1034  1034 E vendor.qti.hardware.perf@2.2-service: Unknown params
06-05 18:29:19.583  1034  1034 I ANDR-PERF-LM: LMPerfGlue: perfmodule_submit_request() 132: perfmodule_submit_request()
06-05 18:29:19.583  1034  1034 I ANDR-PERF-LM: Core: getInstance() 84: LM getInstance
06-05 18:29:19.583  1034  1034 I ANDR-PERF-LM: WQ: push() 59: LMTriggerQ push() size=0
06-05 18:29:19.583  1034  1034 I ANDR-PERF-LM: WQ: push() 61: LMTriggerQ push() done size=1
06-05 18:29:19.584  1034  1092 I ANDR-PERF-LM: WQ: pop() 42: LMTriggerQ pop() done size=0
06-05 18:29:19.584  1034  1092 I ANDR-PERF-LM: Core: lmMain() 373: Waiting on trigger Queue
06-05 18:29:19.584  1034  1092 I ANDR-PERF-LM: WQ: pop() 31: LMTriggerQ pop() size=0
06-05 18:29:19.584  1850  1941 D PerfImpl: perfGetWorkLoadType
06-05 18:29:19.584  1034  1034 E vendor.qti.hardware.perf@2.2-service: Unknown params
06-05 18:29:19.584  1034  1034 I ANDR-PERF-LM: LMPerfGlue: perfmodule_submit_request() 132: perfmodule_submit_request()
06-05 18:29:19.584  1034  1034 I ANDR-PERF-LM: Core: getInstance() 84: LM getInstance
06-05 18:29:19.584  1034  1034 D ANDR-PERF-LM: Feature: lookup() 101: Feature Name = AppClassifier, total featuers = 3, featureFound = 1
06-05 18:29:19.584  1034  1034 D ANDR-PERF-LM: Feature: getData() 112: data.data = 1
06-05 18:29:19.584  1034  1034 I ANDR-PERF-LM: FeedbackAPI: getFeedback() 60: app:com.ss.android.ugc.trill feature:AppClassifier feedback = 1
06-05 18:29:19.584  1850  1941 D PerfImpl: perfDragBoost: com.ss.android.ugc.trill, -1, 1
06-05 18:29:19.584  1034  1034 E vendor.qti.hardware.perf@2.2-service: Unknown params
06-05 18:29:19.597  1582 11519 I OMX-VDEC-1080P: set_frame_rate: the current time is 182919
06-05 18:29:19.630  1582 11519 I OMX-VDEC-1080P: set_frame_rate: the current time is 182919
06-05 18:29:19.663  1582 11519 I OMX-VDEC-1080P: set_frame_rate: the current time is 182919
06-05 18:29:19.697  1582 11519 I OMX-VDEC-1080P: set_frame_rate: the current time is 182919
06-05 18:29:19.730  1582 11519 I OMX-VDEC-1080P: set_frame_rate: the current time is 182919
06-05 18:29:19.764  1582 11519 I OMX-VDEC-1080P: set_frame_rate: the current time is 182919
06-05 18:29:19.796  1582 11519 I OMX-VDEC-1080P: set_frame_rate: the current time is 182919
06-05 18:29:19.830  1582 11519 I OMX-VDEC-1080P: set_frame_rate: the current time is 182919
06-05 18:29:19.862  1582 11519 I OMX-VDEC-1080P: set_frame_rate: the current time is 182919
06-05 18:29:19.897  1582 11519 I OMX-VDEC-1080P: set_frame_rate: the current time is 182919
06-05 18:29:19.930  1582 11519 I OMX-VDEC-1080P: set_frame_rate: the current time is 182919
06-05 18:29:19.963  1582 11519 I OMX-VDEC-1080P: set_frame_rate: the current time is 182919
06-05 18:29:19.996  1582 11519 I OMX-VDEC-1080P: set_frame_rate: the current time is 182919
06-05 18:29:19.996  1582 11519 I OMX-VDEC-1080P: set_frame_rate: the current time is 182919
06-05 18:29:19.996  1582 11519 I OMX-VDEC-1080P: set_frame_rate: the current time is 182919
06-05 18:29:20.097  1582 11519 I OMX-VDEC-1080P: set_frame_rate: the current time is 182920
06-05 18:29:20.130  1582 11519 I OMX-VDEC-1080P: set_frame_rate: the current time is 182920
06-05 18:29:20.165  1582 11519 I OMX-VDEC-1080P: set_frame_rate: the current time is 182920
06-05 18:29:20.196  1582 11519 I OMX-VDEC-1080P: set_frame_rate: the current time is 182920
06-05 18:29:20.229  1582 11519 I OMX-VDEC-1080P: set_frame_rate: the current time is 182920
06-05 18:29:20.263  1582 11519 I OMX-VDEC-1080P: set_frame_rate: the current time is 182920
06-05 18:29:20.296  1582 11519 I OMX-VDEC-1080P: set_frame_rate: the current time is 182920
06-05 18:29:20.330  1582 11519 I OMX-VDEC-1080P: set_frame_rate: the current time is 182920
06-05 18:29:20.362  1582 11519 I OMX-VDEC-1080P: set_frame_rate: the current time is 182920
06-05 18:29:20.397  1582 11519 I OMX-VDEC-1080P: set_frame_rate: the current time is 182920
06-05 18:29:20.430  1582 11519 I OMX-VDEC-1080P: set_frame_rate: the current time is 182920
06-05 18:29:20.463  1582 11519 I OMX-VDEC-1080P: set_frame_rate: the current time is 182920
06-05 18:29:20.496  1582 11519 I OMX-VDEC-1080P: set_frame_rate: the current time is 182920
06-05 18:29:20.529  1582 11519 I OMX-VDEC-1080P: set_frame_rate: the current time is 182920
06-05 18:29:20.564  1582 11519 I OMX-VDEC-1080P: set_frame_rate: the current time is 182920
06-05 18:29:20.596  1582 11519 I OMX-VDEC-1080P: set_frame_rate: the current time is 182920
06-05 18:29:20.630  1582 11519 I OMX-VDEC-1080P: set_frame_rate: the current time is 182920
06-05 18:29:20.663  1582 11519 I OMX-VDEC-1080P: set_frame_rate: the current time is 182920
06-05 18:29:20.697  1582 11519 I OMX-VDEC-1080P: set_frame_rate: the current time is 182920
06-05 18:29:20.730  1582 11519 I OMX-VDEC-1080P: set_frame_rate: the current time is 182920
06-05 18:29:20.750   975 10769 I sound_trigger_hw: callback_thread_loop:[2] Received SNDRV_LSM_EVENT_STATUS_V3 status=0
06-05 18:29:20.750   975 10769 D sound_trigger_hw: callback_thread_loop: params status 2
06-05 18:29:20.750   975 10769 D sound_trigger_hw: active_state_fn:[2] handle event id 5
06-05 18:29:20.750   975 10769 D sound_trigger_hw: get_detected_client: detected c2
06-05 18:29:20.750   975 10769 D sound_trigger_hw: process_detection_event_keyphrase: Send detection payload as is
06-05 18:29:20.750   975 10769 I sound_trigger_hw: process_detection_event_keyphrase:[c2]
06-05 18:29:20.750   975 10769 D sound_trigger_hw: session[2]: active_state_fn ---> buffering_state_fn
06-05 18:29:20.750   975 10769 D sound_trigger_hw: active_state_fn:[c2] invoking the client callback
06-05 18:29:20.760  1850  1953 I SoundTriggerMiddlewareLogging: onPhraseRecognition[this=android.hardware.soundtrigger.SoundTriggerModule$EventHandlerDelegate@106f7ce, client={ attributionTag: null, packageName: "com.google.android.googlequicksearchbox", pid: 5137, uid: 10192 }](1, { common: { audioConfig: { channelMask: 16, format: 1, frameCount: 0, offloadInfo: { bitRatePerSecond: 0, bitWidth: 0, bufferSize: 0, channelMask: 0, durationMicroseconds: 0, format: 0, hasVideo: false, isStreaming: false, sampleRateHz: 0, streamType: 0, usage: 0 }, sampleRateHz: 16000 }, captureAvailable: true, captureDelayMs: 0, capturePreambleMs: 0, captureSession: 641, data: [ 99 ], status: 0, triggerInData: false, type: 0 }, phraseExtras: [ { confidenceLevel: 45, id: 101, levels: [  ], recognitionModes: 1 } ] })
06-05 18:29:20.760   975 10769 I sound_trigger_hw: callback_thread_loop:[2] Waiting for SNDRV_LSM_EVENT_STATUS_V3
06-05 18:29:20.763  5137  5137 I GsaVoiceInteractionSrv: onDetected
06-05 18:29:20.765  1582 11519 I OMX-VDEC-1080P: set_frame_rate: the current time is 182920
06-05 18:29:20.773  5137  5137 I BistoHotwordHelper: getHotwordActive::active query: null, watch: false, devices connected: []
06-05 18:29:20.778  5137  5137 E A       : #cleanUpAudioRecordAndPfds: Cleaning up audio record and Pfds
06-05 18:29:20.780  5137  5137 E A       : #cleanUpAudioRecordAndPfds: Cleaning up audio record and Pfds
06-05 18:29:20.785  5137  5137 D AudioRecord: set(): inputSource 1999, sampleRate 16000, format 0x1, channelMask 0x10, frameCount 163840, notificationFrames 0, sessionId 641, transferType 0, flags 0, attributionSource AttributionSourceState{pid: -1, uid: 10192, packageName: com.google.android.googlequicksearchbox, attributionTag: (null), token: , renouncedPermissions: [], next: []}uid -1, pid -1, isIsolated 0
06-05 18:29:20.790   975 10789 D sound_trigger_hw: buffer_thread_loop: FTRT data transfer: 1920ms of data received in 3ms
06-05 18:29:20.794  1103  9745 D ServiceUtilities: Request app pkg name: com.google.android.googlequicksearchbox
06-05 18:29:20.799  1582 11519 I OMX-VDEC-1080P: set_frame_rate: the current time is 182920
06-05 18:29:20.799 18541 18922 I OpenGLRenderer: Davey! duration=9223366488025ms; Flags=0, FrameTimelineVsyncId=523879, IntendedVsync=5548828513738, Vsync=5548828513738, InputEventId=0, HandleInputStart=5548828928609, AnimationStart=5548828939026, PerformTraversalsStart=5548828940641, DrawStart=5548829171474, FrameDeadline=5548845180404, FrameInterval=5548828904703, FrameStartTime=16666666, SyncQueued=5548829585797, SyncStart=5548830135276, IssueDrawCommandsStart=5548835376057, SwapBuffers=5548842394547, FrameCompleted=9223372036854775807, DequeueBufferDuration=36146, QueueBufferDuration=785260, GpuCompleted=9223372036854775807, SwapBuffersCompleted=5548844693766, DisplayPresentTime=0,
06-05 18:29:20.801  1103  9745 D ServiceUtilities: Request app pkg name: com.google.android.googlequicksearchbox
06-05 18:29:20.803  1850  2634 I MiuiNetworkPolicy: updateUidState uid = 10188, uidState = 3
06-05 18:29:20.804  1103  9745 D APM_AudioPolicyManager: getInputForAttr() source 1999, sampling rate 16000, format 0x1, channel mask 0x10, session 641, flags 0 attributes={ Content type: AUDIO_CONTENT_TYPE_UNKNOWN Usage: AUDIO_USAGE_UNKNOWN Source: AUDIO_SOURCE_HOTWORD Flags: 0x800 Tags:  }
06-05 18:29:20.807  1103  9745 D APM_AudioPolicyManager: profile selected with name: fast input, client UID 10192
06-05 18:29:20.811   975  2550 D audio_hw_primary: adev_open_input_stream is_karaoke_fastcapture=0
06-05 18:29:20.811   975  2550 D audio_hw_primary: adev_open_input_stream: enter: sample_rate(16000) channel_mask(0x10) devices(0x80000004)        stream_handle(0xf2107000) io_handle(102) source(1999) format 1
06-05 18:29:20.812   975  2550 D soundtrigger: audio_extn_sound_trigger_check_and_get_session: capture_handle 102 is sound trigger
06-05 18:29:20.813   975  2550 D audio_hw_primary: io_streams_map_insert: Added stream in io_streams_map with handle 102
06-05 18:29:20.813   975  2550 D audio_hw_primary: adev_open_input_stream: exit
06-05 18:29:20.813   975  2550 E device_utils: update_device_list: Invalid device: 0
06-05 18:29:20.816  1103 11540 I AudioFlinger: AudioFlinger's thread 0xb400007d654ae800 tid=11540 ready to run
06-05 18:29:20.816   975  2550 D audio_hw_primary: in_standby: enter: stream (0xf2107000) usecase(23: audio-record)
06-05 18:29:20.816  1103  9745 D APM_AudioPolicyManager: getInputForAttr() returns input 102 type 0 selectedDeviceId 23 for port ID 429
06-05 18:29:20.820  1103 11540 D AudioFlinger: updateWakeLockUids_l AudioIn_66 uids:
06-05 18:29:20.820   975  2550 D audio_hw_primary: in_standby: enter: stream (0xf2107000) usecase(23: audio-record)
06-05 18:29:20.826  1103 11540 D AudioFlinger: updateWakeLockUids_l AudioIn_66 uids:
06-05 18:29:20.828  5137  5979 I A       : Audio Starting
06-05 18:29:20.828  5137  5979 D AudioRecord: start(429): sync event 0 trigger session 0, mSessionID=641
06-05 18:29:20.830  1582 11519 I OMX-VDEC-1080P: set_frame_rate: the current time is 182920
06-05 18:29:20.832  1103  9745 I AudioPolicyIntefaceImpl: startInput client->uid  10192 client->session 641
06-05 18:29:20.832  1103  9745 I APM_AudioPolicyManager: isReuseInput() uid 10192, session 641
06-05 18:29:20.833  1103  9745 D AudioPolicyManagerCustom: startInput() input:102, session:641 [uid=10192])
06-05 18:29:20.836  1103 11540 D AudioFlinger: updateWakeLockUids_l AudioIn_66 uids:10192
06-05 18:29:20.837  1103 11540 I audioserver: checkForGameParameter_l() set events appname=+com.google.android.googlequicksearchbox
06-05 18:29:20.837   975  2550 D audio_hw_primary: in_set_parameters: enter: kvpairs=appname=+com.google.android.googlequicksearchbox
06-05 18:29:20.837   975  2550 D audio_hw_primary: in_set_parameters: [hal_apptype] cannot find app type [+com.google.android.googlequick], return !
06-05 18:29:20.837   975  2550 E device_utils: update_device_list: Invalid device: 0
06-05 18:29:20.838   975 28792 D audio_hw_primary: adev_create_audio_patch: enter: num sources 1, num_sinks 1, handle 0
06-05 18:29:20.838   975 28792 D audio_hw_primary: adev_create_audio_patch: Capture patch from device 80000004 to mix 102
06-05 18:29:20.838   975 28792 D audio_hw_primary: update_patch: enter
06-05 18:29:20.838   975 28792 D audio_hw_primary: route_input_stream: exit: status(0)
06-05 18:29:20.838   975 28792 D audio_hw_primary: adev_create_audio_patch: Added a new patch with handle 11
06-05 18:29:20.838   975 28792 D audio_hw_primary: adev_create_audio_patch: exit: num sources 1, num_sinks 1, handle 11
06-05 18:29:20.841  1850  5876 I AudioService.RecordingActivityMonitor: rec update riid:5991 uid:10192 session:641 src:HOTWORD not silenced pack:com.google.android.googlequicksearchbox
06-05 18:29:20.846  1850  5876 I SoundTriggerMiddlewareLogging: setCaptureState[this=com.android.server.soundtrigger_middleware.SoundTriggerMiddlewareImpl@20d2558, client=null](true)
06-05 18:29:20.847  5137  5979 I A       : Audio Started
06-05 18:29:20.848  7552  7652 I a       : uid:10192 change to active
06-05 18:29:20.848   975  2550 E FMQ     : grantorIdx must be less than 3
06-05 18:29:20.848   975  2550 E FMQ     : grantorIdx must be less than 3
06-05 18:29:20.851  5137 11542 I HotwordRecognitionRnr: Starting hotword detection.
06-05 18:29:20.851   975 11541 D soundtrigger: audio_extn_sound_trigger_check_and_get_session: capture_handle 102 is sound trigger
06-05 18:29:20.862  1582 11519 I OMX-VDEC-1080P: set_frame_rate: the current time is 182920
06-05 18:29:20.897  1582 11519 I OMX-VDEC-1080P: set_frame_rate: the current time is 182920
06-05 18:29:20.931  1582 11519 I OMX-VDEC-1080P: set_frame_rate: the current time is 182920
06-05 18:29:20.962  1582 11519 I OMX-VDEC-1080P: set_frame_rate: the current time is 182920
06-05 18:29:20.996  1582 11519 I OMX-VDEC-1080P: set_frame_rate: the current time is 182920
06-05 18:29:21.030  1582 11519 I OMX-VDEC-1080P: set_frame_rate: the current time is 182921
06-05 18:29:21.063  1582 11519 I OMX-VDEC-1080P: set_frame_rate: the current time is 182921
06-05 18:29:21.096  1582 11519 I OMX-VDEC-1080P: set_frame_rate: the current time is 182921
06-05 18:29:21.117  1850  2553 D MIUIInput: [MotionEvent] publisher action=0x1, 5549164, channel 'f66205e com.ss.android.ugc.trill/com.ss.android.ugc.aweme.splash.SplashActivity (server)'
06-05 18:29:21.119  1850  1941 D PerfImpl: perfGetWorkLoadType
06-05 18:29:21.119  1034  1034 E vendor.qti.hardware.perf@2.2-service: Unknown params
06-05 18:29:21.119  1034  1034 I ANDR-PERF-LM: LMPerfGlue: perfmodule_submit_request() 132: perfmodule_submit_request()
06-05 18:29:21.119  1034  1034 I ANDR-PERF-LM: Core: getInstance() 84: LM getInstance
06-05 18:29:21.119  1034  1034 D ANDR-PERF-LM: Feature: lookup() 101: Feature Name = AppClassifier, total featuers = 3, featureFound = 1
06-05 18:29:21.119  1034  1034 D ANDR-PERF-LM: Feature: getData() 112: data.data = 1
06-05 18:29:21.120  1034  1034 I ANDR-PERF-LM: FeedbackAPI: getFeedback() 60: app:com.ss.android.ugc.trill feature:AppClassifier feedback = 1
06-05 18:29:21.121  1850  1941 D PerfImpl: perfScrollBoost: com.ss.android.ugc.trill, -1, 4
06-05 18:29:21.121  1034  1034 E vendor.qti.hardware.perf@2.2-service: Unknown params
06-05 18:29:21.121  1034  1034 I ANDR-PERF-LM: LMPerfGlue: perfmodule_submit_request() 132: perfmodule_submit_request()
06-05 18:29:21.121  1034  1034 I ANDR-PERF-LM: Core: getInstance() 84: LM getInstance
06-05 18:29:21.121  1034  1034 I ANDR-PERF-LM: WQ: push() 59: LMTriggerQ push() size=0
06-05 18:29:21.121  1034  1034 I ANDR-PERF-LM: WQ: push() 61: LMTriggerQ push() done size=1
06-05 18:29:21.121  1034  1092 I ANDR-PERF-LM: WQ: pop() 42: LMTriggerQ pop() done size=0
06-05 18:29:21.121  1034  1092 I ANDR-PERF-LM: Core: lmMain() 373: Waiting on trigger Queue
06-05 18:29:21.121  1034  1092 I ANDR-PERF-LM: WQ: pop() 31: LMTriggerQ pop() size=0
06-05 18:29:21.121  1850  1941 D PerfImpl: perfGetWorkLoadType
06-05 18:29:21.121  1034  1034 E vendor.qti.hardware.perf@2.2-service: Unknown params
06-05 18:29:21.121  1034  1034 I ANDR-PERF-LM: LMPerfGlue: perfmodule_submit_request() 132: perfmodule_submit_request()
06-05 18:29:21.121  1034  1034 I ANDR-PERF-LM: Core: getInstance() 84: LM getInstance
06-05 18:29:21.121  1034  1034 D ANDR-PERF-LM: Feature: lookup() 101: Feature Name = AppClassifier, total featuers = 3, featureFound = 1
06-05 18:29:21.121  1034  1034 D ANDR-PERF-LM: Feature: getData() 112: data.data = 1
06-05 18:29:21.121  1034  1034 I ANDR-PERF-LM: FeedbackAPI: getFeedback() 60: app:com.ss.android.ugc.trill feature:AppClassifier feedback = 1
06-05 18:29:21.122  1850  1941 D PerfImpl: perfLockRelease
06-05 18:29:21.119  1034  1034 W perf@2.2-servic: type=1400 audit(0.0:6076): avc: denied { search } for name="1575" dev="proc" ino=740440 scontext=u:r:vendor_hal_perf_default:s0 tcontext=u:r:vendor_perfservice:s0 tclass=dir permissive=0
06-05 18:29:21.119  1034  1034 W perf@2.2-servic: type=1400 audit(0.0:6077): avc: denied { search } for name="1575" dev="proc" ino=740440 scontext=u:r:vendor_hal_perf_default:s0 tcontext=u:r:vendor_perfservice:s0 tclass=dir permissive=0
06-05 18:29:21.128  1582 11519 I OMX-VDEC-1080P: set_frame_rate: the current time is 182921
06-05 18:29:21.161  1582 11519 I OMX-VDEC-1080P: set_frame_rate: the current time is 182921
06-05 18:29:21.195  1582 11519 I OMX-VDEC-1080P: set_frame_rate: the current time is 182921
06-05 18:29:21.228  1582 11519 I OMX-VDEC-1080P: set_frame_rate: the current time is 182921
06-05 18:29:21.261  1582 11519 I OMX-VDEC-1080P: set_frame_rate: the current time is 182921
06-05 18:29:21.295  1582 11519 I OMX-VDEC-1080P: set_frame_rate: the current time is 182921
06-05 18:29:21.329  1582 11519 I OMX-VDEC-1080P: set_frame_rate: the current time is 182921
06-05 18:29:21.361  1582 11519 I OMX-VDEC-1080P: set_frame_rate: the current time is 182921
06-05 18:29:21.395  1582 11519 I OMX-VDEC-1080P: set_frame_rate: the current time is 182921
06-05 18:29:21.402 18541 18552 E jato    : gc block end, 5546162,3288
06-05 18:29:21.429  1582 11519 I OMX-VDEC-1080P: set_frame_rate: the current time is 182921
06-05 18:29:21.461  1582 11519 I OMX-VDEC-1080P: set_frame_rate: the current time is 182921
06-05 18:29:21.495  1582 11519 I OMX-VDEC-1080P: set_frame_rate: the current time is 182921
06-05 18:29:21.528  1582 11519 I OMX-VDEC-1080P: set_frame_rate: the current time is 182921
06-05 18:29:21.561  1582 11519 I OMX-VDEC-1080P: set_frame_rate: the current time is 182921
06-05 18:29:21.595  1582 11519 I OMX-VDEC-1080P: set_frame_rate: the current time is 182921
06-05 18:29:21.628  1582 11519 I OMX-VDEC-1080P: set_frame_rate: the current time is 182921
06-05 18:29:21.661  1582 11519 I OMX-VDEC-1080P: set_frame_rate: the current time is 182921
06-05 18:29:21.695  1582 11519 I OMX-VDEC-1080P: set_frame_rate: the current time is 182921
06-05 18:29:21.728  1582 11519 I OMX-VDEC-1080P: set_frame_rate: the current time is 182921
06-05 18:29:21.761  1582 11519 I OMX-VDEC-1080P: set_frame_rate: the current time is 182921
06-05 18:29:21.763 18541 18862 W ttmdl   : <0x0,AVMDLSessionCacheManager.cpp,sessionCallBack,71>receive session call back type:0 manager:0x7b13525a00 key:v53.tiktokcdn.com:443 data:0x0 len:0x0
06-05 18:29:21.763 18541 18862 W ttmdl   : <0x0,AVMDLSessionCacheManager.cpp,sessionCallBack,81>get session
06-05 18:29:21.763 18541 18867 W ttmdl   : <0x0,AVMDLSessionCacheManager.cpp,sessionCallBack,71>receive session call back type:0 manager:0x7b13525a00 key:v3.tiktokcdn.com:443 data:0x0 len:0x0
06-05 18:29:21.763 18541 18867 W ttmdl   : <0x0,AVMDLSessionCacheManager.cpp,sessionCallBack,81>get session
06-05 18:29:21.795  1582 11519 I OMX-VDEC-1080P: set_frame_rate: the current time is 182921
06-05 18:29:21.828  1582 11519 I OMX-VDEC-1080P: set_frame_rate: the current time is 182921
06-05 18:29:21.856  5137  5137 I GsaVoiceInteractionSrv: Stopping DSP streaming after timeout
06-05 18:29:21.857  5137  5137 I HwDetectorWithState: #stopHotwordDetection
06-05 18:29:21.857  5137  5137 E A       : #cleanUpAudioRecordAndPfds: Cleaning up audio record and Pfds
06-05 18:29:21.857  5137  5137 D AudioRecord: stop mSessionID=641
06-05 18:29:21.857  5137  5137 D AudioRecord: stop(429): mActive:1
06-05 18:29:21.861  1582 11519 I OMX-VDEC-1080P: set_frame_rate: the current time is 182921
06-05 18:29:21.870  1103 11540 D AudioFlinger: updateWakeLockUids_l AudioIn_66 uids:
06-05 18:29:21.870   975  2550 D audio_hw_primary: in_standby: enter: stream (0xf2107000) usecase(23: audio-record)
06-05 18:29:21.870   975  2550 D audio_hw_primary: in_standby: sound trigger pcm stop lab
06-05 18:29:21.877 18541 18862 W ttmdl   : <0x0,AVMDLSessionCacheManager.cpp,sessionCallBack,71>receive session call back type:1 manager:0x7b13525a00 key:v53.tiktokcdn.com:443 data:0x7ac822f008 len:0xd6c
06-05 18:29:21.877 18541 18862 W ttmdl   : <0x0,AVMDLSessionCacheManager.cpp,sessionCallBack,85>set session
06-05 18:29:21.878 18541 18862 W ttmdl   : <0x0,AVMDLSessionCacheManager.cpp,sessionCallBack,71>receive session call back type:1 manager:0x7b13525a00 key:v53.tiktokcdn.com:443 data:0x7ac822f008 len:0xd6c
06-05 18:29:21.878 18541 18862 W ttmdl   : <0x0,AVMDLSessionCacheManager.cpp,sessionCallBack,85>set session
06-05 18:29:21.895  1582 11519 I OMX-VDEC-1080P: set_frame_rate: the current time is 182921
06-05 18:29:21.897 18541 18867 W ttmdl   : <0x0,AVMDLSessionCacheManager.cpp,sessionCallBack,71>receive session call back type:0 manager:0x7b13525a00 key:v3.tiktokcdn.com:443 data:0x0 len:0x0
06-05 18:29:21.897 18541 18867 W ttmdl   : <0x0,AVMDLSessionCacheManager.cpp,sessionCallBack,81>get session
06-05 18:29:21.928  1582 11519 I OMX-VDEC-1080P: set_frame_rate: the current time is 182921
06-05 18:29:21.961  1582 11519 I OMX-VDEC-1080P: set_frame_rate: the current time is 182921
06-05 18:29:21.990   975 10789 D sound_trigger_hw: buffer_thread_loop: Exited buffering, status=0
06-05 18:29:21.990   975 10789 D sound_trigger_hw: ape_stop_buffering:[2] Enter pcm 0xf2265c40
06-05 18:29:21.990   975 10789 D sound_trigger_hw: ape_stop_buffering:[2] Exit, status=0
06-05 18:29:21.990   975  2550 D sound_trigger_hw: buffering_state_fn:[c2] post deferred stop on buffering end
06-05 18:29:21.991  1103  1103 D APM_AudioPolicyManager: stopInput portId 429
06-05 18:29:21.992   975 28792 D audio_hw_primary: adev_release_audio_patch: Enter() Remove patch with handle 11
06-05 18:29:21.992   975 28792 D audio_hw_primary: route_input_stream: exit: status(0)
06-05 18:29:21.992   975 28792 D audio_hw_primary: adev_release_audio_patch: exit() Successfully released patch 11
06-05 18:29:21.992  1850  5242 I SoundTriggerMiddlewareLogging: setCaptureState[this=com.android.server.soundtrigger_middleware.SoundTriggerMiddlewareImpl@20d2558, client=null](false)
06-05 18:29:21.992  1103  1103 D APM_AudioPolicyManager: stopInput: setCaptureState false for sva
06-05 18:29:21.993  1103  1103 E AudioPolicyManagerCustom: stopInput for app appname=-com.google.android.googlequicksearchbox
06-05 18:29:21.993  1103 11540 D AudioFlinger: updateWakeLockUids_l AudioIn_66 uids:
06-05 18:29:21.993  1103 11540 I audioserver: checkForGameParameter_l() set events appname=-com.google.android.googlequicksearchbox
06-05 18:29:21.994   975  2550 D audio_hw_primary: in_set_parameters: enter: kvpairs=appname=-com.google.android.googlequicksearchbox
06-05 18:29:21.994   975  2550 D audio_hw_primary: in_set_parameters: [hal_apptype] cannot find app type [-com.google.android.googlequick], return !
06-05 18:29:21.994  1103  1103 D AudioPolicyManagerCustom: stopInput() input 102 [uid=10192]
06-05 18:29:21.994  5137  5137 D AudioRecord: stop mSessionID=641
06-05 18:29:21.994  5137  5137 D AudioRecord: stop(429): mActive:0
06-05 18:29:21.994  5137  5137 D AudioRecord: stop mSessionID=641
06-05 18:29:21.994  5137  5137 D AudioRecord: stop(429): mActive:0
06-05 18:29:21.994  7552  7652 I a       : uid:10192change to inactive
06-05 18:29:21.995  1103  1103 D APM_AudioPolicyManager: releaseInput portId 429
06-05 18:29:21.995  1103  1103 D APM_AudioPolicyManager: closeInput(102)
06-05 18:29:21.995  1103  1103 W AudioFlinger: dumpToThreadLog_l return !!!
06-05 18:29:21.995  5137  5137 I A       : Audio Stopped
06-05 18:29:21.996  5137  5137 I HotwordRecognitionRnr: Stopping hotword detection.
06-05 18:29:21.996  1103 11540 D AudioFlinger: updateWakeLockUids_l AudioIn_66 uids:
06-05 18:29:21.997  1582 11519 I OMX-VDEC-1080P: set_frame_rate: the current time is 182921
06-05 18:29:21.997  1850  5453 I SoundTriggerMiddlewareLogging: setCaptureState[this=com.android.server.soundtrigger_middleware.SoundTriggerMiddlewareImpl@20d2558, client=null](false)
06-05 18:29:21.997  5137 11542 I GsaVoiceInteractionSrv: HotwordCallback#onError
06-05 18:29:21.997  5137 11542 I HwDetectorWithState: #stopHotwordDetection
06-05 18:29:22.001   975  2550 D audio_hw_primary: adev_close_input_stream: enter:stream_handle(0xf2107000)
06-05 18:29:22.001   975  2550 D audio_hw_primary: io_streams_map_remove: Removed stream with handle 102
06-05 18:29:22.001   975  2550 D soundtrigger: audio_extn_sound_trigger_check_ec_ref_enable: EC Reference is enabled
06-05 18:29:22.001   975  2550 D sound_trigger_hw: handle_audio_ec_ref_enabled: Enter
06-05 18:29:22.001   975  2550 D sound_trigger_hw: handle_audio_ec_ref_enabled: Exit audio ec ref=0
06-05 18:29:22.001   975  2550 D soundtrigger: audio_extn_sound_trigger_update_ec_ref_status: update audio echo ref status false
06-05 18:29:22.001   975  2550 D audio_hw_primary: in_standby: enter: stream (0xf2107000) usecase(23: audio-record)
06-05 18:29:22.001   975  2550 D audio_hw_primary: adev_close_input_stream: exit:stream_handle(0xf2107000)
06-05 18:29:22.002  1103  1103 V AF::RecordTrack: ~RecordTrack()
06-05 18:29:22.003  5137  5979 W hbox:interacto: Long monitor contention with owner main (5137) at void com.google.android.libraries.assistant.hotword.h.b()(PG:7) waiters=0 in void com.google.android.libraries.assistant.hotword.h.b() for 138ms
06-05 18:29:22.004  5137  5979 E A       : #cleanUpAudioRecordAndPfds: Cleaning up audio record and Pfds
06-05 18:29:22.004  5137  5979 I GsaVoiceInteractionSrv: #onClosed - audio is closed, hasRecordingStarted true
06-05 18:29:22.004  5137 11542 E A       : #cleanUpAudioRecordAndPfds: Cleaning up audio record and Pfds
06-05 18:29:22.014  5137 11542 I HotwordRecognitionRnr: IOException during hotword detection; expected during hotword detection closing
06-05 18:29:22.020   975  2550 D sound_trigger_hw: stdev_start_recognition:[2] Enter
06-05 18:29:22.020   975  2550 D sound_trigger_hw: update_confidence_level key 0, level 0
06-05 18:29:22.020   975  2550 D sound_trigger_hw: get_confidence_level: sm name index 0, mode 0, sensitivity level 0
06-05 18:29:22.020   975  2550 I sound_trigger_hw: gmm level 25, gmm user level 40, cnn level 45, vop level -10
06-05 18:29:22.020   975  2550 I sound_trigger_hw: get confidence level --> gmm level 25, gmm user level 40, cnn level 45, vop level -10
06-05 18:29:22.020   975  2550 D sound_trigger_hw: sm_name_index 0,  sensitivity level 0 need upate: 1
06-05 18:29:22.020   975  2550 D sound_trigger_hw: update_hw_config_on_start: No smlib, opaque data would be sent as is
06-05 18:29:22.020   975  2550 D sound_trigger_hw: update_hw_config_on_start:[2] lab enabled 1
06-05 18:29:22.020   975  2550 D sound_trigger_hw_common: st_hw_check_and_update_lpi: lpi NOT supported due to concurrency
06-05 18:29:22.020   975  2550 D sound_trigger_hw_common: st_hw_check_vad_support: VAD NOT supported due to concurrency
06-05 18:29:22.020   975  2550 D sound_trigger_hw: buffering_state_fn:[c2-2] handle event START/RESTART
06-05 18:29:22.020   975  2550 D sound_trigger_hw: ape_stop:[2] Enter
06-05 18:29:22.021   975  2550 D sound_trigger_hw: ape_stop:[2] Exit, status=0
06-05 18:29:22.021   975  2550 D sound_trigger_hw: ape_dereg_sm_params:[2] Enter
06-05 18:29:22.021   975  2550 D sound_trigger_hw: ape_enable_use_case: disable use case = listen-voice-wakeup-2 preproc
06-05 18:29:22.025  1010  2684 I sensors-hal: ssc_conn_event_cb:489, event[0] sensor:pedometer  Wakeup msg_id=129, ts=187165686746
06-05 18:29:22.029  1582 11519 I OMX-VDEC-1080P: set_frame_rate: the current time is 182922
06-05 18:29:22.032   975  2550 D sound_trigger_platform: platform_stdev_send_ec_ref_cfg: reset echo ref echo-reference
06-05 18:29:22.035   975  2550 D sound_trigger_hw: sound_trigger_set_device: disable device (7) = listen-ape-handset-mic-preproc
06-05 18:29:22.036   975  2550 D sound_trigger_hw: session[2]: buffering_state_fn ---> loaded_state_fn
06-05 18:29:22.036   975  2550 E sound_trigger_hw: check_gcs_usecase_switch: Invalid session or non CPE session!
06-05 18:29:22.036   975  2550 D sound_trigger_platform: platform_stdev_get_capture_device: Device = 0x80000004
06-05 18:29:22.036   975  2550 D sound_trigger_platform: platform_stdev_get_capture_device: Available device = 0x80000004
06-05 18:29:22.036   975  2550 D sound_trigger_platform: platform_stdev_get_device_sample_rate: sample rate 16000
06-05 18:29:22.036   975  2550 D sound_trigger_platform: platform_stdev_send_calibration_v2: send dev cal for device(7) acdb_id(135) cal_mode(1) app_id(69947)
06-05 18:29:22.036   975  2550 D ACDB-LOADER: acdb_loader_send_listen_device_cal_v1: sample_rate: 16000
06-05 18:29:22.036   975  2550 D ACDB-LOADER: ACDB -> send_adm_topology
06-05 18:29:22.036   975  2550 D ACDB-LOADER: ACDB -> ACDB_CMD_GET_AUDPROC_COMMON_TOPOLOGY_ID
06-05 18:29:22.036   975  2550 D ACDB-LOADER: ACDB -> send_audtable
06-05 18:29:22.036   975  2550 D ACDB-LOADER: ACDB -> ACDB_CMD_GET_AUDPROC_INSTANCE_COMMON_TABLE_SIZE
06-05 18:29:22.036   975  2550 D ACDB-LOADER: ACDB -> ACDB_CMD_GET_AUDPROC_INSTANCE_COMMON_TABLE
06-05 18:29:22.036   975  2550 D ACDB-LOADER: ACDB -> AUDIO_SET_AUDPROC_CAL cal_type[49] acdb_id[135] app_type[69947]
06-05 18:29:22.036   975  2550 D ACDB-LOADER: ACDB -> send_afe_topology
06-05 18:29:22.036   975  2550 D ACDB-LOADER: ACDB -> ACDB_CMD_GET_AFE_TOPOLOGY_ID
06-05 18:29:22.036   975  2550 D ACDB-LOADER: ACDB -> GET_AFE_TOPOLOGY_ID for adcd_id 135, Topology Id 112fb
06-05 18:29:22.036   975  2550 D ACDB-LOADER: ACDB -> send_afe_cal
06-05 18:29:22.036   975  2550 D ACDB-LOADER: ACDB -> ACDB_CMD_GET_AFE_INSTANCE_COMMON_TABLE_SIZE
06-05 18:29:22.036   975  2550 D android.hardware.audio.service: Failed to fetch the lookup information of the device 00000087
06-05 18:29:22.036   975  2550 D ACDB-LOADER: Error: ACDB_CMD_GET_AFE_INSTANCE_COMMON_TABLE_SIZE Returned = -19
06-05 18:29:22.036   975  2550 D ACDB-LOADER: ACDB -> ACDB_CMD_GET_AFE_INSTANCE_COMMON_TABLE
06-05 18:29:22.036   975  2550 D android.hardware.audio.service: Failed to fetch the lookup information of the device 00000087
06-05 18:29:22.036   975  2550 D ACDB-LOADER: Error: ACDB AFE returned = -19
06-05 18:29:22.036   975  2550 D ACDB-LOADER: ACDB -> AUDIO_SET_AFE_CAL cal_type[46] acdb_id[135]
06-05 18:29:22.036   975  2550 D sound_trigger_platform: platform_stdev_get_capture_device: Device = 0x80000004
06-05 18:29:22.036   975  2550 D sound_trigger_platform: platform_stdev_get_capture_device: Available device = 0x80000004
06-05 18:29:22.036   975  2550 D sound_trigger_hw: sound_trigger_set_device: enable device (7) = listen-ape-handset-mic-preproc
06-05 18:29:22.036   975  2550 D audio_route: Apply path: listen-ape-handset-mic-preproc
06-05 18:29:22.036  1640  1861 E adsprpcd: vendor/qcom/proprietary/commonsys-intf/adsprpc/src/apps_std_imp.c:596:Error 0xffffffff: apps_std getenv failed: ADSP_LIBRARY_PATH Unknown error -1
06-05 18:29:22.036  1640  1861 I adsprpcd: vendor/qcom/proprietary/commonsys-intf/adsprpc/src/apps_std_imp.c:777: Successfully opened file /vendor/dsp/adsp/ffv_module_fv9.so.1
06-05 18:29:22.037   975  2550 D sound_trigger_hw: ape_reg_sm_params:[2] Enter
06-05 18:29:22.037   975  2550 D audio_route: Apply path: listen-voice-wakeup-2 preproc port
06-05 18:29:22.037   975  2550 D sound_trigger_hw: ape_enable_use_case: enable use case = listen-voice-wakeup-2 preproc
06-05 18:29:22.038   975  2550 D sound_trigger_platform: platform_stdev_get_capture_device: Device = 0x80000004
06-05 18:29:22.038   975  2550 D sound_trigger_platform: platform_stdev_get_capture_device: Available device = 0x80000004
06-05 18:29:22.038   975  2550 D audio_route: Apply path: echo-reference
06-05 18:29:22.043   975  2550 D sound_trigger_platform: platform_stdev_send_ec_ref_cfg: set echo ref echo-reference
06-05 18:29:22.043   975  2550 D audio_route: Apply path: listen-voice-wakeup-2 preproc
06-05 18:29:22.059  1010  2684 I sensors-hal: ssc_conn_event_cb:489, event[0] sensor:pedometer  Wakeup msg_id=129, ts=187166367146
06-05 18:29:22.061  1582 11519 I OMX-VDEC-1080P: set_frame_rate: the current time is 182922
06-05 18:29:22.063  1010  2684 I sensors-hal: ssc_conn_event_cb:489, event[0] sensor:pedometer  Wakeup msg_id=129, ts=187166387935
06-05 18:29:22.064   975  2550 D sound_trigger_hw: ape_reg_sm_params: st_recogntion_mode 1, det_mode 1, lab 1
06-05 18:29:22.064   975  2550 D sound_trigger_hw: ape_start:[2] Enter
06-05 18:29:22.065   975  2550 D sound_trigger_hw: ape_start:[2] Exit, status=0
06-05 18:29:22.065   975  2550 D sound_trigger_hw: session[2]: buffering_state_fn ---> active_state_fn
06-05 18:29:22.065   975  2550 D sound_trigger_hw: reg_hal_event_session:[c2] ST_EVENT_SESSION_REGISTER capture_handle 102
06-05 18:29:22.065   975  2550 D sound_trigger_hw: stdev_start_recognition:[2] Exit
06-05 18:29:22.065  1850  5453 I SoundTriggerMiddlewareLogging: startRecognition[this=com.android.server.soundtrigger_middleware.SoundTriggerModule$Session@6cc76ef, client={ attributionTag: null, packageName: "com.google.android.googlequicksearchbox", pid: 5137, uid: 10192 }](1, { audioCapabilities: 0, captureRequested: true, data: [  ], phraseRecognitionExtras: [ { confidenceLevel: 0, id: 101, levels: [  ], recognitionModes: 1 } ] })
06-05 18:29:22.066  5137  5137 I GsaVoiceInteractionSrv: Start Hotword Recognition Status: true
06-05 18:29:22.095  1582 11519 I OMX-VDEC-1080P: set_frame_rate: the current time is 182922
06-05 18:29:22.128  1582 11519 I OMX-VDEC-1080P: set_frame_rate: the current time is 182922
06-05 18:29:22.135  2999  3462 D MI_RIL_OEM_HOOK: onPkHookCommonMsg, msg_id = 65
06-05 18:29:22.135  2999  3462 D MI_RIL_OEM_HOOK: onGetHookMsgBytes, HOOK_HEAD_SIZE = 16, msg_len = 4
06-05 18:29:22.135  2999  3462 D MI_RIL_OEM_HOOK: onHookSendSync, phoneId = 0
06-05 18:29:22.135  2930  2930 D QcrilMsgTunnelIfaceManager: handleMessage what = 1
06-05 18:29:22.135  2930  2930 I QcrilOemhookMsgTunnel: [0]invokeOemRilRequestRaw: serial=2128 length=36
06-05 18:29:22.161  1582 11519 I OMX-VDEC-1080P: set_frame_rate: the current time is 182922
06-05 18:29:22.175  1793  2006 D XIAOMI_QCRIL: RIL[lib][xiaomi_extend_nvefs.c:52] xiaomi_qmi_result_map: xiaomi_qmi_result_map, old_result 0, new_result 0
06-05 18:29:22.175  2930  3267 I QcrilOemhookMsgTunnel: [0]processOemHookResponse serial no: 2128 error: 0length=16
06-05 18:29:22.175  2930  2930 D QcrilMsgTunnelIfaceManager: handleMessage what = 2
06-05 18:29:22.176  2999  3462 D QC_RIL_OEM_HOOK: sendOemRilRequestRaw returns value = 16
06-05 18:29:22.176  2999  3462 D ModemSarController_8250: type = 65, len = 4, value = 0
06-05 18:29:22.195  1582 11519 I OMX-VDEC-1080P: set_frame_rate: the current time is 182922
06-05 18:29:22.201 18541 18867 W ttmdl   : <0x0,AVMDLSessionCacheManager.cpp,sessionCallBack,71>receive session call back type:0 manager:0x7b13525a00 key:v53.tiktokcdn.com:443 data:0x0 len:0x0
06-05 18:29:22.201 18541 18867 W ttmdl   : <0x0,AVMDLSessionCacheManager.cpp,sessionCallBack,81>get session
06-05 18:29:22.228  1582 11519 I OMX-VDEC-1080P: set_frame_rate: the current time is 182922
06-05 18:29:22.268  1582 11519 I OMX-VDEC-1080P: set_frame_rate: the current time is 182922
06-05 18:29:22.295  1582 11519 I OMX-VDEC-1080P: set_frame_rate: the current time is 182922
06-05 18:29:22.325  1850  2634 D MiuiNetworkPolicy: updateLimit mLimitEnabled=true,enabled=false,mNetworkPriorityMode=0
06-05 18:29:22.328  1582 11519 I OMX-VDEC-1080P: set_frame_rate: the current time is 182922
06-05 18:29:22.361  1582 11519 I OMX-VDEC-1080P: set_frame_rate: the current time is 182922
06-05 18:29:22.395  1582 11519 I OMX-VDEC-1080P: set_frame_rate: the current time is 182922
06-05 18:29:22.428  1582 11519 I OMX-VDEC-1080P: set_frame_rate: the current time is 182922
06-05 18:29:22.461  1582 11519 I OMX-VDEC-1080P: set_frame_rate: the current time is 182922
06-05 18:29:22.495  1582 11519 I OMX-VDEC-1080P: set_frame_rate: the current time is 182922
06-05 18:29:22.528  1582 11519 I OMX-VDEC-1080P: set_frame_rate: the current time is 182922
06-05 18:29:22.561 18541 18867 W ttmdl   : <0x0,AVMDLSessionCacheManager.cpp,sessionCallBack,71>receive session call back type:0 manager:0x7b13525a00 key:v53.tiktokcdn.com:443 data:0x0 len:0x0
06-05 18:29:22.561 18541 18867 W ttmdl   : <0x0,AVMDLSessionCacheManager.cpp,sessionCallBack,81>get session
06-05 18:29:22.562  1582 11519 I OMX-VDEC-1080P: set_frame_rate: the current time is 182922
06-05 18:29:22.595  1582 11519 I OMX-VDEC-1080P: set_frame_rate: the current time is 182922
06-05 18:29:22.631  1582 11519 I OMX-VDEC-1080P: set_frame_rate: the current time is 182922
06-05 18:29:22.663  1582 11519 I OMX-VDEC-1080P: set_frame_rate: the current time is 182922
06-05 18:29:22.697  1582 11519 I OMX-VDEC-1080P: set_frame_rate: the current time is 182922
06-05 18:29:22.729  1582 11519 I OMX-VDEC-1080P: set_frame_rate: the current time is 182922
06-05 18:29:22.762  1582 11519 I OMX-VDEC-1080P: set_frame_rate: the current time is 182922
06-05 18:29:22.796  1582 11519 I OMX-VDEC-1080P: set_frame_rate: the current time is 182922
06-05 18:29:22.829  1582 11519 I OMX-VDEC-1080P: set_frame_rate: the current time is 182922
06-05 18:29:22.863  1582 11519 I OMX-VDEC-1080P: set_frame_rate: the current time is 182922
06-05 18:29:22.899  1582 11519 I OMX-VDEC-1080P: set_frame_rate: the current time is 182922
06-05 18:29:22.931  1582 11519 I OMX-VDEC-1080P: set_frame_rate: the current time is 182922
06-05 18:29:22.964  1582 11519 I OMX-VDEC-1080P: set_frame_rate: the current time is 182922
06-05 18:29:22.997  1582 11519 I OMX-VDEC-1080P: set_frame_rate: the current time is 182922
06-05 18:29:23.030  1582 11519 I OMX-VDEC-1080P: set_frame_rate: the current time is 182923
06-05 18:29:23.071  1582 11519 I OMX-VDEC-1080P: set_frame_rate: the current time is 182923
06-05 18:29:23.098  1582 11519 I OMX-VDEC-1080P: set_frame_rate: the current time is 182923
06-05 18:29:23.132  1582 11519 I OMX-VDEC-1080P: set_frame_rate: the current time is 182923
06-05 18:29:23.163  1582 11519 I OMX-VDEC-1080P: set_frame_rate: the current time is 182923
06-05 18:29:23.198  1582 11519 I OMX-VDEC-1080P: set_frame_rate: the current time is 182923
06-05 18:29:23.230  1582 11519 I OMX-VDEC-1080P: set_frame_rate: the current time is 182923
06-05 18:29:23.263  1582 11519 I OMX-VDEC-1080P: set_frame_rate: the current time is 182923
06-05 18:29:23.297  1582 11519 I OMX-VDEC-1080P: set_frame_rate: the current time is 182923
06-05 18:29:23.331  1582 11519 I OMX-VDEC-1080P: set_frame_rate: the current time is 182923
06-05 18:29:23.363  1582 11519 I OMX-VDEC-1080P: set_frame_rate: the current time is 182923
06-05 18:29:23.397  1582 11519 I OMX-VDEC-1080P: set_frame_rate: the current time is 182923
06-05 18:29:23.431  1582 11519 I OMX-VDEC-1080P: set_frame_rate: the current time is 182923
06-05 18:29:23.471  1582 11519 I OMX-VDEC-1080P: set_frame_rate: the current time is 182923
06-05 18:29:23.498  1582 11519 I OMX-VDEC-1080P: set_frame_rate: the current time is 182923
06-05 18:29:23.531  1582 11519 I OMX-VDEC-1080P: set_frame_rate: the current time is 182923
06-05 18:29:23.564  1582 11519 I OMX-VDEC-1080P: set_frame_rate: the current time is 182923
06-05 18:29:23.597  1582 11519 I OMX-VDEC-1080P: set_frame_rate: the current time is 182923
06-05 18:29:23.630  1582 11519 I OMX-VDEC-1080P: set_frame_rate: the current time is 182923
06-05 18:29:23.663  1582 11519 I OMX-VDEC-1080P: set_frame_rate: the current time is 182923
06-05 18:29:23.697  1582 11519 I OMX-VDEC-1080P: set_frame_rate: the current time is 182923
06-05 18:29:23.730  1582 11519 I OMX-VDEC-1080P: set_frame_rate: the current time is 182923
06-05 18:29:23.763  1582 11519 I OMX-VDEC-1080P: set_frame_rate: the current time is 182923
06-05 18:29:23.797  1582 11519 I OMX-VDEC-1080P: set_frame_rate: the current time is 182923
06-05 18:29:23.830  1582 11519 I OMX-VDEC-1080P: set_frame_rate: the current time is 182923
06-05 18:29:23.863  1582 11519 I OMX-VDEC-1080P: set_frame_rate: the current time is 182923
06-05 18:29:23.897  1582 11519 I OMX-VDEC-1080P: set_frame_rate: the current time is 182923
06-05 18:29:23.929  1582 11519 I OMX-VDEC-1080P: set_frame_rate: the current time is 182923
06-05 18:29:23.962  1582 11519 I OMX-VDEC-1080P: set_frame_rate: the current time is 182923
06-05 18:29:23.997  1582 11519 I OMX-VDEC-1080P: set_frame_rate: the current time is 182923
06-05 18:29:24.030  1582 11519 I OMX-VDEC-1080P: set_frame_rate: the current time is 182924
06-05 18:29:24.063  1582 11519 I OMX-VDEC-1080P: set_frame_rate: the current time is 182924
06-05 18:29:24.097  1582 11519 I OMX-VDEC-1080P: set_frame_rate: the current time is 182924
06-05 18:29:24.131  1582 11519 I OMX-VDEC-1080P: set_frame_rate: the current time is 182924
06-05 18:29:24.163  1582 11519 I OMX-VDEC-1080P: set_frame_rate: the current time is 182924
06-05 18:29:24.197  1582 11519 I OMX-VDEC-1080P: set_frame_rate: the current time is 182924
06-05 18:29:24.230  1582 11519 I OMX-VDEC-1080P: set_frame_rate: the current time is 182924
06-05 18:29:24.271  1582 11519 I OMX-VDEC-1080P: set_frame_rate: the current time is 182924
06-05 18:29:24.272  1582 11519 I OMX-VDEC-1080P: set_frame_rate: the current time is 182924
06-05 18:29:24.272  1582 11519 I OMX-VDEC-1080P: set_frame_rate: the current time is 182924
06-05 18:29:24.364  1582 11519 I OMX-VDEC-1080P: set_frame_rate: the current time is 182924
06-05 18:29:24.397  1582 11519 I OMX-VDEC-1080P: set_frame_rate: the current time is 182924
06-05 18:29:24.430  1582 11519 I OMX-VDEC-1080P: set_frame_rate: the current time is 182924
06-05 18:29:24.463  1582 11519 I OMX-VDEC-1080P: set_frame_rate: the current time is 182924
06-05 18:29:24.497  1582 11519 I OMX-VDEC-1080P: set_frame_rate: the current time is 182924
06-05 18:29:24.530  1582 11519 I OMX-VDEC-1080P: set_frame_rate: the current time is 182924
06-05 18:29:24.562  1582 11519 I OMX-VDEC-1080P: set_frame_rate: the current time is 182924
06-05 18:29:24.597  1582 11519 I OMX-VDEC-1080P: set_frame_rate: the current time is 182924
06-05 18:29:24.629  1582 11519 I OMX-VDEC-1080P: set_frame_rate: the current time is 182924
06-05 18:29:24.663  1582 11519 I OMX-VDEC-1080P: set_frame_rate: the current time is 182924
06-05 18:29:24.698  1582 11519 I OMX-VDEC-1080P: set_frame_rate: the current time is 182924
06-05 18:29:24.731  1582 11519 I OMX-VDEC-1080P: set_frame_rate: the current time is 182924
06-05 18:29:24.763  1582 11519 I OMX-VDEC-1080P: set_frame_rate: the current time is 182924
06-05 18:29:24.797  1582 11519 I OMX-VDEC-1080P: set_frame_rate: the current time is 182924
06-05 18:29:24.797  1582 11519 I OMX-VDEC-1080P: set_frame_rate: the current time is 182924
06-05 18:29:24.797  1582 11519 I OMX-VDEC-1080P: set_frame_rate: the current time is 182924
06-05 18:29:24.797  1582 11519 I OMX_VPP : OMX_EventBufferFlag 1
06-05 18:29:25.195  1582 19623 I OMX_VPP : send_command In 1 param1 -1
06-05 18:29:25.195  1582 19623 I OMX_VPP : send_command FakeFlush
06-05 18:29:25.195  1582 19623 I OMX_VPP : VppOmxComponent::clearVppFakeBufs size 15
06-05 18:29:25.196  1582 19623 I OMX_VPP : VppEvent 1
06-05 18:29:25.196  1582 19623 I OMX_VPP : FakeFlush e.flush_done.port:0
06-05 18:29:25.196  1582 19623 I OMX_VPP : VppOmxComponent::clearVppFakeBufs size 0
06-05 18:29:25.196  1582 19623 I OMX_VPP : VppEvent 1
06-05 18:29:25.196  1582 19623 I OMX_VPP : FakeFlush e.flush_done.port:1
06-05 18:29:25.197 18541 11517 W AHierarchicalStateMachine: Warning message AMessage(what = 'omxI') = {
06-05 18:29:25.197 18541 11517 W AHierarchicalStateMachine:   int32_t type = 0
06-05 18:29:25.197 18541 11517 W AHierarchicalStateMachine:   int32_t event = 4
06-05 18:29:25.197 18541 11517 W AHierarchicalStateMachine:   int32_t data1 = 1
06-05 18:29:25.197 18541 11517 W AHierarchicalStateMachine:   int32_t data2 = 1
06-05 18:29:25.197 18541 11517 W AHierarchicalStateMachine: } unhandled in root state.
06-05 18:29:25.199  1582 19623 I OMX_VPP : VppOmxComponent::registerVppFakeBuf buffer with size 1 id 0 ts=0 flags:0
06-05 18:29:25.200  1582 19624 I OMX_VPP : VppOmxComponent::registerVppFakeBuf buffer with size 2 id 1 ts=0 flags:0
06-05 18:29:25.200  1582  9640 I OMX_VPP : VppOmxComponent::registerVppFakeBuf buffer with size 3 id 2 ts=0 flags:0
