06-05 18:23:55.135  1113  1113 D CompositionEngine: writeOutputDependentGeometryStateToHWC layer[StatusBar#0] set Z 134217731 miFodLayer 0x8000000
06-05 18:23:55.135  1113  1113 D CompositionEngine: writeOutputDependentGeometryStateToHWC layer[RoundCornerTop#0] set Z 134217732 miFodLayer 0x8000000
06-05 18:23:55.135  1113  1113 D CompositionEngine: writeOutputDependentGeometryStateToHWC layer[RoundCornerBottom#0] set Z 134217733 miFodLayer 0x8000000
06-05 18:23:55.152  1113  1113 D CompositionEngine: writeOutputDependentGeometryStateToHWC layer[com.facebook.orca/com.facebook.orca.auth.StartScreenActivity#0] set Z 134217728 miFodLayer 0x8000000
06-05 18:23:55.152  1113  1113 D CompositionEngine: writeOutputDependentGeometryStateToHWC layer[InputMethod#0] set Z 134217729 miFodLayer 0x8000000
06-05 18:23:55.152  1113  1113 D CompositionEngine: writeOutputDependentGeometryStateToHWC layer[com.miui.securitycenter/.FloatingWindow#0] set Z 134217730 miFodLayer 0x8000000
06-05 18:23:55.152  1113  1113 D CompositionEngine: writeOutputDependentGeometryStateToHWC layer[StatusBar#0] set Z 134217731 miFodLayer 0x8000000
06-05 18:23:55.152  1113  1113 D CompositionEngine: writeOutputDependentGeometryStateToHWC layer[RoundCornerTop#0] set Z 134217732 miFodLayer 0x8000000
06-05 18:23:55.152  1113  1113 D CompositionEngine: writeOutputDependentGeometryStateToHWC layer[RoundCornerBottom#0] set Z 134217733 miFodLayer 0x8000000
06-05 18:23:55.164  1850  2553 D MIUIInput: [MotionEvent] publisher action=0x4, 5223210, channel 'c058ab6 com.miui.securitycenter (server)'
06-05 18:23:55.164  1850  2553 D MIUIInput: [MotionEvent] publisher action=0x0, 5223210, channel '30ac761 InputMethod (server)'
06-05 18:23:55.167  1850  3628 I HapticFeedbackUtil: 3,2
06-05 18:23:55.168  1113  1113 D CompositionEngine: writeOutputDependentGeometryStateToHWC layer[com.facebook.orca/com.facebook.orca.auth.StartScreenActivity#0] set Z 134217728 miFodLayer 0x8000000
06-05 18:23:55.168  1113  1113 D CompositionEngine: writeOutputDependentGeometryStateToHWC layer[InputMethod#0] set Z 134217729 miFodLayer 0x8000000
06-05 18:23:55.168  1113  1113 D CompositionEngine: writeOutputDependentGeometryStateToHWC layer[com.miui.securitycenter/.FloatingWindow#0] set Z 134217730 miFodLayer 0x8000000
06-05 18:23:55.168  1113  1113 D CompositionEngine: writeOutputDependentGeometryStateToHWC layer[StatusBar#0] set Z 134217731 miFodLayer 0x8000000
06-05 18:23:55.168  1113  1113 D CompositionEngine: writeOutputDependentGeometryStateToHWC layer[RoundCornerTop#0] set Z 134217732 miFodLayer 0x8000000
06-05 18:23:55.168  1113  1113 D CompositionEngine: writeOutputDependentGeometryStateToHWC layer[RoundCornerBottom#0] set Z 134217733 miFodLayer 0x8000000
06-05 18:23:55.170  1075  1075 D vendor.hardware.vibratorfeature: Vibrator perform effect 3
06-05 18:23:55.170  1075  1075 D vendor.hardware.vibratorfeature: uses mCurrMagnitudeExt 1.000000
06-05 18:23:55.170  1075  1075 D vendor.hardware.vibratorfeature: getAmplitudeFromEffectStrength 1.000000
06-05 18:23:55.170  1075  1075 D vendor.hardware.vibratorfeature: return from driver is 20
06-05 18:23:55.171  1075  1075 D vendor.hardware.vibratorfeature: playLengthMs is 70
06-05 18:23:55.171  1075  9076 D vendor.hardware.vibratorfeature: Starting perform on another thread
06-05 18:23:55.190  1850  2553 D MIUIInput: [MotionEvent] publisher action=0x1, 5223237, channel '30ac761 InputMethod (server)'
06-05 18:23:55.241  1075  9076 D vendor.hardware.vibratorfeature: Notifying perform complete
06-05 18:23:55.242  1075  1075 D vendor.hardware.vibratorfeature: QTI Vibrator off
06-05 18:23:55.242  1075  1075 D DynamicEffectThread: pause
06-05 18:23:55.242  1075  1075 D DynamicEffectDevice: FFDevice pause
06-05 18:23:55.251  7058  7058 D InputMethodManager: showSoftInput() view=com.facebook.messaging.composer.ComposerEditText{71479d8 VFED..CL. .F....ID 0,25-700,118 #7f0b171f app:id/(name removed) aid=1073741825} flags=0 reason=SHOW_SOFT_INPUT
06-05 18:23:55.252  7552  9688 D MirrorManager:  sendAcceptInput 1 0
06-05 18:23:55.252  5042  5042 I DeviceModeUtil: DeviceModeUtil.getDeviceMode():126 Get device mode phone by ui mode:1 and smallestScreenWidthDp:392
06-05 18:23:55.256  7058  7058 D InsetsController: show(ime(), fromIme=true)
06-05 18:23:55.467  1010  2684 I sensors-hal: ssc_conn_event_cb:489, event[0] sensor:pedometer  Wakeup msg_id=129, ts=180895765465
06-05 18:23:55.471  1850  2553 D MIUIInput: [MotionEvent] publisher action=0x4, 5223517, channel 'c058ab6 com.miui.securitycenter (server)'
06-05 18:23:55.471  1850  2553 D MIUIInput: [MotionEvent] publisher action=0x0, 5223517, channel '30ac761 InputMethod (server)'
06-05 18:23:55.474  1850  5242 I HapticFeedbackUtil: 3,2
06-05 18:23:55.476  1075  1075 D vendor.hardware.vibratorfeature: Vibrator perform effect 3
06-05 18:23:55.476  1075  1075 D vendor.hardware.vibratorfeature: uses mCurrMagnitudeExt 1.000000
06-05 18:23:55.476  1075  1075 D vendor.hardware.vibratorfeature: getAmplitudeFromEffectStrength 1.000000
06-05 18:23:55.476  1075  1075 D vendor.hardware.vibratorfeature: return from driver is 20
06-05 18:23:55.477  1075  1075 D vendor.hardware.vibratorfeature: playLengthMs is 70
06-05 18:23:55.477  1075  9080 D vendor.hardware.vibratorfeature: Starting perform on another thread
06-05 18:23:55.533  1850  2553 D MIUIInput: [MotionEvent] publisher action=0x1, 5223579, channel '30ac761 InputMethod (server)'
06-05 18:23:55.547  1075  9080 D vendor.hardware.vibratorfeature: Notifying perform complete
06-05 18:23:55.548  1075  1075 D vendor.hardware.vibratorfeature: QTI Vibrator off
06-05 18:23:55.549  1075  1075 D DynamicEffectThread: pause
06-05 18:23:55.549  1075  1075 D DynamicEffectDevice: FFDevice pause
06-05 18:23:55.698  1850  2553 D MIUIInput: [MotionEvent] publisher action=0x4, 5223744, channel 'c058ab6 com.miui.securitycenter (server)'
06-05 18:23:55.698  1850  2553 D MIUIInput: [MotionEvent] publisher action=0x0, 5223744, channel '30ac761 InputMethod (server)'
06-05 18:23:55.710  1850  6642 I HapticFeedbackUtil: 3,2
06-05 18:23:55.713  1075  1075 D vendor.hardware.vibratorfeature: Vibrator perform effect 3
06-05 18:23:55.713  1075  1075 D vendor.hardware.vibratorfeature: uses mCurrMagnitudeExt 1.000000
06-05 18:23:55.713  1075  1075 D vendor.hardware.vibratorfeature: getAmplitudeFromEffectStrength 1.000000
06-05 18:23:55.713  1075  1075 D vendor.hardware.vibratorfeature: return from driver is 20
06-05 18:23:55.713  1075  1075 D vendor.hardware.vibratorfeature: playLengthMs is 70
06-05 18:23:55.713  1075  9082 D vendor.hardware.vibratorfeature: Starting perform on another thread
06-05 18:23:55.771  1850  2553 D MIUIInput: [MotionEvent] publisher action=0x1, 5223818, channel '30ac761 InputMethod (server)'
06-05 18:23:55.781  7784  8309 I cr.sandbox: BrowserIOThread heartbeat, interval/index: 30s/3, render: 11(NORMAL_WITHOUT_SECCOMP), gpu: 2(FULL)
06-05 18:23:55.784  1075  9082 D vendor.hardware.vibratorfeature: Notifying perform complete
06-05 18:23:55.785  1075  1075 D vendor.hardware.vibratorfeature: QTI Vibrator off
06-05 18:23:55.785  1075  1075 D DynamicEffectThread: pause
06-05 18:23:55.785  1075  1075 D DynamicEffectDevice: FFDevice pause
06-05 18:23:55.853  1850  2553 D MIUIInput: [MotionEvent] publisher action=0x4, 5223900, channel 'c058ab6 com.miui.securitycenter (server)'
06-05 18:23:55.853  1850  2553 D MIUIInput: [MotionEvent] publisher action=0x0, 5223900, channel '30ac761 InputMethod (server)'
06-05 18:23:55.860  1850  6642 I HapticFeedbackUtil: 3,2
06-05 18:23:55.862  1075  1075 D vendor.hardware.vibratorfeature: Vibrator perform effect 3
06-05 18:23:55.862  1075  1075 D vendor.hardware.vibratorfeature: uses mCurrMagnitudeExt 1.000000
06-05 18:23:55.862  1075  1075 D vendor.hardware.vibratorfeature: getAmplitudeFromEffectStrength 1.000000
06-05 18:23:55.862  1075  1075 D vendor.hardware.vibratorfeature: return from driver is 20
06-05 18:23:55.862  1075  1075 D vendor.hardware.vibratorfeature: playLengthMs is 70
06-05 18:23:55.862  1075  9085 D vendor.hardware.vibratorfeature: Starting perform on another thread
06-05 18:23:55.872  1850  2553 D MIUIInput: [MotionEvent] publisher action=0x1, 5223919, channel '30ac761 InputMethod (server)'
06-05 18:23:55.919  1850  2553 D MIUIInput: [MotionEvent] publisher action=0x4, 5223966, channel 'c058ab6 com.miui.securitycenter (server)'
06-05 18:23:55.919  1850  2553 D MIUIInput: [MotionEvent] publisher action=0x0, 5223966, channel '30ac761 InputMethod (server)'
06-05 18:23:55.925  1850  6642 I HapticFeedbackUtil: 3,2
06-05 18:23:55.926  1075  1075 D vendor.hardware.vibratorfeature: QTI Vibrator off
06-05 18:23:55.926  1075  1075 D DynamicEffectThread: pause
06-05 18:23:55.926  1075  1075 D DynamicEffectDevice: FFDevice pause
06-05 18:23:55.930  1075  1075 D vendor.hardware.vibratorfeature: Vibrator perform effect 3
06-05 18:23:55.930  1075  1075 D vendor.hardware.vibratorfeature: uses mCurrMagnitudeExt 1.000000
06-05 18:23:55.930  1075  1075 D vendor.hardware.vibratorfeature: getAmplitudeFromEffectStrength 1.000000
06-05 18:23:55.930  1075  1075 D vendor.hardware.vibratorfeature: return from driver is 20
06-05 18:23:55.930  1075  1075 D vendor.hardware.vibratorfeature: playLengthMs is 70
06-05 18:23:55.931  1075  9087 D vendor.hardware.vibratorfeature: Starting perform on another thread
06-05 18:23:55.933  1075  9085 D vendor.hardware.vibratorfeature: Notifying perform complete
06-05 18:23:55.944  7058  7058 D InputMethodManager: showSoftInput() view=com.facebook.messaging.composer.ComposerEditText{71479d8 VFED..CL. .F....ID 0,24-700,117 #7f0b171f app:id/(name removed) aid=1073741825} flags=0 reason=SHOW_SOFT_INPUT
06-05 18:23:55.946  5042  5042 I DeviceModeUtil: DeviceModeUtil.getDeviceMode():126 Get device mode phone by ui mode:1 and smallestScreenWidthDp:392
06-05 18:23:55.946  7552  9688 D MirrorManager:  sendAcceptInput 1 0
06-05 18:23:55.950  7058  7058 D InsetsController: show(ime(), fromIme=true)
06-05 18:23:55.966  1010  2684 I sensors-hal: ssc_conn_event_cb:489, event[0] sensor:pedometer  Wakeup msg_id=129, ts=180905365119
06-05 18:23:55.985  1850  2553 D MIUIInput: [MotionEvent] publisher action=0x1, 5224032, channel '30ac761 InputMethod (server)'
06-05 18:23:56.001  1075  9087 D vendor.hardware.vibratorfeature: Notifying perform complete
06-05 18:23:56.002  1075  1075 D vendor.hardware.vibratorfeature: QTI Vibrator off
06-05 18:23:56.002  1075  1075 D DynamicEffectThread: pause
06-05 18:23:56.002  1075  1075 D DynamicEffectDevice: FFDevice pause
06-05 18:23:56.014  1850  2553 D MIUIInput: [MotionEvent] publisher action=0x4, 5224059, channel 'c058ab6 com.miui.securitycenter (server)'
06-05 18:23:56.014  1850  2553 D MIUIInput: [MotionEvent] publisher action=0x0, 5224059, channel '30ac761 InputMethod (server)'
06-05 18:23:56.017  1850  6642 I HapticFeedbackUtil: 3,2
06-05 18:23:56.019  1075  1075 D vendor.hardware.vibratorfeature: Vibrator perform effect 3
06-05 18:23:56.019  1075  1075 D vendor.hardware.vibratorfeature: uses mCurrMagnitudeExt 1.000000
06-05 18:23:56.019  1075  1075 D vendor.hardware.vibratorfeature: getAmplitudeFromEffectStrength 1.000000
06-05 18:23:56.020  1075  1075 D vendor.hardware.vibratorfeature: return from driver is 20
06-05 18:23:56.020  1075  9089 D vendor.hardware.vibratorfeature: Starting perform on another thread
06-05 18:23:56.020  1075  1075 D vendor.hardware.vibratorfeature: playLengthMs is 70
06-05 18:23:56.067  1850  2553 D MIUIInput: [MotionEvent] publisher action=0x1, 5224114, channel '30ac761 InputMethod (server)'
06-05 18:23:56.090  1075  9089 D vendor.hardware.vibratorfeature: Notifying perform complete
06-05 18:23:56.091  1075  1075 D vendor.hardware.vibratorfeature: QTI Vibrator off
06-05 18:23:56.091  1075  1075 D DynamicEffectThread: pause
06-05 18:23:56.091  1075  1075 D DynamicEffectDevice: FFDevice pause
06-05 18:23:56.244  8163  8308 I cr.sandbox.gpu: GpuMainThread heartbeat, interval/index: 30/3
06-05 18:23:56.358  8162  8343 I cr.sandbox.render: RenderIOThread heartbeat, interval/index: 30s/3, render: 11(NORMAL_WITHOUT_SECCOMP), gpu: 2(FULL)
06-05 18:23:56.433  1850  2553 D MIUIInput: [MotionEvent] publisher action=0x4, 5224479, channel 'c058ab6 com.miui.securitycenter (server)'
06-05 18:23:56.433  1850  2553 D MIUIInput: [MotionEvent] publisher action=0x0, 5224479, channel '30ac761 InputMethod (server)'
06-05 18:23:56.437  1850  6642 I HapticFeedbackUtil: 3,2
06-05 18:23:56.439  1075  1075 D vendor.hardware.vibratorfeature: Vibrator perform effect 3
06-05 18:23:56.439  1075  1075 D vendor.hardware.vibratorfeature: uses mCurrMagnitudeExt 1.000000
06-05 18:23:56.439  1075  1075 D vendor.hardware.vibratorfeature: getAmplitudeFromEffectStrength 1.000000
06-05 18:23:56.439  1075  1075 D vendor.hardware.vibratorfeature: return from driver is 20
06-05 18:23:56.440  1075  1075 D vendor.hardware.vibratorfeature: playLengthMs is 70
06-05 18:23:56.440  1075  9093 D vendor.hardware.vibratorfeature: Starting perform on another thread
06-05 18:23:56.467  1010  2684 I sensors-hal: ssc_conn_event_cb:489, event[0] sensor:pedometer  Wakeup msg_id=129, ts=180914967198
06-05 18:23:56.508  1850  2553 D MIUIInput: [MotionEvent] publisher action=0x1, 5224555, channel '30ac761 InputMethod (server)'
06-05 18:23:56.510  1075  9093 D vendor.hardware.vibratorfeature: Notifying perform complete
06-05 18:23:56.511  1075  1075 D vendor.hardware.vibratorfeature: QTI Vibrator off
06-05 18:23:56.511  1075  1075 D DynamicEffectThread: pause
06-05 18:23:56.511  1075  1075 D DynamicEffectDevice: FFDevice pause
06-05 18:23:56.742  8162  8303 I cr.sandbox.render: RenderMainThread heartbeat, interval/index: 30s/3, render: 11(NORMAL_WITHOUT_SECCOMP), gpu: 2(FULL)
06-05 18:23:56.836  1757  2562 D BufferPoolAccessor2.0: bufferpool2 0xef81a558 : 0(0 size) total buffers - 0(0 size) used buffers - 123/131 (recycle/alloc) - 8/254 (fetch/transfer)
06-05 18:23:56.836  1757  2562 D BufferPoolAccessor2.0: evictor expired: 1, evicted: 1
06-05 18:23:56.838  1645  2234 D BufferPoolAccessor2.0: bufferpool2 0xb4000075c9034e28 : 0(0 size) total buffers - 0(0 size) used buffers - 121/125 (recycle/alloc) - 4/124 (fetch/transfer)
06-05 18:23:56.838  1645  2234 D BufferPoolAccessor2.0: evictor expired: 1, evicted: 1
06-05 18:23:56.881  1850  2553 D MIUIInput: [MotionEvent] publisher action=0x4, 5224928, channel 'c058ab6 com.miui.securitycenter (server)'
06-05 18:23:56.882  1850  2553 D MIUIInput: [MotionEvent] publisher action=0x0, 5224928, channel '30ac761 InputMethod (server)'
06-05 18:23:56.885  1850  3628 I HapticFeedbackUtil: 3,2
06-05 18:23:56.887  1075  1075 D vendor.hardware.vibratorfeature: Vibrator perform effect 3
06-05 18:23:56.887  1075  1075 D vendor.hardware.vibratorfeature: uses mCurrMagnitudeExt 1.000000
06-05 18:23:56.887  1075  1075 D vendor.hardware.vibratorfeature: getAmplitudeFromEffectStrength 1.000000
06-05 18:23:56.888  1075  1075 D vendor.hardware.vibratorfeature: return from driver is 20
06-05 18:23:56.888  1075  1075 D vendor.hardware.vibratorfeature: playLengthMs is 70
06-05 18:23:56.888  1075  9097 D vendor.hardware.vibratorfeature: Starting perform on another thread
06-05 18:23:56.958  1075  9097 D vendor.hardware.vibratorfeature: Notifying perform complete
06-05 18:23:56.959  1075  1075 D vendor.hardware.vibratorfeature: QTI Vibrator off
06-05 18:23:56.959  1075  1075 D DynamicEffectThread: pause
06-05 18:23:56.959  1075  1075 D DynamicEffectDevice: FFDevice pause
06-05 18:23:56.966  1010  2684 I sensors-hal: ssc_conn_event_cb:489, event[0] sensor:pedometer  Wakeup msg_id=129, ts=180924565950
06-05 18:23:57.202  5042 13472 I OpenGLRenderer: Davey! duration=9223366811640ms; Flags=0, FrameTimelineVsyncId=487890, IntendedVsync=5225214446074, Vsync=5225214446074, InputEventId=0, HandleInputStart=5225230431545, AnimationStart=5225230433160, PerformTraversalsStart=5225230539150, DrawStart=5225232874827, FrameDeadline=5225231112740, FrameInterval=5225230409983, FrameStartTime=16666666, SyncQueued=5225233921389, SyncStart=5225233995452, IssueDrawCommandsStart=5225235058420, SwapBuffers=5225242416858, FrameCompleted=9223372036854775807, DequeueBufferDuration=40364, QueueBufferDuration=1058906, GpuCompleted=9223372036854775807, SwapBuffersCompleted=5225244226962, DisplayPresentTime=0,
06-05 18:23:57.234  1850  2553 D MIUIInput: [MotionEvent] publisher action=0x1, 5225281, channel '30ac761 InputMethod (server)'
06-05 18:23:57.263  1850  2634 D MiuiNetworkPolicy: updateLimit mLimitEnabled=false,enabled=true,mNetworkPriorityMode=0
06-05 18:23:57.429  1850  2553 D MIUIInput: [MotionEvent] publisher action=0x4, 5225476, channel 'c058ab6 com.miui.securitycenter (server)'
06-05 18:23:57.430  1850  2553 D MIUIInput: [MotionEvent] publisher action=0x0, 5225476, channel '30ac761 InputMethod (server)'
06-05 18:23:57.433  1850  5242 I HapticFeedbackUtil: 3,2
06-05 18:23:57.436  1075  1075 D vendor.hardware.vibratorfeature: Vibrator perform effect 3
06-05 18:23:57.436  1075  1075 D vendor.hardware.vibratorfeature: uses mCurrMagnitudeExt 1.000000
06-05 18:23:57.436  1075  1075 D vendor.hardware.vibratorfeature: getAmplitudeFromEffectStrength 1.000000
06-05 18:23:57.436  1075  1075 D vendor.hardware.vibratorfeature: return from driver is 20
06-05 18:23:57.437  1075  1075 D vendor.hardware.vibratorfeature: playLengthMs is 70
06-05 18:23:57.437  1075  9099 D vendor.hardware.vibratorfeature: Starting perform on another thread
06-05 18:23:57.467  1010  2684 I sensors-hal: ssc_conn_event_cb:489, event[0] sensor:pedometer  Wakeup msg_id=129, ts=180934165520
06-05 18:23:57.467  1850  2553 D MIUIInput: [MotionEvent] publisher action=0x1, 5225513, channel '30ac761 InputMethod (server)'
06-05 18:23:57.507  1075  9099 D vendor.hardware.vibratorfeature: Notifying perform complete
06-05 18:23:57.507  1075  1075 D vendor.hardware.vibratorfeature: QTI Vibrator off
06-05 18:23:57.508  1075  1075 D DynamicEffectThread: pause
06-05 18:23:57.508  1075  1075 D DynamicEffectDevice: FFDevice pause
06-05 18:23:57.589  7058  8336 D BufferPoolAccessor2.0: bufferpool2 0xb400007b3a6fb828 : 4(32768 size) total buffers - 4(32768 size) used buffers - 1/6 (recycle/alloc) - 1/2 (fetch/transfer)
06-05 18:23:57.589  7058  8336 D BufferPoolAccessor2.0: evictor expired: 1, evicted: 1
06-05 18:23:57.758   975  1043 D audio_hw_primary: out_standby: enter: stream (0xf1dfd000) usecase(1: low-latency-playback)
06-05 18:23:57.773  1850  2553 D MIUIInput: [MotionEvent] publisher action=0x4, 5225816, channel 'c058ab6 com.miui.securitycenter (server)'
06-05 18:23:57.773  1850  2553 D MIUIInput: [MotionEvent] publisher action=0x0, 5225816, channel '30ac761 InputMethod (server)'
06-05 18:23:57.774  1850  3628 I HapticFeedbackUtil: 3,2
06-05 18:23:57.777  1075  1075 D vendor.hardware.vibratorfeature: Vibrator perform effect 3
06-05 18:23:57.777  1075  1075 D vendor.hardware.vibratorfeature: uses mCurrMagnitudeExt 1.000000
06-05 18:23:57.777  1075  1075 D vendor.hardware.vibratorfeature: getAmplitudeFromEffectStrength 1.000000
06-05 18:23:57.777  1075  1075 D vendor.hardware.vibratorfeature: return from driver is 20
06-05 18:23:57.778  1075  1075 D vendor.hardware.vibratorfeature: playLengthMs is 70
06-05 18:23:57.779  1075  9101 D vendor.hardware.vibratorfeature: Starting perform on another thread
06-05 18:23:57.823  1850  2553 D MIUIInput: [MotionEvent] publisher action=0x1, 5225870, channel '30ac761 InputMethod (server)'
06-05 18:23:57.836  1757  2562 D BufferPoolAccessor2.0: evictor expired: 1, evicted: 0
06-05 18:23:57.838  1645  2234 D BufferPoolAccessor2.0: evictor expired: 1, evicted: 0
06-05 18:23:57.849  1075  9101 D vendor.hardware.vibratorfeature: Notifying perform complete
06-05 18:23:57.850  1075  1075 D vendor.hardware.vibratorfeature: QTI Vibrator off
06-05 18:23:57.850  1075  1075 D DynamicEffectThread: pause
06-05 18:23:57.850  1075  1075 D DynamicEffectDevice: FFDevice pause
06-05 18:23:57.857   975  1043 D audio_hw_primary: stop_output_stream: enter: usecase(1: low-latency-playback)
06-05 18:23:57.857   975  1043 V send_data_to_xlog: send_audio_bigdata_to_xlog
06-05 18:23:57.857   975  1043 D audio_hw_primary: disable_audio_route: reset and update mixer path: low-latency-playback speaker
06-05 18:23:57.858   975  1043 D audio_hw_primary: [force reset] del low-latency-playback speaker 1
06-05 18:23:57.858   975  1043 E soundtrigger: audio_extn_sound_trigger_update_stream_status: invalid input device 0x0, for event 2
06-05 18:23:57.858   975  1043 D soundtrigger: audio_extn_sound_trigger_update_stream_status: uc_info->id 1 of type 0 for Event 2, with Raise=0
06-05 18:23:57.858   975  1043 D msm8974_platform: platform_split_snd_device: snd_device(2) num devices(0) new_snd_devices(0)
06-05 18:23:57.858   975  1043 I msm8974_platform: platform_get_custom_mtmx_params: no matching param with id 0 ip_ch 2 op_ch 2 uc_id 1 snd_dev 2
06-05 18:23:57.858   975  1043 D hardware_info: hw_info_append_hw_type : device_name = speaker
06-05 18:23:57.858   975  1043 D audio_hw_primary: disable_snd_device: device ref cnt is 1[2]
06-05 18:23:57.858   975  1043 D audio_hw_primary: disable_snd_device: snd_device(2: speaker)[SND_DEVICE_OUT_SPEAKER]
06-05 18:23:57.858   975  1043 D msm8974_platform: platform_split_snd_device: snd_device(2) num devices(0) new_snd_devices(0)
06-05 18:23:57.867   975  1043 I soundtrigger: audio_extn_sound_trigger_update_device_status: device 0x2 of type 0 for Event 0, with Raise=0
06-05 18:23:57.867   975  1043 D audio_hw_primary: stop_output_stream: exit: status(0)
06-05 18:23:57.867   975  1043 D audio_hw_primary: out_standby: exit
06-05 18:23:57.867   975  2550 V EffectMiSound: MiSound_command() start, cmdCode=23
06-05 18:23:57.867   975  2550 V EffectMiSound: MiSound_Command EFFECT_CMD_SET_AUDIO_STANDBY, current mode = 0
06-05 18:23:57.966  1010  2684 I sensors-hal: ssc_conn_event_cb:489, event[0] sensor:pedometer  Wakeup msg_id=129, ts=180943765155
06-05 18:23:57.968  2999  2999 D DynamicService:  ACTION_BATTERY_CHANGED change,USB plug = 2
06-05 18:23:57.969  7552  7931 D ThermalIECHandler: storeDataStyle: thermal_iec_monitor_persistence_data_style_iec_state; startIECTime: -1; IECScreenOffOverPeriodTime: -1
06-05 18:23:57.970  6316  6316 I BatteryInfoReceiver: ACTION_BATTERY_CHANGED
06-05 18:23:57.974  7552  7645 D PowerKeeper.Thermal: mBatteryTemperature: 42
06-05 18:23:57.974  7552  7857 D PowerCheckerService: onBatteryChanged, mBatteryLevel = 56, status = 2, level = 56, plug = 2, scale = 100
06-05 18:23:57.975  2992  2992 V DeviceStatisticsService: chargerType=2 batteryLevel=56 totalBatteryCapacity=4247700
06-05 18:23:57.993  1850  2553 D MIUIInput: [MotionEvent] publisher action=0x4, 5226040, channel 'c058ab6 com.miui.securitycenter (server)'
06-05 18:23:57.993  1850  2553 D MIUIInput: [MotionEvent] publisher action=0x0, 5226040, channel '30ac761 InputMethod (server)'
06-05 18:23:57.997  1850  3628 I HapticFeedbackUtil: 3,2
06-05 18:23:58.000  1075  1075 D vendor.hardware.vibratorfeature: Vibrator perform effect 3
06-05 18:23:58.000  1075  1075 D vendor.hardware.vibratorfeature: uses mCurrMagnitudeExt 1.000000
06-05 18:23:58.000  1075  1075 D vendor.hardware.vibratorfeature: getAmplitudeFromEffectStrength 1.000000
06-05 18:23:58.000  1075  1075 D vendor.hardware.vibratorfeature: return from driver is 20
06-05 18:23:58.000  1075  1075 D vendor.hardware.vibratorfeature: playLengthMs is 70
06-05 18:23:58.000  1075  9108 D vendor.hardware.vibratorfeature: Starting perform on another thread
06-05 18:23:58.041  1850  2553 D MIUIInput: [MotionEvent] publisher action=0x105, 5226087, channel '30ac761 InputMethod (server)'
06-05 18:23:58.048  1850  5242 I HapticFeedbackUtil: 3,2
06-05 18:23:58.050  1075  1075 D vendor.hardware.vibratorfeature: QTI Vibrator off
06-05 18:23:58.050  1075  1075 D DynamicEffectThread: pause
06-05 18:23:58.050  1075  1075 D DynamicEffectDevice: FFDevice pause
06-05 18:23:58.054  1850  2553 D MIUIInput: [MotionEvent] publisher action=0x6, 5226100, channel '30ac761 InputMethod (server)'
06-05 18:23:58.056  1075  1075 D vendor.hardware.vibratorfeature: Vibrator perform effect 3
06-05 18:23:58.056  1075  1075 D vendor.hardware.vibratorfeature: uses mCurrMagnitudeExt 1.000000
06-05 18:23:58.056  1075  1075 D vendor.hardware.vibratorfeature: getAmplitudeFromEffectStrength 1.000000
06-05 18:23:58.056  1075  1075 D vendor.hardware.vibratorfeature: return from driver is 20
06-05 18:23:58.056  1075  1075 D vendor.hardware.vibratorfeature: playLengthMs is 70
06-05 18:23:58.056  1075  9110 D vendor.hardware.vibratorfeature: Starting perform on another thread
06-05 18:23:58.071  1075  9108 D vendor.hardware.vibratorfeature: Notifying perform complete
06-05 18:23:58.083  1850  2553 D MIUIInput: [MotionEvent] publisher action=0x1, 5226130, channel '30ac761 InputMethod (server)'
06-05 18:23:58.126  1075  9110 D vendor.hardware.vibratorfeature: Notifying perform complete
06-05 18:23:58.127  1075  1075 D vendor.hardware.vibratorfeature: QTI Vibrator off
06-05 18:23:58.127  1075  1075 D DynamicEffectThread: pause
06-05 18:23:58.127  1075  1075 D DynamicEffectDevice: FFDevice pause
06-05 18:23:58.210  1850  2553 D MIUIInput: [MotionEvent] publisher action=0x4, 5226256, channel 'c058ab6 com.miui.securitycenter (server)'
06-05 18:23:58.210  1850  2553 D MIUIInput: [MotionEvent] publisher action=0x0, 5226256, channel '30ac761 InputMethod (server)'
06-05 18:23:58.213  1850  3628 I HapticFeedbackUtil: 3,2
06-05 18:23:58.217  1075  1075 D vendor.hardware.vibratorfeature: Vibrator perform effect 3
06-05 18:23:58.217  1075  1075 D vendor.hardware.vibratorfeature: uses mCurrMagnitudeExt 1.000000
06-05 18:23:58.217  1075  1075 D vendor.hardware.vibratorfeature: getAmplitudeFromEffectStrength 1.000000
06-05 18:23:58.218  1075  1075 D vendor.hardware.vibratorfeature: return from driver is 20
06-05 18:23:58.218  1075  1075 D vendor.hardware.vibratorfeature: playLengthMs is 70
06-05 18:23:58.218  1075  9114 D vendor.hardware.vibratorfeature: Starting perform on another thread
06-05 18:23:58.278  1850  2553 D MIUIInput: [MotionEvent] publisher action=0x1, 5226324, channel '30ac761 InputMethod (server)'
06-05 18:23:58.288  1075  9114 D vendor.hardware.vibratorfeature: Notifying perform complete
06-05 18:23:58.289  1075  1075 D vendor.hardware.vibratorfeature: QTI Vibrator off
06-05 18:23:58.290  1075  1075 D DynamicEffectThread: pause
06-05 18:23:58.290  1075  1075 D DynamicEffectDevice: FFDevice pause
06-05 18:23:58.371  1850  2553 D MIUIInput: [MotionEvent] publisher action=0x4, 5226418, channel 'c058ab6 com.miui.securitycenter (server)'
06-05 18:23:58.372  1850  2553 D MIUIInput: [MotionEvent] publisher action=0x0, 5226418, channel '30ac761 InputMethod (server)'
06-05 18:23:58.375  1850  6642 I HapticFeedbackUtil: 3,2
06-05 18:23:58.378  1075  1075 D vendor.hardware.vibratorfeature: Vibrator perform effect 3
06-05 18:23:58.379  1075  1075 D vendor.hardware.vibratorfeature: uses mCurrMagnitudeExt 1.000000
06-05 18:23:58.379  1075  1075 D vendor.hardware.vibratorfeature: getAmplitudeFromEffectStrength 1.000000
06-05 18:23:58.379  1075  1075 D vendor.hardware.vibratorfeature: return from driver is 20
06-05 18:23:58.379  1075  1075 D vendor.hardware.vibratorfeature: playLengthMs is 70
06-05 18:23:58.379  1075  9116 D vendor.hardware.vibratorfeature: Starting perform on another thread
06-05 18:23:58.403  1850  2553 D MIUIInput: [MotionEvent] publisher action=0x1, 5226450, channel '30ac761 InputMethod (server)'
06-05 18:23:58.412  1850  2553 D MIUIInput: [MotionEvent] publisher action=0x4, 5226459, channel 'c058ab6 com.miui.securitycenter (server)'
06-05 18:23:58.412  1850  2553 D MIUIInput: [MotionEvent] publisher action=0x0, 5226459, channel '30ac761 InputMethod (server)'
06-05 18:23:58.414  1850  6642 I HapticFeedbackUtil: 3,2
06-05 18:23:58.416  1075  1075 D vendor.hardware.vibratorfeature: QTI Vibrator off
06-05 18:23:58.416  1075  1075 D DynamicEffectThread: pause
06-05 18:23:58.416  1075  1075 D DynamicEffectDevice: FFDevice pause
06-05 18:23:58.419  1075  1075 D vendor.hardware.vibratorfeature: Vibrator perform effect 3
06-05 18:23:58.419  1075  1075 D vendor.hardware.vibratorfeature: uses mCurrMagnitudeExt 1.000000
06-05 18:23:58.419  1075  1075 D vendor.hardware.vibratorfeature: getAmplitudeFromEffectStrength 1.000000
06-05 18:23:58.419  1075  1075 D vendor.hardware.vibratorfeature: return from driver is 20
06-05 18:23:58.419  1075  1075 D vendor.hardware.vibratorfeature: playLengthMs is 70
06-05 18:23:58.419  1075  9118 D vendor.hardware.vibratorfeature: Starting perform on another thread
06-05 18:23:58.449  1075  9116 D vendor.hardware.vibratorfeature: Notifying perform complete
06-05 18:23:58.466  1010  2684 I sensors-hal: ssc_conn_event_cb:489, event[0] sensor:pedometer  Wakeup msg_id=129, ts=180953365396
06-05 18:23:58.486  1850  2553 D MIUIInput: [MotionEvent] publisher action=0x1, 5226533, channel '30ac761 InputMethod (server)'
06-05 18:23:58.490  1075  9118 D vendor.hardware.vibratorfeature: Notifying perform complete
06-05 18:23:58.491  1075  1075 D vendor.hardware.vibratorfeature: QTI Vibrator off
06-05 18:23:58.491  1075  1075 D DynamicEffectThread: pause
06-05 18:23:58.491  1075  1075 D DynamicEffectDevice: FFDevice pause
06-05 18:23:58.739  1850  2553 D MIUIInput: [MotionEvent] publisher action=0x4, 5226785, channel 'c058ab6 com.miui.securitycenter (server)'
06-05 18:23:58.739  1850  2553 D MIUIInput: [MotionEvent] publisher action=0x0, 5226785, channel '30ac761 InputMethod (server)'
06-05 18:23:58.742  1850  3628 I HapticFeedbackUtil: 3,2
06-05 18:23:58.745  1075  1075 D vendor.hardware.vibratorfeature: Vibrator perform effect 3
06-05 18:23:58.745  1075  1075 D vendor.hardware.vibratorfeature: uses mCurrMagnitudeExt 1.000000
06-05 18:23:58.745  1075  1075 D vendor.hardware.vibratorfeature: getAmplitudeFromEffectStrength 1.000000
06-05 18:23:58.745  1075  1075 D vendor.hardware.vibratorfeature: return from driver is 20
06-05 18:23:58.745  1075  1075 D vendor.hardware.vibratorfeature: playLengthMs is 70
06-05 18:23:58.745  1075  9120 D vendor.hardware.vibratorfeature: Starting perform on another thread
06-05 18:23:58.816  1075  9120 D vendor.hardware.vibratorfeature: Notifying perform complete
06-05 18:23:58.817  1075  1075 D vendor.hardware.vibratorfeature: QTI Vibrator off
06-05 18:23:58.818  1075  1075 D DynamicEffectThread: pause
06-05 18:23:58.818  1075  1075 D DynamicEffectDevice: FFDevice pause
06-05 18:23:58.837  1757  2562 D BufferPoolAccessor2.0: bufferpool2 0xef81bd18 : 0(0 size) total buffers - 0(0 size) used buffers - 25/33 (recycle/alloc) - 8/30 (fetch/transfer)
06-05 18:23:58.837  1757  2562 D BufferPoolAccessor2.0: bufferpool2 0xef9c9718 : 0(0 size) total buffers - 0(0 size) used buffers - 114/130 (recycle/alloc) - 24/254 (fetch/transfer)
06-05 18:23:58.837  1757  2562 D BufferPoolAccessor2.0: evictor expired: 2, evicted: 2
06-05 18:23:58.838  1645  2234 D BufferPoolAccessor2.0: bufferpool2 0xb4000075c9039e28 : 0(0 size) total buffers - 0(0 size) used buffers - 25/28 (recycle/alloc) - 3/28 (fetch/transfer)
06-05 18:23:58.838  1645  2234 D BufferPoolAccessor2.0: bufferpool2 0xb4000075caa54028 : 0(0 size) total buffers - 0(0 size) used buffers - 120/125 (recycle/alloc) - 5/124 (fetch/transfer)
06-05 18:23:58.838  1645  2234 D BufferPoolAccessor2.0: bufferpool2 0xb4000075caacdc28 : 0(0 size) total buffers - 0(0 size) used buffers - 116/125 (recycle/alloc) - 9/124 (fetch/transfer)
06-05 18:23:58.838  1645  2234 D BufferPoolAccessor2.0: evictor expired: 3, evicted: 3
06-05 18:23:58.968  1010  2684 I sensors-hal: ssc_conn_event_cb:489, event[0] sensor:pedometer  Wakeup msg_id=129, ts=180962965223
06-05 18:23:59.335  2999  3462 D MI_RIL_OEM_HOOK: onPkHookCommonMsg, msg_id = 65
06-05 18:23:59.335  2999  3462 D MI_RIL_OEM_HOOK: onGetHookMsgBytes, HOOK_HEAD_SIZE = 16, msg_len = 4
06-05 18:23:59.335  2999  3462 D MI_RIL_OEM_HOOK: onHookSendSync, phoneId = 0
06-05 18:23:59.338  2930  2930 D QcrilMsgTunnelIfaceManager: handleMessage what = 1
06-05 18:23:59.338  2930  2930 I QcrilOemhookMsgTunnel: [0]invokeOemRilRequestRaw: serial=2064 length=36
06-05 18:23:59.354  7058  7058 E SpannableStringBuilder: SPAN_EXCLUSIVE_EXCLUSIVE spans cannot have a zero length
06-05 18:23:59.354  7058  7058 E SpannableStringBuilder: SPAN_EXCLUSIVE_EXCLUSIVE spans cannot have a zero length
06-05 18:23:59.376  1793  2006 D XIAOMI_QCRIL: RIL[lib][xiaomi_extend_nvefs.c:52] xiaomi_qmi_result_map: xiaomi_qmi_result_map, old_result 0, new_result 0
06-05 18:23:59.377  2930  3267 I QcrilOemhookMsgTunnel: [0]processOemHookResponse serial no: 2064 error: 0length=16
06-05 18:23:59.377  2930  2930 D QcrilMsgTunnelIfaceManager: handleMessage what = 2
06-05 18:23:59.378  2999  3462 D QC_RIL_OEM_HOOK: sendOemRilRequestRaw returns value = 16
06-05 18:23:59.378  2999  3462 D ModemSarController_8250: type = 65, len = 4, value = 0
06-05 18:23:59.432  1850  2553 D MIUIInput: [MotionEvent] publisher action=0x1, 5227478, channel '30ac761 InputMethod (server)'
06-05 18:23:59.436  1075  1075 D vendor.hardware.vibratorfeature: Vibrator perform effect 2
06-05 18:23:59.436  1075  1075 D vendor.hardware.vibratorfeature: uses mCurrMagnitudeExt 1.000000
06-05 18:23:59.436  1075  1075 D vendor.hardware.vibratorfeature: getAmplitudeFromEffectStrength 1.000000
06-05 18:23:59.437  1075  1075 D vendor.hardware.vibratorfeature: return from driver is 20
06-05 18:23:59.437  1075  1075 D vendor.hardware.vibratorfeature: playLengthMs is 70
06-05 18:23:59.437  1075  9125 D vendor.hardware.vibratorfeature: Starting perform on another thread
06-05 18:23:59.466  1010  2684 I sensors-hal: ssc_conn_event_cb:489, event[0] sensor:pedometer  Wakeup msg_id=129, ts=180972565385
06-05 18:23:59.508  1075  9125 D vendor.hardware.vibratorfeature: Notifying perform complete
06-05 18:23:59.509  1075  1075 D vendor.hardware.vibratorfeature: QTI Vibrator off
06-05 18:23:59.509  1075  1075 D DynamicEffectThread: pause
06-05 18:23:59.509  1075  1075 D DynamicEffectDevice: FFDevice pause
06-05 18:23:59.673  1850  2553 D MIUIInput: [MotionEvent] publisher action=0x4, 5227720, channel 'c058ab6 com.miui.securitycenter (server)'
06-05 18:23:59.674  1850  2553 D MIUIInput: [MotionEvent] publisher action=0x0, 5227720, channel '30ac761 InputMethod (server)'
06-05 18:23:59.677  1850  6642 I HapticFeedbackUtil: 3,2
06-05 18:23:59.681  1075  1075 D vendor.hardware.vibratorfeature: Vibrator perform effect 3
06-05 18:23:59.681  1075  1075 D vendor.hardware.vibratorfeature: uses mCurrMagnitudeExt 1.000000
06-05 18:23:59.681  1075  1075 D vendor.hardware.vibratorfeature: getAmplitudeFromEffectStrength 1.000000
06-05 18:23:59.681  1075  1075 D vendor.hardware.vibratorfeature: return from driver is 20
06-05 18:23:59.682  1075  1075 D vendor.hardware.vibratorfeature: playLengthMs is 70
06-05 18:23:59.682  1075  9127 D vendor.hardware.vibratorfeature: Starting perform on another thread
06-05 18:23:59.752  1075  9127 D vendor.hardware.vibratorfeature: Notifying perform complete
06-05 18:23:59.753  1075  1075 D vendor.hardware.vibratorfeature: QTI Vibrator off
06-05 18:23:59.753  1075  1075 D DynamicEffectThread: pause
06-05 18:23:59.753  1075  1075 D DynamicEffectDevice: FFDevice pause
06-05 18:23:59.837  1757  2562 D BufferPoolAccessor2.0: bufferpool2 0xeead3a58 : 0(0 size) total buffers - 0(0 size) used buffers - 4/11 (recycle/alloc) - 5/8 (fetch/transfer)
06-05 18:23:59.837  1757  2562 D BufferPoolAccessor2.0: bufferpool2 0xef81a918 : 0(0 size) total buffers - 0(0 size) used buffers - 3/8 (recycle/alloc) - 5/10 (fetch/transfer)
06-05 18:23:59.837  1757  2562 D BufferPoolAccessor2.0: bufferpool2 0xef81d898 : 0(0 size) total buffers - 0(0 size) used buffers - 112/132 (recycle/alloc) - 32/254 (fetch/transfer)
06-05 18:23:59.837  1757  2562 D BufferPoolAccessor2.0: evictor expired: 4, evicted: 3
06-05 18:23:59.839  1645  2234 D BufferPoolAccessor2.0: bufferpool2 0xb4000075c9034428 : 0(0 size) total buffers - 0(0 size) used buffers - 1/3 (recycle/alloc) - 2/2 (fetch/transfer)
06-05 18:23:59.839  1645  2234 D BufferPoolAccessor2.0: bufferpool2 0xb4000075caa8be28 : 0(0 size) total buffers - 0(0 size) used buffers - 3/6 (recycle/alloc) - 3/6 (fetch/transfer)
06-05 18:23:59.839  1645  2234 D BufferPoolAccessor2.0: evictor expired: 3, evicted: 2
06-05 18:23:59.967  1010  2684 I sensors-hal: ssc_conn_event_cb:489, event[0] sensor:pedometer  Wakeup msg_id=129, ts=180982165267
06-05 18:24:00.006  3019  3019 D KeyguardUpdateMonitor: received broadcast android.intent.action.TIME_TICK
06-05 18:24:00.023  1850  2553 D MIUIInput: [MotionEvent] publisher action=0x1, 5228070, channel '30ac761 InputMethod (server)'
06-05 18:24:00.045  3019  3019 D KeyguardUpdateMonitor: handleTimeUpdate
06-05 18:24:00.259  6316  6316 I BatteryInfoReceiver: ACTION_BATTERY_CHANGED
06-05 18:24:00.260  2999  2999 D DynamicService:  ACTION_BATTERY_CHANGED change,USB plug = 2
06-05 18:24:00.260  7552  7931 D ThermalIECHandler: storeDataStyle: thermal_iec_monitor_persistence_data_style_iec_state; startIECTime: -1; IECScreenOffOverPeriodTime: -1
06-05 18:24:00.261  2992  2992 V DeviceStatisticsService: chargerType=2 batteryLevel=56 totalBatteryCapacity=4248000
06-05 18:24:00.261  2992  2992 D DeviceInfoHidlClient: isRadioOn()=true
06-05 18:24:00.262  2992  2992 I DeviceInfoHidlClient: isPowerInfoNeverSent=false batteryLevel=56 batteryLevelIndex=2 chargingMode=2 totalCapacity=4248000 powerSaveMode=false
06-05 18:24:00.262  7552  7857 D PowerCheckerService: onBatteryChanged, mBatteryLevel = 56, status = 2, level = 56, plug = 2, scale = 100
06-05 18:24:00.263  7552  7645 D PowerKeeper.Thermal: mBatteryTemperature: 41
06-05 18:24:00.286  1010 16487 I sensors-hal: ssc_conn_event_cb:489, event[0] sensor:device_orient  Wakeup msg_id=776, ts=180987895708
06-05 18:24:00.394  1850  2553 D MIUIInput: [MotionEvent] publisher action=0x4, 5228441, channel 'c058ab6 com.miui.securitycenter (server)'
06-05 18:24:00.394  1850  2553 D MIUIInput: [MotionEvent] publisher action=0x0, 5228441, channel 'acd0430 com.facebook.orca/com.facebook.orca.auth.StartScreenActivity (server)'
06-05 18:24:00.403  1850  2553 D MIUIInput: [MotionEvent] publisher action=0x1, 5228450, channel 'acd0430 com.facebook.orca/com.facebook.orca.auth.StartScreenActivity (server)'
06-05 18:24:00.453  1757  6932 D NuPlayerDriver: NuPlayerDriver(0xef6e1f20) created, clientPid(7058)
06-05 18:24:00.454  7552  7991 D MirrorManager:  sendAcceptInput 1 0
06-05 18:24:00.454  5042  5042 I GoogleInputMethodService: GoogleInputMethodService.onStartInput():1903 onStartInput(EditorInfo{inputType=0x24001(Normal) imeOptions=0x44000006 privateImeOptions=null actionName=DONE actionLabel=null actionId=0 initialSelStart=0 initialSelEnd=0 initialCapsMode=0x2000 hintText=non-empty label=null packageName=com.facebook.orca fieldId=2131433247 fieldName=null extras=null}, true)
06-05 18:24:00.454  5042  5042 I GoogleInputMethodService: GoogleInputMethodService.updateDeviceLockedStatus():2100 checkRepeatedly = true, unlocked = true
06-05 18:24:00.454  5042  5042 W SessionManager: SessionManager.beginSession():53 Try to begin an already begun session [INPUT_SESSION], end it first
06-05 18:24:00.454  5042  5042 W SessionManager: SessionManager.endSession():96 Child session [INPUT_VIEW_SESSION] is not ended while ending session [{IME_SESSION=1654424634649, INPUT_VIEW_SESSION=1654424634641, TRAINING_CACHE_SESSION=1654424634667, INPUT_SESSION=1654424634428}], ending it now.
06-05 18:24:00.454  5042  5042 W SessionManager: SessionManager.endSession():96 Child session [IME_SESSION] is not ended while ending session [{IME_SESSION=1654424634649, INPUT_VIEW_SESSION=1654424634641, TRAINING_CACHE_SESSION=1654424634667, INPUT_SESSION=1654424634428}], ending it now.
06-05 18:24:00.455  7058  8771 W msgr.lacrima: Soft error detector missing: qpl error, skipping
06-05 18:24:00.455  5042  5042 I GoogleInputMethodService: GoogleInputMethodService.onStartInputView():2011 onStartInputView(EditorInfo{inputType=0x24001(Normal) imeOptions=0x44000006 privateImeOptions=null actionName=DONE actionLabel=null actionId=0 initialSelStart=0 initialSelEnd=0 initialCapsMode=0x2000 hintText=non-empty label=null packageName=com.facebook.orca fieldId=2131433247 fieldName=null extras=null}, true)
06-05 18:24:00.456  5042  5042 I GoogleInputMethodService: GoogleInputMethodService.updateDeviceLockedStatus():2100 checkRepeatedly = true, unlocked = true
06-05 18:24:00.456  5042  5065 I DeviceModeUtil: DeviceModeUtil.getDeviceMode():126 Get device mode phone by ui mode:1 and smallestScreenWidthDp:392
06-05 18:24:00.466  1010  2684 I sensors-hal: ssc_conn_event_cb:489, event[0] sensor:pedometer  Wakeup msg_id=129, ts=180991764574
06-05 18:24:00.467  5042  5042 I KeyboardViewUtil: KeyboardViewUtil.getKeyboardHeightRatio():168 systemKeyboardHeightRatio:1.000000; userKeyboardHeightRatio:1.000000.
06-05 18:24:00.467  5042  5042 W TooltipLifecycleManager: TooltipLifecycleManager.dismissTooltips():159 Tooltip with id spell_check_add_to_dictionary not found in tooltipManager.
06-05 18:24:00.468  1757  6932 I ExtendedNuUtils: printFileName fd(7) -> /data/app/~~VlTOWGyLaoynmM1TjPLWcA==/com.facebook.orca-ZmGq_5WISWgVH5PyHrZDZw==/base.apk
06-05 18:24:00.468  5042  5042 I KeyboardWrapper: KeyboardWrapper.consumeEvent():273 Skip consuming an event as current keyboard is deactivated (state=0, keyboard existence=true)
06-05 18:24:00.468  5042  5042 I VoiceInputManagerWrapper: VoiceInputManagerWrapper.shutdown():77 shutdown()
06-05 18:24:00.468  5042  5042 I AndroidIME: AbstractIme.onDeactivate():214 LatinIme.onDeactivate()
06-05 18:24:00.468  5042  5042 W SessionManager: SessionManager.endSession():88 Try to end a not begun session [IME_SESSION].
06-05 18:24:00.468  5042  5042 I AndroidIME: AbstractIme.onActivate():91 LatinIme.onActivate() : EditorInfo = inputType=0x24001(Normal) imeOptions=0x44000006 privateImeOptions=null actionName=DONE actionLabel=null actionId=0 initialSelStart=0 initialSelEnd=0 initialCapsMode=0x2000 hintText=non-empty label=null packageName=com.facebook.orca fieldId=2131433247 fieldName=null extras=null, IncognitoMode = false, DeviceLocked = false
06-05 18:24:00.469  5042  5042 I Delight5Facilitator: Delight5Facilitator.initializeForIme():780 initializeForIme() : Locale = [en_US], layout = qwerty
06-05 18:24:00.469  5042  5042 I VoiceInputManagerWrapper: VoiceInputManagerWrapper.cancelShutdown():55 cancelShutdown()
06-05 18:24:00.469  5042  5042 I VoiceInputManagerWrapper: VoiceInputManagerWrapper.syncLanguagePacks():67 syncLanguagePacks()
06-05 18:24:00.469  5042  5042 I LatinIme: LatinIme.updateEnableInlineSuggestionsOnDecoderSideFlags():1290 inline flag updated to:false
06-05 18:24:00.470  5042  5042 I KeyboardWrapper: KeyboardWrapper.consumeEvent():273 Skip consuming an event as current keyboard is deactivated (state=0, keyboard existence=true)
06-05 18:24:00.470  5042 13215 I SpeechFactory: SpeechRecognitionFactory.maybeScheduleAutoPackDownloadForFallback():202 maybeScheduleAutoPackDownloadForFallback()
06-05 18:24:00.470  5042 13215 I FallbackOnDeviceRecognitionProvider: FallbackOnDeviceRecognitionProvider.maybeScheduleAutoPackDownload():196 maybeScheduleAutoPackDownload() for language tag en-US
06-05 18:24:00.471  5042 13215 I SpeechPackManager: SpeechPackManager.isPackAvailableToDownload():210 isPackAvailableToDownload() : LanguageTag = en-US : ManifestUrl = https://dl.google.com/android/voice/gboard/terse/superpacks-manifest-20210519.json
06-05 18:24:00.473  5042  5042 I KeyboardViewUtil: KeyboardViewUtil.calculateMaxKeyboardBodyHeight():44 leave 344 height for app when screen height:2400, header height:121 and isFullscreenMode:false, so the max keyboard body height is:1935
06-05 18:24:00.473  5042  5042 I DeviceModeUtil: DeviceModeUtil.getDeviceMode():126 Get device mode phone by ui mode:1 and smallestScreenWidthDp:392
06-05 18:24:00.474  5042  5042 I KeyboardViewUtil: KeyboardViewUtil.calculateMaxKeyboardBodyHeight():44 leave 344 height for app when screen height:2400, header height:121 and isFullscreenMode:false, so the max keyboard body height is:1935
06-05 18:24:00.474  1757  9130 D GenericSource: FileSource remote
06-05 18:24:00.474  5042  5042 I DeviceModeUtil: DeviceModeUtil.getDeviceMode():126 Get device mode phone by ui mode:1 and smallestScreenWidthDp:392
06-05 18:24:00.474  5042  9131 I FallbackOnDeviceRecognitionProvider: FallbackOnDeviceRecognitionProvider$1.onSuccess():204 auto download packs.
06-05 18:24:00.474  5042  9131 I SpeechPackManager: SpeechPackManager.syncPacks():314 syncPacks()
06-05 18:24:00.474  5042  9131 I SpeechPackManager: SpeechPackManager.registerManifest():440 registerManifest() : https://dl.google.com/android/voice/gboard/terse/superpacks-manifest-20210519.json
06-05 18:24:00.475  5042  5042 I DeviceModeUtil: DeviceModeUtil.getDeviceMode():126 Get device mode phone by ui mode:1 and smallestScreenWidthDp:392
06-05 18:24:00.475  5042  5042 I DeviceModeUtil: DeviceModeUtil.getDeviceMode():126 Get device mode phone by ui mode:1 and smallestScreenWidthDp:392
06-05 18:24:00.475  5042  5042 I NormalModeController: NormalModeController.getKeyboardBodyViewHolderPaddingBottom():111 currentPrimeKeyboardType:SOFT systemPaddingBottom:-1
06-05 18:24:00.475  5042  5042 I AndroidIME: KeyboardViewManager.updateKeyboardBodyViewHolderPaddingBottom():584 Set finalPaddingBottom = 0 while keyboardBottomGapFromScreen = 0; navigationHeight = 0
06-05 18:24:00.475  5042  5065 E native  : E0000 00:00:1654424640.469362    5065 input_actions_processor_jni.cc:116] Fail to process input actions request:No processor registered
06-05 18:24:00.475  5042  5042 I NormalModeController: NormalModeController.getKeyboardBodyViewHolderPaddingBottom():111 currentPrimeKeyboardType:SOFT systemPaddingBottom:-1
06-05 18:24:00.475  5042  9131 I SpeechPackManager: SpeechPackManager.lambda$registerManifest$4():447 registerManifest() : Reusing hash 1327534105
06-05 18:24:00.476  5042  5042 I AndroidIME: KeyboardViewManager.updateKeyboardBackgroundDrawableLevel():496 Set level to the background drawable: 10000
06-05 18:24:00.476  5042  5042 I AndroidIME: KeyboardViewManager.updateKeyboardBackgroundDrawableLevel():496 Set level to the background drawable: 10000
06-05 18:24:00.476  1560 17042 I MMParserExtractor: Created(0xb400007adb4fd380)
06-05 18:24:00.476  5042  5042 I AndroidIME: KeyboardViewManager.updateKeyboardBodyViewHolderPaddingBottom():584 Set finalPaddingBottom = 0 while keyboardBottomGapFromScreen = 0; navigationHeight = 0
06-05 18:24:00.476  1560 17042 E MM_OSAL : FileSource::FileSource
06-05 18:24:00.476  1560 17042 E MM_OSAL : FileSource::FileSource m_bEveryThingOK 1
06-05 18:24:00.477  5042  5042 I VoiceImeExtension: VoiceImeExtension.shouldStartVoiceInputAutomatically():371 No private IME option set to start voice input.
06-05 18:24:00.477  5042  5042 I DeviceModeUtil: DeviceModeUtil.getDeviceMode():126 Get device mode phone by ui mode:1 and smallestScreenWidthDp:392
06-05 18:24:00.481  1560 17042 D MediaBufferGroup: creating MemoryDealer
06-05 18:24:00.481  5042  5274 I SpeechPackSlicingStrategy: SpeechPackSlicingStrategy.getSlices():50 getSlices() : ForceUpdates = false : LanguageTags = [en-US]
06-05 18:24:00.481  5042  5274 I SpeechPackSlicingStrategy: SpeechPackSlicingStrategy.getSlices():64 getSlices(): slicing result: {slices=[{gboard-small-speech-packs:en-US-small-rnnt, W:C:*:*, bg}], last batch=true, sync metadata=false}
06-05 18:24:00.482  5042  5274 I SP      : Syncing gboard-small-speech-packs (1327534105) with slices: [{en-US-small-rnnt, W:C:*:*, bg}], metadata: false
06-05 18:24:00.485  7058  7058 D InsetsController: show(ime(), fromIme=true)
06-05 18:24:00.487  5042  5042 I DeviceModeUtil: DeviceModeUtil.getDeviceMode():126 Get device mode phone by ui mode:1 and smallestScreenWidthDp:392
06-05 18:24:00.487  5042  5042 I DeviceModeUtil: DeviceModeUtil.getDeviceMode():126 Get device mode phone by ui mode:1 and smallestScreenWidthDp:392
06-05 18:24:00.487  5042  5042 I NormalModeController: NormalModeController.getKeyboardBodyViewHolderPaddingBottom():111 currentPrimeKeyboardType:SOFT systemPaddingBottom:-1
06-05 18:24:00.489  5042  6529 I Delight5Decoder: Delight5DecoderWrapper.setKeyboardLayout():433 setKeyboardLayout()
06-05 18:24:00.495  7552  7652 I a       : uid:10375 change to active
06-05 18:24:00.497  1757  9129 I GenericSource: start
06-05 18:24:00.498  1757  9129 W Utils   : track of type 'audio/vorbis' does not publish channel mask, channel count 2
06-05 18:24:00.501  1757  9129 W Utils   : track of type 'audio/vorbis' does not publish channel mask, channel count 2
06-05 18:24:00.503   975  1043 D audio_hw_primary: adev_get_parameters:is_hw_dec_session_available
06-05 18:24:00.504   975  1043 D soundtrigger: audio_extn_sound_trigger_get_parameters input string<is_hw_dec_session_available=>
06-05 18:24:00.504   975  1043 D soundtrigger: extract_sm_handle input string <is_hw_dec_session_available=> param string <is_hw_dec_session_available=>
06-05 18:24:00.504   975  1043 D audio_hw_extn: audio_extn_fm_get_parameters: Enter
06-05 18:24:00.504   975  1043 D audio_hw_extn: audio_extn_get_parameters: returns
06-05 18:24:00.504   975  1043 V msm8974_platform: platform_get_parameters: exit: returns -
06-05 18:24:00.504   975  1043 D audio_hw_primary: adev_get_parameters: exit: returns -
06-05 18:24:00.504  5042  5274 I SP      : Sync for gboard-small-speech-packs succeeded in 22 ms: no changes
06-05 18:24:00.504  5042  5274 I SP      : GC for 'gboard-small-speech-packs' (10) with ttl of 0 ms took 0 ms (0/0/0)
06-05 18:24:00.504  1103  1103 I hash_map_utils: system/bt/osi/src/hash_map_utils.cc:81 hash_map_utils_dump_string_keys_string_values: key: 'is_hw_dec_session_available' value: 'audio/vorbis'
06-05 18:24:00.508  4385  4385 D BoundBrokerSvc: onBind: Intent { act=com.google.android.gms.common.BIND_SHARED_PREFS pkg=com.google.android.gms }
