06-05 18:27:10.272  1582 11127 I OMX-VDEC-1080P: set_frame_rate: the current time is 182710
06-05 18:27:10.305  1582 11127 I OMX-VDEC-1080P: set_frame_rate: the current time is 182710
06-05 18:27:10.340  1582 11127 I OMX-VDEC-1080P: set_frame_rate: the current time is 182710
06-05 18:27:10.372  1582 11127 I OMX-VDEC-1080P: set_frame_rate: the current time is 182710
06-05 18:27:10.405  1582 11127 I OMX-VDEC-1080P: set_frame_rate: the current time is 182710
06-05 18:27:10.439  1582 11127 I OMX-VDEC-1080P: set_frame_rate: the current time is 182710
06-05 18:27:10.472  1582 11127 I OMX-VDEC-1080P: set_frame_rate: the current time is 182710
06-05 18:27:10.505  1582 11127 I OMX-VDEC-1080P: set_frame_rate: the current time is 182710
06-05 18:27:10.539  1582 11127 I OMX-VDEC-1080P: set_frame_rate: the current time is 182710
06-05 18:27:10.572  1582 11127 I OMX-VDEC-1080P: set_frame_rate: the current time is 182710
06-05 18:27:10.605  1582 11127 I OMX-VDEC-1080P: set_frame_rate: the current time is 182710
06-05 18:27:10.638  1582 11127 I OMX-VDEC-1080P: set_frame_rate: the current time is 182710
06-05 18:27:10.672  1582 11127 I OMX-VDEC-1080P: set_frame_rate: the current time is 182710
06-05 18:27:10.704  1582 11127 I OMX-VDEC-1080P: set_frame_rate: the current time is 182710
06-05 18:27:10.738  1582 11127 I OMX-VDEC-1080P: set_frame_rate: the current time is 182710
06-05 18:27:10.771  1582 11127 I OMX-VDEC-1080P: set_frame_rate: the current time is 182710
06-05 18:27:10.804  1582 11127 I OMX-VDEC-1080P: set_frame_rate: the current time is 182710
06-05 18:27:10.838  1582 11127 I OMX-VDEC-1080P: set_frame_rate: the current time is 182710
06-05 18:27:10.871  1582 11127 I OMX-VDEC-1080P: set_frame_rate: the current time is 182710
06-05 18:27:10.904  1582 11127 I OMX-VDEC-1080P: set_frame_rate: the current time is 182710
06-05 18:27:10.938  1582 11127 I OMX-VDEC-1080P: set_frame_rate: the current time is 182710
06-05 18:27:10.971  1582 11127 I OMX-VDEC-1080P: set_frame_rate: the current time is 182710
06-05 18:27:11.005  1582 11127 I OMX-VDEC-1080P: set_frame_rate: the current time is 182711
06-05 18:27:11.015  2999  3462 D MI_RIL_OEM_HOOK: onPkHookCommonMsg, msg_id = 65
06-05 18:27:11.015  2999  3462 D MI_RIL_OEM_HOOK: onGetHookMsgBytes, HOOK_HEAD_SIZE = 16, msg_len = 4
06-05 18:27:11.015  2999  3462 D MI_RIL_OEM_HOOK: onHookSendSync, phoneId = 0
06-05 18:27:11.016  2930  2930 D QcrilMsgTunnelIfaceManager: handleMessage what = 1
06-05 18:27:11.017  2930  2930 I QcrilOemhookMsgTunnel: [0]invokeOemRilRequestRaw: serial=2102 length=36
06-05 18:27:11.038  1582 11127 I OMX-VDEC-1080P: set_frame_rate: the current time is 182711
06-05 18:27:11.056  1793  2006 D XIAOMI_QCRIL: RIL[lib][xiaomi_extend_nvefs.c:52] xiaomi_qmi_result_map: xiaomi_qmi_result_map, old_result 0, new_result 0
06-05 18:27:11.057  2930  3267 I QcrilOemhookMsgTunnel: [0]processOemHookResponse serial no: 2102 error: 0length=16
06-05 18:27:11.058  2930  2930 D QcrilMsgTunnelIfaceManager: handleMessage what = 2
06-05 18:27:11.058  2999  3462 D QC_RIL_OEM_HOOK: sendOemRilRequestRaw returns value = 16
06-05 18:27:11.058  2999  3462 D ModemSarController_8250: type = 65, len = 4, value = 0
06-05 18:27:11.071  1582 11127 I OMX-VDEC-1080P: set_frame_rate: the current time is 182711
06-05 18:27:11.103  1582 11127 I OMX-VDEC-1080P: set_frame_rate: the current time is 182711
06-05 18:27:11.139  1582 11127 I OMX-VDEC-1080P: set_frame_rate: the current time is 182711
06-05 18:27:11.171  1582 11127 I OMX-VDEC-1080P: set_frame_rate: the current time is 182711
06-05 18:27:11.205  1582 11127 I OMX-VDEC-1080P: set_frame_rate: the current time is 182711
06-05 18:27:11.239  1582 11127 I OMX-VDEC-1080P: set_frame_rate: the current time is 182711
06-05 18:27:11.271  1582 11127 I OMX-VDEC-1080P: set_frame_rate: the current time is 182711
06-05 18:27:11.303  1582 11127 I OMX-VDEC-1080P: set_frame_rate: the current time is 182711
06-05 18:27:11.337  1582 11127 I OMX-VDEC-1080P: set_frame_rate: the current time is 182711
06-05 18:27:11.370  1582 11127 I OMX-VDEC-1080P: set_frame_rate: the current time is 182711
06-05 18:27:11.403  1582 11127 I OMX-VDEC-1080P: set_frame_rate: the current time is 182711
06-05 18:27:11.439  1582 11127 I OMX-VDEC-1080P: set_frame_rate: the current time is 182711
06-05 18:27:11.472  1582 11127 I OMX-VDEC-1080P: set_frame_rate: the current time is 182711
06-05 18:27:11.505  1582 11127 I OMX-VDEC-1080P: set_frame_rate: the current time is 182711
06-05 18:27:11.538  1582 11127 I OMX-VDEC-1080P: set_frame_rate: the current time is 182711
06-05 18:27:11.570  1582 11127 I OMX-VDEC-1080P: set_frame_rate: the current time is 182711
06-05 18:27:11.604  1582 11127 I OMX-VDEC-1080P: set_frame_rate: the current time is 182711
06-05 18:27:11.639  1582 11127 I OMX-VDEC-1080P: set_frame_rate: the current time is 182711
06-05 18:27:11.671  1582 11127 I OMX-VDEC-1080P: set_frame_rate: the current time is 182711
06-05 18:27:11.713  1582 11127 I OMX-VDEC-1080P: set_frame_rate: the current time is 182711
06-05 18:27:11.738  1582 11127 I OMX-VDEC-1080P: set_frame_rate: the current time is 182711
06-05 18:27:11.771  1582 11127 I OMX-VDEC-1080P: set_frame_rate: the current time is 182711
06-05 18:27:11.804  1582 11127 I OMX-VDEC-1080P: set_frame_rate: the current time is 182711
06-05 18:27:11.837  1582 11127 I OMX-VDEC-1080P: set_frame_rate: the current time is 182711
06-05 18:27:11.871  1582 11127 I OMX-VDEC-1080P: set_frame_rate: the current time is 182711
06-05 18:27:11.904  1582 11127 I OMX-VDEC-1080P: set_frame_rate: the current time is 182711
06-05 18:27:11.940  1582 11127 I OMX-VDEC-1080P: set_frame_rate: the current time is 182711
06-05 18:27:11.972  1582 11127 I OMX-VDEC-1080P: set_frame_rate: the current time is 182711
06-05 18:27:12.004  1582 11127 I OMX-VDEC-1080P: set_frame_rate: the current time is 182712
06-05 18:27:12.039  1582 11127 I OMX-VDEC-1080P: set_frame_rate: the current time is 182712
06-05 18:27:12.072  1582 11127 I OMX-VDEC-1080P: set_frame_rate: the current time is 182712
06-05 18:27:12.104  1582 11127 I OMX-VDEC-1080P: set_frame_rate: the current time is 182712
06-05 18:27:12.140  1582 11127 I OMX-VDEC-1080P: set_frame_rate: the current time is 182712
06-05 18:27:12.171  1582 11127 I OMX-VDEC-1080P: set_frame_rate: the current time is 182712
06-05 18:27:12.205  1582 11127 I OMX-VDEC-1080P: set_frame_rate: the current time is 182712
06-05 18:27:12.239  1582 11127 I OMX-VDEC-1080P: set_frame_rate: the current time is 182712
06-05 18:27:12.272  1582 11127 I OMX-VDEC-1080P: set_frame_rate: the current time is 182712
06-05 18:27:12.305  1582 11127 I OMX-VDEC-1080P: set_frame_rate: the current time is 182712
06-05 18:27:12.341  1582 11127 I OMX-VDEC-1080P: set_frame_rate: the current time is 182712
06-05 18:27:12.373  1582 11127 I OMX-VDEC-1080P: set_frame_rate: the current time is 182712
06-05 18:27:12.405  1582 11127 I OMX-VDEC-1080P: set_frame_rate: the current time is 182712
06-05 18:27:12.439  1582 11127 I OMX-VDEC-1080P: set_frame_rate: the current time is 182712
06-05 18:27:12.471  1582 11127 I OMX-VDEC-1080P: set_frame_rate: the current time is 182712
06-05 18:27:12.512  1582 11127 I OMX-VDEC-1080P: set_frame_rate: the current time is 182712
06-05 18:27:12.539  1582 11127 I OMX-VDEC-1080P: set_frame_rate: the current time is 182712
06-05 18:27:12.572  1582 11127 I OMX-VDEC-1080P: set_frame_rate: the current time is 182712
06-05 18:27:12.605  1582 11127 I OMX-VDEC-1080P: set_frame_rate: the current time is 182712
06-05 18:27:12.639  1582 11127 I OMX-VDEC-1080P: set_frame_rate: the current time is 182712
06-05 18:27:12.674  4226  6018 I CarrierServices: [60] cfi.c: Connected state: [1], networkType: [WIFI]
06-05 18:27:12.675  1582 11127 I OMX-VDEC-1080P: set_frame_rate: the current time is 182712
06-05 18:27:12.703  1582 11127 I OMX-VDEC-1080P: set_frame_rate: the current time is 182712
06-05 18:27:12.739  1582 11127 I OMX-VDEC-1080P: set_frame_rate: the current time is 182712
06-05 18:27:12.771  1582 11127 I OMX-VDEC-1080P: set_frame_rate: the current time is 182712
06-05 18:27:12.803  1582 11127 I OMX-VDEC-1080P: set_frame_rate: the current time is 182712
06-05 18:27:12.837  1582 11127 I OMX-VDEC-1080P: set_frame_rate: the current time is 182712
06-05 18:27:12.870  1582 11127 I OMX-VDEC-1080P: set_frame_rate: the current time is 182712
06-05 18:27:12.911  1582 11127 I OMX-VDEC-1080P: set_frame_rate: the current time is 182712
06-05 18:27:12.938  1582 11127 I OMX-VDEC-1080P: set_frame_rate: the current time is 182712
06-05 18:27:12.952  3143 10579 I CastDatabase: Saving the database
06-05 18:27:12.956  3143 10579 E SQLiteCastStore: Skip saving CastDeviceInfo: "Nearby device" (__cast_nearby___V_1e4a61ca-9869-48dc-8e18-cb7209112b36)
06-05 18:27:12.956  3143 10579 I SQLiteCastStore: [CastNetworkInfo] saved: 0, skipped: 0, [CastDeviceInfo]: saved 0, skipped 1, [Paired Guest Mode DeviceInfo] saved: 0, skipped: 0. [ProbedNetworks]: saved 0, skipped: 0, [ProbedSocketAddress]: saved 0, skipped: 0, [Network-Device pairs]: saved: 0
06-05 18:27:12.970  1582 11127 I OMX-VDEC-1080P: set_frame_rate: the current time is 182712
06-05 18:27:13.003  1582 11127 I OMX-VDEC-1080P: set_frame_rate: the current time is 182713
06-05 18:27:13.038  1582 11127 I OMX-VDEC-1080P: set_frame_rate: the current time is 182713
06-05 18:27:13.071  1582 11127 I OMX-VDEC-1080P: set_frame_rate: the current time is 182713
06-05 18:27:13.104  1582 11127 I OMX-VDEC-1080P: set_frame_rate: the current time is 182713
06-05 18:27:13.139  1582 11127 I OMX-VDEC-1080P: set_frame_rate: the current time is 182713
06-05 18:27:13.171  1582 11127 I OMX-VDEC-1080P: set_frame_rate: the current time is 182713
06-05 18:27:13.204  1582 11127 I OMX-VDEC-1080P: set_frame_rate: the current time is 182713
06-05 18:27:13.238  1582 11127 I OMX-VDEC-1080P: set_frame_rate: the current time is 182713
06-05 18:27:13.271  1582 11127 I OMX-VDEC-1080P: set_frame_rate: the current time is 182713
06-05 18:27:13.304  1582 11127 I OMX-VDEC-1080P: set_frame_rate: the current time is 182713
06-05 18:27:13.338  1582 11127 I OMX-VDEC-1080P: set_frame_rate: the current time is 182713
06-05 18:27:13.372  1582 11127 I OMX-VDEC-1080P: set_frame_rate: the current time is 182713
06-05 18:27:13.403  1582 11127 I OMX-VDEC-1080P: set_frame_rate: the current time is 182713
06-05 18:27:13.438  1582 11127 I OMX-VDEC-1080P: set_frame_rate: the current time is 182713
06-05 18:27:13.470  1582 11127 I OMX-VDEC-1080P: set_frame_rate: the current time is 182713
06-05 18:27:13.503  1582 11127 I OMX-VDEC-1080P: set_frame_rate: the current time is 182713
06-05 18:27:13.537  1582 11127 I OMX-VDEC-1080P: set_frame_rate: the current time is 182713
06-05 18:27:13.570  1582 11127 I OMX-VDEC-1080P: set_frame_rate: the current time is 182713
06-05 18:27:13.604  1582 11127 I OMX-VDEC-1080P: set_frame_rate: the current time is 182713
06-05 18:27:13.638  1582 11127 I OMX-VDEC-1080P: set_frame_rate: the current time is 182713
06-05 18:27:13.671  1582 11127 I OMX-VDEC-1080P: set_frame_rate: the current time is 182713
06-05 18:27:13.704  1582 11127 I OMX-VDEC-1080P: set_frame_rate: the current time is 182713
06-05 18:27:13.738  1582 11127 I OMX-VDEC-1080P: set_frame_rate: the current time is 182713
06-05 18:27:13.771  1582 11127 I OMX-VDEC-1080P: set_frame_rate: the current time is 182713
06-05 18:27:13.804  1582 11127 I OMX-VDEC-1080P: set_frame_rate: the current time is 182713
06-05 18:27:13.838  1582 11127 I OMX-VDEC-1080P: set_frame_rate: the current time is 182713
06-05 18:27:13.871  1582 11127 I OMX-VDEC-1080P: set_frame_rate: the current time is 182713
06-05 18:27:13.904  1582 11127 I OMX-VDEC-1080P: set_frame_rate: the current time is 182713
06-05 18:27:13.941  1582 11127 I OMX-VDEC-1080P: set_frame_rate: the current time is 182713
06-05 18:27:13.971  1582 11127 I OMX-VDEC-1080P: set_frame_rate: the current time is 182713
06-05 18:27:14.004  1582 11127 I OMX-VDEC-1080P: set_frame_rate: the current time is 182714
06-05 18:27:14.039  1582 11127 I OMX-VDEC-1080P: set_frame_rate: the current time is 182714
06-05 18:27:14.072  1582 11127 I OMX-VDEC-1080P: set_frame_rate: the current time is 182714
06-05 18:27:14.105  1582 11127 I OMX-VDEC-1080P: set_frame_rate: the current time is 182714
06-05 18:27:14.105  1582 11127 I OMX-VDEC-1080P: set_frame_rate: the current time is 182714
06-05 18:27:14.105  1582 11127 I OMX-VDEC-1080P: set_frame_rate: the current time is 182714
06-05 18:27:14.205  1582 11127 I OMX-VDEC-1080P: set_frame_rate: the current time is 182714
06-05 18:27:14.238  1582 11127 I OMX-VDEC-1080P: set_frame_rate: the current time is 182714
06-05 18:27:14.271  1582 11127 I OMX-VDEC-1080P: set_frame_rate: the current time is 182714
06-05 18:27:14.305  1582 11127 I OMX-VDEC-1080P: set_frame_rate: the current time is 182714
06-05 18:27:14.341  1582 11127 I OMX-VDEC-1080P: set_frame_rate: the current time is 182714
06-05 18:27:14.373  1582 11127 I OMX-VDEC-1080P: set_frame_rate: the current time is 182714
06-05 18:27:14.403  1582 11127 I OMX-VDEC-1080P: set_frame_rate: the current time is 182714
06-05 18:27:14.426  6316  6316 I BatteryInfoReceiver: ACTION_BATTERY_CHANGED
06-05 18:27:14.428  2999  2999 D DynamicService:  ACTION_BATTERY_CHANGED change,USB plug = 2
06-05 18:27:14.429  7552  7931 D ThermalIECHandler: storeDataStyle: thermal_iec_monitor_persistence_data_style_iec_state; startIECTime: -1; IECScreenOffOverPeriodTime: -1
06-05 18:27:14.430  2992  2992 V DeviceStatisticsService: chargerType=2 batteryLevel=56 totalBatteryCapacity=4255000
06-05 18:27:14.430  2992  2992 D DeviceInfoHidlClient: isRadioOn()=true
06-05 18:27:14.430  2992  2992 I DeviceInfoHidlClient: isPowerInfoNeverSent=false batteryLevel=56 batteryLevelIndex=2 chargingMode=2 totalCapacity=4255000 powerSaveMode=false
06-05 18:27:14.431  7552  7645 D PowerKeeper.Thermal: mBatteryTemperature: 40
06-05 18:27:14.431  7552  7857 D PowerCheckerService: onBatteryChanged, mBatteryLevel = 56, status = 2, level = 56, plug = 2, scale = 100
06-05 18:27:14.440  1582 11127 I OMX-VDEC-1080P: set_frame_rate: the current time is 182714
06-05 18:27:14.471  1582 11127 I OMX-VDEC-1080P: set_frame_rate: the current time is 182714
06-05 18:27:14.511  1582 11127 I OMX-VDEC-1080P: set_frame_rate: the current time is 182714
06-05 18:27:14.540  1582 11127 I OMX-VDEC-1080P: set_frame_rate: the current time is 182714
06-05 18:27:14.571  1582 11127 I OMX-VDEC-1080P: set_frame_rate: the current time is 182714
06-05 18:27:14.605  1582 11127 I OMX-VDEC-1080P: set_frame_rate: the current time is 182714
06-05 18:27:14.638  1582 11127 I OMX-VDEC-1080P: set_frame_rate: the current time is 182714
06-05 18:27:14.671  1582 11127 I OMX-VDEC-1080P: set_frame_rate: the current time is 182714
06-05 18:27:14.704  1582 11127 I OMX-VDEC-1080P: set_frame_rate: the current time is 182714
06-05 18:27:14.739  1582 11127 I OMX-VDEC-1080P: set_frame_rate: the current time is 182714
06-05 18:27:14.772  1582 11127 I OMX-VDEC-1080P: set_frame_rate: the current time is 182714
06-05 18:27:14.803  1582 11127 I OMX-VDEC-1080P: set_frame_rate: the current time is 182714
06-05 18:27:14.838  1582 11127 I OMX-VDEC-1080P: set_frame_rate: the current time is 182714
06-05 18:27:14.871  1582 11127 I OMX-VDEC-1080P: set_frame_rate: the current time is 182714
06-05 18:27:14.912  1582 11127 I OMX-VDEC-1080P: set_frame_rate: the current time is 182714
06-05 18:27:14.940  1582 11127 I OMX-VDEC-1080P: set_frame_rate: the current time is 182714
06-05 18:27:14.971  1582 11127 I OMX-VDEC-1080P: set_frame_rate: the current time is 182714
06-05 18:27:15.004  1582 11127 I OMX-VDEC-1080P: set_frame_rate: the current time is 182715
06-05 18:27:15.039  1582 11127 I OMX-VDEC-1080P: set_frame_rate: the current time is 182715
06-05 18:27:15.071  1582 11127 I OMX-VDEC-1080P: set_frame_rate: the current time is 182715
06-05 18:27:15.104  1582 11127 I OMX-VDEC-1080P: set_frame_rate: the current time is 182715
06-05 18:27:15.141  1582 11127 I OMX-VDEC-1080P: set_frame_rate: the current time is 182715
06-05 18:27:15.141  1582 11127 I OMX-VDEC-1080P: set_frame_rate: the current time is 182715
06-05 18:27:15.141  1582 11127 I OMX-VDEC-1080P: set_frame_rate: the current time is 182715
06-05 18:27:15.141  1582 11127 I OMX_VPP : OMX_EventBufferFlag 1
06-05 18:27:15.502  1582 27136 I OMX_VPP : send_command In 1 param1 -1
06-05 18:27:15.502  1582 27136 I OMX_VPP : send_command FakeFlush
06-05 18:27:15.502  1582 27136 I OMX_VPP : VppOmxComponent::clearVppFakeBufs size 15
06-05 18:27:15.502  1582 27136 I OMX_VPP : VppEvent 1
06-05 18:27:15.502  1582 27136 I OMX_VPP : FakeFlush e.flush_done.port:0
06-05 18:27:15.502  1582 27136 I OMX_VPP : VppOmxComponent::clearVppFakeBufs size 0
06-05 18:27:15.502  1582 27136 I OMX_VPP : VppEvent 1
06-05 18:27:15.503  1582 27136 I OMX_VPP : FakeFlush e.flush_done.port:1
06-05 18:27:15.504 18541 11125 W AHierarchicalStateMachine: Warning message AMessage(what = 'omxI') = {
06-05 18:27:15.504 18541 11125 W AHierarchicalStateMachine:   int32_t type = 0
06-05 18:27:15.504 18541 11125 W AHierarchicalStateMachine:   int32_t event = 4
06-05 18:27:15.504 18541 11125 W AHierarchicalStateMachine:   int32_t data1 = 1
06-05 18:27:15.504 18541 11125 W AHierarchicalStateMachine:   int32_t data2 = 1
06-05 18:27:15.504 18541 11125 W AHierarchicalStateMachine: } unhandled in root state.
06-05 18:27:15.506  1582 27136 I OMX_VPP : VppOmxComponent::registerVppFakeBuf buffer with size 1 id 0 ts=0 flags:0
06-05 18:27:15.506  1582  5405 I OMX_VPP : VppOmxComponent::registerVppFakeBuf buffer with size 2 id 1 ts=0 flags:0
06-05 18:27:15.507  1582 28786 I OMX_VPP : VppOmxComponent::registerVppFakeBuf buffer with size 3 id 2 ts=0 flags:0
06-05 18:27:15.507  1582  1739 I OMX_VPP : VppOmxComponent::registerVppFakeBuf buffer with size 4 id 3 ts=0 flags:0
06-05 18:27:15.508  1582  5405 I OMX_VPP : VppOmxComponent::registerVppFakeBuf buffer with size 5 id 4 ts=0 flags:0
06-05 18:27:15.509  1582  5405 I OMX_VPP : VppOmxComponent::registerVppFakeBuf buffer with size 6 id 5 ts=0 flags:0
06-05 18:27:15.509  1582 28786 I OMX_VPP : VppOmxComponent::registerVppFakeBuf buffer with size 7 id 6 ts=0 flags:0
06-05 18:27:15.509  1582 28786 I OMX_VPP : VppOmxComponent::registerVppFakeBuf buffer with size 8 id 7 ts=0 flags:0
06-05 18:27:15.510  1582 27136 I OMX_VPP : VppOmxComponent::registerVppFakeBuf buffer with size 9 id 8 ts=0 flags:0
06-05 18:27:15.510  1582 28786 I OMX_VPP : VppOmxComponent::registerVppFakeBuf buffer with size 10 id 9 ts=0 flags:0
06-05 18:27:15.510  1582  5405 I OMX_VPP : VppOmxComponent::registerVppFakeBuf buffer with size 11 id 10 ts=0 flags:0
06-05 18:27:15.510  1582  1739 I OMX_VPP : VppOmxComponent::registerVppFakeBuf buffer with size 12 id 11 ts=0 flags:0
06-05 18:27:15.510  1582 19467 I OMX_VPP : VppOmxComponent::registerVppFakeBuf buffer with size 13 id 12 ts=0 flags:0
06-05 18:27:15.511  1582 27137 I OMX_VPP : VppOmxComponent::registerVppFakeBuf buffer with size 14 id 13 ts=0 flags:0
06-05 18:27:15.512  1582 27727 I OMX_VPP : VppOmxComponent::registerVppFakeBuf buffer with size 15 id 14 ts=0 flags:0
06-05 18:27:15.517  1582 11127 I OMX-VDEC-1080P: set_frame_rate: the current time is 182715
06-05 18:27:15.517  1582 11127 I OMX-VDEC-1080P: set_frame_rate: the current time is 182715
06-05 18:27:15.518  1582 11127 I OMX-VDEC-1080P: set_frame_rate: the current time is 182715
06-05 18:27:15.518  1582 11127 I OMX-VDEC-1080P: set_frame_rate: the current time is 182715
06-05 18:27:15.518  1582 11127 I OMX-VDEC-1080P: set_frame_rate: the current time is 182715
06-05 18:27:15.519  1582 11127 I OMX-VDEC-1080P: set_frame_rate: the current time is 182715
06-05 18:27:15.520  1582 11127 I OMX-VDEC-1080P: set_frame_rate: the current time is 182715
06-05 18:27:15.520  1582 11127 I OMX-VDEC-1080P: set_frame_rate: the current time is 182715
06-05 18:27:15.520  1582 11127 I OMX-VDEC-1080P: set_frame_rate: the current time is 182715
06-05 18:27:15.546  1582 11127 I OMX-VDEC-1080P: set_frame_rate: the current time is 182715
06-05 18:27:15.582  1582 11127 I OMX-VDEC-1080P: set_frame_rate: the current time is 182715
06-05 18:27:15.609  1582 11127 I OMX-VDEC-1080P: set_frame_rate: the current time is 182715
06-05 18:27:15.642  1582 11127 I OMX-VDEC-1080P: set_frame_rate: the current time is 182715
06-05 18:27:15.675  1582 11127 I OMX-VDEC-1080P: set_frame_rate: the current time is 182715
06-05 18:27:15.710  1582 11127 I OMX-VDEC-1080P: set_frame_rate: the current time is 182715
06-05 18:27:15.743  1582 11127 I OMX-VDEC-1080P: set_frame_rate: the current time is 182715
06-05 18:27:15.777  1582 11127 I OMX-VDEC-1080P: set_frame_rate: the current time is 182715
06-05 18:27:15.811  1582 11127 I OMX-VDEC-1080P: set_frame_rate: the current time is 182715
06-05 18:27:15.844  1582 11127 I OMX-VDEC-1080P: set_frame_rate: the current time is 182715
06-05 18:27:15.876  1582 11127 I OMX-VDEC-1080P: set_frame_rate: the current time is 182715
06-05 18:27:15.910  1582 11127 I OMX-VDEC-1080P: set_frame_rate: the current time is 182715
06-05 18:27:15.943  4385  4385 D BoundBrokerSvc: onUnbind: Intent { act=com.google.android.gms.measurement.START pkg=com.google.android.gms }
06-05 18:27:15.947  1850  2634 I MiuiNetworkPolicy: updateUidState uid = 10188, uidState = 5
06-05 18:27:15.947  1582 11127 I OMX-VDEC-1080P: set_frame_rate: the current time is 182715
06-05 18:27:15.979  1582 11127 I OMX-VDEC-1080P: set_frame_rate: the current time is 182715
06-05 18:27:16.011  1582 11127 I OMX-VDEC-1080P: set_frame_rate: the current time is 182716
06-05 18:27:16.043  1582 11127 I OMX-VDEC-1080P: set_frame_rate: the current time is 182716
06-05 18:27:16.059  2999  3462 D MI_RIL_OEM_HOOK: onPkHookCommonMsg, msg_id = 65
06-05 18:27:16.059  2999  3462 D MI_RIL_OEM_HOOK: onGetHookMsgBytes, HOOK_HEAD_SIZE = 16, msg_len = 4
06-05 18:27:16.059  2999  3462 D MI_RIL_OEM_HOOK: onHookSendSync, phoneId = 0
06-05 18:27:16.060  2930  2930 D QcrilMsgTunnelIfaceManager: handleMessage what = 1
06-05 18:27:16.060  2930  2930 I QcrilOemhookMsgTunnel: [0]invokeOemRilRequestRaw: serial=2103 length=36
06-05 18:27:16.076  1582 11127 I OMX-VDEC-1080P: set_frame_rate: the current time is 182716
06-05 18:27:16.103  1793  2006 D XIAOMI_QCRIL: RIL[lib][xiaomi_extend_nvefs.c:52] xiaomi_qmi_result_map: xiaomi_qmi_result_map, old_result 0, new_result 0
06-05 18:27:16.104  2930  3267 I QcrilOemhookMsgTunnel: [0]processOemHookResponse serial no: 2103 error: 0length=16
06-05 18:27:16.104  2930  2930 D QcrilMsgTunnelIfaceManager: handleMessage what = 2
06-05 18:27:16.106  2999  3462 D QC_RIL_OEM_HOOK: sendOemRilRequestRaw returns value = 16
06-05 18:27:16.106  2999  3462 D ModemSarController_8250: type = 65, len = 4, value = 0
06-05 18:27:16.111  1582 11127 I OMX-VDEC-1080P: set_frame_rate: the current time is 182716
06-05 18:27:16.151  1582 11127 I OMX-VDEC-1080P: set_frame_rate: the current time is 182716
06-05 18:27:16.177  1582 11127 I OMX-VDEC-1080P: set_frame_rate: the current time is 182716
06-05 18:27:16.211  1582 11127 I OMX-VDEC-1080P: set_frame_rate: the current time is 182716
06-05 18:27:16.243  1582 11127 I OMX-VDEC-1080P: set_frame_rate: the current time is 182716
06-05 18:27:16.276  1582 11127 I OMX-VDEC-1080P: set_frame_rate: the current time is 182716
06-05 18:27:16.310  1582 11127 I OMX-VDEC-1080P: set_frame_rate: the current time is 182716
06-05 18:27:16.344  1582 11127 I OMX-VDEC-1080P: set_frame_rate: the current time is 182716
06-05 18:27:16.376  1582 11127 I OMX-VDEC-1080P: set_frame_rate: the current time is 182716
06-05 18:27:16.411  1582 11127 I OMX-VDEC-1080P: set_frame_rate: the current time is 182716
06-05 18:27:16.442  1582 11127 I OMX-VDEC-1080P: set_frame_rate: the current time is 182716
06-05 18:27:16.476  1582 11127 I OMX-VDEC-1080P: set_frame_rate: the current time is 182716
06-05 18:27:16.510  1582 11127 I OMX-VDEC-1080P: set_frame_rate: the current time is 182716
06-05 18:27:16.543  1582 11127 I OMX-VDEC-1080P: set_frame_rate: the current time is 182716
06-05 18:27:16.576  1582 11127 I OMX-VDEC-1080P: set_frame_rate: the current time is 182716
06-05 18:27:16.610  1582 11127 I OMX-VDEC-1080P: set_frame_rate: the current time is 182716
06-05 18:27:16.643  1582 11127 I OMX-VDEC-1080P: set_frame_rate: the current time is 182716
06-05 18:27:16.676  1582 11127 I OMX-VDEC-1080P: set_frame_rate: the current time is 182716
06-05 18:27:16.710  1582 11127 I OMX-VDEC-1080P: set_frame_rate: the current time is 182716
06-05 18:27:16.713  7552  7931 D ThermalIECHandler: storeDataStyle: thermal_iec_monitor_persistence_data_style_iec_state; startIECTime: -1; IECScreenOffOverPeriodTime: -1
06-05 18:27:16.715  6316  6316 I BatteryInfoReceiver: ACTION_BATTERY_CHANGED
06-05 18:27:16.715  2999  2999 D DynamicService:  ACTION_BATTERY_CHANGED change,USB plug = 2
06-05 18:27:16.717  2992  2992 V DeviceStatisticsService: chargerType=2 batteryLevel=56 totalBatteryCapacity=4255000
06-05 18:27:16.718  7552  7645 D PowerKeeper.Thermal: mBatteryTemperature: 40
06-05 18:27:16.718  7552  7857 D PowerCheckerService: onBatteryChanged, mBatteryLevel = 56, status = 2, level = 56, plug = 2, scale = 100
06-05 18:27:16.742  1582 11127 I OMX-VDEC-1080P: set_frame_rate: the current time is 182716
06-05 18:27:16.775  1582 11127 I OMX-VDEC-1080P: set_frame_rate: the current time is 182716
06-05 18:27:16.809  1582 11127 I OMX-VDEC-1080P: set_frame_rate: the current time is 182716
06-05 18:27:16.843  1582 11127 I OMX-VDEC-1080P: set_frame_rate: the current time is 182716
06-05 18:27:16.875  1582 11127 I OMX-VDEC-1080P: set_frame_rate: the current time is 182716
06-05 18:27:16.909  1582 11127 I OMX-VDEC-1080P: set_frame_rate: the current time is 182716
06-05 18:27:16.942  1582 11127 I OMX-VDEC-1080P: set_frame_rate: the current time is 182716
06-05 18:27:16.975  1582 11127 I OMX-VDEC-1080P: set_frame_rate: the current time is 182716
06-05 18:27:17.009  1582 11127 I OMX-VDEC-1080P: set_frame_rate: the current time is 182717
06-05 18:27:17.042  1582 11127 I OMX-VDEC-1080P: set_frame_rate: the current time is 182717
06-05 18:27:17.075  1582 11127 I OMX-VDEC-1080P: set_frame_rate: the current time is 182717
06-05 18:27:17.111  1582 11127 I OMX-VDEC-1080P: set_frame_rate: the current time is 182717
06-05 18:27:17.143  1582 11127 I OMX-VDEC-1080P: set_frame_rate: the current time is 182717
06-05 18:27:17.170  3019  3510 I android_os_HwBinder: HwBinder: Starting thread pool for getting: vendor.xiaomi.hardware.micharge@1.0::IMiCharge/default
06-05 18:27:17.173  1062  1128 E vendor.xiaomi.hardware.micharge@1.0-service: Failed to open node /sys/class/power_supply/wireless/reverse_chg_mode
06-05 18:27:17.173  1062  1128 I vendor.xiaomi.hardware.micharge@1.0-service: ReadFilePathValue path = /sys/class/power_supply/wireless/reverse_chg_mode value =
06-05 18:27:17.176  1582 11127 I OMX-VDEC-1080P: set_frame_rate: the current time is 182717
06-05 18:27:17.188  3019  3510 D DolbyAtomsSoundEffectTile: setListening: true
06-05 18:27:17.188  3019  3510 D DolbyAtomsSoundEffectTile: initDolbyAtomsEffect:
06-05 18:27:17.192  3019  3510 I DolbyAudioEffect: Creating a DolbyAudioEffect to global output mix!
06-05 18:27:17.192  3019  3510 I DiracUtils: new MiSoundUtils.
06-05 18:27:17.192  3019  3510 I MiSoundUtils: initialize, mInitialized=false
06-05 18:27:17.194  3019  3510 D DolbyAtomsSoundEffectTile: Registering receiver
06-05 18:27:17.196  3019  3510 D DolbyAtomsSoundEffectTile: setListening: true
06-05 18:27:17.196  3019  3510 D DolbyAtomsSoundEffectTile: setListening: true
06-05 18:27:17.199  3019  3510 I android_os_HwBinder: HwBinder: Starting thread pool for getting: vendor.xiaomi.hardware.micharge@1.0::IMiCharge/default
06-05 18:27:17.199  1062  1128 E vendor.xiaomi.hardware.micharge@1.0-service: Failed to open node /sys/class/power_supply/wireless/reverse_chg_mode
06-05 18:27:17.199  1062  1128 I vendor.xiaomi.hardware.micharge@1.0-service: ReadFilePathValue path = /sys/class/power_supply/wireless/reverse_chg_mode value =
06-05 18:27:17.200  3019  3510 D DolbyAtomsSoundEffectTile: refreshState:
06-05 18:27:17.200   975  2315 D DlbDlbEffect: effectCommand(handle=0xf202a000, cmdCode=8, cmdSize=16, pCmdData=0xf202c5f0, replySize=28, pReplyData=0xf32280c0)
06-05 18:27:17.203  3019  3510 I android_os_HwBinder: HwBinder: Starting thread pool for getting: vendor.xiaomi.hardware.micharge@1.0::IMiCharge/default
06-05 18:27:17.203  1062  1128 E vendor.xiaomi.hardware.micharge@1.0-service: Failed to open node /sys/class/power_supply/wireless/reverse_chg_mode
06-05 18:27:17.203  1062  1128 I vendor.xiaomi.hardware.micharge@1.0-service: ReadFilePathValue path = /sys/class/power_supply/wireless/reverse_chg_mode value =
06-05 18:27:17.204  3019  3510 D DolbyAtomsSoundEffectTile: refreshState:
06-05 18:27:17.204   975  2315 D DlbDlbEffect: effectCommand(handle=0xf202a000, cmdCode=8, cmdSize=16, pCmdData=0xf202c5f0, replySize=28, pReplyData=0xf32280c0)
06-05 18:27:17.205  3019  3510 I android_os_HwBinder: HwBinder: Starting thread pool for getting: vendor.xiaomi.hardware.micharge@1.0::IMiCharge/default
06-05 18:27:17.205  1062  1128 E vendor.xiaomi.hardware.micharge@1.0-service: Failed to open node /sys/class/power_supply/wireless/reverse_chg_mode
06-05 18:27:17.205  1062  1128 I vendor.xiaomi.hardware.micharge@1.0-service: ReadFilePathValue path = /sys/class/power_supply/wireless/reverse_chg_mode value =
06-05 18:27:17.206  3019  3510 D DolbyAtomsSoundEffectTile: refreshState:
06-05 18:27:17.206   975  2315 D DlbDlbEffect: effectCommand(handle=0xf202a000, cmdCode=8, cmdSize=16, pCmdData=0xf202c5f0, replySize=28, pReplyData=0xf32280c0)
06-05 18:27:17.207  3019  3510 D DolbyAtomsSoundEffectTile: setListening: false
06-05 18:27:17.207  3019  3510 D DolbyAtomsSoundEffectTile: Unregistering receiver
06-05 18:27:17.207  3019  3510 I MiSoundUtils: release, mInitialized=true
06-05 18:27:17.208  1103  9745 W AudioFlinger::EffectHandle: disconnect Effect handle 0xb400007e13f887a0 disconnected after thread destruction
06-05 18:27:17.208  1103  9745 W AudioFlinger::EffectHandle: disconnect Effect handle 0xb400007d6ab9fcc0 disconnected after thread destruction
06-05 18:27:17.209  3019  3510 D DolbyAtomsSoundEffectTile: setListening: false
06-05 18:27:17.209  3019  3510 D DolbyAtomsSoundEffectTile: setListening: false
06-05 18:27:17.210  1582 11127 I OMX-VDEC-1080P: set_frame_rate: the current time is 182717
06-05 18:27:17.242  1582 11127 I OMX-VDEC-1080P: set_frame_rate: the current time is 182717
06-05 18:27:17.275  1582 11127 I OMX-VDEC-1080P: set_frame_rate: the current time is 182717
06-05 18:27:17.309  1582 11127 I OMX-VDEC-1080P: set_frame_rate: the current time is 182717
06-05 18:27:17.345  1582 11127 I OMX-VDEC-1080P: set_frame_rate: the current time is 182717
06-05 18:27:17.378  1582 11127 I OMX-VDEC-1080P: set_frame_rate: the current time is 182717
06-05 18:27:17.411  1582 11127 I OMX-VDEC-1080P: set_frame_rate: the current time is 182717
06-05 18:27:17.445  1582 11127 I OMX-VDEC-1080P: set_frame_rate: the current time is 182717
06-05 18:27:17.476  1582 11127 I OMX-VDEC-1080P: set_frame_rate: the current time is 182717
06-05 18:27:17.511  1582 11127 I OMX-VDEC-1080P: set_frame_rate: the current time is 182717
06-05 18:27:17.543  1582 11127 I OMX-VDEC-1080P: set_frame_rate: the current time is 182717
06-05 18:27:17.577  1582 11127 I OMX-VDEC-1080P: set_frame_rate: the current time is 182717
06-05 18:27:17.612  1582 11127 I OMX-VDEC-1080P: set_frame_rate: the current time is 182717
06-05 18:27:17.645  1582 11127 I OMX-VDEC-1080P: set_frame_rate: the current time is 182717
06-05 18:27:17.677  1582 11127 I OMX-VDEC-1080P: set_frame_rate: the current time is 182717
06-05 18:27:17.711  1582 11127 I OMX-VDEC-1080P: set_frame_rate: the current time is 182717
06-05 18:27:17.744  1582 11127 I OMX-VDEC-1080P: set_frame_rate: the current time is 182717
06-05 18:27:17.777  1582 11127 I OMX-VDEC-1080P: set_frame_rate: the current time is 182717
06-05 18:27:17.811  1582 11127 I OMX-VDEC-1080P: set_frame_rate: the current time is 182717
06-05 18:27:17.844  1582 11127 I OMX-VDEC-1080P: set_frame_rate: the current time is 182717
06-05 18:27:17.877  1582 11127 I OMX-VDEC-1080P: set_frame_rate: the current time is 182717
06-05 18:27:17.911  1582 11127 I OMX-VDEC-1080P: set_frame_rate: the current time is 182717
06-05 18:27:17.944  1582 11127 I OMX-VDEC-1080P: set_frame_rate: the current time is 182717
06-05 18:27:17.976  1582 11127 I OMX-VDEC-1080P: set_frame_rate: the current time is 182717
06-05 18:27:18.009  1582 11127 I OMX-VDEC-1080P: set_frame_rate: the current time is 182718
06-05 18:27:18.042  1582 11127 I OMX-VDEC-1080P: set_frame_rate: the current time is 182718
06-05 18:27:18.076  1582 11127 I OMX-VDEC-1080P: set_frame_rate: the current time is 182718
06-05 18:27:18.110  1582 11127 I OMX-VDEC-1080P: set_frame_rate: the current time is 182718
06-05 18:27:18.143  1582 11127 I OMX-VDEC-1080P: set_frame_rate: the current time is 182718
06-05 18:27:18.177  1582 11127 I OMX-VDEC-1080P: set_frame_rate: the current time is 182718
06-05 18:27:18.211  1582 11127 I OMX-VDEC-1080P: set_frame_rate: the current time is 182718
06-05 18:27:18.244  1582 11127 I OMX-VDEC-1080P: set_frame_rate: the current time is 182718
06-05 18:27:18.277  1582 11127 I OMX-VDEC-1080P: set_frame_rate: the current time is 182718
06-05 18:27:18.310  1582 11127 I OMX-VDEC-1080P: set_frame_rate: the current time is 182718
06-05 18:27:18.352  1582 11127 I OMX-VDEC-1080P: set_frame_rate: the current time is 182718
06-05 18:27:18.376  1582 11127 I OMX-VDEC-1080P: set_frame_rate: the current time is 182718
06-05 18:27:18.410  1582 11127 I OMX-VDEC-1080P: set_frame_rate: the current time is 182718
06-05 18:27:18.443  1582 11127 I OMX-VDEC-1080P: set_frame_rate: the current time is 182718
06-05 18:27:18.476  1582 11127 I OMX-VDEC-1080P: set_frame_rate: the current time is 182718
06-05 18:27:18.510  1582 11127 I OMX-VDEC-1080P: set_frame_rate: the current time is 182718
06-05 18:27:18.543  1582 11127 I OMX-VDEC-1080P: set_frame_rate: the current time is 182718
06-05 18:27:18.579  1582 11127 I OMX-VDEC-1080P: set_frame_rate: the current time is 182718
06-05 18:27:18.610  1582 11127 I OMX-VDEC-1080P: set_frame_rate: the current time is 182718
06-05 18:27:18.643  1582 11127 I OMX-VDEC-1080P: set_frame_rate: the current time is 182718
06-05 18:27:18.676  1582 11127 I OMX-VDEC-1080P: set_frame_rate: the current time is 182718
06-05 18:27:18.710  1582 11127 I OMX-VDEC-1080P: set_frame_rate: the current time is 182718
06-05 18:27:18.743  1582 11127 I OMX-VDEC-1080P: set_frame_rate: the current time is 182718
06-05 18:27:18.777  1582 11127 I OMX-VDEC-1080P: set_frame_rate: the current time is 182718
06-05 18:27:18.810  1582 11127 I OMX-VDEC-1080P: set_frame_rate: the current time is 182718
06-05 18:27:18.843  1582 11127 I OMX-VDEC-1080P: set_frame_rate: the current time is 182718
06-05 18:27:18.877  1582 11127 I OMX-VDEC-1080P: set_frame_rate: the current time is 182718
06-05 18:27:18.910  1582 11127 I OMX-VDEC-1080P: set_frame_rate: the current time is 182718
06-05 18:27:18.943  1582 11127 I OMX-VDEC-1080P: set_frame_rate: the current time is 182718
06-05 18:27:18.977  1582 11127 I OMX-VDEC-1080P: set_frame_rate: the current time is 182718
06-05 18:27:19.011  1582 11127 I OMX-VDEC-1080P: set_frame_rate: the current time is 182719
06-05 18:27:19.044  1582 11127 I OMX-VDEC-1080P: set_frame_rate: the current time is 182719
06-05 18:27:19.075  1582 11127 I OMX-VDEC-1080P: set_frame_rate: the current time is 182719
06-05 18:27:19.110  1582 11127 I OMX-VDEC-1080P: set_frame_rate: the current time is 182719
06-05 18:27:19.151  1582 11127 I OMX-VDEC-1080P: set_frame_rate: the current time is 182719
06-05 18:27:19.180  1582 11127 I OMX-VDEC-1080P: set_frame_rate: the current time is 182719
06-05 18:27:19.212  1582 11127 I OMX-VDEC-1080P: set_frame_rate: the current time is 182719
06-05 18:27:19.243  1582 11127 I OMX-VDEC-1080P: set_frame_rate: the current time is 182719
06-05 18:27:19.276  1582 11127 I OMX-VDEC-1080P: set_frame_rate: the current time is 182719
06-05 18:27:19.311  1582 11127 I OMX-VDEC-1080P: set_frame_rate: the current time is 182719
06-05 18:27:19.343  1582 11127 I OMX-VDEC-1080P: set_frame_rate: the current time is 182719
06-05 18:27:19.377  1582 11127 I OMX-VDEC-1080P: set_frame_rate: the current time is 182719
06-05 18:27:19.411  1582 11127 I OMX-VDEC-1080P: set_frame_rate: the current time is 182719
06-05 18:27:19.411  1582 11127 I OMX-VDEC-1080P: set_frame_rate: the current time is 182719
06-05 18:27:19.411  1582 11127 I OMX-VDEC-1080P: set_frame_rate: the current time is 182719
06-05 18:27:19.511  1582 11127 I OMX-VDEC-1080P: set_frame_rate: the current time is 182719
06-05 18:27:19.552  1582 11127 I OMX-VDEC-1080P: set_frame_rate: the current time is 182719
06-05 18:27:19.577  1582 11127 I OMX-VDEC-1080P: set_frame_rate: the current time is 182719
06-05 18:27:19.611  1582 11127 I OMX-VDEC-1080P: set_frame_rate: the current time is 182719
06-05 18:27:19.644  1582 11127 I OMX-VDEC-1080P: set_frame_rate: the current time is 182719
06-05 18:27:19.678  1582 11127 I OMX-VDEC-1080P: set_frame_rate: the current time is 182719
06-05 18:27:19.710  1582 11127 I OMX-VDEC-1080P: set_frame_rate: the current time is 182719
06-05 18:27:19.744  1582 11127 I OMX-VDEC-1080P: set_frame_rate: the current time is 182719
06-05 18:27:19.778  1582 11127 I OMX-VDEC-1080P: set_frame_rate: the current time is 182719
06-05 18:27:19.811  1582 11127 I OMX-VDEC-1080P: set_frame_rate: the current time is 182719
06-05 18:27:19.844  1582 11127 I OMX-VDEC-1080P: set_frame_rate: the current time is 182719
06-05 18:27:19.876  1582 11127 I OMX-VDEC-1080P: set_frame_rate: the current time is 182719
06-05 18:27:19.910  1582 11127 I OMX-VDEC-1080P: set_frame_rate: the current time is 182719
06-05 18:27:19.945  1582 11127 I OMX-VDEC-1080P: set_frame_rate: the current time is 182719
06-05 18:27:19.980  1582 11127 I OMX-VDEC-1080P: set_frame_rate: the current time is 182719
06-05 18:27:20.010  1582 11127 I OMX-VDEC-1080P: set_frame_rate: the current time is 182720
06-05 18:27:20.043  1582 11127 I OMX-VDEC-1080P: set_frame_rate: the current time is 182720
06-05 18:27:20.076  1582 11127 I OMX-VDEC-1080P: set_frame_rate: the current time is 182720
06-05 18:27:20.110  1582 11127 I OMX-VDEC-1080P: set_frame_rate: the current time is 182720
06-05 18:27:20.143  1582 11127 I OMX-VDEC-1080P: set_frame_rate: the current time is 182720
06-05 18:27:20.176  1582 11127 I OMX-VDEC-1080P: set_frame_rate: the current time is 182720
06-05 18:27:20.210  1582 11127 I OMX-VDEC-1080P: set_frame_rate: the current time is 182720
06-05 18:27:20.243  1582 11127 I OMX-VDEC-1080P: set_frame_rate: the current time is 182720
06-05 18:27:20.276  1582 11127 I OMX-VDEC-1080P: set_frame_rate: the current time is 182720
06-05 18:27:20.310  1582 11127 I OMX-VDEC-1080P: set_frame_rate: the current time is 182720
06-05 18:27:20.351  1582 11127 I OMX-VDEC-1080P: set_frame_rate: the current time is 182720
06-05 18:27:20.378  1582 11127 I OMX-VDEC-1080P: set_frame_rate: the current time is 182720
06-05 18:27:20.411  1582 11127 I OMX-VDEC-1080P: set_frame_rate: the current time is 182720
06-05 18:27:20.444  1582 11127 I OMX-VDEC-1080P: set_frame_rate: the current time is 182720
06-05 18:27:20.476  1582 11127 I OMX-VDEC-1080P: set_frame_rate: the current time is 182720
06-05 18:27:20.510  1582 11127 I OMX-VDEC-1080P: set_frame_rate: the current time is 182720
06-05 18:27:20.543  1582 11127 I OMX-VDEC-1080P: set_frame_rate: the current time is 182720
06-05 18:27:20.575  1582 11127 I OMX-VDEC-1080P: set_frame_rate: the current time is 182720
06-05 18:27:20.611  1582 11127 I OMX-VDEC-1080P: set_frame_rate: the current time is 182720
06-05 18:27:20.643  1582 11127 I OMX-VDEC-1080P: set_frame_rate: the current time is 182720
06-05 18:27:20.676  1582 11127 I OMX-VDEC-1080P: set_frame_rate: the current time is 182720
06-05 18:27:20.710  1582 11127 I OMX-VDEC-1080P: set_frame_rate: the current time is 182720
06-05 18:27:20.751  1582 11127 I OMX-VDEC-1080P: set_frame_rate: the current time is 182720
06-05 18:27:20.778  1582 11127 I OMX-VDEC-1080P: set_frame_rate: the current time is 182720
06-05 18:27:20.810  1582 11127 I OMX-VDEC-1080P: set_frame_rate: the current time is 182720
06-05 18:27:20.818  1850  2553 D MIUIInput: [MotionEvent] publisher action=0x4, 5428864, channel 'c058ab6 com.miui.securitycenter (server)'
06-05 18:27:20.818  1850  2553 D MIUIInput: [MotionEvent] publisher action=0x0, 5428864, channel 'f66205e com.ss.android.ugc.trill/com.ss.android.ugc.aweme.splash.SplashActivity (server)'
06-05 18:27:20.818  7693  7693 I GameBoxTouchListener: onTouch: 	mAdded=false	isLeftShowtrue
06-05 18:27:20.839  1850  1941 D PerfImpl: perfGetWorkLoadType
06-05 18:27:20.839  1034  1034 E vendor.qti.hardware.perf@2.2-service: Unknown params
06-05 18:27:20.839  1034  1034 I ANDR-PERF-LM: LMPerfGlue: perfmodule_submit_request() 132: perfmodule_submit_request()
06-05 18:27:20.839  1034  1034 I ANDR-PERF-LM: Core: getInstance() 84: LM getInstance
06-05 18:27:20.839  1034  1034 D ANDR-PERF-LM: Feature: lookup() 101: Feature Name = AppClassifier, total featuers = 3, featureFound = 1
06-05 18:27:20.840  1034  1034 D ANDR-PERF-LM: Feature: getData() 112: data.data = 1
06-05 18:27:20.840  1034  1034 I ANDR-PERF-LM: FeedbackAPI: getFeedback() 60: app:com.ss.android.ugc.trill feature:AppClassifier feedback = 1
06-05 18:27:20.840  1850  1941 D PerfImpl: perfScrollBoost: com.ss.android.ugc.trill, -1, 4
06-05 18:27:20.840  1034  1034 E vendor.qti.hardware.perf@2.2-service: Unknown params
06-05 18:27:20.841  1034  1034 I ANDR-PERF-LM: LMPerfGlue: perfmodule_submit_request() 132: perfmodule_submit_request()
06-05 18:27:20.841  1034  1034 I ANDR-PERF-LM: Core: getInstance() 84: LM getInstance
06-05 18:27:20.841  1034  1034 I ANDR-PERF-LM: WQ: push() 59: LMTriggerQ push() size=0
06-05 18:27:20.841  1034  1034 I ANDR-PERF-LM: WQ: push() 61: LMTriggerQ push() done size=1
06-05 18:27:20.841  1850  1941 D PerfImpl: perfGetWorkLoadType
06-05 18:27:20.841  1034  1034 E vendor.qti.hardware.perf@2.2-service: Unknown params
06-05 18:27:20.841  1034  1034 I ANDR-PERF-LM: LMPerfGlue: perfmodule_submit_request() 132: perfmodule_submit_request()
06-05 18:27:20.841  1034  1034 I ANDR-PERF-LM: Core: getInstance() 84: LM getInstance
06-05 18:27:20.841  1034  1034 D ANDR-PERF-LM: Feature: lookup() 101: Feature Name = AppClassifier, total featuers = 3, featureFound = 1
06-05 18:27:20.841  1034  1034 D ANDR-PERF-LM: Feature: getData() 112: data.data = 1
06-05 18:27:20.841  1034  1034 I ANDR-PERF-LM: FeedbackAPI: getFeedback() 60: app:com.ss.android.ugc.trill feature:AppClassifier feedback = 1
06-05 18:27:20.842  1850  1941 D PerfImpl: perfDragBoost: com.ss.android.ugc.trill, -1, 1
06-05 18:27:20.842  1034  1034 E vendor.qti.hardware.perf@2.2-service: Unknown params
06-05 18:27:20.842  1034  1092 I ANDR-PERF-LM: WQ: pop() 42: LMTriggerQ pop() done size=0
06-05 18:27:20.842  1034  1092 I ANDR-PERF-LM: Core: lmMain() 373: Waiting on trigger Queue
06-05 18:27:20.842  1034  1092 I ANDR-PERF-LM: WQ: pop() 31: LMTriggerQ pop() size=0
06-05 18:27:20.846  1582 11127 I OMX-VDEC-1080P: set_frame_rate: the current time is 182720
06-05 18:27:20.854 18541 28778 W MessageQueue: Handler (android.os.Handler) {f78845b} sending message to a Handler on a dead thread
06-05 18:27:20.854 18541 28778 W MessageQueue: java.lang.IllegalStateException: Handler (android.os.Handler) {f78845b} sending message to a Handler on a dead thread
06-05 18:27:20.854 18541 28778 W MessageQueue: 	at android.os.MessageQueue.enqueueMessage(MessageQueue.java:569)
06-05 18:27:20.854 18541 28778 W MessageQueue: 	at android.os.Handler.enqueueMessage(Handler.java:778)
06-05 18:27:20.854 18541 28778 W MessageQueue: 	at android.os.Handler.sendMessageAtTime(Handler.java:727)
06-05 18:27:20.854 18541 28778 W MessageQueue: 	at android.os.Handler.sendMessageDelayed(Handler.java:697)
06-05 18:27:20.854 18541 28778 W MessageQueue: 	at android.os.Handler.post(Handler.java:427)
06-05 18:27:20.854 18541 28778 W MessageQueue: 	at X.HKP.LIZ(SourceFile:33751054)
06-05 18:27:20.854 18541 28778 W MessageQueue: 	at X.HKP.LIZ(SourceFile:16908295)
06-05 18:27:20.854 18541 28778 W MessageQueue: 	at X.Iuq.<init>(SourceFile:17039393)
06-05 18:27:20.854 18541 28778 W MessageQueue: 	at X.IuS.LIZ(SourceFile:67633363)
06-05 18:27:20.854 18541 28778 W MessageQueue: 	at X.IuS.<init>(SourceFile:50922652)
06-05 18:27:20.854 18541 28778 W MessageQueue: 	at X.6Z1.<init>(SourceFile:33816631)
06-05 18:27:20.854 18541 28778 W MessageQueue: 	at X.6U2.LJJIJIIJIL(SourceFile:590369)
06-05 18:27:20.854 18541 28778 W MessageQueue: 	at X.6U2.<init>(SourceFile:84279443)
06-05 18:27:20.854 18541 28778 W MessageQueue: 	at X.6LW.LIZ(SourceFile:17170525)
06-05 18:27:20.854 18541 28778 W MessageQueue: 	at X.6LV.LIZ(SourceFile:16973837)
06-05 18:27:20.854 18541 28778 W MessageQueue: 	at X.6Nc.LJJIJIIJI(SourceFile:262150)
06-05 18:27:20.854 18541 28778 W MessageQueue: 	at X.6Nc.LIZ(SourceFile:33947685)
06-05 18:27:20.854 18541 28778 W MessageQueue: 	at X.6Nc.LIZ(SourceFile:820)
06-05 18:27:20.854 18541 28778 W MessageQueue: 	at X.6Nc.LIZ(SourceFile:84411129)
06-05 18:27:20.854 18541 28778 W MessageQueue: 	at X.6Nc.LIZ(SourceFile:254)
06-05 18:27:20.854 18541 28778 W MessageQueue: 	at X.6Nc.LIZ(SourceFile:12250)
06-05 18:27:20.854 18541 28778 W MessageQueue: 	at X.6NK.handleMessage(SourceFile:17301743)
06-05 18:27:20.854 18541 28778 W MessageQueue: 	at android.os.Handler.dispatchMessage(Handler.java:106)
06-05 18:27:20.854 18541 28778 W MessageQueue: 	at android.os.Looper.loopOnce(Looper.java:210)
06-05 18:27:20.854 18541 28778 W MessageQueue: 	at android.os.Looper.loop(Looper.java:299)
06-05 18:27:20.854 18541 28778 W MessageQueue: 	at android.os.HandlerThread.run(HandlerThread.java:67)
06-05 18:27:20.855 18541 28778 W ttmdl   : <0x0,AVMDLManagerBridge.cpp,native_setIntValue,765>set key:709 value:0
06-05 18:27:20.855 18541 28778 W ttmdl   : <0x0,AVMDLog.cpp,set_alog_enable,38>set_alog_enable, 0
06-05 18:27:20.856 18541 28778 W MessageQueue: Handler (android.os.Handler) {f78845b} sending message to a Handler on a dead thread
06-05 18:27:20.856 18541 28778 W MessageQueue: java.lang.IllegalStateException: Handler (android.os.Handler) {f78845b} sending message to a Handler on a dead thread
06-05 18:27:20.856 18541 28778 W MessageQueue: 	at android.os.MessageQueue.enqueueMessage(MessageQueue.java:569)
06-05 18:27:20.856 18541 28778 W MessageQueue: 	at android.os.Handler.enqueueMessage(Handler.java:778)
06-05 18:27:20.856 18541 28778 W MessageQueue: 	at android.os.Handler.sendMessageAtTime(Handler.java:727)
06-05 18:27:20.856 18541 28778 W MessageQueue: 	at android.os.Handler.sendMessageDelayed(Handler.java:697)
06-05 18:27:20.856 18541 28778 W MessageQueue: 	at android.os.Handler.post(Handler.java:427)
06-05 18:27:20.856 18541 28778 W MessageQueue: 	at X.HKP.LIZ(SourceFile:33751054)
06-05 18:27:20.856 18541 28778 W MessageQueue: 	at X.HKP.LIZIZ(SourceFile:16908295)
06-05 18:27:20.856 18541 28778 W MessageQueue: 	at X.RPA.LIZ(SourceFile:17170456)
06-05 18:27:20.856 18541 28778 W MessageQueue: 	at X.IuS.LIZLLL(SourceFile:34078895)
06-05 18:27:20.856 18541 28778 W MessageQueue: 	at X.IuS.LJLJI(SourceFile:393264)
06-05 18:27:20.856 18541 28778 W MessageQueue: 	at X.IuS.LJJLJLI(SourceFile:393245)
06-05 18:27:20.856 18541 28778 W MessageQueue: 	at X.IuS.LJIIJJI(SourceFile:17170460)
06-05 18:27:20.856 18541 28778 W MessageQueue: 	at X.IuS.LIZ(SourceFile:5041)
06-05 18:27:20.856 18541 28778 W MessageQueue: 	at X.IuS.LIZIZ(SourceFile:50790422)
06-05 18:27:20.856 18541 28778 W MessageQueue: 	at X.IuS.LIZ(SourceFile:4903)
06-05 18:27:20.856 18541 28778 W MessageQueue: 	at X.6Z1.LIZ(SourceFile:1063)
06-05 18:27:20.856 18541 28778 W MessageQueue: 	at X.6U2.LIZ(SourceFile:84543345)
06-05 18:27:20.856 18541 28778 W MessageQueue: 	at X.6U2.LIZ(Unknown Source:0)
06-05 18:27:20.856 18541 28778 W MessageQueue: 	at X.6U2.LIZ(SourceFile:1438)
06-05 18:27:20.856 18541 28778 W MessageQueue: 	at X.6Nc.LIZ(SourceFile:1033)
06-05 18:27:20.856 18541 28778 W MessageQueue: 	at X.6Nc.LIZ(SourceFile:84411129)
06-05 18:27:20.856 18541 28778 W MessageQueue: 	at X.6Nc.LIZ(SourceFile:254)
06-05 18:27:20.856 18541 28778 W MessageQueue: 	at X.6Nc.LIZ(SourceFile:12250)
06-05 18:27:20.856 18541 28778 W MessageQueue: 	at X.6NK.handleMessage(SourceFile:17301743)
06-05 18:27:20.856 18541 28778 W MessageQueue: 	at android.os.Handler.dispatchMessage(Handler.java:106)
06-05 18:27:20.856 18541 28778 W MessageQueue: 	at android.os.Looper.loopOnce(Looper.java:210)
06-05 18:27:20.856 18541 28778 W MessageQueue: 	at android.os.Looper.loop(Looper.java:299)
06-05 18:27:20.856 18541 28778 W MessageQueue: 	at android.os.HandlerThread.run(HandlerThread.java:67)
06-05 18:27:20.859 18541 28778 W MessageQueue: Handler (android.os.Handler) {f78845b} sending message to a Handler on a dead thread
06-05 18:27:20.859 18541 28778 W MessageQueue: java.lang.IllegalStateException: Handler (android.os.Handler) {f78845b} sending message to a Handler on a dead thread
06-05 18:27:20.859 18541 28778 W MessageQueue: 	at android.os.MessageQueue.enqueueMessage(MessageQueue.java:569)
06-05 18:27:20.859 18541 28778 W MessageQueue: 	at android.os.Handler.enqueueMessage(Handler.java:778)
06-05 18:27:20.859 18541 28778 W MessageQueue: 	at android.os.Handler.sendMessageAtTime(Handler.java:727)
06-05 18:27:20.859 18541 28778 W MessageQueue: 	at android.os.Handler.sendMessageDelayed(Handler.java:697)
06-05 18:27:20.859 18541 28778 W MessageQueue: 	at android.os.Handler.post(Handler.java:427)
06-05 18:27:20.859 18541 28778 W MessageQueue: 	at X.HKP.LIZ(SourceFile:33751054)
06-05 18:27:20.859 18541 28778 W MessageQueue: 	at X.HKP.LIZ(SourceFile:16908295)
06-05 18:27:20.859 18541 28778 W MessageQueue: 	at X.RPA.LJFF(SourceFile:327795)
