06-05 18:28:51.129  1582 11428 I OMX-VDEC-1080P: set_frame_rate: the current time is 182851
06-05 18:28:51.146  1582 11428 I OMX-VDEC-1080P: set_frame_rate: the current time is 182851
06-05 18:28:51.163  1582 11428 I OMX-VDEC-1080P: set_frame_rate: the current time is 182851
06-05 18:28:51.179  1582 11428 I OMX-VDEC-1080P: set_frame_rate: the current time is 182851
06-05 18:28:51.195  1582 11428 I OMX-VDEC-1080P: set_frame_rate: the current time is 182851
06-05 18:28:51.214  1582 11428 I OMX-VDEC-1080P: set_frame_rate: the current time is 182851
06-05 18:28:51.230  1582 11428 I OMX-VDEC-1080P: set_frame_rate: the current time is 182851
06-05 18:28:51.246  1582 11428 I OMX-VDEC-1080P: set_frame_rate: the current time is 182851
06-05 18:28:51.263  1582 11428 I OMX-VDEC-1080P: set_frame_rate: the current time is 182851
06-05 18:28:51.279  1582 11428 I OMX-VDEC-1080P: set_frame_rate: the current time is 182851
06-05 18:28:51.296  1582 11428 I OMX-VDEC-1080P: set_frame_rate: the current time is 182851
06-05 18:28:51.312  1582 11428 I OMX-VDEC-1080P: set_frame_rate: the current time is 182851
06-05 18:28:51.329  1582 11428 I OMX-VDEC-1080P: set_frame_rate: the current time is 182851
06-05 18:28:51.346  1582 11428 I OMX-VDEC-1080P: set_frame_rate: the current time is 182851
06-05 18:28:51.363  1582 11428 I OMX-VDEC-1080P: set_frame_rate: the current time is 182851
06-05 18:28:51.379  1582 11428 I OMX-VDEC-1080P: set_frame_rate: the current time is 182851
06-05 18:28:51.396  1582 11428 I OMX-VDEC-1080P: set_frame_rate: the current time is 182851
06-05 18:28:51.412  1582 11428 I OMX-VDEC-1080P: set_frame_rate: the current time is 182851
06-05 18:28:51.429  1582 11428 I OMX-VDEC-1080P: set_frame_rate: the current time is 182851
06-05 18:28:51.446  1582 11428 I OMX-VDEC-1080P: set_frame_rate: the current time is 182851
06-05 18:28:51.463  1582 11428 I OMX-VDEC-1080P: set_frame_rate: the current time is 182851
06-05 18:28:51.478  1582 11428 I OMX-VDEC-1080P: set_frame_rate: the current time is 182851
06-05 18:28:51.496  1582 11428 I OMX-VDEC-1080P: set_frame_rate: the current time is 182851
06-05 18:28:51.512  1582 11428 I OMX-VDEC-1080P: set_frame_rate: the current time is 182851
06-05 18:28:51.529  1582 11428 I OMX-VDEC-1080P: set_frame_rate: the current time is 182851
06-05 18:28:51.546  1582 11428 I OMX-VDEC-1080P: set_frame_rate: the current time is 182851
06-05 18:28:51.562  1582 11428 I OMX-VDEC-1080P: set_frame_rate: the current time is 182851
06-05 18:28:51.581  1582 11428 I OMX-VDEC-1080P: set_frame_rate: the current time is 182851
06-05 18:28:51.596  1582 11428 I OMX-VDEC-1080P: set_frame_rate: the current time is 182851
06-05 18:28:51.612  1582 11428 I OMX-VDEC-1080P: set_frame_rate: the current time is 182851
06-05 18:28:51.628  1582 11428 I OMX-VDEC-1080P: set_frame_rate: the current time is 182851
06-05 18:28:51.644  1582 11428 I OMX-VDEC-1080P: set_frame_rate: the current time is 182851
06-05 18:28:51.662  1582 11428 I OMX-VDEC-1080P: set_frame_rate: the current time is 182851
06-05 18:28:51.677  1582 11428 I OMX-VDEC-1080P: set_frame_rate: the current time is 182851
06-05 18:28:51.695  1582 11428 I OMX-VDEC-1080P: set_frame_rate: the current time is 182851
06-05 18:28:51.711  1582 11428 I OMX-VDEC-1080P: set_frame_rate: the current time is 182851
06-05 18:28:51.728  1582 11428 I OMX-VDEC-1080P: set_frame_rate: the current time is 182851
06-05 18:28:51.744  1582 11428 I OMX-VDEC-1080P: set_frame_rate: the current time is 182851
06-05 18:28:51.762  1582 11428 I OMX-VDEC-1080P: set_frame_rate: the current time is 182851
06-05 18:28:51.778  1582 11428 I OMX-VDEC-1080P: set_frame_rate: the current time is 182851
06-05 18:28:51.796  1582 11428 I OMX-VDEC-1080P: set_frame_rate: the current time is 182851
06-05 18:28:51.812  1582 11428 I OMX-VDEC-1080P: set_frame_rate: the current time is 182851
06-05 18:28:51.828  1582 11428 I OMX-VDEC-1080P: set_frame_rate: the current time is 182851
06-05 18:28:51.845  1582 11428 I OMX-VDEC-1080P: set_frame_rate: the current time is 182851
06-05 18:28:51.845  1582 11428 I OMX-VDEC-1080P: set_frame_rate: the current time is 182851
06-05 18:28:51.845  1582 11428 I OMX-VDEC-1080P: set_frame_rate: the current time is 182851
06-05 18:28:51.881  2999  3462 D MI_RIL_OEM_HOOK: onPkHookCommonMsg, msg_id = 65
06-05 18:28:51.881  2999  3462 D MI_RIL_OEM_HOOK: onGetHookMsgBytes, HOOK_HEAD_SIZE = 16, msg_len = 4
06-05 18:28:51.881  2999  3462 D MI_RIL_OEM_HOOK: onHookSendSync, phoneId = 0
06-05 18:28:51.882  2930  2930 D QcrilMsgTunnelIfaceManager: handleMessage what = 1
06-05 18:28:51.882  2930  2930 I QcrilOemhookMsgTunnel: [0]invokeOemRilRequestRaw: serial=2122 length=36
06-05 18:28:51.896  1582 11428 I OMX-VDEC-1080P: set_frame_rate: the current time is 182851
06-05 18:28:51.911  1582 11428 I OMX-VDEC-1080P: set_frame_rate: the current time is 182851
06-05 18:28:51.923  1793  2006 D XIAOMI_QCRIL: RIL[lib][xiaomi_extend_nvefs.c:52] xiaomi_qmi_result_map: xiaomi_qmi_result_map, old_result 0, new_result 0
06-05 18:28:51.924  2930  3267 I QcrilOemhookMsgTunnel: [0]processOemHookResponse serial no: 2122 error: 0length=16
06-05 18:28:51.924  2930  2930 D QcrilMsgTunnelIfaceManager: handleMessage what = 2
06-05 18:28:51.925  2999  3462 D QC_RIL_OEM_HOOK: sendOemRilRequestRaw returns value = 16
06-05 18:28:51.926  2999  3462 D ModemSarController_8250: type = 65, len = 4, value = 0
06-05 18:28:51.929  1582 11428 I OMX-VDEC-1080P: set_frame_rate: the current time is 182851
06-05 18:28:51.945  1582 11428 I OMX-VDEC-1080P: set_frame_rate: the current time is 182851
06-05 18:28:51.962  1582 11428 I OMX-VDEC-1080P: set_frame_rate: the current time is 182851
06-05 18:28:51.978  1582 11428 I OMX-VDEC-1080P: set_frame_rate: the current time is 182851
06-05 18:28:51.995  1582 11428 I OMX-VDEC-1080P: set_frame_rate: the current time is 182851
06-05 18:28:52.012  1582 11428 I OMX-VDEC-1080P: set_frame_rate: the current time is 182852
06-05 18:28:52.027  1582 11428 I OMX-VDEC-1080P: set_frame_rate: the current time is 182852
06-05 18:28:52.045  1582 11428 I OMX-VDEC-1080P: set_frame_rate: the current time is 182852
06-05 18:28:52.062  1582 11428 I OMX-VDEC-1080P: set_frame_rate: the current time is 182852
06-05 18:28:52.078  1582 11428 I OMX-VDEC-1080P: set_frame_rate: the current time is 182852
06-05 18:28:52.097  1582 11428 I OMX-VDEC-1080P: set_frame_rate: the current time is 182852
06-05 18:28:52.113  1582 11428 I OMX-VDEC-1080P: set_frame_rate: the current time is 182852
06-05 18:28:52.128  1582 11428 I OMX-VDEC-1080P: set_frame_rate: the current time is 182852
06-05 18:28:52.146  1582 11428 I OMX-VDEC-1080P: set_frame_rate: the current time is 182852
06-05 18:28:52.163  1582 11428 I OMX-VDEC-1080P: set_frame_rate: the current time is 182852
06-05 18:28:52.179  1582 11428 I OMX-VDEC-1080P: set_frame_rate: the current time is 182852
06-05 18:28:52.197  1582 11428 I OMX-VDEC-1080P: set_frame_rate: the current time is 182852
06-05 18:28:52.213  1582 11428 I OMX-VDEC-1080P: set_frame_rate: the current time is 182852
06-05 18:28:52.229  1582 11428 I OMX-VDEC-1080P: set_frame_rate: the current time is 182852
06-05 18:28:52.247  1582 11428 I OMX-VDEC-1080P: set_frame_rate: the current time is 182852
06-05 18:28:52.273  1582 11428 I OMX-VDEC-1080P: set_frame_rate: the current time is 182852
06-05 18:28:52.278  1582 11428 I OMX-VDEC-1080P: set_frame_rate: the current time is 182852
06-05 18:28:52.295  1582 11428 I OMX-VDEC-1080P: set_frame_rate: the current time is 182852
06-05 18:28:52.312  1582 11428 I OMX-VDEC-1080P: set_frame_rate: the current time is 182852
06-05 18:28:52.320  1850  2634 D MiuiNetworkPolicy: updateLimit mLimitEnabled=true,enabled=false,mNetworkPriorityMode=0
06-05 18:28:52.328  1582 11428 I OMX-VDEC-1080P: set_frame_rate: the current time is 182852
06-05 18:28:52.346  1582 11428 I OMX-VDEC-1080P: set_frame_rate: the current time is 182852
06-05 18:28:52.362  1582 11428 I OMX-VDEC-1080P: set_frame_rate: the current time is 182852
06-05 18:28:52.380  1582 11428 I OMX-VDEC-1080P: set_frame_rate: the current time is 182852
06-05 18:28:52.397  1582 11428 I OMX-VDEC-1080P: set_frame_rate: the current time is 182852
06-05 18:28:52.413  1582 11428 I OMX-VDEC-1080P: set_frame_rate: the current time is 182852
06-05 18:28:52.429  1582 11428 I OMX-VDEC-1080P: set_frame_rate: the current time is 182852
06-05 18:28:52.446  1582 11428 I OMX-VDEC-1080P: set_frame_rate: the current time is 182852
06-05 18:28:52.463  1582 11428 I OMX-VDEC-1080P: set_frame_rate: the current time is 182852
06-05 18:28:52.479  1582 11428 I OMX-VDEC-1080P: set_frame_rate: the current time is 182852
06-05 18:28:52.496  1582 11428 I OMX-VDEC-1080P: set_frame_rate: the current time is 182852
06-05 18:28:52.514  1582 11428 I OMX-VDEC-1080P: set_frame_rate: the current time is 182852
06-05 18:28:52.529  1582 11428 I OMX-VDEC-1080P: set_frame_rate: the current time is 182852
06-05 18:28:52.545  1582 11428 I OMX-VDEC-1080P: set_frame_rate: the current time is 182852
06-05 18:28:52.564  1582 11428 I OMX-VDEC-1080P: set_frame_rate: the current time is 182852
06-05 18:28:52.580  1582 11428 I OMX-VDEC-1080P: set_frame_rate: the current time is 182852
06-05 18:28:52.597  1582 11428 I OMX-VDEC-1080P: set_frame_rate: the current time is 182852
06-05 18:28:52.613  1582 11428 I OMX-VDEC-1080P: set_frame_rate: the current time is 182852
06-05 18:28:52.630  1582 11428 I OMX-VDEC-1080P: set_frame_rate: the current time is 182852
06-05 18:28:52.646  1582 11428 I OMX-VDEC-1080P: set_frame_rate: the current time is 182852
06-05 18:28:52.657  7552  7931 D ThermalIECHandler: storeDataStyle: thermal_iec_monitor_persistence_data_style_iec_state; startIECTime: -1; IECScreenOffOverPeriodTime: -1
06-05 18:28:52.658  6316  6316 I BatteryInfoReceiver: ACTION_BATTERY_CHANGED
06-05 18:28:52.658  2999  2999 D DynamicService:  ACTION_BATTERY_CHANGED change,USB plug = 2
06-05 18:28:52.659  7552  7645 D PowerKeeper.Thermal: mBatteryTemperature: 40
06-05 18:28:52.661  7552  7857 D PowerCheckerService: onBatteryChanged, mBatteryLevel = 56, status = 2, level = 56, plug = 2, scale = 100
06-05 18:28:52.662  2992  2992 V DeviceStatisticsService: chargerType=2 batteryLevel=56 totalBatteryCapacity=4255900
06-05 18:28:52.662  2992  2992 D DeviceInfoHidlClient: isRadioOn()=true
06-05 18:28:52.662  2992  2992 I DeviceInfoHidlClient: isPowerInfoNeverSent=false batteryLevel=56 batteryLevelIndex=2 chargingMode=2 totalCapacity=4255900 powerSaveMode=false
06-05 18:28:52.665  1582 11428 I OMX-VDEC-1080P: set_frame_rate: the current time is 182852
06-05 18:28:52.695  1582 11428 I OMX-VDEC-1080P: set_frame_rate: the current time is 182852
06-05 18:28:52.712  1582 11428 I OMX-VDEC-1080P: set_frame_rate: the current time is 182852
06-05 18:28:52.729  1582 11428 I OMX-VDEC-1080P: set_frame_rate: the current time is 182852
06-05 18:28:52.745  1582 11428 I OMX-VDEC-1080P: set_frame_rate: the current time is 182852
06-05 18:28:52.762  1582 11428 I OMX-VDEC-1080P: set_frame_rate: the current time is 182852
06-05 18:28:52.780  1582 11428 I OMX-VDEC-1080P: set_frame_rate: the current time is 182852
06-05 18:28:52.795  1582 11428 I OMX-VDEC-1080P: set_frame_rate: the current time is 182852
06-05 18:28:52.812  1582 11428 I OMX-VDEC-1080P: set_frame_rate: the current time is 182852
06-05 18:28:52.828  1582 11428 I OMX-VDEC-1080P: set_frame_rate: the current time is 182852
06-05 18:28:52.846  1582 11428 I OMX-VDEC-1080P: set_frame_rate: the current time is 182852
06-05 18:28:52.861  1582 11428 I OMX-VDEC-1080P: set_frame_rate: the current time is 182852
06-05 18:28:52.878  1582 11428 I OMX-VDEC-1080P: set_frame_rate: the current time is 182852
06-05 18:28:52.895  1582 11428 I OMX-VDEC-1080P: set_frame_rate: the current time is 182852
06-05 18:28:52.912  1582 11428 I OMX-VDEC-1080P: set_frame_rate: the current time is 182852
06-05 18:28:52.930  1582 11428 I OMX-VDEC-1080P: set_frame_rate: the current time is 182852
06-05 18:28:52.945  1582 11428 I OMX-VDEC-1080P: set_frame_rate: the current time is 182852
06-05 18:28:52.962  1582 11428 I OMX-VDEC-1080P: set_frame_rate: the current time is 182852
06-05 18:28:52.981  1582 11428 I OMX-VDEC-1080P: set_frame_rate: the current time is 182852
06-05 18:28:52.994  1582 11428 I OMX-VDEC-1080P: set_frame_rate: the current time is 182852
06-05 18:28:53.011  1582 11428 I OMX-VDEC-1080P: set_frame_rate: the current time is 182853
06-05 18:28:53.029  1582 11428 I OMX-VDEC-1080P: set_frame_rate: the current time is 182853
06-05 18:28:53.045  1582 11428 I OMX-VDEC-1080P: set_frame_rate: the current time is 182853
06-05 18:28:53.062  1582 11428 I OMX-VDEC-1080P: set_frame_rate: the current time is 182853
06-05 18:28:53.079  1582 11428 I OMX-VDEC-1080P: set_frame_rate: the current time is 182853
06-05 18:28:53.095  1582 11428 I OMX-VDEC-1080P: set_frame_rate: the current time is 182853
06-05 18:28:53.112  1582 11428 I OMX-VDEC-1080P: set_frame_rate: the current time is 182853
06-05 18:28:53.128  1582 11428 I OMX-VDEC-1080P: set_frame_rate: the current time is 182853
06-05 18:28:53.147  1582 11428 I OMX-VDEC-1080P: set_frame_rate: the current time is 182853
06-05 18:28:53.161  1582 11428 I OMX-VDEC-1080P: set_frame_rate: the current time is 182853
06-05 18:28:53.178  1582 11428 I OMX-VDEC-1080P: set_frame_rate: the current time is 182853
06-05 18:28:53.195  1582 11428 I OMX-VDEC-1080P: set_frame_rate: the current time is 182853
06-05 18:28:53.212  1582 11428 I OMX-VDEC-1080P: set_frame_rate: the current time is 182853
06-05 18:28:53.228  1582 11428 I OMX-VDEC-1080P: set_frame_rate: the current time is 182853
06-05 18:28:53.246  1582 11428 I OMX-VDEC-1080P: set_frame_rate: the current time is 182853
06-05 18:28:53.262  1582 11428 I OMX-VDEC-1080P: set_frame_rate: the current time is 182853
06-05 18:28:53.279  1582 11428 I OMX-VDEC-1080P: set_frame_rate: the current time is 182853
06-05 18:28:53.295  1582 11428 I OMX-VDEC-1080P: set_frame_rate: the current time is 182853
06-05 18:28:53.312  1582 11428 I OMX-VDEC-1080P: set_frame_rate: the current time is 182853
06-05 18:28:53.329  1582 11428 I OMX-VDEC-1080P: set_frame_rate: the current time is 182853
06-05 18:28:53.344  1582 11428 I OMX-VDEC-1080P: set_frame_rate: the current time is 182853
06-05 18:28:53.362  1582 11428 I OMX-VDEC-1080P: set_frame_rate: the current time is 182853
06-05 18:28:53.379  1582 11428 I OMX-VDEC-1080P: set_frame_rate: the current time is 182853
06-05 18:28:53.396  1582 11428 I OMX-VDEC-1080P: set_frame_rate: the current time is 182853
06-05 18:28:53.412  1582 11428 I OMX-VDEC-1080P: set_frame_rate: the current time is 182853
06-05 18:28:53.429  1582 11428 I OMX-VDEC-1080P: set_frame_rate: the current time is 182853
06-05 18:28:53.445  1582 11428 I OMX-VDEC-1080P: set_frame_rate: the current time is 182853
06-05 18:28:53.462  1582 11428 I OMX-VDEC-1080P: set_frame_rate: the current time is 182853
06-05 18:28:53.480  1582 11428 I OMX-VDEC-1080P: set_frame_rate: the current time is 182853
06-05 18:28:53.495  1582 11428 I OMX-VDEC-1080P: set_frame_rate: the current time is 182853
06-05 18:28:53.513  1582 11428 I OMX-VDEC-1080P: set_frame_rate: the current time is 182853
06-05 18:28:53.529  1582 11428 I OMX-VDEC-1080P: set_frame_rate: the current time is 182853
06-05 18:28:53.545  1582 11428 I OMX-VDEC-1080P: set_frame_rate: the current time is 182853
06-05 18:28:53.563  1582 11428 I OMX-VDEC-1080P: set_frame_rate: the current time is 182853
06-05 18:28:53.579  1582 11428 I OMX-VDEC-1080P: set_frame_rate: the current time is 182853
06-05 18:28:53.594  1582 11428 I OMX-VDEC-1080P: set_frame_rate: the current time is 182853
06-05 18:28:53.612  1582 11428 I OMX-VDEC-1080P: set_frame_rate: the current time is 182853
06-05 18:28:53.629  1582 11428 I OMX-VDEC-1080P: set_frame_rate: the current time is 182853
06-05 18:28:53.645  1582 11428 I OMX-VDEC-1080P: set_frame_rate: the current time is 182853
06-05 18:28:53.662  1582 11428 I OMX-VDEC-1080P: set_frame_rate: the current time is 182853
06-05 18:28:53.679  1582 11428 I OMX-VDEC-1080P: set_frame_rate: the current time is 182853
06-05 18:28:53.695  1582 11428 I OMX-VDEC-1080P: set_frame_rate: the current time is 182853
06-05 18:28:53.712  1582 11428 I OMX-VDEC-1080P: set_frame_rate: the current time is 182853
06-05 18:28:53.729  1582 11428 I OMX-VDEC-1080P: set_frame_rate: the current time is 182853
06-05 18:28:53.745  1582 11428 I OMX-VDEC-1080P: set_frame_rate: the current time is 182853
06-05 18:28:53.762  1582 11428 I OMX-VDEC-1080P: set_frame_rate: the current time is 182853
06-05 18:28:53.781  1582 11428 I OMX-VDEC-1080P: set_frame_rate: the current time is 182853
06-05 18:28:53.794  1582 11428 I OMX-VDEC-1080P: set_frame_rate: the current time is 182853
06-05 18:28:53.812  1582 11428 I OMX-VDEC-1080P: set_frame_rate: the current time is 182853
06-05 18:28:53.828  1582 11428 I OMX-VDEC-1080P: set_frame_rate: the current time is 182853
06-05 18:28:53.845  1582 11428 I OMX-VDEC-1080P: set_frame_rate: the current time is 182853
06-05 18:28:53.862  1582 11428 I OMX-VDEC-1080P: set_frame_rate: the current time is 182853
06-05 18:28:53.878  1582 11428 I OMX-VDEC-1080P: set_frame_rate: the current time is 182853
06-05 18:28:53.894  1582 11428 I OMX-VDEC-1080P: set_frame_rate: the current time is 182853
06-05 18:28:53.911  1582 11428 I OMX-VDEC-1080P: set_frame_rate: the current time is 182853
06-05 18:28:53.930  1582 11428 I OMX-VDEC-1080P: set_frame_rate: the current time is 182853
06-05 18:28:53.945  1582 11428 I OMX-VDEC-1080P: set_frame_rate: the current time is 182853
06-05 18:28:53.962  1582 11428 I OMX-VDEC-1080P: set_frame_rate: the current time is 182853
06-05 18:28:53.980  1582 11428 I OMX-VDEC-1080P: set_frame_rate: the current time is 182853
06-05 18:28:53.996  1582 11428 I OMX-VDEC-1080P: set_frame_rate: the current time is 182853
06-05 18:28:53.996  1582 11428 I OMX-VDEC-1080P: set_frame_rate: the current time is 182853
06-05 18:28:53.998  1582 11428 I OMX-VDEC-1080P: set_frame_rate: the current time is 182853
06-05 18:28:54.045  1582 11428 I OMX-VDEC-1080P: set_frame_rate: the current time is 182854
06-05 18:28:54.062  1582 11428 I OMX-VDEC-1080P: set_frame_rate: the current time is 182854
06-05 18:28:54.079  1582 11428 I OMX-VDEC-1080P: set_frame_rate: the current time is 182854
06-05 18:28:54.095  1582 11428 I OMX-VDEC-1080P: set_frame_rate: the current time is 182854
06-05 18:28:54.112  1582 11428 I OMX-VDEC-1080P: set_frame_rate: the current time is 182854
06-05 18:28:54.130  1582 11428 I OMX-VDEC-1080P: set_frame_rate: the current time is 182854
06-05 18:28:54.144  1582 11428 I OMX-VDEC-1080P: set_frame_rate: the current time is 182854
06-05 18:28:54.164  1582 11428 I OMX-VDEC-1080P: set_frame_rate: the current time is 182854
06-05 18:28:54.179  1582 11428 I OMX-VDEC-1080P: set_frame_rate: the current time is 182854
06-05 18:28:54.195  1582 11428 I OMX-VDEC-1080P: set_frame_rate: the current time is 182854
06-05 18:28:54.212  1582 11428 I OMX-VDEC-1080P: set_frame_rate: the current time is 182854
06-05 18:28:54.229  1582 11428 I OMX-VDEC-1080P: set_frame_rate: the current time is 182854
06-05 18:28:54.245  1582 11428 I OMX-VDEC-1080P: set_frame_rate: the current time is 182854
06-05 18:28:54.273  1582 11428 I OMX-VDEC-1080P: set_frame_rate: the current time is 182854
06-05 18:28:54.278  1582 11428 I OMX-VDEC-1080P: set_frame_rate: the current time is 182854
06-05 18:28:54.295  1582 11428 I OMX-VDEC-1080P: set_frame_rate: the current time is 182854
06-05 18:28:54.311  1582 11428 I OMX-VDEC-1080P: set_frame_rate: the current time is 182854
06-05 18:28:54.329  1582 11428 I OMX-VDEC-1080P: set_frame_rate: the current time is 182854
06-05 18:28:54.348  1582 11428 I OMX-VDEC-1080P: set_frame_rate: the current time is 182854
06-05 18:28:54.361  1582 11428 I OMX-VDEC-1080P: set_frame_rate: the current time is 182854
06-05 18:28:54.378  1582 11428 I OMX-VDEC-1080P: set_frame_rate: the current time is 182854
06-05 18:28:54.395  1582 11428 I OMX-VDEC-1080P: set_frame_rate: the current time is 182854
06-05 18:28:54.411  1582 11428 I OMX-VDEC-1080P: set_frame_rate: the current time is 182854
06-05 18:28:54.433  1582 11428 I OMX-VDEC-1080P: set_frame_rate: the current time is 182854
06-05 18:28:54.445  1582 11428 I OMX-VDEC-1080P: set_frame_rate: the current time is 182854
06-05 18:28:54.462  1582 11428 I OMX-VDEC-1080P: set_frame_rate: the current time is 182854
06-05 18:28:54.479  1582 11428 I OMX-VDEC-1080P: set_frame_rate: the current time is 182854
06-05 18:28:54.494  1582 11428 I OMX-VDEC-1080P: set_frame_rate: the current time is 182854
06-05 18:28:54.512  1582 11428 I OMX-VDEC-1080P: set_frame_rate: the current time is 182854
06-05 18:28:54.529  1582 11428 I OMX-VDEC-1080P: set_frame_rate: the current time is 182854
06-05 18:28:54.545  1582 11428 I OMX-VDEC-1080P: set_frame_rate: the current time is 182854
06-05 18:28:54.562  1582 11428 I OMX-VDEC-1080P: set_frame_rate: the current time is 182854
06-05 18:28:54.578  1582 11428 I OMX-VDEC-1080P: set_frame_rate: the current time is 182854
06-05 18:28:54.596  1582 11428 I OMX-VDEC-1080P: set_frame_rate: the current time is 182854
06-05 18:28:54.612  1582 11428 I OMX-VDEC-1080P: set_frame_rate: the current time is 182854
06-05 18:28:54.629  1582 11428 I OMX-VDEC-1080P: set_frame_rate: the current time is 182854
06-05 18:28:54.645  1582 11428 I OMX-VDEC-1080P: set_frame_rate: the current time is 182854
06-05 18:28:54.672  1582 11428 I OMX-VDEC-1080P: set_frame_rate: the current time is 182854
06-05 18:28:54.678  1582 11428 I OMX-VDEC-1080P: set_frame_rate: the current time is 182854
06-05 18:28:54.696  1582 11428 I OMX-VDEC-1080P: set_frame_rate: the current time is 182854
06-05 18:28:54.712  1582 11428 I OMX-VDEC-1080P: set_frame_rate: the current time is 182854
06-05 18:28:54.729  1582 11428 I OMX-VDEC-1080P: set_frame_rate: the current time is 182854
06-05 18:28:54.745  1582 11428 I OMX-VDEC-1080P: set_frame_rate: the current time is 182854
06-05 18:28:54.762  1582 11428 I OMX-VDEC-1080P: set_frame_rate: the current time is 182854
06-05 18:28:54.780  1582 11428 I OMX-VDEC-1080P: set_frame_rate: the current time is 182854
06-05 18:28:54.795  1582 11428 I OMX-VDEC-1080P: set_frame_rate: the current time is 182854
06-05 18:28:54.812  1582 11428 I OMX-VDEC-1080P: set_frame_rate: the current time is 182854
06-05 18:28:54.830  1582 11428 I OMX-VDEC-1080P: set_frame_rate: the current time is 182854
06-05 18:28:54.846  1582 11428 I OMX-VDEC-1080P: set_frame_rate: the current time is 182854
06-05 18:28:54.863  1582 11428 I OMX-VDEC-1080P: set_frame_rate: the current time is 182854
06-05 18:28:54.879  1582 11428 I OMX-VDEC-1080P: set_frame_rate: the current time is 182854
06-05 18:28:54.895  1582 11428 I OMX-VDEC-1080P: set_frame_rate: the current time is 182854
06-05 18:28:54.911  1582 11428 I OMX-VDEC-1080P: set_frame_rate: the current time is 182854
06-05 18:28:54.935  1582 11428 I OMX-VDEC-1080P: set_frame_rate: the current time is 182854
06-05 18:28:54.943  7552  7931 D ThermalIECHandler: storeDataStyle: thermal_iec_monitor_persistence_data_style_iec_state; startIECTime: -1; IECScreenOffOverPeriodTime: -1
06-05 18:28:54.944  6316  6316 I BatteryInfoReceiver: ACTION_BATTERY_CHANGED
06-05 18:28:54.945  7552  7645 D PowerKeeper.Thermal: mBatteryTemperature: 40
06-05 18:28:54.945  7552  7857 D PowerCheckerService: onBatteryChanged, mBatteryLevel = 56, status = 2, level = 56, plug = 2, scale = 100
06-05 18:28:54.946  2999  2999 D DynamicService:  ACTION_BATTERY_CHANGED change,USB plug = 2
06-05 18:28:54.946  2992  2992 V DeviceStatisticsService: chargerType=2 batteryLevel=56 totalBatteryCapacity=4256100
06-05 18:28:54.946  2992  2992 D DeviceInfoHidlClient: isRadioOn()=true
06-05 18:28:54.946  2992  2992 I DeviceInfoHidlClient: isPowerInfoNeverSent=false batteryLevel=56 batteryLevelIndex=2 chargingMode=2 totalCapacity=4256100 powerSaveMode=false
06-05 18:28:54.950  1582 11428 I OMX-VDEC-1080P: set_frame_rate: the current time is 182854
06-05 18:28:54.961  1582 11428 I OMX-VDEC-1080P: set_frame_rate: the current time is 182854
06-05 18:28:54.981  1582 11428 I OMX-VDEC-1080P: set_frame_rate: the current time is 182854
06-05 18:28:54.994  1582 11428 I OMX-VDEC-1080P: set_frame_rate: the current time is 182854
06-05 18:28:55.012  1582 11428 I OMX-VDEC-1080P: set_frame_rate: the current time is 182855
06-05 18:28:55.029  1582 11428 I OMX-VDEC-1080P: set_frame_rate: the current time is 182855
06-05 18:28:55.045  1582 11428 I OMX-VDEC-1080P: set_frame_rate: the current time is 182855
06-05 18:28:55.063  1582 11428 I OMX-VDEC-1080P: set_frame_rate: the current time is 182855
06-05 18:28:55.078  1582 11428 I OMX-VDEC-1080P: set_frame_rate: the current time is 182855
06-05 18:28:55.094  1582 11428 I OMX-VDEC-1080P: set_frame_rate: the current time is 182855
06-05 18:28:55.111  1582 11428 I OMX-VDEC-1080P: set_frame_rate: the current time is 182855
06-05 18:28:55.128  1582 11428 I OMX-VDEC-1080P: set_frame_rate: the current time is 182855
06-05 18:28:55.144  1582 11428 I OMX-VDEC-1080P: set_frame_rate: the current time is 182855
06-05 18:28:55.162  1582 11428 I OMX-VDEC-1080P: set_frame_rate: the current time is 182855
06-05 18:28:55.180  1582 11428 I OMX-VDEC-1080P: set_frame_rate: the current time is 182855
06-05 18:28:55.195  1582 11428 I OMX-VDEC-1080P: set_frame_rate: the current time is 182855
06-05 18:28:55.212  1582 11428 I OMX-VDEC-1080P: set_frame_rate: the current time is 182855
06-05 18:28:55.233  1582 11428 I OMX-VDEC-1080P: set_frame_rate: the current time is 182855
06-05 18:28:55.245  1582 11428 I OMX-VDEC-1080P: set_frame_rate: the current time is 182855
06-05 18:28:55.262  1582 11428 I OMX-VDEC-1080P: set_frame_rate: the current time is 182855
06-05 18:28:55.278  1582 11428 I OMX-VDEC-1080P: set_frame_rate: the current time is 182855
06-05 18:28:55.295  1582 11428 I OMX-VDEC-1080P: set_frame_rate: the current time is 182855
06-05 18:28:55.311  1582 11428 I OMX-VDEC-1080P: set_frame_rate: the current time is 182855
06-05 18:28:55.329  1582 11428 I OMX-VDEC-1080P: set_frame_rate: the current time is 182855
06-05 18:28:55.345  1582 11428 I OMX-VDEC-1080P: set_frame_rate: the current time is 182855
06-05 18:28:55.362  1582 11428 I OMX-VDEC-1080P: set_frame_rate: the current time is 182855
06-05 18:28:55.380  1582 11428 I OMX-VDEC-1080P: set_frame_rate: the current time is 182855
06-05 18:28:55.394  1582 11428 I OMX-VDEC-1080P: set_frame_rate: the current time is 182855
06-05 18:28:55.411  1582 11428 I OMX-VDEC-1080P: set_frame_rate: the current time is 182855
06-05 18:28:55.428  1582 11428 I OMX-VDEC-1080P: set_frame_rate: the current time is 182855
06-05 18:28:55.444  1582 11428 I OMX-VDEC-1080P: set_frame_rate: the current time is 182855
06-05 18:28:55.462  1582 11428 I OMX-VDEC-1080P: set_frame_rate: the current time is 182855
06-05 18:28:55.478  1582 11428 I OMX-VDEC-1080P: set_frame_rate: the current time is 182855
06-05 18:28:55.495  1582 11428 I OMX-VDEC-1080P: set_frame_rate: the current time is 182855
06-05 18:28:55.511  1582 11428 I OMX-VDEC-1080P: set_frame_rate: the current time is 182855
06-05 18:28:55.527  1582 11428 I OMX-VDEC-1080P: set_frame_rate: the current time is 182855
06-05 18:28:55.551  1582 11428 I OMX-VDEC-1080P: set_frame_rate: the current time is 182855
06-05 18:28:55.561  1582 11428 I OMX-VDEC-1080P: set_frame_rate: the current time is 182855
06-05 18:28:55.578  1582 11428 I OMX-VDEC-1080P: set_frame_rate: the current time is 182855
06-05 18:28:55.594  1582 11428 I OMX-VDEC-1080P: set_frame_rate: the current time is 182855
06-05 18:28:55.611  1582 11428 I OMX-VDEC-1080P: set_frame_rate: the current time is 182855
06-05 18:28:55.629  1582 11428 I OMX-VDEC-1080P: set_frame_rate: the current time is 182855
06-05 18:28:55.644  1582 11428 I OMX-VDEC-1080P: set_frame_rate: the current time is 182855
06-05 18:28:55.661  1582 11428 I OMX-VDEC-1080P: set_frame_rate: the current time is 182855
06-05 18:28:55.679  1582 11428 I OMX-VDEC-1080P: set_frame_rate: the current time is 182855
06-05 18:28:55.687  4385  4385 D BoundBrokerSvc: onUnbind: Intent { act=com.google.android.gms.measurement.START pkg=com.google.android.gms }
06-05 18:28:55.689  1850  2634 I MiuiNetworkPolicy: updateUidState uid = 10188, uidState = 5
06-05 18:28:55.698  1582 11428 I OMX-VDEC-1080P: set_frame_rate: the current time is 182855
06-05 18:28:55.712  1582 11428 I OMX-VDEC-1080P: set_frame_rate: the current time is 182855
06-05 18:28:55.729  1582 11428 I OMX-VDEC-1080P: set_frame_rate: the current time is 182855
06-05 18:28:55.744  1582 11428 I OMX-VDEC-1080P: set_frame_rate: the current time is 182855
06-05 18:28:55.761  1582 11428 I OMX-VDEC-1080P: set_frame_rate: the current time is 182855
06-05 18:28:55.779  1582 11428 I OMX-VDEC-1080P: set_frame_rate: the current time is 182855
06-05 18:28:55.795  1582 11428 I OMX-VDEC-1080P: set_frame_rate: the current time is 182855
06-05 18:28:55.811  1582 11428 I OMX-VDEC-1080P: set_frame_rate: the current time is 182855
06-05 18:28:55.829  1582 11428 I OMX-VDEC-1080P: set_frame_rate: the current time is 182855
06-05 18:28:55.844  1582 11428 I OMX-VDEC-1080P: set_frame_rate: the current time is 182855
06-05 18:28:55.862  1582 11428 I OMX-VDEC-1080P: set_frame_rate: the current time is 182855
06-05 18:28:55.864  7784  8309 I cr.sandbox: BrowserIOThread heartbeat, interval/index: 30s/13, render: 11(NORMAL_WITHOUT_SECCOMP), gpu: 2(FULL)
06-05 18:28:55.880  1582 11428 I OMX-VDEC-1080P: set_frame_rate: the current time is 182855
06-05 18:28:55.895  1582 11428 I OMX-VDEC-1080P: set_frame_rate: the current time is 182855
06-05 18:28:55.912  1582 11428 I OMX-VDEC-1080P: set_frame_rate: the current time is 182855
06-05 18:28:55.930  1582 11428 I OMX-VDEC-1080P: set_frame_rate: the current time is 182855
06-05 18:28:55.944  1582 11428 I OMX-VDEC-1080P: set_frame_rate: the current time is 182855
06-05 18:28:55.961  1582 11428 I OMX-VDEC-1080P: set_frame_rate: the current time is 182855
06-05 18:28:55.980  1582 11428 I OMX-VDEC-1080P: set_frame_rate: the current time is 182855
06-05 18:28:55.994  1582 11428 I OMX-VDEC-1080P: set_frame_rate: the current time is 182855
06-05 18:28:56.011  1582 11428 I OMX-VDEC-1080P: set_frame_rate: the current time is 182856
06-05 18:28:56.028  1582 11428 I OMX-VDEC-1080P: set_frame_rate: the current time is 182856
06-05 18:28:56.045  1582 11428 I OMX-VDEC-1080P: set_frame_rate: the current time is 182856
06-05 18:28:56.061  1582 11428 I OMX-VDEC-1080P: set_frame_rate: the current time is 182856
06-05 18:28:56.078  1582 11428 I OMX-VDEC-1080P: set_frame_rate: the current time is 182856
06-05 18:28:56.095  1582 11428 I OMX-VDEC-1080P: set_frame_rate: the current time is 182856
06-05 18:28:56.112  1582 11428 I OMX-VDEC-1080P: set_frame_rate: the current time is 182856
06-05 18:28:56.130  1582 11428 I OMX-VDEC-1080P: set_frame_rate: the current time is 182856
06-05 18:28:56.130  1582 11428 I OMX-VDEC-1080P: set_frame_rate: the current time is 182856
06-05 18:28:56.131  1582 11428 I OMX-VDEC-1080P: set_frame_rate: the current time is 182856
06-05 18:28:56.182  1582 11428 I OMX-VDEC-1080P: set_frame_rate: the current time is 182856
06-05 18:28:56.197  1582 11428 I OMX-VDEC-1080P: set_frame_rate: the current time is 182856
06-05 18:28:56.214  1582 11428 I OMX-VDEC-1080P: set_frame_rate: the current time is 182856
06-05 18:28:56.230  1582 11428 I OMX-VDEC-1080P: set_frame_rate: the current time is 182856
06-05 18:28:56.247  1582 11428 I OMX-VDEC-1080P: set_frame_rate: the current time is 182856
06-05 18:28:56.263  1582 11428 I OMX-VDEC-1080P: set_frame_rate: the current time is 182856
06-05 18:28:56.281  1582 11428 I OMX-VDEC-1080P: set_frame_rate: the current time is 182856
06-05 18:28:56.295  1582 11428 I OMX-VDEC-1080P: set_frame_rate: the current time is 182856
06-05 18:28:56.314  1582 11428 I OMX-VDEC-1080P: set_frame_rate: the current time is 182856
06-05 18:28:56.330  1582 11428 I OMX-VDEC-1080P: set_frame_rate: the current time is 182856
06-05 18:28:56.346  1582 11428 I OMX-VDEC-1080P: set_frame_rate: the current time is 182856
06-05 18:28:56.363  1582 11428 I OMX-VDEC-1080P: set_frame_rate: the current time is 182856
06-05 18:28:56.379  1582 11428 I OMX-VDEC-1080P: set_frame_rate: the current time is 182856
06-05 18:28:56.397  1582 11428 I OMX-VDEC-1080P: set_frame_rate: the current time is 182856
06-05 18:28:56.411  1582 11428 I OMX-VDEC-1080P: set_frame_rate: the current time is 182856
06-05 18:28:56.426  8162  8343 I cr.sandbox.render: RenderIOThread heartbeat, interval/index: 30s/13, render: 11(NORMAL_WITHOUT_SECCOMP), gpu: 2(FULL)
06-05 18:28:56.429  1582 11428 I OMX-VDEC-1080P: set_frame_rate: the current time is 182856
06-05 18:28:56.446  1582 11428 I OMX-VDEC-1080P: set_frame_rate: the current time is 182856
06-05 18:28:56.462  1582 11428 I OMX-VDEC-1080P: set_frame_rate: the current time is 182856
06-05 18:28:56.479  1582 11428 I OMX-VDEC-1080P: set_frame_rate: the current time is 182856
06-05 18:28:56.495  1582 11428 I OMX-VDEC-1080P: set_frame_rate: the current time is 182856
06-05 18:28:56.512  1582 11428 I OMX-VDEC-1080P: set_frame_rate: the current time is 182856
06-05 18:28:56.529  1582 11428 I OMX-VDEC-1080P: set_frame_rate: the current time is 182856
06-05 18:28:56.545  1582 11428 I OMX-VDEC-1080P: set_frame_rate: the current time is 182856
06-05 18:28:56.561  1582 11428 I OMX-VDEC-1080P: set_frame_rate: the current time is 182856
06-05 18:28:56.579  1582 11428 I OMX-VDEC-1080P: set_frame_rate: the current time is 182856
06-05 18:28:56.594  1582 11428 I OMX-VDEC-1080P: set_frame_rate: the current time is 182856
06-05 18:28:56.600  8163  8308 I cr.sandbox.gpu: GpuMainThread heartbeat, interval/index: 30/13
06-05 18:28:56.611  1582 11428 I OMX-VDEC-1080P: set_frame_rate: the current time is 182856
06-05 18:28:56.630  1582 11428 I OMX-VDEC-1080P: set_frame_rate: the current time is 182856
06-05 18:28:56.644  1582 11428 I OMX-VDEC-1080P: set_frame_rate: the current time is 182856
06-05 18:28:56.673  1582 11428 I OMX-VDEC-1080P: set_frame_rate: the current time is 182856
06-05 18:28:56.680  1582 11428 I OMX-VDEC-1080P: set_frame_rate: the current time is 182856
06-05 18:28:56.694  1582 11428 I OMX-VDEC-1080P: set_frame_rate: the current time is 182856
06-05 18:28:56.713  1582 11428 I OMX-VDEC-1080P: set_frame_rate: the current time is 182856
06-05 18:28:56.729  1582 11428 I OMX-VDEC-1080P: set_frame_rate: the current time is 182856
06-05 18:28:56.744  1582 11428 I OMX-VDEC-1080P: set_frame_rate: the current time is 182856
06-05 18:28:56.762  1582 11428 I OMX-VDEC-1080P: set_frame_rate: the current time is 182856
06-05 18:28:56.781  1582 11428 I OMX-VDEC-1080P: set_frame_rate: the current time is 182856
06-05 18:28:56.796  1582 11428 I OMX-VDEC-1080P: set_frame_rate: the current time is 182856
06-05 18:28:56.812  1582 11428 I OMX-VDEC-1080P: set_frame_rate: the current time is 182856
06-05 18:28:56.829  1582 11428 I OMX-VDEC-1080P: set_frame_rate: the current time is 182856
06-05 18:28:56.844  1582 11428 I OMX-VDEC-1080P: set_frame_rate: the current time is 182856
06-05 18:28:56.862  1582 11428 I OMX-VDEC-1080P: set_frame_rate: the current time is 182856
06-05 18:28:56.879  1582 11428 I OMX-VDEC-1080P: set_frame_rate: the current time is 182856
06-05 18:28:56.895  1582 11428 I OMX-VDEC-1080P: set_frame_rate: the current time is 182856
06-05 18:28:56.911  1582 11428 I OMX-VDEC-1080P: set_frame_rate: the current time is 182856
06-05 18:28:56.926  2999  3462 D MI_RIL_OEM_HOOK: onPkHookCommonMsg, msg_id = 65
06-05 18:28:56.926  2999  3462 D MI_RIL_OEM_HOOK: onGetHookMsgBytes, HOOK_HEAD_SIZE = 16, msg_len = 4
06-05 18:28:56.926  2999  3462 D MI_RIL_OEM_HOOK: onHookSendSync, phoneId = 0
06-05 18:28:56.927  2930  2930 D QcrilMsgTunnelIfaceManager: handleMessage what = 1
06-05 18:28:56.928  2930  2930 I QcrilOemhookMsgTunnel: [0]invokeOemRilRequestRaw: serial=2123 length=36
06-05 18:28:56.929  1582 11428 I OMX-VDEC-1080P: set_frame_rate: the current time is 182856
06-05 18:28:56.947  1582 11428 I OMX-VDEC-1080P: set_frame_rate: the current time is 182856
06-05 18:28:56.963  1582 11428 I OMX-VDEC-1080P: set_frame_rate: the current time is 182856
06-05 18:28:56.967  1793  2006 D XIAOMI_QCRIL: RIL[lib][xiaomi_extend_nvefs.c:52] xiaomi_qmi_result_map: xiaomi_qmi_result_map, old_result 0, new_result 0
06-05 18:28:56.968  2930  3267 I QcrilOemhookMsgTunnel: [0]processOemHookResponse serial no: 2123 error: 0length=16
06-05 18:28:56.968  2930  2930 D QcrilMsgTunnelIfaceManager: handleMessage what = 2
06-05 18:28:56.970  2999  3462 D QC_RIL_OEM_HOOK: sendOemRilRequestRaw returns value = 16
06-05 18:28:56.970  2999  3462 D ModemSarController_8250: type = 65, len = 4, value = 0
06-05 18:28:56.979  1582 11428 I OMX-VDEC-1080P: set_frame_rate: the current time is 182856
06-05 18:28:56.989  8162  8303 I cr.sandbox.render: RenderMainThread heartbeat, interval/index: 30s/13, render: 11(NORMAL_WITHOUT_SECCOMP), gpu: 2(FULL)
06-05 18:28:56.997  1582 11428 I OMX-VDEC-1080P: set_frame_rate: the current time is 182856
06-05 18:28:57.012  1582 11428 I OMX-VDEC-1080P: set_frame_rate: the current time is 182857
06-05 18:28:57.029  1582 11428 I OMX-VDEC-1080P: set_frame_rate: the current time is 182857
06-05 18:28:57.045  1582 11428 I OMX-VDEC-1080P: set_frame_rate: the current time is 182857
06-05 18:28:57.073  1582 11428 I OMX-VDEC-1080P: set_frame_rate: the current time is 182857
06-05 18:28:57.078  1582 11428 I OMX-VDEC-1080P: set_frame_rate: the current time is 182857
06-05 18:28:57.095  1582 11428 I OMX-VDEC-1080P: set_frame_rate: the current time is 182857
06-05 18:28:57.112  1582 11428 I OMX-VDEC-1080P: set_frame_rate: the current time is 182857
06-05 18:28:57.128  1582 11428 I OMX-VDEC-1080P: set_frame_rate: the current time is 182857
06-05 18:28:57.145  1582 11428 I OMX-VDEC-1080P: set_frame_rate: the current time is 182857
06-05 18:28:57.161  1582 11428 I OMX-VDEC-1080P: set_frame_rate: the current time is 182857
06-05 18:28:57.178  1582 11428 I OMX-VDEC-1080P: set_frame_rate: the current time is 182857
06-05 18:28:57.195  1582 11428 I OMX-VDEC-1080P: set_frame_rate: the current time is 182857
06-05 18:28:57.213  1582 11428 I OMX-VDEC-1080P: set_frame_rate: the current time is 182857
06-05 18:28:57.228  1582 11428 I OMX-VDEC-1080P: set_frame_rate: the current time is 182857
06-05 18:28:57.245  1582 11428 I OMX-VDEC-1080P: set_frame_rate: the current time is 182857
06-05 18:28:57.261  1582 11428 I OMX-VDEC-1080P: set_frame_rate: the current time is 182857
06-05 18:28:57.278  1582 11428 I OMX-VDEC-1080P: set_frame_rate: the current time is 182857
06-05 18:28:57.295  1582 11428 I OMX-VDEC-1080P: set_frame_rate: the current time is 182857
06-05 18:28:57.312  1582 11428 I OMX-VDEC-1080P: set_frame_rate: the current time is 182857
06-05 18:28:57.322  1850  2634 D MiuiNetworkPolicy: updateLimit mLimitEnabled=false,enabled=true,mNetworkPriorityMode=0
06-05 18:28:57.329  1582 11428 I OMX-VDEC-1080P: set_frame_rate: the current time is 182857
06-05 18:28:57.345  1582 11428 I OMX-VDEC-1080P: set_frame_rate: the current time is 182857
06-05 18:28:57.362  1582 11428 I OMX-VDEC-1080P: set_frame_rate: the current time is 182857
06-05 18:28:57.379  1582 11428 I OMX-VDEC-1080P: set_frame_rate: the current time is 182857
06-05 18:28:57.395  1582 11428 I OMX-VDEC-1080P: set_frame_rate: the current time is 182857
06-05 18:28:57.411  1582 11428 I OMX-VDEC-1080P: set_frame_rate: the current time is 182857
06-05 18:28:57.429  1582 11428 I OMX-VDEC-1080P: set_frame_rate: the current time is 182857
06-05 18:28:57.445  1582 11428 I OMX-VDEC-1080P: set_frame_rate: the current time is 182857
06-05 18:28:57.472  1582 11428 I OMX-VDEC-1080P: set_frame_rate: the current time is 182857
06-05 18:28:57.478  1582 11428 I OMX-VDEC-1080P: set_frame_rate: the current time is 182857
06-05 18:28:57.495  1582 11428 I OMX-VDEC-1080P: set_frame_rate: the current time is 182857
06-05 18:28:57.511  1582 11428 I OMX-VDEC-1080P: set_frame_rate: the current time is 182857
06-05 18:28:57.528  1582 11428 I OMX-VDEC-1080P: set_frame_rate: the current time is 182857
06-05 18:28:57.545  1582 11428 I OMX-VDEC-1080P: set_frame_rate: the current time is 182857
06-05 18:28:57.562  1582 11428 I OMX-VDEC-1080P: set_frame_rate: the current time is 182857
06-05 18:28:57.579  1582 11428 I OMX-VDEC-1080P: set_frame_rate: the current time is 182857
06-05 18:28:57.594  1582 11428 I OMX-VDEC-1080P: set_frame_rate: the current time is 182857
06-05 18:28:57.612  1582 11428 I OMX-VDEC-1080P: set_frame_rate: the current time is 182857
06-05 18:28:57.628  1582 11428 I OMX-VDEC-1080P: set_frame_rate: the current time is 182857
06-05 18:28:57.644  1582 11428 I OMX-VDEC-1080P: set_frame_rate: the current time is 182857
06-05 18:28:57.662  1582 11428 I OMX-VDEC-1080P: set_frame_rate: the current time is 182857
06-05 18:28:57.679  1582 11428 I OMX-VDEC-1080P: set_frame_rate: the current time is 182857
06-05 18:28:57.694  1582 11428 I OMX-VDEC-1080P: set_frame_rate: the current time is 182857
06-05 18:28:57.712  1582 11428 I OMX-VDEC-1080P: set_frame_rate: the current time is 182857
06-05 18:28:57.729  1582 11428 I OMX-VDEC-1080P: set_frame_rate: the current time is 182857
06-05 18:28:57.744  1582 11428 I OMX-VDEC-1080P: set_frame_rate: the current time is 182857
06-05 18:28:57.762  1582 11428 I OMX-VDEC-1080P: set_frame_rate: the current time is 182857
06-05 18:28:57.780  1582 11428 I OMX-VDEC-1080P: set_frame_rate: the current time is 182857
06-05 18:28:57.795  1582 11428 I OMX-VDEC-1080P: set_frame_rate: the current time is 182857
06-05 18:28:57.812  1582 11428 I OMX-VDEC-1080P: set_frame_rate: the current time is 182857
06-05 18:28:57.829  1582 11428 I OMX-VDEC-1080P: set_frame_rate: the current time is 182857
06-05 18:28:57.844  1582 11428 I OMX-VDEC-1080P: set_frame_rate: the current time is 182857
06-05 18:28:57.862  1582 11428 I OMX-VDEC-1080P: set_frame_rate: the current time is 182857
06-05 18:28:57.879  1582 11428 I OMX-VDEC-1080P: set_frame_rate: the current time is 182857
06-05 18:28:57.895  1582 11428 I OMX-VDEC-1080P: set_frame_rate: the current time is 182857
06-05 18:28:57.912  1582 11428 I OMX-VDEC-1080P: set_frame_rate: the current time is 182857
06-05 18:28:57.930  1582 11428 I OMX-VDEC-1080P: set_frame_rate: the current time is 182857
06-05 18:28:57.944  1582 11428 I OMX-VDEC-1080P: set_frame_rate: the current time is 182857
06-05 18:28:57.962  1582 11428 I OMX-VDEC-1080P: set_frame_rate: the current time is 182857
06-05 18:28:57.978  1582 11428 I OMX-VDEC-1080P: set_frame_rate: the current time is 182857
06-05 18:28:57.997  1582 11428 I OMX-VDEC-1080P: set_frame_rate: the current time is 182857
06-05 18:28:58.012  1582 11428 I OMX-VDEC-1080P: set_frame_rate: the current time is 182858
06-05 18:28:58.029  1582 11428 I OMX-VDEC-1080P: set_frame_rate: the current time is 182858
06-05 18:28:58.045  1582 11428 I OMX-VDEC-1080P: set_frame_rate: the current time is 182858
06-05 18:28:58.063  1582 11428 I OMX-VDEC-1080P: set_frame_rate: the current time is 182858
06-05 18:28:58.079  1582 11428 I OMX-VDEC-1080P: set_frame_rate: the current time is 182858
06-05 18:28:58.095  1582 11428 I OMX-VDEC-1080P: set_frame_rate: the current time is 182858
06-05 18:28:58.111  1582 11428 I OMX-VDEC-1080P: set_frame_rate: the current time is 182858
06-05 18:28:58.130  1582 11428 I OMX-VDEC-1080P: set_frame_rate: the current time is 182858
06-05 18:28:58.145  1582 11428 I OMX-VDEC-1080P: set_frame_rate: the current time is 182858
06-05 18:28:58.164  1582 11428 I OMX-VDEC-1080P: set_frame_rate: the current time is 182858
06-05 18:28:58.179  1582 11428 I OMX-VDEC-1080P: set_frame_rate: the current time is 182858
06-05 18:28:58.194  1582 11428 I OMX-VDEC-1080P: set_frame_rate: the current time is 182858
06-05 18:28:58.212  1582 11428 I OMX-VDEC-1080P: set_frame_rate: the current time is 182858
06-05 18:28:58.228  1582 11428 I OMX-VDEC-1080P: set_frame_rate: the current time is 182858
06-05 18:28:58.245  1582 11428 I OMX-VDEC-1080P: set_frame_rate: the current time is 182858
06-05 18:28:58.262  1582 11428 I OMX-VDEC-1080P: set_frame_rate: the current time is 182858
06-05 18:28:58.262  1582 11428 I OMX-VDEC-1080P: set_frame_rate: the current time is 182858
06-05 18:28:58.263  1582 11428 I OMX-VDEC-1080P: set_frame_rate: the current time is 182858
06-05 18:28:58.312  1582 11428 I OMX-VDEC-1080P: set_frame_rate: the current time is 182858
06-05 18:28:58.329  1582 11428 I OMX-VDEC-1080P: set_frame_rate: the current time is 182858
06-05 18:28:58.347  1582 11428 I OMX-VDEC-1080P: set_frame_rate: the current time is 182858
06-05 18:28:58.363  1582 11428 I OMX-VDEC-1080P: set_frame_rate: the current time is 182858
06-05 18:28:58.380  1582 11428 I OMX-VDEC-1080P: set_frame_rate: the current time is 182858
06-05 18:28:58.394  1582 11428 I OMX-VDEC-1080P: set_frame_rate: the current time is 182858
06-05 18:28:58.412  1582 11428 I OMX-VDEC-1080P: set_frame_rate: the current time is 182858
06-05 18:28:58.429  1582 11428 I OMX-VDEC-1080P: set_frame_rate: the current time is 182858
06-05 18:28:58.444  1582 11428 I OMX-VDEC-1080P: set_frame_rate: the current time is 182858
06-05 18:28:58.463  1582 11428 I OMX-VDEC-1080P: set_frame_rate: the current time is 182858
06-05 18:28:58.480  1582 11428 I OMX-VDEC-1080P: set_frame_rate: the current time is 182858
06-05 18:28:58.494  1582 11428 I OMX-VDEC-1080P: set_frame_rate: the current time is 182858
06-05 18:28:58.513  1582 11428 I OMX-VDEC-1080P: set_frame_rate: the current time is 182858
06-05 18:28:58.529  1582 11428 I OMX-VDEC-1080P: set_frame_rate: the current time is 182858
06-05 18:28:58.546  1582 11428 I OMX-VDEC-1080P: set_frame_rate: the current time is 182858
06-05 18:28:58.562  1582 11428 I OMX-VDEC-1080P: set_frame_rate: the current time is 182858
06-05 18:28:58.580  1582 11428 I OMX-VDEC-1080P: set_frame_rate: the current time is 182858
06-05 18:28:58.594  1582 11428 I OMX-VDEC-1080P: set_frame_rate: the current time is 182858
06-05 18:28:58.611  1582 11428 I OMX-VDEC-1080P: set_frame_rate: the current time is 182858
06-05 18:28:58.629  1582 11428 I OMX-VDEC-1080P: set_frame_rate: the current time is 182858
06-05 18:28:58.645  1582 11428 I OMX-VDEC-1080P: set_frame_rate: the current time is 182858
06-05 18:28:58.662  1582 11428 I OMX-VDEC-1080P: set_frame_rate: the current time is 182858
06-05 18:28:58.679  1582 11428 I OMX-VDEC-1080P: set_frame_rate: the current time is 182858
06-05 18:28:58.694  1582 11428 I OMX-VDEC-1080P: set_frame_rate: the current time is 182858
06-05 18:28:58.712  1582 11428 I OMX-VDEC-1080P: set_frame_rate: the current time is 182858
06-05 18:28:58.729  1582 11428 I OMX-VDEC-1080P: set_frame_rate: the current time is 182858
06-05 18:28:58.745  1582 11428 I OMX-VDEC-1080P: set_frame_rate: the current time is 182858
06-05 18:28:58.762  1582 11428 I OMX-VDEC-1080P: set_frame_rate: the current time is 182858
06-05 18:28:58.779  1582 11428 I OMX-VDEC-1080P: set_frame_rate: the current time is 182858
06-05 18:28:58.794  1582 11428 I OMX-VDEC-1080P: set_frame_rate: the current time is 182858
06-05 18:28:58.813  1582 11428 I OMX-VDEC-1080P: set_frame_rate: the current time is 182858
06-05 18:28:58.829  1582 11428 I OMX-VDEC-1080P: set_frame_rate: the current time is 182858
06-05 18:28:58.844  1582 11428 I OMX-VDEC-1080P: set_frame_rate: the current time is 182858
06-05 18:28:58.861  1582 11428 I OMX-VDEC-1080P: set_frame_rate: the current time is 182858
06-05 18:28:58.879  1582 11428 I OMX-VDEC-1080P: set_frame_rate: the current time is 182858
06-05 18:28:58.895  1582 11428 I OMX-VDEC-1080P: set_frame_rate: the current time is 182858
06-05 18:28:58.913  1582 11428 I OMX-VDEC-1080P: set_frame_rate: the current time is 182858
06-05 18:28:58.929  1582 11428 I OMX-VDEC-1080P: set_frame_rate: the current time is 182858
06-05 18:28:58.945  1582 11428 I OMX-VDEC-1080P: set_frame_rate: the current time is 182858
06-05 18:28:58.963  1582 11428 I OMX-VDEC-1080P: set_frame_rate: the current time is 182858
06-05 18:28:58.980  1582 11428 I OMX-VDEC-1080P: set_frame_rate: the current time is 182858
06-05 18:28:58.995  1582 11428 I OMX-VDEC-1080P: set_frame_rate: the current time is 182858
06-05 18:28:59.011  1582 11428 I OMX-VDEC-1080P: set_frame_rate: the current time is 182859
06-05 18:28:59.028  1582 11428 I OMX-VDEC-1080P: set_frame_rate: the current time is 182859
06-05 18:28:59.045  1582 11428 I OMX-VDEC-1080P: set_frame_rate: the current time is 182859
06-05 18:28:59.071  1582 11428 I OMX-VDEC-1080P: set_frame_rate: the current time is 182859
06-05 18:28:59.077  1582 11428 I OMX-VDEC-1080P: set_frame_rate: the current time is 182859
06-05 18:28:59.094  1582 11428 I OMX-VDEC-1080P: set_frame_rate: the current time is 182859
06-05 18:28:59.111  1582 11428 I OMX-VDEC-1080P: set_frame_rate: the current time is 182859
06-05 18:28:59.128  1582 11428 I OMX-VDEC-1080P: set_frame_rate: the current time is 182859
06-05 18:28:59.143  1582 11428 I OMX-VDEC-1080P: set_frame_rate: the current time is 182859
06-05 18:28:59.162  1582 11428 I OMX-VDEC-1080P: set_frame_rate: the current time is 182859
06-05 18:28:59.179  1582 11428 I OMX-VDEC-1080P: set_frame_rate: the current time is 182859
06-05 18:28:59.195  1582 11428 I OMX-VDEC-1080P: set_frame_rate: the current time is 182859
06-05 18:28:59.211  1582 11428 I OMX-VDEC-1080P: set_frame_rate: the current time is 182859
06-05 18:28:59.228  1582 11428 I OMX-VDEC-1080P: set_frame_rate: the current time is 182859
06-05 18:28:59.244  1582 11428 I OMX-VDEC-1080P: set_frame_rate: the current time is 182859
06-05 18:28:59.262  1582 11428 I OMX-VDEC-1080P: set_frame_rate: the current time is 182859
06-05 18:28:59.278  1582 11428 I OMX-VDEC-1080P: set_frame_rate: the current time is 182859
06-05 18:28:59.295  1582 11428 I OMX-VDEC-1080P: set_frame_rate: the current time is 182859
06-05 18:28:59.312  1582 11428 I OMX-VDEC-1080P: set_frame_rate: the current time is 182859
