06-05 18:21:10.299  6986  7024 I TestRunner: started: clicking_horizontal_list_button_displays_horizontal_list(com.example.dogglers.ButtonTests)
06-05 18:21:10.305  6986  7024 W Settings: Setting always_finish_activities has moved from android.provider.Settings.System to android.provider.Settings.Global, returning read-only value.
06-05 18:21:10.313  1850  5276 D MiuiMultiWindowAdapter: getFreeformBlackList: Origin Logic
06-05 18:21:10.313  1850  5276 D MiuiMultiWindowAdapter: MiuiMultiWindowAdapter::getFreeformBlackList::sSmallWindowBlackList = [com.miui.securitycenter, com.miui.miservice, com.xiaomi.calendar, com.android.contacts, com.miui.mishare.connectivity, com.android.settings, com.android.printspooler, com.miui.backup, com.miui.huanji, com.miui.calculator, com.android.thememanager, com.mfashiongallery.emag, com.miui.virtualsim, com.miui.smarttravel, com.mi.health, com.android.camera, com.lbe.security.miui, com.miui.cleanmaster, com.miui.newhome, com.miui.voiceassist, com.android.phone, com.miui.yellowpage, com.android.updater, com.miui.tsmclient, com.miui.securitycore, com.xiaomi.account, com.xiaomi.shop, com.mipay.wallet, com.xiaomi.youpin, com.xiaomi.hm.health, com.miui.bugreport, com.xiaomi.mibrain.speech, com.xiaomi.mimoji, com.xiaomi.scanner, com.duokan.phone.remotecontroller, com.miui.hybrid, com.miui.video, com.miui.videoplayer, com.miui.fm, com.miui.packageinstaller, com.mi.android.globallauncher, com.mi.android.globallauncher-poco, com.google.android.dialer, com.google.android.apps.magazines, com.miui.compass, com.miui.greenguard, com.kiteguard, com.google.android.apps.prodcasts, com.google.ar.lens, com.xiangkan.android, com.android.bankabc, com.sohu.inputmethod.sogou, com.tencent.mtt, com.shyz.toutiao, com.netease.mc.mi, com.outfit7.talkingtomgoldrun.mi, com.doudz.mi, com.wepie.snake.new.mi, cn.jj, com.standddz002.mi, com.miHoYo.bh3.mi, com.qqgame.hlddz, com.happyelements.AndroidAnimal, com.minitech.miniworld.TMobile.mi, com.mfp.jelly.xiaomi, com.lilithgames.afk.mi, com.tencent.peng, com.teenpatti.hd.gold, blockpuzzle.jewelgames.jewelslegend, com.playgendary.tanks, com.chillingo.robberybobfree.android.row, com.episodeinteractive.android.catalog, com.playrix.township, com.ansangha.drdriving, com.google.android.youtube, com.gbits.atm.mi, com.tencent.tetris, com.sukhavati.gotoplaying.bubble.BubbleShooter.mint, com.block.puzzle.game.hippo.mi, com.youzu.bs.mi, com.baidu.BaiduMap, com.google.android.googlequicksearchbox, com.appsomniacs.da2, com.android.stk, com.feiyu.carrot3.mi, com.popcap.pvz2cthdxm, com.mxtech.videoplayer.ad, cn.cisc, com.kiloo.subwaysurf, com.cncyj.mostbrain, pdf.tap.scanner, com.og.ttddz.mi, com.ximalaya.ting.lite, com.google.android.apps.podcasts, com.google.android.apps.googleassistant, com.netease.onmyoji.mi, com.netease.onmyoji.bili, com.netease.mrzh.mi, com.netease.mrzh.bili, com.tencent.tmgp.yys.zqb, com.google.android.gm, com.google.android.calendar, com.android.chrome, com.google.android.apps.youtube.music, com.netease.pes.huawei, com.netease.pes.mi, com.netease.pes.bili, com.flyfish.supermario, com.picsart.studio, com.netease.dwrg.mi, com.netease.dwrg.bili, com.netease.dwrg.nearme.gamecenter, com.netease.dwrg, com.netease.dwrg.huawei, com.tencent.tmgp.dwrg, com.netease.dwrg.m4399, com.netease.dwrg.mz, com.netease.dwrg.aligames, com.netease.dwrg.baidu, com.netease.dwrg.qihoo, com.moji.mjweather, com.tencent.tmgp.kof98, com.netease.onmyoji, com.taobao.idlefish, com.ledou.mhhy.mi, com.hzfy.ddzbs.mi, com.qsmy.walkmonkey, com.fy.bzzbc.mi, com.dw.xprqj.mi]
06-05 18:21:10.843  1850  2553 D MIUIInput: [MotionEvent] publisher action=0x4, 5058890, channel '613871d com.miui.securitycenter (server)'
06-05 18:21:10.843  1850  2553 D MIUIInput: [MotionEvent] publisher action=0x4, 5058890, channel 'ef6ede1 com.miui.securitycenter (server)'
06-05 18:21:10.843  1850  2553 D MIUIInput: [MotionEvent] publisher action=0x0, 5058890, channel '1b9faa8 com.blizzard.wtcg.hearthstone/com.blizzard.wtcg.hearthstone.HearthstoneActivity (server)'
06-05 18:21:10.843  7693  7693 I GameBoxTouchListener: onTouch: 	mAdded=false	isLeftShowfalse
06-05 18:21:10.844  7693  7693 I GameBoxTouchListener: onTouch: 	mAdded=false	isLeftShowtrue
06-05 18:21:11.456  1850  2553 D MIUIInput: [MotionEvent] publisher action=0x1, 5059503, channel '1b9faa8 com.blizzard.wtcg.hearthstone/com.blizzard.wtcg.hearthstone.HearthstoneActivity (server)'
06-05 18:21:11.759  1850  2553 D MIUIInput: [MotionEvent] publisher action=0x4, 5059806, channel '613871d com.miui.securitycenter (server)'
06-05 18:21:11.759  1850  2553 D MIUIInput: [MotionEvent] publisher action=0x4, 5059806, channel 'ef6ede1 com.miui.securitycenter (server)'
06-05 18:21:11.759  1850  2553 D MIUIInput: [MotionEvent] publisher action=0x0, 5059806, channel '1b9faa8 com.blizzard.wtcg.hearthstone/com.blizzard.wtcg.hearthstone.HearthstoneActivity (server)'
06-05 18:21:11.759  7693  7693 I GameBoxTouchListener: onTouch: 	mAdded=false	isLeftShowfalse
06-05 18:21:11.760  7693  7693 I GameBoxTouchListener: onTouch: 	mAdded=false	isLeftShowtrue
06-05 18:21:11.829  1850  2553 D MIUIInput: [MotionEvent] publisher action=0x1, 5059876, channel '1b9faa8 com.blizzard.wtcg.hearthstone/com.blizzard.wtcg.hearthstone.HearthstoneActivity (server)'
06-05 18:21:12.085  1850  2553 D MIUIInput: [MotionEvent] publisher action=0x4, 5060132, channel '613871d com.miui.securitycenter (server)'
06-05 18:21:12.085  1850  2553 D MIUIInput: [MotionEvent] publisher action=0x4, 5060132, channel 'ef6ede1 com.miui.securitycenter (server)'
06-05 18:21:12.085  1850  2553 D MIUIInput: [MotionEvent] publisher action=0x0, 5060132, channel '1b9faa8 com.blizzard.wtcg.hearthstone/com.blizzard.wtcg.hearthstone.HearthstoneActivity (server)'
06-05 18:21:12.086  7693  7693 I GameBoxTouchListener: onTouch: 	mAdded=false	isLeftShowfalse
06-05 18:21:12.087  7693  7693 I GameBoxTouchListener: onTouch: 	mAdded=false	isLeftShowtrue
06-05 18:21:12.150  1850  2553 D MIUIInput: [MotionEvent] publisher action=0x1, 5060197, channel '1b9faa8 com.blizzard.wtcg.hearthstone/com.blizzard.wtcg.hearthstone.HearthstoneActivity (server)'
06-05 18:21:12.293 21271 21375 I AS.CF_nNc: 18:21:12.292[143] request: url = http://www.pullcf.com/config/group/v2
06-05 18:21:12.561 21271 21375 I AS.CF__Mc: 18:21:12.561[143] sync()  server return jsonArray = []
06-05 18:21:12.712  2953  3093 I Unity   : [Spell Pooling]  Acquired: Card_Play_Ally_SummonIn_Opponent(Clone)(Clone)
06-05 18:21:12.731  2953  3093 I Unity   : [Spell Pooling]  Acquired: Card_Play_Ally_Enchantment_Positive(Clone)(Clone)
06-05 18:21:12.731  2953  3093 I Unity   : [Spell Pooling]  Acquired: Card_Play_Ally_Enchantment_Negative(Clone)(Clone)
06-05 18:21:12.731  2953  3093 I Unity   : [Spell Pooling]  Acquired: Card_Play_Ally_Enchantment_Neutral(Clone)(Clone)
06-05 18:21:12.844  2999  3462 D MI_RIL_OEM_HOOK: onPkHookCommonMsg, msg_id = 65
06-05 18:21:12.844  2999  3462 D MI_RIL_OEM_HOOK: onGetHookMsgBytes, HOOK_HEAD_SIZE = 16, msg_len = 4
06-05 18:21:12.844  2999  3462 D MI_RIL_OEM_HOOK: onHookSendSync, phoneId = 0
06-05 18:21:12.845  2930  2930 D QcrilMsgTunnelIfaceManager: handleMessage what = 1
06-05 18:21:12.845  2930  2930 I QcrilOemhookMsgTunnel: [0]invokeOemRilRequestRaw: serial=2031 length=36
06-05 18:21:12.885  1793  2006 D XIAOMI_QCRIL: RIL[lib][xiaomi_extend_nvefs.c:52] xiaomi_qmi_result_map: xiaomi_qmi_result_map, old_result 0, new_result 0
06-05 18:21:12.886  2930  3267 I QcrilOemhookMsgTunnel: [0]processOemHookResponse serial no: 2031 error: 0length=16
06-05 18:21:12.886  2930  2930 D QcrilMsgTunnelIfaceManager: handleMessage what = 2
06-05 18:21:12.887  2999  3462 D QC_RIL_OEM_HOOK: sendOemRilRequestRaw returns value = 16
06-05 18:21:12.887  2999  3462 D ModemSarController_8250: type = 65, len = 4, value = 0
06-05 18:21:12.919  1850  2634 I MiuiNetworkPolicy: updateUidState uid = 10162, uidState = 19
06-05 18:21:12.919  1850  2634 I MiuiNetworkPolicy: updateUidState uid = 10081, uidState = 19
06-05 18:21:13.096  7058  7364 I nightwatch-target: monitor resources last 15000 iteration: 697360 msec
06-05 18:21:13.553  1850  2553 D MIUIInput: [MotionEvent] publisher action=0x4, 5061599, channel '613871d com.miui.securitycenter (server)'
06-05 18:21:13.553  1850  2553 D MIUIInput: [MotionEvent] publisher action=0x4, 5061599, channel 'ef6ede1 com.miui.securitycenter (server)'
06-05 18:21:13.553  1850  2553 D MIUIInput: [MotionEvent] publisher action=0x0, 5061599, channel '1b9faa8 com.blizzard.wtcg.hearthstone/com.blizzard.wtcg.hearthstone.HearthstoneActivity (server)'
06-05 18:21:13.553  7693  7693 I GameBoxTouchListener: onTouch: 	mAdded=false	isLeftShowfalse
06-05 18:21:13.553  7693  7693 I GameBoxTouchListener: onTouch: 	mAdded=false	isLeftShowtrue
06-05 18:21:13.607  1850  2553 D MIUIInput: [MotionEvent] publisher action=0x1, 5061654, channel '1b9faa8 com.blizzard.wtcg.hearthstone/com.blizzard.wtcg.hearthstone.HearthstoneActivity (server)'
06-05 18:21:13.906  1850  2634 I MiuiNetworkPolicy: updateUidState uid = 10148, uidState = 19
06-05 18:21:14.068  2953  3093 I Unity   : [Spell Pooling]  Acquired: Card_Play_Ally_Zzz(Clone)(Clone)
06-05 18:21:14.072  2953  3093 I Unity   : [Spell Pooling]  Acquired: Card_Play_Ally_BattleCry(Clone)(Clone)
06-05 18:21:14.256  2999  2999 D DynamicService:  ACTION_BATTERY_CHANGED change,USB plug = 2
06-05 18:21:14.256  7552  7931 D ThermalIECHandler: storeDataStyle: thermal_iec_monitor_persistence_data_style_iec_state; startIECTime: -1; IECScreenOffOverPeriodTime: -1
06-05 18:21:14.258  6316  6316 I BatteryInfoReceiver: ACTION_BATTERY_CHANGED
06-05 18:21:14.264  7552  7857 D PowerCheckerService: onBatteryChanged, mBatteryLevel = 56, status = 2, level = 56, plug = 2, scale = 100
06-05 18:21:14.264  7552  7645 D PowerKeeper.Thermal: mBatteryTemperature: 41
06-05 18:21:14.266  2992  2992 V DeviceStatisticsService: chargerType=2 batteryLevel=56 totalBatteryCapacity=4259100
06-05 18:21:14.266  2992  2992 D DeviceInfoHidlClient: isRadioOn()=true
06-05 18:21:14.266  2992  2992 I DeviceInfoHidlClient: isPowerInfoNeverSent=false batteryLevel=56 batteryLevelIndex=2 chargingMode=2 totalCapacity=4259100 powerSaveMode=false
06-05 18:21:15.939  1103  6927 I audioserver: setGameParameters keyvalue: xlog.volume.music.speaker=54
06-05 18:21:15.939   975  1043 D audio_hw_primary: adev_set_parameters: enter: xlog.volume.music.speaker=54
06-05 18:21:15.940   975  1043 V msm8974_platform: platform_set_parameters: enter: xlog.volume.music.speaker=54
06-05 18:21:15.940   975  1043 D audio_hw_hfp: hfp_set_parameters: enter
06-05 18:21:15.940   975  1043 D audio_hw_hfp: hfp_set_parameters: enter
06-05 18:21:15.940   975  1043 V a2dp_offload: end of a2dp setparam
06-05 18:21:15.940   975  1043 D audio_hw_cspl_cal: cirrus_cal_setparameters: enter 0xf3003600
06-05 18:21:15.940   975  1043 D audio_hw_extn: audio_extn_fm_set_parameters: Enter
06-05 18:21:15.940   975  1043 D audio_hw_hfp: hfp_set_parameters: enter
06-05 18:21:15.940   975  1043 V a2dp_offload: end of a2dp setparam
06-05 18:21:15.940   975  1043 D audio_hw_primary: adev_set_parameters: exit with code(0)
06-05 18:21:15.940  1103  6927 I audioserver: setGameParameters keyvalue: xlog.volume.music.speaker=54
06-05 18:21:15.941   975  1043 D audio_hw_primary: adev_set_parameters: enter: xlog.volume.music.speaker=54
06-05 18:21:15.941   975  1043 V msm8974_platform: platform_set_parameters: enter: xlog.volume.music.speaker=54
06-05 18:21:15.941   975  1043 D audio_hw_hfp: hfp_set_parameters: enter
06-05 18:21:15.941   975  1043 D audio_hw_hfp: hfp_set_parameters: enter
06-05 18:21:15.941   975  1043 V a2dp_offload: end of a2dp setparam
06-05 18:21:15.941   975  1043 D audio_hw_cspl_cal: cirrus_cal_setparameters: enter 0xf3003600
06-05 18:21:15.941   975  1043 D audio_hw_extn: audio_extn_fm_set_parameters: Enter
06-05 18:21:15.941   975  1043 D audio_hw_hfp: hfp_set_parameters: enter
06-05 18:21:15.941   975  1043 V a2dp_offload: end of a2dp setparam
06-05 18:21:15.941   975  1043 D audio_hw_primary: adev_set_parameters: exit with code(0)
06-05 18:21:15.959  2953  3093 I Unity   : [Spell Pooling]  Acquired: Card_Play_Ally_DamageSplat(Clone)(Clone)
06-05 18:21:15.961  2953  3093 I Unity   : [Spell Pooling]  Acquired: Card_Play_Ally_DamageSplat(Clone)(Clone)
06-05 18:21:15.962  2953  3093 I Unity   : [Spell Pooling]  Acquired: Card_Play_Ally_DamageSplat(Clone)(Clone)
06-05 18:21:15.963  2953  3093 I Unity   : [Spell Pooling]  Acquired: Card_Play_Ally_DamageSplat(Clone)(Clone)
06-05 18:21:16.062  2953  3093 I Unity   : [Spell Pooling]  Acquired: Card_Play_Ally_Death(Clone)(Clone)
06-05 18:21:16.104  2953  3093 I Unity   : [Spell Pooling]  Acquired: Card_Play_Ally_Death(Clone)(Clone)
06-05 18:21:16.544  2999  2999 D DynamicService:  ACTION_BATTERY_CHANGED change,USB plug = 2
06-05 18:21:16.548  7552  7931 D ThermalIECHandler: storeDataStyle: thermal_iec_monitor_persistence_data_style_iec_state; startIECTime: -1; IECScreenOffOverPeriodTime: -1
06-05 18:21:16.548  7552  7645 D PowerKeeper.Thermal: mBatteryTemperature: 41
06-05 18:21:16.548  6316  6316 I BatteryInfoReceiver: ACTION_BATTERY_CHANGED
06-05 18:21:16.548  7552  7857 D PowerCheckerService: onBatteryChanged, mBatteryLevel = 56, status = 2, level = 56, plug = 2, scale = 100
06-05 18:21:16.552  2992  2992 V DeviceStatisticsService: chargerType=2 batteryLevel=56 totalBatteryCapacity=4258900
06-05 18:21:16.552  2992  2992 D DeviceInfoHidlClient: isRadioOn()=true
06-05 18:21:16.552  2992  2992 I DeviceInfoHidlClient: isPowerInfoNeverSent=false batteryLevel=56 batteryLevelIndex=2 chargingMode=2 totalCapacity=4258900 powerSaveMode=false
06-05 18:21:16.798  3019 17699 I OpenGLRenderer: Davey! duration=9223366972027ms; Flags=0, FrameTimelineVsyncId=470335, IntendedVsync=5064827227022, Vsync=5064827227022, InputEventId=0, HandleInputStart=5064827641867, AnimationStart=5064827644107, PerformTraversalsStart=5064827646242, DrawStart=5064830764367, FrameDeadline=5064860560354, FrameInterval=5064827616971, FrameStartTime=16666666, SyncQueued=5064831455461, SyncStart=5064831571555, IssueDrawCommandsStart=5064831874315, SwapBuffers=5064833569575, FrameCompleted=9223372036854775807, DequeueBufferDuration=35260, QueueBufferDuration=607448, GpuCompleted=9223372036854775807, SwapBuffersCompleted=5064834826034, DisplayPresentTime=0,
06-05 18:21:17.887  2999  3462 D MI_RIL_OEM_HOOK: onPkHookCommonMsg, msg_id = 65
06-05 18:21:17.887  2999  3462 D MI_RIL_OEM_HOOK: onGetHookMsgBytes, HOOK_HEAD_SIZE = 16, msg_len = 4
06-05 18:21:17.887  2999  3462 D MI_RIL_OEM_HOOK: onHookSendSync, phoneId = 0
06-05 18:21:17.888  2930  2930 D QcrilMsgTunnelIfaceManager: handleMessage what = 1
06-05 18:21:17.889  2930  2930 I QcrilOemhookMsgTunnel: [0]invokeOemRilRequestRaw: serial=2032 length=36
06-05 18:21:17.928  1793  2006 D XIAOMI_QCRIL: RIL[lib][xiaomi_extend_nvefs.c:52] xiaomi_qmi_result_map: xiaomi_qmi_result_map, old_result 0, new_result 0
06-05 18:21:17.929  2930  3267 I QcrilOemhookMsgTunnel: [0]processOemHookResponse serial no: 2032 error: 0length=16
06-05 18:21:17.929  2930  2930 D QcrilMsgTunnelIfaceManager: handleMessage what = 2
06-05 18:21:17.930  2999  3462 D QC_RIL_OEM_HOOK: sendOemRilRequestRaw returns value = 16
06-05 18:21:17.930  2999  3462 D ModemSarController_8250: type = 65, len = 4, value = 0
06-05 18:21:17.960  2953  3093 I Unity   : Finish
06-05 18:21:18.581  1850  2553 D MIUIInput: [MotionEvent] publisher action=0x4, 5066628, channel '613871d com.miui.securitycenter (server)'
06-05 18:21:18.581  1850  2553 D MIUIInput: [MotionEvent] publisher action=0x4, 5066628, channel 'ef6ede1 com.miui.securitycenter (server)'
06-05 18:21:18.581  1850  2553 D MIUIInput: [MotionEvent] publisher action=0x0, 5066628, channel '1b9faa8 com.blizzard.wtcg.hearthstone/com.blizzard.wtcg.hearthstone.HearthstoneActivity (server)'
06-05 18:21:18.581  7693  7693 I GameBoxTouchListener: onTouch: 	mAdded=false	isLeftShowfalse
06-05 18:21:18.582  7693  7693 I GameBoxTouchListener: onTouch: 	mAdded=false	isLeftShowtrue
06-05 18:21:18.649  1850  2553 D MIUIInput: [MotionEvent] publisher action=0x1, 5066695, channel '1b9faa8 com.blizzard.wtcg.hearthstone/com.blizzard.wtcg.hearthstone.HearthstoneActivity (server)'
06-05 18:21:19.578  2953  3093 I Unity   : [Spell Pooling] Released: Card_Play_Ally_Zzz(Clone)(Clone)
06-05 18:21:19.578  2953  3093 I Unity   : [Spell Pooling] Released: Card_Play_Ally_DamageSplat(Clone)(Clone)
06-05 18:21:19.579  2953  3093 I Unity   : [Spell Pooling] Released: Card_Play_Ally_Death(Clone)(Clone)
06-05 18:21:19.628  2953  3093 I Unity   : [Spell Pooling] Released: Card_Play_Ally_Zzz(Clone)(Clone)
06-05 18:21:19.628  2953  3093 I Unity   : [Spell Pooling] Released: Card_Play_Ally_DamageSplat(Clone)(Clone)
06-05 18:21:19.628  2953  3093 I Unity   : [Spell Pooling] Released: Card_Play_Ally_Death(Clone)(Clone)
06-05 18:21:21.932  2953  3093 I Unity   : [Spell Pooling]  Acquired: Card_Play_Ally_SummonOut(Clone)(Clone)
06-05 18:21:22.194  1850  2634 D MiuiNetworkPolicy: updateLimit mLimitEnabled=true,enabled=false,mNetworkPriorityMode=2
06-05 18:21:22.439  7552  7931 D ThermalIECHandler: storeDataStyle: thermal_iec_monitor_persistence_data_style_iec_state; startIECTime: -1; IECScreenOffOverPeriodTime: -1
06-05 18:21:22.439  2999  2999 D DynamicService:  ACTION_BATTERY_CHANGED change,USB plug = 2
06-05 18:21:22.441  6316  6316 I BatteryInfoReceiver: ACTION_BATTERY_CHANGED
06-05 18:21:22.444  7552  7857 D PowerCheckerService: onBatteryChanged, mBatteryLevel = 56, status = 2, level = 56, plug = 2, scale = 100
06-05 18:21:22.445  7552  7645 D PowerKeeper.Thermal: mBatteryTemperature: 41
06-05 18:21:22.445  2992  2992 V DeviceStatisticsService: chargerType=2 batteryLevel=56 totalBatteryCapacity=4258000
06-05 18:21:22.445  2992  2992 D DeviceInfoHidlClient: isRadioOn()=true
06-05 18:21:22.445  2992  2992 I DeviceInfoHidlClient: isPowerInfoNeverSent=false batteryLevel=56 batteryLevelIndex=2 chargingMode=2 totalCapacity=4258000 powerSaveMode=false
06-05 18:21:22.930  2999  3462 D MI_RIL_OEM_HOOK: onPkHookCommonMsg, msg_id = 65
06-05 18:21:22.931  2999  3462 D MI_RIL_OEM_HOOK: onGetHookMsgBytes, HOOK_HEAD_SIZE = 16, msg_len = 4
06-05 18:21:22.931  2999  3462 D MI_RIL_OEM_HOOK: onHookSendSync, phoneId = 0
06-05 18:21:22.932  2930  2930 D QcrilMsgTunnelIfaceManager: handleMessage what = 1
06-05 18:21:22.932  2930  2930 I QcrilOemhookMsgTunnel: [0]invokeOemRilRequestRaw: serial=2033 length=36
06-05 18:21:22.972  1793  2006 D XIAOMI_QCRIL: RIL[lib][xiaomi_extend_nvefs.c:52] xiaomi_qmi_result_map: xiaomi_qmi_result_map, old_result 0, new_result 0
06-05 18:21:22.973  2930  3267 I QcrilOemhookMsgTunnel: [0]processOemHookResponse serial no: 2033 error: 0length=16
06-05 18:21:22.973  2930  2930 D QcrilMsgTunnelIfaceManager: handleMessage what = 2
06-05 18:21:22.974  2999  3462 D QC_RIL_OEM_HOOK: sendOemRilRequestRaw returns value = 16
06-05 18:21:22.974  2999  3462 D ModemSarController_8250: type = 65, len = 4, value = 0
06-05 18:21:23.742  1850  2553 D MIUIInput: [MotionEvent] publisher action=0x4, 5071789, channel '613871d com.miui.securitycenter (server)'
06-05 18:21:23.742  1850  2553 D MIUIInput: [MotionEvent] publisher action=0x4, 5071789, channel 'ef6ede1 com.miui.securitycenter (server)'
06-05 18:21:23.742  1850  2553 D MIUIInput: [MotionEvent] publisher action=0x0, 5071789, channel '1b9faa8 com.blizzard.wtcg.hearthstone/com.blizzard.wtcg.hearthstone.HearthstoneActivity (server)'
06-05 18:21:23.743  7693  7693 I GameBoxTouchListener: onTouch: 	mAdded=false	isLeftShowfalse
06-05 18:21:23.743  7693  7693 I GameBoxTouchListener: onTouch: 	mAdded=false	isLeftShowtrue
06-05 18:21:23.791  1850  2553 D MIUIInput: [MotionEvent] publisher action=0x1, 5071838, channel '1b9faa8 com.blizzard.wtcg.hearthstone/com.blizzard.wtcg.hearthstone.HearthstoneActivity (server)'
06-05 18:21:23.866  2953  3093 I Unity   : [Spell Pooling] Released: Card_Play_Ally_Enchantment_Positive(Clone)(Clone)
06-05 18:21:23.866  2953  3093 I Unity   : [Spell Pooling] Released: Card_Play_Ally_Enchantment_Negative(Clone)(Clone)
06-05 18:21:23.867  2953  3093 I Unity   : [Spell Pooling] Released: Card_Play_Ally_Enchantment_Neutral(Clone)(Clone)
06-05 18:21:23.867  2953  3093 I Unity   : [Spell Pooling] Released: Card_Play_Ally_Trigger_Quick(Clone)(Clone)
06-05 18:21:23.867  2953  3093 I Unity   : [Spell Pooling] Released: Card_Play_Ally_BattleCry(Clone)(Clone)
06-05 18:21:23.867  2953  3093 I Unity   : [Spell Pooling] Released: Card_Play_Ally_Zzz(Clone)(Clone)
06-05 18:21:23.868  2953  3093 I Unity   : [Spell Pooling] Released: Card_Play_Ally_DamageSplat(Clone)(Clone)
06-05 18:21:23.868  2953  3093 I Unity   : [Spell Pooling] Released: Card_Play_Ally_SummonOut(Clone)(Clone)
06-05 18:21:23.981  1850  2553 D MIUIInput: [MotionEvent] publisher action=0x4, 5072028, channel '613871d com.miui.securitycenter (server)'
06-05 18:21:23.981  1850  2553 D MIUIInput: [MotionEvent] publisher action=0x4, 5072028, channel 'ef6ede1 com.miui.securitycenter (server)'
06-05 18:21:23.981  1850  2553 D MIUIInput: [MotionEvent] publisher action=0x0, 5072028, channel '1b9faa8 com.blizzard.wtcg.hearthstone/com.blizzard.wtcg.hearthstone.HearthstoneActivity (server)'
06-05 18:21:23.981  7693  7693 I GameBoxTouchListener: onTouch: 	mAdded=false	isLeftShowfalse
06-05 18:21:23.981  7693  7693 I GameBoxTouchListener: onTouch: 	mAdded=false	isLeftShowtrue
06-05 18:21:24.032  1850  2553 D MIUIInput: [MotionEvent] publisher action=0x1, 5072079, channel '1b9faa8 com.blizzard.wtcg.hearthstone/com.blizzard.wtcg.hearthstone.HearthstoneActivity (server)'
06-05 18:21:24.241  1850  2634 I MiuiNetworkPolicy: updateUidState uid = 10125, uidState = 19
06-05 18:21:24.989  1850  2634 I MiuiNetworkPolicy: updateUidState uid = 10319, uidState = 19
06-05 18:21:25.300  1850  2553 D MIUIInput: [MotionEvent] publisher action=0x4, 5073347, channel '613871d com.miui.securitycenter (server)'
06-05 18:21:25.300  1850  2553 D MIUIInput: [MotionEvent] publisher action=0x4, 5073347, channel 'ef6ede1 com.miui.securitycenter (server)'
06-05 18:21:25.300  1850  2553 D MIUIInput: [MotionEvent] publisher action=0x0, 5073347, channel '1b9faa8 com.blizzard.wtcg.hearthstone/com.blizzard.wtcg.hearthstone.HearthstoneActivity (server)'
06-05 18:21:25.300  7693  7693 I GameBoxTouchListener: onTouch: 	mAdded=false	isLeftShowfalse
06-05 18:21:25.302  7693  7693 I GameBoxTouchListener: onTouch: 	mAdded=false	isLeftShowtrue
06-05 18:21:25.349  1850  2553 D MIUIInput: [MotionEvent] publisher action=0x1, 5073396, channel '1b9faa8 com.blizzard.wtcg.hearthstone/com.blizzard.wtcg.hearthstone.HearthstoneActivity (server)'
06-05 18:21:25.613  1850  2553 D MIUIInput: [MotionEvent] publisher action=0x4, 5073660, channel '613871d com.miui.securitycenter (server)'
06-05 18:21:25.613  1850  2553 D MIUIInput: [MotionEvent] publisher action=0x4, 5073660, channel 'ef6ede1 com.miui.securitycenter (server)'
06-05 18:21:25.613  7693  7693 I GameBoxTouchListener: onTouch: 	mAdded=false	isLeftShowfalse
06-05 18:21:25.613  7693  7693 I GameBoxTouchListener: onTouch: 	mAdded=false	isLeftShowtrue
06-05 18:21:25.613  1850  2553 D MIUIInput: [MotionEvent] publisher action=0x0, 5073660, channel '1b9faa8 com.blizzard.wtcg.hearthstone/com.blizzard.wtcg.hearthstone.HearthstoneActivity (server)'
06-05 18:21:25.642  1850  2553 D MIUIInput: [MotionEvent] publisher action=0x1, 5073689, channel '1b9faa8 com.blizzard.wtcg.hearthstone/com.blizzard.wtcg.hearthstone.HearthstoneActivity (server)'
06-05 18:21:25.939  1103  1103 I audioserver: setGameParameters keyvalue: xlog.volume.music.speaker=54
06-05 18:21:25.939   975  1043 D audio_hw_primary: adev_set_parameters: enter: xlog.volume.music.speaker=54
06-05 18:21:25.940   975  1043 V msm8974_platform: platform_set_parameters: enter: xlog.volume.music.speaker=54
06-05 18:21:25.940   975  1043 D audio_hw_hfp: hfp_set_parameters: enter
06-05 18:21:25.940   975  1043 D audio_hw_hfp: hfp_set_parameters: enter
06-05 18:21:25.940   975  1043 V a2dp_offload: end of a2dp setparam
06-05 18:21:25.940   975  1043 D audio_hw_cspl_cal: cirrus_cal_setparameters: enter 0xf3003600
06-05 18:21:25.940   975  1043 D audio_hw_extn: audio_extn_fm_set_parameters: Enter
06-05 18:21:25.940   975  1043 D audio_hw_hfp: hfp_set_parameters: enter
06-05 18:21:25.940   975  1043 V a2dp_offload: end of a2dp setparam
06-05 18:21:25.940   975  1043 D audio_hw_primary: adev_set_parameters: exit with code(0)
06-05 18:21:25.941  1103  1103 I audioserver: setGameParameters keyvalue: xlog.volume.music.speaker=54
06-05 18:21:25.941   975  1043 D audio_hw_primary: adev_set_parameters: enter: xlog.volume.music.speaker=54
06-05 18:21:25.941   975  1043 V msm8974_platform: platform_set_parameters: enter: xlog.volume.music.speaker=54
06-05 18:21:25.941   975  1043 D audio_hw_hfp: hfp_set_parameters: enter
06-05 18:21:25.941   975  1043 D audio_hw_hfp: hfp_set_parameters: enter
06-05 18:21:25.941   975  1043 V a2dp_offload: end of a2dp setparam
06-05 18:21:25.941   975  1043 D audio_hw_cspl_cal: cirrus_cal_setparameters: enter 0xf3003600
06-05 18:21:25.941   975  1043 D audio_hw_extn: audio_extn_fm_set_parameters: Enter
06-05 18:21:25.941   975  1043 D audio_hw_hfp: hfp_set_parameters: enter
06-05 18:21:25.941   975  1043 V a2dp_offload: end of a2dp setparam
06-05 18:21:25.941   975  1043 D audio_hw_primary: adev_set_parameters: exit with code(0)
06-05 18:21:26.063  1850  2553 D MIUIInput: [MotionEvent] publisher action=0x4, 5074110, channel '613871d com.miui.securitycenter (server)'
06-05 18:21:26.064  1850  2553 D MIUIInput: [MotionEvent] publisher action=0x4, 5074110, channel 'ef6ede1 com.miui.securitycenter (server)'
06-05 18:21:26.064  1850  2553 D MIUIInput: [MotionEvent] publisher action=0x0, 5074110, channel '1b9faa8 com.blizzard.wtcg.hearthstone/com.blizzard.wtcg.hearthstone.HearthstoneActivity (server)'
06-05 18:21:26.064  7693  7693 I GameBoxTouchListener: onTouch: 	mAdded=false	isLeftShowfalse
06-05 18:21:26.064  7693  7693 I GameBoxTouchListener: onTouch: 	mAdded=false	isLeftShowtrue
06-05 18:21:26.119  1850  2553 D MIUIInput: [MotionEvent] publisher action=0x1, 5074167, channel '1b9faa8 com.blizzard.wtcg.hearthstone/com.blizzard.wtcg.hearthstone.HearthstoneActivity (server)'
06-05 18:21:26.765  1850  2553 D MIUIInput: [MotionEvent] publisher action=0x4, 5074812, channel '613871d com.miui.securitycenter (server)'
06-05 18:21:26.765  1850  2553 D MIUIInput: [MotionEvent] publisher action=0x4, 5074812, channel 'ef6ede1 com.miui.securitycenter (server)'
06-05 18:21:26.765  1850  2553 D MIUIInput: [MotionEvent] publisher action=0x0, 5074812, channel '1b9faa8 com.blizzard.wtcg.hearthstone/com.blizzard.wtcg.hearthstone.HearthstoneActivity (server)'
06-05 18:21:26.765  7693  7693 I GameBoxTouchListener: onTouch: 	mAdded=false	isLeftShowfalse
06-05 18:21:26.766  7693  7693 I GameBoxTouchListener: onTouch: 	mAdded=false	isLeftShowtrue
06-05 18:21:26.827  1850  2553 D MIUIInput: [MotionEvent] publisher action=0x1, 5074874, channel '1b9faa8 com.blizzard.wtcg.hearthstone/com.blizzard.wtcg.hearthstone.HearthstoneActivity (server)'
06-05 18:21:27.202  1850  2634 D MiuiNetworkPolicy: updateLimit mLimitEnabled=false,enabled=true,mNetworkPriorityMode=2
06-05 18:21:27.789  1850  2634 I MiuiNetworkPolicy: updateUidState uid = 10157, uidState = 19
06-05 18:21:27.974  2999  3462 D MI_RIL_OEM_HOOK: onPkHookCommonMsg, msg_id = 65
06-05 18:21:27.975  2999  3462 D MI_RIL_OEM_HOOK: onGetHookMsgBytes, HOOK_HEAD_SIZE = 16, msg_len = 4
06-05 18:21:27.975  2999  3462 D MI_RIL_OEM_HOOK: onHookSendSync, phoneId = 0
06-05 18:21:27.976  2930  2930 D QcrilMsgTunnelIfaceManager: handleMessage what = 1
06-05 18:21:27.976  2930  2930 I QcrilOemhookMsgTunnel: [0]invokeOemRilRequestRaw: serial=2034 length=36
06-05 18:21:28.015  1793  2006 D XIAOMI_QCRIL: RIL[lib][xiaomi_extend_nvefs.c:52] xiaomi_qmi_result_map: xiaomi_qmi_result_map, old_result 0, new_result 0
06-05 18:21:28.017  2930  3267 I QcrilOemhookMsgTunnel: [0]processOemHookResponse serial no: 2034 error: 0length=16
06-05 18:21:28.017  2930  2930 D QcrilMsgTunnelIfaceManager: handleMessage what = 2
06-05 18:21:28.018  2999  3462 D QC_RIL_OEM_HOOK: sendOemRilRequestRaw returns value = 16
06-05 18:21:28.018  2999  3462 D ModemSarController_8250: type = 65, len = 4, value = 0
06-05 18:21:29.090  7043  7110 W System.err: DEBUG: com.whatsapp.net.logging.a.a(WtLog.java:10) : Received Alert: Level 2 Description close_notify(0)
06-05 18:21:29.162  7043  7250 W System.err: INFO: com.whatsapp.net.logging.a.a(WtLog.java:10) : Start handshake.
06-05 18:21:29.230  1850  2553 D MIUIInput: [MotionEvent] publisher action=0x4, 5077277, channel '613871d com.miui.securitycenter (server)'
06-05 18:21:29.230  1850  2553 D MIUIInput: [MotionEvent] publisher action=0x4, 5077277, channel 'ef6ede1 com.miui.securitycenter (server)'
06-05 18:21:29.231  1850  2553 D MIUIInput: [MotionEvent] publisher action=0x0, 5077277, channel '1b9faa8 com.blizzard.wtcg.hearthstone/com.blizzard.wtcg.hearthstone.HearthstoneActivity (server)'
06-05 18:21:29.232  7693  7693 I GameBoxTouchListener: onTouch: 	mAdded=false	isLeftShowfalse
06-05 18:21:29.232  7693  7693 I GameBoxTouchListener: onTouch: 	mAdded=false	isLeftShowtrue
06-05 18:21:29.246  7043  7250 W System.err: INFO: com.whatsapp.net.logging.a.a(WtLog.java:10) : Handshake complete : session_resumed false early_data_sent false early_data_accepted false client_cert_requested false time_ms 84
06-05 18:21:29.305  1850  1941 D PerfImpl: perfGetWorkLoadType
06-05 18:21:29.306  1034  1034 E vendor.qti.hardware.perf@2.2-service: Unknown params
06-05 18:21:29.307  1034  1034 I ANDR-PERF-LM: LMPerfGlue: perfmodule_submit_request() 132: perfmodule_submit_request()
06-05 18:21:29.307  1034  1034 I ANDR-PERF-LM: Core: getInstance() 84: LM getInstance
06-05 18:21:29.307  1034  1034 D ANDR-PERF-LM: Feature: lookup() 101: Feature Name = AppClassifier, total featuers = 3, featureFound = 1
06-05 18:21:29.307  1034  1034 D ANDR-PERF-LM: Feature: getData() 112: data.data = 2
06-05 18:21:29.307  1034  1034 I ANDR-PERF-LM: FeedbackAPI: getFeedback() 60: app:com.blizzard.wtcg.hearthstone feature:AppClassifier feedback = 2
06-05 18:21:29.307  1850  1941 D PerfImpl: perfGetWorkLoadType
06-05 18:21:29.308  1034  1034 E vendor.qti.hardware.perf@2.2-service: Unknown params
06-05 18:21:29.308  1034  1034 I ANDR-PERF-LM: LMPerfGlue: perfmodule_submit_request() 132: perfmodule_submit_request()
06-05 18:21:29.308  1034  1034 I ANDR-PERF-LM: Core: getInstance() 84: LM getInstance
06-05 18:21:29.308  1034  1034 D ANDR-PERF-LM: Feature: lookup() 101: Feature Name = AppClassifier, total featuers = 3, featureFound = 1
06-05 18:21:29.308  1034  1034 D ANDR-PERF-LM: Feature: getData() 112: data.data = 2
06-05 18:21:29.308  1034  1034 I ANDR-PERF-LM: FeedbackAPI: getFeedback() 60: app:com.blizzard.wtcg.hearthstone feature:AppClassifier feedback = 2
06-05 18:21:29.308  1850  1941 D PerfImpl: perfLockRelease
06-05 18:21:29.347  2953  3093 I Unity   : [Spell Pooling]  Acquired: Card_Play_Ally_Friendly_Attack(Clone)(Clone)
06-05 18:21:29.578  1850  2553 D MIUIInput: [MotionEvent] publisher action=0x1, 5077625, channel '1b9faa8 com.blizzard.wtcg.hearthstone/com.blizzard.wtcg.hearthstone.HearthstoneActivity (server)'
06-05 18:21:29.579  1850  1941 D PerfImpl: perfGetWorkLoadType
06-05 18:21:29.580  1034  1034 E vendor.qti.hardware.perf@2.2-service: Unknown params
06-05 18:21:29.580  1034  1034 I ANDR-PERF-LM: LMPerfGlue: perfmodule_submit_request() 132: perfmodule_submit_request()
06-05 18:21:29.580  1034  1034 I ANDR-PERF-LM: Core: getInstance() 84: LM getInstance
06-05 18:21:29.580  1034  1034 D ANDR-PERF-LM: Feature: lookup() 101: Feature Name = AppClassifier, total featuers = 3, featureFound = 1
06-05 18:21:29.580  1034  1034 D ANDR-PERF-LM: Feature: getData() 112: data.data = 2
06-05 18:21:29.580  1034  1034 I ANDR-PERF-LM: FeedbackAPI: getFeedback() 60: app:com.blizzard.wtcg.hearthstone feature:AppClassifier feedback = 2
06-05 18:21:29.581  1850  1941 D PerfImpl: perfGetWorkLoadType
06-05 18:21:29.581  1034  1034 E vendor.qti.hardware.perf@2.2-service: Unknown params
06-05 18:21:29.581  1034  1034 I ANDR-PERF-LM: LMPerfGlue: perfmodule_submit_request() 132: perfmodule_submit_request()
06-05 18:21:29.581  1034  1034 I ANDR-PERF-LM: Core: getInstance() 84: LM getInstance
06-05 18:21:29.581  1034  1034 D ANDR-PERF-LM: Feature: lookup() 101: Feature Name = AppClassifier, total featuers = 3, featureFound = 1
06-05 18:21:29.581  1034  1034 D ANDR-PERF-LM: Feature: getData() 112: data.data = 2
06-05 18:21:29.582  1034  1034 I ANDR-PERF-LM: FeedbackAPI: getFeedback() 60: app:com.blizzard.wtcg.hearthstone feature:AppClassifier feedback = 2
06-05 18:21:29.582  1850  1941 D PerfImpl: perfGetWorkLoadType
06-05 18:21:29.582  1034  1034 E vendor.qti.hardware.perf@2.2-service: Unknown params
06-05 18:21:29.582  1034  1034 I ANDR-PERF-LM: LMPerfGlue: perfmodule_submit_request() 132: perfmodule_submit_request()
06-05 18:21:29.582  1034  1034 I ANDR-PERF-LM: Core: getInstance() 84: LM getInstance
06-05 18:21:29.582  1034  1034 D ANDR-PERF-LM: Feature: lookup() 101: Feature Name = AppClassifier, total featuers = 3, featureFound = 1
06-05 18:21:29.582  1034  1034 D ANDR-PERF-LM: Feature: getData() 112: data.data = 2
06-05 18:21:29.582  1034  1034 I ANDR-PERF-LM: FeedbackAPI: getFeedback() 60: app:com.blizzard.wtcg.hearthstone feature:AppClassifier feedback = 2
06-05 18:21:29.582  1850  1941 D PerfImpl: perfLockRelease
06-05 18:21:30.015 31931  6075 V ContactsTaskScheduler: [ContactsPackageMonitor] Thread[Worker-1,5,main] stopping...
06-05 18:21:30.319  1850  2553 D MIUIInput: [MotionEvent] publisher action=0x4, 5078366, channel '613871d com.miui.securitycenter (server)'
06-05 18:21:30.319  1850  2553 D MIUIInput: [MotionEvent] publisher action=0x4, 5078366, channel 'ef6ede1 com.miui.securitycenter (server)'
06-05 18:21:30.319  1850  2553 D MIUIInput: [MotionEvent] publisher action=0x0, 5078366, channel '1b9faa8 com.blizzard.wtcg.hearthstone/com.blizzard.wtcg.hearthstone.HearthstoneActivity (server)'
06-05 18:21:30.320  7693  7693 I GameBoxTouchListener: onTouch: 	mAdded=false	isLeftShowfalse
06-05 18:21:30.320  7693  7693 I GameBoxTouchListener: onTouch: 	mAdded=false	isLeftShowtrue
06-05 18:21:30.394  1850  1941 D PerfImpl: perfGetWorkLoadType
06-05 18:21:30.394  1034  1034 E vendor.qti.hardware.perf@2.2-service: Unknown params
06-05 18:21:30.394  1034  1034 I ANDR-PERF-LM: LMPerfGlue: perfmodule_submit_request() 132: perfmodule_submit_request()
06-05 18:21:30.394  1034  1034 I ANDR-PERF-LM: Core: getInstance() 84: LM getInstance
06-05 18:21:30.394  1034  1034 D ANDR-PERF-LM: Feature: lookup() 101: Feature Name = AppClassifier, total featuers = 3, featureFound = 1
06-05 18:21:30.394  1034  1034 D ANDR-PERF-LM: Feature: getData() 112: data.data = 2
06-05 18:21:30.394  1034  1034 I ANDR-PERF-LM: FeedbackAPI: getFeedback() 60: app:com.blizzard.wtcg.hearthstone feature:AppClassifier feedback = 2
06-05 18:21:30.394  1850  1941 D PerfImpl: perfGetWorkLoadType
06-05 18:21:30.394  1034  1034 E vendor.qti.hardware.perf@2.2-service: Unknown params
06-05 18:21:30.394  1034  1034 I ANDR-PERF-LM: LMPerfGlue: perfmodule_submit_request() 132: perfmodule_submit_request()
06-05 18:21:30.394  1034  1034 I ANDR-PERF-LM: Core: getInstance() 84: LM getInstance
06-05 18:21:30.394  1034  1034 D ANDR-PERF-LM: Feature: lookup() 101: Feature Name = AppClassifier, total featuers = 3, featureFound = 1
06-05 18:21:30.395  1034  1034 D ANDR-PERF-LM: Feature: getData() 112: data.data = 2
06-05 18:21:30.395  1034  1034 I ANDR-PERF-LM: FeedbackAPI: getFeedback() 60: app:com.blizzard.wtcg.hearthstone feature:AppClassifier feedback = 2
06-05 18:21:30.395  1850  1941 D PerfImpl: perfLockRelease
06-05 18:21:30.483  1850  2553 D MIUIInput: [MotionEvent] publisher action=0x1, 5078530, channel '1b9faa8 com.blizzard.wtcg.hearthstone/com.blizzard.wtcg.hearthstone.HearthstoneActivity (server)'
06-05 18:21:30.484  1850  1941 D PerfImpl: perfGetWorkLoadType
06-05 18:21:30.485  1034  1034 E vendor.qti.hardware.perf@2.2-service: Unknown params
06-05 18:21:30.485  1034  1034 I ANDR-PERF-LM: LMPerfGlue: perfmodule_submit_request() 132: perfmodule_submit_request()
06-05 18:21:30.485  1034  1034 I ANDR-PERF-LM: Core: getInstance() 84: LM getInstance
06-05 18:21:30.485  1034  1034 D ANDR-PERF-LM: Feature: lookup() 101: Feature Name = AppClassifier, total featuers = 3, featureFound = 1
06-05 18:21:30.485  1034  1034 D ANDR-PERF-LM: Feature: getData() 112: data.data = 2
06-05 18:21:30.485  1034  1034 I ANDR-PERF-LM: FeedbackAPI: getFeedback() 60: app:com.blizzard.wtcg.hearthstone feature:AppClassifier feedback = 2
06-05 18:21:30.486  1850  1941 D PerfImpl: perfGetWorkLoadType
06-05 18:21:30.486  1034  1034 E vendor.qti.hardware.perf@2.2-service: Unknown params
06-05 18:21:30.486  1034  1034 I ANDR-PERF-LM: LMPerfGlue: perfmodule_submit_request() 132: perfmodule_submit_request()
06-05 18:21:30.486  1034  1034 I ANDR-PERF-LM: Core: getInstance() 84: LM getInstance
06-05 18:21:30.486  1034  1034 D ANDR-PERF-LM: Feature: lookup() 101: Feature Name = AppClassifier, total featuers = 3, featureFound = 1
06-05 18:21:30.486  1034  1034 D ANDR-PERF-LM: Feature: getData() 112: data.data = 2
06-05 18:21:30.486  1034  1034 I ANDR-PERF-LM: FeedbackAPI: getFeedback() 60: app:com.blizzard.wtcg.hearthstone feature:AppClassifier feedback = 2
06-05 18:21:30.486  1850  1941 D PerfImpl: perfGetWorkLoadType
06-05 18:21:30.486  1034  1034 E vendor.qti.hardware.perf@2.2-service: Unknown params
06-05 18:21:30.486  1034  1034 I ANDR-PERF-LM: LMPerfGlue: perfmodule_submit_request() 132: perfmodule_submit_request()
06-05 18:21:30.486  1034  1034 I ANDR-PERF-LM: Core: getInstance() 84: LM getInstance
06-05 18:21:30.486  1034  1034 D ANDR-PERF-LM: Feature: lookup() 101: Feature Name = AppClassifier, total featuers = 3, featureFound = 1
06-05 18:21:30.487  1034  1034 D ANDR-PERF-LM: Feature: getData() 112: data.data = 2
06-05 18:21:30.487  1034  1034 I ANDR-PERF-LM: FeedbackAPI: getFeedback() 60: app:com.blizzard.wtcg.hearthstone feature:AppClassifier feedback = 2
06-05 18:21:30.487  1850  1941 D PerfImpl: perfLockRelease
06-05 18:21:30.492  2953  3093 I Unity   : [Spell Pooling]  Acquired: Card_Hand_Ability_PowerUp(Clone)(Clone)
06-05 18:21:30.627  7552  7931 D ThermalIECHandler: storeDataStyle: thermal_iec_monitor_persistence_data_style_iec_state; startIECTime: -1; IECScreenOffOverPeriodTime: -1
06-05 18:21:30.628  2999  2999 D DynamicService:  ACTION_BATTERY_CHANGED change,USB plug = 2
06-05 18:21:30.629  6316  6316 I BatteryInfoReceiver: ACTION_BATTERY_CHANGED
06-05 18:21:30.632  7552  7857 D PowerCheckerService: onBatteryChanged, mBatteryLevel = 56, status = 2, level = 56, plug = 2, scale = 100
06-05 18:21:30.633  7552  7645 D PowerKeeper.Thermal: mBatteryTemperature: 41
06-05 18:21:30.634  2992  2992 V DeviceStatisticsService: chargerType=2 batteryLevel=56 totalBatteryCapacity=4257200
06-05 18:21:30.634  2992  2992 D DeviceInfoHidlClient: isRadioOn()=true
06-05 18:21:30.634  2992  2992 I DeviceInfoHidlClient: isPowerInfoNeverSent=false batteryLevel=56 batteryLevelIndex=2 chargingMode=2 totalCapacity=4257200 powerSaveMode=false
06-05 18:21:31.131  1850  2553 D MIUIInput: [MotionEvent] publisher action=0x4, 5079177, channel '613871d com.miui.securitycenter (server)'
06-05 18:21:31.131  1850  2553 D MIUIInput: [MotionEvent] publisher action=0x4, 5079177, channel 'ef6ede1 com.miui.securitycenter (server)'
06-05 18:21:31.131  1850  2553 D MIUIInput: [MotionEvent] publisher action=0x0, 5079177, channel '1b9faa8 com.blizzard.wtcg.hearthstone/com.blizzard.wtcg.hearthstone.HearthstoneActivity (server)'
06-05 18:21:31.131  7693  7693 I GameBoxTouchListener: onTouch: 	mAdded=false	isLeftShowfalse
06-05 18:21:31.132  7693  7693 I GameBoxTouchListener: onTouch: 	mAdded=false	isLeftShowtrue
06-05 18:21:31.187  1850  2553 D MIUIInput: [MotionEvent] publisher action=0x1, 5079234, channel '1b9faa8 com.blizzard.wtcg.hearthstone/com.blizzard.wtcg.hearthstone.HearthstoneActivity (server)'
06-05 18:21:31.842  2953  3093 I Unity   : [Spell Pooling]  Acquired: Card_Play_Ally_DamageSplat(Clone)(Clone)
06-05 18:21:32.171  2953  3093 I Unity   : [Spell Pooling]  Acquired: Card_Play_Ally_Death(Clone)(Clone)
06-05 18:21:32.803  1850  2553 D MIUIInput: [MotionEvent] publisher action=0x4, 5080850, channel '613871d com.miui.securitycenter (server)'
06-05 18:21:32.803  1850  2553 D MIUIInput: [MotionEvent] publisher action=0x4, 5080850, channel 'ef6ede1 com.miui.securitycenter (server)'
06-05 18:21:32.803  1850  2553 D MIUIInput: [MotionEvent] publisher action=0x0, 5080850, channel '1b9faa8 com.blizzard.wtcg.hearthstone/com.blizzard.wtcg.hearthstone.HearthstoneActivity (server)'
06-05 18:21:32.803  7693  7693 I GameBoxTouchListener: onTouch: 	mAdded=false	isLeftShowfalse
06-05 18:21:32.804  7693  7693 I GameBoxTouchListener: onTouch: 	mAdded=false	isLeftShowtrue
06-05 18:21:32.893  1850  2553 D MIUIInput: [MotionEvent] publisher action=0x1, 5080940, channel '1b9faa8 com.blizzard.wtcg.hearthstone/com.blizzard.wtcg.hearthstone.HearthstoneActivity (server)'
06-05 18:21:32.917  2999  2999 D DynamicService:  ACTION_BATTERY_CHANGED change,USB plug = 2
06-05 18:21:32.919  2992  2992 V DeviceStatisticsService: chargerType=2 batteryLevel=56 totalBatteryCapacity=4256900
06-05 18:21:32.919  2992  2992 D DeviceInfoHidlClient: isRadioOn()=true
06-05 18:21:32.919  2992  2992 I DeviceInfoHidlClient: isPowerInfoNeverSent=false batteryLevel=56 batteryLevelIndex=2 chargingMode=2 totalCapacity=4256900 powerSaveMode=false
06-05 18:21:32.920  7552  7931 D ThermalIECHandler: storeDataStyle: thermal_iec_monitor_persistence_data_style_iec_state; startIECTime: -1; IECScreenOffOverPeriodTime: -1
06-05 18:21:32.920  7552  7645 D PowerKeeper.Thermal: mBatteryTemperature: 41
06-05 18:21:32.921  6316  6316 I BatteryInfoReceiver: ACTION_BATTERY_CHANGED
06-05 18:21:32.921  7552  7857 D PowerCheckerService: onBatteryChanged, mBatteryLevel = 56, status = 2, level = 56, plug = 2, scale = 100
06-05 18:21:33.018  2999  3462 D MI_RIL_OEM_HOOK: onPkHookCommonMsg, msg_id = 65
06-05 18:21:33.018  2999  3462 D MI_RIL_OEM_HOOK: onGetHookMsgBytes, HOOK_HEAD_SIZE = 16, msg_len = 4
06-05 18:21:33.018  2999  3462 D MI_RIL_OEM_HOOK: onHookSendSync, phoneId = 0
06-05 18:21:33.019  2930  2930 D QcrilMsgTunnelIfaceManager: handleMessage what = 1
06-05 18:21:33.019  2930  2930 I QcrilOemhookMsgTunnel: [0]invokeOemRilRequestRaw: serial=2035 length=36
06-05 18:21:33.059  1793  2006 D XIAOMI_QCRIL: RIL[lib][xiaomi_extend_nvefs.c:52] xiaomi_qmi_result_map: xiaomi_qmi_result_map, old_result 0, new_result 0
06-05 18:21:33.060  2930  3267 I QcrilOemhookMsgTunnel: [0]processOemHookResponse serial no: 2035 error: 0length=16
06-05 18:21:33.061  2930  2930 D QcrilMsgTunnelIfaceManager: handleMessage what = 2
06-05 18:21:33.062  2999  3462 D QC_RIL_OEM_HOOK: sendOemRilRequestRaw returns value = 16
06-05 18:21:33.062  2999  3462 D ModemSarController_8250: type = 65, len = 4, value = 0
06-05 18:21:33.779  1850  2553 D MIUIInput: [MotionEvent] publisher action=0x4, 5081826, channel '613871d com.miui.securitycenter (server)'
06-05 18:21:33.779  1850  2553 D MIUIInput: [MotionEvent] publisher action=0x4, 5081826, channel 'ef6ede1 com.miui.securitycenter (server)'
06-05 18:21:33.780  1850  2553 D MIUIInput: [MotionEvent] publisher action=0x0, 5081826, channel '1b9faa8 com.blizzard.wtcg.hearthstone/com.blizzard.wtcg.hearthstone.HearthstoneActivity (server)'
06-05 18:21:33.780  7693  7693 I GameBoxTouchListener: onTouch: 	mAdded=false	isLeftShowfalse
06-05 18:21:33.780  7693  7693 I GameBoxTouchListener: onTouch: 	mAdded=false	isLeftShowtrue
06-05 18:21:34.423  1850  2553 D MIUIInput: [MotionEvent] publisher action=0x1, 5082470, channel '1b9faa8 com.blizzard.wtcg.hearthstone/com.blizzard.wtcg.hearthstone.HearthstoneActivity (server)'
06-05 18:21:34.956  1850  2553 D MIUIInput: [MotionEvent] publisher action=0x4, 5083003, channel '613871d com.miui.securitycenter (server)'
06-05 18:21:34.956  1850  2553 D MIUIInput: [MotionEvent] publisher action=0x4, 5083003, channel 'ef6ede1 com.miui.securitycenter (server)'
06-05 18:21:34.956  1850  2553 D MIUIInput: [MotionEvent] publisher action=0x0, 5083003, channel '1b9faa8 com.blizzard.wtcg.hearthstone/com.blizzard.wtcg.hearthstone.HearthstoneActivity (server)'
06-05 18:21:34.956  7693  7693 I GameBoxTouchListener: onTouch: 	mAdded=false	isLeftShowfalse
06-05 18:21:34.956  7693  7693 I GameBoxTouchListener: onTouch: 	mAdded=false	isLeftShowtrue
06-05 18:21:34.968  2953  3093 I Unity   : [Spell Pooling]  Acquired: Card_Hand_Ability_SpellPower_HintBurst(Clone)(Clone)
06-05 18:21:34.973  2953  3093 I Unity   : [Spell Pooling]  Acquired: Card_Hand_Ability_SpellPower_Hint(Clone)(Clone)
06-05 18:21:35.559  1850  2553 D MIUIInput: [MotionEvent] publisher action=0x1, 5083606, channel '1b9faa8 com.blizzard.wtcg.hearthstone/com.blizzard.wtcg.hearthstone.HearthstoneActivity (server)'
06-05 18:21:35.677  2953  3093 I Unity   : [Spell Pooling] Released: Card_Play_Ally_SummonIn_Opponent(Clone)(Clone)
06-05 18:21:35.677  2953  3093 I Unity   : [Spell Pooling] Released: Card_Play_Ally_Enchantment_Positive(Clone)(Clone)
06-05 18:21:35.677  2953  3093 I Unity   : [Spell Pooling] Released: Card_Play_Ally_Enchantment_Negative(Clone)(Clone)
06-05 18:21:35.678  2953  3093 I Unity   : [Spell Pooling] Released: Card_Play_Ally_Enchantment_Neutral(Clone)(Clone)
06-05 18:21:35.678  2953  3093 I Unity   : [Spell Pooling] Released: Card_Play_Ally_Zzz(Clone)(Clone)
06-05 18:21:35.678  2953  3093 I Unity   : [Spell Pooling] Released: Card_Play_Ally_BattleCry(Clone)(Clone)
06-05 18:21:35.678  2953  3093 I Unity   : [Spell Pooling] Released: Card_Play_Ally_DamageSplat(Clone)(Clone)
06-05 18:21:35.679  2953  3093 I Unity   : [Spell Pooling] Released: Card_Play_Ally_Death(Clone)(Clone)
06-05 18:21:35.729  1850  2553 D MIUIInput: [MotionEvent] publisher action=0x4, 5083776, channel '613871d com.miui.securitycenter (server)'
06-05 18:21:35.729  1850  2553 D MIUIInput: [MotionEvent] publisher action=0x4, 5083776, channel 'ef6ede1 com.miui.securitycenter (server)'
06-05 18:21:35.729  1850  2553 D MIUIInput: [MotionEvent] publisher action=0x0, 5083776, channel '1b9faa8 com.blizzard.wtcg.hearthstone/com.blizzard.wtcg.hearthstone.HearthstoneActivity (server)'
06-05 18:21:35.729  7693  7693 I GameBoxTouchListener: onTouch: 	mAdded=false	isLeftShowfalse
06-05 18:21:35.730  7693  7693 I GameBoxTouchListener: onTouch: 	mAdded=false	isLeftShowtrue
06-05 18:21:35.742  2953  3093 I Unity   : [Spell Pooling]  Acquired: Card_Hand_Ability_SpellPower_HintBurst(Clone)(Clone)
06-05 18:21:35.742  2953  3093 I Unity   : [Spell Pooling]  Acquired: Card_Hand_Ability_SpellPower_Hint(Clone)(Clone)
06-05 18:21:35.955  1103  6927 I audioserver: setGameParameters keyvalue: xlog.volume.music.speaker=54
06-05 18:21:35.955   975  1043 D audio_hw_primary: adev_set_parameters: enter: xlog.volume.music.speaker=54
06-05 18:21:35.956   975  1043 V msm8974_platform: platform_set_parameters: enter: xlog.volume.music.speaker=54
06-05 18:21:35.956   975  1043 D audio_hw_hfp: hfp_set_parameters: enter
06-05 18:21:35.956   975  1043 D audio_hw_hfp: hfp_set_parameters: enter
06-05 18:21:35.956   975  1043 V a2dp_offload: end of a2dp setparam
06-05 18:21:35.956   975  1043 D audio_hw_cspl_cal: cirrus_cal_setparameters: enter 0xf3003600
06-05 18:21:35.956   975  1043 D audio_hw_extn: audio_extn_fm_set_parameters: Enter
06-05 18:21:35.956   975  1043 D audio_hw_hfp: hfp_set_parameters: enter
06-05 18:21:35.956   975  1043 V a2dp_offload: end of a2dp setparam
06-05 18:21:35.956   975  1043 D audio_hw_primary: adev_set_parameters: exit with code(0)
06-05 18:21:35.956  1103  6927 I audioserver: setGameParameters keyvalue: xlog.volume.music.speaker=54
06-05 18:21:35.957   975  1043 D audio_hw_primary: adev_set_parameters: enter: xlog.volume.music.speaker=54
06-05 18:21:35.957   975  1043 V msm8974_platform: platform_set_parameters: enter: xlog.volume.music.speaker=54
06-05 18:21:35.957   975  1043 D audio_hw_hfp: hfp_set_parameters: enter
06-05 18:21:35.957   975  1043 D audio_hw_hfp: hfp_set_parameters: enter
06-05 18:21:35.957   975  1043 V a2dp_offload: end of a2dp setparam
06-05 18:21:35.957   975  1043 D audio_hw_cspl_cal: cirrus_cal_setparameters: enter 0xf3003600
06-05 18:21:35.957   975  1043 D audio_hw_extn: audio_extn_fm_set_parameters: Enter
06-05 18:21:35.957   975  1043 D audio_hw_hfp: hfp_set_parameters: enter
06-05 18:21:35.957   975  1043 V a2dp_offload: end of a2dp setparam
06-05 18:21:35.957   975  1043 D audio_hw_primary: adev_set_parameters: exit with code(0)
06-05 18:21:36.016  1850  2553 D MIUIInput: [MotionEvent] publisher action=0x1, 5084063, channel '1b9faa8 com.blizzard.wtcg.hearthstone/com.blizzard.wtcg.hearthstone.HearthstoneActivity (server)'
06-05 18:21:36.038  7552  7931 D ThermalIECHandler: storeDataStyle: thermal_iec_monitor_persistence_data_style_iec_state; startIECTime: -1; IECScreenOffOverPeriodTime: -1
06-05 18:21:36.040  6316  6316 I BatteryInfoReceiver: ACTION_BATTERY_CHANGED
06-05 18:21:36.041  2992  2992 V DeviceStatisticsService: chargerType=2 batteryLevel=56 totalBatteryCapacity=4256500
06-05 18:21:36.041  2992  2992 D DeviceInfoHidlClient: isRadioOn()=true
06-05 18:21:36.041  2992  2992 I DeviceInfoHidlClient: isPowerInfoNeverSent=false batteryLevel=56 batteryLevelIndex=2 chargingMode=2 totalCapacity=4256500 powerSaveMode=false
06-05 18:21:36.042  7552  7645 D PowerKeeper.Thermal: mBatteryTemperature: 41
06-05 18:21:36.042  2999  2999 D DynamicService:  ACTION_BATTERY_CHANGED change,USB plug = 2
06-05 18:21:36.043  7552  7857 D PowerCheckerService: onBatteryChanged, mBatteryLevel = 56, status = 2, level = 56, plug = 2, scale = 100
