06-05 18:20:26.525  2953  3247 W Unity   : The referenced script on this Behaviour (Game Object '<null>') is missing!
06-05 18:20:26.525  2953  3247 W Unity   : (Filename:  Line: 334)
06-05 18:20:26.525  2953  3247 W Unity   :
06-05 18:20:26.525  2953  3247 W Unity   : The referenced script (Unknown) on this Behaviour is missing!
06-05 18:20:26.525  2953  3247 W Unity   : (Filename:  Line: 199)
06-05 18:20:26.525  2953  3247 W Unity   :
06-05 18:20:26.526  2953  3247 W Unity   : The referenced script on this Behaviour (Game Object '<null>') is missing!
06-05 18:20:26.526  2953  3247 W Unity   : (Filename:  Line: 334)
06-05 18:20:26.526  2953  3247 W Unity   :
06-05 18:20:26.526  2953  3247 W Unity   : The referenced script (Unknown) on this Behaviour is missing!
06-05 18:20:26.526  2953  3247 W Unity   : (Filename:  Line: 199)
06-05 18:20:26.526  2953  3247 W Unity   :
06-05 18:20:26.526  2953  3247 W Unity   : The referenced script on this Behaviour (Game Object '<null>') is missing!
06-05 18:20:26.526  2953  3247 W Unity   : (Filename:  Line: 334)
06-05 18:20:26.526  2953  3247 W Unity   :
06-05 18:20:26.526  2953  3247 W Unity   : The referenced script (Unknown) on this Behaviour is missing!
06-05 18:20:26.526  2953  3247 W Unity   : (Filename:  Line: 199)
06-05 18:20:26.526  2953  3247 W Unity   :
06-05 18:20:26.527  2953  3247 W Unity   : The referenced script on this Behaviour (Game Object '<null>') is missing!
06-05 18:20:26.527  2953  3247 W Unity   : (Filename:  Line: 334)
06-05 18:20:26.527  2953  3247 W Unity   :
06-05 18:20:26.527  2953  3247 W Unity   : The referenced script (Unknown) on this Behaviour is missing!
06-05 18:20:26.527  2953  3247 W Unity   : (Filename:  Line: 199)
06-05 18:20:26.527  2953  3247 W Unity   :
06-05 18:20:26.527  2953  3247 W Unity   : The referenced script on this Behaviour (Game Object '<null>') is missing!
06-05 18:20:26.527  2953  3247 W Unity   : (Filename:  Line: 334)
06-05 18:20:26.527  2953  3247 W Unity   :
06-05 18:20:26.527  2953  3247 W Unity   : The referenced script (Unknown) on this Behaviour is missing!
06-05 18:20:26.527  2953  3247 W Unity   : (Filename:  Line: 199)
06-05 18:20:26.527  2953  3247 W Unity   :
06-05 18:20:26.527  2953  3247 W Unity   : The referenced script on this Behaviour (Game Object '<null>') is missing!
06-05 18:20:26.527  2953  3247 W Unity   : (Filename:  Line: 334)
06-05 18:20:26.527  2953  3247 W Unity   :
06-05 18:20:26.527  2953  3247 W Unity   : The referenced script (Unknown) on this Behaviour is missing!
06-05 18:20:26.527  2953  3247 W Unity   : (Filename:  Line: 199)
06-05 18:20:26.527  2953  3247 W Unity   :
06-05 18:20:26.527  2953  3247 W Unity   : The referenced script on this Behaviour (Game Object '<null>') is missing!
06-05 18:20:26.527  2953  3247 W Unity   : (Filename:  Line: 334)
06-05 18:20:26.527  2953  3247 W Unity   :
06-05 18:20:26.527  2953  3247 W Unity   : The referenced script (Unknown) on this Behaviour is missing!
06-05 18:20:26.527  2953  3247 W Unity   : (Filename:  Line: 199)
06-05 18:20:26.527  2953  3247 W Unity   :
06-05 18:20:26.528  2953  3247 W Unity   : The referenced script on this Behaviour (Game Object '<null>') is missing!
06-05 18:20:26.528  2953  3247 W Unity   : (Filename:  Line: 334)
06-05 18:20:26.528  2953  3247 W Unity   :
06-05 18:20:26.528  2953  3247 W Unity   : The referenced script (Unknown) on this Behaviour is missing!
06-05 18:20:26.528  2953  3247 W Unity   : (Filename:  Line: 199)
06-05 18:20:26.528  2953  3247 W Unity   :
06-05 18:20:26.528  2953  3247 W Unity   : The referenced script on this Behaviour (Game Object '<null>') is missing!
06-05 18:20:26.528  2953  3247 W Unity   : (Filename:  Line: 334)
06-05 18:20:26.528  2953  3247 W Unity   :
06-05 18:20:26.528  2953  3247 W Unity   : The referenced script (Unknown) on this Behaviour is missing!
06-05 18:20:26.528  2953  3247 W Unity   : (Filename:  Line: 199)
06-05 18:20:26.528  2953  3247 W Unity   :
06-05 18:20:26.529  2953  3247 W Unity   : The referenced script on this Behaviour (Game Object '<null>') is missing!
06-05 18:20:26.529  2953  3247 W Unity   : (Filename:  Line: 334)
06-05 18:20:26.529  2953  3247 W Unity   :
06-05 18:20:26.530  2953  3247 W Unity   : The referenced script (Unknown) on this Behaviour is missing!
06-05 18:20:26.530  2953  3247 W Unity   : (Filename:  Line: 199)
06-05 18:20:26.530  2953  3247 W Unity   :
06-05 18:20:26.530  2953  3247 W Unity   : The referenced script on this Behaviour (Game Object '<null>') is missing!
06-05 18:20:26.530  2953  3247 W Unity   : (Filename:  Line: 334)
06-05 18:20:26.530  2953  3247 W Unity   :
06-05 18:20:26.530  2953  3247 W Unity   : The referenced script (Unknown) on this Behaviour is missing!
06-05 18:20:26.530  2953  3247 W Unity   : (Filename:  Line: 199)
06-05 18:20:26.530  2953  3247 W Unity   :
06-05 18:20:26.530  2953  3247 W Unity   : The referenced script on this Behaviour (Game Object '<null>') is missing!
06-05 18:20:26.530  2953  3247 W Unity   : (Filename:  Line: 334)
06-05 18:20:26.530  2953  3247 W Unity   :
06-05 18:20:26.530  2953  3247 W Unity   : The referenced script (Unknown) on this Behaviour is missing!
06-05 18:20:26.530  2953  3247 W Unity   : (Filename:  Line: 199)
06-05 18:20:26.530  2953  3247 W Unity   :
06-05 18:20:26.531  2953  3247 W Unity   : The referenced script on this Behaviour (Game Object '<null>') is missing!
06-05 18:20:26.531  2953  3247 W Unity   : (Filename:  Line: 334)
06-05 18:20:26.531  2953  3247 W Unity   :
06-05 18:20:26.531  2953  3247 W Unity   : The referenced script (Unknown) on this Behaviour is missing!
06-05 18:20:26.531  2953  3247 W Unity   : (Filename:  Line: 199)
06-05 18:20:26.531  2953  3247 W Unity   :
06-05 18:20:26.531  2953  3247 W Unity   : The referenced script on this Behaviour (Game Object '<null>') is missing!
06-05 18:20:26.531  2953  3247 W Unity   : (Filename:  Line: 334)
06-05 18:20:26.531  2953  3247 W Unity   :
06-05 18:20:26.532  2953  3247 W Unity   : The referenced script (Unknown) on this Behaviour is missing!
06-05 18:20:26.532  2953  3247 W Unity   : (Filename:  Line: 199)
06-05 18:20:26.532  2953  3247 W Unity   :
06-05 18:20:26.532  2953  3247 W Unity   : The referenced script on this Behaviour (Game Object '<null>') is missing!
06-05 18:20:26.532  2953  3247 W Unity   : (Filename:  Line: 334)
06-05 18:20:26.532  2953  3247 W Unity   :
06-05 18:20:26.538  2953  3247 W Unity   : The referenced script (Unknown) on this Behaviour is missing!
06-05 18:20:26.538  2953  3247 W Unity   : (Filename:  Line: 199)
06-05 18:20:26.538  2953  3247 W Unity   :
06-05 18:20:26.538  2953  3247 W Unity   : The referenced script on this Behaviour (Game Object '<null>') is missing!
06-05 18:20:26.538  2953  3247 W Unity   : (Filename:  Line: 334)
06-05 18:20:26.538  2953  3247 W Unity   :
06-05 18:20:26.538  2953  3247 W Unity   : The referenced script (Unknown) on this Behaviour is missing!
06-05 18:20:26.538  2953  3247 W Unity   : (Filename:  Line: 199)
06-05 18:20:26.538  2953  3247 W Unity   :
06-05 18:20:26.539  2953  3247 W Unity   : The referenced script on this Behaviour (Game Object '<null>') is missing!
06-05 18:20:26.539  2953  3247 W Unity   : (Filename:  Line: 334)
06-05 18:20:26.539  2953  3247 W Unity   :
06-05 18:20:26.539  2953  3247 W Unity   : The referenced script (Unknown) on this Behaviour is missing!
06-05 18:20:26.539  2953  3247 W Unity   : (Filename:  Line: 199)
06-05 18:20:26.539  2953  3247 W Unity   :
06-05 18:20:26.539  2953  3247 W Unity   : The referenced script on this Behaviour (Game Object '<null>') is missing!
06-05 18:20:26.539  2953  3247 W Unity   : (Filename:  Line: 334)
06-05 18:20:26.539  2953  3247 W Unity   :
06-05 18:20:26.539  2953  3247 W Unity   : The referenced script (Unknown) on this Behaviour is missing!
06-05 18:20:26.539  2953  3247 W Unity   : (Filename:  Line: 199)
06-05 18:20:26.539  2953  3247 W Unity   :
06-05 18:20:26.539  2953  3247 W Unity   : The referenced script on this Behaviour (Game Object '<null>') is missing!
06-05 18:20:26.539  2953  3247 W Unity   : (Filename:  Line: 334)
06-05 18:20:26.539  2953  3247 W Unity   :
06-05 18:20:26.539  2953  3247 W Unity   : The referenced script (Unknown) on this Behaviour is missing!
06-05 18:20:26.539  2953  3247 W Unity   : (Filename:  Line: 199)
06-05 18:20:26.539  2953  3247 W Unity   :
06-05 18:20:26.539  2953  3247 W Unity   : The referenced script on this Behaviour (Game Object '<null>') is missing!
06-05 18:20:26.539  2953  3247 W Unity   : (Filename:  Line: 334)
06-05 18:20:26.539  2953  3247 W Unity   :
06-05 18:20:26.540  2953  3247 W Unity   : The referenced script (Unknown) on this Behaviour is missing!
06-05 18:20:26.540  2953  3247 W Unity   : (Filename:  Line: 199)
06-05 18:20:26.540  2953  3247 W Unity   :
06-05 18:20:26.540  2953  3247 W Unity   : The referenced script on this Behaviour (Game Object '<null>') is missing!
06-05 18:20:26.540  2953  3247 W Unity   : (Filename:  Line: 334)
06-05 18:20:26.540  2953  3247 W Unity   :
06-05 18:20:26.540  2953  3247 W Unity   : The referenced script (Unknown) on this Behaviour is missing!
06-05 18:20:26.540  2953  3247 W Unity   : (Filename:  Line: 199)
06-05 18:20:26.540  2953  3247 W Unity   :
06-05 18:20:26.540  2953  3247 W Unity   : The referenced script on this Behaviour (Game Object '<null>') is missing!
06-05 18:20:26.540  2953  3247 W Unity   : (Filename:  Line: 334)
06-05 18:20:26.540  2953  3247 W Unity   :
06-05 18:20:26.541  2953  3247 W Unity   : The referenced script (Unknown) on this Behaviour is missing!
06-05 18:20:26.541  2953  3247 W Unity   : (Filename:  Line: 199)
06-05 18:20:26.541  2953  3247 W Unity   :
06-05 18:20:26.541  2953  3247 W Unity   : The referenced script on this Behaviour (Game Object '<null>') is missing!
06-05 18:20:26.541  2953  3247 W Unity   : (Filename:  Line: 334)
06-05 18:20:26.541  2953  3247 W Unity   :
06-05 18:20:26.541  2953  3247 W Unity   : The referenced script (Unknown) on this Behaviour is missing!
06-05 18:20:26.541  2953  3247 W Unity   : (Filename:  Line: 199)
06-05 18:20:26.541  2953  3247 W Unity   :
06-05 18:20:26.541  2953  3247 W Unity   : The referenced script on this Behaviour (Game Object '<null>') is missing!
06-05 18:20:26.541  2953  3247 W Unity   : (Filename:  Line: 334)
06-05 18:20:26.541  2953  3247 W Unity   :
06-05 18:20:26.541  2953  3247 W Unity   : The referenced script (Unknown) on this Behaviour is missing!
06-05 18:20:26.541  2953  3247 W Unity   : (Filename:  Line: 199)
06-05 18:20:26.541  2953  3247 W Unity   :
06-05 18:20:26.541  2953  3247 W Unity   : The referenced script on this Behaviour (Game Object '<null>') is missing!
06-05 18:20:26.541  2953  3247 W Unity   : (Filename:  Line: 334)
06-05 18:20:26.541  2953  3247 W Unity   :
06-05 18:20:26.541  2953  3247 W Unity   : The referenced script (Unknown) on this Behaviour is missing!
06-05 18:20:26.541  2953  3247 W Unity   : (Filename:  Line: 199)
06-05 18:20:26.541  2953  3247 W Unity   :
06-05 18:20:26.542  2953  3247 W Unity   : The referenced script on this Behaviour (Game Object '<null>') is missing!
06-05 18:20:26.542  2953  3247 W Unity   : (Filename:  Line: 334)
06-05 18:20:26.542  2953  3247 W Unity   :
06-05 18:20:26.542  2953  3247 W Unity   : The referenced script (Unknown) on this Behaviour is missing!
06-05 18:20:26.542  2953  3247 W Unity   : (Filename:  Line: 199)
06-05 18:20:26.542  2953  3247 W Unity   :
06-05 18:20:26.542  2953  3247 W Unity   : The referenced script on this Behaviour (Game Object '<null>') is missing!
06-05 18:20:26.542  2953  3247 W Unity   : (Filename:  Line: 334)
06-05 18:20:26.542  2953  3247 W Unity   :
06-05 18:20:26.543  2953  3247 W Unity   : The referenced script (Unknown) on this Behaviour is missing!
06-05 18:20:26.543  2953  3247 W Unity   : (Filename:  Line: 199)
06-05 18:20:26.543  2953  3247 W Unity   :
06-05 18:20:26.543  2953  3247 W Unity   : The referenced script on this Behaviour (Game Object '<null>') is missing!
06-05 18:20:26.543  2953  3247 W Unity   : (Filename:  Line: 334)
06-05 18:20:26.543  2953  3247 W Unity   :
06-05 18:20:26.543  2953  3247 W Unity   : The referenced script (Unknown) on this Behaviour is missing!
06-05 18:20:26.543  2953  3247 W Unity   : (Filename:  Line: 199)
06-05 18:20:26.543  2953  3247 W Unity   :
06-05 18:20:26.544  2953  3247 W Unity   : The referenced script on this Behaviour (Game Object '<null>') is missing!
06-05 18:20:26.544  2953  3247 W Unity   : (Filename:  Line: 334)
06-05 18:20:26.544  2953  3247 W Unity   :
06-05 18:20:26.544  2953  3247 W Unity   : The referenced script (Unknown) on this Behaviour is missing!
06-05 18:20:26.544  2953  3247 W Unity   : (Filename:  Line: 199)
06-05 18:20:26.544  2953  3247 W Unity   :
06-05 18:20:26.544  2953  3247 W Unity   : The referenced script on this Behaviour (Game Object '<null>') is missing!
06-05 18:20:26.544  2953  3247 W Unity   : (Filename:  Line: 334)
06-05 18:20:26.544  2953  3247 W Unity   :
06-05 18:20:26.544  2953  3247 W Unity   : The referenced script (Unknown) on this Behaviour is missing!
06-05 18:20:26.544  2953  3247 W Unity   : (Filename:  Line: 199)
06-05 18:20:26.544  2953  3247 W Unity   :
06-05 18:20:26.545  2953  3247 W Unity   : The referenced script on this Behaviour (Game Object '<null>') is missing!
06-05 18:20:26.545  2953  3247 W Unity   : (Filename:  Line: 334)
06-05 18:20:26.545  2953  3247 W Unity   :
06-05 18:20:26.545  2953  3247 W Unity   : The referenced script (Unknown) on this Behaviour is missing!
06-05 18:20:26.545  2953  3247 W Unity   : (Filename:  Line: 199)
06-05 18:20:26.545  2953  3247 W Unity   :
06-05 18:20:26.545  2953  3247 W Unity   : The referenced script on this Behaviour (Game Object '<null>') is missing!
06-05 18:20:26.545  2953  3247 W Unity   : (Filename:  Line: 334)
06-05 18:20:26.545  2953  3247 W Unity   :
06-05 18:20:26.545  2953  3247 W Unity   : The referenced script (Unknown) on this Behaviour is missing!
06-05 18:20:26.545  2953  3247 W Unity   : (Filename:  Line: 199)
06-05 18:20:26.545  2953  3247 W Unity   :
06-05 18:20:26.546  2953  3247 W Unity   : The referenced script on this Behaviour (Game Object '<null>') is missing!
06-05 18:20:26.546  2953  3247 W Unity   : (Filename:  Line: 334)
06-05 18:20:26.546  2953  3247 W Unity   :
06-05 18:20:26.546  2953  3247 W Unity   : The referenced script (Unknown) on this Behaviour is missing!
06-05 18:20:26.546  2953  3247 W Unity   : (Filename:  Line: 199)
06-05 18:20:26.546  2953  3247 W Unity   :
06-05 18:20:26.546  2953  3247 W Unity   : The referenced script on this Behaviour (Game Object '<null>') is missing!
06-05 18:20:26.546  2953  3247 W Unity   : (Filename:  Line: 334)
06-05 18:20:26.546  2953  3247 W Unity   :
06-05 18:20:26.573  1057  1057 D DisplayFeatureHal: setFeatureEnable: FeatureId=FPS_SWITCH_STATE modeId=60 cookie=253
06-05 18:20:26.573  1057  1057 D DisplayFeatureHal: current wcg state 0, setting to 0
06-05 18:20:26.574  1057  1057 I DisplayFeatureHal: preHandleFpsSwitch: Thermal app set input_fps[60], current_fps[60], cookie[253], mSmartFpsEnable[0]
06-05 18:20:26.575     1     1 W /system/bin/init: type=1107 audit(0.0:5639): uid=0 auid=4294967295 ses=4294967295 subj=u:r:init:s0 msg='avc: denied { set } for property=vendor.displayfeature.thermal.dfps.level pid=1057 uid=1000 gid=1000 scontext=u:r:hal_displayfeature_xiaomi_default:s0 tcontext=u:object_r:vendor_default_prop:s0 tclass=property_service permissive=0'
06-05 18:20:26.586  1057  1057 W libc    : Unable to set property "vendor.displayfeature.thermal.dfps.level" to "60": error code: 0x18
06-05 18:20:26.586  1057  1057 I DisplayFeatureHal: preHandleFpsSwitch: pending fps(60)
06-05 18:20:26.586  1057  1057 I DisplayFeatureHal: setFeatureEnable: [FPS_SWITCH_STATE]: modeId:60, cookie:253, input_pending_fps:60
06-05 18:20:26.586  1057  1501 I DisplayFeatureHal: HandleFpsSwitch: pending_fps[60], current_fps[60], doze_pending_fps[0], mSmartFpsEnable[0]
06-05 18:20:26.586  1057  1501 I DisplayFeatureHal: HandleFpsSwitch: smart[60], settings[60], thermal[60], power[0], video[0], game[60], app[60], last_module[Game]
06-05 18:20:26.623  1850  2553 D MIUIInput: [MotionEvent] publisher action=0x4, 5014670, channel '613871d com.miui.securitycenter (server)'
06-05 18:20:26.623  1850  2553 D MIUIInput: [MotionEvent] publisher action=0x4, 5014670, channel 'ef6ede1 com.miui.securitycenter (server)'
06-05 18:20:26.623  1850  2553 D MIUIInput: [MotionEvent] publisher action=0x0, 5014670, channel '1b9faa8 com.blizzard.wtcg.hearthstone/com.blizzard.wtcg.hearthstone.HearthstoneActivity (server)'
06-05 18:20:26.624  7693  7693 I GameBoxTouchListener: onTouch: 	mAdded=false	isLeftShowfalse
06-05 18:20:26.624  7693  7693 I GameBoxTouchListener: onTouch: 	mAdded=false	isLeftShowtrue
06-05 18:20:26.661  5528  7026 D CloudServiceSync.ContactsSyncAdapter: processSyncContact(): lastPage=true, syncExtraInfo=Fr7hiramYBYAFgAWABYAFgAiJsK_ibAwAsgBAA
06-05 18:20:26.661  5528  7026 D ##XLogger##: com.miui.micloudsync.util.ExLog::d@SourceFile:68, thread:88--CloudServiceSync.ContactsSyncAdapter, processSyncContact(): lastPage=true, syncExtraInfo=Fr7hiramYBYAFgAWABYAFgAiJsK_ibAwAsgBAA
06-05 18:20:26.662  5647  5705 I [com.android.contacts,5528]:ContactsSyncAdapter: processSyncContact(): lastPage=  true;syncExtraInfo=Fr7hiramYBYAFgAWABYAFgAiJsK_ibAwAsgBAA
06-05 18:20:26.663  5528  7026 W CloudServiceSync.ContactsSyncAdapter: syncContact(): contactSize=0
06-05 18:20:26.663  5528  7026 W ##XLogger##: com.miui.micloudsync.util.ExLog::w@SourceFile:113, thread:88--CloudServiceSync.ContactsSyncAdapter, syncContact(): contactSize=0
06-05 18:20:26.664  5647  5705 I [com.android.contacts,5528]:ContactsSyncAdapter: syncContact(): contactSize= 0
06-05 18:20:26.665  5528  7026 D CloudServiceSync.ContactsSyncAdapter: setSyncState(): syncStateUri=content://com.android.contacts/syncstate
06-05 18:20:26.665  5528  7026 D ##XLogger##: com.miui.micloudsync.util.ExLog::d@SourceFile:68, thread:88--CloudServiceSync.ContactsSyncAdapter, setSyncState(): syncStateUri=content://com.android.contacts/syncstate
06-05 18:20:26.665  5647  5705 I [com.android.contacts,5528]:ContactsSyncAdapter: syncContact(): insertNum=0;deleteNum=0;updateNum=0
06-05 18:20:26.665  5528  7026 D CloudServiceSync.ContactsSyncAdapter: buildSyncStateData(): {"syncTag":"0","syncExtraInfo":"Fr7hiramYBYAFgAWABYAFgAiJsK_ibAwAsgBAA","syncVersion":"3"}
06-05 18:20:26.665  5528  7026 D ##XLogger##: com.miui.micloudsync.util.ExLog::d@SourceFile:68, thread:88--CloudServiceSync.ContactsSyncAdapter, buildSyncStateData(): {"syncTag":"0","syncExtraInfo":"Fr7hiramYBYAFgAWABYAFgAiJsK_ibAwAsgBAA","syncVersion":"3"}
06-05 18:20:26.666  5528  7026 D CloudServiceSync.ContactsSyncAdapter: setSyncState(): newSyncState={"syncTag":"0","syncExtraInfo":"Fr7hiramYBYAFgAWABYAFgAiJsK_ibAwAsgBAA","syncVersion":"3"}
06-05 18:20:26.666  5528  7026 D ##XLogger##: com.miui.micloudsync.util.ExLog::d@SourceFile:68, thread:88--CloudServiceSync.ContactsSyncAdapter, setSyncState(): newSyncState={"syncTag":"0","syncExtraInfo":"Fr7hiramYBYAFgAWABYAFgAiJsK_ibAwAsgBAA","syncVersion":"3"}
06-05 18:20:26.671 31931  5527 I ContactsProvider: Contacts insert: CPID=5528, CallingPackage = com.miui.micloudsync User=0
06-05 18:20:26.673  5042  5042 I ContactsDataManager: ContactsDataManager.onContentChanged():155 onContentChanged()
06-05 18:20:26.673  5042  5042 I EmailDataManager: EmailDataManager.onContentChanged():115 onContentChanged()
06-05 18:20:26.674  3143  3143 I NearbySharing: The contact book (uri: content://com.android.contacts) has been modified. [CONTEXT service_id=194 ]
06-05 18:20:26.674  3143  3143 I NearbySharing: Ignoring the contact book change, as we're already batching the request. [CONTEXT service_id=194 ]
06-05 18:20:26.677 31931  5969 I ContactsProvider: Contacts query: CPID=1850, CallingPackage = android User=0
06-05 18:20:26.678 31931  5969 D SyncAccountUtils: getSelectionWritableAccountTypes(): readonly types: ('org.telegram.messenger','com.google.android.apps.tachyon','com.facebook.messenger')
06-05 18:20:26.686 31931  5969 I ContactsProvider: Contacts query: CPID=5528, CallingPackage = com.miui.micloudsync User=0
06-05 18:20:26.689  5528  7026 D CloudServiceSync.ContactsSyncAdapter: setSyncState(): new sync state {"syncTag":"0","syncExtraInfo":"Fr7hiramYBYAFgAWABYAFgAiJsK_ibAwAsgBAA","syncVersion":"3"} save successful, current sync state {"syncTag":"0","syncExtraInfo":"Fr7hiramYBYAFgAWABYAFgAiJsK_ibAwAsgBAA","syncVersion":"3"}
06-05 18:20:26.689  5528  7026 D ##XLogger##: com.miui.micloudsync.util.ExLog::d@SourceFile:68, thread:88--CloudServiceSync.ContactsSyncAdapter, setSyncState(): new sync state {"syncTag":"0","syncExtraInfo":"Fr7hiramYBYAFgAWABYAFgAiJsK_ibAwAsgBAA","syncVersion":"3"} save successful, current sync state {"syncTag":"0","syncExtraInfo":"Fr7hiramYBYAFgAWABYAFgAiJsK_ibAwAsgBAA","syncVersion":"3"}
06-05 18:20:26.691  5647  5705 I [com.android.contacts,5528]:ContactsSyncAdapter: contactsSync：validCloudContactNum = 0,localUpdateContactNum = 0
06-05 18:20:26.695  5528  7026 D SyncInfoProviderBase: queryCount, uri: content://com.android.contacts/raw_contacts
06-05 18:20:26.698 31931  5969 I ContactsProvider: Contacts query: CPID=5528, CallingPackage = com.miui.micloudsync User=0
06-05 18:20:26.708  5528  7026 D SyncInfoProviderBase: queryCount, uri: content://com.android.contacts/raw_contacts
06-05 18:20:26.713 31931  5527 I ContactsProvider: Contacts query: CPID=5528, CallingPackage = com.miui.micloudsync User=0
06-05 18:20:26.721  5528  7026 D SyncInfoProviderBase: queryCount, uri: content://com.android.contacts/raw_contact_entities?caller_is_syncadapter=true
06-05 18:20:26.735  3143  5551 I NetworkScheduler.Stats: Task com.google.android.gms/com.google.android.gms.icing.proxy.IcingInternalCorporaUpdateService started execution. cause:9 exec_start_elapsed_seconds: 9208 [CONTEXT service_id=218 ]
06-05 18:20:26.736  2953  3093 W Unity   : Card.OnSpellStateFinished_CustomDeath() - spell TSCFX_Whirlpool_CustomDeath(Clone) (Spell) on Card [entityName=Onyxian Warder id=27 zone=GRAVEYARD zonePos=0 cardId=ONY_001 player=1] has no Actor ancestor
06-05 18:20:26.736  2953  3093 W Unity   : (Filename: ./Runtime/Export/Debug/Debug.bindings.h Line: 39)
06-05 18:20:26.736  2953  3093 W Unity   :
06-05 18:20:26.738 31931  5969 I ContactsProvider: Contacts query: CPID=5528, CallingPackage = com.miui.micloudsync User=0
06-05 18:20:26.738  2953  3093 I Unity   : [Spell Pooling] Released: Card_Play_Ally_SummonIn_Opponent(Clone)(Clone)
06-05 18:20:26.738  2953  3093 I Unity   : [Spell Pooling] Released: Card_Play_Ally_Enchantment_Positive(Clone)(Clone)
06-05 18:20:26.738  2953  3093 I Unity   : [Spell Pooling] Released: Card_Play_Ally_Enchantment_Negative(Clone)(Clone)
06-05 18:20:26.738  2953  3093 I Unity   : [Spell Pooling] Released: Card_Play_Ally_Enchantment_Neutral(Clone)(Clone)
06-05 18:20:26.738  2953  3093 I Unity   : [Spell Pooling] Released: Card_Play_Ally_Zzz(Clone)(Clone)
06-05 18:20:26.739  2953  3093 I Unity   : [Spell Pooling] Released: Card_Play_Ally_BattleCry(Clone)(Clone)
06-05 18:20:26.739  2953  3093 I Unity   : [Spell Pooling] Released: Card_Play_Ally_DamageSplat(Clone)(Clone)
06-05 18:20:26.739  2953  3093 I Unity   : [Spell Pooling] Released: Card_Play_Ally_Opponent_Attack(Clone)(Clone)
06-05 18:20:26.745  5647  5705 I [com.android.contacts,5528]:ContactsSyncAdapter: doResync Before SyncInfo: SyncDataInfo[com.android.contacts]  {synced count:0, unsynced count:0, unsynced secret count:-1, unsynced wifi only count:0}
06-05 18:20:26.746  5528  7026 D CloudServiceSync.ContactsSyncAdapter: processSyncContact(): end...
06-05 18:20:26.746  5528  7026 D ##XLogger##: com.miui.micloudsync.util.ExLog::end@SourceFile:38, thread:88--CloudServiceSync.ContactsSyncAdapter, processSyncContact(): end...
06-05 18:20:26.748  5647  5705 I [com.android.contacts,5528]:ContactsSyncAdapter: processSyncContact end
06-05 18:20:26.749  3143  6806 I NetworkScheduler.Stats: Task com.google.android.gms/com.google.android.gms.icing.proxy.IcingInternalCorporaUpdateService finished executing. cause:9 result: 1 elapsed_millis: 33 uptime_millis: 33 exec_start_elapsed_seconds: 9208 [CONTEXT service_id=218 ]
06-05 18:20:26.750  5528  7026 D CloudServiceSync.ContactsSyncAdapter: onPerformMiCloudSync(): set PREF_LOCAL_SYNC_VERSION to -1
06-05 18:20:26.750  5528  7026 D ##XLogger##: com.miui.micloudsync.util.ExLog::d@SourceFile:59, thread:88--CloudServiceSync.ContactsSyncAdapter, onPerformMiCloudSync(): set PREF_LOCAL_SYNC_VERSION to -1
06-05 18:20:26.753  5647  5705 I [com.android.contacts,5528]:ContactsSyncAdapter: onPerformMiCloudSync(): set PREF_LOCAL_SYNC_VERSION to -1
06-05 18:20:26.753  5528  7026 D CloudServiceSync.ContactManager: notifyContactSyncState(): state=SYNC_CONTACTS_STATE_END, info=null
06-05 18:20:26.753  5528  7026 D ##XLogger##: com.miui.micloudsync.util.ExLog::d@SourceFile:59, thread:88--CloudServiceSync.ContactManager, notifyContactSyncState(): state=SYNC_CONTACTS_STATE_END, info=null
06-05 18:20:26.762 31931  5527 I ContactsProvider: Contacts update: CPID=5528, CallingPackage = com.miui.micloudsync User=0
06-05 18:20:26.763 31931  5527 I ContactsProvider: Update() MI_CLOUD_SYNC_CONTACTS_STATE : state=SYNC_CONTACTS_STATE_END, info=null
06-05 18:20:26.767  5647  5705 I [com.android.contacts,5528]:ContactsSyncAdapter: processSyncPhoto begin
06-05 18:20:26.769 31931  5969 I ContactsProvider: Contacts query: CPID=5528, CallingPackage = com.miui.micloudsync User=0
06-05 18:20:26.775  5528  7026 I CloudServiceSync.ContactsSyncAdapter: processSyncPhoto(): no photos to sync
06-05 18:20:26.775  5528  7026 I ##XLogger##: com.miui.micloudsync.util.ExLog::i@SourceFile:77, thread:88--CloudServiceSync.ContactsSyncAdapter, processSyncPhoto(): no photos to sync
06-05 18:20:26.776  5647  5705 I [com.android.contacts,5528]:ContactsSyncAdapter: processSyncPhoto(): no photos to sync
06-05 18:20:26.778  5647  5705 I [com.android.contacts,5528]:ContactsSyncAdapter: processSyncPhoto begin
06-05 18:20:26.779 31931  5527 I ContactsProvider: Contacts query: CPID=5528, CallingPackage = com.miui.micloudsync User=0
06-05 18:20:26.809  5528  7026 I CloudServiceSync.ContactsSyncAdapter: processSyncPhoto(): no photos to sync
06-05 18:20:26.810  5528  7026 I ##XLogger##: com.miui.micloudsync.util.ExLog::i@SourceFile:77, thread:88--CloudServiceSync.ContactsSyncAdapter, processSyncPhoto(): no photos to sync
06-05 18:20:26.811  5647  5705 I [com.android.contacts,5528]:ContactsSyncAdapter: processSyncPhoto(): no photos to sync
06-05 18:20:26.813 31931  5527 I ContactsProvider: Contacts update: CPID=5528, CallingPackage = com.miui.micloudsync User=0
06-05 18:20:26.818 31931  5527 I ContactsProvider: Contacts delete: CPID=5528, CallingPackage = com.miui.micloudsync User=0
06-05 18:20:26.825 31931  5527 I ContactsProvider: Contacts query: CPID=5528, CallingPackage = com.miui.micloudsync User=0
06-05 18:20:26.826  1850  2553 D MIUIInput: [MotionEvent] publisher action=0x1, 5014873, channel '1b9faa8 com.blizzard.wtcg.hearthstone/com.blizzard.wtcg.hearthstone.HearthstoneActivity (server)'
06-05 18:20:26.829  5528  7026 D MiProfileWorker: ensureMiProfileContacts(): numMiProfileContacts = 0
06-05 18:20:26.829  5528  7026 D MiCloudSyncAdapterBase: onPerformSync: No error found. ---Success---
06-05 18:20:26.831  5528  7026 D SyncInfoProviderBase: queryCount, uri: content://com.android.contacts/raw_contacts
06-05 18:20:26.833 31931  5527 I ContactsProvider: Contacts query: CPID=5528, CallingPackage = com.miui.micloudsync User=0
06-05 18:20:26.839  5528  7026 D SyncInfoProviderBase: queryCount, uri: content://com.android.contacts/raw_contacts
06-05 18:20:26.842 31931  5969 I ContactsProvider: Contacts query: CPID=5528, CallingPackage = com.miui.micloudsync User=0
06-05 18:20:26.849  5528  7026 D SyncInfoProviderBase: queryCount, uri: content://com.android.contacts/raw_contact_entities?caller_is_syncadapter=true
06-05 18:20:26.852 31931  5527 I ContactsProvider: Contacts query: CPID=5528, CallingPackage = com.miui.micloudsync User=0
06-05 18:20:26.857  5647  5705 I [com.android.contacts,5528]:SyncLog[com.android.contacts]: After Sync: SyncDataInfo[com.android.contacts]  {synced count:0, unsynced count:0, unsynced secret count:-1, unsynced wifi only count:0}
06-05 18:20:26.858  5528  7026 D SyncStatUtil: performSyncTimeStat:
06-05 18:20:26.858  5647  5705 I [com.android.contacts,5528]:SyncLog[com.android.contacts]: Success:{authority:com.android.contacts, start:2022-06-05 18:20:25, end:2022-06-05 18:20:26, delta:1, error:}
06-05 18:20:26.859  5618  5975 D OpenApiStatProvider: insert:
06-05 18:20:26.860  5528  7026 D SyncStatUtil: performSyncResultStat:
06-05 18:20:26.861  5618  5975 D OpenApiStatProvider: insert:
06-05 18:20:26.861  5528  7026 D SyncStatUtil: performSyncPhoneState:
06-05 18:20:26.861  5618  5975 D OpenApiStatProvider: insert:
06-05 18:20:26.863  5528  7026 D SyncUtils: recordSyncResultSuccess
06-05 18:20:26.863  5528  7026 D SyncContentUtils: recordSyncResult: authority: com.android.contacts, code: 0
06-05 18:20:26.865  5618  5975 D MiCloudProvider: update sync result
06-05 18:20:26.888  1850  2634 I MiuiNetworkPolicy: updateUidState uid = 10137, uidState = 10
06-05 18:20:26.888  1850  2634 I MiuiNetworkPolicy: updateUidState uid = 10086, uidState = 10
06-05 18:20:26.901  1850  2634 I MiuiNetworkPolicy: updateUidState uid = 10086, uidState = 15
06-05 18:20:26.903  5528  5547 W System  : A resource failed to call close.
06-05 18:20:26.915  1850  2634 I MiuiNetworkPolicy: updateUidState uid = 10137, uidState = 8
06-05 18:20:26.921  1850  2634 I MiuiNetworkPolicy: updateUidState uid = 10086, uidState = 8
06-05 18:20:26.935  5528  7035 D MiCloudSyncAdapterBase: check_sync_error_refactor
06-05 18:20:26.935  5528  7035 D MiCloudSyncAdapterBase: onPerformSync: ---sync start---
06-05 18:20:26.935  5528  7035 D MiCloudSyncAdapterBase: authority: wifi, extras: Bundle[{}]
06-05 18:20:26.935  5528  7035 D SyncStatUtil: performSyncPhoneState:
06-05 18:20:26.936  5618  5975 D OpenApiStatProvider: insert:
06-05 18:20:26.938  5528  7035 I SyncLogSender: Create sync log sender: file.
06-05 18:20:26.939  5647  6068 I [wifi,5528]:SyncLog[wifi]: Start Sync:{authority:wifi, start:2022-06-05 18:20:26, extras:{micloud_force=false,force=false,ignore_backoff=false,upload=false}}
06-05 18:20:26.939  5528  7035 D SyncInfoProviderBase: queryCount, uri: content://wifi/wifi
06-05 18:20:26.945  5528  7035 D SyncInfoProviderBase: queryCount, uri: content://wifi/wifi
06-05 18:20:26.949  1850  2553 D MIUIInput: [MotionEvent] publisher action=0x4, 5014996, channel '613871d com.miui.securitycenter (server)'
06-05 18:20:26.950  1850  2553 D MIUIInput: [MotionEvent] publisher action=0x4, 5014996, channel 'ef6ede1 com.miui.securitycenter (server)'
06-05 18:20:26.950  1850  2553 D MIUIInput: [MotionEvent] publisher action=0x0, 5014996, channel '1b9faa8 com.blizzard.wtcg.hearthstone/com.blizzard.wtcg.hearthstone.HearthstoneActivity (server)'
06-05 18:20:26.950  7693  7693 I GameBoxTouchListener: onTouch: 	mAdded=false	isLeftShowfalse
06-05 18:20:26.950  7693  7693 I GameBoxTouchListener: onTouch: 	mAdded=false	isLeftShowtrue
06-05 18:20:26.955  5647  6068 I [wifi,5528]:SyncLog[wifi]: Before Sync: SyncDataInfo[wifi]  {synced count:19, unsynced count:0, unsynced secret count:-1, unsynced wifi only count:0}
06-05 18:20:26.983  5528  7035 D MiCloudResolver: isSyncPausing: authority: wifi
06-05 18:20:26.986  5528  7035 D MiCloudResolver: getResumeTime: authority: wifi
06-05 18:20:26.986  5528  7035 D SyncContentUtils: isPauseExceptAuthority: authority: wifi
06-05 18:20:26.987  5618  5975 D MiCloudProvider: query sync pause except
06-05 18:20:26.988  5528  7035 E SyncContentUtils: isPauseExceptAuthority: error cursor is null or query fail, cursor is null?no
06-05 18:20:26.988  5528  7035 D SyncContentUtils: loadResumeTime: authority: wifi
06-05 18:20:26.989  5618  5975 D MiCloudProvider: query sync pause
06-05 18:20:26.990  5528  7035 E SyncContentUtils: loadResumeTime: error cursor is null or query fail
06-05 18:20:26.990  1850  2553 D MIUIInput: [MotionEvent] publisher action=0x1, 5015037, channel '1b9faa8 com.blizzard.wtcg.hearthstone/com.blizzard.wtcg.hearthstone.HearthstoneActivity (server)'
06-05 18:20:26.991  5528  7035 D SyncContentUtils: loadResumeTime: authority: _all
06-05 18:20:26.991  5618  5975 D MiCloudProvider: query sync pause
06-05 18:20:26.993  5528  7035 E SyncContentUtils: loadResumeTime: error cursor is null or query fail
06-05 18:20:26.993  5528  7035 V MiCloudSyncAdapterBase: onPerformSync: getting auth token. authority: wifi
06-05 18:20:27.024  5528  7035 V WifiSyncManager: uploadWifi: Start uploading...
06-05 18:20:27.027  5528  7035 V WifiSyncManager: uploadWifi: Got 0 dirty messages from database
06-05 18:20:27.027  5528  7035 V WifiSyncManager: uploadWifi: No more dirty messages. Normal exit.
06-05 18:20:27.028  5528  7035 V WifiSyncManager: download: Start downloading...
06-05 18:20:27.045  5528  7035 I ##XLogger##: com.xiaomi.micloudsdk.request.utils.CloudRelocationUtils::updateRequestHost@SourceFile:317, thread:90--Micloud, Original URL: http://wifiapi.micloud.xiaomi.net/mic/wifi/v3/user/full.
06-05 18:20:27.046  5528  7035 I ##XLogger##: com.xiaomi.micloudsdk.request.utils.CloudRelocationUtils::updateRequestHost@SourceFile:322, thread:90--Micloud, New URL: https://us.wifiapi.micloud.xiaomi.net.
06-05 18:20:27.047  5528  7035 I ##XLogger##: com.xiaomi.micloudsdk.request.utils.CloudRelocationUtils::updateRequestHost@SourceFile:329, thread:90--Micloud, Final URL: https://us.wifiapi.micloud.xiaomi.net/mic/wifi/v3/user/full.
06-05 18:20:27.061  1850  2634 I MiuiNetworkPolicy: updateUidState uid = 10162, uidState = 8
06-05 18:20:27.066  5528  5528 I RemoteMethodInvoker: RemoteMethodInvoker connects remote service .XiaomiAccountService
06-05 18:20:27.072  1850  2634 I MiuiNetworkPolicy: updateUidState uid = 10162, uidState = 10
06-05 18:20:27.074  1850  2634 I MiuiNetworkPolicy: updateUidState uid = 10162, uidState = 19
06-05 18:20:27.178  1850  2634 D MiuiNetworkPolicy: updateLimit mLimitEnabled=false,enabled=true,mNetworkPriorityMode=2
06-05 18:20:27.217  2953  3093 E Unity   : Error.AddDevFatal() - message=SpellPlayerSideEventAction.OnEnter() - Card not found for spell HSFX_RatKing_Dormant(Clone) (Spell)
06-05 18:20:27.217  2953  3093 E Unity   : (Filename: ./Runtime/Export/Debug/Debug.bindings.h Line: 39)
06-05 18:20:27.217  2953  3093 E Unity   :
06-05 18:20:27.338  5528  7035 V WifiSyncManager: download: Parsing downloaded Wifi...
06-05 18:20:27.338  5528  7035 V WifiSyncManager: parseDownloadJson: result=ok code=0 description=成功
06-05 18:20:27.338  5528  7035 V WifiSyncManager: parseDownloadJson: Integrating 0 messages downloaded.
06-05 18:20:27.347  5528  7035 V WifiSyncManager: new local mark is: 900423735181376
06-05 18:20:27.347  5528  7035 V WifiSyncManager: download: to new marker: 900423735181376
06-05 18:20:27.347  5528  7035 V WifiSyncManager: download: Got last page
06-05 18:20:27.354  5528  7035 D MiCloudSyncAdapterBase: onPerformSync: No error found. ---Success---
06-05 18:20:27.354  5528  7035 D SyncInfoProviderBase: queryCount, uri: content://wifi/wifi
06-05 18:20:27.359  5528  7035 D SyncInfoProviderBase: queryCount, uri: content://wifi/wifi
06-05 18:20:27.364  5647  6068 I [wifi,5528]:SyncLog[wifi]: After Sync: SyncDataInfo[wifi]  {synced count:19, unsynced count:0, unsynced secret count:-1, unsynced wifi only count:0}
06-05 18:20:27.364  5528  7035 D SyncStatUtil: performSyncTimeStat:
06-05 18:20:27.364  5647  6068 I [wifi,5528]:SyncLog[wifi]: Success:{authority:wifi, start:2022-06-05 18:20:26, end:2022-06-05 18:20:27, delta:0, error:}
06-05 18:20:27.365  5618  5975 D OpenApiStatProvider: insert:
06-05 18:20:27.365  5528  7035 D SyncStatUtil: performSyncResultStat:
06-05 18:20:27.366  5618  5975 D OpenApiStatProvider: insert:
06-05 18:20:27.366  5528  7035 D SyncStatUtil: performSyncPhoneState:
06-05 18:20:27.366  5618  5975 D OpenApiStatProvider: insert:
06-05 18:20:27.369  5528  7035 D SyncUtils: recordSyncResultSuccess
06-05 18:20:27.369  5528  7035 D SyncContentUtils: recordSyncResult: authority: wifi, code: 0
06-05 18:20:27.370  5618  5975 D MiCloudProvider: update sync result
06-05 18:20:27.383  1850  2634 I MiuiNetworkPolicy: updateUidState uid = 10137, uidState = 10
06-05 18:20:27.383  1850  2634 I MiuiNetworkPolicy: updateUidState uid = 10086, uidState = 10
06-05 18:20:27.393  1850  2634 I MiuiNetworkPolicy: updateUidState uid = 10086, uidState = 15
06-05 18:20:27.394  9264  9273 W settings:remot: Reducing the number of considered missed Gc histogram windows from 361 to 100
06-05 18:20:27.436  6316  6316 I BatteryInfoReceiver: ACTION_BATTERY_CHANGED
06-05 18:20:27.438  7552  7931 D ThermalIECHandler: storeDataStyle: thermal_iec_monitor_persistence_data_style_iec_state; startIECTime: -1; IECScreenOffOverPeriodTime: -1
06-05 18:20:27.438  2999  2999 D DynamicService:  ACTION_BATTERY_CHANGED change,USB plug = 2
06-05 18:20:27.438  7552  7857 D PowerCheckerService: onBatteryChanged, mBatteryLevel = 56, status = 2, level = 56, plug = 2, scale = 100
06-05 18:20:27.439  7552  7645 D PowerKeeper.Thermal: mBatteryTemperature: 41
06-05 18:20:27.443  2992  2992 V DeviceStatisticsService: chargerType=2 batteryLevel=56 totalBatteryCapacity=4263400
06-05 18:20:27.443  2992  2992 D DeviceInfoHidlClient: isRadioOn()=true
06-05 18:20:27.443  2992  2992 I DeviceInfoHidlClient: isPowerInfoNeverSent=false batteryLevel=56 batteryLevelIndex=2 chargingMode=2 totalCapacity=4263400 powerSaveMode=false
06-05 18:20:27.475  2999  3462 D MI_RIL_OEM_HOOK: onPkHookCommonMsg, msg_id = 65
06-05 18:20:27.475  2999  3462 D MI_RIL_OEM_HOOK: onGetHookMsgBytes, HOOK_HEAD_SIZE = 16, msg_len = 4
06-05 18:20:27.475  2999  3462 D MI_RIL_OEM_HOOK: onHookSendSync, phoneId = 0
06-05 18:20:27.475  2930  2930 D QcrilMsgTunnelIfaceManager: handleMessage what = 1
06-05 18:20:27.475  2930  2930 I QcrilOemhookMsgTunnel: [0]invokeOemRilRequestRaw: serial=2021 length=36
06-05 18:20:27.488  1793  2006 D XIAOMI_QCRIL: RIL[lib][xiaomi_extend_nvefs.c:52] xiaomi_qmi_result_map: xiaomi_qmi_result_map, old_result 0, new_result 0
06-05 18:20:27.489  2930  3267 I QcrilOemhookMsgTunnel: [0]processOemHookResponse serial no: 2021 error: 0length=16
06-05 18:20:27.489  2930  2930 D QcrilMsgTunnelIfaceManager: handleMessage what = 2
06-05 18:20:27.490  2999  3462 D QC_RIL_OEM_HOOK: sendOemRilRequestRaw returns value = 16
06-05 18:20:27.490  2999  3462 D ModemSarController_8250: type = 65, len = 4, value = 0
06-05 18:20:27.696  1850  2634 I MiuiNetworkPolicy: updateUidState uid = 10203, uidState = 8
06-05 18:20:27.712  4385  4385 D BoundBrokerSvc: onUnbind: Intent { act=com.google.android.mobstore.service.START pkg=com.google.android.gms }
06-05 18:20:27.737 31931  4346 I ContactsProvider: Contacts query: CPID=5766, CallingPackage = com.google.android.contacts User=0
06-05 18:20:27.786  1850  2634 I MiuiNetworkPolicy: updateUidState uid = 10157, uidState = 15
06-05 18:20:27.791  1850  2634 I MiuiNetworkPolicy: updateUidState uid = 10203, uidState = 10
06-05 18:20:27.793  1850  2634 I MiuiNetworkPolicy: updateUidState uid = 10203, uidState = 19
06-05 18:20:27.796  3068  3363 D IconCustomizer: Content Ratio = -1.0
06-05 18:20:27.810  3068  3363 D IconCustomizer: Content Ratio = -1.0
06-05 18:20:27.823  3068  3390 D IconCustomizer: Content Ratio = -1.0
06-05 18:20:27.852  3068  3390 D IconCustomizer: Content Ratio = -1.0
06-05 18:20:27.874  3068  3205 D IconCustomizer: Content Ratio = -1.0
06-05 18:20:27.892  3068  3205 D IconCustomizer: Content Ratio = -1.0
06-05 18:20:27.906  3068  3393 D IconCustomizer: Content Ratio = -1.0
06-05 18:20:27.939  3068  3393 D IconCustomizer: Content Ratio = -1.0
06-05 18:20:28.566   859   859 D Zygote  : Forked child process 7043
06-05 18:20:28.581  7043  7043 E cebook.service: Not starting debugger since process cannot load the jdwp agent.
06-05 18:20:28.584  7043  7043 D ProcessState: Binder ioctl to enable oneway spam detection failed: Invalid argument
06-05 18:20:28.596  1850  2634 I MiuiNetworkPolicy: updateUidState uid = 10099, uidState = 10
06-05 18:20:28.605  7043  7043 D CompatibilityChangeReporter: Compat change id reported: 171979766; UID 10099; state: ENABLED
06-05 18:20:28.605  5193  5217 W MQSService: CallerName:com.facebook.services,calling Uid:10099
06-05 18:20:28.605  5193  5217 D MQSService: registerApplicationScoutThread pid = 7043, packageName = com.facebook.services
06-05 18:20:28.657  7043  7043 V GraphicsEnvironment: ANGLE Developer option for 'com.facebook.services' set to: 'default'
06-05 18:20:28.662  7043  7043 D OpenGLRenderer: JNI_OnLoad success
06-05 18:20:28.662  7043  7043 I MiuiForceDarkConfig: setConfig density:2.750000, mainRule:0, secondaryRule:0, tertiaryRule:0
06-05 18:20:28.664  7043  7043 D NetworkSecurityConfig: Using Network Security Config from resource fb_network_security_config debugBuild: false
06-05 18:20:28.667  7043  7043 D NetworkSecurityConfig: Using Network Security Config from resource fb_network_security_config debugBuild: false
06-05 18:20:28.684  7043  7043 D b       : ExceptionHandlerManager not explicitly initialized, using default mode
06-05 18:20:28.684  7043  7043 D b       : initializing exception handler manager, prioritized=true
06-05 18:20:28.688  7043  7043 W SoLoader: context.getApplicationContext returned null, holding reference to original context.ApplicationSoSource fallbacks to: /data/app/~~QV3ntr4Rmm1XhjMlZmpaag==/com.facebook.services-rXjGK_6A7_wxnz4qdJ7Sow==/lib/arm64
06-05 18:20:28.690  7043  7043 V fb-UnpackingSoSource: locked dso store /data/user/0/com.facebook.services/lib-main
06-05 18:20:28.691  1850  2634 I MiuiNetworkPolicy: updateUidState uid = 10203, uidState = 8
06-05 18:20:28.692  7043  7043 I fb-UnpackingSoSource: dso store is up-to-date: /data/user/0/com.facebook.services/lib-main
06-05 18:20:28.692  7043  7043 V fb-UnpackingSoSource: releasing dso store lock for /data/user/0/com.facebook.services/lib-main
06-05 18:20:28.718  7043  7079 D CompatibilityChangeReporter: Compat change id reported: 160794467; UID 10099; state: ENABLED
06-05 18:20:28.787  4385  6155 I PeopleChimeraService: onService. callbacks = afrl@781db06, request = com.google.android.gms.common.internal.GetServiceRequest@faa45c7
06-05 18:20:28.820  1850  5380 D ConnectivityService: requestNetwork for uid/pid:10099/7043 activeRequest: null callbackRequest: 377 [NetworkRequest [ REQUEST id=378, [ Capabilities: INTERNET&NOT_RESTRICTED&TRUSTED&NOT_VCN_MANAGED Uid: 10099 RequestorUid: 10099 RequestorPkg: com.facebook.services UnderlyingNetworks: Null] ]] callback flags: 0 order: 2147483647
06-05 18:20:28.824  1850  2648 D ConnectivityService: NetReassign [378 : null → 101]
06-05 18:20:28.835  1850  2636 D WifiNetworkFactory: got request NetworkRequest [ REQUEST id=378, [ Capabilities: INTERNET&NOT_RESTRICTED&TRUSTED&NOT_VCN_MANAGED Uid: 10099 RequestorUid: 10099 RequestorPkg: com.facebook.services UnderlyingNetworks: Null] ]
06-05 18:20:28.836  1850  2636 D UntrustedWifiNetworkFactory: got request NetworkRequest [ REQUEST id=378, [ Capabilities: INTERNET&NOT_RESTRICTED&TRUSTED&NOT_VCN_MANAGED Uid: 10099 RequestorUid: 10099 RequestorPkg: com.facebook.services UnderlyingNetworks: Null] ]
06-05 18:20:28.836  1850  2636 D OemPaidWifiNetworkFactory: got request NetworkRequest [ REQUEST id=378, [ Capabilities: INTERNET&NOT_RESTRICTED&TRUSTED&NOT_VCN_MANAGED Uid: 10099 RequestorUid: 10099 RequestorPkg: com.facebook.services UnderlyingNetworks: Null] ]
06-05 18:20:28.888 31931 31944 I ContactsProvider: Contacts query: CPID=4385, CallingPackage = com.google.android.gms User=0
06-05 18:20:28.898 31931  6895 I ContactsProvider: Contacts query: CPID=4385, CallingPackage = com.google.android.gms User=0
06-05 18:20:28.908 31931 31944 I ContactsProvider: Contacts query: CPID=4385, CallingPackage = com.google.android.gms User=0
06-05 18:20:28.915 31931  6895 I ContactsProvider: Contacts query: CPID=4385, CallingPackage = com.google.android.gms User=0
06-05 18:20:28.916 31931  6895 W SQLiteLog: (28) double-quoted string literal: "com.google"
06-05 18:20:28.916 31931  6895 W SQLiteLog: (28) double-quoted string literal: "com.google"
06-05 18:20:28.939  7043  7110 W System.err: INFO: com.whatsapp.net.logging.a.a(WtLog.java:10) : Start handshake.
06-05 18:20:28.946  1850  2634 I MiuiNetworkPolicy: updateUidState uid = 10203, uidState = 10
06-05 18:20:28.948  1850  2634 I MiuiNetworkPolicy: updateUidState uid = 10203, uidState = 19
06-05 18:20:29.035  7043  7110 W System.err: INFO: com.whatsapp.net.logging.a.a(WtLog.java:10) : Handshake complete : session_resumed false early_data_sent false early_data_accepted false client_cert_requested false time_ms 96
06-05 18:20:29.147  1850  2553 D MIUIInput: [MotionEvent] publisher action=0x4, 5017194, channel '613871d com.miui.securitycenter (server)'
06-05 18:20:29.147  1850  2553 D MIUIInput: [MotionEvent] publisher action=0x4, 5017194, channel 'ef6ede1 com.miui.securitycenter (server)'
06-05 18:20:29.147  1850  2553 D MIUIInput: [MotionEvent] publisher action=0x0, 5017194, channel '1b9faa8 com.blizzard.wtcg.hearthstone/com.blizzard.wtcg.hearthstone.HearthstoneActivity (server)'
06-05 18:20:29.148  7693  7693 I GameBoxTouchListener: onTouch: 	mAdded=false	isLeftShowfalse
06-05 18:20:29.148  7693  7693 I GameBoxTouchListener: onTouch: 	mAdded=false	isLeftShowtrue
06-05 18:20:29.214  1850  2553 D MIUIInput: [MotionEvent] publisher action=0x1, 5017261, channel '1b9faa8 com.blizzard.wtcg.hearthstone/com.blizzard.wtcg.hearthstone.HearthstoneActivity (server)'
06-05 18:20:29.278  1850  2634 I MiuiNetworkPolicy: updateUidState uid = 10137, uidState = 15
06-05 18:20:29.643  1850  2553 D MIUIInput: [MotionEvent] publisher action=0x4, 5017690, channel '613871d com.miui.securitycenter (server)'
06-05 18:20:29.643  1850  2553 D MIUIInput: [MotionEvent] publisher action=0x4, 5017690, channel 'ef6ede1 com.miui.securitycenter (server)'
06-05 18:20:29.643  1850  2553 D MIUIInput: [MotionEvent] publisher action=0x0, 5017690, channel '1b9faa8 com.blizzard.wtcg.hearthstone/com.blizzard.wtcg.hearthstone.HearthstoneActivity (server)'
06-05 18:20:29.643  7693  7693 I GameBoxTouchListener: onTouch: 	mAdded=false	isLeftShowfalse
06-05 18:20:29.643  7693  7693 I GameBoxTouchListener: onTouch: 	mAdded=false	isLeftShowtrue
06-05 18:20:29.691  1850  2553 D MIUIInput: [MotionEvent] publisher action=0x1, 5017738, channel '1b9faa8 com.blizzard.wtcg.hearthstone/com.blizzard.wtcg.hearthstone.HearthstoneActivity (server)'
06-05 18:20:29.957  3019  3019 D LockScreenMagazineController: received broadcast android.intent.action.PACKAGE_CHANGED
06-05 18:20:29.962 31931  6075 V ContactsTaskScheduler: [ContactsPackageMonitor] Thread[Worker-1,5,main] dispatching 0
06-05 18:20:29.962  9057  9252 I Bugle   : BroadcastReceiverAsyncWorkTracker: Acknowledging broadcast of amqw@8c592c7
06-05 18:20:29.966 31931  6075 V ContactsTaskScheduler: [ContactsPackageMonitor] Thread[Worker-1,5,main] dispatching end 0
06-05 18:20:29.969  2999  2999 D CarrierSvcBindHelper: No carrier app for: 0
06-05 18:20:29.969  1850  1910 E system_server: No package ID 7f found for ID 0x7f0800de.
06-05 18:20:29.969  1850  1910 E system_server: No package ID 7f found for ID 0x7f15044e.
06-05 18:20:29.976  2999  2999 D CarrierSvcBindHelper: No carrier app for: 1
06-05 18:20:29.976  2999  2999 D ImsResolver: maybeAddedImsService, packageName: com.google.android.contacts
06-05 18:20:29.984  5205  5205 W RegisteredServicesCache: Unable to load component info ResolveInfo{1df63f1 com.globe.gcash.android/com.alibaba.griver.device.jsapi.nfc.service.TinyAppHostApduService m=0x108000}
06-05 18:20:29.984  5205  5205 W RegisteredServicesCache: org.xmlpull.v1.XmlPullParserException: No android.nfc.cardemulation.host_apdu_service meta-data
06-05 18:20:29.984  5205  5205 W RegisteredServicesCache: 	at android.nfc.cardemulation.ApduServiceInfo.<init>(ApduServiceInfo.java:172)
06-05 18:20:29.984  5205  5205 W RegisteredServicesCache: 	at android.nfc.cardemulation.NfcApduServiceInfo.<init>(NfcApduServiceInfo.java:147)
06-05 18:20:29.984  5205  5205 W RegisteredServicesCache: 	at com.android.nfc.cardemulation.RegisteredServicesCache.getInstalledServices(RegisteredServicesCache.java:287)
06-05 18:20:29.984  5205  5205 W RegisteredServicesCache: 	at com.android.nfc.cardemulation.RegisteredServicesCache.invalidateCache(RegisteredServicesCache.java:311)
06-05 18:20:29.984  5205  5205 W RegisteredServicesCache: 	at com.android.nfc.cardemulation.RegisteredServicesCache$1.onReceive(RegisteredServicesCache.java:167)
06-05 18:20:29.984  5205  5205 W RegisteredServicesCache: 	at android.app.LoadedApk$ReceiverDispatcher$Args.lambda$getRunnable$0$LoadedApk$ReceiverDispatcher$Args(LoadedApk.java:1694)
06-05 18:20:29.984  5205  5205 W RegisteredServicesCache: 	at android.app.LoadedApk$ReceiverDispatcher$Args$$ExternalSyntheticLambda0.run(Unknown Source:2)
06-05 18:20:29.984  5205  5205 W RegisteredServicesCache: 	at android.os.Handler.handleCallback(Handler.java:938)
06-05 18:20:29.984  5205  5205 W RegisteredServicesCache: 	at android.os.Handler.dispatchMessage(Handler.java:99)
06-05 18:20:29.984  5205  5205 W RegisteredServicesCache: 	at android.os.Looper.loopOnce(Looper.java:210)
06-05 18:20:29.984  5205  5205 W RegisteredServicesCache: 	at android.os.Looper.loop(Looper.java:299)
06-05 18:20:29.984  5205  5205 W RegisteredServicesCache: 	at android.app.ActivityThread.main(ActivityThread.java:8105)
06-05 18:20:29.984  5205  5205 W RegisteredServicesCache: 	at java.lang.reflect.Method.invoke(Native Method)
06-05 18:20:29.984  5205  5205 W RegisteredServicesCache: 	at com.android.internal.os.RuntimeInit$MethodAndArgsCaller.run(RuntimeInit.java:556)
