06-05 18:23:54.377  1757  9055 D CCodecConfig:   c2::u32 coded.bitrate.value = 64000
06-05 18:23:54.377  1757  9055 D CCodecConfig:   c2::u32 input.buffers.max-size.value = 32768
06-05 18:23:54.377  1757  9055 D CCodecConfig:   c2::u32 input.delay.value = 0
06-05 18:23:54.377  1757  9055 D CCodecConfig:   string input.media-type.value = "audio/vorbis"
06-05 18:23:54.377  1757  9055 D CCodecConfig:   string output.media-type.value = "audio/raw"
06-05 18:23:54.377  1757  9055 D CCodecConfig:   c2::u32 raw.channel-count.value = 1
06-05 18:23:54.377  1757  9055 D CCodecConfig:   c2::u32 raw.sample-rate.value = 48000
06-05 18:23:54.377  1757  9055 D CCodecConfig: }
06-05 18:23:54.379  1757  9055 D CCodec  : [c2.android.vorbis.decoder] buffers are bound to CCodec for this session
06-05 18:23:54.379  1757  9055 D CCodecConfig: no c2 equivalents for durationUs
06-05 18:23:54.379  1757  9055 D CCodecConfig: no c2 equivalents for csd-1
06-05 18:23:54.379  1757  9055 D CCodecConfig: no c2 equivalents for language
06-05 18:23:54.379  1757  9055 D CCodecConfig: no c2 equivalents for file-format
06-05 18:23:54.379  1757  9055 D CCodecConfig: no c2 equivalents for audiosession-id
06-05 18:23:54.379  1757  9055 D CCodecConfig: no c2 equivalents for flags
06-05 18:23:54.380  1757  9055 D CCodecConfig: config failed => CORRUPTED
06-05 18:23:54.380  1757  9055 D CCodecConfig: c2 config diff is   c2::u32 raw.sample-rate.value = 44100
06-05 18:23:54.381  1757  9055 W Codec2Client: query -- param skipped: index = 1107298332.
06-05 18:23:54.381  1757  9055 D CCodec  : setup formats input: AMessage(what = 0x00000000) = {
06-05 18:23:54.381  1757  9055 D CCodec  :   int32_t bitrate = 64000
06-05 18:23:54.381  1757  9055 D CCodec  :   int32_t channel-count = 1
06-05 18:23:54.381  1757  9055 D CCodec  :   int32_t max-input-size = 65307
06-05 18:23:54.381  1757  9055 D CCodec  :   string mime = "audio/vorbis"
06-05 18:23:54.381  1757  9055 D CCodec  :   int32_t sample-rate = 44100
06-05 18:23:54.381  1757  9055 D CCodec  : }
06-05 18:23:54.381  1757  9055 D CCodec  : setup formats output: AMessage(what = 0x00000000) = {
06-05 18:23:54.381  1757  9055 D CCodec  :   int32_t channel-count = 1
06-05 18:23:54.381  1757  9055 D CCodec  :   string mime = "audio/raw"
06-05 18:23:54.381  1757  9055 D CCodec  :   int32_t sample-rate = 44100
06-05 18:23:54.381  1757  9055 D CCodec  :   int32_t android._config-pcm-encoding = 2
06-05 18:23:54.381  1757  9055 D CCodec  : }
06-05 18:23:54.382  1757  9055 I CCodecConfig: query failed after returning 7 values (BAD_INDEX)
06-05 18:23:54.382  1757  9055 I MediaCodec: MediaCodec will operate in async mode
06-05 18:23:54.382  1757  9054 D MediaCodec: keep callback message for reclaim
06-05 18:23:54.383  1757  9055 W Codec2Client: query -- param skipped: index = 1342179345.
06-05 18:23:54.383  1757  9055 W Codec2Client: query -- param skipped: index = 2415921170.
06-05 18:23:54.384  1757  9055 D CCodecBufferChannel: [c2.android.vorbis.decoder#933] Created input block pool with allocatorID 16 => poolID 302 - OK (0)
06-05 18:23:54.386  1757  9055 I CCodecBufferChannel: [c2.android.vorbis.decoder#933] Created output block pool with allocatorID 16 => poolID 323 - OK
06-05 18:23:54.387  1757  9055 D CCodecBufferChannel: [c2.android.vorbis.decoder#933] Configured output block pool ids 323 => OK
06-05 18:23:54.387  1757  9055 D CCodecBufferChannel: [c2.android.vorbis.decoder#933] start: updating output delay 0
06-05 18:23:54.388  1645  9058 D SimpleC2Component: Using output block pool with poolID 323 => got 323 - 0
06-05 18:23:54.395  1757  9055 D CCodecBufferChannel: [c2.android.vorbis.decoder#933] buffers after EOS ignored (0 us)
06-05 18:23:54.396  1757  9054 I ExtendedNuUtils: Both src and dst missing for bit-width
06-05 18:23:54.396  1757  9054 I ExtendedNuUtils: Overriding durationUs: with 64 bit src value 11000
06-05 18:23:54.396  1757  9054 I ExtendedNuUtils: Both src and dst missing for channel-mask
06-05 18:23:54.397  1103  2189 D APM_AudioPolicyManager: selectOutput flags 0
06-05 18:23:54.397  1103  2189 D APM_AudioPolicyManager: selectOutput flags 0
06-05 18:23:54.398  1757  9053 D AudioTrack: set(sessionId=5105)
06-05 18:23:54.398  1757  9053 D AudioTrack: set(): streamType 1, sampleRate 44100, format 0x1, channelMask 0x1, frameCount 22050, flags #2, notificationFrames 0, sessionId 5105, transferType 0, uid 10375, pid 7058
06-05 18:23:54.398   975  1043 D audio_hw_primary: adev_get_parameters:audio_game_sound_volume_gap_switch
06-05 18:23:54.398   975  1043 D soundtrigger: audio_extn_sound_trigger_get_parameters input string<audio_game_sound_volume_gap_switch=>
06-05 18:23:54.398   975  1043 D soundtrigger: extract_sm_handle input string <audio_game_sound_volume_gap_switch=> param string <audio_game_sound_volume_gap_switch=>
06-05 18:23:54.398   975  1043 D audio_hw_extn: audio_extn_fm_get_parameters: Enter
06-05 18:23:54.398   975  1043 D audio_hw_extn: audio_extn_get_parameters: returns
06-05 18:23:54.398   975  1043 V msm8974_platform: platform_get_parameters: exit: returns - audio_game_sound_volume_gap_switch=off
06-05 18:23:54.398   975  1043 D audio_hw_primary: adev_get_parameters: exit: returns - audio_game_sound_volume_gap_switch=off
06-05 18:23:54.398  1103  1103 I hash_map_utils: system/bt/osi/src/hash_map_utils.cc:81 hash_map_utils_dump_string_keys_string_values: key: 'audio_game_sound_volume_gap_switch' value: ''
06-05 18:23:54.400  7058  7058 W InputMethodManager: Ignoring showSoftInput() as view=com.facebook.messaging.composer.ComposerEditText{71479d8 VFED..CL. ...p..ID 0,25-602,118 #7f0b171f app:id/(name removed) aid=1073741825} is not served.
06-05 18:23:54.400  1103  2189 D MediaImpl: setPlaybackCaptureAllowed: playbackCaptureAllowed 1
06-05 18:23:54.401  1103  2189 D APM_AudioPolicyManager: getOutputForAttrInt()+ attributes={ Content type: AUDIO_CONTENT_TYPE_SONIFICATION Usage: AUDIO_USAGE_ASSISTANCE_SONIFICATION Source: AUDIO_SOURCE_DEFAULT Flags: 0x800 Tags:  } stream=AUDIO_STREAM_SYSTEM session 5105 output 0 selectedDeviceId 0 device AUDIO_DEVICE_NONE sampling rate 44100 format 0x1channel mask 0x1 flags 0x2 stream AUDIO_STREAM_SYSTEM uid 10375
06-05 18:23:54.401  1103  2189 D APM_AudioPolicyManager: getOutputForAttrInt() device {type:0x2,@:}, sampling rate 44100, format 0x1, channel mask 0x1, flags 0x2 stream AUDIO_STREAM_SYSTEM
06-05 18:23:54.402   975  1043 D audio_hw_primary: adev_get_parameters:vr_audio_mode_on
06-05 18:23:54.402   975  1043 I audio_hw_primary: getting vr mode to 0
06-05 18:23:54.402   975  1043 D audio_hw_primary: adev_get_parameters: exit: returns - vr_audio_mode_on=false
06-05 18:23:54.402  1103  2189 I hash_map_utils: system/bt/osi/src/hash_map_utils.cc:81 hash_map_utils_dump_string_keys_string_values: key: 'vr_audio_mode_on' value: ''
06-05 18:23:54.403  1103  2189 I AudioPolicyManagerCustom: VR mode is 0, switch to primary output if request is for fast|raw
06-05 18:23:54.403  1850  2553 D MIUIInput: [MotionEvent] publisher action=0x1, 5222450, channel 'acd0430 com.facebook.orca/com.facebook.orca.auth.StartScreenActivity (server)'
06-05 18:23:54.403   975  2550 D audio_hw_primary: adev_get_parameters:audio_karaoke_running
06-05 18:23:54.403   975  2550 D audio_hw_primary: get para : audio_karaoke_running = false
06-05 18:23:54.403   975  2550 D soundtrigger: audio_extn_sound_trigger_get_parameters input string<audio_karaoke_running=>
06-05 18:23:54.403   975  2550 D soundtrigger: extract_sm_handle input string <audio_karaoke_running=> param string <audio_karaoke_running=>
06-05 18:23:54.403   975  2550 D audio_hw_extn: audio_extn_fm_get_parameters: Enter
06-05 18:23:54.403   975  2550 D audio_hw_extn: audio_extn_get_parameters: returns audio_karaoke_running=false
06-05 18:23:54.404   975  2550 V msm8974_platform: platform_get_parameters: exit: returns - audio_karaoke_running=false
06-05 18:23:54.404   975  2550 D audio_hw_primary: adev_get_parameters: exit: returns - audio_karaoke_running=false
06-05 18:23:54.404  1103  2189 I hash_map_utils: system/bt/osi/src/hash_map_utils.cc:81 hash_map_utils_dump_string_keys_string_values: key: 'audio_karaoke_running' value: ''
06-05 18:23:54.405  1103  2189 D APM_AudioPolicyManager: selectOutput flags 2
06-05 18:23:54.405  1103  2189 D APM_AudioPolicyManager: getOutputForAttrInt()- attributes={ Content type: AUDIO_CONTENT_TYPE_SONIFICATION Usage: AUDIO_USAGE_ASSISTANCE_SONIFICATION Source: AUDIO_SOURCE_DEFAULT Flags: 0x800 Tags:  } stream=AUDIO_STREAM_SYSTEM session 5105 output 13 selectedDeviceId 0 device {type:0x2,@:} sampling rate 44100 format 0x1channel mask 0x1 flags 0x2 stream AUDIO_STREAM_SYSTEM uid 10375
06-05 18:23:54.405  1103  2189 D APM_AudioPolicyManager: getOutputForAttr() returns output 13 requestedPortId 0 selectedDeviceId 3 for port ID 405
06-05 18:23:54.407  1103  2189 D AudioFlinger: Client defaulted notificationFrames to 11025 for frameCount 22050
06-05 18:23:54.409  1103  2189 D AF::TrackHandle: OpPlayAudio: track:415 usage:13 not muted
06-05 18:23:54.412  1103  2189 I AudioFlinger: create audiotrack for com.facebook.orca  uid 10375
06-05 18:23:54.413  1103  2189 I AudioFlinger: create audiotrack for com.facebook.orca  uid 10375
06-05 18:23:54.413  1103  2189 D AF::Track: Track(415): usage = 13 mbIsAttrNeedFade = 0
06-05 18:23:54.413  7058  7058 D DecorView[]: getWindowModeFromSystem  windowmode is 1
06-05 18:23:54.415  1757  9053 D AudioTrack: isWhiteListPackage() Uid 10375, package name com.facebook.orca
06-05 18:23:54.416  1757  9053 I AudioTrack: AudioTrack::setVolume L:1.000000 R:1.000000 and the pakage is com.facebook.orca
06-05 18:23:54.418  1757  9053 I AudioTrack: AudioTrack::setVolume L:1.000000 R:1.000000 and the pakage is com.facebook.orca
06-05 18:23:54.418  1103  1103 D AF::Track: setFadeType1 type = 1 mFadeType = 0 isFadeNeeded = 0
06-05 18:23:54.418  1103  1596 V AudioPolicyManagerImpl: notification filter: setNotificationFilter notificationFilterFeature=1
06-05 18:23:54.418  1103  1596 D AudioPolicyManagerImpl: notification filter: setNotificationFilter muteMaskInt=0
06-05 18:23:54.427  5042  5042 I GoogleInputMethodService: GoogleInputMethodService.onFinishInput():3204
06-05 18:23:54.428  5042  5042 I GoogleInputMethodService: GoogleInputMethodService.updateDeviceLockedStatus():2100 checkRepeatedly = false, unlocked = true
06-05 18:23:54.428  5042  5042 I GoogleInputMethodService: GoogleInputMethodService.onStartInput():1903 onStartInput(EditorInfo{inputType=0x24001(Normal) imeOptions=0x44000006 privateImeOptions=null actionName=DONE actionLabel=null actionId=0 initialSelStart=0 initialSelEnd=0 initialCapsMode=0x2000 hintText=non-empty label=null packageName=com.facebook.orca fieldId=2131433247 fieldName=null extras=null}, false)
06-05 18:23:54.428  5042  5042 I GoogleInputMethodService: GoogleInputMethodService.updateDeviceLockedStatus():2100 checkRepeatedly = true, unlocked = true
06-05 18:23:54.431   975  1043 D audio_hw_primary: out_set_parameters: enter: usecase(1: low-latency-playback) kvpairs: appname=+com.facebook.orca
06-05 18:23:54.431   975  1043 D audio_hw_extn: audio_extn_fm_set_parameters: Enter
06-05 18:23:54.431   975  1043 D audio_hw_hfp: hfp_set_parameters: enter
06-05 18:23:54.431   975  1043 V a2dp_offload: end of a2dp setparam
06-05 18:23:54.431   975  1043 D audio_hw_primary: out_set_parameters: [hal_apptype] cannot find app type [+com.facebook.orca], return !
06-05 18:23:54.431  1103  1596 D APM_AudioPolicyManager: startOutput() output 13, stream 1, session 5105 appname com.facebook.orca uid 10375
06-05 18:23:54.433  1103  1103 E audioserver: open /proc/1757/cmdline error
06-05 18:23:54.433  1103  1103 I audioserver: setAppName(), name=[], active=[1]
06-05 18:23:54.433   975  1043 V EffectMiSound: MiSound_command() start, cmdCode=24
06-05 18:23:54.433   975  1043 V EffectMiSound: MiSound_Command EFFECT_CMD_SET_APP_NAME: stream=1, name=+
06-05 18:23:54.434  1757  9053 D AudioTrack: stop(sessionID=5105)
06-05 18:23:54.434  1757  9053 D AudioTrack: stop(405): prior state:STATE_ACTIVE
06-05 18:23:54.434  1757  9053 D AudioTrack: stop(405): called with 512 frames delivered
06-05 18:23:54.434  1103  2189 D AF::Track: setFadeType1 type = 2 mFadeType = 0 isFadeNeeded = 0
06-05 18:23:54.434  1103  2189 E audioserver: open /proc/1757/cmdline error
06-05 18:23:54.434  1103  2189 I audioserver: setAppName(), name=[], active=[0]
06-05 18:23:54.435   975  1043 V EffectMiSound: MiSound_command() start, cmdCode=24
06-05 18:23:54.435   975  1043 V EffectMiSound: MiSound_Command EFFECT_CMD_SET_APP_NAME: stream=1, name=-
06-05 18:23:54.444  1103  2311 D AudioFlinger: updateWakeLockUids_l AudioOut_D uids:10375
06-05 18:23:54.466  1010  2684 I sensors-hal: ssc_conn_event_cb:489, event[0] sensor:pedometer  Wakeup msg_id=129, ts=180876564544
06-05 18:23:54.525  1103  1596 D APM_AudioPolicyManager: stopOutput portId 405
06-05 18:23:54.525  1103  1596 D APM_AudioPolicyManager: stopOutput() output 13, stream 1, session 5105
06-05 18:23:54.526  1103  2311 D AudioFlinger: updateWakeLockUids_l AudioOut_D uids:10375
06-05 18:23:54.547   975  1043 D audio_hw_primary: out_set_parameters: enter: usecase(1: low-latency-playback) kvpairs: appname=-com.facebook.orca
06-05 18:23:54.547   975  1043 D audio_hw_extn: audio_extn_fm_set_parameters: Enter
06-05 18:23:54.547   975  1043 D audio_hw_hfp: hfp_set_parameters: enter
06-05 18:23:54.547   975  1043 V a2dp_offload: end of a2dp setparam
06-05 18:23:54.547   975  1043 D audio_hw_primary: out_set_parameters: [hal_apptype] cannot find app type [-com.facebook.orca], return !
06-05 18:23:54.566  1757  9053 D AudioTrack:  pause(sessionID=5105)
06-05 18:23:54.566  1757  9053 D AudioTrack: pause(405): prior state:STATE_STOPPED
06-05 18:23:54.574  7058  7058 D InputMethodManager: showSoftInput() view=com.facebook.messaging.composer.ComposerEditText{71479d8 VFED..CL. .F....ID 0,25-699,118 #7f0b171f app:id/(name removed) aid=1073741825} flags=0 reason=SHOW_SOFT_INPUT
06-05 18:23:54.576  7552  9688 D MirrorManager:  sendAcceptInput 1 0
06-05 18:23:54.577  5042  5042 I GoogleInputMethodService: GoogleInputMethodService.onCreateInputView():1794 onCreateInputView()
06-05 18:23:54.588  1757  6839 D NuPlayerDriver: reset(0xef6df400) at state 6
06-05 18:23:54.589  1757  9053 D AudioTrack:  pause(sessionID=5105)
06-05 18:23:54.589  7552  7652 I a       : uid:10375change to inactive
06-05 18:23:54.589  1757  9053 D AudioTrack: pause(405): prior state:STATE_STOPPED
06-05 18:23:54.591  1757  9053 D AudioTrack: stop(sessionID=5105)
06-05 18:23:54.591  1757  9053 D AudioTrack: stop(405): prior state:STATE_FLUSHED
06-05 18:23:54.595  1757  9055 I hw-BpHwBinder: onLastStrongRef automatically unlinking death recipients
06-05 18:23:54.598  5042  5042 I DeviceModeUtil: DeviceModeUtil.getDeviceMode():126 Get device mode phone by ui mode:1 and smallestScreenWidthDp:392
06-05 18:23:54.598  1757  9053 D AudioTrack: ~AudioTrack(sessionID=5105)
06-05 18:23:54.598  1757  9053 D AudioTrack: stop(sessionID=5105)
06-05 18:23:54.598  1757  9053 D AudioTrack: stop(405): prior state:STATE_FLUSHED
06-05 18:23:54.598  5042  5042 I KeyboardViewUtil: KeyboardViewUtil.getKeyboardHeightRatio():168 systemKeyboardHeightRatio:1.000000; userKeyboardHeightRatio:1.000000.
06-05 18:23:54.601  1757  9035 D NuPlayerDriver: notifyResetComplete(0xef6df400)
06-05 18:23:54.601  1103  1596 D APM_AudioPolicyManager: releaseOutput portId 405
06-05 18:23:54.601  1757  6839 D NuPlayerDriver: reset(0xef6df400) at state 0
06-05 18:23:54.601  1103  1596 D APM_AudioPolicyManager: releaseOutput() output 13, stream 1, session 5105 [uid=10375]
06-05 18:23:54.601  1757  6839 W AMessage: failed to post message as target looper for handler 0 is gone.
06-05 18:23:54.602  7058  7058 V MediaPlayer: resetDrmState:  mDrmInfo=null mDrmProvisioningThread=null mPrepareDrmInProgress=false mActiveDrmScheme=false
06-05 18:23:54.602  7058  7058 V MediaPlayer: cleanDrmObj: mDrmObj=null mDrmSessionId=null
06-05 18:23:54.602  7058  7058 V MediaPlayer: resetDrmState:  mDrmInfo=null mDrmProvisioningThread=null mPrepareDrmInProgress=false mActiveDrmScheme=false
06-05 18:23:54.602  7058  7058 V MediaPlayer: cleanDrmObj: mDrmObj=null mDrmSessionId=null
06-05 18:23:54.630  5042  5042 V RenderScript: User-backed allocation failed stride requirement, falling back to separate allocation
06-05 18:23:54.630  5042  5042 V RenderScript: User-backed allocation failed stride requirement, falling back to separate allocation
06-05 18:23:54.640  5042  5042 I PropertyBackgroundImage: PropertyBackgroundImage.apply():38 Setting a background drawable. drawable:android.graphics.drawable.LayerDrawable@d0a9b77, tag:.keyboard-background, visibility:8
06-05 18:23:54.641  5042  5042 I GoogleInputMethodService: GoogleInputMethodService.onStartInputView():2011 onStartInputView(EditorInfo{inputType=0x24001(Normal) imeOptions=0x44000006 privateImeOptions=null actionName=DONE actionLabel=null actionId=0 initialSelStart=0 initialSelEnd=0 initialCapsMode=0x2000 hintText=non-empty label=null packageName=com.facebook.orca fieldId=2131433247 fieldName=null extras=null}, false)
06-05 18:23:54.642  5042  5042 I GoogleInputMethodService: GoogleInputMethodService.updateDeviceLockedStatus():2100 checkRepeatedly = true, unlocked = true
06-05 18:23:54.649  5042  5042 I KeyboardViewUtil: KeyboardViewUtil.getKeyboardHeightRatio():168 systemKeyboardHeightRatio:1.000000; userKeyboardHeightRatio:1.000000.
06-05 18:23:54.655  5042  5065 I DeviceModeUtil: DeviceModeUtil.getDeviceMode():126 Get device mode phone by ui mode:1 and smallestScreenWidthDp:392
06-05 18:23:54.662  1850  2634 I MiuiNetworkPolicy: updateUidState uid = 10188, uidState = 5
06-05 18:23:54.664  5042  5042 I LatinIme: LatinIme.<init>():334 Language = en-US
06-05 18:23:54.666  5042  5042 I Delight5Facilitator: Delight5Facilitator.initializeForIme():780 initializeForIme() : Locale = [en_US], layout = qwerty
06-05 18:23:54.667  5042  5042 I AndroidIME: AbstractIme.onActivate():91 LatinIme.onActivate() : EditorInfo = inputType=0x24001(Normal) imeOptions=0x44000006 privateImeOptions=null actionName=DONE actionLabel=null actionId=0 initialSelStart=0 initialSelEnd=0 initialCapsMode=0x2000 hintText=non-empty label=null packageName=com.facebook.orca fieldId=2131433247 fieldName=null extras=null, IncognitoMode = false, DeviceLocked = false
06-05 18:23:54.701  5042  5042 I VoiceInputManagerWrapper: VoiceInputManagerWrapper.cancelShutdown():55 cancelShutdown()
06-05 18:23:54.701  5042  5042 I VoiceInputManagerWrapper: VoiceInputManagerWrapper.syncLanguagePacks():67 syncLanguagePacks()
06-05 18:23:54.701  5042 13215 I SpeechFactory: SpeechRecognitionFactory.maybeScheduleAutoPackDownloadForFallback():202 maybeScheduleAutoPackDownloadForFallback()
06-05 18:23:54.701  5042 13215 I FallbackOnDeviceRecognitionProvider: FallbackOnDeviceRecognitionProvider.maybeScheduleAutoPackDownload():196 maybeScheduleAutoPackDownload() for language tag en-US
06-05 18:23:54.702  5042 13215 I SpeechPackManager: SpeechPackManager.isPackAvailableToDownload():210 isPackAvailableToDownload() : LanguageTag = en-US : ManifestUrl = https://dl.google.com/android/voice/gboard/terse/superpacks-manifest-20210519.json
06-05 18:23:54.702  5042  5042 I LatinIme: LatinIme.updateEnableInlineSuggestionsOnDecoderSideFlags():1290 inline flag updated to:false
06-05 18:23:54.704  5042  9060 I FallbackOnDeviceRecognitionProvider: FallbackOnDeviceRecognitionProvider$1.onSuccess():204 auto download packs.
06-05 18:23:54.704  5042  9060 I SpeechPackManager: SpeechPackManager.syncPacks():314 syncPacks()
06-05 18:23:54.704  5042  9060 I SpeechPackManager: SpeechPackManager.registerManifest():440 registerManifest() : https://dl.google.com/android/voice/gboard/terse/superpacks-manifest-20210519.json
06-05 18:23:54.704  5042  9060 I SpeechPackManager: SpeechPackManager.lambda$registerManifest$4():447 registerManifest() : Reusing hash 1327534105
06-05 18:23:54.705  5042  5274 I SpeechPackSlicingStrategy: SpeechPackSlicingStrategy.getSlices():50 getSlices() : ForceUpdates = false : LanguageTags = [en-US]
06-05 18:23:54.706  5042  5274 I SpeechPackSlicingStrategy: SpeechPackSlicingStrategy.getSlices():64 getSlices(): slicing result: {slices=[{gboard-small-speech-packs:en-US-small-rnnt, W:C:*:*, bg}], last batch=true, sync metadata=false}
06-05 18:23:54.706  5042  5274 I SP      : Syncing gboard-small-speech-packs (1327534105) with slices: [{en-US-small-rnnt, W:C:*:*, bg}], metadata: false
06-05 18:23:54.717  1757  8987 D AudioTrack:  pause(sessionID=5073)
06-05 18:23:54.717  1757  8987 D AudioTrack: pause(401): prior state:STATE_STOPPED
06-05 18:23:54.718  1757  6932 D NuPlayerDriver: reset(0xef8e2ce0) at state 6
06-05 18:23:54.719  1757  8987 D AudioTrack:  pause(sessionID=5073)
06-05 18:23:54.719  1757  8987 D AudioTrack: pause(401): prior state:STATE_STOPPED
06-05 18:23:54.721  1757  8987 D AudioTrack: stop(sessionID=5073)
06-05 18:23:54.721  1757  8987 D AudioTrack: stop(401): prior state:STATE_FLUSHED
06-05 18:23:54.724  5042  5042 I KeyboardWrapper: KeyboardWrapper.consumeEvent():273 Skip consuming an event as current keyboard is deactivated (state=0, keyboard existence=false)
06-05 18:23:54.726  1103  1596 D APM_AudioPolicyManager: stopOutput portId 401
06-05 18:23:54.726  1103  2311 D AudioFlinger: updateWakeLockUids_l AudioOut_D uids:10375
06-05 18:23:54.726  1103  1596 D APM_AudioPolicyManager: stopOutput() output 13, stream 1, session 5073
06-05 18:23:54.727  5042  5042 I KeyboardManager: KeyboardManager.requestKeyboard():146 Creating keyboard prime, imeId=ime_english_united_states, cacheKey=theme_border_top2dp_bottom4dp_stylesheet_noshadow_gsans_pillkey_silkpopup_phone
06-05 18:23:54.727  5042  5042 I DeviceModeUtil: DeviceModeUtil.getDeviceMode():126 Get device mode phone by ui mode:1 and smallestScreenWidthDp:392
06-05 18:23:54.727  5042  5042 I DeviceModeUtil: DeviceModeUtil.getDeviceMode():126 Get device mode phone by ui mode:1 and smallestScreenWidthDp:392
06-05 18:23:54.727  5042  5042 I AndroidIME: KeyboardViewManager.updateKeyboardBackgroundFrameVisibility():353 Set background frame visibility. old:8, new:8
06-05 18:23:54.727  5042  5042 I NormalModeController: NormalModeController.getKeyboardBodyViewHolderPaddingBottom():111 currentPrimeKeyboardType:SOFT systemPaddingBottom:-1
06-05 18:23:54.727  5042  5042 I NormalModeController: NormalModeController.getKeyboardBodyViewHolderPaddingBottom():111 currentPrimeKeyboardType:SOFT systemPaddingBottom:-1
06-05 18:23:54.728  5042  5042 I AndroidIME: KeyboardViewManager.updateKeyboardBackgroundDrawableLevel():496 Set level to the background drawable: 10000
06-05 18:23:54.729  5042  5042 I AndroidIME: KeyboardViewManager.updateKeyboardBackgroundDrawableLevel():496 Set level to the background drawable: 10000
06-05 18:23:54.730  5042  5274 I SP      : Sync for gboard-small-speech-packs succeeded in 26 ms: no changes
06-05 18:23:54.730  5042  5274 I SP      : GC for 'gboard-small-speech-packs' (10) with ttl of 0 ms took 0 ms (0/0/0)
06-05 18:23:54.731  5042  9060 I SpeechPackManager: SpeechPackManager$3.onSuccess():426 updatePackSetCacheAsync() : Updated the PackSet cache
06-05 18:23:54.731  5042  5042 I VoiceImeExtension: VoiceImeExtension.shouldStartVoiceInputAutomatically():371 No private IME option set to start voice input.
06-05 18:23:54.732  1757  8989 I hw-BpHwBinder: onLastStrongRef automatically unlinking death recipients
06-05 18:23:54.734  1850  3628 D SurfaceControl: nativeSetScreenProjection ===> setScreenProjection
06-05 18:23:54.735  1757  8987 D AudioTrack: ~AudioTrack(sessionID=5073)
06-05 18:23:54.736  1757  8987 D AudioTrack: stop(sessionID=5073)
06-05 18:23:54.736  1757  8987 D AudioTrack: stop(401): prior state:STATE_FLUSHED
06-05 18:23:54.738  1757  8984 D NuPlayerDriver: notifyResetComplete(0xef8e2ce0)
06-05 18:23:54.738  1757  6932 D NuPlayerDriver: reset(0xef8e2ce0) at state 0
06-05 18:23:54.738  1757  6932 W AMessage: failed to post message as target looper for handler 0 is gone.
06-05 18:23:54.739  7058  7058 V MediaPlayer: resetDrmState:  mDrmInfo=null mDrmProvisioningThread=null mPrepareDrmInProgress=false mActiveDrmScheme=false
06-05 18:23:54.739  7058  7058 V MediaPlayer: cleanDrmObj: mDrmObj=null mDrmSessionId=null
06-05 18:23:54.739  7058  7058 V MediaPlayer: resetDrmState:  mDrmInfo=null mDrmProvisioningThread=null mPrepareDrmInProgress=false mActiveDrmScheme=false
06-05 18:23:54.739  7058  7058 V MediaPlayer: cleanDrmObj: mDrmObj=null mDrmSessionId=null
06-05 18:23:54.739  1113  1113 D CompositionEngine: writeOutputDependentGeometryStateToHWC layer[com.facebook.orca/com.facebook.orca.auth.StartScreenActivity#0] set Z 134217728 miFodLayer 0x8000000
06-05 18:23:54.739  1113  1113 D CompositionEngine: writeOutputDependentGeometryStateToHWC layer[com.miui.securitycenter/.FloatingWindow#0] set Z 134217729 miFodLayer 0x8000000
06-05 18:23:54.739  1113  1113 D CompositionEngine: writeOutputDependentGeometryStateToHWC layer[StatusBar#0] set Z 134217730 miFodLayer 0x8000000
06-05 18:23:54.739  1113  1113 D CompositionEngine: writeOutputDependentGeometryStateToHWC layer[RoundCornerTop#0] set Z 134217731 miFodLayer 0x8000000
06-05 18:23:54.739  1113  1113 D CompositionEngine: writeOutputDependentGeometryStateToHWC layer[RoundCornerBottom#0] set Z 134217732 miFodLayer 0x8000000
06-05 18:23:54.749   975  1043 D audio_hw_primary: out_set_parameters: enter: usecase(1: low-latency-playback) kvpairs: appname=-com.facebook.orca
06-05 18:23:54.749   975  1043 D audio_hw_extn: audio_extn_fm_set_parameters: Enter
06-05 18:23:54.749   975  1043 D audio_hw_hfp: hfp_set_parameters: enter
06-05 18:23:54.749   975  1043 V a2dp_offload: end of a2dp setparam
06-05 18:23:54.749   975  1043 D audio_hw_primary: out_set_parameters: [hal_apptype] cannot find app type [-com.facebook.orca], return !
06-05 18:23:54.750  1103  1596 D APM_AudioPolicyManager: releaseOutput portId 401
06-05 18:23:54.750  1103  1596 D APM_AudioPolicyManager: releaseOutput() output 13, stream 1, session 5073 [uid=10375]
06-05 18:23:54.753  4385  4385 D BoundBrokerSvc: onBind: Intent { act=com.google.firebase.dynamiclinks.service.START pkg=com.google.android.gms }
06-05 18:23:54.753  4385  4385 D BoundBrokerSvc: Loading bound service for intent: Intent { act=com.google.firebase.dynamiclinks.service.START pkg=com.google.android.gms }
06-05 18:23:54.755  1113  1113 D CompositionEngine: writeOutputDependentGeometryStateToHWC layer[com.facebook.orca/com.facebook.orca.auth.StartScreenActivity#0] set Z 134217728 miFodLayer 0x8000000
06-05 18:23:54.755  1113  1113 D CompositionEngine: writeOutputDependentGeometryStateToHWC layer[com.miui.securitycenter/.FloatingWindow#0] set Z 134217729 miFodLayer 0x8000000
06-05 18:23:54.755  1113  1113 D CompositionEngine: writeOutputDependentGeometryStateToHWC layer[StatusBar#0] set Z 134217730 miFodLayer 0x8000000
06-05 18:23:54.755  1113  1113 D CompositionEngine: writeOutputDependentGeometryStateToHWC layer[RoundCornerTop#0] set Z 134217731 miFodLayer 0x8000000
06-05 18:23:54.755  1113  1113 D CompositionEngine: writeOutputDependentGeometryStateToHWC layer[RoundCornerBottom#0] set Z 134217732 miFodLayer 0x8000000
06-05 18:23:54.813  5042  5042 I KeyboardViewHelper: KeyboardViewHelper.getView():166 Get view with height ratio:1.000000
06-05 18:23:54.817  1757  8997 D AudioTrack:  pause(sessionID=5081)
06-05 18:23:54.817  1757  8997 D AudioTrack: pause(402): prior state:STATE_STOPPED
06-05 18:23:54.818  1757  6932 D NuPlayerDriver: reset(0xef6e1f20) at state 6
06-05 18:23:54.820  1757  8997 D AudioTrack:  pause(sessionID=5081)
06-05 18:23:54.820  1757  8997 D AudioTrack: pause(402): prior state:STATE_STOPPED
06-05 18:23:54.821  1757  8997 D AudioTrack: stop(sessionID=5081)
06-05 18:23:54.821  1757  8997 D AudioTrack: stop(402): prior state:STATE_FLUSHED
06-05 18:23:54.822  1645  9612 I hw-BpHwBinder: onLastStrongRef automatically unlinking death recipients
06-05 18:23:54.823  1645  9612 V C2Store : in ~ComponentModule
06-05 18:23:54.823  1645  9612 V C2Store : unloading dll
06-05 18:23:54.823  1757  9069 I hw-BpHwBinder: onLastStrongRef automatically unlinking death recipients
06-05 18:23:54.824  1757  8997 D AudioTrack: ~AudioTrack(sessionID=5081)
06-05 18:23:54.825  1757  8997 D AudioTrack: stop(sessionID=5081)
06-05 18:23:54.825  1757  8997 D AudioTrack: stop(402): prior state:STATE_FLUSHED
06-05 18:23:54.826  1757  8994 D NuPlayerDriver: notifyResetComplete(0xef6e1f20)
06-05 18:23:54.827  1757  6932 D NuPlayerDriver: reset(0xef6e1f20) at state 0
06-05 18:23:54.827  1757  6932 W AMessage: failed to post message as target looper for handler 0 is gone.
06-05 18:23:54.827  7058  7058 V MediaPlayer: resetDrmState:  mDrmInfo=null mDrmProvisioningThread=null mPrepareDrmInProgress=false mActiveDrmScheme=false
06-05 18:23:54.827  7058  7058 V MediaPlayer: cleanDrmObj: mDrmObj=null mDrmSessionId=null
06-05 18:23:54.827  7058  7058 V MediaPlayer: resetDrmState:  mDrmInfo=null mDrmProvisioningThread=null mPrepareDrmInProgress=false mActiveDrmScheme=false
06-05 18:23:54.827  7058  7058 V MediaPlayer: cleanDrmObj: mDrmObj=null mDrmSessionId=null
06-05 18:23:54.827  1103  2311 D AudioFlinger: updateWakeLockUids_l AudioOut_D uids:
06-05 18:23:54.828  1103  1596 D APM_AudioPolicyManager: stopOutput portId 402
06-05 18:23:54.828  1103  1596 D APM_AudioPolicyManager: stopOutput() output 13, stream 1, session 5081
06-05 18:23:54.828  1103  1596 D APM_AudioPolicyManager: getNewOutputDevices selected devices AUDIO_DEVICE_NONE
06-05 18:23:54.828  1103  1596 D APM_AudioPolicyManager: setOutputDevices device AUDIO_DEVICE_NONE delayMs 96 force 0
06-05 18:23:54.828  1103  1596 D APM_AudioPolicyManager: setOutputDevices() prevDevice {type:0x2,@:}
06-05 18:23:54.829  1103  1596 D APM::AudioPolicyEngine: getDevicesForStrategyInt: STRATEGY_SONIFICATION_RESPECTFUL :Use STRATEGY_SONIFICATION to getDevice
06-05 18:23:54.838   975  1043 D audio_hw_primary: out_set_parameters: enter: usecase(1: low-latency-playback) kvpairs: appname=-com.facebook.orca
06-05 18:23:54.838   975  1043 D audio_hw_extn: audio_extn_fm_set_parameters: Enter
06-05 18:23:54.838   975  1043 D audio_hw_hfp: hfp_set_parameters: enter
06-05 18:23:54.838   975  1043 V a2dp_offload: end of a2dp setparam
06-05 18:23:54.838   975  1043 D audio_hw_primary: out_set_parameters: [hal_apptype] cannot find app type [-com.facebook.orca], return !
06-05 18:23:54.839  1103  1596 D APM_AudioPolicyManager: releaseOutput portId 402
06-05 18:23:54.839  1103  1596 D APM_AudioPolicyManager: releaseOutput() output 13, stream 1, session 5081 [uid=10375]
06-05 18:23:54.866  5042  5042 I KeyboardViewUtil: KeyboardViewUtil.calculateMaxKeyboardBodyHeight():44 leave 344 height for app when screen height:2400, header height:121 and isFullscreenMode:false, so the max keyboard body height is:1935
06-05 18:23:54.866  5042  5042 I SoftKeyboardView: SoftKeyboardView.setMaxHeight():733 Set max keyboard height:1935.
06-05 18:23:54.873  5042  5042 I DeviceModeUtil: DeviceModeUtil.getDeviceMode():126 Get device mode phone by ui mode:1 and smallestScreenWidthDp:392
06-05 18:23:54.874  5042  5042 I DeviceModeUtil: DeviceModeUtil.getDeviceMode():126 Get device mode phone by ui mode:1 and smallestScreenWidthDp:392
06-05 18:23:54.874  5042  5042 I DeviceModeUtil: DeviceModeUtil.getDeviceMode():126 Get device mode phone by ui mode:1 and smallestScreenWidthDp:392
06-05 18:23:54.876  5042  5042 I DeviceModeUtil: DeviceModeUtil.getDeviceMode():126 Get device mode phone by ui mode:1 and smallestScreenWidthDp:392
06-05 18:23:54.876  5042  5042 I KeyboardViewUtil: KeyboardViewUtil.calculateMaxKeyboardBodyHeight():44 leave 344 height for app when screen height:2400, header height:121 and isFullscreenMode:false, so the max keyboard body height is:1935
06-05 18:23:54.877  5042  5042 I DeviceModeUtil: DeviceModeUtil.getDeviceMode():126 Get device mode phone by ui mode:1 and smallestScreenWidthDp:392
06-05 18:23:54.901  5042  5042 I AndroidIME: KeyboardViewManager.updateKeyboardBackgroundFrameVisibility():353 Set background frame visibility. old:8, new:0
06-05 18:23:54.901  5042  5042 W View    : requestLayout() improperly called by com.google.android.libraries.inputmethod.widgets.ShrinkableFrameView{a4c4a7f V.E...... ......I. 0,0-0,0 #7f0b040f app:id/0_resource_name_obfuscated} during layout: running second layout pass
06-05 18:23:54.902  5042  5042 D SurfaceView: UPDATE null, mIsCastMode = false
06-05 18:23:54.903  5042  5042 I ScaleBitmapDrawable: ScaleBitmapDrawable.draw():255 drawable:ejy@e689a4c, level:10000, drawingMatrix:[2.7382812, 0.0, 0.0][0.0, 2.7382812, 0.0][0.0, 0.0, 1.0]
06-05 18:23:54.903  5042  5042 I ScaleBitmapDrawable: ScaleBitmapDrawable.draw():255 drawable:ejy@4550a95, level:10000, drawingMatrix:[1.3691406, 0.0, 0.0][0.0, 1.3691406, 0.0][0.0, 0.0, 1.0]
06-05 18:23:54.918  5042  5051 W putmethod.lati: Reducing the number of considered missed Gc histogram windows from 138 to 100
06-05 18:23:54.930  1034  1034 E vendor.qti.hardware.perf@2.2-service: Unknown params
06-05 18:23:54.930  1034  1034 I ANDR-PERF-LM: LMPerfGlue: perfmodule_submit_request() 132: perfmodule_submit_request()
06-05 18:23:54.931  1034  1034 I ANDR-PERF-LM: Core: getInstance() 84: LM getInstance
06-05 18:23:54.931  1034  1034 D ANDR-PERF-LM: Feature: lookup() 101: Feature Name = AppClassifier, total featuers = 3, featureFound = 1
06-05 18:23:54.931  1034  1034 D ANDR-PERF-LM: Feature: getData() 112: data.data = 0
06-05 18:23:54.931  1034  1034 I ANDR-PERF-LM: FeedbackAPI: getFeedback() 60: app:BufferTX - InputMethod feature:AppClassifier feedback = 0
06-05 18:23:54.933  7058  7058 D InsetsController: show(ime(), fromIme=true)
06-05 18:23:54.937  1113  1113 D CompositionEngine: writeOutputDependentGeometryStateToHWC layer[com.facebook.orca/com.facebook.orca.auth.StartScreenActivity#0] set Z 134217728 miFodLayer 0x8000000
06-05 18:23:54.937  1113  1113 D CompositionEngine: writeOutputDependentGeometryStateToHWC layer[com.miui.securitycenter/.FloatingWindow#0] set Z 134217729 miFodLayer 0x8000000
06-05 18:23:54.937  1113  1113 D CompositionEngine: writeOutputDependentGeometryStateToHWC layer[StatusBar#0] set Z 134217730 miFodLayer 0x8000000
06-05 18:23:54.937  1113  1113 D CompositionEngine: writeOutputDependentGeometryStateToHWC layer[RoundCornerTop#0] set Z 134217731 miFodLayer 0x8000000
06-05 18:23:54.937  1113  1113 D CompositionEngine: writeOutputDependentGeometryStateToHWC layer[RoundCornerBottom#0] set Z 134217732 miFodLayer 0x8000000
06-05 18:23:54.937  5042  5042 I DeviceModeUtil: DeviceModeUtil.getDeviceMode():126 Get device mode phone by ui mode:1 and smallestScreenWidthDp:392
06-05 18:23:54.941  5042  5042 I DeviceModeUtil: DeviceModeUtil.getDeviceMode():126 Get device mode phone by ui mode:1 and smallestScreenWidthDp:392
06-05 18:23:54.941  5042  5042 I NormalModeController: NormalModeController.getKeyboardBodyViewHolderPaddingBottom():111 currentPrimeKeyboardType:SOFT systemPaddingBottom:-1
06-05 18:23:54.943  5042  6529 I Delight5Decoder: Delight5DecoderWrapper.setKeyboardLayout():433 setKeyboardLayout()
06-05 18:23:54.951  5042  5053 W SP      : File ref is being finalized but wasn't closed, file: en-US-small-rnnt[73]
06-05 18:23:54.951  5042  5053 W SP      : File ref is being finalized but wasn't closed, file: en-US-small-rnnt[73]
06-05 18:23:54.951  5042  5053 W SP      : File ref is being finalized but wasn't closed, file: en-US-small-rnnt[73]
06-05 18:23:54.951  5042  5053 W SP      : File ref is being finalized but wasn't closed, file: en-US-small-rnnt[73]
06-05 18:23:54.951  5042  5053 W SP      : File ref is being finalized but wasn't closed, file: en-US-small-rnnt[73]
06-05 18:23:54.951  5042  5053 W SP      : File ref is being finalized but wasn't closed, file: en-US-small-rnnt[73]
06-05 18:23:54.954  1113  1113 D CompositionEngine: writeOutputDependentGeometryStateToHWC layer[com.facebook.orca/com.facebook.orca.auth.StartScreenActivity#0] set Z 134217728 miFodLayer 0x8000000
06-05 18:23:54.954  1113  1113 D CompositionEngine: writeOutputDependentGeometryStateToHWC layer[com.miui.securitycenter/.FloatingWindow#0] set Z 134217729 miFodLayer 0x8000000
06-05 18:23:54.954  1113  1113 D CompositionEngine: writeOutputDependentGeometryStateToHWC layer[StatusBar#0] set Z 134217730 miFodLayer 0x8000000
06-05 18:23:54.954  1113  1113 D CompositionEngine: writeOutputDependentGeometryStateToHWC layer[RoundCornerTop#0] set Z 134217731 miFodLayer 0x8000000
06-05 18:23:54.954  1113  1113 D CompositionEngine: writeOutputDependentGeometryStateToHWC layer[RoundCornerBottom#0] set Z 134217732 miFodLayer 0x8000000
06-05 18:23:54.956  5042  6529 I Delight5Decoder: Delight5DecoderWrapper.setKeyboardLayout():433 setKeyboardLayout()
06-05 18:23:54.956  5042  5042 I AndroidIME: KeyboardViewManager.updateKeyboardBodyViewHolderPaddingBottom():584 Set finalPaddingBottom = 0 while keyboardBottomGapFromScreen = 0; navigationHeight = 0
06-05 18:23:54.956  5042  5042 I AndroidIME: KeyboardViewManager.saveKeyboardBottomGap():278 realScreenHeight: 0 screenHeightInInches: 6.091371
06-05 18:23:54.956  5042  5042 I AndroidIME: keyboardHolderHeight: 701 navigationHeight: 0
06-05 18:23:54.956  5042  5042 I AndroidIME: getKeyboardBodyViewHolderPaddingBottom(): 0 getKeyboardBottomGapFromScreen(): 0
06-05 18:23:54.956  5042  5042 I AndroidIME: keyboardBottomGap: 0 bodyViewHolderBottomPadding: 0
06-05 18:23:54.956  5042  5042 I AndroidIME: decorViewStableInsetBottom: 0 updated: false
06-05 18:23:54.956  1034  1034 E vendor.qti.hardware.perf@2.2-service: Unknown params
06-05 18:23:54.956  5042  5042 W TooltipLifecycleManager: TooltipLifecycleManager.dismissTooltips():159 Tooltip with id spell_check_add_to_dictionary not found in tooltipManager.
06-05 18:23:54.956  1034  1034 I ANDR-PERF-LM: LMPerfGlue: perfmodule_submit_request() 132: perfmodule_submit_request()
06-05 18:23:54.956  1034  1034 I ANDR-PERF-LM: Core: getInstance() 84: LM getInstance
06-05 18:23:54.956  1034  1034 D ANDR-PERF-LM: Feature: lookup() 101: Feature Name = AppClassifier, total featuers = 3, featureFound = 1
06-05 18:23:54.957  1034  1034 D ANDR-PERF-LM: Feature: getData() 112: data.data = 0
06-05 18:23:54.957  1034  1034 I ANDR-PERF-LM: FeedbackAPI: getFeedback() 60: app:BufferTX - com.facebook.orca feature:AppClassifier feedback = 0
06-05 18:23:54.966  1010  2684 I sensors-hal: ssc_conn_event_cb:489, event[0] sensor:pedometer  Wakeup msg_id=129, ts=180886165118
06-05 18:23:54.971  1113  1113 D CompositionEngine: writeOutputDependentGeometryStateToHWC layer[com.facebook.orca/com.facebook.orca.auth.StartScreenActivity#0] set Z 134217728 miFodLayer 0x8000000
06-05 18:23:54.971  1113  1113 D CompositionEngine: writeOutputDependentGeometryStateToHWC layer[InputMethod#0] set Z 134217729 miFodLayer 0x8000000
06-05 18:23:54.971  1113  1113 D CompositionEngine: writeOutputDependentGeometryStateToHWC layer[com.miui.securitycenter/.FloatingWindow#0] set Z 134217730 miFodLayer 0x8000000
06-05 18:23:54.971  1113  1113 D CompositionEngine: writeOutputDependentGeometryStateToHWC layer[StatusBar#0] set Z 134217731 miFodLayer 0x8000000
06-05 18:23:54.971  1113  1113 D CompositionEngine: writeOutputDependentGeometryStateToHWC layer[RoundCornerTop#0] set Z 134217732 miFodLayer 0x8000000
06-05 18:23:54.971  1113  1113 D CompositionEngine: writeOutputDependentGeometryStateToHWC layer[RoundCornerBottom#0] set Z 134217733 miFodLayer 0x8000000
06-05 18:23:54.972  4385  4385 D BoundBrokerSvc: onBind: Intent { act=com.google.android.gms.common.BIND_SHARED_PREFS pkg=com.google.android.gms }
06-05 18:23:54.972  4385  4385 D BoundBrokerSvc: Loading bound service for intent: Intent { act=com.google.android.gms.common.BIND_SHARED_PREFS pkg=com.google.android.gms }
06-05 18:23:54.979  4385  4385 D BoundBrokerSvc: onUnbind: Intent { act=com.google.android.gms.common.BIND_SHARED_PREFS pkg=com.google.android.gms }
06-05 18:23:54.987  1113  1113 D CompositionEngine: writeOutputDependentGeometryStateToHWC layer[com.facebook.orca/com.facebook.orca.auth.StartScreenActivity#0] set Z 134217728 miFodLayer 0x8000000
06-05 18:23:54.987  4385  4385 D BoundBrokerSvc: onBind: Intent { act=com.google.android.gms.common.BIND_SHARED_PREFS pkg=com.google.android.gms }
06-05 18:23:54.987  1113  1113 D CompositionEngine: writeOutputDependentGeometryStateToHWC layer[InputMethod#0] set Z 134217729 miFodLayer 0x8000000
06-05 18:23:54.987  4385  4385 D BoundBrokerSvc: Loading bound service for intent: Intent { act=com.google.android.gms.common.BIND_SHARED_PREFS pkg=com.google.android.gms }
06-05 18:23:54.987  1113  1113 D CompositionEngine: writeOutputDependentGeometryStateToHWC layer[com.miui.securitycenter/.FloatingWindow#0] set Z 134217730 miFodLayer 0x8000000
06-05 18:23:54.987  1113  1113 D CompositionEngine: writeOutputDependentGeometryStateToHWC layer[StatusBar#0] set Z 134217731 miFodLayer 0x8000000
06-05 18:23:54.987  1113  1113 D CompositionEngine: writeOutputDependentGeometryStateToHWC layer[RoundCornerTop#0] set Z 134217732 miFodLayer 0x8000000
06-05 18:23:54.987  1113  1113 D CompositionEngine: writeOutputDependentGeometryStateToHWC layer[RoundCornerBottom#0] set Z 134217733 miFodLayer 0x8000000
06-05 18:23:54.993  4385  4385 D BoundBrokerSvc: onUnbind: Intent { act=com.google.android.gms.common.BIND_SHARED_PREFS pkg=com.google.android.gms }
06-05 18:23:55.004  1113  1113 D CompositionEngine: writeOutputDependentGeometryStateToHWC layer[com.facebook.orca/com.facebook.orca.auth.StartScreenActivity#0] set Z 134217728 miFodLayer 0x8000000
06-05 18:23:55.004  1113  1113 D CompositionEngine: writeOutputDependentGeometryStateToHWC layer[InputMethod#0] set Z 134217729 miFodLayer 0x8000000
06-05 18:23:55.004  1113  1113 D CompositionEngine: writeOutputDependentGeometryStateToHWC layer[com.miui.securitycenter/.FloatingWindow#0] set Z 134217730 miFodLayer 0x8000000
06-05 18:23:55.004  1113  1113 D CompositionEngine: writeOutputDependentGeometryStateToHWC layer[StatusBar#0] set Z 134217731 miFodLayer 0x8000000
06-05 18:23:55.004  1113  1113 D CompositionEngine: writeOutputDependentGeometryStateToHWC layer[RoundCornerTop#0] set Z 134217732 miFodLayer 0x8000000
06-05 18:23:55.004  1113  1113 D CompositionEngine: writeOutputDependentGeometryStateToHWC layer[RoundCornerBottom#0] set Z 134217733 miFodLayer 0x8000000
06-05 18:23:55.020  1113  1113 D CompositionEngine: writeOutputDependentGeometryStateToHWC layer[com.facebook.orca/com.facebook.orca.auth.StartScreenActivity#0] set Z 134217728 miFodLayer 0x8000000
06-05 18:23:55.020  1113  1113 D CompositionEngine: writeOutputDependentGeometryStateToHWC layer[InputMethod#0] set Z 134217729 miFodLayer 0x8000000
06-05 18:23:55.020  1113  1113 D CompositionEngine: writeOutputDependentGeometryStateToHWC layer[com.miui.securitycenter/.FloatingWindow#0] set Z 134217730 miFodLayer 0x8000000
06-05 18:23:55.020  1113  1113 D CompositionEngine: writeOutputDependentGeometryStateToHWC layer[StatusBar#0] set Z 134217731 miFodLayer 0x8000000
06-05 18:23:55.020  1113  1113 D CompositionEngine: writeOutputDependentGeometryStateToHWC layer[RoundCornerTop#0] set Z 134217732 miFodLayer 0x8000000
06-05 18:23:55.020  1113  1113 D CompositionEngine: writeOutputDependentGeometryStateToHWC layer[RoundCornerBottom#0] set Z 134217733 miFodLayer 0x8000000
06-05 18:23:55.037  1113  1113 D CompositionEngine: writeOutputDependentGeometryStateToHWC layer[com.facebook.orca/com.facebook.orca.auth.StartScreenActivity#0] set Z 134217728 miFodLayer 0x8000000
06-05 18:23:55.037  1113  1113 D CompositionEngine: writeOutputDependentGeometryStateToHWC layer[InputMethod#0] set Z 134217729 miFodLayer 0x8000000
06-05 18:23:55.037  1113  1113 D CompositionEngine: writeOutputDependentGeometryStateToHWC layer[com.miui.securitycenter/.FloatingWindow#0] set Z 134217730 miFodLayer 0x8000000
06-05 18:23:55.037  1113  1113 D CompositionEngine: writeOutputDependentGeometryStateToHWC layer[StatusBar#0] set Z 134217731 miFodLayer 0x8000000
06-05 18:23:55.037  1113  1113 D CompositionEngine: writeOutputDependentGeometryStateToHWC layer[RoundCornerTop#0] set Z 134217732 miFodLayer 0x8000000
06-05 18:23:55.037  1113  1113 D CompositionEngine: writeOutputDependentGeometryStateToHWC layer[RoundCornerBottom#0] set Z 134217733 miFodLayer 0x8000000
06-05 18:23:55.053  1113  1113 D CompositionEngine: writeOutputDependentGeometryStateToHWC layer[com.facebook.orca/com.facebook.orca.auth.StartScreenActivity#0] set Z 134217728 miFodLayer 0x8000000
06-05 18:23:55.053  1113  1113 D CompositionEngine: writeOutputDependentGeometryStateToHWC layer[InputMethod#0] set Z 134217729 miFodLayer 0x8000000
06-05 18:23:55.053  1113  1113 D CompositionEngine: writeOutputDependentGeometryStateToHWC layer[com.miui.securitycenter/.FloatingWindow#0] set Z 134217730 miFodLayer 0x8000000
06-05 18:23:55.053  1113  1113 D CompositionEngine: writeOutputDependentGeometryStateToHWC layer[StatusBar#0] set Z 134217731 miFodLayer 0x8000000
06-05 18:23:55.053  1113  1113 D CompositionEngine: writeOutputDependentGeometryStateToHWC layer[RoundCornerTop#0] set Z 134217732 miFodLayer 0x8000000
06-05 18:23:55.053  1113  1113 D CompositionEngine: writeOutputDependentGeometryStateToHWC layer[RoundCornerBottom#0] set Z 134217733 miFodLayer 0x8000000
06-05 18:23:55.070  1113  1113 D CompositionEngine: writeOutputDependentGeometryStateToHWC layer[com.facebook.orca/com.facebook.orca.auth.StartScreenActivity#0] set Z 134217728 miFodLayer 0x8000000
06-05 18:23:55.070  1113  1113 D CompositionEngine: writeOutputDependentGeometryStateToHWC layer[InputMethod#0] set Z 134217729 miFodLayer 0x8000000
06-05 18:23:55.070  1113  1113 D CompositionEngine: writeOutputDependentGeometryStateToHWC layer[com.miui.securitycenter/.FloatingWindow#0] set Z 134217730 miFodLayer 0x8000000
06-05 18:23:55.070  1113  1113 D CompositionEngine: writeOutputDependentGeometryStateToHWC layer[StatusBar#0] set Z 134217731 miFodLayer 0x8000000
06-05 18:23:55.070  1113  1113 D CompositionEngine: writeOutputDependentGeometryStateToHWC layer[RoundCornerTop#0] set Z 134217732 miFodLayer 0x8000000
06-05 18:23:55.070  1113  1113 D CompositionEngine: writeOutputDependentGeometryStateToHWC layer[RoundCornerBottom#0] set Z 134217733 miFodLayer 0x8000000
06-05 18:23:55.086  1113  1113 D CompositionEngine: writeOutputDependentGeometryStateToHWC layer[com.facebook.orca/com.facebook.orca.auth.StartScreenActivity#0] set Z 134217728 miFodLayer 0x8000000
06-05 18:23:55.086  1113  1113 D CompositionEngine: writeOutputDependentGeometryStateToHWC layer[InputMethod#0] set Z 134217729 miFodLayer 0x8000000
06-05 18:23:55.086  1113  1113 D CompositionEngine: writeOutputDependentGeometryStateToHWC layer[com.miui.securitycenter/.FloatingWindow#0] set Z 134217730 miFodLayer 0x8000000
06-05 18:23:55.086  1113  1113 D CompositionEngine: writeOutputDependentGeometryStateToHWC layer[StatusBar#0] set Z 134217731 miFodLayer 0x8000000
06-05 18:23:55.086  1113  1113 D CompositionEngine: writeOutputDependentGeometryStateToHWC layer[RoundCornerTop#0] set Z 134217732 miFodLayer 0x8000000
06-05 18:23:55.086  1113  1113 D CompositionEngine: writeOutputDependentGeometryStateToHWC layer[RoundCornerBottom#0] set Z 134217733 miFodLayer 0x8000000
06-05 18:23:55.098  7058  7058 D DecorView[]: getWindowModeFromSystem  windowmode is 1
06-05 18:23:55.102  1113  1113 D CompositionEngine: writeOutputDependentGeometryStateToHWC layer[com.facebook.orca/com.facebook.orca.auth.StartScreenActivity#0] set Z 134217728 miFodLayer 0x8000000
06-05 18:23:55.102  1113  1113 D CompositionEngine: writeOutputDependentGeometryStateToHWC layer[InputMethod#0] set Z 134217729 miFodLayer 0x8000000
06-05 18:23:55.102  1113  1113 D CompositionEngine: writeOutputDependentGeometryStateToHWC layer[com.miui.securitycenter/.FloatingWindow#0] set Z 134217730 miFodLayer 0x8000000
06-05 18:23:55.102  1113  1113 D CompositionEngine: writeOutputDependentGeometryStateToHWC layer[StatusBar#0] set Z 134217731 miFodLayer 0x8000000
06-05 18:23:55.102  1113  1113 D CompositionEngine: writeOutputDependentGeometryStateToHWC layer[RoundCornerTop#0] set Z 134217732 miFodLayer 0x8000000
06-05 18:23:55.102  1113  1113 D CompositionEngine: writeOutputDependentGeometryStateToHWC layer[RoundCornerBottom#0] set Z 134217733 miFodLayer 0x8000000
06-05 18:23:55.119  1113  1113 D CompositionEngine: writeOutputDependentGeometryStateToHWC layer[com.facebook.orca/com.facebook.orca.auth.StartScreenActivity#0] set Z 134217728 miFodLayer 0x8000000
06-05 18:23:55.119  1113  1113 D CompositionEngine: writeOutputDependentGeometryStateToHWC layer[InputMethod#0] set Z 134217729 miFodLayer 0x8000000
06-05 18:23:55.119  1113  1113 D CompositionEngine: writeOutputDependentGeometryStateToHWC layer[com.miui.securitycenter/.FloatingWindow#0] set Z 134217730 miFodLayer 0x8000000
06-05 18:23:55.119  1113  1113 D CompositionEngine: writeOutputDependentGeometryStateToHWC layer[StatusBar#0] set Z 134217731 miFodLayer 0x8000000
06-05 18:23:55.119  1113  1113 D CompositionEngine: writeOutputDependentGeometryStateToHWC layer[RoundCornerTop#0] set Z 134217732 miFodLayer 0x8000000
06-05 18:23:55.119  1113  1113 D CompositionEngine: writeOutputDependentGeometryStateToHWC layer[RoundCornerBottom#0] set Z 134217733 miFodLayer 0x8000000
06-05 18:23:55.135  1113  1113 D CompositionEngine: writeOutputDependentGeometryStateToHWC layer[com.facebook.orca/com.facebook.orca.auth.StartScreenActivity#0] set Z 134217728 miFodLayer 0x8000000
06-05 18:23:55.135  1113  1113 D CompositionEngine: writeOutputDependentGeometryStateToHWC layer[InputMethod#0] set Z 134217729 miFodLayer 0x8000000
06-05 18:23:55.135  1113  1113 D CompositionEngine: writeOutputDependentGeometryStateToHWC layer[com.miui.securitycenter/.FloatingWindow#0] set Z 134217730 miFodLayer 0x8000000
