06-05 18:23:15.136 21392 21392 W System.err: 	at com.android.internal.util.function.pooled.PooledLambdaImpl.invoke(PooledLambdaImpl.java:204)
06-05 18:23:15.136 21414 21414 W System.err: 	at com.android.internal.util.function.pooled.PooledLambdaImpl.invoke(PooledLambdaImpl.java:204)
06-05 18:23:15.136 21392 21392 W System.err: 	at com.android.internal.util.function.pooled.OmniFunction.run(OmniFunction.java:97)
06-05 18:23:15.136 21414 21414 W System.err: 	at com.android.internal.util.function.pooled.OmniFunction.run(OmniFunction.java:97)
06-05 18:23:15.136 21392 21392 W System.err: 	at android.os.Handler.handleCallback(Handler.java:938)
06-05 18:23:15.136 21414 21414 W System.err: 	at android.os.Handler.handleCallback(Handler.java:938)
06-05 18:23:15.136 21392 21392 W System.err: 	at android.os.Handler.dispatchMessage(Handler.java:99)
06-05 18:23:15.136 21414 21414 W System.err: 	at android.os.Handler.dispatchMessage(Handler.java:99)
06-05 18:23:15.136 21392 21392 W System.err: 	at android.os.Looper.loopOnce(Looper.java:210)
06-05 18:23:15.136 21414 21414 W System.err: 	at android.os.Looper.loopOnce(Looper.java:210)
06-05 18:23:15.136 21392 21392 W System.err: 	at android.os.Looper.loop(Looper.java:299)
06-05 18:23:15.136 21414 21414 W System.err: 	at android.os.Looper.loop(Looper.java:299)
06-05 18:23:15.136 21392 21392 W System.err: 	at android.app.ActivityThread.main(ActivityThread.java:8105)
06-05 18:23:15.136 21414 21414 W System.err: 	at android.app.ActivityThread.main(ActivityThread.java:8105)
06-05 18:23:15.136 21392 21392 W System.err: 	at java.lang.reflect.Method.invoke(Native Method)
06-05 18:23:15.136 21414 21414 W System.err: 	at java.lang.reflect.Method.invoke(Native Method)
06-05 18:23:15.136 21392 21392 W System.err: 	at com.android.internal.os.RuntimeInit$MethodAndArgsCaller.run(RuntimeInit.java:556)
06-05 18:23:15.136 21414 21414 W System.err: 	at com.android.internal.os.RuntimeInit$MethodAndArgsCaller.run(RuntimeInit.java:556)
06-05 18:23:15.136 21392 21392 W System.err: 	at com.android.internal.os.ZygoteInit.main(ZygoteInit.java:1045)
06-05 18:23:15.136 21414 21414 W System.err: 	at com.android.internal.os.ZygoteInit.main(ZygoteInit.java:1045)
06-05 18:23:15.136 21361 21361 W System.err: 	at java.lang.reflect.Method.invoke(Native Method)
06-05 18:23:15.136 21361 21361 W System.err: 	at com.lenovo.anyshare.BUd.a(SourceFile:14)
06-05 18:23:15.136 21361 21361 W System.err: 	at aashareit.AnyShareApp.onTrimMemory(SourceFile:1)
06-05 18:23:15.136 21361 21361 W System.err: 	at android.app.ActivityThread.handleTrimMemory(ActivityThread.java:6490)
06-05 18:23:15.136 21361 21361 W System.err: 	at android.app.ActivityThread.access$1400(ActivityThread.java:264)
06-05 18:23:15.136 21361 21361 W System.err: 	at android.app.ActivityThread$ApplicationThread.lambda$scheduleTrimMemory$0(ActivityThread.java:1738)
06-05 18:23:15.136 21361 21361 W System.err: 	at android.app.ActivityThread$ApplicationThread$$ExternalSyntheticLambda2.accept(Unknown Source:8)
06-05 18:23:15.136 21361 21361 W System.err: 	at com.android.internal.util.function.pooled.PooledLambdaImpl.doInvoke(PooledLambdaImpl.java:281)
06-05 18:23:15.137 21361 21361 W System.err: 	at com.android.internal.util.function.pooled.PooledLambdaImpl.invoke(PooledLambdaImpl.java:204)
06-05 18:23:15.137 21361 21361 W System.err: 	at com.android.internal.util.function.pooled.OmniFunction.run(OmniFunction.java:97)
06-05 18:23:15.137 21361 21361 W System.err: 	at android.os.Handler.handleCallback(Handler.java:938)
06-05 18:23:15.137 21361 21361 W System.err: 	at android.os.Handler.dispatchMessage(Handler.java:99)
06-05 18:23:15.137 21361 21361 W System.err: 	at android.os.Looper.loopOnce(Looper.java:210)
06-05 18:23:15.137 21361 21361 W System.err: 	at android.os.Looper.loop(Looper.java:299)
06-05 18:23:15.137 21361 21361 W System.err: 	at android.app.ActivityThread.main(ActivityThread.java:8105)
06-05 18:23:15.137 21361 21361 W System.err: 	at java.lang.reflect.Method.invoke(Native Method)
06-05 18:23:15.137 21361 21361 W System.err: 	at com.android.internal.os.RuntimeInit$MethodAndArgsCaller.run(RuntimeInit.java:556)
06-05 18:23:15.137 21361 21361 W System.err: 	at com.android.internal.os.ZygoteInit.main(ZygoteInit.java:1045)
06-05 18:23:15.156   597   597 I lowmemorykiller: Kill 'com.miui.notes:widgetProvider' (6942), uid 10121, oom_score_adj 999 to free 64640kB rss, 17060kB swap; reason: critical pressure and device is low on memory
06-05 18:23:15.190  7724  7724 I Finsky  : [2] noz.onTrimMemory(1): Memory trim requested to level 40
06-05 18:23:15.192   859   859 I Zygote  : Process 6942 exited due to signal 9 (Killed)
06-05 18:23:15.199  1850  1960 I libprocessgroup: Successfully killed process cgroup uid 10121 pid 6942 in 0ms
06-05 18:23:15.208  7724  7724 I Finsky  : [2] ldy.accept(9): Flushing in-memory image cache
06-05 18:23:15.209  2953  3427 I Unity   : [ExceptionReporter] ANRMonitor: Paused
06-05 18:23:15.209  1850  2553 D MIUIInput: [MotionEvent] publisher action=0x4, 5183256, channel 'c058ab6 com.miui.securitycenter (server)'
06-05 18:23:15.210  1850  2553 D MIUIInput: [MotionEvent] publisher action=0x4, 5183256, channel 'e8a58be com.mi.android.globallauncher/com.miui.home.launcher.Launcher (server)'
06-05 18:23:15.211  1850  2553 D MIUIInput: [MotionEvent] publisher action=0x0, 5183256, channel '6f73a31 com.mi.android.globallauncher/com.miui.home.launcher.Launcher (server)'
06-05 18:23:15.211  1850  2553 D MIUIInput: [MotionEvent] publisher action=0x0, 5183256, channel 'b14dffb com.miui.miwallpaper.wallpaperservice.MiuiKeyguardPictorialWallpaper (server)'
06-05 18:23:15.211  1850  2553 D MIUIInput: [MotionEvent] publisher action=0x0, 5183256, channel 'a0fbfb com.miui.miwallpaper.wallpaperservice.ImageWallpaper (server)'
06-05 18:23:15.217 18541  8642 W System.err: java.lang.NullPointerException: Attempt to invoke virtual method 'java.lang.Class java.lang.Object.getClass()' on a null object reference
06-05 18:23:15.222 18541  8642 W System.err: 	at X.4Eg.LIZIZ(SourceFile:17104922)
06-05 18:23:15.222 18541  8642 W System.err: 	at X.4Eg.LIZ(SourceFile:17235968)
06-05 18:23:15.222 18541  8642 W System.err: 	at com.ss.android.ugc.aweme.legoImp.task.TrimMemoryTask.run(SourceFile:17104995)
06-05 18:23:15.222 18541  8642 W System.err: 	at X.0kB.LIZIZ(SourceFile:17170480)
06-05 18:23:15.222 18541  8642 W System.err: 	at X.1Ja.LIZ(SourceFile:17104898)
06-05 18:23:15.223 18541  8642 W System.err: 	at X.0j8.run(SourceFile:65540)
06-05 18:23:15.223 18541  8642 W System.err: 	at X.0fb.run(SourceFile:459005)
06-05 18:23:15.223 18541  8642 W System.err: 	at java.util.concurrent.ThreadPoolExecutor.runWorker(ThreadPoolExecutor.java:1167)
06-05 18:23:15.223 18541  8642 W System.err: 	at java.util.concurrent.ThreadPoolExecutor$Worker.run(ThreadPoolExecutor.java:641)
06-05 18:23:15.223 18541  8642 W System.err: 	at X.0ff.run(SourceFile:131081)
06-05 18:23:15.223 18541  8642 W System.err: 	at java.lang.Thread.run(Thread.java:920)
06-05 18:23:15.249  1850  1941 D PerfImpl: perfGetWorkLoadType
06-05 18:23:15.249  1034  1034 E vendor.qti.hardware.perf@2.2-service: Unknown params
06-05 18:23:15.249  1034  1034 I ANDR-PERF-LM: LMPerfGlue: perfmodule_submit_request() 132: perfmodule_submit_request()
06-05 18:23:15.249  1034  1034 I ANDR-PERF-LM: Core: getInstance() 84: LM getInstance
06-05 18:23:15.249  1034  1034 D ANDR-PERF-LM: Feature: lookup() 101: Feature Name = AppClassifier, total featuers = 3, featureFound = 1
06-05 18:23:15.249  1034  1034 D ANDR-PERF-LM: Feature: getData() 112: data.data = 1
06-05 18:23:15.249  1034  1034 I ANDR-PERF-LM: FeedbackAPI: getFeedback() 60: app:com.mi.android.globallauncher feature:AppClassifier feedback = 1
06-05 18:23:15.249  1850  1941 D PerfImpl: perfScrollBoost: com.mi.android.globallauncher, -1, 4
06-05 18:23:15.249  1034  1034 E vendor.qti.hardware.perf@2.2-service: Unknown params
06-05 18:23:15.250  1034  1034 I ANDR-PERF-LM: LMPerfGlue: perfmodule_submit_request() 132: perfmodule_submit_request()
06-05 18:23:15.250  1034  1034 I ANDR-PERF-LM: Core: getInstance() 84: LM getInstance
06-05 18:23:15.250  1034  1034 I ANDR-PERF-LM: WQ: push() 59: LMTriggerQ push() size=0
06-05 18:23:15.250  1034  1034 I ANDR-PERF-LM: WQ: push() 61: LMTriggerQ push() done size=1
06-05 18:23:15.250  1034  1092 I ANDR-PERF-LM: WQ: pop() 42: LMTriggerQ pop() done size=0
06-05 18:23:15.250  1034  1092 I ANDR-PERF-LM: Core: lmMain() 373: Waiting on trigger Queue
06-05 18:23:15.250  1034  1092 I ANDR-PERF-LM: WQ: pop() 31: LMTriggerQ pop() size=0
06-05 18:23:15.250  1850  1941 D PerfImpl: perfGetWorkLoadType
06-05 18:23:15.250  1034  1034 E vendor.qti.hardware.perf@2.2-service: Unknown params
06-05 18:23:15.250  1034  1034 I ANDR-PERF-LM: LMPerfGlue: perfmodule_submit_request() 132: perfmodule_submit_request()
06-05 18:23:15.250  1034  1034 I ANDR-PERF-LM: Core: getInstance() 84: LM getInstance
06-05 18:23:15.250  1034  1034 D ANDR-PERF-LM: Feature: lookup() 101: Feature Name = AppClassifier, total featuers = 3, featureFound = 1
06-05 18:23:15.250  1034  1034 D ANDR-PERF-LM: Feature: getData() 112: data.data = 1
06-05 18:23:15.250  1034  1034 I ANDR-PERF-LM: FeedbackAPI: getFeedback() 60: app:com.mi.android.globallauncher feature:AppClassifier feedback = 1
06-05 18:23:15.250  1850  1941 D PerfImpl: perfDragBoost: com.mi.android.globallauncher, -1, 1
06-05 18:23:15.250  1034  1034 E vendor.qti.hardware.perf@2.2-service: Unknown params
06-05 18:23:15.304  1850  2553 D MIUIInput: [MotionEvent] publisher action=0x1, 5183352, channel '6f73a31 com.mi.android.globallauncher/com.miui.home.launcher.Launcher (server)'
06-05 18:23:15.305  1850  2553 D MIUIInput: [MotionEvent] publisher action=0x1, 5183352, channel 'b14dffb com.miui.miwallpaper.wallpaperservice.MiuiKeyguardPictorialWallpaper (server)'
06-05 18:23:15.305  1850  2553 D MIUIInput: [MotionEvent] publisher action=0x1, 5183352, channel 'a0fbfb com.miui.miwallpaper.wallpaperservice.ImageWallpaper (server)'
06-05 18:23:15.305  1850  1941 D PerfImpl: perfGetWorkLoadType
06-05 18:23:15.305  1034  1034 E vendor.qti.hardware.perf@2.2-service: Unknown params
06-05 18:23:15.305  1034  1034 I ANDR-PERF-LM: LMPerfGlue: perfmodule_submit_request() 132: perfmodule_submit_request()
06-05 18:23:15.305  1034  1034 I ANDR-PERF-LM: Core: getInstance() 84: LM getInstance
06-05 18:23:15.305  1034  1034 D ANDR-PERF-LM: Feature: lookup() 101: Feature Name = AppClassifier, total featuers = 3, featureFound = 1
06-05 18:23:15.306  1034  1034 D ANDR-PERF-LM: Feature: getData() 112: data.data = 1
06-05 18:23:15.306  1034  1034 I ANDR-PERF-LM: FeedbackAPI: getFeedback() 60: app:com.mi.android.globallauncher feature:AppClassifier feedback = 1
06-05 18:23:15.306  1850  1941 D PerfImpl: perfScrollBoost: com.mi.android.globallauncher, 1380, 1
06-05 18:23:15.306  1034  1034 E vendor.qti.hardware.perf@2.2-service: Unknown params
06-05 18:23:15.306  1034  1034 I ANDR-PERF-LM: LMPerfGlue: perfmodule_submit_request() 132: perfmodule_submit_request()
06-05 18:23:15.306  1034  1034 I ANDR-PERF-LM: Core: getInstance() 84: LM getInstance
06-05 18:23:15.306  1034  1034 I ANDR-PERF-LM: WQ: push() 59: LMTriggerQ push() size=0
06-05 18:23:15.306  1034  1034 I ANDR-PERF-LM: WQ: push() 61: LMTriggerQ push() done size=1
06-05 18:23:15.306  1034  1092 I ANDR-PERF-LM: WQ: pop() 42: LMTriggerQ pop() done size=0
06-05 18:23:15.306  1034  1092 I ANDR-PERF-LM: Core: lmMain() 373: Waiting on trigger Queue
06-05 18:23:15.306  1034  1092 I ANDR-PERF-LM: WQ: pop() 31: LMTriggerQ pop() size=0
06-05 18:23:15.306  1850  1941 D PerfImpl: perfGetWorkLoadType
06-05 18:23:15.306  1034  1034 E vendor.qti.hardware.perf@2.2-service: Unknown params
06-05 18:23:15.306  1034  1034 I ANDR-PERF-LM: LMPerfGlue: perfmodule_submit_request() 132: perfmodule_submit_request()
06-05 18:23:15.306  1034  1034 I ANDR-PERF-LM: Core: getInstance() 84: LM getInstance
06-05 18:23:15.306  1034  1034 D ANDR-PERF-LM: Feature: lookup() 101: Feature Name = AppClassifier, total featuers = 3, featureFound = 1
06-05 18:23:15.307  1034  1034 D ANDR-PERF-LM: Feature: getData() 112: data.data = 1
06-05 18:23:15.307  1034  1034 I ANDR-PERF-LM: FeedbackAPI: getFeedback() 60: app:com.mi.android.globallauncher feature:AppClassifier feedback = 1
06-05 18:23:15.307  1850  1941 D PerfImpl: perfScrollBoost: com.mi.android.globallauncher, -1, 4
06-05 18:23:15.307  1034  1034 E vendor.qti.hardware.perf@2.2-service: Unknown params
06-05 18:23:15.307  1034  1034 I ANDR-PERF-LM: LMPerfGlue: perfmodule_submit_request() 132: perfmodule_submit_request()
06-05 18:23:15.307  1034  1034 I ANDR-PERF-LM: Core: getInstance() 84: LM getInstance
06-05 18:23:15.307  1034  1034 I ANDR-PERF-LM: WQ: push() 59: LMTriggerQ push() size=0
06-05 18:23:15.307  1034  1034 I ANDR-PERF-LM: WQ: push() 61: LMTriggerQ push() done size=1
06-05 18:23:15.307  1034  1092 I ANDR-PERF-LM: WQ: pop() 42: LMTriggerQ pop() done size=0
06-05 18:23:15.307  1034  1092 I ANDR-PERF-LM: Core: lmMain() 373: Waiting on trigger Queue
06-05 18:23:15.307  1034  1092 I ANDR-PERF-LM: WQ: pop() 31: LMTriggerQ pop() size=0
06-05 18:23:15.307  1850  1941 D PerfImpl: perfGetWorkLoadType
06-05 18:23:15.307  1034  1034 E vendor.qti.hardware.perf@2.2-service: Unknown params
06-05 18:23:15.307  1034  1034 I ANDR-PERF-LM: LMPerfGlue: perfmodule_submit_request() 132: perfmodule_submit_request()
06-05 18:23:15.307  1034  1034 I ANDR-PERF-LM: Core: getInstance() 84: LM getInstance
06-05 18:23:15.307  1034  1034 D ANDR-PERF-LM: Feature: lookup() 101: Feature Name = AppClassifier, total featuers = 3, featureFound = 1
06-05 18:23:15.307  1034  1034 D ANDR-PERF-LM: Feature: getData() 112: data.data = 1
06-05 18:23:15.307  1034  1034 I ANDR-PERF-LM: FeedbackAPI: getFeedback() 60: app:com.mi.android.globallauncher feature:AppClassifier feedback = 1
06-05 18:23:15.307  1850  1941 D PerfImpl: perfLockRelease
06-05 18:23:15.375  1850  2038 D PerfImpl: perfProcessKillBoost: com.miui.screenshot, 32630, 0
06-05 18:23:15.375  1034  1034 E vendor.qti.hardware.perf@2.2-service: Unknown params
06-05 18:23:15.375  1034  1034 I ANDR-PERF-LM: LMPerfGlue: perfmodule_submit_request() 132: perfmodule_submit_request()
06-05 18:23:15.375  1034  1034 I ANDR-PERF-LM: Core: getInstance() 84: LM getInstance
06-05 18:23:15.375  1034  1034 I ANDR-PERF-LM: WQ: push() 59: LMTriggerQ push() size=0
06-05 18:23:15.375  1034  1034 I ANDR-PERF-LM: WQ: push() 61: LMTriggerQ push() done size=1
06-05 18:23:15.375  1034  1092 I ANDR-PERF-LM: WQ: pop() 42: LMTriggerQ pop() done size=0
06-05 18:23:15.375  1034  1092 I ANDR-PERF-LM: Core: lmMain() 373: Waiting on trigger Queue
06-05 18:23:15.375  1034  1092 I ANDR-PERF-LM: WQ: pop() 31: LMTriggerQ pop() size=0
06-05 18:23:15.379  1850  2038 D PerfImpl: perfProcessKillBoost: com.google.android.apps.turbo:aab, 3876, 0
06-05 18:23:15.379  1034  1034 E vendor.qti.hardware.perf@2.2-service: Unknown params
06-05 18:23:15.379  1034  1034 I ANDR-PERF-LM: LMPerfGlue: perfmodule_submit_request() 132: perfmodule_submit_request()
06-05 18:23:15.379  1034  1034 I ANDR-PERF-LM: Core: getInstance() 84: LM getInstance
06-05 18:23:15.379  1034  1034 I ANDR-PERF-LM: WQ: push() 59: LMTriggerQ push() size=0
06-05 18:23:15.379  1034  1034 I ANDR-PERF-LM: WQ: push() 61: LMTriggerQ push() done size=1
06-05 18:23:15.379  1034  1092 I ANDR-PERF-LM: WQ: pop() 42: LMTriggerQ pop() done size=0
06-05 18:23:15.380  1034  1092 I ANDR-PERF-LM: Core: lmMain() 373: Waiting on trigger Queue
06-05 18:23:15.380  1034  1092 I ANDR-PERF-LM: WQ: pop() 31: LMTriggerQ pop() size=0
06-05 18:23:15.383  1850  2038 D PerfImpl: perfProcessKillBoost: com.android.chrome:privileged_process0, 11362, 0
06-05 18:23:15.383  1034  1034 E vendor.qti.hardware.perf@2.2-service: Unknown params
06-05 18:23:15.383  1034  1034 I ANDR-PERF-LM: LMPerfGlue: perfmodule_submit_request() 132: perfmodule_submit_request()
06-05 18:23:15.383  1034  1034 I ANDR-PERF-LM: Core: getInstance() 84: LM getInstance
06-05 18:23:15.383  1034  1034 I ANDR-PERF-LM: WQ: push() 59: LMTriggerQ push() size=0
06-05 18:23:15.383  1034  1034 I ANDR-PERF-LM: WQ: push() 61: LMTriggerQ push() done size=1
06-05 18:23:15.384  1034  1092 I ANDR-PERF-LM: WQ: pop() 42: LMTriggerQ pop() done size=0
06-05 18:23:15.384  1034  1092 I ANDR-PERF-LM: Core: lmMain() 373: Waiting on trigger Queue
06-05 18:23:15.384  1034  1092 I ANDR-PERF-LM: WQ: pop() 31: LMTriggerQ pop() size=0
06-05 18:23:15.388  1850  2038 D PerfImpl: perfProcessKillBoost: com.android.chrome, 10443, 0
06-05 18:23:15.388  1034  1034 E vendor.qti.hardware.perf@2.2-service: Unknown params
06-05 18:23:15.388  1034  1034 I ANDR-PERF-LM: LMPerfGlue: perfmodule_submit_request() 132: perfmodule_submit_request()
06-05 18:23:15.388  1034  1034 I ANDR-PERF-LM: Core: getInstance() 84: LM getInstance
06-05 18:23:15.388  1034  1034 I ANDR-PERF-LM: WQ: push() 59: LMTriggerQ push() size=0
06-05 18:23:15.388  1034  1034 I ANDR-PERF-LM: WQ: push() 61: LMTriggerQ push() done size=1
06-05 18:23:15.388  1034  1092 I ANDR-PERF-LM: WQ: pop() 42: LMTriggerQ pop() done size=0
06-05 18:23:15.388  1034  1092 I ANDR-PERF-LM: Core: lmMain() 373: Waiting on trigger Queue
06-05 18:23:15.388  1034  1092 I ANDR-PERF-LM: WQ: pop() 31: LMTriggerQ pop() size=0
06-05 18:23:15.400  3068  3202 D Launcher.Model: Got broadcast:Intent { act=android.intent.action.PACKAGE_CHANGED dat=package:com.google.android.contacts (has extras) }
06-05 18:23:15.406   859   859 I Zygote  : Process 32630 exited due to signal 9 (Killed)
06-05 18:23:15.413   859   859 I Zygote  : Process 11362 exited due to signal 9 (Killed)
06-05 18:23:15.420  1850  1960 I libprocessgroup: Successfully killed process cgroup uid 1000 pid 32630 in 45ms
06-05 18:23:15.421  1850  1960 I libprocessgroup: Successfully killed process cgroup uid 10184 pid 3876 in 0ms
06-05 18:23:15.438   859   859 I Zygote  : Process 3876 exited due to signal 9 (Killed)
06-05 18:23:15.451  1850  2553 D MIUIInput: [MotionEvent] publisher action=0x4, 5183498, channel 'c058ab6 com.miui.securitycenter (server)'
06-05 18:23:15.451  1850  2553 D MIUIInput: [MotionEvent] publisher action=0x4, 5183498, channel 'e8a58be com.mi.android.globallauncher/com.miui.home.launcher.Launcher (server)'
06-05 18:23:15.451  1850  2553 D MIUIInput: [MotionEvent] publisher action=0x0, 5183498, channel '6f73a31 com.mi.android.globallauncher/com.miui.home.launcher.Launcher (server)'
06-05 18:23:15.451  1850  2553 D MIUIInput: [MotionEvent] publisher action=0x0, 5183498, channel 'b14dffb com.miui.miwallpaper.wallpaperservice.MiuiKeyguardPictorialWallpaper (server)'
06-05 18:23:15.451  1850  2553 D MIUIInput: [MotionEvent] publisher action=0x0, 5183498, channel 'a0fbfb com.miui.miwallpaper.wallpaperservice.ImageWallpaper (server)'
06-05 18:23:15.465  1850  1960 I libprocessgroup: Successfully killed process cgroup uid 10209 pid 11362 in 0ms
06-05 18:23:15.465  1850  1960 I libprocessgroup: Successfully killed process cgroup uid 10209 pid 10443 in 0ms
06-05 18:23:15.477  1850  6678 D ConnectivityService: ConnectivityService NetworkRequestInfo binderDied(uid/pid:10209/10443, [NetworkRequest [ REQUEST id=269, [ Capabilities: INTERNET&NOT_RESTRICTED&TRUSTED&NOT_VCN_MANAGED Uid: 10209 RequestorUid: 10209 RequestorPkg: com.android.chrome UnderlyingNetworks: Null] ]], android.os.BinderProxy@2dc195)
06-05 18:23:15.477  1850  6677 D ConnectivityService: ConnectivityService NetworkRequestInfo binderDied(uid/pid:10209/10443, [NetworkRequest [ LISTEN id=270, [ Capabilities: INTERNET&NOT_RESTRICTED&TRUSTED&FOREGROUND&NOT_VCN_MANAGED Uid: 10209 RequestorUid: 10209 RequestorPkg: com.android.chrome UnderlyingNetworks: Null] ]], android.os.BinderProxy@2b502aa)
06-05 18:23:15.477  1850  2799 D ConnectivityService: ConnectivityService NetworkRequestInfo binderDied(uid/pid:10209/10443, [NetworkRequest [ REQUEST id=263, [ Capabilities: INTERNET&NOT_RESTRICTED&TRUSTED&NOT_VCN_MANAGED Uid: 10209 RequestorUid: 10209 RequestorPkg: com.android.chrome UnderlyingNetworks: Null] ]], android.os.BinderProxy@7487238)
06-05 18:23:15.477  1850  5242 D ConnectivityService: ConnectivityService NetworkRequestInfo binderDied(uid/pid:10209/10443, [NetworkRequest [ REQUEST id=272, [ Capabilities: INTERNET&NOT_RESTRICTED&TRUSTED&NOT_VCN_MANAGED Uid: 10209 RequestorUid: 10209 RequestorPkg: com.android.chrome UnderlyingNetworks: Null] ]], android.os.BinderProxy@75e1e9b)
06-05 18:23:15.478  1850  3602 D ConnectivityService: ConnectivityService NetworkRequestInfo binderDied(uid/pid:10209/10443, [NetworkRequest [ LISTEN id=264, [ Capabilities: INTERNET&NOT_RESTRICTED&TRUSTED&FOREGROUND&NOT_VCN_MANAGED Uid: 10209 RequestorUid: 10209 RequestorPkg: com.android.chrome UnderlyingNetworks: Null] ]], android.os.BinderProxy@bf5e211)
06-05 18:23:15.479  1850  2648 D ConnectivityService: releasing NetworkRequest [ REQUEST id=269, [ Capabilities: INTERNET&NOT_RESTRICTED&TRUSTED&NOT_VCN_MANAGED Uid: 10209 RequestorUid: 10209 RequestorPkg: com.android.chrome UnderlyingNetworks: Null] ] (release request)
06-05 18:23:15.479  1850  2648 D ConnectivityService: releasing NetworkRequest [ REQUEST id=263, [ Capabilities: INTERNET&NOT_RESTRICTED&TRUSTED&NOT_VCN_MANAGED Uid: 10209 RequestorUid: 10209 RequestorPkg: com.android.chrome UnderlyingNetworks: Null] ] (release request)
06-05 18:23:15.480  1850  2648 D ConnectivityService: releasing NetworkRequest [ REQUEST id=272, [ Capabilities: INTERNET&NOT_RESTRICTED&TRUSTED&NOT_VCN_MANAGED Uid: 10209 RequestorUid: 10209 RequestorPkg: com.android.chrome UnderlyingNetworks: Null] ] (release request)
06-05 18:23:15.480  1850  2634 I MiuiNetworkPolicy: updateUidState uid = 90000, uidState = 10
06-05 18:23:15.483  1850  6642 D PerfImpl: perfProcessKillBoost: com.android.chrome:sandboxed_process0:org.chromium.content.app.SandboxedProcessService0:5, 4241, 0
06-05 18:23:15.483  1034  1034 E vendor.qti.hardware.perf@2.2-service: Unknown params
06-05 18:23:15.483  1034  1034 I ANDR-PERF-LM: LMPerfGlue: perfmodule_submit_request() 132: perfmodule_submit_request()
06-05 18:23:15.483  1034  1034 I ANDR-PERF-LM: Core: getInstance() 84: LM getInstance
06-05 18:23:15.483  1034  1034 I ANDR-PERF-LM: WQ: push() 59: LMTriggerQ push() size=0
06-05 18:23:15.483  1034  1034 I ANDR-PERF-LM: WQ: push() 61: LMTriggerQ push() done size=1
06-05 18:23:15.483  1034  1092 I ANDR-PERF-LM: WQ: pop() 42: LMTriggerQ pop() done size=0
06-05 18:23:15.483  1034  1092 I ANDR-PERF-LM: Core: lmMain() 373: Waiting on trigger Queue
06-05 18:23:15.483  1034  1092 I ANDR-PERF-LM: WQ: pop() 31: LMTriggerQ pop() size=0
06-05 18:23:15.486  1850  2634 I MiuiNetworkPolicy: updateUidState uid = 90000, uidState = 19
06-05 18:23:15.486  1850  2634 I MiuiNetworkPolicy: removeUidState uid = 10209
06-05 18:23:15.491  3068  3202 I Launcher.ScreenUtils: searching DB find item 19 intent: #Intent;action=android.intent.action.MAIN;category=android.intent.category.LAUNCHER;launchFlags=0x10200000;component=com.google.android.contacts/com.android.contacts.activities.PeopleActivity;end serialNumber: 0
06-05 18:23:15.491  3068  3202 I Launcher.ScreenUtils: searching DB find item 110 intent: #Intent;action=android.intent.action.MAIN;category=android.intent.category.LAUNCHER;launchFlags=0x10200000;component=com.google.android.contacts/com.android.contacts.activities.PeopleActivity;end serialNumber: 0
06-05 18:23:15.491   859   859 I Zygote  : Process 10443 exited due to signal 9 (Killed)
06-05 18:23:15.493  3068  3202 D Launcher.AllAppsList: Loaded activity com.android.contacts.activities.PeopleActivity at (14, 0) of screen -1 under container 8
06-05 18:23:15.494  3068  3202 D Launcher.AllAppsList: Loaded activity com.android.contacts.activities.PeopleActivity at (4, 1) of screen -1 under container 87
06-05 18:23:15.496  3068  3068 D Launcher: bindAppsChanged removedPackages:[RemoveInfo{packageName='com.google.android.contacts', replacing=true}]
06-05 18:23:15.496  3068  3068 D Launcher: bindAppsChanged appsAddedLater:[AppInfo(title=Contacts,itemtype= 0)]
06-05 18:23:15.496  3068  3068 D Launcher: bindAppsChanged addedShortcuts:[ShortcutInfo(mTitle=Contacts id 19), ShortcutInfo(mTitle=Contacts id 110)]
06-05 18:23:15.498  1850  1960 I libprocessgroup: Successfully killed process cgroup uid 90000 pid 4241 in 0ms
06-05 18:23:15.501  1850  1941 D PerfImpl: perfGetWorkLoadType
06-05 18:23:15.501  1034  1034 E vendor.qti.hardware.perf@2.2-service: Unknown params
06-05 18:23:15.501  1034  1034 I ANDR-PERF-LM: LMPerfGlue: perfmodule_submit_request() 132: perfmodule_submit_request()
06-05 18:23:15.501  1034  1034 I ANDR-PERF-LM: Core: getInstance() 84: LM getInstance
06-05 18:23:15.501  1034  1034 D ANDR-PERF-LM: Feature: lookup() 101: Feature Name = AppClassifier, total featuers = 3, featureFound = 1
06-05 18:23:15.501  1034  1034 D ANDR-PERF-LM: Feature: getData() 112: data.data = 1
06-05 18:23:15.501  1034  1034 I ANDR-PERF-LM: FeedbackAPI: getFeedback() 60: app:com.mi.android.globallauncher feature:AppClassifier feedback = 1
06-05 18:23:15.501  1850  1941 D PerfImpl: perfScrollBoost: com.mi.android.globallauncher, -1, 4
06-05 18:23:15.501  1034  1034 E vendor.qti.hardware.perf@2.2-service: Unknown params
06-05 18:23:15.501  1034  1034 I ANDR-PERF-LM: LMPerfGlue: perfmodule_submit_request() 132: perfmodule_submit_request()
06-05 18:23:15.501  1034  1034 I ANDR-PERF-LM: Core: getInstance() 84: LM getInstance
06-05 18:23:15.501  1034  1034 I ANDR-PERF-LM: WQ: push() 59: LMTriggerQ push() size=0
06-05 18:23:15.501  1034  1034 I ANDR-PERF-LM: WQ: push() 61: LMTriggerQ push() done size=1
06-05 18:23:15.502  1034  1092 I ANDR-PERF-LM: WQ: pop() 42: LMTriggerQ pop() done size=0
06-05 18:23:15.502  1850  1941 D PerfImpl: perfGetWorkLoadType
06-05 18:23:15.502  1034  1092 I ANDR-PERF-LM: Core: lmMain() 373: Waiting on trigger Queue
06-05 18:23:15.502  1034  1092 I ANDR-PERF-LM: WQ: pop() 31: LMTriggerQ pop() size=0
06-05 18:23:15.502  1034  1034 E vendor.qti.hardware.perf@2.2-service: Unknown params
06-05 18:23:15.502  1034  1034 I ANDR-PERF-LM: LMPerfGlue: perfmodule_submit_request() 132: perfmodule_submit_request()
06-05 18:23:15.502  1034  1034 I ANDR-PERF-LM: Core: getInstance() 84: LM getInstance
06-05 18:23:15.502  1034  1034 D ANDR-PERF-LM: Feature: lookup() 101: Feature Name = AppClassifier, total featuers = 3, featureFound = 1
06-05 18:23:15.502  1034  1034 D ANDR-PERF-LM: Feature: getData() 112: data.data = 1
06-05 18:23:15.502  1034  1034 I ANDR-PERF-LM: FeedbackAPI: getFeedback() 60: app:com.mi.android.globallauncher feature:AppClassifier feedback = 1
06-05 18:23:15.502  1850  1941 D PerfImpl: perfDragBoost: com.mi.android.globallauncher, -1, 1
06-05 18:23:15.502  1034  1034 E vendor.qti.hardware.perf@2.2-service: Unknown params
06-05 18:23:15.504  3068  3068 I AllAppsCategoryView: updateAppsCategory ==> begin
06-05 18:23:15.506  3068  8660 I DefaultAppCategoryModel:  get category for package list
06-05 18:23:15.507  3068  3068 I Launcher: remove icon when bind apps removed: com.google.android.contacts
06-05 18:23:15.508  3068  3068 I Launcher: remove icon when bind apps removed: com.google.android.contacts
06-05 18:23:15.515  1850  2634 I MiuiNetworkPolicy: removeUidState uid = 90000
06-05 18:23:15.518  4216  4216 I Zygote  : Process 4241 exited due to signal 9 (Killed)
06-05 18:23:15.564  3068  3068 D Launcher: add item to launcher when bind apps added ComponentInfo{com.google.android.contacts/com.android.contacts.activities.PeopleActivity}
06-05 18:23:15.564  3068  3068 I Launcher: addItem:ShortcutInfo(mTitle=Contacts id 19)
06-05 18:23:15.564  3068  3202 D kbjay_test: :content://com.mi.android.globallauncher.launcher.settings/favorites/19
06-05 18:23:15.564  3068  3202 D kbjay_test: :content://com.mi.android.globallauncher.launcher.settings/favorites/19
06-05 18:23:15.566  3068  3068 D Launcher: add item to launcher when bind apps added ComponentInfo{com.google.android.contacts/com.android.contacts.activities.PeopleActivity}
06-05 18:23:15.566  3068  3068 I Launcher: addItem:ShortcutInfo(mTitle=Contacts id 110)
06-05 18:23:15.568  3068  3202 D kbjay_test: :content://com.mi.android.globallauncher.launcher.settings/favorites/110
06-05 18:23:15.568  3068  3202 D kbjay_test: :content://com.mi.android.globallauncher.launcher.settings/favorites/110
06-05 18:23:15.592  1850  1905 W System  : A resource failed to call close.
06-05 18:23:15.624  3068  3068 I AllAppsCategoryView: updateAppsCategory ==> category size:1
06-05 18:23:15.624  3068  8660 E AllAppsCategoryView:  get showing categories begin
06-05 18:23:15.626  3068  8660 E AllAppsCategoryView:  all category size:11
06-05 18:23:15.626  3068  8660 E AllAppsCategoryView:  showing category size:11
06-05 18:23:15.628  3068  8660 E AllAppsCategoryView:  category cache size:12
06-05 18:23:15.628  3068  8660 E AllAppsCategoryView:  create exists category begin
06-05 18:23:15.628  3068  8660 E AllAppsCategoryView:  create exists category begin
06-05 18:23:15.628  3068  8660 E AllAppsCategoryView:  create exists category begin
06-05 18:23:15.628  3068  8660 E AllAppsCategoryView:  create exists category begin
06-05 18:23:15.628  3068  8660 E AllAppsCategoryView:  create exists category begin
06-05 18:23:15.628  3068  8660 E AllAppsCategoryView:  create exists category begin
06-05 18:23:15.628  3068  8660 E AllAppsCategoryView:  create exists category begin
06-05 18:23:15.628  3068  8660 E AllAppsCategoryView:  create exists category begin
06-05 18:23:15.628  3068  8660 E AllAppsCategoryView:  create exists category begin
06-05 18:23:15.628  3068  8660 E AllAppsCategoryView:  create exists category begin
06-05 18:23:15.628  3068  8660 E AllAppsCategoryView:  create exists category begin
06-05 18:23:15.628  3068  8660 E AllAppsCategoryView:  loaded all category :11
06-05 18:23:15.631  3068  3205 D IconCustomizer: Content Ratio = -1.0
06-05 18:23:15.644  3068  3205 D IconCustomizer: Content Ratio = -1.0
06-05 18:23:15.766  1850  2553 D MIUIInput: [MotionEvent] publisher action=0x1, 5183813, channel '6f73a31 com.mi.android.globallauncher/com.miui.home.launcher.Launcher (server)'
06-05 18:23:15.766  1850  2553 D MIUIInput: [MotionEvent] publisher action=0x1, 5183813, channel 'b14dffb com.miui.miwallpaper.wallpaperservice.MiuiKeyguardPictorialWallpaper (server)'
06-05 18:23:15.766  1850  2553 D MIUIInput: [MotionEvent] publisher action=0x1, 5183813, channel 'a0fbfb com.miui.miwallpaper.wallpaperservice.ImageWallpaper (server)'
06-05 18:23:15.767  1850  1941 D PerfImpl: perfGetWorkLoadType
06-05 18:23:15.767  1034  1034 E vendor.qti.hardware.perf@2.2-service: Unknown params
06-05 18:23:15.767  1034  1034 I ANDR-PERF-LM: LMPerfGlue: perfmodule_submit_request() 132: perfmodule_submit_request()
06-05 18:23:15.767  1034  1034 I ANDR-PERF-LM: Core: getInstance() 84: LM getInstance
06-05 18:23:15.767  1034  1034 D ANDR-PERF-LM: Feature: lookup() 101: Feature Name = AppClassifier, total featuers = 3, featureFound = 1
06-05 18:23:15.768  1034  1034 D ANDR-PERF-LM: Feature: getData() 112: data.data = 1
06-05 18:23:15.768  1034  1034 I ANDR-PERF-LM: FeedbackAPI: getFeedback() 60: app:com.mi.android.globallauncher feature:AppClassifier feedback = 1
06-05 18:23:15.768  1850  1941 D PerfImpl: perfScrollBoost: com.mi.android.globallauncher, -1, 4
06-05 18:23:15.768  1034  1034 E vendor.qti.hardware.perf@2.2-service: Unknown params
06-05 18:23:15.768  1034  1034 I ANDR-PERF-LM: LMPerfGlue: perfmodule_submit_request() 132: perfmodule_submit_request()
06-05 18:23:15.768  1034  1034 I ANDR-PERF-LM: Core: getInstance() 84: LM getInstance
06-05 18:23:15.768  1034  1034 I ANDR-PERF-LM: WQ: push() 59: LMTriggerQ push() size=0
06-05 18:23:15.768  1034  1034 I ANDR-PERF-LM: WQ: push() 61: LMTriggerQ push() done size=1
06-05 18:23:15.768  1850  1941 D PerfImpl: perfGetWorkLoadType
06-05 18:23:15.768  1034  1092 I ANDR-PERF-LM: WQ: pop() 42: LMTriggerQ pop() done size=0
06-05 18:23:15.768  1034  1092 I ANDR-PERF-LM: Core: lmMain() 373: Waiting on trigger Queue
06-05 18:23:15.768  1034  1092 I ANDR-PERF-LM: WQ: pop() 31: LMTriggerQ pop() size=0
06-05 18:23:15.768  1034  1034 E vendor.qti.hardware.perf@2.2-service: Unknown params
06-05 18:23:15.768  1034  1034 I ANDR-PERF-LM: LMPerfGlue: perfmodule_submit_request() 132: perfmodule_submit_request()
06-05 18:23:15.768  1034  1034 I ANDR-PERF-LM: Core: getInstance() 84: LM getInstance
06-05 18:23:15.768  1034  1034 D ANDR-PERF-LM: Feature: lookup() 101: Feature Name = AppClassifier, total featuers = 3, featureFound = 1
06-05 18:23:15.769  1034  1034 D ANDR-PERF-LM: Feature: getData() 112: data.data = 1
06-05 18:23:15.769  1034  1034 I ANDR-PERF-LM: FeedbackAPI: getFeedback() 60: app:com.mi.android.globallauncher feature:AppClassifier feedback = 1
06-05 18:23:15.769  1850  1941 D PerfImpl: perfLockRelease
06-05 18:23:16.104   859   859 D Zygote  : Forked child process 8664
06-05 18:23:16.125  8664  8664 E com.miui.core: Not starting debugger since process cannot load the jdwp agent.
06-05 18:23:16.128  8664  8664 D ProcessState: Binder ioctl to enable oneway spam detection failed: Invalid argument
06-05 18:23:16.144  1850  2634 I MiuiNetworkPolicy: updateUidState uid = 10154, uidState = 10
06-05 18:23:16.150  5193  5217 W MQSService: CallerName:com.miui.core,calling Uid:10154
06-05 18:23:16.151  5193  5217 D MQSService: registerApplicationScoutThread pid = 8664, packageName = com.miui.core
06-05 18:23:16.152  8664  8664 D CompatibilityChangeReporter: Compat change id reported: 171979766; UID 10154; state: DISABLED
06-05 18:23:16.202  8664  8664 V GraphicsEnvironment: ANGLE Developer option for 'com.miui.core' set to: 'default'
06-05 18:23:16.212  8664  8664 D OpenGLRenderer: JNI_OnLoad success
06-05 18:23:16.212  8664  8664 I MiuiForceDarkConfig: setConfig density:2.750000, mainRule:0, secondaryRule:0, tertiaryRule:0
06-05 18:23:16.218  8664  8664 D NetworkSecurityConfig: No Network Security Config specified, using platform default
06-05 18:23:16.218  8664  8664 D NetworkSecurityConfig: No Network Security Config specified, using platform default
06-05 18:23:16.230  8664  8664 D miuisdk : current sdk level is 24
06-05 18:23:16.262  1850  6642 I ProcessManager: registerForegroundInfoListener, caller=8664, listener=miui.process.IForegroundInfoListener$Stub$Proxy@ec58f57
06-05 18:23:16.265  8664  8664 D AutoInstallService: onReceive: android.net.wifi.STATE_CHANGE
06-05 18:23:17.054  2999  2999 D DynamicService:  ACTION_BATTERY_CHANGED change,USB plug = 2
06-05 18:23:17.057  7552  7857 D PowerCheckerService: onBatteryChanged, mBatteryLevel = 55, status = 2, level = 55, plug = 2, scale = 100
06-05 18:23:17.058  6316  6316 I BatteryInfoReceiver: ACTION_BATTERY_CHANGED
06-05 18:23:17.058  7552  7931 D ThermalIECHandler: storeDataStyle: thermal_iec_monitor_persistence_data_style_iec_state; startIECTime: -1; IECScreenOffOverPeriodTime: -1
06-05 18:23:17.058  7552  7645 D PowerKeeper.Thermal: mBatteryTemperature: 42
06-05 18:23:17.059  2992  2992 V DeviceStatisticsService: chargerType=2 batteryLevel=55 totalBatteryCapacity=4321700
06-05 18:23:17.059  2992  2992 D DeviceInfoHidlClient: isRadioOn()=true
06-05 18:23:17.059  2992  2992 I DeviceInfoHidlClient: isPowerInfoNeverSent=false batteryLevel=55 batteryLevelIndex=2 chargingMode=2 totalCapacity=4321700 powerSaveMode=false
06-05 18:23:17.149  9057  9096 W Bugle   : TextClassifierLibManagerImpl: Reclaiming memory at level: 40
06-05 18:23:17.537  1850  2634 I MiuiNetworkPolicy: updateUidState uid = 10188, uidState = 5
06-05 18:23:18.686  4385  4385 D BoundBrokerSvc: onUnbind: Intent { act=com.google.android.gms.measurement.START pkg=com.google.android.gms }
06-05 18:23:18.948  2999  3462 D MI_RIL_OEM_HOOK: onPkHookCommonMsg, msg_id = 65
06-05 18:23:18.948  2999  3462 D MI_RIL_OEM_HOOK: onGetHookMsgBytes, HOOK_HEAD_SIZE = 16, msg_len = 4
06-05 18:23:18.949  2999  3462 D MI_RIL_OEM_HOOK: onHookSendSync, phoneId = 0
06-05 18:23:18.950  2930  2930 D QcrilMsgTunnelIfaceManager: handleMessage what = 1
06-05 18:23:18.950  2930  2930 I QcrilOemhookMsgTunnel: [0]invokeOemRilRequestRaw: serial=2056 length=36
06-05 18:23:18.978  1010 16487 I sensors-hal: ssc_conn_event_cb:489, event[0] sensor:device_orient  Wakeup msg_id=776, ts=180194773629
06-05 18:23:18.997  1793  2006 D XIAOMI_QCRIL: RIL[lib][xiaomi_extend_nvefs.c:52] xiaomi_qmi_result_map: xiaomi_qmi_result_map, old_result 0, new_result 0
06-05 18:23:18.998  2930  3267 I QcrilOemhookMsgTunnel: [0]processOemHookResponse serial no: 2056 error: 0length=16
06-05 18:23:18.999  2930  2930 D QcrilMsgTunnelIfaceManager: handleMessage what = 2
06-05 18:23:18.999  2999  3462 D QC_RIL_OEM_HOOK: sendOemRilRequestRaw returns value = 16
06-05 18:23:19.000  2999  3462 D ModemSarController_8250: type = 65, len = 4, value = 0
06-05 18:23:19.207 31931  6413 I ContactsProvider: Contacts query: CPID=5766, CallingPackage = com.google.android.contacts User=0
06-05 18:23:19.218 31931  8598 I ContactsProvider: Contacts query: CPID=5766, CallingPackage = com.google.android.contacts User=0
06-05 18:23:19.226 31931  6413 I ContactsProvider: Contacts query: CPID=5766, CallingPackage = com.google.android.contacts User=0
06-05 18:23:19.233 31931  8598 I ContactsProvider: Contacts query: CPID=5766, CallingPackage = com.google.android.contacts User=0
06-05 18:23:19.713  1850  2634 I MiuiNetworkPolicy: updateUidState uid = 10081, uidState = 15
06-05 18:23:19.766 31931  8598 I ContactsProvider: Contacts query: CPID=5766, CallingPackage = com.google.android.contacts User=0
06-05 18:23:19.778 31931  8598 I ContactsProvider: Contacts query: CPID=5766, CallingPackage = com.google.android.contacts User=0
06-05 18:23:19.786 31931  8598 I ContactsProvider: Contacts query: CPID=5766, CallingPackage = com.google.android.contacts User=0
06-05 18:23:19.793 31931  8598 I ContactsProvider: Contacts query: CPID=5766, CallingPackage = com.google.android.contacts User=0
06-05 18:23:19.999  5983  6005 D DatabaseSP: onChange: uri=content://notes/pref?keys=pref_account_entity&caller=5482
06-05 18:23:19.999  6856  6887 D DatabaseSP: onChange: uri=content://notes/pref?keys=pref_account_entity&caller=5482
06-05 18:23:20.000  5983  6005 D DatabaseSP: onChange: uri=content://notes/pref?keys=com.miui.todo.introduction&caller=5482
06-05 18:23:20.000  6856  6887 D DatabaseSP: onChange: uri=content://notes/pref?keys=com.miui.todo.introduction&caller=5482
06-05 18:23:20.001  5482  5532 D DatabaseSP: onChange: uri=content://notes/pref?keys=pref_account_entity&caller=5482
06-05 18:23:20.002  5482  5532 D DatabaseSP: onChange: uri=content://notes/pref?keys=com.miui.todo.introduction&caller=5482
06-05 18:23:20.299 21271 21271 W pool-34-thread-: type=1400 audit(0.0:5824): avc: denied { read } for name="devices" dev="sysfs" ino=4 scontext=u:r:untrusted_app:s0:c18,c257,c512,c768 tcontext=u:object_r:sysfs:s0 tclass=dir permissive=0 app=com.lenovo.anyshare.gps
06-05 18:23:20.307 21271 21271 W pool-36-thread-: type=1400 audit(0.0:5825): avc: denied { read } for name="devices" dev="sysfs" ino=4 scontext=u:r:untrusted_app:s0:c18,c257,c512,c768 tcontext=u:object_r:sysfs:s0 tclass=dir permissive=0 app=com.lenovo.anyshare.gps
06-05 18:23:20.332  1850  2553 D MIUIInput: [MotionEvent] publisher action=0x4, 5188379, channel 'c058ab6 com.miui.securitycenter (server)'
06-05 18:23:20.332  1850  2553 D MIUIInput: [MotionEvent] publisher action=0x4, 5188379, channel 'e8a58be com.mi.android.globallauncher/com.miui.home.launcher.Launcher (server)'
06-05 18:23:20.332  1850  2553 D MIUIInput: [MotionEvent] publisher action=0x0, 5188379, channel '6f73a31 com.mi.android.globallauncher/com.miui.home.launcher.Launcher (server)'
06-05 18:23:20.332  1850  2553 D MIUIInput: [MotionEvent] publisher action=0x0, 5188379, channel 'b14dffb com.miui.miwallpaper.wallpaperservice.MiuiKeyguardPictorialWallpaper (server)'
06-05 18:23:20.332  1850  2553 D MIUIInput: [MotionEvent] publisher action=0x0, 5188379, channel 'a0fbfb com.miui.miwallpaper.wallpaperservice.ImageWallpaper (server)'
06-05 18:23:20.346  1850  1941 D PerfImpl: perfGetWorkLoadType
06-05 18:23:20.347  1034  1034 E vendor.qti.hardware.perf@2.2-service: Unknown params
06-05 18:23:20.347  1034  1034 I ANDR-PERF-LM: LMPerfGlue: perfmodule_submit_request() 132: perfmodule_submit_request()
06-05 18:23:20.347  1034  1034 I ANDR-PERF-LM: Core: getInstance() 84: LM getInstance
06-05 18:23:20.347  1034  1034 D ANDR-PERF-LM: Feature: lookup() 101: Feature Name = AppClassifier, total featuers = 3, featureFound = 1
06-05 18:23:20.347  1034  1034 D ANDR-PERF-LM: Feature: getData() 112: data.data = 1
06-05 18:23:20.347  1034  1034 I ANDR-PERF-LM: FeedbackAPI: getFeedback() 60: app:com.mi.android.globallauncher feature:AppClassifier feedback = 1
06-05 18:23:20.348  1850  1941 D PerfImpl: perfScrollBoost: com.mi.android.globallauncher, -1, 4
06-05 18:23:20.348  1034  1034 E vendor.qti.hardware.perf@2.2-service: Unknown params
06-05 18:23:20.349  1034  1034 I ANDR-PERF-LM: LMPerfGlue: perfmodule_submit_request() 132: perfmodule_submit_request()
06-05 18:23:20.349  1034  1034 I ANDR-PERF-LM: Core: getInstance() 84: LM getInstance
06-05 18:23:20.349  1034  1034 I ANDR-PERF-LM: WQ: push() 59: LMTriggerQ push() size=0
06-05 18:23:20.349  1034  1034 I ANDR-PERF-LM: WQ: push() 61: LMTriggerQ push() done size=1
06-05 18:23:20.349  1034  1092 I ANDR-PERF-LM: WQ: pop() 42: LMTriggerQ pop() done size=0
06-05 18:23:20.349  1034  1092 I ANDR-PERF-LM: Core: lmMain() 373: Waiting on trigger Queue
06-05 18:23:20.349  1034  1092 I ANDR-PERF-LM: WQ: pop() 31: LMTriggerQ pop() size=0
06-05 18:23:20.349  1850  1941 D PerfImpl: perfGetWorkLoadType
06-05 18:23:20.349  1034  1034 E vendor.qti.hardware.perf@2.2-service: Unknown params
06-05 18:23:20.349  1034  1034 I ANDR-PERF-LM: LMPerfGlue: perfmodule_submit_request() 132: perfmodule_submit_request()
06-05 18:23:20.349  1034  1034 I ANDR-PERF-LM: Core: getInstance() 84: LM getInstance
06-05 18:23:20.350  1034  1034 D ANDR-PERF-LM: Feature: lookup() 101: Feature Name = AppClassifier, total featuers = 3, featureFound = 1
06-05 18:23:20.350  1034  1034 D ANDR-PERF-LM: Feature: getData() 112: data.data = 1
06-05 18:23:20.350  1034  1034 I ANDR-PERF-LM: FeedbackAPI: getFeedback() 60: app:com.mi.android.globallauncher feature:AppClassifier feedback = 1
06-05 18:23:20.350  1850  1941 D PerfImpl: perfDragBoost: com.mi.android.globallauncher, -1, 1
06-05 18:23:20.350  1034  1034 E vendor.qti.hardware.perf@2.2-service: Unknown params
06-05 18:23:20.374  1850  2553 D MIUIInput: [MotionEvent] publisher action=0x1, 5188421, channel '6f73a31 com.mi.android.globallauncher/com.miui.home.launcher.Launcher (server)'
06-05 18:23:20.374  1850  2553 D MIUIInput: [MotionEvent] publisher action=0x1, 5188421, channel 'b14dffb com.miui.miwallpaper.wallpaperservice.MiuiKeyguardPictorialWallpaper (server)'
06-05 18:23:20.374  1850  2553 D MIUIInput: [MotionEvent] publisher action=0x1, 5188421, channel 'a0fbfb com.miui.miwallpaper.wallpaperservice.ImageWallpaper (server)'
06-05 18:23:20.375  1850  1941 D PerfImpl: perfGetWorkLoadType
06-05 18:23:20.376  1034  1034 E vendor.qti.hardware.perf@2.2-service: Unknown params
06-05 18:23:20.376  1034  1034 I ANDR-PERF-LM: LMPerfGlue: perfmodule_submit_request() 132: perfmodule_submit_request()
06-05 18:23:20.376  1034  1034 I ANDR-PERF-LM: Core: getInstance() 84: LM getInstance
06-05 18:23:20.376  1034  1034 D ANDR-PERF-LM: Feature: lookup() 101: Feature Name = AppClassifier, total featuers = 3, featureFound = 1
06-05 18:23:20.376  1034  1034 D ANDR-PERF-LM: Feature: getData() 112: data.data = 1
06-05 18:23:20.376  1034  1034 I ANDR-PERF-LM: FeedbackAPI: getFeedback() 60: app:com.mi.android.globallauncher feature:AppClassifier feedback = 1
06-05 18:23:20.376  1850  1941 D PerfImpl: perfScrollBoost: com.mi.android.globallauncher, 2028, 1
06-05 18:23:20.376  1034  1034 E vendor.qti.hardware.perf@2.2-service: Unknown params
06-05 18:23:20.376  1034  1034 I ANDR-PERF-LM: LMPerfGlue: perfmodule_submit_request() 132: perfmodule_submit_request()
06-05 18:23:20.376  1034  1034 I ANDR-PERF-LM: Core: getInstance() 84: LM getInstance
06-05 18:23:20.376  1034  1034 I ANDR-PERF-LM: WQ: push() 59: LMTriggerQ push() size=0
06-05 18:23:20.376  1034  1034 I ANDR-PERF-LM: WQ: push() 61: LMTriggerQ push() done size=1
06-05 18:23:20.377  1034  1092 I ANDR-PERF-LM: WQ: pop() 42: LMTriggerQ pop() done size=0
06-05 18:23:20.377  1034  1092 I ANDR-PERF-LM: Core: lmMain() 373: Waiting on trigger Queue
06-05 18:23:20.377  1034  1092 I ANDR-PERF-LM: WQ: pop() 31: LMTriggerQ pop() size=0
06-05 18:23:20.377  1850  1941 D PerfImpl: perfGetWorkLoadType
06-05 18:23:20.377  1034  1034 E vendor.qti.hardware.perf@2.2-service: Unknown params
06-05 18:23:20.377  1034  1034 I ANDR-PERF-LM: LMPerfGlue: perfmodule_submit_request() 132: perfmodule_submit_request()
06-05 18:23:20.377  1034  1034 I ANDR-PERF-LM: Core: getInstance() 84: LM getInstance
06-05 18:23:20.377  1034  1034 D ANDR-PERF-LM: Feature: lookup() 101: Feature Name = AppClassifier, total featuers = 3, featureFound = 1
06-05 18:23:20.377  1034  1034 D ANDR-PERF-LM: Feature: getData() 112: data.data = 1
06-05 18:23:20.377  1034  1034 I ANDR-PERF-LM: FeedbackAPI: getFeedback() 60: app:com.mi.android.globallauncher feature:AppClassifier feedback = 1
06-05 18:23:20.378  1850  1941 D PerfImpl: perfScrollBoost: com.mi.android.globallauncher, -1, 4
06-05 18:23:20.378  1034  1034 E vendor.qti.hardware.perf@2.2-service: Unknown params
06-05 18:23:20.378  1034  1034 I ANDR-PERF-LM: LMPerfGlue: perfmodule_submit_request() 132: perfmodule_submit_request()
06-05 18:23:20.378  1034  1034 I ANDR-PERF-LM: Core: getInstance() 84: LM getInstance
06-05 18:23:20.378  1034  1034 I ANDR-PERF-LM: WQ: push() 59: LMTriggerQ push() size=0
06-05 18:23:20.378  1034  1034 I ANDR-PERF-LM: WQ: push() 61: LMTriggerQ push() done size=1
06-05 18:23:20.378  1850  1941 D PerfImpl: perfGetWorkLoadType
06-05 18:23:20.378  1034  1092 I ANDR-PERF-LM: WQ: pop() 42: LMTriggerQ pop() done size=0
06-05 18:23:20.378  1034  1092 I ANDR-PERF-LM: Core: lmMain() 373: Waiting on trigger Queue
06-05 18:23:20.378  1034  1034 E vendor.qti.hardware.perf@2.2-service: Unknown params
06-05 18:23:20.378  1034  1092 I ANDR-PERF-LM: WQ: pop() 31: LMTriggerQ pop() size=0
06-05 18:23:20.378  1034  1034 I ANDR-PERF-LM: LMPerfGlue: perfmodule_submit_request() 132: perfmodule_submit_request()
06-05 18:23:20.378  1034  1034 I ANDR-PERF-LM: Core: getInstance() 84: LM getInstance
06-05 18:23:20.378  1034  1034 D ANDR-PERF-LM: Feature: lookup() 101: Feature Name = AppClassifier, total featuers = 3, featureFound = 1
06-05 18:23:20.378  1034  1034 D ANDR-PERF-LM: Feature: getData() 112: data.data = 1
06-05 18:23:20.378  1034  1034 I ANDR-PERF-LM: FeedbackAPI: getFeedback() 60: app:com.mi.android.globallauncher feature:AppClassifier feedback = 1
06-05 18:23:20.378  1850  1941 D PerfImpl: perfLockRelease
06-05 18:23:20.518  1850  1958 E libprocessgroup: getpgid(4216) failed: Permission denied
06-05 18:23:20.515  1850  1850 W ActivityManager: type=1400 audit(0.0:5826): avc: denied { getpgid } for scontext=u:r:system_server:s0 tcontext=u:r:app_zygote:s0:c512,c768 tclass=process permissive=0
06-05 18:23:20.515  1850  1850 W ActivityManager: type=1400 audit(0.0:5827): avc: denied { getpgid } for scontext=u:r:system_server:s0 tcontext=u:r:app_zygote:s0:c512,c768 tclass=process permissive=0
06-05 18:23:20.524  1850  1958 E libprocessgroup: getpgid(4216) failed: Permission denied
06-05 18:23:20.519  1850  1850 W ActivityManager: type=1400 audit(0.0:5828): avc: denied { getpgid } for scontext=u:r:system_server:s0 tcontext=u:r:app_zygote:s0:c512,c768 tclass=process permissive=0
06-05 18:23:20.519  1850  1850 W ActivityManager: type=1400 audit(0.0:5829): avc: denied { getpgid } for scontext=u:r:system_server:s0 tcontext=u:r:app_zygote:s0:c512,c768 tclass=process permissive=0
06-05 18:23:20.529  1850  1958 E libprocessgroup: getpgid(4216) failed: Permission denied
06-05 18:23:20.527  1850  1850 W ActivityManager: type=1400 audit(0.0:5830): avc: denied { getpgid } for scontext=u:r:system_server:s0 tcontext=u:r:app_zygote:s0:c512,c768 tclass=process permissive=0
06-05 18:23:20.527  1850  1850 W ActivityManager: type=1400 audit(0.0:5831): avc: denied { getpgid } for scontext=u:r:system_server:s0 tcontext=u:r:app_zygote:s0:c512,c768 tclass=process permissive=0
06-05 18:23:20.530   859   859 I Zygote  : Process 4216 exited due to signal 9 (Killed)
06-05 18:23:20.534  1850  1958 I libprocessgroup: Successfully killed process cgroup uid 10209 pid 4216 in 16ms
06-05 18:23:20.586  1850  2553 D MIUIInput: [MotionEvent] publisher action=0x4, 5188633, channel 'c058ab6 com.miui.securitycenter (server)'
06-05 18:23:20.586  1850  2553 D MIUIInput: [MotionEvent] publisher action=0x4, 5188633, channel 'e8a58be com.mi.android.globallauncher/com.miui.home.launcher.Launcher (server)'
06-05 18:23:20.586  1850  2553 D MIUIInput: [MotionEvent] publisher action=0x0, 5188633, channel '6f73a31 com.mi.android.globallauncher/com.miui.home.launcher.Launcher (server)'
06-05 18:23:20.586  1850  2553 D MIUIInput: [MotionEvent] publisher action=0x0, 5188633, channel 'b14dffb com.miui.miwallpaper.wallpaperservice.MiuiKeyguardPictorialWallpaper (server)'
06-05 18:23:20.586  1850  2553 D MIUIInput: [MotionEvent] publisher action=0x0, 5188633, channel 'a0fbfb com.miui.miwallpaper.wallpaperservice.ImageWallpaper (server)'
06-05 18:23:20.630  1850  1941 D PerfImpl: perfGetWorkLoadType
06-05 18:23:20.630  1034  1034 E vendor.qti.hardware.perf@2.2-service: Unknown params
06-05 18:23:20.631  1034  1034 I ANDR-PERF-LM: LMPerfGlue: perfmodule_submit_request() 132: perfmodule_submit_request()
06-05 18:23:20.631  1034  1034 I ANDR-PERF-LM: Core: getInstance() 84: LM getInstance
06-05 18:23:20.631  1034  1034 D ANDR-PERF-LM: Feature: lookup() 101: Feature Name = AppClassifier, total featuers = 3, featureFound = 1
06-05 18:23:20.631  1034  1034 D ANDR-PERF-LM: Feature: getData() 112: data.data = 1
