06-05 18:23:47.540  1757  6932 I ExtendedNuUtils: printFileName fd(8) -> /data/app/~~VlTOWGyLaoynmM1TjPLWcA==/com.facebook.orca-ZmGq_5WISWgVH5PyHrZDZw==/base.apk
06-05 18:23:47.549  1757  8965 D GenericSource: FileSource remote
06-05 18:23:47.552  1560 17042 I MMParserExtractor: Created(0xb400007adb4fd000)
06-05 18:23:47.552  1560 17042 E MM_OSAL : FileSource::FileSource
06-05 18:23:47.552  1560 17042 E MM_OSAL : FileSource::FileSource m_bEveryThingOK 1
06-05 18:23:47.555  1560 17042 E MM_OSAL : resetPlayback no need to reset
06-05 18:23:47.557  1560 17042 D MediaBufferGroup: creating MemoryDealer
06-05 18:23:47.562  7552  7652 I a       : uid:10375 change to active
06-05 18:23:47.562  1757  8964 I GenericSource: start
06-05 18:23:47.563  1757  8964 W Utils   : track of type 'audio/mp4a-latm' does not publish channel mask, channel count 2
06-05 18:23:47.565  1757  8964 W Utils   : track of type 'audio/mp4a-latm' does not publish channel mask, channel count 2
06-05 18:23:47.567   975 19730 D audio_hw_primary: adev_get_parameters:is_hw_dec_session_available
06-05 18:23:47.567   975 19730 D soundtrigger: audio_extn_sound_trigger_get_parameters input string<is_hw_dec_session_available=>
06-05 18:23:47.567   975 19730 D soundtrigger: extract_sm_handle input string <is_hw_dec_session_available=> param string <is_hw_dec_session_available=>
06-05 18:23:47.567   975 19730 D audio_hw_extn: audio_extn_fm_get_parameters: Enter
06-05 18:23:47.567   975 19730 D audio_hw_extn: audio_extn_get_parameters: returns
06-05 18:23:47.567   975 19730 V msm8974_platform: platform_get_parameters: exit: returns -
06-05 18:23:47.567   975 19730 D audio_hw_primary: adev_get_parameters: exit: returns -
06-05 18:23:47.567  1103  2189 I hash_map_utils: system/bt/osi/src/hash_map_utils.cc:81 hash_map_utils_dump_string_keys_string_values: key: 'is_hw_dec_session_available' value: 'audio/mp4a-latm'
06-05 18:23:47.570  1757  8968 D MediaImpl: Open libozoaudio library = 0xa0e7e23 (/system_ext/lib/libozoaudio.so)
06-05 18:23:47.570  1757  8968 D MediaImpl: CSD config data: channels=2, samplerate=44100
06-05 18:23:47.571  1757  8968 I MediaCodec: video box enabled in settings
06-05 18:23:47.571  1757  8968 I MediaCodec: init video box disabled for codec not supported
06-05 18:23:47.572  1757  8969 D CCodec  : allocate(c2.android.aac.decoder)
06-05 18:23:47.574  1757  8969 I CCodec  : setting up 'default' as default (vendor) store
06-05 18:23:47.577  1757  8969 I CCodec  : Created component [c2.android.aac.decoder]
06-05 18:23:47.577  1757  8969 D CCodecConfig: read media type: audio/mp4a-latm
06-05 18:23:47.579  1757  8969 D ReflectedParamUpdater: extent() != 1 for single value type: algo.buffers.max-count.values
06-05 18:23:47.579  1757  8969 D ReflectedParamUpdater: extent() != 1 for single value type: output.subscribed-indices.values
06-05 18:23:47.580  1757  8969 D ReflectedParamUpdater: extent() != 1 for single value type: input.buffers.allocator-ids.values
06-05 18:23:47.580  1757  8969 D ReflectedParamUpdater: extent() != 1 for single value type: output.buffers.allocator-ids.values
06-05 18:23:47.580  1757  8969 D ReflectedParamUpdater: extent() != 1 for single value type: algo.buffers.allocator-ids.values
06-05 18:23:47.580  1757  8969 D ReflectedParamUpdater: extent() != 1 for single value type: output.buffers.pool-ids.values
06-05 18:23:47.580  1757  8969 D ReflectedParamUpdater: extent() != 1 for single value type: algo.buffers.pool-ids.values
06-05 18:23:47.584  1757  8969 I CCodecConfig: query failed after returning 19 values (BAD_INDEX)
06-05 18:23:47.584  1757  8969 D CCodecConfig: c2 config diff is Dict {
06-05 18:23:47.584  1757  8969 D CCodecConfig:   c2::u32 coded.aac-packaging.value = 0
06-05 18:23:47.584  1757  8969 D CCodecConfig:   c2::u32 coded.bitrate.value = 64000
06-05 18:23:47.584  1757  8969 D CCodecConfig:   c2::u32 coded.pl.level = 0
06-05 18:23:47.584  1757  8969 D CCodecConfig:   c2::u32 coded.pl.profile = 8192
06-05 18:23:47.584  1757  8969 D CCodecConfig:   c2::i32 coding.drc.album-mode.value = 0
06-05 18:23:47.584  1757  8969 D CCodecConfig:   c2::float coding.drc.attenuation-factor.value = 1
06-05 18:23:47.584  1757  8969 D CCodecConfig:   c2::float coding.drc.boost-factor.value = 1
06-05 18:23:47.584  1757  8969 D CCodecConfig:   c2::i32 coding.drc.compression-mode.value = 3
06-05 18:23:47.584  1757  8969 D CCodecConfig:   c2::i32 coding.drc.effect-type.value = 3
06-05 18:23:47.584  1757  8969 D CCodecConfig:   c2::float coding.drc.encoded-level.value = 0.25
06-05 18:23:47.584  1757  8969 D CCodecConfig:   c2::float coding.drc.reference-level.value = -16
06-05 18:23:47.584  1757  8969 D CCodecConfig:   c2::u32 input.buffers.max-size.value = 8192
06-05 18:23:47.584  1757  8969 D CCodecConfig:   c2::u32 input.delay.value = 0
06-05 18:23:47.584  1757  8969 D CCodecConfig:   string input.media-type.value = "audio/mp4a-latm"
06-05 18:23:47.584  1757  8969 D CCodecConfig:   c2::u32 output.delay.value = 2
06-05 18:23:47.584  1757  8969 D CCodecConfig:   c2::float output.drc.output-loudness.value = 0.25
06-05 18:23:47.584  1757  8969 D CCodecConfig:   string output.media-type.value = "audio/raw"
06-05 18:23:47.584  1757  8969 D CCodecConfig:   c2::u32 raw.channel-count.value = 1
06-05 18:23:47.584  1757  8969 D CCodecConfig:   c2::u32 raw.max-channel-count.value = 8
06-05 18:23:47.584  1757  8969 D CCodecConfig:   c2::u32 raw.sample-rate.value = 44100
06-05 18:23:47.584  1757  8969 D CCodecConfig: }
06-05 18:23:47.587  1757  8969 D CCodec  : [c2.android.aac.decoder] buffers are bound to CCodec for this session
06-05 18:23:47.587  1757  8969 D CCodecConfig: no c2 equivalents for durationUs
06-05 18:23:47.587  1757  8969 D CCodecConfig: no c2 equivalents for language
06-05 18:23:47.587  1757  8969 D CCodecConfig: no c2 equivalents for encoder-delay
06-05 18:23:47.587  1757  8969 D CCodecConfig: no c2 equivalents for encoder-padding
06-05 18:23:47.587  1757  8969 D CCodecConfig: no c2 equivalents for file-format
06-05 18:23:47.587  1757  8969 D CCodecConfig: no c2 equivalents for aac-format-adif
06-05 18:23:47.587  1757  8969 D CCodecConfig: no c2 equivalents for audiosession-id
06-05 18:23:47.587  1757  8969 D CCodecConfig: no c2 equivalents for flags
06-05 18:23:47.588  1757  8969 D CCodecConfig: config failed => CORRUPTED
06-05 18:23:47.588  1757  8969 D CCodecConfig: c2 config diff is   c2::u32 coded.bitrate.value = 256000
06-05 18:23:47.588  1757  8969 D CCodecConfig:   c2::u32 raw.channel-count.value = 2
06-05 18:23:47.589  1757  8969 W Codec2Client: query -- param skipped: index = 1107298332.
06-05 18:23:47.589  1757  8969 D CCodec  : setup formats input: AMessage(what = 0x00000000) = {
06-05 18:23:47.589  1757  8969 D CCodec  :   int32_t aac-drc-album-mode = 0
06-05 18:23:47.589  1757  8969 D CCodec  :   int32_t aac-drc-boost-level = 127
06-05 18:23:47.589  1757  8969 D CCodec  :   int32_t aac-drc-cut-level = 127
06-05 18:23:47.589  1757  8969 D CCodec  :   int32_t aac-drc-effect-type = 3
06-05 18:23:47.589  1757  8969 D CCodec  :   int32_t aac-drc-heavy-compression = 3
06-05 18:23:47.589  1757  8969 D CCodec  :   int32_t aac-encoded-target-level = -1
06-05 18:23:47.589  1757  8969 D CCodec  :   int32_t aac-max-output-channel_count = 8
06-05 18:23:47.589  1757  8969 D CCodec  :   int32_t aac-target-ref-level = 64
06-05 18:23:47.589  1757  8969 D CCodec  :   int32_t bitrate = 256000
06-05 18:23:47.589  1757  8969 D CCodec  :   int32_t channel-count = 2
06-05 18:23:47.589  1757  8969 D CCodec  :   int32_t level = 0
06-05 18:23:47.589  1757  8969 D CCodec  :   int32_t max-input-size = 65538
06-05 18:23:47.589  1757  8969 D CCodec  :   string mime = "audio/mp4a-latm"
06-05 18:23:47.589  1757  8969 D CCodec  :   int32_t profile = 2
06-05 18:23:47.589  1757  8969 D CCodec  :   int32_t sample-rate = 44100
06-05 18:23:47.589  1757  8969 D CCodec  : }
06-05 18:23:47.589  1757  8969 D CCodec  : setup formats output: AMessage(what = 0x00000000) = {
06-05 18:23:47.589  1757  8969 D CCodec  :   int32_t aac-drc-album-mode = 0
06-05 18:23:47.589  1757  8969 D CCodec  :   int32_t aac-drc-boost-level = 127
06-05 18:23:47.589  1757  8969 D CCodec  :   int32_t aac-drc-cut-level = 127
06-05 18:23:47.589  1757  8969 D CCodec  :   int32_t aac-drc-effect-type = 3
06-05 18:23:47.589  1757  8969 D CCodec  :   int32_t aac-drc-heavy-compression = 3
06-05 18:23:47.589  1757  8969 D CCodec  :   int32_t aac-drc-output-loudness = -1
06-05 18:23:47.589  1757  8969 D CCodec  :   int32_t aac-encoded-target-level = -1
06-05 18:23:47.589  1757  8969 D CCodec  :   int32_t aac-max-output-channel_count = 8
06-05 18:23:47.589  1757  8969 D CCodec  :   int32_t aac-target-ref-level = 64
06-05 18:23:47.589  1757  8969 D CCodec  :   int32_t channel-count = 2
06-05 18:23:47.589  1757  8969 D CCodec  :   string mime = "audio/raw"
06-05 18:23:47.589  1757  8969 D CCodec  :   int32_t sample-rate = 44100
06-05 18:23:47.589  1757  8969 D CCodec  :   int32_t encoder-delay = 2112
06-05 18:23:47.589  1757  8969 D CCodec  :   int32_t encoder-padding = 299
06-05 18:23:47.589  1757  8969 D CCodec  :   int32_t android._config-pcm-encoding = 2
06-05 18:23:47.589  1757  8969 D CCodec  : }
06-05 18:23:47.589  1757  8969 I CCodecConfig: query failed after returning 19 values (BAD_INDEX)
06-05 18:23:47.589  1757  8969 I MediaCodec: MediaCodec will operate in async mode
06-05 18:23:47.590  1757  8968 D MediaCodec: keep callback message for reclaim
06-05 18:23:47.590  1757  8969 W Codec2Client: query -- param skipped: index = 1342179345.
06-05 18:23:47.590  1757  8969 W Codec2Client: query -- param skipped: index = 2415921170.
06-05 18:23:47.590  1757  8969 W Codec2Client: query -- param skipped: index = 1610614798.
06-05 18:23:47.591  1757  8969 D CCodecBufferChannel: [c2.android.aac.decoder#273] Created input block pool with allocatorID 16 => poolID 296 - OK (0)
06-05 18:23:47.592  1757  8969 I CCodecBufferChannel: [c2.android.aac.decoder#273] Created output block pool with allocatorID 16 => poolID 317 - OK
06-05 18:23:47.593  1757  8969 D CCodecBufferChannel: [c2.android.aac.decoder#273] Configured output block pool ids 317 => OK
06-05 18:23:47.593  1757  8969 D CCodecBufferChannel: [c2.android.aac.decoder#273] start: updating output delay 2
06-05 18:23:47.594  1645  8970 D SimpleC2Component: Using output block pool with poolID 317 => got 317 - 0
06-05 18:23:47.597  1645  8970 I C2SoftAacDec: Reconfiguring decoder: 0->44100 Hz, 0->2 channels
06-05 18:23:47.603  1757  8968 I ExtendedNuUtils: Both src and dst missing for bit-width
06-05 18:23:47.603  1757  8968 I ExtendedNuUtils: Overriding durationUs: with 64 bit src value 1091337
06-05 18:23:47.603  1757  8968 I ExtendedNuUtils: Both src and dst missing for channel-mask
06-05 18:23:47.604  1103  2189 D APM_AudioPolicyManager: selectOutput flags 0
06-05 18:23:47.605  1103  2189 D APM_AudioPolicyManager: selectOutput flags 0
06-05 18:23:47.605  1757  8967 D AudioTrack: set(sessionId=5057)
06-05 18:23:47.605  1757  8967 D AudioTrack: set(): streamType 1, sampleRate 44100, format 0x1, channelMask 0x3, frameCount 22050, flags #2, notificationFrames 0, sessionId 5057, transferType 0, uid 10375, pid 7058
06-05 18:23:47.606   975 19730 D audio_hw_primary: adev_get_parameters:audio_game_sound_volume_gap_switch
06-05 18:23:47.606   975 19730 D soundtrigger: audio_extn_sound_trigger_get_parameters input string<audio_game_sound_volume_gap_switch=>
06-05 18:23:47.606   975 19730 D soundtrigger: extract_sm_handle input string <audio_game_sound_volume_gap_switch=> param string <audio_game_sound_volume_gap_switch=>
06-05 18:23:47.606   975 19730 D audio_hw_extn: audio_extn_fm_get_parameters: Enter
06-05 18:23:47.606   975 19730 D audio_hw_extn: audio_extn_get_parameters: returns
06-05 18:23:47.606   975 19730 V msm8974_platform: platform_get_parameters: exit: returns - audio_game_sound_volume_gap_switch=off
06-05 18:23:47.606   975 19730 D audio_hw_primary: adev_get_parameters: exit: returns - audio_game_sound_volume_gap_switch=off
06-05 18:23:47.606  1103  2189 I hash_map_utils: system/bt/osi/src/hash_map_utils.cc:81 hash_map_utils_dump_string_keys_string_values: key: 'audio_game_sound_volume_gap_switch' value: ''
06-05 18:23:47.608  1103  2189 D MediaImpl: setPlaybackCaptureAllowed: playbackCaptureAllowed 1
06-05 18:23:47.609  1103  2189 D APM_AudioPolicyManager: getOutputForAttrInt()+ attributes={ Content type: AUDIO_CONTENT_TYPE_SONIFICATION Usage: AUDIO_USAGE_ASSISTANCE_SONIFICATION Source: AUDIO_SOURCE_DEFAULT Flags: 0x800 Tags:  } stream=AUDIO_STREAM_SYSTEM session 5057 output 0 selectedDeviceId 0 device AUDIO_DEVICE_NONE sampling rate 44100 format 0x1channel mask 0x3 flags 0x2 stream AUDIO_STREAM_SYSTEM uid 10375
06-05 18:23:47.609  1103  2189 D APM_AudioPolicyManager: getOutputForAttrInt() device {type:0x2,@:}, sampling rate 44100, format 0x1, channel mask 0x3, flags 0x2 stream AUDIO_STREAM_SYSTEM
06-05 18:23:47.610   975 19730 D audio_hw_primary: adev_get_parameters:vr_audio_mode_on
06-05 18:23:47.610   975 19730 I audio_hw_primary: getting vr mode to 0
06-05 18:23:47.610   975 19730 D audio_hw_primary: adev_get_parameters: exit: returns - vr_audio_mode_on=false
06-05 18:23:47.610  1103  2189 I hash_map_utils: system/bt/osi/src/hash_map_utils.cc:81 hash_map_utils_dump_string_keys_string_values: key: 'vr_audio_mode_on' value: ''
06-05 18:23:47.610  1103  2189 I AudioPolicyManagerCustom: VR mode is 0, switch to primary output if request is for fast|raw
06-05 18:23:47.610   975   975 D audio_hw_primary: adev_get_parameters:audio_karaoke_running
06-05 18:23:47.610   975   975 D audio_hw_primary: get para : audio_karaoke_running = false
06-05 18:23:47.610   975   975 D soundtrigger: audio_extn_sound_trigger_get_parameters input string<audio_karaoke_running=>
06-05 18:23:47.610   975   975 D soundtrigger: extract_sm_handle input string <audio_karaoke_running=> param string <audio_karaoke_running=>
06-05 18:23:47.610   975   975 D audio_hw_extn: audio_extn_fm_get_parameters: Enter
06-05 18:23:47.610   975   975 D audio_hw_extn: audio_extn_get_parameters: returns audio_karaoke_running=false
06-05 18:23:47.610   975   975 V msm8974_platform: platform_get_parameters: exit: returns - audio_karaoke_running=false
06-05 18:23:47.610   975   975 D audio_hw_primary: adev_get_parameters: exit: returns - audio_karaoke_running=false
06-05 18:23:47.611  1103  2189 I hash_map_utils: system/bt/osi/src/hash_map_utils.cc:81 hash_map_utils_dump_string_keys_string_values: key: 'audio_karaoke_running' value: ''
06-05 18:23:47.611  1103  2189 D APM_AudioPolicyManager: selectOutput flags 2
06-05 18:23:47.611  1103  2189 D APM_AudioPolicyManager: getOutputForAttrInt()- attributes={ Content type: AUDIO_CONTENT_TYPE_SONIFICATION Usage: AUDIO_USAGE_ASSISTANCE_SONIFICATION Source: AUDIO_SOURCE_DEFAULT Flags: 0x800 Tags:  } stream=AUDIO_STREAM_SYSTEM session 5057 output 13 selectedDeviceId 0 device {type:0x2,@:} sampling rate 44100 format 0x1channel mask 0x3 flags 0x2 stream AUDIO_STREAM_SYSTEM uid 10375
06-05 18:23:47.611  1103  2189 D APM_AudioPolicyManager: getOutputForAttr() returns output 13 requestedPortId 0 selectedDeviceId 3 for port ID 399
06-05 18:23:47.612  1103  2189 D AudioFlinger: Client defaulted notificationFrames to 11025 for frameCount 22050
06-05 18:23:47.614  1103  2189 D AF::TrackHandle: OpPlayAudio: track:409 usage:13 not muted
06-05 18:23:47.617  1103  2189 I AudioFlinger: create audiotrack for com.facebook.orca  uid 10375
06-05 18:23:47.617  1103  2189 I AudioFlinger: create audiotrack for com.facebook.orca  uid 10375
06-05 18:23:47.617  1103  2189 D AF::Track: Track(409): usage = 13 mbIsAttrNeedFade = 0
06-05 18:23:47.619  1757  8967 D AudioTrack: isWhiteListPackage() Uid 10375, package name com.facebook.orca
06-05 18:23:47.620  1757  8967 I AudioTrack: AudioTrack::setVolume L:0.400000 R:0.400000 and the pakage is com.facebook.orca
06-05 18:23:47.621  1757  8967 I AudioTrack: AudioTrack::setVolume L:0.400000 R:0.400000 and the pakage is com.facebook.orca
06-05 18:23:47.621  1103  6927 D AF::Track: setFadeType1 type = 1 mFadeType = 0 isFadeNeeded = 0
06-05 18:23:47.622  1103  1596 V AudioPolicyManagerImpl: notification filter: setNotificationFilter notificationFilterFeature=1
06-05 18:23:47.622  1103  1596 D AudioPolicyManagerImpl: notification filter: setNotificationFilter muteMaskInt=0
06-05 18:23:47.630   975   975 D audio_hw_primary: out_set_parameters: enter: usecase(1: low-latency-playback) kvpairs: appname=+com.facebook.orca
06-05 18:23:47.630   975   975 D audio_hw_extn: audio_extn_fm_set_parameters: Enter
06-05 18:23:47.630   975   975 D audio_hw_hfp: hfp_set_parameters: enter
06-05 18:23:47.630   975   975 V a2dp_offload: end of a2dp setparam
06-05 18:23:47.630   975   975 D audio_hw_primary: out_set_parameters: [hal_apptype] cannot find app type [+com.facebook.orca], return !
06-05 18:23:47.631  1103  1596 D APM_AudioPolicyManager: startOutput() output 13, stream 1, session 5057 appname com.facebook.orca uid 10375
06-05 18:23:47.632  1103  1596 D APM_AudioPolicyManager: getNewOutputDevices selected devices {type:0x2,@:}
06-05 18:23:47.632  1103  1596 D APM_AudioPolicyManager: setOutputDevices device {type:0x2,@:} delayMs 0 force 0
06-05 18:23:47.632  1103  1596 D APM_AudioPolicyManager: setOutputDevices() prevDevice {type:0x2,@:}
06-05 18:23:47.632  1103  1596 D AudioPolicyManagerCustom: checkAndSetVolume() set volumeSource 2 volume index 1 for device 0x2
06-05 18:23:47.632  1103  1596 D AudioPolicyManagerCustom: checkAndSetVolume() set volumeSource 2 volume index 1 for device 0x2, volumeDb=-23.062500
06-05 18:23:47.632  1103  1595 I audioserver: setGameParameters keyvalue: volume_change=1;flags=6
06-05 18:23:47.633   975   975 D audio_hw_primary: adev_set_parameters: enter: flags=6;volume_change=1
06-05 18:23:47.633   975   975 V msm8974_platform: platform_set_parameters: enter: flags=6;volume_change=1
06-05 18:23:47.633   975   975 D audio_hw_hfp: hfp_set_parameters: enter
06-05 18:23:47.633   975   975 D audio_hw_hfp: hfp_set_parameters: enter
06-05 18:23:47.633   975   975 V a2dp_offload: end of a2dp setparam
06-05 18:23:47.633   975   975 D audio_hw_cspl_cal: cirrus_cal_setparameters: enter 0xf3003600
06-05 18:23:47.633   975   975 D audio_hw_extn: audio_extn_fm_set_parameters: Enter
06-05 18:23:47.633   975   975 D audio_hw_hfp: hfp_set_parameters: enter
06-05 18:23:47.633   975   975 V a2dp_offload: end of a2dp setparam
06-05 18:23:47.633   975   975 D audio_hw_primary: adev_set_parameters: exit with code(0)
06-05 18:23:47.634  1103  6927 E audioserver: open /proc/1757/cmdline error
06-05 18:23:47.634  1103  6927 I audioserver: setAppName(), name=[], active=[1]
06-05 18:23:47.634   975   975 V EffectMiSound: MiSound_command() start, cmdCode=24
06-05 18:23:47.634   975   975 V EffectMiSound: MiSound_Command EFFECT_CMD_SET_APP_NAME: stream=1, name=+
06-05 18:23:47.635  1103  2311 D AudioFlinger: updateWakeLockUids_l AudioOut_D uids:10375
06-05 18:23:47.635  1757  8967 D AudioTrack: getTimestamp_l(399): device stall time corrected using current time 5215683229101
06-05 18:23:47.967  1010  2684 I sensors-hal: ssc_conn_event_cb:489, event[0] sensor:pedometer  Wakeup msg_id=129, ts=180751765711
06-05 18:23:48.104  1757  2560 D CCodecBufferChannel: [c2.android.aac.decoder#273] DEBUG: elapsed: n=6 [in=0 pipeline=0 out=2]
06-05 18:23:48.104  1757  2560 D PipelineWatcher: DEBUG: elapsed 2 / 6
06-05 18:23:48.175  1757  8969 D CCodecBufferChannel: [c2.android.aac.decoder#273] buffers after EOS ignored (0 us)
06-05 18:23:48.176  1757  8969 D CCodecBufferChannel: [c2.android.aac.decoder#273] buffers after EOS ignored (0 us)
06-05 18:23:48.180  1757  8967 D AudioTrack: stop(sessionID=5057)
06-05 18:23:48.181  1757  8967 D AudioTrack: stop(399): prior state:STATE_ACTIVE
06-05 18:23:48.181  1757  8967 D AudioTrack: stop(399): called with 45717 frames delivered
06-05 18:23:48.181  1103  6927 D AF::Track: setFadeType1 type = 2 mFadeType = 0 isFadeNeeded = 0
06-05 18:23:48.181  1103  6927 E audioserver: open /proc/1757/cmdline error
06-05 18:23:48.181  1103  6927 I audioserver: setAppName(), name=[], active=[0]
06-05 18:23:48.182   975   975 V EffectMiSound: MiSound_command() start, cmdCode=24
06-05 18:23:48.182   975   975 V EffectMiSound: MiSound_Command EFFECT_CMD_SET_APP_NAME: stream=1, name=-
06-05 18:23:48.318  1850  2553 D MIUIInput: [MotionEvent] publisher action=0x4, 5216365, channel 'c058ab6 com.miui.securitycenter (server)'
06-05 18:23:48.319  1850  2553 D MIUIInput: [MotionEvent] publisher action=0x0, 5216365, channel 'acd0430 com.facebook.orca/com.facebook.orca.auth.StartScreenActivity (server)'
06-05 18:23:48.380  1850  2553 D MIUIInput: [MotionEvent] publisher action=0x1, 5216427, channel 'acd0430 com.facebook.orca/com.facebook.orca.auth.StartScreenActivity (server)'
06-05 18:23:48.466  1010  2684 I sensors-hal: ssc_conn_event_cb:489, event[0] sensor:pedometer  Wakeup msg_id=129, ts=180761364944
06-05 18:23:48.614  7058  7058 D DecorView[]: getWindowModeFromSystem  windowmode is 1
06-05 18:23:48.734  1757  8967 D AudioTrack:  pause(sessionID=5057)
06-05 18:23:48.734  1757  8967 D AudioTrack: pause(399): prior state:STATE_STOPPED
06-05 18:23:48.745  1103  2311 D AudioFlinger: updateWakeLockUids_l AudioOut_D uids:
06-05 18:23:48.745  1103  1596 D APM_AudioPolicyManager: stopOutput portId 399
06-05 18:23:48.745  1103  1596 D APM_AudioPolicyManager: stopOutput() output 13, stream 1, session 5057
06-05 18:23:48.746  1103  1596 D APM_AudioPolicyManager: getNewOutputDevices selected devices AUDIO_DEVICE_NONE
06-05 18:23:48.746  1103  1596 D APM_AudioPolicyManager: setOutputDevices device AUDIO_DEVICE_NONE delayMs 96 force 0
06-05 18:23:48.746  1103  1596 D APM_AudioPolicyManager: setOutputDevices() prevDevice {type:0x2,@:}
06-05 18:23:48.747  1103  1596 D APM::AudioPolicyEngine: getDevicesForStrategyInt: STRATEGY_SONIFICATION_RESPECTFUL :Use STRATEGY_SONIFICATION to getDevice
06-05 18:23:48.753   975   975 D audio_hw_primary: out_set_parameters: enter: usecase(1: low-latency-playback) kvpairs: appname=-com.facebook.orca
06-05 18:23:48.754   975   975 D audio_hw_extn: audio_extn_fm_set_parameters: Enter
06-05 18:23:48.754   975   975 D audio_hw_hfp: hfp_set_parameters: enter
06-05 18:23:48.754   975   975 V a2dp_offload: end of a2dp setparam
06-05 18:23:48.754  1757  6839 D NuPlayerDriver: reset(0xef8e2ce0) at state 6
06-05 18:23:48.754   975   975 D audio_hw_primary: out_set_parameters: [hal_apptype] cannot find app type [-com.facebook.orca], return !
06-05 18:23:48.755  7552  7652 I a       : uid:10375change to inactive
06-05 18:23:48.755  1757  8967 D AudioTrack:  pause(sessionID=5057)
06-05 18:23:48.755  1757  8967 D AudioTrack: pause(399): prior state:STATE_STOPPED
06-05 18:23:48.756  1757  8967 D AudioTrack: stop(sessionID=5057)
06-05 18:23:48.756  1757  8967 D AudioTrack: stop(399): prior state:STATE_FLUSHED
06-05 18:23:48.759  1757  8969 I hw-BpHwBinder: onLastStrongRef automatically unlinking death recipients
06-05 18:23:48.759  1645  2780 I hw-BpHwBinder: onLastStrongRef automatically unlinking death recipients
06-05 18:23:48.762  1757  8967 D AudioTrack: ~AudioTrack(sessionID=5057)
06-05 18:23:48.762  1757  8967 D AudioTrack: stop(sessionID=5057)
06-05 18:23:48.762  1757  8967 D AudioTrack: stop(399): prior state:STATE_FLUSHED
06-05 18:23:48.764  1103  1596 D APM_AudioPolicyManager: releaseOutput portId 399
06-05 18:23:48.764  1103  1596 D APM_AudioPolicyManager: releaseOutput() output 13, stream 1, session 5057 [uid=10375]
06-05 18:23:48.764  1757  8964 D NuPlayerDriver: notifyResetComplete(0xef8e2ce0)
06-05 18:23:48.764  1757  6932 D NuPlayerDriver: reset(0xef8e2ce0) at state 0
06-05 18:23:48.765  1757  6932 W AMessage: failed to post message as target looper for handler 0 is gone.
06-05 18:23:48.765  7058  7058 V MediaPlayer: resetDrmState:  mDrmInfo=null mDrmProvisioningThread=null mPrepareDrmInProgress=false mActiveDrmScheme=false
06-05 18:23:48.765  7058  7058 V MediaPlayer: cleanDrmObj: mDrmObj=null mDrmSessionId=null
06-05 18:23:48.765  7058  7058 V MediaPlayer: resetDrmState:  mDrmInfo=null mDrmProvisioningThread=null mPrepareDrmInProgress=false mActiveDrmScheme=false
06-05 18:23:48.765  7058  7058 V MediaPlayer: cleanDrmObj: mDrmObj=null mDrmSessionId=null
06-05 18:23:48.894  7058  7058 D DecorView[]: getWindowModeFromSystem  windowmode is 1
06-05 18:23:48.966  1010  2684 I sensors-hal: ssc_conn_event_cb:489, event[0] sensor:pedometer  Wakeup msg_id=129, ts=180770965051
06-05 18:23:49.208  7058  7058 D DecorView[]: getWindowModeFromSystem  windowmode is 1
06-05 18:23:49.216  1757  6839 D NuPlayerDriver: NuPlayerDriver(0xef6e1f20) created, clientPid(7058)
06-05 18:23:49.225  1757  6839 I ExtendedNuUtils: printFileName fd(10) -> /data/app/~~VlTOWGyLaoynmM1TjPLWcA==/com.facebook.orca-ZmGq_5WISWgVH5PyHrZDZw==/base.apk
06-05 18:23:49.231  1757  8975 D GenericSource: FileSource remote
06-05 18:23:49.234  1560 26863 I MMParserExtractor: Created(0xb400007adb4fe880)
06-05 18:23:49.234  1560 26863 E MM_OSAL : FileSource::FileSource
06-05 18:23:49.234  1560 26863 E MM_OSAL : FileSource::FileSource m_bEveryThingOK 1
06-05 18:23:49.238  1560 26863 D MediaBufferGroup: creating MemoryDealer
06-05 18:23:49.244  2999  3462 D MI_RIL_OEM_HOOK: onPkHookCommonMsg, msg_id = 65
06-05 18:23:49.244  2999  3462 D MI_RIL_OEM_HOOK: onGetHookMsgBytes, HOOK_HEAD_SIZE = 16, msg_len = 4
06-05 18:23:49.245  2999  3462 D MI_RIL_OEM_HOOK: onHookSendSync, phoneId = 0
06-05 18:23:49.245  2930  2930 D QcrilMsgTunnelIfaceManager: handleMessage what = 1
06-05 18:23:49.245  2930  2930 I QcrilOemhookMsgTunnel: [0]invokeOemRilRequestRaw: serial=2062 length=36
06-05 18:23:49.252  7552  7652 I a       : uid:10375 change to active
06-05 18:23:49.254  1757  8974 I GenericSource: start
06-05 18:23:49.255  1757  8974 W Utils   : track of type 'audio/vorbis' does not publish channel mask, channel count 2
06-05 18:23:49.257  1757  8974 W Utils   : track of type 'audio/vorbis' does not publish channel mask, channel count 2
06-05 18:23:49.259   975   975 D audio_hw_primary: adev_get_parameters:is_hw_dec_session_available
06-05 18:23:49.259   975   975 D soundtrigger: audio_extn_sound_trigger_get_parameters input string<is_hw_dec_session_available=>
06-05 18:23:49.259   975   975 D soundtrigger: extract_sm_handle input string <is_hw_dec_session_available=> param string <is_hw_dec_session_available=>
06-05 18:23:49.259   975   975 D audio_hw_extn: audio_extn_fm_get_parameters: Enter
06-05 18:23:49.259   975   975 D audio_hw_extn: audio_extn_get_parameters: returns
06-05 18:23:49.259   975   975 V msm8974_platform: platform_get_parameters: exit: returns -
06-05 18:23:49.259   975   975 D audio_hw_primary: adev_get_parameters: exit: returns -
06-05 18:23:49.259  1103  6927 I hash_map_utils: system/bt/osi/src/hash_map_utils.cc:81 hash_map_utils_dump_string_keys_string_values: key: 'is_hw_dec_session_available' value: 'audio/vorbis'
06-05 18:23:49.261  1757  8978 I MediaCodec: video box enabled in settings
06-05 18:23:49.261  1757  8978 I MediaCodec: init video box disabled for codec not supported
06-05 18:23:49.262  1757  8979 D CCodec  : allocate(c2.android.vorbis.decoder)
06-05 18:23:49.264  1757  8979 I CCodec  : setting up 'default' as default (vendor) store
06-05 18:23:49.265  1645  2780 V C2Store : in init
06-05 18:23:49.265  1645  2780 V C2Store : loading dll
06-05 18:23:49.270  1757  8979 I CCodec  : Created component [c2.android.vorbis.decoder]
06-05 18:23:49.270  1757  8979 D CCodecConfig: read media type: audio/vorbis
06-05 18:23:49.273  1757  8979 D ReflectedParamUpdater: extent() != 1 for single value type: algo.buffers.max-count.values
06-05 18:23:49.273  1757  8979 D ReflectedParamUpdater: extent() != 1 for single value type: output.subscribed-indices.values
06-05 18:23:49.273  1757  8979 D ReflectedParamUpdater: extent() != 1 for single value type: input.buffers.allocator-ids.values
06-05 18:23:49.274  1757  8979 D ReflectedParamUpdater: extent() != 1 for single value type: output.buffers.allocator-ids.values
06-05 18:23:49.274  1757  8979 D ReflectedParamUpdater: extent() != 1 for single value type: algo.buffers.allocator-ids.values
06-05 18:23:49.274  1757  8979 D ReflectedParamUpdater: extent() != 1 for single value type: output.buffers.pool-ids.values
06-05 18:23:49.274  1757  8979 D ReflectedParamUpdater: extent() != 1 for single value type: algo.buffers.pool-ids.values
06-05 18:23:49.276  1757  8979 I CCodecConfig: query failed after returning 7 values (BAD_INDEX)
06-05 18:23:49.276  1757  8979 D CCodecConfig: c2 config diff is Dict {
06-05 18:23:49.276  1757  8979 D CCodecConfig:   c2::u32 coded.bitrate.value = 64000
06-05 18:23:49.276  1757  8979 D CCodecConfig:   c2::u32 input.buffers.max-size.value = 32768
06-05 18:23:49.276  1757  8979 D CCodecConfig:   c2::u32 input.delay.value = 0
06-05 18:23:49.276  1757  8979 D CCodecConfig:   string input.media-type.value = "audio/vorbis"
06-05 18:23:49.276  1757  8979 D CCodecConfig:   string output.media-type.value = "audio/raw"
06-05 18:23:49.276  1757  8979 D CCodecConfig:   c2::u32 raw.channel-count.value = 1
06-05 18:23:49.276  1757  8979 D CCodecConfig:   c2::u32 raw.sample-rate.value = 48000
06-05 18:23:49.276  1757  8979 D CCodecConfig: }
06-05 18:23:49.278  1757  8979 D CCodec  : [c2.android.vorbis.decoder] buffers are bound to CCodec for this session
06-05 18:23:49.278  1757  8979 D CCodecConfig: no c2 equivalents for durationUs
06-05 18:23:49.278  1757  8979 D CCodecConfig: no c2 equivalents for csd-1
06-05 18:23:49.278  1757  8979 D CCodecConfig: no c2 equivalents for language
06-05 18:23:49.278  1757  8979 D CCodecConfig: no c2 equivalents for file-format
06-05 18:23:49.278  1757  8979 D CCodecConfig: no c2 equivalents for audiosession-id
06-05 18:23:49.278  1757  8979 D CCodecConfig: no c2 equivalents for flags
06-05 18:23:49.278  1757  8979 D CCodecConfig: config failed => CORRUPTED
06-05 18:23:49.279  1757  8979 D CCodecConfig: c2 config diff is   c2::u32 coded.bitrate.value = 80000
06-05 18:23:49.279  1757  8979 D CCodecConfig:   c2::u32 raw.channel-count.value = 2
06-05 18:23:49.279  1757  8979 W Codec2Client: query -- param skipped: index = 1107298332.
06-05 18:23:49.279  1757  8979 D CCodec  : setup formats input: AMessage(what = 0x00000000) = {
06-05 18:23:49.279  1757  8979 D CCodec  :   int32_t bitrate = 80000
06-05 18:23:49.279  1757  8979 D CCodec  :   int32_t channel-count = 2
06-05 18:23:49.279  1757  8979 D CCodec  :   int32_t max-input-size = 65307
06-05 18:23:49.279  1757  8979 D CCodec  :   string mime = "audio/vorbis"
06-05 18:23:49.279  1757  8979 D CCodec  :   int32_t sample-rate = 48000
06-05 18:23:49.279  1757  8979 D CCodec  : }
06-05 18:23:49.280  1757  8979 D CCodec  : setup formats output: AMessage(what = 0x00000000) = {
06-05 18:23:49.280  1757  8979 D CCodec  :   int32_t channel-count = 2
06-05 18:23:49.280  1757  8979 D CCodec  :   string mime = "audio/raw"
06-05 18:23:49.280  1757  8979 D CCodec  :   int32_t sample-rate = 48000
06-05 18:23:49.280  1757  8979 D CCodec  :   int32_t android._config-pcm-encoding = 2
06-05 18:23:49.280  1757  8979 D CCodec  : }
06-05 18:23:49.280  1757  8979 I CCodecConfig: query failed after returning 7 values (BAD_INDEX)
06-05 18:23:49.280  1757  8979 I MediaCodec: MediaCodec will operate in async mode
06-05 18:23:49.280  1757  8978 D MediaCodec: keep callback message for reclaim
06-05 18:23:49.281  1757  8979 W Codec2Client: query -- param skipped: index = 1342179345.
06-05 18:23:49.281  1757  8979 W Codec2Client: query -- param skipped: index = 2415921170.
06-05 18:23:49.282  1757  8979 D CCodecBufferChannel: [c2.android.vorbis.decoder#60] Created input block pool with allocatorID 16 => poolID 297 - OK (0)
06-05 18:23:49.283  1757  8979 I CCodecBufferChannel: [c2.android.vorbis.decoder#60] Created output block pool with allocatorID 16 => poolID 318 - OK
06-05 18:23:49.284  1757  8979 D CCodecBufferChannel: [c2.android.vorbis.decoder#60] Configured output block pool ids 318 => OK
06-05 18:23:49.284  1757  8979 D CCodecBufferChannel: [c2.android.vorbis.decoder#60] start: updating output delay 0
06-05 18:23:49.285  1793  2006 D XIAOMI_QCRIL: RIL[lib][xiaomi_extend_nvefs.c:52] xiaomi_qmi_result_map: xiaomi_qmi_result_map, old_result 0, new_result 0
06-05 18:23:49.286  2930  3267 I QcrilOemhookMsgTunnel: [0]processOemHookResponse serial no: 2062 error: 0length=16
06-05 18:23:49.286  2930  2930 D QcrilMsgTunnelIfaceManager: handleMessage what = 2
06-05 18:23:49.287  2999  3462 D QC_RIL_OEM_HOOK: sendOemRilRequestRaw returns value = 16
06-05 18:23:49.287  2999  3462 D ModemSarController_8250: type = 65, len = 4, value = 0
06-05 18:23:49.289  1645  8980 D SimpleC2Component: Using output block pool with poolID 318 => got 318 - 0
06-05 18:23:49.295  1757  8978 I ExtendedNuUtils: Both src and dst missing for bit-width
06-05 18:23:49.295  1757  8978 I ExtendedNuUtils: Overriding durationUs: with 64 bit src value 2000000
06-05 18:23:49.295  1757  8978 I ExtendedNuUtils: Both src and dst missing for channel-mask
06-05 18:23:49.296  1103  6927 D APM_AudioPolicyManager: selectOutput flags 0
06-05 18:23:49.296  1103  6927 D APM_AudioPolicyManager: selectOutput flags 0
06-05 18:23:49.296  1757  8977 D AudioTrack: set(sessionId=5065)
06-05 18:23:49.296  1757  8977 D AudioTrack: set(): streamType 1, sampleRate 48000, format 0x1, channelMask 0x3, frameCount 24000, flags #2, notificationFrames 0, sessionId 5065, transferType 0, uid 10375, pid 7058
06-05 18:23:49.296   975   975 D audio_hw_primary: adev_get_parameters:audio_game_sound_volume_gap_switch
06-05 18:23:49.296   975   975 D soundtrigger: audio_extn_sound_trigger_get_parameters input string<audio_game_sound_volume_gap_switch=>
06-05 18:23:49.296   975   975 D soundtrigger: extract_sm_handle input string <audio_game_sound_volume_gap_switch=> param string <audio_game_sound_volume_gap_switch=>
06-05 18:23:49.296   975   975 D audio_hw_extn: audio_extn_fm_get_parameters: Enter
06-05 18:23:49.296   975   975 D audio_hw_extn: audio_extn_get_parameters: returns
06-05 18:23:49.296   975   975 V msm8974_platform: platform_get_parameters: exit: returns - audio_game_sound_volume_gap_switch=off
06-05 18:23:49.296   975   975 D audio_hw_primary: adev_get_parameters: exit: returns - audio_game_sound_volume_gap_switch=off
06-05 18:23:49.297  1103  2189 I hash_map_utils: system/bt/osi/src/hash_map_utils.cc:81 hash_map_utils_dump_string_keys_string_values: key: 'audio_game_sound_volume_gap_switch' value: ''
06-05 18:23:49.299  1103  6927 D MediaImpl: setPlaybackCaptureAllowed: playbackCaptureAllowed 1
06-05 18:23:49.299  1103  6927 D APM_AudioPolicyManager: getOutputForAttrInt()+ attributes={ Content type: AUDIO_CONTENT_TYPE_SONIFICATION Usage: AUDIO_USAGE_ASSISTANCE_SONIFICATION Source: AUDIO_SOURCE_DEFAULT Flags: 0x800 Tags:  } stream=AUDIO_STREAM_SYSTEM session 5065 output 0 selectedDeviceId 0 device AUDIO_DEVICE_NONE sampling rate 48000 format 0x1channel mask 0x3 flags 0x2 stream AUDIO_STREAM_SYSTEM uid 10375
06-05 18:23:49.300  1103  6927 D APM_AudioPolicyManager: getOutputForAttrInt() device {type:0x2,@:}, sampling rate 48000, format 0x1, channel mask 0x3, flags 0x2 stream AUDIO_STREAM_SYSTEM
06-05 18:23:49.305   975   975 D audio_hw_primary: adev_get_parameters:vr_audio_mode_on
06-05 18:23:49.305   975   975 I audio_hw_primary: getting vr mode to 0
06-05 18:23:49.305   975   975 D audio_hw_primary: adev_get_parameters: exit: returns - vr_audio_mode_on=false
06-05 18:23:49.305  1103  6927 I hash_map_utils: system/bt/osi/src/hash_map_utils.cc:81 hash_map_utils_dump_string_keys_string_values: key: 'vr_audio_mode_on' value: ''
06-05 18:23:49.305  1103  6927 I AudioPolicyManagerCustom: VR mode is 0, switch to primary output if request is for fast|raw
06-05 18:23:49.305   975  1043 D audio_hw_primary: adev_get_parameters:audio_karaoke_running
06-05 18:23:49.305   975  1043 D audio_hw_primary: get para : audio_karaoke_running = false
06-05 18:23:49.306   975  1043 D soundtrigger: audio_extn_sound_trigger_get_parameters input string<audio_karaoke_running=>
06-05 18:23:49.306   975  1043 D soundtrigger: extract_sm_handle input string <audio_karaoke_running=> param string <audio_karaoke_running=>
06-05 18:23:49.306   975  1043 D audio_hw_extn: audio_extn_fm_get_parameters: Enter
06-05 18:23:49.306   975  1043 D audio_hw_extn: audio_extn_get_parameters: returns audio_karaoke_running=false
06-05 18:23:49.306   975  1043 V msm8974_platform: platform_get_parameters: exit: returns - audio_karaoke_running=false
06-05 18:23:49.306   975  1043 D audio_hw_primary: adev_get_parameters: exit: returns - audio_karaoke_running=false
06-05 18:23:49.306  1103  6927 I hash_map_utils: system/bt/osi/src/hash_map_utils.cc:81 hash_map_utils_dump_string_keys_string_values: key: 'audio_karaoke_running' value: ''
06-05 18:23:49.306  1103  6927 D APM_AudioPolicyManager: selectOutput flags 2
06-05 18:23:49.306  1103  6927 D APM_AudioPolicyManager: getOutputForAttrInt()- attributes={ Content type: AUDIO_CONTENT_TYPE_SONIFICATION Usage: AUDIO_USAGE_ASSISTANCE_SONIFICATION Source: AUDIO_SOURCE_DEFAULT Flags: 0x800 Tags:  } stream=AUDIO_STREAM_SYSTEM session 5065 output 13 selectedDeviceId 0 device {type:0x2,@:} sampling rate 48000 format 0x1channel mask 0x3 flags 0x2 stream AUDIO_STREAM_SYSTEM uid 10375
06-05 18:23:49.306  1103  6927 D APM_AudioPolicyManager: getOutputForAttr() returns output 13 requestedPortId 0 selectedDeviceId 3 for port ID 400
06-05 18:23:49.308  1103  6927 D AudioFlinger: Client defaulted notificationFrames to 12000 for frameCount 24000
06-05 18:23:49.309  1103  6927 D AF::TrackHandle: OpPlayAudio: track:410 usage:13 not muted
06-05 18:23:49.312  1103  6927 I AudioFlinger: create audiotrack for com.facebook.orca  uid 10375
06-05 18:23:49.312  1103  6927 I AudioFlinger: create audiotrack for com.facebook.orca  uid 10375
06-05 18:23:49.312  1103  6927 D AF::Track: Track(410): usage = 13 mbIsAttrNeedFade = 0
06-05 18:23:49.314  1757  8977 D AudioTrack: isWhiteListPackage() Uid 10375, package name com.facebook.orca
06-05 18:23:49.315  1757  8977 I AudioTrack: AudioTrack::setVolume L:1.000000 R:1.000000 and the pakage is com.facebook.orca
06-05 18:23:49.316  1757  8977 I AudioTrack: AudioTrack::setVolume L:1.000000 R:1.000000 and the pakage is com.facebook.orca
06-05 18:23:49.316  1103  6927 D AF::Track: setFadeType1 type = 1 mFadeType = 0 isFadeNeeded = 0
06-05 18:23:49.316  1103  2317 D AudioFlinger: updateWakeLockUids_l AudioOut_15 uids:
06-05 18:23:49.316  1103  1596 V AudioPolicyManagerImpl: notification filter: setNotificationFilter notificationFilterFeature=1
06-05 18:23:49.316  1103  1596 D AudioPolicyManagerImpl: notification filter: setNotificationFilter muteMaskInt=0
06-05 18:23:49.317  1103  2347 D AudioFlinger: updateWakeLockUids_l AudioOut_3D uids:
06-05 18:23:49.317  1103  2363 D AudioFlinger: updateWakeLockUids_l AudioOut_4D uids:
06-05 18:23:49.317  1103  2327 D AudioFlinger: updateWakeLockUids_l AudioOut_1D uids:
06-05 18:23:49.331   975  1043 D audio_hw_primary: out_set_parameters: enter: usecase(1: low-latency-playback) kvpairs: appname=+com.facebook.orca
06-05 18:23:49.331   975  1043 D audio_hw_extn: audio_extn_fm_set_parameters: Enter
06-05 18:23:49.331   975  1043 D audio_hw_hfp: hfp_set_parameters: enter
06-05 18:23:49.331   975  1043 V a2dp_offload: end of a2dp setparam
06-05 18:23:49.331   975  1043 D audio_hw_primary: out_set_parameters: [hal_apptype] cannot find app type [+com.facebook.orca], return !
06-05 18:23:49.331  1103  1596 D APM_AudioPolicyManager: startOutput() output 13, stream 1, session 5065 appname com.facebook.orca uid 10375
06-05 18:23:49.333  1103  1596 D APM_AudioPolicyManager: getNewOutputDevices selected devices {type:0x2,@:}
06-05 18:23:49.333  1103  1596 D APM_AudioPolicyManager: setOutputDevices device {type:0x2,@:} delayMs 0 force 0
06-05 18:23:49.333  1103  1596 D APM_AudioPolicyManager: setOutputDevices() prevDevice {type:0x2,@:}
06-05 18:23:49.333  1103  1596 D AudioPolicyManagerCustom: checkAndSetVolume() set volumeSource 2 volume index 1 for device 0x2
06-05 18:23:49.333  1103  1596 D AudioPolicyManagerCustom: checkAndSetVolume() set volumeSource 2 volume index 1 for device 0x2, volumeDb=-23.062500
06-05 18:23:49.334  1103  1595 I audioserver: setGameParameters keyvalue: volume_change=1;flags=6
06-05 18:23:49.334   975  1043 D audio_hw_primary: adev_set_parameters: enter: flags=6;volume_change=1
06-05 18:23:49.334   975  1043 V msm8974_platform: platform_set_parameters: enter: flags=6;volume_change=1
06-05 18:23:49.334   975  1043 D audio_hw_hfp: hfp_set_parameters: enter
06-05 18:23:49.334   975  1043 D audio_hw_hfp: hfp_set_parameters: enter
06-05 18:23:49.334   975  1043 V a2dp_offload: end of a2dp setparam
06-05 18:23:49.334   975  1043 D audio_hw_cspl_cal: cirrus_cal_setparameters: enter 0xf3003600
06-05 18:23:49.334   975  1043 D audio_hw_extn: audio_extn_fm_set_parameters: Enter
06-05 18:23:49.334   975  1043 D audio_hw_hfp: hfp_set_parameters: enter
06-05 18:23:49.334   975  1043 V a2dp_offload: end of a2dp setparam
06-05 18:23:49.334   975  1043 D audio_hw_primary: adev_set_parameters: exit with code(0)
06-05 18:23:49.336  1103  6927 E audioserver: open /proc/1757/cmdline error
06-05 18:23:49.336  1103  6927 I audioserver: setAppName(), name=[], active=[1]
06-05 18:23:49.337   975 19730 V EffectMiSound: MiSound_command() start, cmdCode=24
06-05 18:23:49.337   975 19730 V EffectMiSound: MiSound_Command EFFECT_CMD_SET_APP_NAME: stream=1, name=+
06-05 18:23:49.337  1103  2311 D AudioFlinger: updateWakeLockUids_l AudioOut_D uids:10375
06-05 18:23:49.338  1757  8977 D AudioTrack: getTimestamp_l(400): device stall time corrected using current time 5217385861184
06-05 18:23:49.378   975 19730 D DlbDlbEffect: effectCommand(handle=0xf202a000, cmdCode=5, cmdSize=20, pCmdData=0xf1bbed78, replySize=4, pReplyData=0xf1cb9fe0)
06-05 18:23:49.378   975 19730 D DlbDlbEffect: handle_EFFECT_CMD_SET_PARAM()
06-05 18:23:49.378   975 19730 D DlbDapEffectContext: setPregain(volume=1179227)
06-05 18:23:49.378   975 19730 V DlbEffectContext: transformExternalGain() fVol:0.070287 extVal:-368
06-05 18:23:49.378   975 19730 V DlbQdspGefDriver: setParam(device=0x40000000, preg = #1[-368])
06-05 18:23:49.378   975 19730 V DlbEffectQdspDap: commitChangedParams()
06-05 18:23:49.378   975 19730 D DlbQdspGefDriver: commitChangedParams(device=0x40000000)
06-05 18:23:49.378   975 19730 D DlbQdspGefDriver: commit(device = 0x40000000)
06-05 18:23:49.378   975 19730 D DlbQdspGefDriver: commit() Applying parameters for device 0x40000000
06-05 18:23:49.378   975 19730 D DlbQdspGefDriver: doCommit() with ACDB device id 10011, sample rate 48000, calibration type 1
06-05 18:23:49.378   975 19730 D DlbQdspGefDriver: doCommit() committing modified=1 preg = #1[-368]
06-05 18:23:49.378   975 19730 D DlbQdspGefDriver: ---------------- item param 67657270, dsp param: 10728, value f1bcf028 ----------------
06-05 18:23:49.379   975 19730 E ACDB-LOADER: [acdb_loader_adsp_set_audio_cal] active device/stream not found (result=-100) for topology 0x1000a100 and apptype 0x11130
06-05 18:23:49.379   975 19730 E ACDB-LOADER: [acdb_loader_adsp_set_audio_cal] set parameters failed with status -100
06-05 18:23:49.379   975 19730 E ACDB-LOADER: [acdb_loader_adsp_set_audio_cal] active device/stream not found (result=-100) for topology 0x1000a100 and apptype 0x11134
06-05 18:23:49.379   975 19730 E ACDB-LOADER: [acdb_loader_adsp_set_audio_cal] set parameters failed with status -100
06-05 18:23:49.379   975 19730 D DlbQdspGefDriver: doCommit() Committed 1 parameters out of 9, and returned 0
06-05 18:23:49.379   975 19730 D DlbQdspGefDriver: commit() Overriding parameters for current device 0x00000002
06-05 18:23:49.379   975 19730 D DlbQdspGefDriver: doCommit() with ACDB device id 10011, sample rate 48000, calibration type 1
06-05 18:23:49.379   975 19730 D DlbQdspGefDriver: doCommit() no parameters are updated to commit
06-05 18:23:49.467  1010  2684 I sensors-hal: ssc_conn_event_cb:489, event[0] sensor:pedometer  Wakeup msg_id=129, ts=180780565558
06-05 18:23:49.629  7058  7058 D DecorView[]: getWindowModeFromSystem  windowmode is 1
06-05 18:23:49.639  7058  7070 I m.facebook.orc: Method exceeds compiler instruction limit: 18704 in long X.0wC.A01(long)
06-05 18:23:49.782  6316  6316 I BatteryInfoReceiver: ACTION_BATTERY_CHANGED
06-05 18:23:49.783  2999  2999 D DynamicService:  ACTION_BATTERY_CHANGED change,USB plug = 2
06-05 18:23:49.783  7552  7931 D ThermalIECHandler: storeDataStyle: thermal_iec_monitor_persistence_data_style_iec_state; startIECTime: -1; IECScreenOffOverPeriodTime: -1
06-05 18:23:49.784  7552  7645 D PowerKeeper.Thermal: mBatteryTemperature: 42
06-05 18:23:49.785  7552  7857 D PowerCheckerService: onBatteryChanged, mBatteryLevel = 56, status = 2, level = 56, plug = 2, scale = 100
06-05 18:23:49.789  2992  2992 V DeviceStatisticsService: chargerType=2 batteryLevel=56 totalBatteryCapacity=4247700
06-05 18:23:49.789  2992  2992 D DeviceInfoHidlClient: isRadioOn()=true
06-05 18:23:49.789  2992  2992 I DeviceInfoHidlClient: isPowerInfoNeverSent=false batteryLevel=56 batteryLevelIndex=2 chargingMode=2 totalCapacity=4247700 powerSaveMode=false
06-05 18:23:49.836  1645  2234 D BufferPoolAccessor2.0: evictor expired: 1, evicted: 0
06-05 18:23:49.966  1010  2684 I sensors-hal: ssc_conn_event_cb:489, event[0] sensor:pedometer  Wakeup msg_id=129, ts=180790165406
06-05 18:23:50.468  1010  2684 I sensors-hal: ssc_conn_event_cb:489, event[0] sensor:pedometer  Wakeup msg_id=129, ts=180799765731
06-05 18:23:50.535  7552  7552 W PowerCheckerSer: type=1400 audit(0.0:5844): avc: denied { read } for name="stats" dev="sysfs" ino=64284 scontext=u:r:system_app:s0 tcontext=u:object_r:sysfs_ro:s0 tclass=file permissive=0
06-05 18:23:50.967  1010  2684 I sensors-hal: ssc_conn_event_cb:489, event[0] sensor:pedometer  Wakeup msg_id=129, ts=180809365226
06-05 18:23:50.967  1757  8979 D CCodecBufferChannel: [c2.android.vorbis.decoder#60] buffers after EOS ignored (0 us)
06-05 18:23:50.968  1757  8979 D CCodecBufferChannel: [c2.android.vorbis.decoder#60] buffers after EOS ignored (0 us)
06-05 18:23:50.970  1757  8977 D AudioTrack: stop(sessionID=5065)
06-05 18:23:50.970  1757  8977 D AudioTrack: stop(400): prior state:STATE_ACTIVE
06-05 18:23:50.970  1757  8977 D AudioTrack: stop(400): called with 96000 frames delivered
06-05 18:23:50.970  1103  6927 D AF::Track: setFadeType1 type = 2 mFadeType = 0 isFadeNeeded = 0
06-05 18:23:50.971  1103  6927 E audioserver: open /proc/1757/cmdline error
06-05 18:23:50.971  1103  6927 I audioserver: setAppName(), name=[], active=[0]
06-05 18:23:50.971   975 19730 V EffectMiSound: MiSound_command() start, cmdCode=24
06-05 18:23:50.971   975 19730 V EffectMiSound: MiSound_Command EFFECT_CMD_SET_APP_NAME: stream=1, name=-
06-05 18:23:51.417  1757  8977 D AudioTrack:  pause(sessionID=5065)
06-05 18:23:51.418  1757  8977 D AudioTrack: pause(400): prior state:STATE_STOPPED
06-05 18:23:51.420  1757  6932 D NuPlayerDriver: reset(0xef6e1f20) at state 6
06-05 18:23:51.421  7552  7652 I a       : uid:10375change to inactive
06-05 18:23:51.423  1757  8977 D AudioTrack:  pause(sessionID=5065)
06-05 18:23:51.424  1757  8977 D AudioTrack: pause(400): prior state:STATE_STOPPED
06-05 18:23:51.427  1103  2311 D AudioFlinger: updateWakeLockUids_l AudioOut_D uids:
06-05 18:23:51.428  1103  1596 D APM_AudioPolicyManager: stopOutput portId 400
06-05 18:23:51.428  1103  1596 D APM_AudioPolicyManager: stopOutput() output 13, stream 1, session 5065
06-05 18:23:51.428  1103  1596 D APM_AudioPolicyManager: getNewOutputDevices selected devices AUDIO_DEVICE_NONE
06-05 18:23:51.428  1103  1596 D APM_AudioPolicyManager: setOutputDevices device AUDIO_DEVICE_NONE delayMs 96 force 0
06-05 18:23:51.428  1103  1596 D APM_AudioPolicyManager: setOutputDevices() prevDevice {type:0x2,@:}
06-05 18:23:51.430  1103  1596 D APM::AudioPolicyEngine: getDevicesForStrategyInt: STRATEGY_SONIFICATION_RESPECTFUL :Use STRATEGY_SONIFICATION to getDevice
06-05 18:23:51.433  1757  8977 D AudioTrack: stop(sessionID=5065)
06-05 18:23:51.433  1757  8977 D AudioTrack: stop(400): prior state:STATE_FLUSHED
06-05 18:23:51.437  1757  8979 I hw-BpHwBinder: onLastStrongRef automatically unlinking death recipients
06-05 18:23:51.437  1645 20591 I hw-BpHwBinder: onLastStrongRef automatically unlinking death recipients
06-05 18:23:51.439  1645 20591 V C2Store : in ~ComponentModule
06-05 18:23:51.439  1645 20591 V C2Store : unloading dll
06-05 18:23:51.441  1757  8977 D AudioTrack: ~AudioTrack(sessionID=5065)
06-05 18:23:51.441  1757  8977 D AudioTrack: stop(sessionID=5065)
06-05 18:23:51.441  1757  8977 D AudioTrack: stop(400): prior state:STATE_FLUSHED
06-05 18:23:51.442  1757  8974 D NuPlayerDriver: notifyResetComplete(0xef6e1f20)
06-05 18:23:51.443  1757  6839 D NuPlayerDriver: reset(0xef6e1f20) at state 0
06-05 18:23:51.443  1757  6839 W AMessage: failed to post message as target looper for handler 0 is gone.
06-05 18:23:51.443  7058  7058 V MediaPlayer: resetDrmState:  mDrmInfo=null mDrmProvisioningThread=null mPrepareDrmInProgress=false mActiveDrmScheme=false
06-05 18:23:51.443  7058  7058 V MediaPlayer: cleanDrmObj: mDrmObj=null mDrmSessionId=null
06-05 18:23:51.444  7058  7058 V MediaPlayer: resetDrmState:  mDrmInfo=null mDrmProvisioningThread=null mPrepareDrmInProgress=false mActiveDrmScheme=false
06-05 18:23:51.444  7058  7058 V MediaPlayer: cleanDrmObj: mDrmObj=null mDrmSessionId=null
06-05 18:23:51.447   975 19730 D audio_hw_primary: out_set_parameters: enter: usecase(1: low-latency-playback) kvpairs: appname=-com.facebook.orca
06-05 18:23:51.447   975 19730 D audio_hw_extn: audio_extn_fm_set_parameters: Enter
06-05 18:23:51.447   975 19730 D audio_hw_hfp: hfp_set_parameters: enter
06-05 18:23:51.447   975 19730 V a2dp_offload: end of a2dp setparam
